07-07-2026 10:33 Waiting for J0534+2200 observation...
07-07-2026 10:38 Observation started...
07-07-2026 10:38 Pulsar: J0534+2200 , parfile: /home/dsp/parfiles/J0534+2200.par , DM: 56.6537
07-07-2026 10:38 Trigger sent to obs. PC [VELA].
07-07-2026 11:13 Acquired 80.
07-07-2026 11:13 ACQ over.
07-07-2026 11:13 Removing Trigger file from remote machine 
07-07-2026 11:13 Observation stoped.
-rw------- 1 dsp dsp 2.0G Jul  7 10:34 /data/TRANSIENT_BUFFER/PDR_GULP_data001.pcap_07_07_2026_10_34_1783400686.PCAP_PDR
-rw------- 1 dsp dsp 2.0G Jul  7 10:35 /data/TRANSIENT_BUFFER/PDR_GULP_data002.pcap_07_07_2026_10_35_1783400715.PCAP_PDR
-rw------- 1 dsp dsp 2.0G Jul  7 10:35 /data/TRANSIENT_BUFFER/PDR_GULP_data000.pcap_07_07_2026_10_35_1783400744.PCAP_PDR
-rw------- 1 dsp dsp 2.0G Jul  7 10:36 /data/TRANSIENT_BUFFER/PDR_GULP_data001.pcap_07_07_2026_10_36_1783400774.PCAP_PDR
-rw------- 1 dsp dsp 2.0G Jul  7 10:36 /data/TRANSIENT_BUFFER/PDR_GULP_data002.pcap_07_07_2026_10_36_1783400803.PCAP_PDR
-rw------- 1 dsp dsp 2.0G Jul  7 10:37 /data/TRANSIENT_BUFFER/PDR_GULP_data000.pcap_07_07_2026_10_37_1783400832.PCAP_PDR
-rw------- 1 dsp dsp 2.0G Jul  7 10:37 /data/TRANSIENT_BUFFER/PDR_GULP_data001.pcap_07_07_2026_10_37_1783400861.PCAP_PDR
-rw------- 1 dsp dsp 2.0G Jul  7 10:38 /data/TRANSIENT_BUFFER/PDR_GULP_data002.pcap_07_07_2026_10_38_1783400890.PCAP_PDR
-rw------- 1 dsp dsp 2.0G Jul  7 10:38 /data/TRANSIENT_BUFFER/PDR_GULP_data000.pcap_07_07_2026_10_38_1783400920.PCAP_PDR
-rw------- 1 dsp dsp 2.0G Jul  7 10:39 /data/TRANSIENT_BUFFER/PDR_GULP_data001.pcap_07_07_2026_10_39_1783400949.PCAP_PDR
-rw------- 1 dsp dsp 2.0G Jul  7 10:39 /data/TRANSIENT_BUFFER/PDR_GULP_data002.pcap_07_07_2026_10_39_1783400978.PCAP_PDR
-rw------- 1 dsp dsp 2.0G Jul  7 10:40 /data/TRANSIENT_BUFFER/PDR_GULP_data000.pcap_07_07_2026_10_40_1783401007.PCAP_PDR
-rw------- 1 dsp dsp 2.0G Jul  7 10:40 /data/TRANSIENT_BUFFER/PDR_GULP_data001.pcap_07_07_2026_10_40_1783401036.PCAP_PDR
-rw------- 1 dsp dsp 2.0G Jul  7 10:41 /data/TRANSIENT_BUFFER/PDR_GULP_data002.pcap_07_07_2026_10_41_1783401066.PCAP_PDR
-rw------- 1 dsp dsp 2.0G Jul  7 10:41 /data/TRANSIENT_BUFFER/PDR_GULP_data000.pcap_07_07_2026_10_41_1783401095.PCAP_PDR
-rw------- 1 dsp dsp 2.0G Jul  7 10:42 /data/TRANSIENT_BUFFER/PDR_GULP_data001.pcap_07_07_2026_10_42_1783401124.PCAP_PDR
-rw------- 1 dsp dsp 2.0G Jul  7 10:42 /data/TRANSIENT_BUFFER/PDR_GULP_data002.pcap_07_07_2026_10_42_1783401153.PCAP_PDR
-rw------- 1 dsp dsp 2.0G Jul  7 10:42 /data/TRANSIENT_BUFFER/PDR_GULP_data000.pcap_07_07_2026_10_43_1783401182.PCAP_PDR
-rw------- 1 dsp dsp 2.0G Jul  7 10:43 /data/TRANSIENT_BUFFER/PDR_GULP_data001.pcap_07_07_2026_10_43_1783401212.PCAP_PDR
-rw------- 1 dsp dsp 2.0G Jul  7 10:43 /data/TRANSIENT_BUFFER/PDR_GULP_data002.pcap_07_07_2026_10_44_1783401241.PCAP_PDR
-rw------- 1 dsp dsp 2.0G Jul  7 10:44 /data/TRANSIENT_BUFFER/PDR_GULP_data000.pcap_07_07_2026_10_44_1783401270.PCAP_PDR
-rw------- 1 dsp dsp 2.0G Jul  7 10:44 /data/TRANSIENT_BUFFER/PDR_GULP_data001.pcap_07_07_2026_10_44_1783401299.PCAP_PDR
-rw------- 1 dsp dsp 2.0G Jul  7 10:45 /data/TRANSIENT_BUFFER/PDR_GULP_data002.pcap_07_07_2026_10_45_1783401329.PCAP_PDR
-rw------- 1 dsp dsp 2.0G Jul  7 10:45 /data/TRANSIENT_BUFFER/PDR_GULP_data000.pcap_07_07_2026_10_45_1783401358.PCAP_PDR
-rw------- 1 dsp dsp 2.0G Jul  7 10:46 /data/TRANSIENT_BUFFER/PDR_GULP_data001.pcap_07_07_2026_10_46_1783401387.PCAP_PDR
-rw------- 1 dsp dsp 2.0G Jul  7 10:46 /data/TRANSIENT_BUFFER/PDR_GULP_data002.pcap_07_07_2026_10_46_1783401416.PCAP_PDR
-rw------- 1 dsp dsp 2.0G Jul  7 10:47 /data/TRANSIENT_BUFFER/PDR_GULP_data000.pcap_07_07_2026_10_47_1783401445.PCAP_PDR
-rw------- 1 dsp dsp 2.0G Jul  7 10:47 /data/TRANSIENT_BUFFER/PDR_GULP_data001.pcap_07_07_2026_10_47_1783401475.PCAP_PDR
-rw------- 1 dsp dsp 2.0G Jul  7 10:48 /data/TRANSIENT_BUFFER/PDR_GULP_data002.pcap_07_07_2026_10_48_1783401504.PCAP_PDR
-rw------- 1 dsp dsp 2.0G Jul  7 10:48 /data/TRANSIENT_BUFFER/PDR_GULP_data000.pcap_07_07_2026_10_48_1783401533.PCAP_PDR
-rw------- 1 dsp dsp 2.0G Jul  7 10:49 /data/TRANSIENT_BUFFER/PDR_GULP_data001.pcap_07_07_2026_10_49_1783401562.PCAP_PDR
-rw------- 1 dsp dsp 2.0G Jul  7 10:49 /data/TRANSIENT_BUFFER/PDR_GULP_data002.pcap_07_07_2026_10_49_1783401591.PCAP_PDR
-rw------- 1 dsp dsp 2.0G Jul  7 10:50 /data/TRANSIENT_BUFFER/PDR_GULP_data000.pcap_07_07_2026_10_50_1783401621.PCAP_PDR
-rw------- 1 dsp dsp 2.0G Jul  7 10:50 /data/TRANSIENT_BUFFER/PDR_GULP_data001.pcap_07_07_2026_10_50_1783401650.PCAP_PDR
-rw------- 1 dsp dsp 2.0G Jul  7 10:51 /data/TRANSIENT_BUFFER/PDR_GULP_data002.pcap_07_07_2026_10_51_1783401679.PCAP_PDR
-rw------- 1 dsp dsp 2.0G Jul  7 10:51 /data/TRANSIENT_BUFFER/PDR_GULP_data000.pcap_07_07_2026_10_51_1783401708.PCAP_PDR
-rw------- 1 dsp dsp 2.0G Jul  7 10:52 /data/TRANSIENT_BUFFER/PDR_GULP_data001.pcap_07_07_2026_10_52_1783401737.PCAP_PDR
-rw------- 1 dsp dsp 2.0G Jul  7 10:52 /data/TRANSIENT_BUFFER/PDR_GULP_data002.pcap_07_07_2026_10_52_1783401767.PCAP_PDR
-rw------- 1 dsp dsp 2.0G Jul  7 10:53 /data/TRANSIENT_BUFFER/PDR_GULP_data000.pcap_07_07_2026_10_53_1783401796.PCAP_PDR
-rw------- 1 dsp dsp 2.0G Jul  7 10:53 /data/TRANSIENT_BUFFER/PDR_GULP_data001.pcap_07_07_2026_10_53_1783401825.PCAP_PDR
-rw------- 1 dsp dsp 2.0G Jul  7 10:54 /data/TRANSIENT_BUFFER/PDR_GULP_data002.pcap_07_07_2026_10_54_1783401854.PCAP_PDR
-rw------- 1 dsp dsp 2.0G Jul  7 10:54 /data/TRANSIENT_BUFFER/PDR_GULP_data000.pcap_07_07_2026_10_54_1783401883.PCAP_PDR
-rw------- 1 dsp dsp 2.0G Jul  7 10:55 /data/TRANSIENT_BUFFER/PDR_GULP_data001.pcap_07_07_2026_10_55_1783401913.PCAP_PDR
-rw------- 1 dsp dsp 2.0G Jul  7 10:55 /data/TRANSIENT_BUFFER/PDR_GULP_data002.pcap_07_07_2026_10_55_1783401942.PCAP_PDR
-rw------- 1 dsp dsp 2.0G Jul  7 10:56 /data/TRANSIENT_BUFFER/PDR_GULP_data000.pcap_07_07_2026_10_56_1783401971.PCAP_PDR
-rw------- 1 dsp dsp 2.0G Jul  7 10:56 /data/TRANSIENT_BUFFER/PDR_GULP_data001.pcap_07_07_2026_10_56_1783402000.PCAP_PDR
-rw------- 1 dsp dsp 2.0G Jul  7 10:57 /data/TRANSIENT_BUFFER/PDR_GULP_data002.pcap_07_07_2026_10_57_1783402030.PCAP_PDR
-rw------- 1 dsp dsp 2.0G Jul  7 10:57 /data/TRANSIENT_BUFFER/PDR_GULP_data000.pcap_07_07_2026_10_57_1783402059.PCAP_PDR
-rw------- 1 dsp dsp 2.0G Jul  7 10:58 /data/TRANSIENT_BUFFER/PDR_GULP_data001.pcap_07_07_2026_10_58_1783402088.PCAP_PDR
-rw------- 1 dsp dsp 2.0G Jul  7 10:58 /data/TRANSIENT_BUFFER/PDR_GULP_data002.pcap_07_07_2026_10_58_1783402117.PCAP_PDR
-rw------- 1 dsp dsp 2.0G Jul  7 10:59 /data/TRANSIENT_BUFFER/PDR_GULP_data000.pcap_07_07_2026_10_59_1783402146.PCAP_PDR
-rw------- 1 dsp dsp 2.0G Jul  7 10:59 /data/TRANSIENT_BUFFER/PDR_GULP_data001.pcap_07_07_2026_10_59_1783402176.PCAP_PDR
-rw------- 1 dsp dsp 2.0G Jul  7 11:00 /data/TRANSIENT_BUFFER/PDR_GULP_data002.pcap_07_07_2026_11_00_1783402205.PCAP_PDR
-rw------- 1 dsp dsp 2.0G Jul  7 11:00 /data/TRANSIENT_BUFFER/PDR_GULP_data000.pcap_07_07_2026_11_00_1783402234.PCAP_PDR
-rw------- 1 dsp dsp 2.0G Jul  7 11:01 /data/TRANSIENT_BUFFER/PDR_GULP_data001.pcap_07_07_2026_11_01_1783402263.PCAP_PDR
-rw------- 1 dsp dsp 2.0G Jul  7 11:01 /data/TRANSIENT_BUFFER/PDR_GULP_data002.pcap_07_07_2026_11_01_1783402292.PCAP_PDR
-rw------- 1 dsp dsp 2.0G Jul  7 11:01 /data/TRANSIENT_BUFFER/PDR_GULP_data000.pcap_07_07_2026_11_02_1783402322.PCAP_PDR
-rw------- 1 dsp dsp 2.0G Jul  7 11:02 /data/TRANSIENT_BUFFER/PDR_GULP_data001.pcap_07_07_2026_11_02_1783402351.PCAP_PDR
-rw------- 1 dsp dsp 2.0G Jul  7 11:02 /data/TRANSIENT_BUFFER/PDR_GULP_data002.pcap_07_07_2026_11_03_1783402380.PCAP_PDR
-rw------- 1 dsp dsp 2.0G Jul  7 11:03 /data/TRANSIENT_BUFFER/PDR_GULP_data000.pcap_07_07_2026_11_03_1783402409.PCAP_PDR
-rw------- 1 dsp dsp 2.0G Jul  7 11:03 /data/TRANSIENT_BUFFER/PDR_GULP_data001.pcap_07_07_2026_11_03_1783402438.PCAP_PDR
-rw------- 1 dsp dsp 2.0G Jul  7 11:04 /data/TRANSIENT_BUFFER/PDR_GULP_data002.pcap_07_07_2026_11_04_1783402468.PCAP_PDR
-rw------- 1 dsp dsp 2.0G Jul  7 11:04 /data/TRANSIENT_BUFFER/PDR_GULP_data000.pcap_07_07_2026_11_04_1783402497.PCAP_PDR
-rw------- 1 dsp dsp 2.0G Jul  7 11:05 /data/TRANSIENT_BUFFER/PDR_GULP_data001.pcap_07_07_2026_11_05_1783402526.PCAP_PDR
-rw------- 1 dsp dsp 2.0G Jul  7 11:05 /data/TRANSIENT_BUFFER/PDR_GULP_data002.pcap_07_07_2026_11_05_1783402555.PCAP_PDR
-rw------- 1 dsp dsp 2.0G Jul  7 11:06 /data/TRANSIENT_BUFFER/PDR_GULP_data000.pcap_07_07_2026_11_06_1783402584.PCAP_PDR
-rw------- 1 dsp dsp 2.0G Jul  7 11:06 /data/TRANSIENT_BUFFER/PDR_GULP_data001.pcap_07_07_2026_11_06_1783402614.PCAP_PDR
-rw------- 1 dsp dsp 2.0G Jul  7 11:07 /data/TRANSIENT_BUFFER/PDR_GULP_data002.pcap_07_07_2026_11_07_1783402643.PCAP_PDR
-rw------- 1 dsp dsp 2.0G Jul  7 11:07 /data/TRANSIENT_BUFFER/PDR_GULP_data000.pcap_07_07_2026_11_07_1783402672.PCAP_PDR
-rw------- 1 dsp dsp 2.0G Jul  7 11:08 /data/TRANSIENT_BUFFER/PDR_GULP_data001.pcap_07_07_2026_11_08_1783402701.PCAP_PDR
-rw------- 1 dsp dsp 2.0G Jul  7 11:08 /data/TRANSIENT_BUFFER/PDR_GULP_data002.pcap_07_07_2026_11_08_1783402731.PCAP_PDR
-rw------- 1 dsp dsp 2.0G Jul  7 11:09 /data/TRANSIENT_BUFFER/PDR_GULP_data000.pcap_07_07_2026_11_09_1783402760.PCAP_PDR
-rw------- 1 dsp dsp 2.0G Jul  7 11:09 /data/TRANSIENT_BUFFER/PDR_GULP_data001.pcap_07_07_2026_11_09_1783402789.PCAP_PDR
-rw------- 1 dsp dsp 2.0G Jul  7 11:10 /data/TRANSIENT_BUFFER/PDR_GULP_data002.pcap_07_07_2026_11_10_1783402818.PCAP_PDR
-rw------- 1 dsp dsp 2.0G Jul  7 11:10 /data/TRANSIENT_BUFFER/PDR_GULP_data000.pcap_07_07_2026_11_10_1783402847.PCAP_PDR
-rw------- 1 dsp dsp 2.0G Jul  7 11:11 /data/TRANSIENT_BUFFER/PDR_GULP_data001.pcap_07_07_2026_11_11_1783402877.PCAP_PDR
-rw------- 1 dsp dsp 2.0G Jul  7 11:11 /data/TRANSIENT_BUFFER/PDR_GULP_data002.pcap_07_07_2026_11_11_1783402906.PCAP_PDR
-rw------- 1 dsp dsp 2.0G Jul  7 11:12 /data/TRANSIENT_BUFFER/PDR_GULP_data000.pcap_07_07_2026_11_12_1783402935.PCAP_PDR
-rw------- 1 dsp dsp 2.0G Jul  7 11:12 /data/TRANSIENT_BUFFER/PDR_GULP_data001.pcap_07_07_2026_11_12_1783402964.PCAP_PDR
-rw------- 1 dsp dsp 2.0G Jul  7 11:13 /data/TRANSIENT_BUFFER/PDR_GULP_data002.pcap_07_07_2026_11_13_1783402993.PCAP_PDR
07-07-2026 11:13 RAW PCAP data moved from Transient Buffer.
07-07-2026 11:13 SLIP check Started ...
07-07-2026 11:13 - WARNING - Data Directory: /data/dsp/GBD_TRANSIENT_BUFFER/J0534+2200/07_07_2026
07-07-2026 11:13 - WARNING - Number of Files: 80
07-07-2026 11:13 - WARNING - No packet loss: /data/dsp/GBD_TRANSIENT_BUFFER/J0534+2200/07_07_2026/PDR_GULP_data001.pcap_07_07_2026_10_34_1783400686.PCAP_PDR
07-07-2026 11:13 - WARNING - first_pkt_count, first_gps_count, first_pkt_Tstamp
07-07-2026 11:13 - WARNING - 3922612647 32761 2026-07-07T05:04:14.246089
07-07-2026 11:13 - WARNING - last_pkt_count, last_gps_count, last_pkt_Tstamp
07-07-2026 11:13 - WARNING - 3924495188 32790 2026-07-07T05:04:43.453781
07-07-2026 11:13 - WARNING - diff_pkt_count  , diff_gps_count ,  diff_pkt_timstamp
07-07-2026 11:13 - WARNING - 1882541 29 29207692 microseconds
07-07-2026 11:13 - WARNING - No packet loss: /data/dsp/GBD_TRANSIENT_BUFFER/J0534+2200/07_07_2026/PDR_GULP_data002.pcap_07_07_2026_10_35_1783400715.PCAP_PDR
07-07-2026 11:13 - WARNING - first_pkt_count, first_gps_count, first_pkt_Tstamp
07-07-2026 11:13 - WARNING - 3924495189 32790 2026-07-07T05:04:43.453781
07-07-2026 11:13 - WARNING - last_pkt_count, last_gps_count, last_pkt_Tstamp
07-07-2026 11:13 - WARNING - 3926377730 32819 2026-07-07T05:05:12.661478
07-07-2026 11:13 - WARNING - diff_pkt_count  , diff_gps_count ,  diff_pkt_timstamp
07-07-2026 11:13 - WARNING - 1882541 29 29207697 microseconds
07-07-2026 11:13 - WARNING - No packet loss: /data/dsp/GBD_TRANSIENT_BUFFER/J0534+2200/07_07_2026/PDR_GULP_data000.pcap_07_07_2026_10_35_1783400744.PCAP_PDR
07-07-2026 11:13 - WARNING - first_pkt_count, first_gps_count, first_pkt_Tstamp
07-07-2026 11:13 - WARNING - 3926377731 32819 2026-07-07T05:05:12.661479
07-07-2026 11:13 - WARNING - last_pkt_count, last_gps_count, last_pkt_Tstamp
07-07-2026 11:13 - WARNING - 3928260272 32848 2026-07-07T05:05:41.869194
07-07-2026 11:13 - WARNING - diff_pkt_count  , diff_gps_count ,  diff_pkt_timstamp
07-07-2026 11:13 - WARNING - 1882541 29 29207715 microseconds
07-07-2026 11:13 - WARNING - No packet loss: /data/dsp/GBD_TRANSIENT_BUFFER/J0534+2200/07_07_2026/PDR_GULP_data001.pcap_07_07_2026_10_36_1783400774.PCAP_PDR
07-07-2026 11:13 - WARNING - first_pkt_count, first_gps_count, first_pkt_Tstamp
07-07-2026 11:13 - WARNING - 3928260273 32848 2026-07-07T05:05:41.869195
07-07-2026 11:13 - WARNING - last_pkt_count, last_gps_count, last_pkt_Tstamp
07-07-2026 11:13 - WARNING - 3930142814 32878 2026-07-07T05:06:11.076904
07-07-2026 11:13 - WARNING - diff_pkt_count  , diff_gps_count ,  diff_pkt_timstamp
07-07-2026 11:13 - WARNING - 1882541 30 29207709 microseconds
07-07-2026 11:13 - WARNING - No packet loss: /data/dsp/GBD_TRANSIENT_BUFFER/J0534+2200/07_07_2026/PDR_GULP_data002.pcap_07_07_2026_10_36_1783400803.PCAP_PDR
07-07-2026 11:13 - WARNING - first_pkt_count, first_gps_count, first_pkt_Tstamp
07-07-2026 11:13 - WARNING - 3930142815 32878 2026-07-07T05:06:11.076986
07-07-2026 11:13 - WARNING - last_pkt_count, last_gps_count, last_pkt_Tstamp
07-07-2026 11:13 - WARNING - 3932025356 32907 2026-07-07T05:06:40.284609
07-07-2026 11:13 - WARNING - diff_pkt_count  , diff_gps_count ,  diff_pkt_timstamp
07-07-2026 11:13 - WARNING - 1882541 29 29207623 microseconds
07-07-2026 11:13 - WARNING - No packet loss: /data/dsp/GBD_TRANSIENT_BUFFER/J0534+2200/07_07_2026/PDR_GULP_data000.pcap_07_07_2026_10_37_1783400832.PCAP_PDR
07-07-2026 11:13 - WARNING - first_pkt_count, first_gps_count, first_pkt_Tstamp
07-07-2026 11:13 - WARNING - 3932025357 32907 2026-07-07T05:06:40.284609
07-07-2026 11:13 - WARNING - last_pkt_count, last_gps_count, last_pkt_Tstamp
07-07-2026 11:13 - WARNING - 3933907899 32936 2026-07-07T05:07:09.492407
07-07-2026 11:13 - WARNING - diff_pkt_count  , diff_gps_count ,  diff_pkt_timstamp
07-07-2026 11:13 - WARNING - 1882542 29 29207798 microseconds
07-07-2026 11:13 - WARNING - No packet loss: /data/dsp/GBD_TRANSIENT_BUFFER/J0534+2200/07_07_2026/PDR_GULP_data001.pcap_07_07_2026_10_37_1783400861.PCAP_PDR
07-07-2026 11:13 - WARNING - first_pkt_count, first_gps_count, first_pkt_Tstamp
07-07-2026 11:13 - WARNING - 3933907900 32936 2026-07-07T05:07:09.492408
07-07-2026 11:13 - WARNING - last_pkt_count, last_gps_count, last_pkt_Tstamp
07-07-2026 11:13 - WARNING - 3935790441 32965 2026-07-07T05:07:38.700154
07-07-2026 11:13 - WARNING - diff_pkt_count  , diff_gps_count ,  diff_pkt_timstamp
07-07-2026 11:13 - WARNING - 1882541 29 29207746 microseconds
07-07-2026 11:13 - WARNING - No packet loss: /data/dsp/GBD_TRANSIENT_BUFFER/J0534+2200/07_07_2026/PDR_GULP_data002.pcap_07_07_2026_10_38_1783400890.PCAP_PDR
07-07-2026 11:13 - WARNING - first_pkt_count, first_gps_count, first_pkt_Tstamp
07-07-2026 11:13 - WARNING - 3935790442 32965 2026-07-07T05:07:38.700155
07-07-2026 11:13 - WARNING - last_pkt_count, last_gps_count, last_pkt_Tstamp
07-07-2026 11:13 - WARNING - 3937672983 32994 2026-07-07T05:08:07.908025
07-07-2026 11:13 - WARNING - diff_pkt_count  , diff_gps_count ,  diff_pkt_timstamp
07-07-2026 11:13 - WARNING - 1882541 29 29207870 microseconds
07-07-2026 11:13 - WARNING - No packet loss: /data/dsp/GBD_TRANSIENT_BUFFER/J0534+2200/07_07_2026/PDR_GULP_data000.pcap_07_07_2026_10_38_1783400920.PCAP_PDR
07-07-2026 11:13 - WARNING - first_pkt_count, first_gps_count, first_pkt_Tstamp
07-07-2026 11:13 - WARNING - 3937672984 32994 2026-07-07T05:08:07.908026
07-07-2026 11:13 - WARNING - last_pkt_count, last_gps_count, last_pkt_Tstamp
07-07-2026 11:13 - WARNING - 3939555525 33024 2026-07-07T05:08:37.115692
07-07-2026 11:13 - WARNING - diff_pkt_count  , diff_gps_count ,  diff_pkt_timstamp
07-07-2026 11:13 - WARNING - 1882541 30 29207666 microseconds
07-07-2026 11:13 - WARNING - No packet loss: /data/dsp/GBD_TRANSIENT_BUFFER/J0534+2200/07_07_2026/PDR_GULP_data001.pcap_07_07_2026_10_39_1783400949.PCAP_PDR
07-07-2026 11:13 - WARNING - first_pkt_count, first_gps_count, first_pkt_Tstamp
07-07-2026 11:13 - WARNING - 3939555526 33024 2026-07-07T05:08:37.115692
07-07-2026 11:13 - WARNING - last_pkt_count, last_gps_count, last_pkt_Tstamp
07-07-2026 11:13 - WARNING - 3941438067 33053 2026-07-07T05:09:06.323430
07-07-2026 11:13 - WARNING - diff_pkt_count  , diff_gps_count ,  diff_pkt_timstamp
07-07-2026 11:13 - WARNING - 1882541 29 29207738 microseconds
07-07-2026 11:13 - WARNING - No packet loss: /data/dsp/GBD_TRANSIENT_BUFFER/J0534+2200/07_07_2026/PDR_GULP_data002.pcap_07_07_2026_10_39_1783400978.PCAP_PDR
07-07-2026 11:13 - WARNING - first_pkt_count, first_gps_count, first_pkt_Tstamp
07-07-2026 11:13 - WARNING - 3941438068 33053 2026-07-07T05:09:06.323482
07-07-2026 11:13 - WARNING - last_pkt_count, last_gps_count, last_pkt_Tstamp
07-07-2026 11:13 - WARNING - 3943320609 33082 2026-07-07T05:09:35.531240
07-07-2026 11:13 - WARNING - diff_pkt_count  , diff_gps_count ,  diff_pkt_timstamp
07-07-2026 11:13 - WARNING - 1882541 29 29207758 microseconds
07-07-2026 11:13 - WARNING - No packet loss: /data/dsp/GBD_TRANSIENT_BUFFER/J0534+2200/07_07_2026/PDR_GULP_data000.pcap_07_07_2026_10_40_1783401007.PCAP_PDR
07-07-2026 11:13 - WARNING - first_pkt_count, first_gps_count, first_pkt_Tstamp
07-07-2026 11:13 - WARNING - 3943320610 33082 2026-07-07T05:09:35.531240
07-07-2026 11:13 - WARNING - last_pkt_count, last_gps_count, last_pkt_Tstamp
07-07-2026 11:13 - WARNING - 3945203152 33111 2026-07-07T05:10:04.739006
07-07-2026 11:13 - WARNING - diff_pkt_count  , diff_gps_count ,  diff_pkt_timstamp
07-07-2026 11:13 - WARNING - 1882542 29 29207766 microseconds
07-07-2026 11:13 - WARNING - No packet loss: /data/dsp/GBD_TRANSIENT_BUFFER/J0534+2200/07_07_2026/PDR_GULP_data001.pcap_07_07_2026_10_40_1783401036.PCAP_PDR
07-07-2026 11:13 - WARNING - first_pkt_count, first_gps_count, first_pkt_Tstamp
07-07-2026 11:13 - WARNING - 3945203153 33111 2026-07-07T05:10:04.739060
07-07-2026 11:13 - WARNING - last_pkt_count, last_gps_count, last_pkt_Tstamp
07-07-2026 11:13 - WARNING - 3947085694 33140 2026-07-07T05:10:33.946840
07-07-2026 11:13 - WARNING - diff_pkt_count  , diff_gps_count ,  diff_pkt_timstamp
07-07-2026 11:13 - WARNING - 1882541 29 29207780 microseconds
07-07-2026 11:13 - WARNING - No packet loss: /data/dsp/GBD_TRANSIENT_BUFFER/J0534+2200/07_07_2026/PDR_GULP_data002.pcap_07_07_2026_10_41_1783401066.PCAP_PDR
07-07-2026 11:13 - WARNING - first_pkt_count, first_gps_count, first_pkt_Tstamp
07-07-2026 11:13 - WARNING - 3947085695 33140 2026-07-07T05:10:33.946840
07-07-2026 11:13 - WARNING - last_pkt_count, last_gps_count, last_pkt_Tstamp
07-07-2026 11:13 - WARNING - 3948968236 33170 2026-07-07T05:11:03.154622
07-07-2026 11:13 - WARNING - diff_pkt_count  , diff_gps_count ,  diff_pkt_timstamp
07-07-2026 11:13 - WARNING - 1882541 30 29207782 microseconds
07-07-2026 11:13 - WARNING - No packet loss: /data/dsp/GBD_TRANSIENT_BUFFER/J0534+2200/07_07_2026/PDR_GULP_data000.pcap_07_07_2026_10_41_1783401095.PCAP_PDR
07-07-2026 11:13 - WARNING - first_pkt_count, first_gps_count, first_pkt_Tstamp
07-07-2026 11:13 - WARNING - 3948968237 33170 2026-07-07T05:11:03.154623
07-07-2026 11:13 - WARNING - last_pkt_count, last_gps_count, last_pkt_Tstamp
07-07-2026 11:13 - WARNING - 3950850778 33199 2026-07-07T05:11:32.362402
07-07-2026 11:13 - WARNING - diff_pkt_count  , diff_gps_count ,  diff_pkt_timstamp
07-07-2026 11:13 - WARNING - 1882541 29 29207779 microseconds
07-07-2026 11:13 - WARNING - No packet loss: /data/dsp/GBD_TRANSIENT_BUFFER/J0534+2200/07_07_2026/PDR_GULP_data001.pcap_07_07_2026_10_42_1783401124.PCAP_PDR
07-07-2026 11:13 - WARNING - first_pkt_count, first_gps_count, first_pkt_Tstamp
07-07-2026 11:13 - WARNING - 3950850779 33199 2026-07-07T05:11:32.362453
07-07-2026 11:13 - WARNING - last_pkt_count, last_gps_count, last_pkt_Tstamp
07-07-2026 11:13 - WARNING - 3952733320 33228 2026-07-07T05:12:01.570197
07-07-2026 11:13 - WARNING - diff_pkt_count  , diff_gps_count ,  diff_pkt_timstamp
07-07-2026 11:13 - WARNING - 1882541 29 29207744 microseconds
07-07-2026 11:13 - WARNING - No packet loss: /data/dsp/GBD_TRANSIENT_BUFFER/J0534+2200/07_07_2026/PDR_GULP_data002.pcap_07_07_2026_10_42_1783401153.PCAP_PDR
07-07-2026 11:13 - WARNING - first_pkt_count, first_gps_count, first_pkt_Tstamp
07-07-2026 11:13 - WARNING - 3952733321 33228 2026-07-07T05:12:01.570251
07-07-2026 11:13 - WARNING - last_pkt_count, last_gps_count, last_pkt_Tstamp
07-07-2026 11:13 - WARNING - 3954615862 33257 2026-07-07T05:12:30.777998
07-07-2026 11:13 - WARNING - diff_pkt_count  , diff_gps_count ,  diff_pkt_timstamp
07-07-2026 11:13 - WARNING - 1882541 29 29207747 microseconds
07-07-2026 11:13 - WARNING - No packet loss: /data/dsp/GBD_TRANSIENT_BUFFER/J0534+2200/07_07_2026/PDR_GULP_data000.pcap_07_07_2026_10_43_1783401182.PCAP_PDR
07-07-2026 11:13 - WARNING - first_pkt_count, first_gps_count, first_pkt_Tstamp
07-07-2026 11:13 - WARNING - 3954615863 33257 2026-07-07T05:12:30.778051
07-07-2026 11:13 - WARNING - last_pkt_count, last_gps_count, last_pkt_Tstamp
07-07-2026 11:13 - WARNING - 3956498405 33286 2026-07-07T05:12:59.985852
07-07-2026 11:13 - WARNING - diff_pkt_count  , diff_gps_count ,  diff_pkt_timstamp
07-07-2026 11:13 - WARNING - 1882542 29 29207801 microseconds
07-07-2026 11:13 - WARNING - No packet loss: /data/dsp/GBD_TRANSIENT_BUFFER/J0534+2200/07_07_2026/PDR_GULP_data001.pcap_07_07_2026_10_43_1783401212.PCAP_PDR
07-07-2026 11:13 - WARNING - first_pkt_count, first_gps_count, first_pkt_Tstamp
07-07-2026 11:13 - WARNING - 3956498406 33286 2026-07-07T05:12:59.985852
07-07-2026 11:13 - WARNING - last_pkt_count, last_gps_count, last_pkt_Tstamp
07-07-2026 11:13 - WARNING - 3958380947 33316 2026-07-07T05:13:29.193620
07-07-2026 11:13 - WARNING - diff_pkt_count  , diff_gps_count ,  diff_pkt_timstamp
07-07-2026 11:13 - WARNING - 1882541 30 29207768 microseconds
07-07-2026 11:13 - WARNING - No packet loss: /data/dsp/GBD_TRANSIENT_BUFFER/J0534+2200/07_07_2026/PDR_GULP_data002.pcap_07_07_2026_10_44_1783401241.PCAP_PDR
07-07-2026 11:13 - WARNING - first_pkt_count, first_gps_count, first_pkt_Tstamp
07-07-2026 11:13 - WARNING - 3958380948 33316 2026-07-07T05:13:29.193674
07-07-2026 11:13 - WARNING - last_pkt_count, last_gps_count, last_pkt_Tstamp
07-07-2026 11:13 - WARNING - 3960263489 33345 2026-07-07T05:13:58.401471
07-07-2026 11:13 - WARNING - diff_pkt_count  , diff_gps_count ,  diff_pkt_timstamp
07-07-2026 11:13 - WARNING - 1882541 29 29207797 microseconds
07-07-2026 11:13 - WARNING - No packet loss: /data/dsp/GBD_TRANSIENT_BUFFER/J0534+2200/07_07_2026/PDR_GULP_data000.pcap_07_07_2026_10_44_1783401270.PCAP_PDR
07-07-2026 11:13 - WARNING - first_pkt_count, first_gps_count, first_pkt_Tstamp
07-07-2026 11:13 - WARNING - 3960263490 33345 2026-07-07T05:13:58.401471
07-07-2026 11:13 - WARNING - last_pkt_count, last_gps_count, last_pkt_Tstamp
07-07-2026 11:13 - WARNING - 3962146031 33374 2026-07-07T05:14:27.609293
07-07-2026 11:13 - WARNING - diff_pkt_count  , diff_gps_count ,  diff_pkt_timstamp
07-07-2026 11:13 - WARNING - 1882541 29 29207822 microseconds
07-07-2026 11:13 - WARNING - Packet loss: /data/dsp/GBD_TRANSIENT_BUFFER/J0534+2200/07_07_2026/PDR_GULP_data001.pcap_07_07_2026_10_44_1783401299.PCAP_PDR
07-07-2026 11:13 - WARNING - Packet loss found .... Being fixed ... Please wait ...
07-07-2026 11:13 - WARNING - PCAP filtering ... tcpdump -r /data/dsp/GBD_TRANSIENT_BUFFER/J0534+2200/07_07_2026/PDR_GULP_data001.pcap_07_07_2026_10_44_1783401299.PCAP_PDR.pcap -w PDR_GULP_data001.pcap_07_07_2026_10_44_1783401299_filtered.PCAP_PDR.pcap  host 172.10.10.1 and port 55000 
07-07-2026 11:13 - WARNING - Patched /data/dsp/GBD_TRANSIENT_BUFFER/J0534+2200/07_07_2026/PDR_GULP_data001.pcap_07_07_2026_10_44_1783401299.PCAP_PDR as PDR_GULP_data001.pcap_07_07_2026_10_44_1783401299_filtered.PCAP_PDR
07-07-2026 11:13 - WARNING - Gulped file moved to /data/dsp/GBD_TRANSIENT_BUFFER/J0534+2200/07_07_2026/GULPED
07-07-2026 11:13 - WARNING - first_pkt_count, first_gps_count, first_pkt_Tstamp
07-07-2026 11:13 - WARNING - 3962146032 33374 2026-07-07T05:14:27.609294
07-07-2026 11:13 - WARNING - last_pkt_count, last_gps_count, last_pkt_Tstamp
07-07-2026 11:13 - WARNING - 3964028574 33403 2026-07-07T05:14:56.817097
07-07-2026 11:13 - WARNING - diff_pkt_count  , diff_gps_count ,  diff_pkt_timstamp
07-07-2026 11:13 - WARNING - 1882542 29 29207803 microseconds
07-07-2026 11:13 - WARNING - No packet loss: /data/dsp/GBD_TRANSIENT_BUFFER/J0534+2200/07_07_2026/PDR_GULP_data002.pcap_07_07_2026_10_45_1783401329.PCAP_PDR
07-07-2026 11:13 - WARNING - first_pkt_count, first_gps_count, first_pkt_Tstamp
07-07-2026 11:13 - WARNING - 3964028575 33403 2026-07-07T05:14:56.817151
07-07-2026 11:13 - WARNING - last_pkt_count, last_gps_count, last_pkt_Tstamp
07-07-2026 11:13 - WARNING - 3965911117 33433 2026-07-07T05:15:26.024981
07-07-2026 11:13 - WARNING - diff_pkt_count  , diff_gps_count ,  diff_pkt_timstamp
07-07-2026 11:13 - WARNING - 1882542 30 29207830 microseconds
07-07-2026 11:13 - WARNING - No packet loss: /data/dsp/GBD_TRANSIENT_BUFFER/J0534+2200/07_07_2026/PDR_GULP_data000.pcap_07_07_2026_10_45_1783401358.PCAP_PDR
07-07-2026 11:13 - WARNING - first_pkt_count, first_gps_count, first_pkt_Tstamp
07-07-2026 11:13 - WARNING - 3965911118 33433 2026-07-07T05:15:26.024981
07-07-2026 11:13 - WARNING - last_pkt_count, last_gps_count, last_pkt_Tstamp
07-07-2026 11:13 - WARNING - 3967793659 33462 2026-07-07T05:15:55.232758
07-07-2026 11:13 - WARNING - diff_pkt_count  , diff_gps_count ,  diff_pkt_timstamp
07-07-2026 11:13 - WARNING - 1882541 29 29207777 microseconds
07-07-2026 11:13 - WARNING - No packet loss: /data/dsp/GBD_TRANSIENT_BUFFER/J0534+2200/07_07_2026/PDR_GULP_data001.pcap_07_07_2026_10_46_1783401387.PCAP_PDR
07-07-2026 11:13 - WARNING - first_pkt_count, first_gps_count, first_pkt_Tstamp
07-07-2026 11:13 - WARNING - 3967793660 33462 2026-07-07T05:15:55.232810
07-07-2026 11:13 - WARNING - last_pkt_count, last_gps_count, last_pkt_Tstamp
07-07-2026 11:13 - WARNING - 3969676201 33491 2026-07-07T05:16:24.440633
07-07-2026 11:13 - WARNING - diff_pkt_count  , diff_gps_count ,  diff_pkt_timstamp
07-07-2026 11:13 - WARNING - 1882541 29 29207823 microseconds
07-07-2026 11:13 - WARNING - No packet loss: /data/dsp/GBD_TRANSIENT_BUFFER/J0534+2200/07_07_2026/PDR_GULP_data002.pcap_07_07_2026_10_46_1783401416.PCAP_PDR
07-07-2026 11:13 - WARNING - first_pkt_count, first_gps_count, first_pkt_Tstamp
07-07-2026 11:13 - WARNING - 3969676202 33491 2026-07-07T05:16:24.440633
07-07-2026 11:13 - WARNING - last_pkt_count, last_gps_count, last_pkt_Tstamp
07-07-2026 11:13 - WARNING - 3971558743 33520 2026-07-07T05:16:53.648437
07-07-2026 11:13 - WARNING - diff_pkt_count  , diff_gps_count ,  diff_pkt_timstamp
07-07-2026 11:13 - WARNING - 1882541 29 29207804 microseconds
07-07-2026 11:13 - WARNING - No packet loss: /data/dsp/GBD_TRANSIENT_BUFFER/J0534+2200/07_07_2026/PDR_GULP_data000.pcap_07_07_2026_10_47_1783401445.PCAP_PDR
07-07-2026 11:13 - WARNING - first_pkt_count, first_gps_count, first_pkt_Tstamp
07-07-2026 11:13 - WARNING - 3971558744 33520 2026-07-07T05:16:53.648438
07-07-2026 11:13 - WARNING - last_pkt_count, last_gps_count, last_pkt_Tstamp
07-07-2026 11:13 - WARNING - 3973441285 33549 2026-07-07T05:17:22.856279
07-07-2026 11:13 - WARNING - diff_pkt_count  , diff_gps_count ,  diff_pkt_timstamp
07-07-2026 11:13 - WARNING - 1882541 29 29207841 microseconds
07-07-2026 11:13 - WARNING - No packet loss: /data/dsp/GBD_TRANSIENT_BUFFER/J0534+2200/07_07_2026/PDR_GULP_data001.pcap_07_07_2026_10_47_1783401475.PCAP_PDR
07-07-2026 11:13 - WARNING - first_pkt_count, first_gps_count, first_pkt_Tstamp
07-07-2026 11:13 - WARNING - 3973441286 33549 2026-07-07T05:17:22.856373
07-07-2026 11:13 - WARNING - last_pkt_count, last_gps_count, last_pkt_Tstamp
07-07-2026 11:13 - WARNING - 3975323827 33579 2026-07-07T05:17:52.064137
07-07-2026 11:13 - WARNING - diff_pkt_count  , diff_gps_count ,  diff_pkt_timstamp
07-07-2026 11:13 - WARNING - 1882541 30 29207764 microseconds
07-07-2026 11:13 - WARNING - No packet loss: /data/dsp/GBD_TRANSIENT_BUFFER/J0534+2200/07_07_2026/PDR_GULP_data002.pcap_07_07_2026_10_48_1783401504.PCAP_PDR
07-07-2026 11:13 - WARNING - first_pkt_count, first_gps_count, first_pkt_Tstamp
07-07-2026 11:13 - WARNING - 3975323828 33579 2026-07-07T05:17:52.064137
07-07-2026 11:13 - WARNING - last_pkt_count, last_gps_count, last_pkt_Tstamp
07-07-2026 11:13 - WARNING - 3977206370 33608 2026-07-07T05:18:21.272025
07-07-2026 11:13 - WARNING - diff_pkt_count  , diff_gps_count ,  diff_pkt_timstamp
07-07-2026 11:13 - WARNING - 1882542 29 29207888 microseconds
07-07-2026 11:13 - WARNING - No packet loss: /data/dsp/GBD_TRANSIENT_BUFFER/J0534+2200/07_07_2026/PDR_GULP_data000.pcap_07_07_2026_10_48_1783401533.PCAP_PDR
07-07-2026 11:13 - WARNING - first_pkt_count, first_gps_count, first_pkt_Tstamp
07-07-2026 11:13 - WARNING - 3977206371 33608 2026-07-07T05:18:21.272026
07-07-2026 11:13 - WARNING - last_pkt_count, last_gps_count, last_pkt_Tstamp
07-07-2026 11:13 - WARNING - 3979088912 33637 2026-07-07T05:18:50.479818
07-07-2026 11:13 - WARNING - diff_pkt_count  , diff_gps_count ,  diff_pkt_timstamp
07-07-2026 11:13 - WARNING - 1882541 29 29207792 microseconds
07-07-2026 11:13 - WARNING - No packet loss: /data/dsp/GBD_TRANSIENT_BUFFER/J0534+2200/07_07_2026/PDR_GULP_data001.pcap_07_07_2026_10_49_1783401562.PCAP_PDR
07-07-2026 11:13 - WARNING - first_pkt_count, first_gps_count, first_pkt_Tstamp
07-07-2026 11:13 - WARNING - 3979088913 33637 2026-07-07T05:18:50.479871
07-07-2026 11:13 - WARNING - last_pkt_count, last_gps_count, last_pkt_Tstamp
07-07-2026 11:13 - WARNING - 3980971454 33666 2026-07-07T05:19:19.687678
07-07-2026 11:13 - WARNING - diff_pkt_count  , diff_gps_count ,  diff_pkt_timstamp
07-07-2026 11:13 - WARNING - 1882541 29 29207807 microseconds
07-07-2026 11:13 - WARNING - No packet loss: /data/dsp/GBD_TRANSIENT_BUFFER/J0534+2200/07_07_2026/PDR_GULP_data002.pcap_07_07_2026_10_49_1783401591.PCAP_PDR
07-07-2026 11:13 - WARNING - first_pkt_count, first_gps_count, first_pkt_Tstamp
07-07-2026 11:13 - WARNING - 3980971455 33666 2026-07-07T05:19:19.687679
07-07-2026 11:13 - WARNING - last_pkt_count, last_gps_count, last_pkt_Tstamp
07-07-2026 11:13 - WARNING - 3982853996 33695 2026-07-07T05:19:48.895557
07-07-2026 11:13 - WARNING - diff_pkt_count  , diff_gps_count ,  diff_pkt_timstamp
07-07-2026 11:13 - WARNING - 1882541 29 29207878 microseconds
07-07-2026 11:13 - WARNING - No packet loss: /data/dsp/GBD_TRANSIENT_BUFFER/J0534+2200/07_07_2026/PDR_GULP_data000.pcap_07_07_2026_10_50_1783401621.PCAP_PDR
07-07-2026 11:13 - WARNING - first_pkt_count, first_gps_count, first_pkt_Tstamp
07-07-2026 11:13 - WARNING - 3982853997 33695 2026-07-07T05:19:48.895557
07-07-2026 11:13 - WARNING - last_pkt_count, last_gps_count, last_pkt_Tstamp
07-07-2026 11:13 - WARNING - 3984736538 33725 2026-07-07T05:20:18.103407
07-07-2026 11:13 - WARNING - diff_pkt_count  , diff_gps_count ,  diff_pkt_timstamp
07-07-2026 11:13 - WARNING - 1882541 30 29207850 microseconds
07-07-2026 11:13 - WARNING - No packet loss: /data/dsp/GBD_TRANSIENT_BUFFER/J0534+2200/07_07_2026/PDR_GULP_data001.pcap_07_07_2026_10_50_1783401650.PCAP_PDR
07-07-2026 11:13 - WARNING - first_pkt_count, first_gps_count, first_pkt_Tstamp
07-07-2026 11:13 - WARNING - 3984736539 33725 2026-07-07T05:20:18.103407
07-07-2026 11:13 - WARNING - last_pkt_count, last_gps_count, last_pkt_Tstamp
07-07-2026 11:13 - WARNING - 3986619080 33754 2026-07-07T05:20:47.311320
07-07-2026 11:13 - WARNING - diff_pkt_count  , diff_gps_count ,  diff_pkt_timstamp
07-07-2026 11:13 - WARNING - 1882541 29 29207913 microseconds
07-07-2026 11:13 - WARNING - No packet loss: /data/dsp/GBD_TRANSIENT_BUFFER/J0534+2200/07_07_2026/PDR_GULP_data002.pcap_07_07_2026_10_51_1783401679.PCAP_PDR
07-07-2026 11:13 - WARNING - first_pkt_count, first_gps_count, first_pkt_Tstamp
07-07-2026 11:13 - WARNING - 3986619081 33754 2026-07-07T05:20:47.311320
07-07-2026 11:13 - WARNING - last_pkt_count, last_gps_count, last_pkt_Tstamp
07-07-2026 11:13 - WARNING - 3988501623 33783 2026-07-07T05:21:16.519091
07-07-2026 11:13 - WARNING - diff_pkt_count  , diff_gps_count ,  diff_pkt_timstamp
07-07-2026 11:13 - WARNING - 1882542 29 29207771 microseconds
07-07-2026 11:13 - WARNING - No packet loss: /data/dsp/GBD_TRANSIENT_BUFFER/J0534+2200/07_07_2026/PDR_GULP_data000.pcap_07_07_2026_10_51_1783401708.PCAP_PDR
07-07-2026 11:13 - WARNING - first_pkt_count, first_gps_count, first_pkt_Tstamp
07-07-2026 11:13 - WARNING - 3988501624 33783 2026-07-07T05:21:16.519091
07-07-2026 11:13 - WARNING - last_pkt_count, last_gps_count, last_pkt_Tstamp
07-07-2026 11:13 - WARNING - 3990384165 33812 2026-07-07T05:21:45.727030
07-07-2026 11:13 - WARNING - diff_pkt_count  , diff_gps_count ,  diff_pkt_timstamp
07-07-2026 11:13 - WARNING - 1882541 29 29207939 microseconds
07-07-2026 11:13 - WARNING - No packet loss: /data/dsp/GBD_TRANSIENT_BUFFER/J0534+2200/07_07_2026/PDR_GULP_data001.pcap_07_07_2026_10_52_1783401737.PCAP_PDR
07-07-2026 11:13 - WARNING - first_pkt_count, first_gps_count, first_pkt_Tstamp
07-07-2026 11:13 - WARNING - 3990384166 33812 2026-07-07T05:21:45.727030
07-07-2026 11:13 - WARNING - last_pkt_count, last_gps_count, last_pkt_Tstamp
07-07-2026 11:13 - WARNING - 3992266707 33841 2026-07-07T05:22:14.934835
07-07-2026 11:13 - WARNING - diff_pkt_count  , diff_gps_count ,  diff_pkt_timstamp
07-07-2026 11:13 - WARNING - 1882541 29 29207805 microseconds
07-07-2026 11:13 - WARNING - No packet loss: /data/dsp/GBD_TRANSIENT_BUFFER/J0534+2200/07_07_2026/PDR_GULP_data002.pcap_07_07_2026_10_52_1783401767.PCAP_PDR
07-07-2026 11:13 - WARNING - first_pkt_count, first_gps_count, first_pkt_Tstamp
07-07-2026 11:13 - WARNING - 3992266708 33841 2026-07-07T05:22:14.934835
07-07-2026 11:13 - WARNING - last_pkt_count, last_gps_count, last_pkt_Tstamp
07-07-2026 11:13 - WARNING - 3994149249 33871 2026-07-07T05:22:44.142691
07-07-2026 11:13 - WARNING - diff_pkt_count  , diff_gps_count ,  diff_pkt_timstamp
07-07-2026 11:13 - WARNING - 1882541 30 29207856 microseconds
07-07-2026 11:13 - WARNING - No packet loss: /data/dsp/GBD_TRANSIENT_BUFFER/J0534+2200/07_07_2026/PDR_GULP_data000.pcap_07_07_2026_10_53_1783401796.PCAP_PDR
07-07-2026 11:13 - WARNING - first_pkt_count, first_gps_count, first_pkt_Tstamp
07-07-2026 11:13 - WARNING - 3994149250 33871 2026-07-07T05:22:44.142691
07-07-2026 11:13 - WARNING - last_pkt_count, last_gps_count, last_pkt_Tstamp
07-07-2026 11:13 - WARNING - 3996031791 33900 2026-07-07T05:23:13.350542
07-07-2026 11:13 - WARNING - diff_pkt_count  , diff_gps_count ,  diff_pkt_timstamp
07-07-2026 11:13 - WARNING - 1882541 29 29207851 microseconds
07-07-2026 11:13 - WARNING - No packet loss: /data/dsp/GBD_TRANSIENT_BUFFER/J0534+2200/07_07_2026/PDR_GULP_data001.pcap_07_07_2026_10_53_1783401825.PCAP_PDR
07-07-2026 11:13 - WARNING - first_pkt_count, first_gps_count, first_pkt_Tstamp
07-07-2026 11:13 - WARNING - 3996031792 33900 2026-07-07T05:23:13.350542
07-07-2026 11:13 - WARNING - last_pkt_count, last_gps_count, last_pkt_Tstamp
07-07-2026 11:13 - WARNING - 3997914333 33929 2026-07-07T05:23:42.558437
07-07-2026 11:13 - WARNING - diff_pkt_count  , diff_gps_count ,  diff_pkt_timstamp
07-07-2026 11:13 - WARNING - 1882541 29 29207895 microseconds
07-07-2026 11:13 - WARNING - No packet loss: /data/dsp/GBD_TRANSIENT_BUFFER/J0534+2200/07_07_2026/PDR_GULP_data002.pcap_07_07_2026_10_54_1783401854.PCAP_PDR
07-07-2026 11:13 - WARNING - first_pkt_count, first_gps_count, first_pkt_Tstamp
07-07-2026 11:13 - WARNING - 3997914334 33929 2026-07-07T05:23:42.558437
07-07-2026 11:13 - WARNING - last_pkt_count, last_gps_count, last_pkt_Tstamp
07-07-2026 11:13 - WARNING - 3999796876 33958 2026-07-07T05:24:11.766348
07-07-2026 11:13 - WARNING - diff_pkt_count  , diff_gps_count ,  diff_pkt_timstamp
07-07-2026 11:13 - WARNING - 1882542 29 29207911 microseconds
07-07-2026 11:13 - WARNING - No packet loss: /data/dsp/GBD_TRANSIENT_BUFFER/J0534+2200/07_07_2026/PDR_GULP_data000.pcap_07_07_2026_10_54_1783401883.PCAP_PDR
07-07-2026 11:13 - WARNING - first_pkt_count, first_gps_count, first_pkt_Tstamp
07-07-2026 11:13 - WARNING - 3999796877 33958 2026-07-07T05:24:11.766348
07-07-2026 11:13 - WARNING - last_pkt_count, last_gps_count, last_pkt_Tstamp
07-07-2026 11:13 - WARNING - 4001679418 33987 2026-07-07T05:24:40.974142
07-07-2026 11:13 - WARNING - diff_pkt_count  , diff_gps_count ,  diff_pkt_timstamp
07-07-2026 11:13 - WARNING - 1882541 29 29207794 microseconds
07-07-2026 11:13 - WARNING - No packet loss: /data/dsp/GBD_TRANSIENT_BUFFER/J0534+2200/07_07_2026/PDR_GULP_data001.pcap_07_07_2026_10_55_1783401913.PCAP_PDR
07-07-2026 11:13 - WARNING - first_pkt_count, first_gps_count, first_pkt_Tstamp
07-07-2026 11:13 - WARNING - 4001679419 33987 2026-07-07T05:24:40.974230
07-07-2026 11:13 - WARNING - last_pkt_count, last_gps_count, last_pkt_Tstamp
07-07-2026 11:13 - WARNING - 4003561960 34017 2026-07-07T05:25:10.182001
07-07-2026 11:13 - WARNING - diff_pkt_count  , diff_gps_count ,  diff_pkt_timstamp
07-07-2026 11:13 - WARNING - 1882541 30 29207771 microseconds
07-07-2026 11:13 - WARNING - No packet loss: /data/dsp/GBD_TRANSIENT_BUFFER/J0534+2200/07_07_2026/PDR_GULP_data002.pcap_07_07_2026_10_55_1783401942.PCAP_PDR
07-07-2026 11:13 - WARNING - first_pkt_count, first_gps_count, first_pkt_Tstamp
07-07-2026 11:13 - WARNING - 4003561961 34017 2026-07-07T05:25:10.182002
07-07-2026 11:13 - WARNING - last_pkt_count, last_gps_count, last_pkt_Tstamp
07-07-2026 11:13 - WARNING - 4005444502 34046 2026-07-07T05:25:39.389913
07-07-2026 11:13 - WARNING - diff_pkt_count  , diff_gps_count ,  diff_pkt_timstamp
07-07-2026 11:13 - WARNING - 1882541 29 29207911 microseconds
07-07-2026 11:13 - WARNING - No packet loss: /data/dsp/GBD_TRANSIENT_BUFFER/J0534+2200/07_07_2026/PDR_GULP_data000.pcap_07_07_2026_10_56_1783401971.PCAP_PDR
07-07-2026 11:13 - WARNING - first_pkt_count, first_gps_count, first_pkt_Tstamp
07-07-2026 11:13 - WARNING - 4005444503 34046 2026-07-07T05:25:39.389913
07-07-2026 11:13 - WARNING - last_pkt_count, last_gps_count, last_pkt_Tstamp
07-07-2026 11:13 - WARNING - 4007327044 34075 2026-07-07T05:26:08.597763
07-07-2026 11:13 - WARNING - diff_pkt_count  , diff_gps_count ,  diff_pkt_timstamp
07-07-2026 11:13 - WARNING - 1882541 29 29207850 microseconds
07-07-2026 11:13 - WARNING - No packet loss: /data/dsp/GBD_TRANSIENT_BUFFER/J0534+2200/07_07_2026/PDR_GULP_data001.pcap_07_07_2026_10_56_1783402000.PCAP_PDR
07-07-2026 11:13 - WARNING - first_pkt_count, first_gps_count, first_pkt_Tstamp
07-07-2026 11:13 - WARNING - 4007327045 34075 2026-07-07T05:26:08.597763
07-07-2026 11:13 - WARNING - last_pkt_count, last_gps_count, last_pkt_Tstamp
07-07-2026 11:13 - WARNING - 4009209586 34104 2026-07-07T05:26:37.805637
07-07-2026 11:13 - WARNING - diff_pkt_count  , diff_gps_count ,  diff_pkt_timstamp
07-07-2026 11:13 - WARNING - 1882541 29 29207874 microseconds
07-07-2026 11:13 - WARNING - No packet loss: /data/dsp/GBD_TRANSIENT_BUFFER/J0534+2200/07_07_2026/PDR_GULP_data002.pcap_07_07_2026_10_57_1783402030.PCAP_PDR
07-07-2026 11:13 - WARNING - first_pkt_count, first_gps_count, first_pkt_Tstamp
07-07-2026 11:13 - WARNING - 4009209587 34104 2026-07-07T05:26:37.805637
07-07-2026 11:13 - WARNING - last_pkt_count, last_gps_count, last_pkt_Tstamp
07-07-2026 11:13 - WARNING - 4011092129 34134 2026-07-07T05:27:07.013495
07-07-2026 11:13 - WARNING - diff_pkt_count  , diff_gps_count ,  diff_pkt_timstamp
07-07-2026 11:13 - WARNING - 1882542 30 29207858 microseconds
07-07-2026 11:13 - WARNING - No packet loss: /data/dsp/GBD_TRANSIENT_BUFFER/J0534+2200/07_07_2026/PDR_GULP_data000.pcap_07_07_2026_10_57_1783402059.PCAP_PDR
07-07-2026 11:13 - WARNING - first_pkt_count, first_gps_count, first_pkt_Tstamp
07-07-2026 11:13 - WARNING - 4011092130 34134 2026-07-07T05:27:07.013495
07-07-2026 11:13 - WARNING - last_pkt_count, last_gps_count, last_pkt_Tstamp
07-07-2026 11:13 - WARNING - 4012974671 34163 2026-07-07T05:27:36.221386
07-07-2026 11:13 - WARNING - diff_pkt_count  , diff_gps_count ,  diff_pkt_timstamp
07-07-2026 11:13 - WARNING - 1882541 29 29207891 microseconds
07-07-2026 11:13 - WARNING - No packet loss: /data/dsp/GBD_TRANSIENT_BUFFER/J0534+2200/07_07_2026/PDR_GULP_data001.pcap_07_07_2026_10_58_1783402088.PCAP_PDR
07-07-2026 11:13 - WARNING - first_pkt_count, first_gps_count, first_pkt_Tstamp
07-07-2026 11:13 - WARNING - 4012974672 34163 2026-07-07T05:27:36.221468
07-07-2026 11:13 - WARNING - last_pkt_count, last_gps_count, last_pkt_Tstamp
07-07-2026 11:13 - WARNING - 4014857213 34192 2026-07-07T05:28:05.429247
07-07-2026 11:13 - WARNING - diff_pkt_count  , diff_gps_count ,  diff_pkt_timstamp
07-07-2026 11:13 - WARNING - 1882541 29 29207779 microseconds
07-07-2026 11:13 - WARNING - No packet loss: /data/dsp/GBD_TRANSIENT_BUFFER/J0534+2200/07_07_2026/PDR_GULP_data002.pcap_07_07_2026_10_58_1783402117.PCAP_PDR
07-07-2026 11:13 - WARNING - first_pkt_count, first_gps_count, first_pkt_Tstamp
07-07-2026 11:13 - WARNING - 4014857214 34192 2026-07-07T05:28:05.429247
07-07-2026 11:13 - WARNING - last_pkt_count, last_gps_count, last_pkt_Tstamp
07-07-2026 11:13 - WARNING - 4016739755 34221 2026-07-07T05:28:34.637126
07-07-2026 11:13 - WARNING - diff_pkt_count  , diff_gps_count ,  diff_pkt_timstamp
07-07-2026 11:13 - WARNING - 1882541 29 29207879 microseconds
07-07-2026 11:13 - WARNING - No packet loss: /data/dsp/GBD_TRANSIENT_BUFFER/J0534+2200/07_07_2026/PDR_GULP_data000.pcap_07_07_2026_10_59_1783402146.PCAP_PDR
07-07-2026 11:13 - WARNING - first_pkt_count, first_gps_count, first_pkt_Tstamp
07-07-2026 11:13 - WARNING - 4016739756 34221 2026-07-07T05:28:34.637126
07-07-2026 11:13 - WARNING - last_pkt_count, last_gps_count, last_pkt_Tstamp
07-07-2026 11:13 - WARNING - 4018622297 34250 2026-07-07T05:29:03.844966
07-07-2026 11:13 - WARNING - diff_pkt_count  , diff_gps_count ,  diff_pkt_timstamp
07-07-2026 11:13 - WARNING - 1882541 29 29207840 microseconds
07-07-2026 11:13 - WARNING - No packet loss: /data/dsp/GBD_TRANSIENT_BUFFER/J0534+2200/07_07_2026/PDR_GULP_data001.pcap_07_07_2026_10_59_1783402176.PCAP_PDR
07-07-2026 11:13 - WARNING - first_pkt_count, first_gps_count, first_pkt_Tstamp
07-07-2026 11:13 - WARNING - 4018622298 34250 2026-07-07T05:29:03.845018
07-07-2026 11:13 - WARNING - last_pkt_count, last_gps_count, last_pkt_Tstamp
07-07-2026 11:13 - WARNING - 4020504839 34280 2026-07-07T05:29:33.052889
07-07-2026 11:13 - WARNING - diff_pkt_count  , diff_gps_count ,  diff_pkt_timstamp
07-07-2026 11:13 - WARNING - 1882541 30 29207871 microseconds
07-07-2026 11:13 - WARNING - No packet loss: /data/dsp/GBD_TRANSIENT_BUFFER/J0534+2200/07_07_2026/PDR_GULP_data002.pcap_07_07_2026_11_00_1783402205.PCAP_PDR
07-07-2026 11:13 - WARNING - first_pkt_count, first_gps_count, first_pkt_Tstamp
07-07-2026 11:13 - WARNING - 4020504840 34280 2026-07-07T05:29:33.052942
07-07-2026 11:13 - WARNING - last_pkt_count, last_gps_count, last_pkt_Tstamp
07-07-2026 11:13 - WARNING - 4022387382 34309 2026-07-07T05:30:02.260910
07-07-2026 11:13 - WARNING - diff_pkt_count  , diff_gps_count ,  diff_pkt_timstamp
07-07-2026 11:13 - WARNING - 1882542 29 29207968 microseconds
07-07-2026 11:13 - WARNING - No packet loss: /data/dsp/GBD_TRANSIENT_BUFFER/J0534+2200/07_07_2026/PDR_GULP_data000.pcap_07_07_2026_11_00_1783402234.PCAP_PDR
07-07-2026 11:13 - WARNING - first_pkt_count, first_gps_count, first_pkt_Tstamp
07-07-2026 11:13 - WARNING - 4022387383 34309 2026-07-07T05:30:02.260910
07-07-2026 11:13 - WARNING - last_pkt_count, last_gps_count, last_pkt_Tstamp
07-07-2026 11:13 - WARNING - 4024269924 34338 2026-07-07T05:30:31.468867
07-07-2026 11:13 - WARNING - diff_pkt_count  , diff_gps_count ,  diff_pkt_timstamp
07-07-2026 11:13 - WARNING - 1882541 29 29207957 microseconds
07-07-2026 11:13 - WARNING - No packet loss: /data/dsp/GBD_TRANSIENT_BUFFER/J0534+2200/07_07_2026/PDR_GULP_data001.pcap_07_07_2026_11_01_1783402263.PCAP_PDR
07-07-2026 11:13 - WARNING - first_pkt_count, first_gps_count, first_pkt_Tstamp
07-07-2026 11:13 - WARNING - 4024269925 34338 2026-07-07T05:30:31.468867
07-07-2026 11:13 - WARNING - last_pkt_count, last_gps_count, last_pkt_Tstamp
07-07-2026 11:13 - WARNING - 4026152466 34367 2026-07-07T05:31:00.676835
07-07-2026 11:13 - WARNING - diff_pkt_count  , diff_gps_count ,  diff_pkt_timstamp
07-07-2026 11:13 - WARNING - 1882541 29 29207968 microseconds
07-07-2026 11:13 - WARNING - No packet loss: /data/dsp/GBD_TRANSIENT_BUFFER/J0534+2200/07_07_2026/PDR_GULP_data002.pcap_07_07_2026_11_01_1783402292.PCAP_PDR
07-07-2026 11:13 - WARNING - first_pkt_count, first_gps_count, first_pkt_Tstamp
07-07-2026 11:13 - WARNING - 4026152467 34367 2026-07-07T05:31:00.676835
07-07-2026 11:13 - WARNING - last_pkt_count, last_gps_count, last_pkt_Tstamp
07-07-2026 11:13 - WARNING - 4028035008 34396 2026-07-07T05:31:29.884766
07-07-2026 11:13 - WARNING - diff_pkt_count  , diff_gps_count ,  diff_pkt_timstamp
07-07-2026 11:13 - WARNING - 1882541 29 29207931 microseconds
07-07-2026 11:13 - WARNING - No packet loss: /data/dsp/GBD_TRANSIENT_BUFFER/J0534+2200/07_07_2026/PDR_GULP_data000.pcap_07_07_2026_11_02_1783402322.PCAP_PDR
07-07-2026 11:13 - WARNING - first_pkt_count, first_gps_count, first_pkt_Tstamp
07-07-2026 11:13 - WARNING - 4028035009 34396 2026-07-07T05:31:29.884766
07-07-2026 11:13 - WARNING - last_pkt_count, last_gps_count, last_pkt_Tstamp
07-07-2026 11:13 - WARNING - 4029917550 34426 2026-07-07T05:31:59.092676
07-07-2026 11:13 - WARNING - diff_pkt_count  , diff_gps_count ,  diff_pkt_timstamp
07-07-2026 11:13 - WARNING - 1882541 30 29207910 microseconds
07-07-2026 11:13 - WARNING - No packet loss: /data/dsp/GBD_TRANSIENT_BUFFER/J0534+2200/07_07_2026/PDR_GULP_data001.pcap_07_07_2026_11_02_1783402351.PCAP_PDR
07-07-2026 11:13 - WARNING - first_pkt_count, first_gps_count, first_pkt_Tstamp
07-07-2026 11:13 - WARNING - 4029917551 34426 2026-07-07T05:31:59.092729
07-07-2026 11:13 - WARNING - last_pkt_count, last_gps_count, last_pkt_Tstamp
07-07-2026 11:13 - WARNING - 4031800092 34455 2026-07-07T05:32:28.300689
07-07-2026 11:13 - WARNING - diff_pkt_count  , diff_gps_count ,  diff_pkt_timstamp
07-07-2026 11:13 - WARNING - 1882541 29 29207960 microseconds
07-07-2026 11:13 - WARNING - No packet loss: /data/dsp/GBD_TRANSIENT_BUFFER/J0534+2200/07_07_2026/PDR_GULP_data002.pcap_07_07_2026_11_03_1783402380.PCAP_PDR
07-07-2026 11:13 - WARNING - first_pkt_count, first_gps_count, first_pkt_Tstamp
07-07-2026 11:13 - WARNING - 4031800093 34455 2026-07-07T05:32:28.300689
07-07-2026 11:13 - WARNING - last_pkt_count, last_gps_count, last_pkt_Tstamp
07-07-2026 11:13 - WARNING - 4033682635 34484 2026-07-07T05:32:57.508600
07-07-2026 11:13 - WARNING - diff_pkt_count  , diff_gps_count ,  diff_pkt_timstamp
07-07-2026 11:13 - WARNING - 1882542 29 29207911 microseconds
07-07-2026 11:13 - WARNING - No packet loss: /data/dsp/GBD_TRANSIENT_BUFFER/J0534+2200/07_07_2026/PDR_GULP_data000.pcap_07_07_2026_11_03_1783402409.PCAP_PDR
07-07-2026 11:13 - WARNING - first_pkt_count, first_gps_count, first_pkt_Tstamp
07-07-2026 11:13 - WARNING - 4033682636 34484 2026-07-07T05:32:57.508600
07-07-2026 11:13 - WARNING - last_pkt_count, last_gps_count, last_pkt_Tstamp
07-07-2026 11:13 - WARNING - 4035565177 34513 2026-07-07T05:33:26.716568
07-07-2026 11:13 - WARNING - diff_pkt_count  , diff_gps_count ,  diff_pkt_timstamp
07-07-2026 11:13 - WARNING - 1882541 29 29207968 microseconds
07-07-2026 11:13 - WARNING - No packet loss: /data/dsp/GBD_TRANSIENT_BUFFER/J0534+2200/07_07_2026/PDR_GULP_data001.pcap_07_07_2026_11_03_1783402438.PCAP_PDR
07-07-2026 11:13 - WARNING - first_pkt_count, first_gps_count, first_pkt_Tstamp
07-07-2026 11:13 - WARNING - 4035565178 34513 2026-07-07T05:33:26.716568
07-07-2026 11:13 - WARNING - last_pkt_count, last_gps_count, last_pkt_Tstamp
07-07-2026 11:13 - WARNING - 4037447719 34542 2026-07-07T05:33:55.924476
07-07-2026 11:13 - WARNING - diff_pkt_count  , diff_gps_count ,  diff_pkt_timstamp
07-07-2026 11:13 - WARNING - 1882541 29 29207908 microseconds
07-07-2026 11:13 - WARNING - No packet loss: /data/dsp/GBD_TRANSIENT_BUFFER/J0534+2200/07_07_2026/PDR_GULP_data002.pcap_07_07_2026_11_04_1783402468.PCAP_PDR
07-07-2026 11:13 - WARNING - first_pkt_count, first_gps_count, first_pkt_Tstamp
07-07-2026 11:13 - WARNING - 4037447720 34542 2026-07-07T05:33:55.924477
07-07-2026 11:13 - WARNING - last_pkt_count, last_gps_count, last_pkt_Tstamp
07-07-2026 11:13 - WARNING - 4039330261 34572 2026-07-07T05:34:25.132397
07-07-2026 11:13 - WARNING - diff_pkt_count  , diff_gps_count ,  diff_pkt_timstamp
07-07-2026 11:13 - WARNING - 1882541 30 29207920 microseconds
07-07-2026 11:13 - WARNING - No packet loss: /data/dsp/GBD_TRANSIENT_BUFFER/J0534+2200/07_07_2026/PDR_GULP_data000.pcap_07_07_2026_11_04_1783402497.PCAP_PDR
07-07-2026 11:13 - WARNING - first_pkt_count, first_gps_count, first_pkt_Tstamp
07-07-2026 11:13 - WARNING - 4039330262 34572 2026-07-07T05:34:25.132397
07-07-2026 11:13 - WARNING - last_pkt_count, last_gps_count, last_pkt_Tstamp
07-07-2026 11:13 - WARNING - 4041212803 34601 2026-07-07T05:34:54.340310
07-07-2026 11:13 - WARNING - diff_pkt_count  , diff_gps_count ,  diff_pkt_timstamp
07-07-2026 11:13 - WARNING - 1882541 29 29207913 microseconds
07-07-2026 11:13 - WARNING - No packet loss: /data/dsp/GBD_TRANSIENT_BUFFER/J0534+2200/07_07_2026/PDR_GULP_data001.pcap_07_07_2026_11_05_1783402526.PCAP_PDR
07-07-2026 11:13 - WARNING - first_pkt_count, first_gps_count, first_pkt_Tstamp
07-07-2026 11:13 - WARNING - 4041212804 34601 2026-07-07T05:34:54.340310
07-07-2026 11:13 - WARNING - last_pkt_count, last_gps_count, last_pkt_Tstamp
07-07-2026 11:13 - WARNING - 4043095345 34630 2026-07-07T05:35:23.548236
07-07-2026 11:13 - WARNING - diff_pkt_count  , diff_gps_count ,  diff_pkt_timstamp
07-07-2026 11:13 - WARNING - 1882541 29 29207926 microseconds
07-07-2026 11:13 - WARNING - No packet loss: /data/dsp/GBD_TRANSIENT_BUFFER/J0534+2200/07_07_2026/PDR_GULP_data002.pcap_07_07_2026_11_05_1783402555.PCAP_PDR
07-07-2026 11:13 - WARNING - first_pkt_count, first_gps_count, first_pkt_Tstamp
07-07-2026 11:13 - WARNING - 4043095346 34630 2026-07-07T05:35:23.548236
07-07-2026 11:13 - WARNING - last_pkt_count, last_gps_count, last_pkt_Tstamp
07-07-2026 11:13 - WARNING - 4044977888 34659 2026-07-07T05:35:52.756190
07-07-2026 11:13 - WARNING - diff_pkt_count  , diff_gps_count ,  diff_pkt_timstamp
07-07-2026 11:13 - WARNING - 1882542 29 29207954 microseconds
07-07-2026 11:13 - WARNING - No packet loss: /data/dsp/GBD_TRANSIENT_BUFFER/J0534+2200/07_07_2026/PDR_GULP_data000.pcap_07_07_2026_11_06_1783402584.PCAP_PDR
07-07-2026 11:13 - WARNING - first_pkt_count, first_gps_count, first_pkt_Tstamp
07-07-2026 11:13 - WARNING - 4044977889 34659 2026-07-07T05:35:52.756190
07-07-2026 11:13 - WARNING - last_pkt_count, last_gps_count, last_pkt_Tstamp
07-07-2026 11:13 - WARNING - 4046860430 34688 2026-07-07T05:36:21.964071
07-07-2026 11:13 - WARNING - diff_pkt_count  , diff_gps_count ,  diff_pkt_timstamp
07-07-2026 11:13 - WARNING - 1882541 29 29207881 microseconds
07-07-2026 11:13 - WARNING - No packet loss: /data/dsp/GBD_TRANSIENT_BUFFER/J0534+2200/07_07_2026/PDR_GULP_data001.pcap_07_07_2026_11_06_1783402614.PCAP_PDR
07-07-2026 11:13 - WARNING - first_pkt_count, first_gps_count, first_pkt_Tstamp
07-07-2026 11:13 - WARNING - 4046860431 34688 2026-07-07T05:36:21.964124
07-07-2026 11:13 - WARNING - last_pkt_count, last_gps_count, last_pkt_Tstamp
07-07-2026 11:13 - WARNING - 4048742972 34718 2026-07-07T05:36:51.172058
07-07-2026 11:13 - WARNING - diff_pkt_count  , diff_gps_count ,  diff_pkt_timstamp
07-07-2026 11:13 - WARNING - 1882541 30 29207934 microseconds
07-07-2026 11:13 - WARNING - No packet loss: /data/dsp/GBD_TRANSIENT_BUFFER/J0534+2200/07_07_2026/PDR_GULP_data002.pcap_07_07_2026_11_07_1783402643.PCAP_PDR
07-07-2026 11:13 - WARNING - first_pkt_count, first_gps_count, first_pkt_Tstamp
07-07-2026 11:13 - WARNING - 4048742973 34718 2026-07-07T05:36:51.172058
07-07-2026 11:13 - WARNING - last_pkt_count, last_gps_count, last_pkt_Tstamp
07-07-2026 11:13 - WARNING - 4050625514 34747 2026-07-07T05:37:20.379928
07-07-2026 11:13 - WARNING - diff_pkt_count  , diff_gps_count ,  diff_pkt_timstamp
07-07-2026 11:13 - WARNING - 1882541 29 29207870 microseconds
07-07-2026 11:13 - WARNING - No packet loss: /data/dsp/GBD_TRANSIENT_BUFFER/J0534+2200/07_07_2026/PDR_GULP_data000.pcap_07_07_2026_11_07_1783402672.PCAP_PDR
07-07-2026 11:13 - WARNING - first_pkt_count, first_gps_count, first_pkt_Tstamp
07-07-2026 11:13 - WARNING - 4050625515 34747 2026-07-07T05:37:20.379928
07-07-2026 11:13 - WARNING - last_pkt_count, last_gps_count, last_pkt_Tstamp
07-07-2026 11:13 - WARNING - 4052508056 34776 2026-07-07T05:37:49.587859
07-07-2026 11:13 - WARNING - diff_pkt_count  , diff_gps_count ,  diff_pkt_timstamp
07-07-2026 11:13 - WARNING - 1882541 29 29207931 microseconds
07-07-2026 11:13 - WARNING - No packet loss: /data/dsp/GBD_TRANSIENT_BUFFER/J0534+2200/07_07_2026/PDR_GULP_data001.pcap_07_07_2026_11_08_1783402701.PCAP_PDR
07-07-2026 11:13 - WARNING - first_pkt_count, first_gps_count, first_pkt_Tstamp
07-07-2026 11:13 - WARNING - 4052508057 34776 2026-07-07T05:37:49.587859
07-07-2026 11:13 - WARNING - last_pkt_count, last_gps_count, last_pkt_Tstamp
07-07-2026 11:13 - WARNING - 4054390598 34805 2026-07-07T05:38:18.795766
07-07-2026 11:13 - WARNING - diff_pkt_count  , diff_gps_count ,  diff_pkt_timstamp
07-07-2026 11:13 - WARNING - 1882541 29 29207907 microseconds
07-07-2026 11:13 - WARNING - No packet loss: /data/dsp/GBD_TRANSIENT_BUFFER/J0534+2200/07_07_2026/PDR_GULP_data002.pcap_07_07_2026_11_08_1783402731.PCAP_PDR
07-07-2026 11:13 - WARNING - first_pkt_count, first_gps_count, first_pkt_Tstamp
07-07-2026 11:13 - WARNING - 4054390599 34805 2026-07-07T05:38:18.795766
07-07-2026 11:13 - WARNING - last_pkt_count, last_gps_count, last_pkt_Tstamp
07-07-2026 11:13 - WARNING - 4056273141 34835 2026-07-07T05:38:48.003720
07-07-2026 11:13 - WARNING - diff_pkt_count  , diff_gps_count ,  diff_pkt_timstamp
07-07-2026 11:13 - WARNING - 1882542 30 29207954 microseconds
07-07-2026 11:13 - WARNING - No packet loss: /data/dsp/GBD_TRANSIENT_BUFFER/J0534+2200/07_07_2026/PDR_GULP_data000.pcap_07_07_2026_11_09_1783402760.PCAP_PDR
07-07-2026 11:13 - WARNING - first_pkt_count, first_gps_count, first_pkt_Tstamp
07-07-2026 11:13 - WARNING - 4056273142 34835 2026-07-07T05:38:48.003720
07-07-2026 11:13 - WARNING - last_pkt_count, last_gps_count, last_pkt_Tstamp
07-07-2026 11:13 - WARNING - 4058155683 34864 2026-07-07T05:39:17.211629
07-07-2026 11:13 - WARNING - diff_pkt_count  , diff_gps_count ,  diff_pkt_timstamp
07-07-2026 11:13 - WARNING - 1882541 29 29207909 microseconds
07-07-2026 11:13 - WARNING - No packet loss: /data/dsp/GBD_TRANSIENT_BUFFER/J0534+2200/07_07_2026/PDR_GULP_data001.pcap_07_07_2026_11_09_1783402789.PCAP_PDR
07-07-2026 11:13 - WARNING - first_pkt_count, first_gps_count, first_pkt_Tstamp
07-07-2026 11:13 - WARNING - 4058155684 34864 2026-07-07T05:39:17.211630
07-07-2026 11:13 - WARNING - last_pkt_count, last_gps_count, last_pkt_Tstamp
07-07-2026 11:13 - WARNING - 4060038225 34893 2026-07-07T05:39:46.419551
07-07-2026 11:13 - WARNING - diff_pkt_count  , diff_gps_count ,  diff_pkt_timstamp
07-07-2026 11:13 - WARNING - 1882541 29 29207921 microseconds
07-07-2026 11:13 - WARNING - No packet loss: /data/dsp/GBD_TRANSIENT_BUFFER/J0534+2200/07_07_2026/PDR_GULP_data002.pcap_07_07_2026_11_10_1783402818.PCAP_PDR
07-07-2026 11:13 - WARNING - first_pkt_count, first_gps_count, first_pkt_Tstamp
07-07-2026 11:13 - WARNING - 4060038226 34893 2026-07-07T05:39:46.419551
07-07-2026 11:13 - WARNING - last_pkt_count, last_gps_count, last_pkt_Tstamp
07-07-2026 11:13 - WARNING - 4061920767 34922 2026-07-07T05:40:15.627433
07-07-2026 11:13 - WARNING - diff_pkt_count  , diff_gps_count ,  diff_pkt_timstamp
07-07-2026 11:13 - WARNING - 1882541 29 29207882 microseconds
07-07-2026 11:13 - WARNING - No packet loss: /data/dsp/GBD_TRANSIENT_BUFFER/J0534+2200/07_07_2026/PDR_GULP_data000.pcap_07_07_2026_11_10_1783402847.PCAP_PDR
07-07-2026 11:13 - WARNING - first_pkt_count, first_gps_count, first_pkt_Tstamp
07-07-2026 11:13 - WARNING - 4061920768 34922 2026-07-07T05:40:15.627433
07-07-2026 11:13 - WARNING - last_pkt_count, last_gps_count, last_pkt_Tstamp
07-07-2026 11:13 - WARNING - 4063803309 34951 2026-07-07T05:40:44.835311
07-07-2026 11:13 - WARNING - diff_pkt_count  , diff_gps_count ,  diff_pkt_timstamp
07-07-2026 11:13 - WARNING - 1882541 29 29207878 microseconds
07-07-2026 11:13 - WARNING - No packet loss: /data/dsp/GBD_TRANSIENT_BUFFER/J0534+2200/07_07_2026/PDR_GULP_data001.pcap_07_07_2026_11_11_1783402877.PCAP_PDR
07-07-2026 11:13 - WARNING - first_pkt_count, first_gps_count, first_pkt_Tstamp
07-07-2026 11:13 - WARNING - 4063803310 34951 2026-07-07T05:40:44.835363
07-07-2026 11:13 - WARNING - last_pkt_count, last_gps_count, last_pkt_Tstamp
07-07-2026 11:13 - WARNING - 4065685851 34981 2026-07-07T05:41:14.043227
07-07-2026 11:13 - WARNING - diff_pkt_count  , diff_gps_count ,  diff_pkt_timstamp
07-07-2026 11:13 - WARNING - 1882541 30 29207864 microseconds
07-07-2026 11:13 - WARNING - No packet loss: /data/dsp/GBD_TRANSIENT_BUFFER/J0534+2200/07_07_2026/PDR_GULP_data002.pcap_07_07_2026_11_11_1783402906.PCAP_PDR
07-07-2026 11:13 - WARNING - first_pkt_count, first_gps_count, first_pkt_Tstamp
07-07-2026 11:13 - WARNING - 4065685852 34981 2026-07-07T05:41:14.043280
07-07-2026 11:13 - WARNING - last_pkt_count, last_gps_count, last_pkt_Tstamp
07-07-2026 11:13 - WARNING - 4067568394 35010 2026-07-07T05:41:43.251157
07-07-2026 11:13 - WARNING - diff_pkt_count  , diff_gps_count ,  diff_pkt_timstamp
07-07-2026 11:13 - WARNING - 1882542 29 29207877 microseconds
07-07-2026 11:13 - WARNING - No packet loss: /data/dsp/GBD_TRANSIENT_BUFFER/J0534+2200/07_07_2026/PDR_GULP_data000.pcap_07_07_2026_11_12_1783402935.PCAP_PDR
07-07-2026 11:13 - WARNING - first_pkt_count, first_gps_count, first_pkt_Tstamp
07-07-2026 11:13 - WARNING - 4067568395 35010 2026-07-07T05:41:43.251248
07-07-2026 11:13 - WARNING - last_pkt_count, last_gps_count, last_pkt_Tstamp
07-07-2026 11:13 - WARNING - 4069450936 35039 2026-07-07T05:42:12.459159
07-07-2026 11:13 - WARNING - diff_pkt_count  , diff_gps_count ,  diff_pkt_timstamp
07-07-2026 11:13 - WARNING - 1882541 29 29207911 microseconds
07-07-2026 11:13 - WARNING - No packet loss: /data/dsp/GBD_TRANSIENT_BUFFER/J0534+2200/07_07_2026/PDR_GULP_data001.pcap_07_07_2026_11_12_1783402964.PCAP_PDR
07-07-2026 11:13 - WARNING - first_pkt_count, first_gps_count, first_pkt_Tstamp
07-07-2026 11:13 - WARNING - 4069450937 35039 2026-07-07T05:42:12.459160
07-07-2026 11:13 - WARNING - last_pkt_count, last_gps_count, last_pkt_Tstamp
07-07-2026 11:13 - WARNING - 4071333478 35068 2026-07-07T05:42:41.667050
07-07-2026 11:13 - WARNING - diff_pkt_count  , diff_gps_count ,  diff_pkt_timstamp
07-07-2026 11:13 - WARNING - 1882541 29 29207890 microseconds
07-07-2026 11:13 - WARNING - No packet loss: /data/dsp/GBD_TRANSIENT_BUFFER/J0534+2200/07_07_2026/PDR_GULP_data002.pcap_07_07_2026_11_13_1783402993.PCAP_PDR
07-07-2026 11:13 - WARNING - first_pkt_count, first_gps_count, first_pkt_Tstamp
07-07-2026 11:13 - WARNING - 4071333479 35068 2026-07-07T05:42:41.667050
07-07-2026 11:13 - WARNING - last_pkt_count, last_gps_count, last_pkt_Tstamp
07-07-2026 11:13 - WARNING - 4073216020 35097 2026-07-07T05:43:10.874901
07-07-2026 11:13 - WARNING - diff_pkt_count  , diff_gps_count ,  diff_pkt_timstamp
07-07-2026 11:13 - WARNING - 1882541 29 29207851 microseconds
07-07-2026 11:13 SLIP check Finished...
07-07-2026 11:13 Pulsar data reduction pipeline started ...
07-07-2026 11:13 - WARNING - Data Directory: /data/dsp/GBD_TRANSIENT_BUFFER/J0534+2200/07_07_2026
07-07-2026 11:13 - WARNING - Pulsar: J0534+2200
07-07-2026 11:13 - WARNING - CH selelction: 0
07-07-2026 11:13 - WARNING - Phase file: /home/dsp/PDR_acquire_setup/dada_scripts/phase/rf_path_phase.dat
07-07-2026 11:13 - WARNING - Obs. logfile: /home/dsp/PDR_acquire_setup/master_obs_log/J0534+2200_07_07_2026_observation.log
07-07-2026 11:13 - WARNING - Observation start time: 2026_07_07_10_34_43
07-07-2026 11:13 - WARNING - parfile: /home/dsp/parfiles/J0534+2200.par
07-07-2026 11:13 - WARNING - DM: 56.6537
07-07-2026 11:13 - WARNING - Period: 0.033842664519685525
07-07-2026 11:13 - WARNING - RA_DEC: 05:34:31.973+22:00:52.06
07-07-2026 11:13 - WARNING - out_dada_file: J0534+2200_2026_07_07_10_34_43_type_0.dada
07-07-2026 11:13 - WARNING - Number of files to process: 80
07-07-2026 11:13 - WARNING - Files per batch:  17
07-07-2026 11:35 - WARNING - Time taken for PDR2DADA convertion: 0:22:07.208264
07-07-2026 11:35 - WARNING - Center_freq: 175
07-07-2026 11:35 - WARNING - int_time: 3.0
07-07-2026 11:35 - WARNING - nbins: 128
07-07-2026 11:35 - WARNING - fil_chan: 256
07-07-2026 11:35 - WARNING - cpu: 2,3,4,5,6,7,8,9,10,11,12,13,14,15,16
07-07-2026 11:35 - WARNING - thread: 32
07-07-2026 11:35 - WARNING - nbit: 8
07-07-2026 11:35 - WARNING - time_avg: 0.000128
07-07-2026 11:35 - WARNING - MJD_START: 61228.21161404892
07-07-2026 11:35 - WARNING - output: J0534+2200_61228.21_175MHz_type_0_GBD_DART
07-07-2026 11:35 - WARNING - singularity_container: singularity exec /home/dsp/singularity_imag/pschive_py3.sif  
07-07-2026 11:35 - WARNING - ------ DIGIFITS ------
07-07-2026 11:35 - WARNING - ---- Search Mode FITS -------
07-07-2026 11:35 - WARNING - digifits_ful_stokes_cmd: singularity exec /home/dsp/singularity_imag/pschive_py3.sif  digifits  -F 256 -x 256 -b 8 -p 4 -t 0.000128 J0534+2200_2026_07_07_10_34_43_type_0.dada -o J0534+2200_2026_07_07_10_34_43_type_0.dada_stokes.fits
07-07-2026 12:02 - WARNING - ------ Total intensity FITS -------
07-07-2026 12:02 - WARNING - digifits_total_intensity_cmd: singularity exec /home/dsp/singularity_imag/pschive_py3.sif  digifits  -F 256 -x 256 -b 8 -p 1 -t 0.000128 J0534+2200_2026_07_07_10_34_43_type_0.dada -o J0534+2200_2026_07_07_10_34_43_type_0.dada_intensity.fits
07-07-2026 12:24 - WARNING - Nchan: 256
07-07-2026 12:24 - WARNING - Nbin: 128
07-07-2026 12:24 - WARNING - Tavg: 0.000128
07-07-2026 12:24 - WARNING - Time taken for DIGIFITS run: 0:48:19.268505
07-07-2026 12:24 - WARNING - ------ DSPSR ------
07-07-2026 12:24 - WARNING - ------- Coherent Dedispersion Folded archive -------
07-07-2026 12:24 - WARNING - dspsr_cmd: singularity exec /home/dsp/singularity_imag/pschive_py3.sif  dspsr J0534+2200_2026_07_07_10_34_43_type_0.dada -cpu 2,3,4,5,6,7,8,9,10,11,12,13,14,15,16 -t 32 -E /home/dsp/parfiles/J0534+2200.par -L 3.0 -b 128 -F 256:D -N J0534+2200 -a PSRFITS -A -e .fits -O J0534+2200_61228.21_175MHz_type_0_GBD_DART
07-07-2026 12:33 - WARNING - ------- Incoherent Dedispersion Folded archive -------
07-07-2026 12:33 - WARNING - Incoherent_DD_dspsr_cmd: singularity exec /home/dsp/singularity_imag/pschive_py3.sif  dspsr J0534+2200_2026_07_07_10_34_43_type_0.dada_stokes.fits -cpu 2,3,4,5,6,7,8,9,10,11,12,13,14,15,16 -t 32 -E /home/dsp/parfiles/J0534+2200.par -L 3.0 -b 128 -N J0534+2200 -A -e .fits -O J0534+2200_61228.21_175MHz_type_0_GBD_DART_stokes_Incoherent_DD
07-07-2026 12:34 - WARNING - Time taken for DSPSR run: 0:10:22.011667
07-07-2026 12:34 - WARNING - ------ PSREDIT ------
07-07-2026 12:34 - WARNING - psredit_cmd: singularity exec /home/dsp/singularity_imag/pschive_py3.sif  psredit -c name=J0534+2200,be:name=GSB,coord=05:34:31.973+22:00:52.06 -m *_GBD_DART*fits
07-07-2026 12:34 - WARNING - Time taken for PSREDIT run: 0:00:04.891899
07-07-2026 12:34 - WARNING - ------ Iterative RFI Cleaner ------
07-07-2026 12:34 - WARNING - Iterative_cleaner_cmd: singularity exec /home/dsp/singularity_imag/pschive_py3.sif   python3 /home/dsp/PDR_acquire_setup/iterative_cleaner.py -s 3 -c 3 -m 10 *_GBD_DART*fits
07-07-2026 12:38 - WARNING - Time taken for Iterative_cleaner run: 0:04:00.459914
07-07-2026 12:38 - WARNING - ------ PDMP ------
07-07-2026 12:38 - WARNING - pdmp_cmd1: singularity exec /home/dsp/singularity_imag/pschive_py3.sif  pdmp -dr 2 -ds 0.05 -g J0534+2200_61228.21_175MHz_type_0_GBD_DART.fits_cleaned.ar.ps/cps J0534+2200_61228.21_175MHz_type_0_GBD_DART.fits_cleaned.ar
07-07-2026 12:46 - WARNING - pdmp_cmd2: singularity exec /home/dsp/singularity_imag/pschive_py3.sif  pdmp -dr 2 -ds 0.05 -g J0534+2200_61228.21_175MHz_type_0_GBD_DART_stokes_Incoherent_DD.fits_cleaned.ar.ps/cps J0534+2200_61228.21_175MHz_type_0_GBD_DART_stokes_Incoherent_DD.fits_cleaned.ar
07-07-2026 12:52 - WARNING - Time taken for PDMP run: 0:13:47.971735
07-07-2026 12:52 - WARNING - ------ PS2PDF ------
07-07-2026 12:52 - WARNING - ps2pdf_cmd1: singularity exec /home/dsp/singularity_imag/pschive_py3.sif  ps2pdf J0534+2200_61228.21_175MHz_type_0_GBD_DART.fits_cleaned.ar.ps J0534+2200_61228.21_175MHz_type_0_GBD_DART.fits_cleaned.ar.ps.pdf
07-07-2026 12:52 - WARNING - ps2pdf_cmd2: singularity exec /home/dsp/singularity_imag/pschive_py3.sif  ps2pdf J0534+2200_61228.21_175MHz_type_0_GBD_DART_stokes_Incoherent_DD.fits_cleaned.ar.ps J0534+2200_61228.21_175MHz_type_0_GBD_DART_stokes_Incoherent_DD.fits_cleaned.ar.ps.pdf
07-07-2026 12:52 - WARNING - Time taken for PDMP run: 0:00:01.259627
07-07-2026 12:52 - WARNING - Overall time taken for data reduction: 1:38:43.676762
07-07-2026 12:52 - WARNING - J0534+2200_2026_07_07_10_34_43_type_0.dada... file removed
07-07-2026 12:52 - WARNING - All done!
07-07-2026 12:52 --- PRESTO ---
07-07-2026 12:52 singularity_container: singularity exec /home/dsp/singularity_imag/pschive_py3.sif  
07-07-2026 12:52 Filterbank to Process for PULSAR: J0534+2200 with DM:56.6537 : J0534+2200_2026_07_07_10_34_43_type_0.dada_intensity.fits
07-07-2026 12:52 --- RFIFIND ---
07-07-2026 12:52 RFIFIND: singularity exec /home/dsp/singularity_imag/pschive_py3.sif   rfifind -time 2.0 -o J0534+2200 J0534+2200_2026_07_07_10_34_43_type_0.dada_intensity.fits
07-07-2026 12:54 --- PREPDATA ---
07-07-2026 12:54 PREPDATA: singularity exec /home/dsp/singularity_imag/pschive_py3.sif   prepdata -nobary -o J0534+2200_2026_07_07_10_34_43_type_0.dada_intensity.fits -dm 56.6537 -mask J0534+2200_rfifind.mask J0534+2200_2026_07_07_10_34_43_type_0.dada_intensity.fits
07-07-2026 12:54 --- REALFFT ---
07-07-2026 12:54 REALFFT: singularity exec /home/dsp/singularity_imag/pschive_py3.sif   realfft  J0534+2200_2026_07_07_10_34_43_type_0.dada_intensity.fits.dat
07-07-2026 12:54 --- ACCELSEARCH ---
07-07-2026 12:54 ACCELSEARCH: singularity exec /home/dsp/singularity_imag/pschive_py3.sif   accelsearch -numharm 8 -zmax 8  J0534+2200_2026_07_07_10_34_43_type_0.dada_intensity.fits.fft
07-07-2026 12:54 Observation Over.
