12-07-2026 13:16 Waiting for J0837+0610 observation...
12-07-2026 13:21 Observation started...
12-07-2026 13:21 Pulsar: J0837+0610 , parfile: /home/dsp/parfiles/J0837+0610.par , DM: 13.0209436694702
12-07-2026 13:21 Trigger sent to obs. PC [VELA].
12-07-2026 13:55 Acquired 80.
12-07-2026 13:55 ACQ over.
12-07-2026 13:55 Removing Trigger file from remote machine 
12-07-2026 13:55 Observation stoped.
-rw------- 1 dsp dsp 2.0G Jul 12 13:16 /data/TRANSIENT_BUFFER/PDR_GULP_data000.pcap_12_07_2026_13_16_1783842417.PCAP_PDR
-rw------- 1 dsp dsp 2.0G Jul 12 13:17 /data/TRANSIENT_BUFFER/PDR_GULP_data001.pcap_12_07_2026_13_17_1783842446.PCAP_PDR
-rw------- 1 dsp dsp 2.0G Jul 12 13:17 /data/TRANSIENT_BUFFER/PDR_GULP_data002.pcap_12_07_2026_13_17_1783842476.PCAP_PDR
-rw------- 1 dsp dsp 2.0G Jul 12 13:18 /data/TRANSIENT_BUFFER/PDR_GULP_data000.pcap_12_07_2026_13_18_1783842505.PCAP_PDR
-rw------- 1 dsp dsp 2.0G Jul 12 13:18 /data/TRANSIENT_BUFFER/PDR_GULP_data001.pcap_12_07_2026_13_18_1783842534.PCAP_PDR
-rw------- 1 dsp dsp 2.0G Jul 12 13:19 /data/TRANSIENT_BUFFER/PDR_GULP_data002.pcap_12_07_2026_13_19_1783842563.PCAP_PDR
-rw------- 1 dsp dsp 2.0G Jul 12 13:19 /data/TRANSIENT_BUFFER/PDR_GULP_data000.pcap_12_07_2026_13_19_1783842592.PCAP_PDR
-rw------- 1 dsp dsp 2.0G Jul 12 13:20 /data/TRANSIENT_BUFFER/PDR_GULP_data001.pcap_12_07_2026_13_20_1783842622.PCAP_PDR
-rw------- 1 dsp dsp 2.0G Jul 12 13:20 /data/TRANSIENT_BUFFER/PDR_GULP_data002.pcap_12_07_2026_13_20_1783842651.PCAP_PDR
-rw------- 1 dsp dsp 2.0G Jul 12 13:21 /data/TRANSIENT_BUFFER/PDR_GULP_data000.pcap_12_07_2026_13_21_1783842680.PCAP_PDR
-rw------- 1 dsp dsp 2.0G Jul 12 13:21 /data/TRANSIENT_BUFFER/PDR_GULP_data001.pcap_12_07_2026_13_21_1783842709.PCAP_PDR
-rw------- 1 dsp dsp 2.0G Jul 12 13:22 /data/TRANSIENT_BUFFER/PDR_GULP_data002.pcap_12_07_2026_13_22_1783842739.PCAP_PDR
-rw------- 1 dsp dsp 2.0G Jul 12 13:22 /data/TRANSIENT_BUFFER/PDR_GULP_data000.pcap_12_07_2026_13_22_1783842768.PCAP_PDR
-rw------- 1 dsp dsp 2.0G Jul 12 13:23 /data/TRANSIENT_BUFFER/PDR_GULP_data001.pcap_12_07_2026_13_23_1783842797.PCAP_PDR
-rw------- 1 dsp dsp 2.0G Jul 12 13:23 /data/TRANSIENT_BUFFER/PDR_GULP_data002.pcap_12_07_2026_13_23_1783842826.PCAP_PDR
-rw------- 1 dsp dsp 2.0G Jul 12 13:24 /data/TRANSIENT_BUFFER/PDR_GULP_data000.pcap_12_07_2026_13_24_1783842855.PCAP_PDR
-rw------- 1 dsp dsp 2.0G Jul 12 13:24 /data/TRANSIENT_BUFFER/PDR_GULP_data001.pcap_12_07_2026_13_24_1783842885.PCAP_PDR
-rw------- 1 dsp dsp 2.0G Jul 12 13:25 /data/TRANSIENT_BUFFER/PDR_GULP_data002.pcap_12_07_2026_13_25_1783842914.PCAP_PDR
-rw------- 1 dsp dsp 2.0G Jul 12 13:25 /data/TRANSIENT_BUFFER/PDR_GULP_data000.pcap_12_07_2026_13_25_1783842943.PCAP_PDR
-rw------- 1 dsp dsp 2.0G Jul 12 13:26 /data/TRANSIENT_BUFFER/PDR_GULP_data001.pcap_12_07_2026_13_26_1783842972.PCAP_PDR
-rw------- 1 dsp dsp 2.0G Jul 12 13:26 /data/TRANSIENT_BUFFER/PDR_GULP_data002.pcap_12_07_2026_13_26_1783843001.PCAP_PDR
-rw------- 1 dsp dsp 2.0G Jul 12 13:27 /data/TRANSIENT_BUFFER/PDR_GULP_data000.pcap_12_07_2026_13_27_1783843031.PCAP_PDR
-rw------- 1 dsp dsp 2.0G Jul 12 13:27 /data/TRANSIENT_BUFFER/PDR_GULP_data001.pcap_12_07_2026_13_27_1783843060.PCAP_PDR
-rw------- 1 dsp dsp 2.0G Jul 12 13:28 /data/TRANSIENT_BUFFER/PDR_GULP_data002.pcap_12_07_2026_13_28_1783843089.PCAP_PDR
-rw------- 1 dsp dsp 2.0G Jul 12 13:28 /data/TRANSIENT_BUFFER/PDR_GULP_data000.pcap_12_07_2026_13_28_1783843118.PCAP_PDR
-rw------- 1 dsp dsp 2.0G Jul 12 13:29 /data/TRANSIENT_BUFFER/PDR_GULP_data001.pcap_12_07_2026_13_29_1783843147.PCAP_PDR
-rw------- 1 dsp dsp 2.0G Jul 12 13:29 /data/TRANSIENT_BUFFER/PDR_GULP_data002.pcap_12_07_2026_13_29_1783843177.PCAP_PDR
-rw------- 1 dsp dsp 2.0G Jul 12 13:30 /data/TRANSIENT_BUFFER/PDR_GULP_data000.pcap_12_07_2026_13_30_1783843206.PCAP_PDR
-rw------- 1 dsp dsp 2.0G Jul 12 13:30 /data/TRANSIENT_BUFFER/PDR_GULP_data001.pcap_12_07_2026_13_30_1783843235.PCAP_PDR
-rw------- 1 dsp dsp 2.0G Jul 12 13:31 /data/TRANSIENT_BUFFER/PDR_GULP_data002.pcap_12_07_2026_13_31_1783843264.PCAP_PDR
-rw------- 1 dsp dsp 2.0G Jul 12 13:31 /data/TRANSIENT_BUFFER/PDR_GULP_data000.pcap_12_07_2026_13_31_1783843293.PCAP_PDR
-rw------- 1 dsp dsp 2.0G Jul 12 13:32 /data/TRANSIENT_BUFFER/PDR_GULP_data001.pcap_12_07_2026_13_32_1783843323.PCAP_PDR
-rw------- 1 dsp dsp 2.0G Jul 12 13:32 /data/TRANSIENT_BUFFER/PDR_GULP_data002.pcap_12_07_2026_13_32_1783843352.PCAP_PDR
-rw------- 1 dsp dsp 2.0G Jul 12 13:32 /data/TRANSIENT_BUFFER/PDR_GULP_data000.pcap_12_07_2026_13_33_1783843381.PCAP_PDR
-rw------- 1 dsp dsp 2.0G Jul 12 13:33 /data/TRANSIENT_BUFFER/PDR_GULP_data001.pcap_12_07_2026_13_33_1783843410.PCAP_PDR
-rw------- 1 dsp dsp 2.0G Jul 12 13:33 /data/TRANSIENT_BUFFER/PDR_GULP_data002.pcap_12_07_2026_13_34_1783843440.PCAP_PDR
-rw------- 1 dsp dsp 2.0G Jul 12 13:34 /data/TRANSIENT_BUFFER/PDR_GULP_data000.pcap_12_07_2026_13_34_1783843469.PCAP_PDR
-rw------- 1 dsp dsp 2.0G Jul 12 13:34 /data/TRANSIENT_BUFFER/PDR_GULP_data001.pcap_12_07_2026_13_34_1783843498.PCAP_PDR
-rw------- 1 dsp dsp 2.0G Jul 12 13:35 /data/TRANSIENT_BUFFER/PDR_GULP_data002.pcap_12_07_2026_13_35_1783843527.PCAP_PDR
-rw------- 1 dsp dsp 2.0G Jul 12 13:35 /data/TRANSIENT_BUFFER/PDR_GULP_data000.pcap_12_07_2026_13_35_1783843556.PCAP_PDR
-rw------- 1 dsp dsp 2.0G Jul 12 13:36 /data/TRANSIENT_BUFFER/PDR_GULP_data001.pcap_12_07_2026_13_36_1783843586.PCAP_PDR
-rw------- 1 dsp dsp 2.0G Jul 12 13:36 /data/TRANSIENT_BUFFER/PDR_GULP_data002.pcap_12_07_2026_13_36_1783843615.PCAP_PDR
-rw------- 1 dsp dsp 2.0G Jul 12 13:37 /data/TRANSIENT_BUFFER/PDR_GULP_data000.pcap_12_07_2026_13_37_1783843644.PCAP_PDR
-rw------- 1 dsp dsp 2.0G Jul 12 13:37 /data/TRANSIENT_BUFFER/PDR_GULP_data001.pcap_12_07_2026_13_37_1783843673.PCAP_PDR
-rw------- 1 dsp dsp 2.0G Jul 12 13:38 /data/TRANSIENT_BUFFER/PDR_GULP_data002.pcap_12_07_2026_13_38_1783843702.PCAP_PDR
-rw------- 1 dsp dsp 2.0G Jul 12 13:38 /data/TRANSIENT_BUFFER/PDR_GULP_data000.pcap_12_07_2026_13_38_1783843732.PCAP_PDR
-rw------- 1 dsp dsp 2.0G Jul 12 13:39 /data/TRANSIENT_BUFFER/PDR_GULP_data001.pcap_12_07_2026_13_39_1783843761.PCAP_PDR
-rw------- 1 dsp dsp 2.0G Jul 12 13:39 /data/TRANSIENT_BUFFER/PDR_GULP_data002.pcap_12_07_2026_13_39_1783843790.PCAP_PDR
-rw------- 1 dsp dsp 2.0G Jul 12 13:40 /data/TRANSIENT_BUFFER/PDR_GULP_data000.pcap_12_07_2026_13_40_1783843819.PCAP_PDR
-rw------- 1 dsp dsp 2.0G Jul 12 13:40 /data/TRANSIENT_BUFFER/PDR_GULP_data001.pcap_12_07_2026_13_40_1783843848.PCAP_PDR
-rw------- 1 dsp dsp 2.0G Jul 12 13:41 /data/TRANSIENT_BUFFER/PDR_GULP_data002.pcap_12_07_2026_13_41_1783843878.PCAP_PDR
-rw------- 1 dsp dsp 2.0G Jul 12 13:41 /data/TRANSIENT_BUFFER/PDR_GULP_data000.pcap_12_07_2026_13_41_1783843907.PCAP_PDR
-rw------- 1 dsp dsp 2.0G Jul 12 13:42 /data/TRANSIENT_BUFFER/PDR_GULP_data001.pcap_12_07_2026_13_42_1783843936.PCAP_PDR
-rw------- 1 dsp dsp 2.0G Jul 12 13:42 /data/TRANSIENT_BUFFER/PDR_GULP_data002.pcap_12_07_2026_13_42_1783843965.PCAP_PDR
-rw------- 1 dsp dsp 2.0G Jul 12 13:43 /data/TRANSIENT_BUFFER/PDR_GULP_data000.pcap_12_07_2026_13_43_1783843994.PCAP_PDR
-rw------- 1 dsp dsp 2.0G Jul 12 13:43 /data/TRANSIENT_BUFFER/PDR_GULP_data001.pcap_12_07_2026_13_43_1783844024.PCAP_PDR
-rw------- 1 dsp dsp 2.0G Jul 12 13:44 /data/TRANSIENT_BUFFER/PDR_GULP_data002.pcap_12_07_2026_13_44_1783844053.PCAP_PDR
-rw------- 1 dsp dsp 2.0G Jul 12 13:44 /data/TRANSIENT_BUFFER/PDR_GULP_data000.pcap_12_07_2026_13_44_1783844082.PCAP_PDR
-rw------- 1 dsp dsp 2.0G Jul 12 13:45 /data/TRANSIENT_BUFFER/PDR_GULP_data001.pcap_12_07_2026_13_45_1783844111.PCAP_PDR
-rw------- 1 dsp dsp 2.0G Jul 12 13:45 /data/TRANSIENT_BUFFER/PDR_GULP_data002.pcap_12_07_2026_13_45_1783844141.PCAP_PDR
-rw------- 1 dsp dsp 2.0G Jul 12 13:46 /data/TRANSIENT_BUFFER/PDR_GULP_data000.pcap_12_07_2026_13_46_1783844170.PCAP_PDR
-rw------- 1 dsp dsp 2.0G Jul 12 13:46 /data/TRANSIENT_BUFFER/PDR_GULP_data001.pcap_12_07_2026_13_46_1783844199.PCAP_PDR
-rw------- 1 dsp dsp 2.0G Jul 12 13:47 /data/TRANSIENT_BUFFER/PDR_GULP_data002.pcap_12_07_2026_13_47_1783844228.PCAP_PDR
-rw------- 1 dsp dsp 2.0G Jul 12 13:47 /data/TRANSIENT_BUFFER/PDR_GULP_data000.pcap_12_07_2026_13_47_1783844257.PCAP_PDR
-rw------- 1 dsp dsp 2.0G Jul 12 13:48 /data/TRANSIENT_BUFFER/PDR_GULP_data001.pcap_12_07_2026_13_48_1783844287.PCAP_PDR
-rw------- 1 dsp dsp 2.0G Jul 12 13:48 /data/TRANSIENT_BUFFER/PDR_GULP_data002.pcap_12_07_2026_13_48_1783844316.PCAP_PDR
-rw------- 1 dsp dsp 2.0G Jul 12 13:49 /data/TRANSIENT_BUFFER/PDR_GULP_data000.pcap_12_07_2026_13_49_1783844345.PCAP_PDR
-rw------- 1 dsp dsp 2.0G Jul 12 13:49 /data/TRANSIENT_BUFFER/PDR_GULP_data001.pcap_12_07_2026_13_49_1783844374.PCAP_PDR
-rw------- 1 dsp dsp 2.0G Jul 12 13:50 /data/TRANSIENT_BUFFER/PDR_GULP_data002.pcap_12_07_2026_13_50_1783844403.PCAP_PDR
-rw------- 1 dsp dsp 2.0G Jul 12 13:50 /data/TRANSIENT_BUFFER/PDR_GULP_data000.pcap_12_07_2026_13_50_1783844433.PCAP_PDR
-rw------- 1 dsp dsp 2.0G Jul 12 13:50 /data/TRANSIENT_BUFFER/PDR_GULP_data001.pcap_12_07_2026_13_51_1783844462.PCAP_PDR
-rw------- 1 dsp dsp 2.0G Jul 12 13:51 /data/TRANSIENT_BUFFER/PDR_GULP_data002.pcap_12_07_2026_13_51_1783844491.PCAP_PDR
-rw------- 1 dsp dsp 2.0G Jul 12 13:51 /data/TRANSIENT_BUFFER/PDR_GULP_data000.pcap_12_07_2026_13_52_1783844520.PCAP_PDR
-rw------- 1 dsp dsp 2.0G Jul 12 13:52 /data/TRANSIENT_BUFFER/PDR_GULP_data001.pcap_12_07_2026_13_52_1783844549.PCAP_PDR
-rw------- 1 dsp dsp 2.0G Jul 12 13:52 /data/TRANSIENT_BUFFER/PDR_GULP_data002.pcap_12_07_2026_13_52_1783844579.PCAP_PDR
-rw------- 1 dsp dsp 2.0G Jul 12 13:53 /data/TRANSIENT_BUFFER/PDR_GULP_data000.pcap_12_07_2026_13_53_1783844608.PCAP_PDR
-rw------- 1 dsp dsp 2.0G Jul 12 13:53 /data/TRANSIENT_BUFFER/PDR_GULP_data001.pcap_12_07_2026_13_53_1783844637.PCAP_PDR
-rw------- 1 dsp dsp 2.0G Jul 12 13:54 /data/TRANSIENT_BUFFER/PDR_GULP_data002.pcap_12_07_2026_13_54_1783844666.PCAP_PDR
-rw------- 1 dsp dsp 2.0G Jul 12 13:54 /data/TRANSIENT_BUFFER/PDR_GULP_data000.pcap_12_07_2026_13_54_1783844695.PCAP_PDR
-rw------- 1 dsp dsp 2.0G Jul 12 13:55 /data/TRANSIENT_BUFFER/PDR_GULP_data001.pcap_12_07_2026_13_55_1783844725.PCAP_PDR
12-07-2026 13:55 RAW PCAP data moved from Transient Buffer.
12-07-2026 13:55 SLIP check Started ...
12-07-2026 13:55 - WARNING - Data Directory: /data/dsp/GBD_TRANSIENT_BUFFER/J0837+0610/12_07_2026
12-07-2026 13:55 - WARNING - Number of Files: 80
12-07-2026 13:55 - WARNING - No packet loss: /data/dsp/GBD_TRANSIENT_BUFFER/J0837+0610/12_07_2026/PDR_GULP_data000.pcap_12_07_2026_13_16_1783842417.PCAP_PDR
12-07-2026 13:55 - WARNING - first_pkt_count, first_gps_count, first_pkt_Tstamp
12-07-2026 13:55 - WARNING - 2328802853 15740 2026-07-12T07:46:25.521314
12-07-2026 13:55 - WARNING - last_pkt_count, last_gps_count, last_pkt_Tstamp
12-07-2026 13:55 - WARNING - 2330685395 15769 2026-07-12T07:46:54.729190
12-07-2026 13:55 - WARNING - diff_pkt_count  , diff_gps_count ,  diff_pkt_timstamp
12-07-2026 13:55 - WARNING - 1882542 29 29207876 microseconds
12-07-2026 13:55 - WARNING - No packet loss: /data/dsp/GBD_TRANSIENT_BUFFER/J0837+0610/12_07_2026/PDR_GULP_data001.pcap_12_07_2026_13_17_1783842446.PCAP_PDR
12-07-2026 13:55 - WARNING - first_pkt_count, first_gps_count, first_pkt_Tstamp
12-07-2026 13:55 - WARNING - 2330685396 15769 2026-07-12T07:46:54.729190
12-07-2026 13:55 - WARNING - last_pkt_count, last_gps_count, last_pkt_Tstamp
12-07-2026 13:55 - WARNING - 2332567937 15798 2026-07-12T07:47:23.937205
12-07-2026 13:55 - WARNING - diff_pkt_count  , diff_gps_count ,  diff_pkt_timstamp
12-07-2026 13:55 - WARNING - 1882541 29 29208015 microseconds
12-07-2026 13:55 - WARNING - No packet loss: /data/dsp/GBD_TRANSIENT_BUFFER/J0837+0610/12_07_2026/PDR_GULP_data002.pcap_12_07_2026_13_17_1783842476.PCAP_PDR
12-07-2026 13:55 - WARNING - first_pkt_count, first_gps_count, first_pkt_Tstamp
12-07-2026 13:55 - WARNING - 2332567938 15798 2026-07-12T07:47:23.937206
12-07-2026 13:55 - WARNING - last_pkt_count, last_gps_count, last_pkt_Tstamp
12-07-2026 13:55 - WARNING - 2334450479 15828 2026-07-12T07:47:53.145086
12-07-2026 13:55 - WARNING - diff_pkt_count  , diff_gps_count ,  diff_pkt_timstamp
12-07-2026 13:55 - WARNING - 1882541 30 29207880 microseconds
12-07-2026 13:55 - WARNING - No packet loss: /data/dsp/GBD_TRANSIENT_BUFFER/J0837+0610/12_07_2026/PDR_GULP_data000.pcap_12_07_2026_13_18_1783842505.PCAP_PDR
12-07-2026 13:55 - WARNING - first_pkt_count, first_gps_count, first_pkt_Tstamp
12-07-2026 13:55 - WARNING - 2334450480 15828 2026-07-12T07:47:53.145086
12-07-2026 13:55 - WARNING - last_pkt_count, last_gps_count, last_pkt_Tstamp
12-07-2026 13:55 - WARNING - 2336333021 15857 2026-07-12T07:48:22.352988
12-07-2026 13:55 - WARNING - diff_pkt_count  , diff_gps_count ,  diff_pkt_timstamp
12-07-2026 13:55 - WARNING - 1882541 29 29207902 microseconds
12-07-2026 13:55 - WARNING - No packet loss: /data/dsp/GBD_TRANSIENT_BUFFER/J0837+0610/12_07_2026/PDR_GULP_data001.pcap_12_07_2026_13_18_1783842534.PCAP_PDR
12-07-2026 13:55 - WARNING - first_pkt_count, first_gps_count, first_pkt_Tstamp
12-07-2026 13:55 - WARNING - 2336333022 15857 2026-07-12T07:48:22.352988
12-07-2026 13:55 - WARNING - last_pkt_count, last_gps_count, last_pkt_Tstamp
12-07-2026 13:55 - WARNING - 2338215563 15886 2026-07-12T07:48:51.560937
12-07-2026 13:55 - WARNING - diff_pkt_count  , diff_gps_count ,  diff_pkt_timstamp
12-07-2026 13:55 - WARNING - 1882541 29 29207949 microseconds
12-07-2026 13:55 - WARNING - No packet loss: /data/dsp/GBD_TRANSIENT_BUFFER/J0837+0610/12_07_2026/PDR_GULP_data002.pcap_12_07_2026_13_19_1783842563.PCAP_PDR
12-07-2026 13:55 - WARNING - first_pkt_count, first_gps_count, first_pkt_Tstamp
12-07-2026 13:55 - WARNING - 2338215564 15886 2026-07-12T07:48:51.560937
12-07-2026 13:55 - WARNING - last_pkt_count, last_gps_count, last_pkt_Tstamp
12-07-2026 13:55 - WARNING - 2340098105 15915 2026-07-12T07:49:20.768916
12-07-2026 13:55 - WARNING - diff_pkt_count  , diff_gps_count ,  diff_pkt_timstamp
12-07-2026 13:55 - WARNING - 1882541 29 29207979 microseconds
12-07-2026 13:55 - WARNING - No packet loss: /data/dsp/GBD_TRANSIENT_BUFFER/J0837+0610/12_07_2026/PDR_GULP_data000.pcap_12_07_2026_13_19_1783842592.PCAP_PDR
12-07-2026 13:55 - WARNING - first_pkt_count, first_gps_count, first_pkt_Tstamp
12-07-2026 13:55 - WARNING - 2340098106 15915 2026-07-12T07:49:20.768916
12-07-2026 13:55 - WARNING - last_pkt_count, last_gps_count, last_pkt_Tstamp
12-07-2026 13:55 - WARNING - 2341980648 15944 2026-07-12T07:49:49.976833
12-07-2026 13:55 - WARNING - diff_pkt_count  , diff_gps_count ,  diff_pkt_timstamp
12-07-2026 13:55 - WARNING - 1882542 29 29207917 microseconds
12-07-2026 13:55 - WARNING - No packet loss: /data/dsp/GBD_TRANSIENT_BUFFER/J0837+0610/12_07_2026/PDR_GULP_data001.pcap_12_07_2026_13_20_1783842622.PCAP_PDR
12-07-2026 13:55 - WARNING - first_pkt_count, first_gps_count, first_pkt_Tstamp
12-07-2026 13:55 - WARNING - 2341980649 15944 2026-07-12T07:49:49.976833
12-07-2026 13:55 - WARNING - last_pkt_count, last_gps_count, last_pkt_Tstamp
12-07-2026 13:55 - WARNING - 2343863190 15974 2026-07-12T07:50:19.184731
12-07-2026 13:55 - WARNING - diff_pkt_count  , diff_gps_count ,  diff_pkt_timstamp
12-07-2026 13:55 - WARNING - 1882541 30 29207898 microseconds
12-07-2026 13:55 - WARNING - No packet loss: /data/dsp/GBD_TRANSIENT_BUFFER/J0837+0610/12_07_2026/PDR_GULP_data002.pcap_12_07_2026_13_20_1783842651.PCAP_PDR
12-07-2026 13:55 - WARNING - first_pkt_count, first_gps_count, first_pkt_Tstamp
12-07-2026 13:55 - WARNING - 2343863191 15974 2026-07-12T07:50:19.184731
12-07-2026 13:55 - WARNING - last_pkt_count, last_gps_count, last_pkt_Tstamp
12-07-2026 13:55 - WARNING - 2345745732 16003 2026-07-12T07:50:48.392649
12-07-2026 13:55 - WARNING - diff_pkt_count  , diff_gps_count ,  diff_pkt_timstamp
12-07-2026 13:55 - WARNING - 1882541 29 29207918 microseconds
12-07-2026 13:55 - WARNING - No packet loss: /data/dsp/GBD_TRANSIENT_BUFFER/J0837+0610/12_07_2026/PDR_GULP_data000.pcap_12_07_2026_13_21_1783842680.PCAP_PDR
12-07-2026 13:55 - WARNING - first_pkt_count, first_gps_count, first_pkt_Tstamp
12-07-2026 13:55 - WARNING - 2345745733 16003 2026-07-12T07:50:48.392735
12-07-2026 13:55 - WARNING - last_pkt_count, last_gps_count, last_pkt_Tstamp
12-07-2026 13:55 - WARNING - 2347628274 16032 2026-07-12T07:51:17.600623
12-07-2026 13:55 - WARNING - diff_pkt_count  , diff_gps_count ,  diff_pkt_timstamp
12-07-2026 13:55 - WARNING - 1882541 29 29207888 microseconds
12-07-2026 13:55 - WARNING - No packet loss: /data/dsp/GBD_TRANSIENT_BUFFER/J0837+0610/12_07_2026/PDR_GULP_data001.pcap_12_07_2026_13_21_1783842709.PCAP_PDR
12-07-2026 13:55 - WARNING - first_pkt_count, first_gps_count, first_pkt_Tstamp
12-07-2026 13:55 - WARNING - 2347628275 16032 2026-07-12T07:51:17.600623
12-07-2026 13:55 - WARNING - last_pkt_count, last_gps_count, last_pkt_Tstamp
12-07-2026 13:55 - WARNING - 2349510816 16061 2026-07-12T07:51:46.808486
12-07-2026 13:55 - WARNING - diff_pkt_count  , diff_gps_count ,  diff_pkt_timstamp
12-07-2026 13:55 - WARNING - 1882541 29 29207863 microseconds
12-07-2026 13:55 - WARNING - No packet loss: /data/dsp/GBD_TRANSIENT_BUFFER/J0837+0610/12_07_2026/PDR_GULP_data002.pcap_12_07_2026_13_22_1783842739.PCAP_PDR
12-07-2026 13:55 - WARNING - first_pkt_count, first_gps_count, first_pkt_Tstamp
12-07-2026 13:55 - WARNING - 2349510817 16061 2026-07-12T07:51:46.808538
12-07-2026 13:55 - WARNING - last_pkt_count, last_gps_count, last_pkt_Tstamp
12-07-2026 13:55 - WARNING - 2351393358 16091 2026-07-12T07:52:16.016418
12-07-2026 13:55 - WARNING - diff_pkt_count  , diff_gps_count ,  diff_pkt_timstamp
12-07-2026 13:55 - WARNING - 1882541 30 29207880 microseconds
12-07-2026 13:55 - WARNING - No packet loss: /data/dsp/GBD_TRANSIENT_BUFFER/J0837+0610/12_07_2026/PDR_GULP_data000.pcap_12_07_2026_13_22_1783842768.PCAP_PDR
12-07-2026 13:55 - WARNING - first_pkt_count, first_gps_count, first_pkt_Tstamp
12-07-2026 13:55 - WARNING - 2351393359 16091 2026-07-12T07:52:16.016471
12-07-2026 13:55 - WARNING - last_pkt_count, last_gps_count, last_pkt_Tstamp
12-07-2026 13:55 - WARNING - 2353275901 16120 2026-07-12T07:52:45.224401
12-07-2026 13:55 - WARNING - diff_pkt_count  , diff_gps_count ,  diff_pkt_timstamp
12-07-2026 13:55 - WARNING - 1882542 29 29207930 microseconds
12-07-2026 13:55 - WARNING - No packet loss: /data/dsp/GBD_TRANSIENT_BUFFER/J0837+0610/12_07_2026/PDR_GULP_data001.pcap_12_07_2026_13_23_1783842797.PCAP_PDR
12-07-2026 13:55 - WARNING - first_pkt_count, first_gps_count, first_pkt_Tstamp
12-07-2026 13:55 - WARNING - 2353275902 16120 2026-07-12T07:52:45.224401
12-07-2026 13:55 - WARNING - last_pkt_count, last_gps_count, last_pkt_Tstamp
12-07-2026 13:55 - WARNING - 2355158443 16149 2026-07-12T07:53:14.432311
12-07-2026 13:55 - WARNING - diff_pkt_count  , diff_gps_count ,  diff_pkt_timstamp
12-07-2026 13:55 - WARNING - 1882541 29 29207910 microseconds
12-07-2026 13:55 - WARNING - No packet loss: /data/dsp/GBD_TRANSIENT_BUFFER/J0837+0610/12_07_2026/PDR_GULP_data002.pcap_12_07_2026_13_23_1783842826.PCAP_PDR
12-07-2026 13:55 - WARNING - first_pkt_count, first_gps_count, first_pkt_Tstamp
12-07-2026 13:55 - WARNING - 2355158444 16149 2026-07-12T07:53:14.432312
12-07-2026 13:55 - WARNING - last_pkt_count, last_gps_count, last_pkt_Tstamp
12-07-2026 13:55 - WARNING - 2357040985 16178 2026-07-12T07:53:43.640211
12-07-2026 13:55 - WARNING - diff_pkt_count  , diff_gps_count ,  diff_pkt_timstamp
12-07-2026 13:55 - WARNING - 1882541 29 29207899 microseconds
12-07-2026 13:55 - WARNING - No packet loss: /data/dsp/GBD_TRANSIENT_BUFFER/J0837+0610/12_07_2026/PDR_GULP_data000.pcap_12_07_2026_13_24_1783842855.PCAP_PDR
12-07-2026 13:55 - WARNING - first_pkt_count, first_gps_count, first_pkt_Tstamp
12-07-2026 13:55 - WARNING - 2357040986 16178 2026-07-12T07:53:43.640211
12-07-2026 13:55 - WARNING - last_pkt_count, last_gps_count, last_pkt_Tstamp
12-07-2026 13:55 - WARNING - 2358923527 16207 2026-07-12T07:54:12.848141
12-07-2026 13:55 - WARNING - diff_pkt_count  , diff_gps_count ,  diff_pkt_timstamp
12-07-2026 13:55 - WARNING - 1882541 29 29207930 microseconds
12-07-2026 13:55 - WARNING - No packet loss: /data/dsp/GBD_TRANSIENT_BUFFER/J0837+0610/12_07_2026/PDR_GULP_data001.pcap_12_07_2026_13_24_1783842885.PCAP_PDR
12-07-2026 13:55 - WARNING - first_pkt_count, first_gps_count, first_pkt_Tstamp
12-07-2026 13:55 - WARNING - 2358923528 16207 2026-07-12T07:54:12.848141
12-07-2026 13:55 - WARNING - last_pkt_count, last_gps_count, last_pkt_Tstamp
12-07-2026 13:55 - WARNING - 2360806069 16237 2026-07-12T07:54:42.056016
12-07-2026 13:55 - WARNING - diff_pkt_count  , diff_gps_count ,  diff_pkt_timstamp
12-07-2026 13:55 - WARNING - 1882541 30 29207875 microseconds
12-07-2026 13:55 - WARNING - No packet loss: /data/dsp/GBD_TRANSIENT_BUFFER/J0837+0610/12_07_2026/PDR_GULP_data002.pcap_12_07_2026_13_25_1783842914.PCAP_PDR
12-07-2026 13:55 - WARNING - first_pkt_count, first_gps_count, first_pkt_Tstamp
12-07-2026 13:55 - WARNING - 2360806070 16237 2026-07-12T07:54:42.056071
12-07-2026 13:55 - WARNING - last_pkt_count, last_gps_count, last_pkt_Tstamp
12-07-2026 13:55 - WARNING - 2362688611 16266 2026-07-12T07:55:11.263941
12-07-2026 13:55 - WARNING - diff_pkt_count  , diff_gps_count ,  diff_pkt_timstamp
12-07-2026 13:55 - WARNING - 1882541 29 29207870 microseconds
12-07-2026 13:55 - WARNING - No packet loss: /data/dsp/GBD_TRANSIENT_BUFFER/J0837+0610/12_07_2026/PDR_GULP_data000.pcap_12_07_2026_13_25_1783842943.PCAP_PDR
12-07-2026 13:55 - WARNING - first_pkt_count, first_gps_count, first_pkt_Tstamp
12-07-2026 13:55 - WARNING - 2362688612 16266 2026-07-12T07:55:11.263994
12-07-2026 13:55 - WARNING - last_pkt_count, last_gps_count, last_pkt_Tstamp
12-07-2026 13:55 - WARNING - 2364571154 16295 2026-07-12T07:55:40.471876
12-07-2026 13:55 - WARNING - diff_pkt_count  , diff_gps_count ,  diff_pkt_timstamp
12-07-2026 13:55 - WARNING - 1882542 29 29207882 microseconds
12-07-2026 13:55 - WARNING - No packet loss: /data/dsp/GBD_TRANSIENT_BUFFER/J0837+0610/12_07_2026/PDR_GULP_data001.pcap_12_07_2026_13_26_1783842972.PCAP_PDR
12-07-2026 13:55 - WARNING - first_pkt_count, first_gps_count, first_pkt_Tstamp
12-07-2026 13:55 - WARNING - 2364571155 16295 2026-07-12T07:55:40.471876
12-07-2026 13:55 - WARNING - last_pkt_count, last_gps_count, last_pkt_Tstamp
12-07-2026 13:55 - WARNING - 2366453696 16324 2026-07-12T07:56:09.679807
12-07-2026 13:55 - WARNING - diff_pkt_count  , diff_gps_count ,  diff_pkt_timstamp
12-07-2026 13:55 - WARNING - 1882541 29 29207931 microseconds
12-07-2026 13:55 - WARNING - No packet loss: /data/dsp/GBD_TRANSIENT_BUFFER/J0837+0610/12_07_2026/PDR_GULP_data002.pcap_12_07_2026_13_26_1783843001.PCAP_PDR
12-07-2026 13:55 - WARNING - first_pkt_count, first_gps_count, first_pkt_Tstamp
12-07-2026 13:55 - WARNING - 2366453697 16324 2026-07-12T07:56:09.679807
12-07-2026 13:55 - WARNING - last_pkt_count, last_gps_count, last_pkt_Tstamp
12-07-2026 13:55 - WARNING - 2368336238 16353 2026-07-12T07:56:38.887677
12-07-2026 13:55 - WARNING - diff_pkt_count  , diff_gps_count ,  diff_pkt_timstamp
12-07-2026 13:55 - WARNING - 1882541 29 29207870 microseconds
12-07-2026 13:55 - WARNING - No packet loss: /data/dsp/GBD_TRANSIENT_BUFFER/J0837+0610/12_07_2026/PDR_GULP_data000.pcap_12_07_2026_13_27_1783843031.PCAP_PDR
12-07-2026 13:55 - WARNING - first_pkt_count, first_gps_count, first_pkt_Tstamp
12-07-2026 13:55 - WARNING - 2368336239 16353 2026-07-12T07:56:38.887731
12-07-2026 13:55 - WARNING - last_pkt_count, last_gps_count, last_pkt_Tstamp
12-07-2026 13:55 - WARNING - 2370218780 16383 2026-07-12T07:57:08.095632
12-07-2026 13:55 - WARNING - diff_pkt_count  , diff_gps_count ,  diff_pkt_timstamp
12-07-2026 13:55 - WARNING - 1882541 30 29207901 microseconds
12-07-2026 13:55 - WARNING - No packet loss: /data/dsp/GBD_TRANSIENT_BUFFER/J0837+0610/12_07_2026/PDR_GULP_data001.pcap_12_07_2026_13_27_1783843060.PCAP_PDR
12-07-2026 13:55 - WARNING - first_pkt_count, first_gps_count, first_pkt_Tstamp
12-07-2026 13:55 - WARNING - 2370218781 16383 2026-07-12T07:57:08.095632
12-07-2026 13:55 - WARNING - last_pkt_count, last_gps_count, last_pkt_Tstamp
12-07-2026 13:55 - WARNING - 2372101322 16412 2026-07-12T07:57:37.303545
12-07-2026 13:55 - WARNING - diff_pkt_count  , diff_gps_count ,  diff_pkt_timstamp
12-07-2026 13:55 - WARNING - 1882541 29 29207913 microseconds
12-07-2026 13:55 - WARNING - No packet loss: /data/dsp/GBD_TRANSIENT_BUFFER/J0837+0610/12_07_2026/PDR_GULP_data002.pcap_12_07_2026_13_28_1783843089.PCAP_PDR
12-07-2026 13:55 - WARNING - first_pkt_count, first_gps_count, first_pkt_Tstamp
12-07-2026 13:55 - WARNING - 2372101323 16412 2026-07-12T07:57:37.303546
12-07-2026 13:55 - WARNING - last_pkt_count, last_gps_count, last_pkt_Tstamp
12-07-2026 13:55 - WARNING - 2373983864 16441 2026-07-12T07:58:06.511424
12-07-2026 13:55 - WARNING - diff_pkt_count  , diff_gps_count ,  diff_pkt_timstamp
12-07-2026 13:55 - WARNING - 1882541 29 29207878 microseconds
12-07-2026 13:55 - WARNING - No packet loss: /data/dsp/GBD_TRANSIENT_BUFFER/J0837+0610/12_07_2026/PDR_GULP_data000.pcap_12_07_2026_13_28_1783843118.PCAP_PDR
12-07-2026 13:55 - WARNING - first_pkt_count, first_gps_count, first_pkt_Tstamp
12-07-2026 13:55 - WARNING - 2373983865 16441 2026-07-12T07:58:06.511425
12-07-2026 13:55 - WARNING - last_pkt_count, last_gps_count, last_pkt_Tstamp
12-07-2026 13:55 - WARNING - 2375866407 16470 2026-07-12T07:58:35.719356
12-07-2026 13:55 - WARNING - diff_pkt_count  , diff_gps_count ,  diff_pkt_timstamp
12-07-2026 13:55 - WARNING - 1882542 29 29207931 microseconds
12-07-2026 13:55 - WARNING - No packet loss: /data/dsp/GBD_TRANSIENT_BUFFER/J0837+0610/12_07_2026/PDR_GULP_data001.pcap_12_07_2026_13_29_1783843147.PCAP_PDR
12-07-2026 13:55 - WARNING - first_pkt_count, first_gps_count, first_pkt_Tstamp
12-07-2026 13:55 - WARNING - 2375866408 16470 2026-07-12T07:58:35.719407
12-07-2026 13:55 - WARNING - last_pkt_count, last_gps_count, last_pkt_Tstamp
12-07-2026 13:55 - WARNING - 2377748949 16499 2026-07-12T07:59:04.927583
12-07-2026 13:55 - WARNING - diff_pkt_count  , diff_gps_count ,  diff_pkt_timstamp
12-07-2026 13:55 - WARNING - 1882541 29 29208176 microseconds
12-07-2026 13:55 - WARNING - No packet loss: /data/dsp/GBD_TRANSIENT_BUFFER/J0837+0610/12_07_2026/PDR_GULP_data002.pcap_12_07_2026_13_29_1783843177.PCAP_PDR
12-07-2026 13:55 - WARNING - first_pkt_count, first_gps_count, first_pkt_Tstamp
12-07-2026 13:55 - WARNING - 2377748950 16499 2026-07-12T07:59:04.927584
12-07-2026 13:55 - WARNING - last_pkt_count, last_gps_count, last_pkt_Tstamp
12-07-2026 13:55 - WARNING - 2379631491 16529 2026-07-12T07:59:34.135758
12-07-2026 13:55 - WARNING - diff_pkt_count  , diff_gps_count ,  diff_pkt_timstamp
12-07-2026 13:55 - WARNING - 1882541 30 29208174 microseconds
12-07-2026 13:55 - WARNING - No packet loss: /data/dsp/GBD_TRANSIENT_BUFFER/J0837+0610/12_07_2026/PDR_GULP_data000.pcap_12_07_2026_13_30_1783843206.PCAP_PDR
12-07-2026 13:55 - WARNING - first_pkt_count, first_gps_count, first_pkt_Tstamp
12-07-2026 13:55 - WARNING - 2379631492 16529 2026-07-12T07:59:34.135758
12-07-2026 13:55 - WARNING - last_pkt_count, last_gps_count, last_pkt_Tstamp
12-07-2026 13:55 - WARNING - 2381514033 16558 2026-07-12T08:00:03.343930
12-07-2026 13:55 - WARNING - diff_pkt_count  , diff_gps_count ,  diff_pkt_timstamp
12-07-2026 13:55 - WARNING - 1882541 29 29208172 microseconds
12-07-2026 13:55 - WARNING - No packet loss: /data/dsp/GBD_TRANSIENT_BUFFER/J0837+0610/12_07_2026/PDR_GULP_data001.pcap_12_07_2026_13_30_1783843235.PCAP_PDR
12-07-2026 13:55 - WARNING - first_pkt_count, first_gps_count, first_pkt_Tstamp
12-07-2026 13:55 - WARNING - 2381514034 16558 2026-07-12T08:00:03.343982
12-07-2026 13:55 - WARNING - last_pkt_count, last_gps_count, last_pkt_Tstamp
12-07-2026 13:55 - WARNING - 2383396575 16587 2026-07-12T08:00:32.552166
12-07-2026 13:55 - WARNING - diff_pkt_count  , diff_gps_count ,  diff_pkt_timstamp
12-07-2026 13:55 - WARNING - 1882541 29 29208184 microseconds
12-07-2026 13:55 - WARNING - No packet loss: /data/dsp/GBD_TRANSIENT_BUFFER/J0837+0610/12_07_2026/PDR_GULP_data002.pcap_12_07_2026_13_31_1783843264.PCAP_PDR
12-07-2026 13:55 - WARNING - first_pkt_count, first_gps_count, first_pkt_Tstamp
12-07-2026 13:55 - WARNING - 2383396576 16587 2026-07-12T08:00:32.552167
12-07-2026 13:55 - WARNING - last_pkt_count, last_gps_count, last_pkt_Tstamp
12-07-2026 13:55 - WARNING - 2385279117 16616 2026-07-12T08:01:01.760270
12-07-2026 13:55 - WARNING - diff_pkt_count  , diff_gps_count ,  diff_pkt_timstamp
12-07-2026 13:55 - WARNING - 1882541 29 29208103 microseconds
12-07-2026 13:55 - WARNING - No packet loss: /data/dsp/GBD_TRANSIENT_BUFFER/J0837+0610/12_07_2026/PDR_GULP_data000.pcap_12_07_2026_13_31_1783843293.PCAP_PDR
12-07-2026 13:55 - WARNING - first_pkt_count, first_gps_count, first_pkt_Tstamp
12-07-2026 13:55 - WARNING - 2385279118 16616 2026-07-12T08:01:01.760271
12-07-2026 13:55 - WARNING - last_pkt_count, last_gps_count, last_pkt_Tstamp
12-07-2026 13:55 - WARNING - 2387161660 16645 2026-07-12T08:01:30.968445
12-07-2026 13:55 - WARNING - diff_pkt_count  , diff_gps_count ,  diff_pkt_timstamp
12-07-2026 13:55 - WARNING - 1882542 29 29208174 microseconds
12-07-2026 13:55 - WARNING - No packet loss: /data/dsp/GBD_TRANSIENT_BUFFER/J0837+0610/12_07_2026/PDR_GULP_data001.pcap_12_07_2026_13_32_1783843323.PCAP_PDR
12-07-2026 13:55 - WARNING - first_pkt_count, first_gps_count, first_pkt_Tstamp
12-07-2026 13:55 - WARNING - 2387161661 16645 2026-07-12T08:01:30.968446
12-07-2026 13:55 - WARNING - last_pkt_count, last_gps_count, last_pkt_Tstamp
12-07-2026 13:55 - WARNING - 2389044202 16675 2026-07-12T08:02:00.176537
12-07-2026 13:55 - WARNING - diff_pkt_count  , diff_gps_count ,  diff_pkt_timstamp
12-07-2026 13:55 - WARNING - 1882541 30 29208091 microseconds
12-07-2026 13:55 - WARNING - No packet loss: /data/dsp/GBD_TRANSIENT_BUFFER/J0837+0610/12_07_2026/PDR_GULP_data002.pcap_12_07_2026_13_32_1783843352.PCAP_PDR
12-07-2026 13:55 - WARNING - first_pkt_count, first_gps_count, first_pkt_Tstamp
12-07-2026 13:55 - WARNING - 2389044203 16675 2026-07-12T08:02:00.176591
12-07-2026 13:55 - WARNING - last_pkt_count, last_gps_count, last_pkt_Tstamp
12-07-2026 13:55 - WARNING - 2390926744 16704 2026-07-12T08:02:29.384722
12-07-2026 13:55 - WARNING - diff_pkt_count  , diff_gps_count ,  diff_pkt_timstamp
12-07-2026 13:55 - WARNING - 1882541 29 29208131 microseconds
12-07-2026 13:55 - WARNING - No packet loss: /data/dsp/GBD_TRANSIENT_BUFFER/J0837+0610/12_07_2026/PDR_GULP_data000.pcap_12_07_2026_13_33_1783843381.PCAP_PDR
12-07-2026 13:55 - WARNING - first_pkt_count, first_gps_count, first_pkt_Tstamp
12-07-2026 13:55 - WARNING - 2390926745 16704 2026-07-12T08:02:29.384722
12-07-2026 13:55 - WARNING - last_pkt_count, last_gps_count, last_pkt_Tstamp
12-07-2026 13:55 - WARNING - 2392809286 16733 2026-07-12T08:02:58.592817
12-07-2026 13:55 - WARNING - diff_pkt_count  , diff_gps_count ,  diff_pkt_timstamp
12-07-2026 13:55 - WARNING - 1882541 29 29208095 microseconds
12-07-2026 13:55 - WARNING - No packet loss: /data/dsp/GBD_TRANSIENT_BUFFER/J0837+0610/12_07_2026/PDR_GULP_data001.pcap_12_07_2026_13_33_1783843410.PCAP_PDR
12-07-2026 13:55 - WARNING - first_pkt_count, first_gps_count, first_pkt_Tstamp
12-07-2026 13:55 - WARNING - 2392809287 16733 2026-07-12T08:02:58.592817
12-07-2026 13:55 - WARNING - last_pkt_count, last_gps_count, last_pkt_Tstamp
12-07-2026 13:55 - WARNING - 2394691828 16762 2026-07-12T08:03:27.800945
12-07-2026 13:55 - WARNING - diff_pkt_count  , diff_gps_count ,  diff_pkt_timstamp
12-07-2026 13:55 - WARNING - 1882541 29 29208128 microseconds
12-07-2026 13:55 - WARNING - No packet loss: /data/dsp/GBD_TRANSIENT_BUFFER/J0837+0610/12_07_2026/PDR_GULP_data002.pcap_12_07_2026_13_34_1783843440.PCAP_PDR
12-07-2026 13:55 - WARNING - first_pkt_count, first_gps_count, first_pkt_Tstamp
12-07-2026 13:55 - WARNING - 2394691829 16762 2026-07-12T08:03:27.800946
12-07-2026 13:55 - WARNING - last_pkt_count, last_gps_count, last_pkt_Tstamp
12-07-2026 13:55 - WARNING - 2396574370 16792 2026-07-12T08:03:57.009065
12-07-2026 13:55 - WARNING - diff_pkt_count  , diff_gps_count ,  diff_pkt_timstamp
12-07-2026 13:55 - WARNING - 1882541 30 29208119 microseconds
12-07-2026 13:55 - WARNING - No packet loss: /data/dsp/GBD_TRANSIENT_BUFFER/J0837+0610/12_07_2026/PDR_GULP_data000.pcap_12_07_2026_13_34_1783843469.PCAP_PDR
12-07-2026 13:55 - WARNING - first_pkt_count, first_gps_count, first_pkt_Tstamp
12-07-2026 13:55 - WARNING - 2396574371 16792 2026-07-12T08:03:57.009065
12-07-2026 13:55 - WARNING - last_pkt_count, last_gps_count, last_pkt_Tstamp
12-07-2026 13:55 - WARNING - 2398456913 16821 2026-07-12T08:04:26.217126
12-07-2026 13:55 - WARNING - diff_pkt_count  , diff_gps_count ,  diff_pkt_timstamp
12-07-2026 13:55 - WARNING - 1882542 29 29208061 microseconds
12-07-2026 13:55 - WARNING - No packet loss: /data/dsp/GBD_TRANSIENT_BUFFER/J0837+0610/12_07_2026/PDR_GULP_data001.pcap_12_07_2026_13_34_1783843498.PCAP_PDR
12-07-2026 13:55 - WARNING - first_pkt_count, first_gps_count, first_pkt_Tstamp
12-07-2026 13:55 - WARNING - 2398456914 16821 2026-07-12T08:04:26.217126
12-07-2026 13:55 - WARNING - last_pkt_count, last_gps_count, last_pkt_Tstamp
12-07-2026 13:55 - WARNING - 2400339455 16850 2026-07-12T08:04:55.425272
12-07-2026 13:55 - WARNING - diff_pkt_count  , diff_gps_count ,  diff_pkt_timstamp
12-07-2026 13:55 - WARNING - 1882541 29 29208146 microseconds
12-07-2026 13:55 - WARNING - No packet loss: /data/dsp/GBD_TRANSIENT_BUFFER/J0837+0610/12_07_2026/PDR_GULP_data002.pcap_12_07_2026_13_35_1783843527.PCAP_PDR
12-07-2026 13:55 - WARNING - first_pkt_count, first_gps_count, first_pkt_Tstamp
12-07-2026 13:55 - WARNING - 2400339456 16850 2026-07-12T08:04:55.425272
12-07-2026 13:55 - WARNING - last_pkt_count, last_gps_count, last_pkt_Tstamp
12-07-2026 13:55 - WARNING - 2402221997 16879 2026-07-12T08:05:24.633289
12-07-2026 13:55 - WARNING - diff_pkt_count  , diff_gps_count ,  diff_pkt_timstamp
12-07-2026 13:55 - WARNING - 1882541 29 29208017 microseconds
12-07-2026 13:55 - WARNING - No packet loss: /data/dsp/GBD_TRANSIENT_BUFFER/J0837+0610/12_07_2026/PDR_GULP_data000.pcap_12_07_2026_13_35_1783843556.PCAP_PDR
12-07-2026 13:55 - WARNING - first_pkt_count, first_gps_count, first_pkt_Tstamp
12-07-2026 13:55 - WARNING - 2402221998 16879 2026-07-12T08:05:24.633290
12-07-2026 13:55 - WARNING - last_pkt_count, last_gps_count, last_pkt_Tstamp
12-07-2026 13:55 - WARNING - 2404104539 16908 2026-07-12T08:05:53.841342
12-07-2026 13:55 - WARNING - diff_pkt_count  , diff_gps_count ,  diff_pkt_timstamp
12-07-2026 13:55 - WARNING - 1882541 29 29208052 microseconds
12-07-2026 13:55 - WARNING - No packet loss: /data/dsp/GBD_TRANSIENT_BUFFER/J0837+0610/12_07_2026/PDR_GULP_data001.pcap_12_07_2026_13_36_1783843586.PCAP_PDR
12-07-2026 13:55 - WARNING - first_pkt_count, first_gps_count, first_pkt_Tstamp
12-07-2026 13:55 - WARNING - 2404104540 16908 2026-07-12T08:05:53.841342
12-07-2026 13:55 - WARNING - last_pkt_count, last_gps_count, last_pkt_Tstamp
12-07-2026 13:55 - WARNING - 2405987081 16938 2026-07-12T08:06:23.049421
12-07-2026 13:55 - WARNING - diff_pkt_count  , diff_gps_count ,  diff_pkt_timstamp
12-07-2026 13:55 - WARNING - 1882541 30 29208079 microseconds
12-07-2026 13:55 - WARNING - No packet loss: /data/dsp/GBD_TRANSIENT_BUFFER/J0837+0610/12_07_2026/PDR_GULP_data002.pcap_12_07_2026_13_36_1783843615.PCAP_PDR
12-07-2026 13:55 - WARNING - first_pkt_count, first_gps_count, first_pkt_Tstamp
12-07-2026 13:55 - WARNING - 2405987082 16938 2026-07-12T08:06:23.049422
12-07-2026 13:55 - WARNING - last_pkt_count, last_gps_count, last_pkt_Tstamp
12-07-2026 13:55 - WARNING - 2407869623 16967 2026-07-12T08:06:52.257447
12-07-2026 13:55 - WARNING - diff_pkt_count  , diff_gps_count ,  diff_pkt_timstamp
12-07-2026 13:55 - WARNING - 1882541 29 29208025 microseconds
12-07-2026 13:55 - WARNING - No packet loss: /data/dsp/GBD_TRANSIENT_BUFFER/J0837+0610/12_07_2026/PDR_GULP_data000.pcap_12_07_2026_13_37_1783843644.PCAP_PDR
12-07-2026 13:55 - WARNING - first_pkt_count, first_gps_count, first_pkt_Tstamp
12-07-2026 13:55 - WARNING - 2407869624 16967 2026-07-12T08:06:52.257499
12-07-2026 13:55 - WARNING - last_pkt_count, last_gps_count, last_pkt_Tstamp
12-07-2026 13:55 - WARNING - 2409752166 16996 2026-07-12T08:07:21.465577
12-07-2026 13:55 - WARNING - diff_pkt_count  , diff_gps_count ,  diff_pkt_timstamp
12-07-2026 13:55 - WARNING - 1882542 29 29208078 microseconds
12-07-2026 13:55 - WARNING - No packet loss: /data/dsp/GBD_TRANSIENT_BUFFER/J0837+0610/12_07_2026/PDR_GULP_data001.pcap_12_07_2026_13_37_1783843673.PCAP_PDR
12-07-2026 13:55 - WARNING - first_pkt_count, first_gps_count, first_pkt_Tstamp
12-07-2026 13:55 - WARNING - 2409752167 16996 2026-07-12T08:07:21.465577
12-07-2026 13:55 - WARNING - last_pkt_count, last_gps_count, last_pkt_Tstamp
12-07-2026 13:55 - WARNING - 2411634708 17025 2026-07-12T08:07:50.673579
12-07-2026 13:55 - WARNING - diff_pkt_count  , diff_gps_count ,  diff_pkt_timstamp
12-07-2026 13:55 - WARNING - 1882541 29 29208002 microseconds
12-07-2026 13:55 - WARNING - No packet loss: /data/dsp/GBD_TRANSIENT_BUFFER/J0837+0610/12_07_2026/PDR_GULP_data002.pcap_12_07_2026_13_38_1783843702.PCAP_PDR
12-07-2026 13:55 - WARNING - first_pkt_count, first_gps_count, first_pkt_Tstamp
12-07-2026 13:55 - WARNING - 2411634709 17025 2026-07-12T08:07:50.673633
12-07-2026 13:55 - WARNING - last_pkt_count, last_gps_count, last_pkt_Tstamp
12-07-2026 13:55 - WARNING - 2413517250 17054 2026-07-12T08:08:19.881611
12-07-2026 13:55 - WARNING - diff_pkt_count  , diff_gps_count ,  diff_pkt_timstamp
12-07-2026 13:55 - WARNING - 1882541 29 29207978 microseconds
12-07-2026 13:55 - WARNING - No packet loss: /data/dsp/GBD_TRANSIENT_BUFFER/J0837+0610/12_07_2026/PDR_GULP_data000.pcap_12_07_2026_13_38_1783843732.PCAP_PDR
12-07-2026 13:55 - WARNING - first_pkt_count, first_gps_count, first_pkt_Tstamp
12-07-2026 13:55 - WARNING - 2413517251 17054 2026-07-12T08:08:19.881611
12-07-2026 13:55 - WARNING - last_pkt_count, last_gps_count, last_pkt_Tstamp
12-07-2026 13:55 - WARNING - 2415399792 17084 2026-07-12T08:08:49.089733
12-07-2026 13:55 - WARNING - diff_pkt_count  , diff_gps_count ,  diff_pkt_timstamp
12-07-2026 13:55 - WARNING - 1882541 30 29208122 microseconds
12-07-2026 13:55 - WARNING - No packet loss: /data/dsp/GBD_TRANSIENT_BUFFER/J0837+0610/12_07_2026/PDR_GULP_data001.pcap_12_07_2026_13_39_1783843761.PCAP_PDR
12-07-2026 13:55 - WARNING - first_pkt_count, first_gps_count, first_pkt_Tstamp
12-07-2026 13:55 - WARNING - 2415399793 17084 2026-07-12T08:08:49.089733
12-07-2026 13:55 - WARNING - last_pkt_count, last_gps_count, last_pkt_Tstamp
12-07-2026 13:55 - WARNING - 2417282334 17113 2026-07-12T08:09:18.297710
12-07-2026 13:55 - WARNING - diff_pkt_count  , diff_gps_count ,  diff_pkt_timstamp
12-07-2026 13:55 - WARNING - 1882541 29 29207977 microseconds
12-07-2026 13:55 - WARNING - No packet loss: /data/dsp/GBD_TRANSIENT_BUFFER/J0837+0610/12_07_2026/PDR_GULP_data002.pcap_12_07_2026_13_39_1783843790.PCAP_PDR
12-07-2026 13:55 - WARNING - first_pkt_count, first_gps_count, first_pkt_Tstamp
12-07-2026 13:55 - WARNING - 2417282335 17113 2026-07-12T08:09:18.297711
12-07-2026 13:55 - WARNING - last_pkt_count, last_gps_count, last_pkt_Tstamp
12-07-2026 13:55 - WARNING - 2419164876 17142 2026-07-12T08:09:47.505727
12-07-2026 13:55 - WARNING - diff_pkt_count  , diff_gps_count ,  diff_pkt_timstamp
12-07-2026 13:55 - WARNING - 1882541 29 29208016 microseconds
12-07-2026 13:55 - WARNING - No packet loss: /data/dsp/GBD_TRANSIENT_BUFFER/J0837+0610/12_07_2026/PDR_GULP_data000.pcap_12_07_2026_13_40_1783843819.PCAP_PDR
12-07-2026 13:55 - WARNING - first_pkt_count, first_gps_count, first_pkt_Tstamp
12-07-2026 13:55 - WARNING - 2419164877 17142 2026-07-12T08:09:47.505727
12-07-2026 13:55 - WARNING - last_pkt_count, last_gps_count, last_pkt_Tstamp
12-07-2026 13:55 - WARNING - 2421047419 17171 2026-07-12T08:10:16.713758
12-07-2026 13:55 - WARNING - diff_pkt_count  , diff_gps_count ,  diff_pkt_timstamp
12-07-2026 13:55 - WARNING - 1882542 29 29208031 microseconds
12-07-2026 13:55 - WARNING - No packet loss: /data/dsp/GBD_TRANSIENT_BUFFER/J0837+0610/12_07_2026/PDR_GULP_data001.pcap_12_07_2026_13_40_1783843848.PCAP_PDR
12-07-2026 13:55 - WARNING - first_pkt_count, first_gps_count, first_pkt_Tstamp
12-07-2026 13:55 - WARNING - 2421047420 17171 2026-07-12T08:10:16.713848
12-07-2026 13:55 - WARNING - last_pkt_count, last_gps_count, last_pkt_Tstamp
12-07-2026 13:55 - WARNING - 2422929961 17200 2026-07-12T08:10:45.921792
12-07-2026 13:55 - WARNING - diff_pkt_count  , diff_gps_count ,  diff_pkt_timstamp
12-07-2026 13:55 - WARNING - 1882541 29 29207944 microseconds
12-07-2026 13:55 - WARNING - No packet loss: /data/dsp/GBD_TRANSIENT_BUFFER/J0837+0610/12_07_2026/PDR_GULP_data002.pcap_12_07_2026_13_41_1783843878.PCAP_PDR
12-07-2026 13:55 - WARNING - first_pkt_count, first_gps_count, first_pkt_Tstamp
12-07-2026 13:55 - WARNING - 2422929962 17200 2026-07-12T08:10:45.921792
12-07-2026 13:55 - WARNING - last_pkt_count, last_gps_count, last_pkt_Tstamp
12-07-2026 13:55 - WARNING - 2424812503 17230 2026-07-12T08:11:15.129811
12-07-2026 13:55 - WARNING - diff_pkt_count  , diff_gps_count ,  diff_pkt_timstamp
12-07-2026 13:55 - WARNING - 1882541 30 29208019 microseconds
12-07-2026 13:55 - WARNING - No packet loss: /data/dsp/GBD_TRANSIENT_BUFFER/J0837+0610/12_07_2026/PDR_GULP_data000.pcap_12_07_2026_13_41_1783843907.PCAP_PDR
12-07-2026 13:55 - WARNING - first_pkt_count, first_gps_count, first_pkt_Tstamp
12-07-2026 13:55 - WARNING - 2424812504 17230 2026-07-12T08:11:15.129811
12-07-2026 13:55 - WARNING - last_pkt_count, last_gps_count, last_pkt_Tstamp
12-07-2026 13:55 - WARNING - 2426695045 17259 2026-07-12T08:11:44.337818
12-07-2026 13:55 - WARNING - diff_pkt_count  , diff_gps_count ,  diff_pkt_timstamp
12-07-2026 13:55 - WARNING - 1882541 29 29208007 microseconds
12-07-2026 13:55 - WARNING - No packet loss: /data/dsp/GBD_TRANSIENT_BUFFER/J0837+0610/12_07_2026/PDR_GULP_data001.pcap_12_07_2026_13_42_1783843936.PCAP_PDR
12-07-2026 13:55 - WARNING - first_pkt_count, first_gps_count, first_pkt_Tstamp
12-07-2026 13:55 - WARNING - 2426695046 17259 2026-07-12T08:11:44.337819
12-07-2026 13:55 - WARNING - last_pkt_count, last_gps_count, last_pkt_Tstamp
12-07-2026 13:55 - WARNING - 2428577587 17288 2026-07-12T08:12:13.545822
12-07-2026 13:55 - WARNING - diff_pkt_count  , diff_gps_count ,  diff_pkt_timstamp
12-07-2026 13:55 - WARNING - 1882541 29 29208003 microseconds
12-07-2026 13:55 - WARNING - No packet loss: /data/dsp/GBD_TRANSIENT_BUFFER/J0837+0610/12_07_2026/PDR_GULP_data002.pcap_12_07_2026_13_42_1783843965.PCAP_PDR
12-07-2026 13:55 - WARNING - first_pkt_count, first_gps_count, first_pkt_Tstamp
12-07-2026 13:55 - WARNING - 2428577588 17288 2026-07-12T08:12:13.545914
12-07-2026 13:55 - WARNING - last_pkt_count, last_gps_count, last_pkt_Tstamp
12-07-2026 13:55 - WARNING - 2430460129 17317 2026-07-12T08:12:42.753856
12-07-2026 13:55 - WARNING - diff_pkt_count  , diff_gps_count ,  diff_pkt_timstamp
12-07-2026 13:55 - WARNING - 1882541 29 29207942 microseconds
12-07-2026 13:55 - WARNING - No packet loss: /data/dsp/GBD_TRANSIENT_BUFFER/J0837+0610/12_07_2026/PDR_GULP_data000.pcap_12_07_2026_13_43_1783843994.PCAP_PDR
12-07-2026 13:55 - WARNING - first_pkt_count, first_gps_count, first_pkt_Tstamp
12-07-2026 13:55 - WARNING - 2430460130 17317 2026-07-12T08:12:42.753856
12-07-2026 13:55 - WARNING - last_pkt_count, last_gps_count, last_pkt_Tstamp
12-07-2026 13:55 - WARNING - 2432342672 17346 2026-07-12T08:13:11.961929
12-07-2026 13:55 - WARNING - diff_pkt_count  , diff_gps_count ,  diff_pkt_timstamp
12-07-2026 13:55 - WARNING - 1882542 29 29208073 microseconds
12-07-2026 13:55 - WARNING - No packet loss: /data/dsp/GBD_TRANSIENT_BUFFER/J0837+0610/12_07_2026/PDR_GULP_data001.pcap_12_07_2026_13_43_1783844024.PCAP_PDR
12-07-2026 13:55 - WARNING - first_pkt_count, first_gps_count, first_pkt_Tstamp
12-07-2026 13:55 - WARNING - 2432342673 17346 2026-07-12T08:13:11.961929
12-07-2026 13:55 - WARNING - last_pkt_count, last_gps_count, last_pkt_Tstamp
12-07-2026 13:55 - WARNING - 2434225214 17376 2026-07-12T08:13:41.169869
12-07-2026 13:55 - WARNING - diff_pkt_count  , diff_gps_count ,  diff_pkt_timstamp
12-07-2026 13:55 - WARNING - 1882541 30 29207940 microseconds
12-07-2026 13:55 - WARNING - No packet loss: /data/dsp/GBD_TRANSIENT_BUFFER/J0837+0610/12_07_2026/PDR_GULP_data002.pcap_12_07_2026_13_44_1783844053.PCAP_PDR
12-07-2026 13:55 - WARNING - first_pkt_count, first_gps_count, first_pkt_Tstamp
12-07-2026 13:55 - WARNING - 2434225215 17376 2026-07-12T08:13:41.169869
12-07-2026 13:55 - WARNING - last_pkt_count, last_gps_count, last_pkt_Tstamp
12-07-2026 13:55 - WARNING - 2436107756 17405 2026-07-12T08:14:10.377870
12-07-2026 13:55 - WARNING - diff_pkt_count  , diff_gps_count ,  diff_pkt_timstamp
12-07-2026 13:55 - WARNING - 1882541 29 29208001 microseconds
12-07-2026 13:55 - WARNING - No packet loss: /data/dsp/GBD_TRANSIENT_BUFFER/J0837+0610/12_07_2026/PDR_GULP_data000.pcap_12_07_2026_13_44_1783844082.PCAP_PDR
12-07-2026 13:55 - WARNING - first_pkt_count, first_gps_count, first_pkt_Tstamp
12-07-2026 13:55 - WARNING - 2436107757 17405 2026-07-12T08:14:10.377870
12-07-2026 13:55 - WARNING - last_pkt_count, last_gps_count, last_pkt_Tstamp
12-07-2026 13:55 - WARNING - 2437990298 17434 2026-07-12T08:14:39.585840
12-07-2026 13:55 - WARNING - diff_pkt_count  , diff_gps_count ,  diff_pkt_timstamp
12-07-2026 13:55 - WARNING - 1882541 29 29207970 microseconds
12-07-2026 13:55 - WARNING - No packet loss: /data/dsp/GBD_TRANSIENT_BUFFER/J0837+0610/12_07_2026/PDR_GULP_data001.pcap_12_07_2026_13_45_1783844111.PCAP_PDR
12-07-2026 13:55 - WARNING - first_pkt_count, first_gps_count, first_pkt_Tstamp
12-07-2026 13:55 - WARNING - 2437990299 17434 2026-07-12T08:14:39.585893
12-07-2026 13:55 - WARNING - last_pkt_count, last_gps_count, last_pkt_Tstamp
12-07-2026 13:55 - WARNING - 2439872840 17463 2026-07-12T08:15:08.793889
12-07-2026 13:55 - WARNING - diff_pkt_count  , diff_gps_count ,  diff_pkt_timstamp
12-07-2026 13:55 - WARNING - 1882541 29 29207996 microseconds
12-07-2026 13:55 - WARNING - No packet loss: /data/dsp/GBD_TRANSIENT_BUFFER/J0837+0610/12_07_2026/PDR_GULP_data002.pcap_12_07_2026_13_45_1783844141.PCAP_PDR
12-07-2026 13:55 - WARNING - first_pkt_count, first_gps_count, first_pkt_Tstamp
12-07-2026 13:55 - WARNING - 2439872841 17463 2026-07-12T08:15:08.793890
12-07-2026 13:55 - WARNING - last_pkt_count, last_gps_count, last_pkt_Tstamp
12-07-2026 13:55 - WARNING - 2441755383 17492 2026-07-12T08:15:38.001856
12-07-2026 13:55 - WARNING - diff_pkt_count  , diff_gps_count ,  diff_pkt_timstamp
12-07-2026 13:55 - WARNING - 1882542 29 29207966 microseconds
12-07-2026 13:55 - WARNING - No packet loss: /data/dsp/GBD_TRANSIENT_BUFFER/J0837+0610/12_07_2026/PDR_GULP_data000.pcap_12_07_2026_13_46_1783844170.PCAP_PDR
12-07-2026 13:55 - WARNING - first_pkt_count, first_gps_count, first_pkt_Tstamp
12-07-2026 13:55 - WARNING - 2441755384 17492 2026-07-12T08:15:38.001856
12-07-2026 13:55 - WARNING - last_pkt_count, last_gps_count, last_pkt_Tstamp
12-07-2026 13:55 - WARNING - 2443637925 17522 2026-07-12T08:16:07.209853
12-07-2026 13:55 - WARNING - diff_pkt_count  , diff_gps_count ,  diff_pkt_timstamp
12-07-2026 13:55 - WARNING - 1882541 30 29207997 microseconds
12-07-2026 13:55 - WARNING - No packet loss: /data/dsp/GBD_TRANSIENT_BUFFER/J0837+0610/12_07_2026/PDR_GULP_data001.pcap_12_07_2026_13_46_1783844199.PCAP_PDR
12-07-2026 13:55 - WARNING - first_pkt_count, first_gps_count, first_pkt_Tstamp
12-07-2026 13:55 - WARNING - 2443637926 17522 2026-07-12T08:16:07.209944
12-07-2026 13:55 - WARNING - last_pkt_count, last_gps_count, last_pkt_Tstamp
12-07-2026 13:55 - WARNING - 2445520467 17551 2026-07-12T08:16:36.417835
12-07-2026 13:55 - WARNING - diff_pkt_count  , diff_gps_count ,  diff_pkt_timstamp
12-07-2026 13:55 - WARNING - 1882541 29 29207891 microseconds
12-07-2026 13:55 - WARNING - No packet loss: /data/dsp/GBD_TRANSIENT_BUFFER/J0837+0610/12_07_2026/PDR_GULP_data002.pcap_12_07_2026_13_47_1783844228.PCAP_PDR
12-07-2026 13:55 - WARNING - first_pkt_count, first_gps_count, first_pkt_Tstamp
12-07-2026 13:55 - WARNING - 2445520468 17551 2026-07-12T08:16:36.417887
12-07-2026 13:55 - WARNING - last_pkt_count, last_gps_count, last_pkt_Tstamp
12-07-2026 13:55 - WARNING - 2447403009 17580 2026-07-12T08:17:05.625809
12-07-2026 13:55 - WARNING - diff_pkt_count  , diff_gps_count ,  diff_pkt_timstamp
12-07-2026 13:55 - WARNING - 1882541 29 29207922 microseconds
12-07-2026 13:55 - WARNING - No packet loss: /data/dsp/GBD_TRANSIENT_BUFFER/J0837+0610/12_07_2026/PDR_GULP_data000.pcap_12_07_2026_13_47_1783844257.PCAP_PDR
12-07-2026 13:55 - WARNING - first_pkt_count, first_gps_count, first_pkt_Tstamp
12-07-2026 13:55 - WARNING - 2447403010 17580 2026-07-12T08:17:05.625878
12-07-2026 13:55 - WARNING - last_pkt_count, last_gps_count, last_pkt_Tstamp
12-07-2026 13:55 - WARNING - 2449285551 17609 2026-07-12T08:17:34.833821
12-07-2026 13:55 - WARNING - diff_pkt_count  , diff_gps_count ,  diff_pkt_timstamp
12-07-2026 13:55 - WARNING - 1882541 29 29207943 microseconds
12-07-2026 13:55 - WARNING - No packet loss: /data/dsp/GBD_TRANSIENT_BUFFER/J0837+0610/12_07_2026/PDR_GULP_data001.pcap_12_07_2026_13_48_1783844287.PCAP_PDR
12-07-2026 13:55 - WARNING - first_pkt_count, first_gps_count, first_pkt_Tstamp
12-07-2026 13:55 - WARNING - 2449285552 17609 2026-07-12T08:17:34.833821
12-07-2026 13:55 - WARNING - last_pkt_count, last_gps_count, last_pkt_Tstamp
12-07-2026 13:55 - WARNING - 2451168093 17639 2026-07-12T08:18:04.041817
12-07-2026 13:55 - WARNING - diff_pkt_count  , diff_gps_count ,  diff_pkt_timstamp
12-07-2026 13:55 - WARNING - 1882541 30 29207996 microseconds
12-07-2026 13:55 - WARNING - No packet loss: /data/dsp/GBD_TRANSIENT_BUFFER/J0837+0610/12_07_2026/PDR_GULP_data002.pcap_12_07_2026_13_48_1783844316.PCAP_PDR
12-07-2026 13:55 - WARNING - first_pkt_count, first_gps_count, first_pkt_Tstamp
12-07-2026 13:55 - WARNING - 2451168094 17639 2026-07-12T08:18:04.041817
12-07-2026 13:55 - WARNING - last_pkt_count, last_gps_count, last_pkt_Tstamp
12-07-2026 13:55 - WARNING - 2453050636 17668 2026-07-12T08:18:33.249829
12-07-2026 13:55 - WARNING - diff_pkt_count  , diff_gps_count ,  diff_pkt_timstamp
12-07-2026 13:55 - WARNING - 1882542 29 29208012 microseconds
12-07-2026 13:55 - WARNING - No packet loss: /data/dsp/GBD_TRANSIENT_BUFFER/J0837+0610/12_07_2026/PDR_GULP_data000.pcap_12_07_2026_13_49_1783844345.PCAP_PDR
12-07-2026 13:55 - WARNING - first_pkt_count, first_gps_count, first_pkt_Tstamp
12-07-2026 13:55 - WARNING - 2453050637 17668 2026-07-12T08:18:33.249830
12-07-2026 13:55 - WARNING - last_pkt_count, last_gps_count, last_pkt_Tstamp
12-07-2026 13:55 - WARNING - 2454933178 17697 2026-07-12T08:19:02.457856
12-07-2026 13:55 - WARNING - diff_pkt_count  , diff_gps_count ,  diff_pkt_timstamp
12-07-2026 13:55 - WARNING - 1882541 29 29208026 microseconds
12-07-2026 13:55 - WARNING - No packet loss: /data/dsp/GBD_TRANSIENT_BUFFER/J0837+0610/12_07_2026/PDR_GULP_data001.pcap_12_07_2026_13_49_1783844374.PCAP_PDR
12-07-2026 13:55 - WARNING - first_pkt_count, first_gps_count, first_pkt_Tstamp
12-07-2026 13:55 - WARNING - 2454933179 17697 2026-07-12T08:19:02.457856
12-07-2026 13:55 - WARNING - last_pkt_count, last_gps_count, last_pkt_Tstamp
12-07-2026 13:55 - WARNING - 2456815720 17726 2026-07-12T08:19:31.665793
12-07-2026 13:55 - WARNING - diff_pkt_count  , diff_gps_count ,  diff_pkt_timstamp
12-07-2026 13:55 - WARNING - 1882541 29 29207937 microseconds
12-07-2026 13:55 - WARNING - No packet loss: /data/dsp/GBD_TRANSIENT_BUFFER/J0837+0610/12_07_2026/PDR_GULP_data002.pcap_12_07_2026_13_50_1783844403.PCAP_PDR
12-07-2026 13:55 - WARNING - first_pkt_count, first_gps_count, first_pkt_Tstamp
12-07-2026 13:55 - WARNING - 2456815721 17726 2026-07-12T08:19:31.665793
12-07-2026 13:55 - WARNING - last_pkt_count, last_gps_count, last_pkt_Tstamp
12-07-2026 13:55 - WARNING - 2458698262 17755 2026-07-12T08:20:00.873747
12-07-2026 13:55 - WARNING - diff_pkt_count  , diff_gps_count ,  diff_pkt_timstamp
12-07-2026 13:55 - WARNING - 1882541 29 29207954 microseconds
12-07-2026 13:55 - WARNING - No packet loss: /data/dsp/GBD_TRANSIENT_BUFFER/J0837+0610/12_07_2026/PDR_GULP_data000.pcap_12_07_2026_13_50_1783844433.PCAP_PDR
12-07-2026 13:55 - WARNING - first_pkt_count, first_gps_count, first_pkt_Tstamp
12-07-2026 13:55 - WARNING - 2458698263 17755 2026-07-12T08:20:00.873747
12-07-2026 13:55 - WARNING - last_pkt_count, last_gps_count, last_pkt_Tstamp
12-07-2026 13:55 - WARNING - 2460580804 17785 2026-07-12T08:20:30.081732
12-07-2026 13:55 - WARNING - diff_pkt_count  , diff_gps_count ,  diff_pkt_timstamp
12-07-2026 13:55 - WARNING - 1882541 30 29207985 microseconds
12-07-2026 13:55 - WARNING - No packet loss: /data/dsp/GBD_TRANSIENT_BUFFER/J0837+0610/12_07_2026/PDR_GULP_data001.pcap_12_07_2026_13_51_1783844462.PCAP_PDR
12-07-2026 13:55 - WARNING - first_pkt_count, first_gps_count, first_pkt_Tstamp
12-07-2026 13:55 - WARNING - 2460580805 17785 2026-07-12T08:20:30.081732
12-07-2026 13:55 - WARNING - last_pkt_count, last_gps_count, last_pkt_Tstamp
12-07-2026 13:55 - WARNING - 2462463346 17814 2026-07-12T08:20:59.289718
12-07-2026 13:55 - WARNING - diff_pkt_count  , diff_gps_count ,  diff_pkt_timstamp
12-07-2026 13:55 - WARNING - 1882541 29 29207986 microseconds
12-07-2026 13:55 - WARNING - No packet loss: /data/dsp/GBD_TRANSIENT_BUFFER/J0837+0610/12_07_2026/PDR_GULP_data002.pcap_12_07_2026_13_51_1783844491.PCAP_PDR
12-07-2026 13:55 - WARNING - first_pkt_count, first_gps_count, first_pkt_Tstamp
12-07-2026 13:55 - WARNING - 2462463347 17814 2026-07-12T08:20:59.289719
12-07-2026 13:55 - WARNING - last_pkt_count, last_gps_count, last_pkt_Tstamp
12-07-2026 13:55 - WARNING - 2464345889 17843 2026-07-12T08:21:28.497747
12-07-2026 13:55 - WARNING - diff_pkt_count  , diff_gps_count ,  diff_pkt_timstamp
12-07-2026 13:55 - WARNING - 1882542 29 29208028 microseconds
12-07-2026 13:55 - WARNING - No packet loss: /data/dsp/GBD_TRANSIENT_BUFFER/J0837+0610/12_07_2026/PDR_GULP_data000.pcap_12_07_2026_13_52_1783844520.PCAP_PDR
12-07-2026 13:55 - WARNING - first_pkt_count, first_gps_count, first_pkt_Tstamp
12-07-2026 13:55 - WARNING - 2464345890 17843 2026-07-12T08:21:28.497747
12-07-2026 13:55 - WARNING - last_pkt_count, last_gps_count, last_pkt_Tstamp
12-07-2026 13:55 - WARNING - 2466228431 17872 2026-07-12T08:21:57.705653
12-07-2026 13:55 - WARNING - diff_pkt_count  , diff_gps_count ,  diff_pkt_timstamp
12-07-2026 13:55 - WARNING - 1882541 29 29207906 microseconds
12-07-2026 13:55 - WARNING - No packet loss: /data/dsp/GBD_TRANSIENT_BUFFER/J0837+0610/12_07_2026/PDR_GULP_data001.pcap_12_07_2026_13_52_1783844549.PCAP_PDR
12-07-2026 13:55 - WARNING - first_pkt_count, first_gps_count, first_pkt_Tstamp
12-07-2026 13:55 - WARNING - 2466228432 17872 2026-07-12T08:21:57.705706
12-07-2026 13:55 - WARNING - last_pkt_count, last_gps_count, last_pkt_Tstamp
12-07-2026 13:55 - WARNING - 2468110973 17901 2026-07-12T08:22:26.913639
12-07-2026 13:55 - WARNING - diff_pkt_count  , diff_gps_count ,  diff_pkt_timstamp
12-07-2026 13:55 - WARNING - 1882541 29 29207933 microseconds
12-07-2026 13:55 - WARNING - No packet loss: /data/dsp/GBD_TRANSIENT_BUFFER/J0837+0610/12_07_2026/PDR_GULP_data002.pcap_12_07_2026_13_52_1783844579.PCAP_PDR
12-07-2026 13:55 - WARNING - first_pkt_count, first_gps_count, first_pkt_Tstamp
12-07-2026 13:55 - WARNING - 2468110974 17901 2026-07-12T08:22:26.913639
12-07-2026 13:55 - WARNING - last_pkt_count, last_gps_count, last_pkt_Tstamp
12-07-2026 13:55 - WARNING - 2469993515 17931 2026-07-12T08:22:56.121622
12-07-2026 13:55 - WARNING - diff_pkt_count  , diff_gps_count ,  diff_pkt_timstamp
12-07-2026 13:55 - WARNING - 1882541 30 29207983 microseconds
12-07-2026 13:55 - WARNING - No packet loss: /data/dsp/GBD_TRANSIENT_BUFFER/J0837+0610/12_07_2026/PDR_GULP_data000.pcap_12_07_2026_13_53_1783844608.PCAP_PDR
12-07-2026 13:55 - WARNING - first_pkt_count, first_gps_count, first_pkt_Tstamp
12-07-2026 13:55 - WARNING - 2469993516 17931 2026-07-12T08:22:56.121622
12-07-2026 13:55 - WARNING - last_pkt_count, last_gps_count, last_pkt_Tstamp
12-07-2026 13:55 - WARNING - 2471876057 17960 2026-07-12T08:23:25.329576
12-07-2026 13:55 - WARNING - diff_pkt_count  , diff_gps_count ,  diff_pkt_timstamp
12-07-2026 13:55 - WARNING - 1882541 29 29207954 microseconds
12-07-2026 13:55 - WARNING - No packet loss: /data/dsp/GBD_TRANSIENT_BUFFER/J0837+0610/12_07_2026/PDR_GULP_data001.pcap_12_07_2026_13_53_1783844637.PCAP_PDR
12-07-2026 13:55 - WARNING - first_pkt_count, first_gps_count, first_pkt_Tstamp
12-07-2026 13:55 - WARNING - 2471876058 17960 2026-07-12T08:23:25.329629
12-07-2026 13:55 - WARNING - last_pkt_count, last_gps_count, last_pkt_Tstamp
12-07-2026 13:55 - WARNING - 2473758599 17989 2026-07-12T08:23:54.537553
12-07-2026 13:55 - WARNING - diff_pkt_count  , diff_gps_count ,  diff_pkt_timstamp
12-07-2026 13:55 - WARNING - 1882541 29 29207924 microseconds
12-07-2026 13:55 - WARNING - No packet loss: /data/dsp/GBD_TRANSIENT_BUFFER/J0837+0610/12_07_2026/PDR_GULP_data002.pcap_12_07_2026_13_54_1783844666.PCAP_PDR
12-07-2026 13:55 - WARNING - first_pkt_count, first_gps_count, first_pkt_Tstamp
12-07-2026 13:55 - WARNING - 2473758600 17989 2026-07-12T08:23:54.537606
12-07-2026 13:55 - WARNING - last_pkt_count, last_gps_count, last_pkt_Tstamp
12-07-2026 13:55 - WARNING - 2475641142 18018 2026-07-12T08:24:23.745554
12-07-2026 13:55 - WARNING - diff_pkt_count  , diff_gps_count ,  diff_pkt_timstamp
12-07-2026 13:55 - WARNING - 1882542 29 29207948 microseconds
12-07-2026 13:55 - WARNING - No packet loss: /data/dsp/GBD_TRANSIENT_BUFFER/J0837+0610/12_07_2026/PDR_GULP_data000.pcap_12_07_2026_13_54_1783844695.PCAP_PDR
12-07-2026 13:55 - WARNING - first_pkt_count, first_gps_count, first_pkt_Tstamp
12-07-2026 13:55 - WARNING - 2475641143 18018 2026-07-12T08:24:23.745554
12-07-2026 13:55 - WARNING - last_pkt_count, last_gps_count, last_pkt_Tstamp
12-07-2026 13:55 - WARNING - 2477523684 18047 2026-07-12T08:24:52.953515
12-07-2026 13:55 - WARNING - diff_pkt_count  , diff_gps_count ,  diff_pkt_timstamp
12-07-2026 13:55 - WARNING - 1882541 29 29207961 microseconds
12-07-2026 13:55 - WARNING - No packet loss: /data/dsp/GBD_TRANSIENT_BUFFER/J0837+0610/12_07_2026/PDR_GULP_data001.pcap_12_07_2026_13_55_1783844725.PCAP_PDR
12-07-2026 13:55 - WARNING - first_pkt_count, first_gps_count, first_pkt_Tstamp
12-07-2026 13:55 - WARNING - 2477523685 18047 2026-07-12T08:24:52.953515
12-07-2026 13:55 - WARNING - last_pkt_count, last_gps_count, last_pkt_Tstamp
12-07-2026 13:55 - WARNING - 2479406226 18077 2026-07-12T08:25:22.161492
12-07-2026 13:55 - WARNING - diff_pkt_count  , diff_gps_count ,  diff_pkt_timstamp
12-07-2026 13:55 - WARNING - 1882541 30 29207977 microseconds
12-07-2026 13:55 SLIP check Finished...
12-07-2026 13:55 Pulsar data reduction pipeline started ...
12-07-2026 13:55 - WARNING - Data Directory: /data/dsp/GBD_TRANSIENT_BUFFER/J0837+0610/12_07_2026
12-07-2026 13:55 - WARNING - Pulsar: J0837+0610
12-07-2026 13:55 - WARNING - CH selelction: 0
12-07-2026 13:55 - WARNING - Phase file: /home/dsp/PDR_acquire_setup/dada_scripts/phase/rf_path_phase.dat
12-07-2026 13:55 - WARNING - Obs. logfile: /home/dsp/PDR_acquire_setup/master_obs_log/J0837+0610_12_07_2026_observation.log
12-07-2026 13:55 - WARNING - Observation start time: 2026_07_12_13_16_54
12-07-2026 13:55 - WARNING - parfile: /home/dsp/parfiles/J0837+0610.par
12-07-2026 13:55 - WARNING - DM: 13.0209436694702
12-07-2026 13:55 - WARNING - Period: 1.2737745847060131
12-07-2026 13:55 - WARNING - RA_DEC: 08:37:05.6485930+06:10:16.06361
12-07-2026 13:55 - WARNING - out_dada_file: J0837+0610_2026_07_12_13_16_54_type_0.dada
12-07-2026 13:55 - WARNING - Number of files to process: 80
12-07-2026 13:55 - WARNING - Files per batch:  17
12-07-2026 14:14 - WARNING - Time taken for PDR2DADA convertion: 0:18:28.435882
12-07-2026 14:14 - WARNING - Center_freq: 175
12-07-2026 14:14 - WARNING - int_time: 3.0
12-07-2026 14:14 - WARNING - nbins: 256
12-07-2026 14:14 - WARNING - fil_chan: 256
12-07-2026 14:14 - WARNING - cpu: 2,3,4,5,6,7,8,9,10,11,12,13,14,15,16
12-07-2026 14:14 - WARNING - thread: 32
12-07-2026 14:14 - WARNING - nbit: 8
12-07-2026 14:14 - WARNING - time_avg: 0.000256
12-07-2026 14:14 - WARNING - MJD_START: 61233.324244513926
12-07-2026 14:14 - WARNING - output: J0837+0610_61233.32_175MHz_type_0_GBD_DART
12-07-2026 14:14 - WARNING - singularity_container: singularity exec /home/dsp/singularity_imag/pschive_py3.sif  
12-07-2026 14:14 - WARNING - ------ DIGIFITS ------
12-07-2026 14:14 - WARNING - ---- Search Mode FITS -------
12-07-2026 14:14 - WARNING - digifits_ful_stokes_cmd: singularity exec /home/dsp/singularity_imag/pschive_py3.sif  digifits  -F 256 -x 256 -b 8 -p 4 -t 0.000256 J0837+0610_2026_07_12_13_16_54_type_0.dada -o J0837+0610_2026_07_12_13_16_54_type_0.dada_stokes.fits
12-07-2026 14:41 - WARNING - ------ Total intensity FITS -------
12-07-2026 14:41 - WARNING - digifits_total_intensity_cmd: singularity exec /home/dsp/singularity_imag/pschive_py3.sif  digifits  -F 256 -x 256 -b 8 -p 1 -t 0.000256 J0837+0610_2026_07_12_13_16_54_type_0.dada -o J0837+0610_2026_07_12_13_16_54_type_0.dada_intensity.fits
12-07-2026 15:05 - WARNING - Nchan: 256
12-07-2026 15:05 - WARNING - Nbin: 256
12-07-2026 15:05 - WARNING - Tavg: 0.000256
12-07-2026 15:05 - WARNING - Time taken for DIGIFITS run: 0:51:27.711757
12-07-2026 15:05 - WARNING - ------ DSPSR ------
12-07-2026 15:05 - WARNING - ------- Coherent Dedispersion Folded archive -------
12-07-2026 15:05 - WARNING - dspsr_cmd: singularity exec /home/dsp/singularity_imag/pschive_py3.sif  dspsr J0837+0610_2026_07_12_13_16_54_type_0.dada -cpu 2,3,4,5,6,7,8,9,10,11,12,13,14,15,16 -t 32 -E /home/dsp/parfiles/J0837+0610.par -L 3.0 -b 256 -F 256:D -N J0837+0610 -a PSRFITS -A -e .fits -O J0837+0610_61233.32_175MHz_type_0_GBD_DART
12-07-2026 15:15 - WARNING - ------- Incoherent Dedispersion Folded archive -------
12-07-2026 15:15 - WARNING - Incoherent_DD_dspsr_cmd: singularity exec /home/dsp/singularity_imag/pschive_py3.sif  dspsr J0837+0610_2026_07_12_13_16_54_type_0.dada_stokes.fits -cpu 2,3,4,5,6,7,8,9,10,11,12,13,14,15,16 -t 32 -E /home/dsp/parfiles/J0837+0610.par -L 3.0 -b 256 -N J0837+0610 -A -e .fits -O J0837+0610_61233.32_175MHz_type_0_GBD_DART_stokes_Incoherent_DD
12-07-2026 15:16 - WARNING - Time taken for DSPSR run: 0:10:31.196122
12-07-2026 15:16 - WARNING - ------ PSREDIT ------
12-07-2026 15:16 - WARNING - psredit_cmd: singularity exec /home/dsp/singularity_imag/pschive_py3.sif  psredit -c name=J0837+0610,be:name=GSB,coord=08:37:05.6485930+06:10:16.06361 -m *_GBD_DART*fits
12-07-2026 15:16 - WARNING - Time taken for PSREDIT run: 0:00:08.643192
12-07-2026 15:16 - WARNING - ------ Iterative RFI Cleaner ------
12-07-2026 15:16 - WARNING - Iterative_cleaner_cmd: singularity exec /home/dsp/singularity_imag/pschive_py3.sif   python3 /home/dsp/PDR_acquire_setup/iterative_cleaner.py -s 3 -c 3 -m 10 *_GBD_DART*fits
12-07-2026 15:22 - WARNING - Time taken for Iterative_cleaner run: 0:06:19.045424
12-07-2026 15:22 - WARNING - ------ PDMP ------
12-07-2026 15:22 - WARNING - pdmp_cmd1: singularity exec /home/dsp/singularity_imag/pschive_py3.sif  pdmp -dr 2 -ds 0.05 -g J0837+0610_61233.32_175MHz_type_0_GBD_DART.fits_cleaned.ar.ps/cps J0837+0610_61233.32_175MHz_type_0_GBD_DART.fits_cleaned.ar
12-07-2026 15:30 - WARNING - pdmp_cmd2: singularity exec /home/dsp/singularity_imag/pschive_py3.sif  pdmp -dr 2 -ds 0.05 -g J0837+0610_61233.32_175MHz_type_0_GBD_DART_stokes_Incoherent_DD.fits_cleaned.ar.ps/cps J0837+0610_61233.32_175MHz_type_0_GBD_DART_stokes_Incoherent_DD.fits_cleaned.ar
12-07-2026 15:38 - WARNING - Time taken for PDMP run: 0:15:26.152889
12-07-2026 15:38 - WARNING - ------ PS2PDF ------
12-07-2026 15:38 - WARNING - ps2pdf_cmd1: singularity exec /home/dsp/singularity_imag/pschive_py3.sif  ps2pdf J0837+0610_61233.32_175MHz_type_0_GBD_DART.fits_cleaned.ar.ps J0837+0610_61233.32_175MHz_type_0_GBD_DART.fits_cleaned.ar.ps.pdf
12-07-2026 15:38 - WARNING - ps2pdf_cmd2: singularity exec /home/dsp/singularity_imag/pschive_py3.sif  ps2pdf J0837+0610_61233.32_175MHz_type_0_GBD_DART_stokes_Incoherent_DD.fits_cleaned.ar.ps J0837+0610_61233.32_175MHz_type_0_GBD_DART_stokes_Incoherent_DD.fits_cleaned.ar.ps.pdf
12-07-2026 15:38 - WARNING - Time taken for PDMP run: 0:00:02.769811
12-07-2026 15:38 - WARNING - Overall time taken for data reduction: 1:42:25.650921
12-07-2026 15:38 - WARNING - J0837+0610_2026_07_12_13_16_54_type_0.dada... file removed
12-07-2026 15:38 - WARNING - All done!
12-07-2026 15:38 --- PRESTO ---
12-07-2026 15:38 singularity_container: singularity exec /home/dsp/singularity_imag/pschive_py3.sif  
12-07-2026 15:38 Filterbank to Process for PULSAR: J0837+0610 with DM:13.0209436694702 : J0837+0610_2026_07_12_13_16_54_type_0.dada_intensity.fits
12-07-2026 15:38 --- RFIFIND ---
12-07-2026 15:38 RFIFIND: singularity exec /home/dsp/singularity_imag/pschive_py3.sif   rfifind -time 2.0 -o J0837+0610 J0837+0610_2026_07_12_13_16_54_type_0.dada_intensity.fits
12-07-2026 15:39 --- PREPDATA ---
12-07-2026 15:39 PREPDATA: singularity exec /home/dsp/singularity_imag/pschive_py3.sif   prepdata -nobary -o J0837+0610_2026_07_12_13_16_54_type_0.dada_intensity.fits -dm 13.0209436694702 -mask J0837+0610_rfifind.mask J0837+0610_2026_07_12_13_16_54_type_0.dada_intensity.fits
12-07-2026 15:39 --- REALFFT ---
12-07-2026 15:39 REALFFT: singularity exec /home/dsp/singularity_imag/pschive_py3.sif   realfft  J0837+0610_2026_07_12_13_16_54_type_0.dada_intensity.fits.dat
12-07-2026 15:39 --- ACCELSEARCH ---
12-07-2026 15:39 ACCELSEARCH: singularity exec /home/dsp/singularity_imag/pschive_py3.sif   accelsearch -numharm 8 -zmax 8  J0837+0610_2026_07_12_13_16_54_type_0.dada_intensity.fits.fft
12-07-2026 15:39 Observation Over.
