20-07-2026 12:44 Waiting for J0837+0610 observation...
20-07-2026 12:49 Observation started...
20-07-2026 12:49 Pulsar: J0837+0610 , parfile: /home/dsp/parfiles/J0837+0610.par , DM: 13.0209436694702
20-07-2026 12:49 Trigger sent to obs. PC [VELA].
20-07-2026 13:24 Acquired 80.
20-07-2026 13:24 ACQ over.
20-07-2026 13:24 Removing Trigger file from remote machine 
20-07-2026 13:24 Observation stoped.
-rw------- 1 dsp dsp 2.0G Jul 20 12:45 /data/TRANSIENT_BUFFER/PDR_GULP_data000.pcap_20_07_2026_12_45_1784531754.PCAP_PDR
-rw------- 1 dsp dsp 2.0G Jul 20 12:46 /data/TRANSIENT_BUFFER/PDR_GULP_data001.pcap_20_07_2026_12_46_1784531783.PCAP_PDR
-rw------- 1 dsp dsp 2.0G Jul 20 12:46 /data/TRANSIENT_BUFFER/PDR_GULP_data002.pcap_20_07_2026_12_46_1784531812.PCAP_PDR
-rw------- 1 dsp dsp 2.0G Jul 20 12:47 /data/TRANSIENT_BUFFER/PDR_GULP_data000.pcap_20_07_2026_12_47_1784531841.PCAP_PDR
-rw------- 1 dsp dsp 2.0G Jul 20 12:47 /data/TRANSIENT_BUFFER/PDR_GULP_data001.pcap_20_07_2026_12_47_1784531870.PCAP_PDR
-rw------- 1 dsp dsp 2.0G Jul 20 12:48 /data/TRANSIENT_BUFFER/PDR_GULP_data002.pcap_20_07_2026_12_48_1784531900.PCAP_PDR
-rw------- 1 dsp dsp 2.0G Jul 20 12:48 /data/TRANSIENT_BUFFER/PDR_GULP_data000.pcap_20_07_2026_12_48_1784531929.PCAP_PDR
-rw------- 1 dsp dsp 2.0G Jul 20 12:49 /data/TRANSIENT_BUFFER/PDR_GULP_data001.pcap_20_07_2026_12_49_1784531958.PCAP_PDR
-rw------- 1 dsp dsp 2.0G Jul 20 12:49 /data/TRANSIENT_BUFFER/PDR_GULP_data002.pcap_20_07_2026_12_49_1784531987.PCAP_PDR
-rw------- 1 dsp dsp 2.0G Jul 20 12:50 /data/TRANSIENT_BUFFER/PDR_GULP_data000.pcap_20_07_2026_12_50_1784532016.PCAP_PDR
-rw------- 1 dsp dsp 2.0G Jul 20 12:50 /data/TRANSIENT_BUFFER/PDR_GULP_data001.pcap_20_07_2026_12_50_1784532046.PCAP_PDR
-rw------- 1 dsp dsp 2.0G Jul 20 12:51 /data/TRANSIENT_BUFFER/PDR_GULP_data002.pcap_20_07_2026_12_51_1784532075.PCAP_PDR
-rw------- 1 dsp dsp 2.0G Jul 20 12:51 /data/TRANSIENT_BUFFER/PDR_GULP_data000.pcap_20_07_2026_12_51_1784532104.PCAP_PDR
-rw------- 1 dsp dsp 2.0G Jul 20 12:52 /data/TRANSIENT_BUFFER/PDR_GULP_data001.pcap_20_07_2026_12_52_1784532133.PCAP_PDR
-rw------- 1 dsp dsp 2.0G Jul 20 12:52 /data/TRANSIENT_BUFFER/PDR_GULP_data002.pcap_20_07_2026_12_52_1784532162.PCAP_PDR
-rw------- 1 dsp dsp 2.0G Jul 20 12:53 /data/TRANSIENT_BUFFER/PDR_GULP_data000.pcap_20_07_2026_12_53_1784532192.PCAP_PDR
-rw------- 1 dsp dsp 2.0G Jul 20 12:53 /data/TRANSIENT_BUFFER/PDR_GULP_data001.pcap_20_07_2026_12_53_1784532221.PCAP_PDR
-rw------- 1 dsp dsp 2.0G Jul 20 12:54 /data/TRANSIENT_BUFFER/PDR_GULP_data002.pcap_20_07_2026_12_54_1784532250.PCAP_PDR
-rw------- 1 dsp dsp 2.0G Jul 20 12:54 /data/TRANSIENT_BUFFER/PDR_GULP_data000.pcap_20_07_2026_12_54_1784532279.PCAP_PDR
-rw------- 1 dsp dsp 2.0G Jul 20 12:55 /data/TRANSIENT_BUFFER/PDR_GULP_data001.pcap_20_07_2026_12_55_1784532308.PCAP_PDR
-rw------- 1 dsp dsp 2.0G Jul 20 12:55 /data/TRANSIENT_BUFFER/PDR_GULP_data002.pcap_20_07_2026_12_55_1784532338.PCAP_PDR
-rw------- 1 dsp dsp 2.0G Jul 20 12:56 /data/TRANSIENT_BUFFER/PDR_GULP_data000.pcap_20_07_2026_12_56_1784532367.PCAP_PDR
-rw------- 1 dsp dsp 2.0G Jul 20 12:56 /data/TRANSIENT_BUFFER/PDR_GULP_data001.pcap_20_07_2026_12_56_1784532396.PCAP_PDR
-rw------- 1 dsp dsp 2.0G Jul 20 12:57 /data/TRANSIENT_BUFFER/PDR_GULP_data002.pcap_20_07_2026_12_57_1784532425.PCAP_PDR
-rw------- 1 dsp dsp 2.0G Jul 20 12:57 /data/TRANSIENT_BUFFER/PDR_GULP_data000.pcap_20_07_2026_12_57_1784532455.PCAP_PDR
-rw------- 1 dsp dsp 2.0G Jul 20 12:58 /data/TRANSIENT_BUFFER/PDR_GULP_data001.pcap_20_07_2026_12_58_1784532484.PCAP_PDR
-rw------- 1 dsp dsp 2.0G Jul 20 12:58 /data/TRANSIENT_BUFFER/PDR_GULP_data002.pcap_20_07_2026_12_58_1784532513.PCAP_PDR
-rw------- 1 dsp dsp 2.0G Jul 20 12:58 /data/TRANSIENT_BUFFER/PDR_GULP_data000.pcap_20_07_2026_12_59_1784532542.PCAP_PDR
-rw------- 1 dsp dsp 2.0G Jul 20 12:59 /data/TRANSIENT_BUFFER/PDR_GULP_data001.pcap_20_07_2026_12_59_1784532571.PCAP_PDR
-rw------- 1 dsp dsp 2.0G Jul 20 12:59 /data/TRANSIENT_BUFFER/PDR_GULP_data002.pcap_20_07_2026_13_00_1784532601.PCAP_PDR
-rw------- 1 dsp dsp 2.0G Jul 20 13:00 /data/TRANSIENT_BUFFER/PDR_GULP_data000.pcap_20_07_2026_13_00_1784532630.PCAP_PDR
-rw------- 1 dsp dsp 2.0G Jul 20 13:00 /data/TRANSIENT_BUFFER/PDR_GULP_data001.pcap_20_07_2026_13_00_1784532659.PCAP_PDR
-rw------- 1 dsp dsp 2.0G Jul 20 13:01 /data/TRANSIENT_BUFFER/PDR_GULP_data002.pcap_20_07_2026_13_01_1784532688.PCAP_PDR
-rw------- 1 dsp dsp 2.0G Jul 20 13:01 /data/TRANSIENT_BUFFER/PDR_GULP_data000.pcap_20_07_2026_13_01_1784532717.PCAP_PDR
-rw------- 1 dsp dsp 2.0G Jul 20 13:02 /data/TRANSIENT_BUFFER/PDR_GULP_data001.pcap_20_07_2026_13_02_1784532747.PCAP_PDR
-rw------- 1 dsp dsp 2.0G Jul 20 13:02 /data/TRANSIENT_BUFFER/PDR_GULP_data002.pcap_20_07_2026_13_02_1784532776.PCAP_PDR
-rw------- 1 dsp dsp 2.0G Jul 20 13:03 /data/TRANSIENT_BUFFER/PDR_GULP_data000.pcap_20_07_2026_13_03_1784532805.PCAP_PDR
-rw------- 1 dsp dsp 2.0G Jul 20 13:03 /data/TRANSIENT_BUFFER/PDR_GULP_data001.pcap_20_07_2026_13_03_1784532834.PCAP_PDR
-rw------- 1 dsp dsp 2.0G Jul 20 13:04 /data/TRANSIENT_BUFFER/PDR_GULP_data002.pcap_20_07_2026_13_04_1784532863.PCAP_PDR
-rw------- 1 dsp dsp 2.0G Jul 20 13:04 /data/TRANSIENT_BUFFER/PDR_GULP_data000.pcap_20_07_2026_13_04_1784532893.PCAP_PDR
-rw------- 1 dsp dsp 2.0G Jul 20 13:05 /data/TRANSIENT_BUFFER/PDR_GULP_data001.pcap_20_07_2026_13_05_1784532922.PCAP_PDR
-rw------- 1 dsp dsp 2.0G Jul 20 13:05 /data/TRANSIENT_BUFFER/PDR_GULP_data002.pcap_20_07_2026_13_05_1784532951.PCAP_PDR
-rw------- 1 dsp dsp 2.0G Jul 20 13:06 /data/TRANSIENT_BUFFER/PDR_GULP_data000.pcap_20_07_2026_13_06_1784532980.PCAP_PDR
-rw------- 1 dsp dsp 2.0G Jul 20 13:06 /data/TRANSIENT_BUFFER/PDR_GULP_data001.pcap_20_07_2026_13_06_1784533009.PCAP_PDR
-rw------- 1 dsp dsp 2.0G Jul 20 13:07 /data/TRANSIENT_BUFFER/PDR_GULP_data002.pcap_20_07_2026_13_07_1784533039.PCAP_PDR
-rw------- 1 dsp dsp 2.0G Jul 20 13:07 /data/TRANSIENT_BUFFER/PDR_GULP_data000.pcap_20_07_2026_13_07_1784533068.PCAP_PDR
-rw------- 1 dsp dsp 2.0G Jul 20 13:08 /data/TRANSIENT_BUFFER/PDR_GULP_data001.pcap_20_07_2026_13_08_1784533097.PCAP_PDR
-rw------- 1 dsp dsp 2.0G Jul 20 13:08 /data/TRANSIENT_BUFFER/PDR_GULP_data002.pcap_20_07_2026_13_08_1784533126.PCAP_PDR
-rw------- 1 dsp dsp 2.0G Jul 20 13:09 /data/TRANSIENT_BUFFER/PDR_GULP_data000.pcap_20_07_2026_13_09_1784533155.PCAP_PDR
-rw------- 1 dsp dsp 2.0G Jul 20 13:09 /data/TRANSIENT_BUFFER/PDR_GULP_data001.pcap_20_07_2026_13_09_1784533185.PCAP_PDR
-rw------- 1 dsp dsp 2.0G Jul 20 13:10 /data/TRANSIENT_BUFFER/PDR_GULP_data002.pcap_20_07_2026_13_10_1784533214.PCAP_PDR
-rw------- 1 dsp dsp 2.0G Jul 20 13:10 /data/TRANSIENT_BUFFER/PDR_GULP_data000.pcap_20_07_2026_13_10_1784533243.PCAP_PDR
-rw------- 1 dsp dsp 2.0G Jul 20 13:11 /data/TRANSIENT_BUFFER/PDR_GULP_data001.pcap_20_07_2026_13_11_1784533272.PCAP_PDR
-rw------- 1 dsp dsp 2.0G Jul 20 13:11 /data/TRANSIENT_BUFFER/PDR_GULP_data002.pcap_20_07_2026_13_11_1784533302.PCAP_PDR
-rw------- 1 dsp dsp 2.0G Jul 20 13:12 /data/TRANSIENT_BUFFER/PDR_GULP_data000.pcap_20_07_2026_13_12_1784533331.PCAP_PDR
-rw------- 1 dsp dsp 2.0G Jul 20 13:12 /data/TRANSIENT_BUFFER/PDR_GULP_data001.pcap_20_07_2026_13_12_1784533360.PCAP_PDR
-rw------- 1 dsp dsp 2.0G Jul 20 13:13 /data/TRANSIENT_BUFFER/PDR_GULP_data002.pcap_20_07_2026_13_13_1784533389.PCAP_PDR
-rw------- 1 dsp dsp 2.0G Jul 20 13:13 /data/TRANSIENT_BUFFER/PDR_GULP_data000.pcap_20_07_2026_13_13_1784533418.PCAP_PDR
-rw------- 1 dsp dsp 2.0G Jul 20 13:14 /data/TRANSIENT_BUFFER/PDR_GULP_data001.pcap_20_07_2026_13_14_1784533448.PCAP_PDR
-rw------- 1 dsp dsp 2.0G Jul 20 13:14 /data/TRANSIENT_BUFFER/PDR_GULP_data002.pcap_20_07_2026_13_14_1784533477.PCAP_PDR
-rw------- 1 dsp dsp 2.0G Jul 20 13:15 /data/TRANSIENT_BUFFER/PDR_GULP_data000.pcap_20_07_2026_13_15_1784533506.PCAP_PDR
-rw------- 1 dsp dsp 2.0G Jul 20 13:15 /data/TRANSIENT_BUFFER/PDR_GULP_data001.pcap_20_07_2026_13_15_1784533535.PCAP_PDR
-rw------- 1 dsp dsp 2.0G Jul 20 13:16 /data/TRANSIENT_BUFFER/PDR_GULP_data002.pcap_20_07_2026_13_16_1784533564.PCAP_PDR
-rw------- 1 dsp dsp 2.0G Jul 20 13:16 /data/TRANSIENT_BUFFER/PDR_GULP_data000.pcap_20_07_2026_13_16_1784533594.PCAP_PDR
-rw------- 1 dsp dsp 2.0G Jul 20 13:17 /data/TRANSIENT_BUFFER/PDR_GULP_data001.pcap_20_07_2026_13_17_1784533623.PCAP_PDR
-rw------- 1 dsp dsp 2.0G Jul 20 13:17 /data/TRANSIENT_BUFFER/PDR_GULP_data002.pcap_20_07_2026_13_17_1784533652.PCAP_PDR
-rw------- 1 dsp dsp 2.0G Jul 20 13:17 /data/TRANSIENT_BUFFER/PDR_GULP_data000.pcap_20_07_2026_13_18_1784533681.PCAP_PDR
-rw------- 1 dsp dsp 2.0G Jul 20 13:18 /data/TRANSIENT_BUFFER/PDR_GULP_data001.pcap_20_07_2026_13_18_1784533710.PCAP_PDR
-rw------- 1 dsp dsp 2.0G Jul 20 13:18 /data/TRANSIENT_BUFFER/PDR_GULP_data002.pcap_20_07_2026_13_19_1784533740.PCAP_PDR
-rw------- 1 dsp dsp 2.0G Jul 20 13:19 /data/TRANSIENT_BUFFER/PDR_GULP_data000.pcap_20_07_2026_13_19_1784533769.PCAP_PDR
-rw------- 1 dsp dsp 2.0G Jul 20 13:19 /data/TRANSIENT_BUFFER/PDR_GULP_data001.pcap_20_07_2026_13_19_1784533798.PCAP_PDR
-rw------- 1 dsp dsp 2.0G Jul 20 13:20 /data/TRANSIENT_BUFFER/PDR_GULP_data002.pcap_20_07_2026_13_20_1784533827.PCAP_PDR
-rw------- 1 dsp dsp 2.0G Jul 20 13:20 /data/TRANSIENT_BUFFER/PDR_GULP_data000.pcap_20_07_2026_13_20_1784533856.PCAP_PDR
-rw------- 1 dsp dsp 2.0G Jul 20 13:21 /data/TRANSIENT_BUFFER/PDR_GULP_data001.pcap_20_07_2026_13_21_1784533886.PCAP_PDR
-rw------- 1 dsp dsp 2.0G Jul 20 13:21 /data/TRANSIENT_BUFFER/PDR_GULP_data002.pcap_20_07_2026_13_21_1784533915.PCAP_PDR
-rw------- 1 dsp dsp 2.0G Jul 20 13:22 /data/TRANSIENT_BUFFER/PDR_GULP_data000.pcap_20_07_2026_13_22_1784533944.PCAP_PDR
-rw------- 1 dsp dsp 2.0G Jul 20 13:22 /data/TRANSIENT_BUFFER/PDR_GULP_data001.pcap_20_07_2026_13_22_1784533973.PCAP_PDR
-rw------- 1 dsp dsp 2.0G Jul 20 13:23 /data/TRANSIENT_BUFFER/PDR_GULP_data002.pcap_20_07_2026_13_23_1784534003.PCAP_PDR
-rw------- 1 dsp dsp 2.0G Jul 20 13:23 /data/TRANSIENT_BUFFER/PDR_GULP_data000.pcap_20_07_2026_13_23_1784534032.PCAP_PDR
-rw------- 1 dsp dsp 2.0G Jul 20 13:24 /data/TRANSIENT_BUFFER/PDR_GULP_data001.pcap_20_07_2026_13_24_1784534061.PCAP_PDR
20-07-2026 13:24 RAW PCAP data moved from Transient Buffer.
20-07-2026 13:24 SLIP check Started ...
20-07-2026 13:24 - WARNING - Data Directory: /data/dsp/GBD_TRANSIENT_BUFFER/J0837+0610/20_07_2026
20-07-2026 13:24 - WARNING - Number of Files: 80
20-07-2026 13:24 - WARNING - No packet loss: /data/dsp/GBD_TRANSIENT_BUFFER/J0837+0610/20_07_2026/PDR_GULP_data000.pcap_20_07_2026_12_45_1784531754.PCAP_PDR
20-07-2026 13:24 - WARNING - first_pkt_count, first_gps_count, first_pkt_Tstamp
20-07-2026 13:24 - WARNING - 3809007617 49716 2026-07-20T07:15:21.804690
20-07-2026 13:24 - WARNING - last_pkt_count, last_gps_count, last_pkt_Tstamp
20-07-2026 13:24 - WARNING - 3810890158 49746 2026-07-20T07:15:51.012537
20-07-2026 13:24 - WARNING - diff_pkt_count  , diff_gps_count ,  diff_pkt_timstamp
20-07-2026 13:24 - WARNING - 1882541 30 29207847 microseconds
20-07-2026 13:24 - WARNING - No packet loss: /data/dsp/GBD_TRANSIENT_BUFFER/J0837+0610/20_07_2026/PDR_GULP_data001.pcap_20_07_2026_12_46_1784531783.PCAP_PDR
20-07-2026 13:24 - WARNING - first_pkt_count, first_gps_count, first_pkt_Tstamp
20-07-2026 13:24 - WARNING - 3810890159 49746 2026-07-20T07:15:51.012537
20-07-2026 13:24 - WARNING - last_pkt_count, last_gps_count, last_pkt_Tstamp
20-07-2026 13:24 - WARNING - 3812772700 49775 2026-07-20T07:16:20.220480
20-07-2026 13:24 - WARNING - diff_pkt_count  , diff_gps_count ,  diff_pkt_timstamp
20-07-2026 13:24 - WARNING - 1882541 29 29207943 microseconds
20-07-2026 13:24 - WARNING - No packet loss: /data/dsp/GBD_TRANSIENT_BUFFER/J0837+0610/20_07_2026/PDR_GULP_data002.pcap_20_07_2026_12_46_1784531812.PCAP_PDR
20-07-2026 13:24 - WARNING - first_pkt_count, first_gps_count, first_pkt_Tstamp
20-07-2026 13:24 - WARNING - 3812772701 49775 2026-07-20T07:16:20.220480
20-07-2026 13:24 - WARNING - last_pkt_count, last_gps_count, last_pkt_Tstamp
20-07-2026 13:24 - WARNING - 3814655242 49804 2026-07-20T07:16:49.428381
20-07-2026 13:24 - WARNING - diff_pkt_count  , diff_gps_count ,  diff_pkt_timstamp
20-07-2026 13:24 - WARNING - 1882541 29 29207901 microseconds
20-07-2026 13:24 - WARNING - No packet loss: /data/dsp/GBD_TRANSIENT_BUFFER/J0837+0610/20_07_2026/PDR_GULP_data000.pcap_20_07_2026_12_47_1784531841.PCAP_PDR
20-07-2026 13:24 - WARNING - first_pkt_count, first_gps_count, first_pkt_Tstamp
20-07-2026 13:24 - WARNING - 3814655243 49804 2026-07-20T07:16:49.428381
20-07-2026 13:24 - WARNING - last_pkt_count, last_gps_count, last_pkt_Tstamp
20-07-2026 13:24 - WARNING - 3816537784 49833 2026-07-20T07:17:18.636281
20-07-2026 13:24 - WARNING - diff_pkt_count  , diff_gps_count ,  diff_pkt_timstamp
20-07-2026 13:24 - WARNING - 1882541 29 29207900 microseconds
20-07-2026 13:24 - WARNING - No packet loss: /data/dsp/GBD_TRANSIENT_BUFFER/J0837+0610/20_07_2026/PDR_GULP_data001.pcap_20_07_2026_12_47_1784531870.PCAP_PDR
20-07-2026 13:24 - WARNING - first_pkt_count, first_gps_count, first_pkt_Tstamp
20-07-2026 13:24 - WARNING - 3816537785 49833 2026-07-20T07:17:18.636360
20-07-2026 13:24 - WARNING - last_pkt_count, last_gps_count, last_pkt_Tstamp
20-07-2026 13:24 - WARNING - 3818420326 49862 2026-07-20T07:17:47.844164
20-07-2026 13:24 - WARNING - diff_pkt_count  , diff_gps_count ,  diff_pkt_timstamp
20-07-2026 13:24 - WARNING - 1882541 29 29207804 microseconds
20-07-2026 13:24 - WARNING - No packet loss: /data/dsp/GBD_TRANSIENT_BUFFER/J0837+0610/20_07_2026/PDR_GULP_data002.pcap_20_07_2026_12_48_1784531900.PCAP_PDR
20-07-2026 13:24 - WARNING - first_pkt_count, first_gps_count, first_pkt_Tstamp
20-07-2026 13:24 - WARNING - 3818420327 49862 2026-07-20T07:17:47.844226
20-07-2026 13:24 - WARNING - last_pkt_count, last_gps_count, last_pkt_Tstamp
20-07-2026 13:24 - WARNING - 3820302869 49892 2026-07-20T07:18:17.052134
20-07-2026 13:24 - WARNING - diff_pkt_count  , diff_gps_count ,  diff_pkt_timstamp
20-07-2026 13:24 - WARNING - 1882542 30 29207908 microseconds
20-07-2026 13:24 - WARNING - No packet loss: /data/dsp/GBD_TRANSIENT_BUFFER/J0837+0610/20_07_2026/PDR_GULP_data000.pcap_20_07_2026_12_48_1784531929.PCAP_PDR
20-07-2026 13:24 - WARNING - first_pkt_count, first_gps_count, first_pkt_Tstamp
20-07-2026 13:24 - WARNING - 3820302870 49892 2026-07-20T07:18:17.052134
20-07-2026 13:24 - WARNING - last_pkt_count, last_gps_count, last_pkt_Tstamp
20-07-2026 13:24 - WARNING - 3822185411 49921 2026-07-20T07:18:46.260092
20-07-2026 13:24 - WARNING - diff_pkt_count  , diff_gps_count ,  diff_pkt_timstamp
20-07-2026 13:24 - WARNING - 1882541 29 29207958 microseconds
20-07-2026 13:24 - WARNING - No packet loss: /data/dsp/GBD_TRANSIENT_BUFFER/J0837+0610/20_07_2026/PDR_GULP_data001.pcap_20_07_2026_12_49_1784531958.PCAP_PDR
20-07-2026 13:24 - WARNING - first_pkt_count, first_gps_count, first_pkt_Tstamp
20-07-2026 13:24 - WARNING - 3822185412 49921 2026-07-20T07:18:46.260092
20-07-2026 13:24 - WARNING - last_pkt_count, last_gps_count, last_pkt_Tstamp
20-07-2026 13:24 - WARNING - 3824067953 49950 2026-07-20T07:19:15.467977
20-07-2026 13:24 - WARNING - diff_pkt_count  , diff_gps_count ,  diff_pkt_timstamp
20-07-2026 13:24 - WARNING - 1882541 29 29207885 microseconds
20-07-2026 13:24 - WARNING - No packet loss: /data/dsp/GBD_TRANSIENT_BUFFER/J0837+0610/20_07_2026/PDR_GULP_data002.pcap_20_07_2026_12_49_1784531987.PCAP_PDR
20-07-2026 13:24 - WARNING - first_pkt_count, first_gps_count, first_pkt_Tstamp
20-07-2026 13:24 - WARNING - 3824067954 49950 2026-07-20T07:19:15.467977
20-07-2026 13:24 - WARNING - last_pkt_count, last_gps_count, last_pkt_Tstamp
20-07-2026 13:24 - WARNING - 3825950495 49979 2026-07-20T07:19:44.675890
20-07-2026 13:24 - WARNING - diff_pkt_count  , diff_gps_count ,  diff_pkt_timstamp
20-07-2026 13:24 - WARNING - 1882541 29 29207913 microseconds
20-07-2026 13:24 - WARNING - No packet loss: /data/dsp/GBD_TRANSIENT_BUFFER/J0837+0610/20_07_2026/PDR_GULP_data000.pcap_20_07_2026_12_50_1784532016.PCAP_PDR
20-07-2026 13:24 - WARNING - first_pkt_count, first_gps_count, first_pkt_Tstamp
20-07-2026 13:24 - WARNING - 3825950496 49979 2026-07-20T07:19:44.675890
20-07-2026 13:24 - WARNING - last_pkt_count, last_gps_count, last_pkt_Tstamp
20-07-2026 13:24 - WARNING - 3827833037 50008 2026-07-20T07:20:13.883774
20-07-2026 13:24 - WARNING - diff_pkt_count  , diff_gps_count ,  diff_pkt_timstamp
20-07-2026 13:24 - WARNING - 1882541 29 29207884 microseconds
20-07-2026 13:24 - WARNING - No packet loss: /data/dsp/GBD_TRANSIENT_BUFFER/J0837+0610/20_07_2026/PDR_GULP_data001.pcap_20_07_2026_12_50_1784532046.PCAP_PDR
20-07-2026 13:24 - WARNING - first_pkt_count, first_gps_count, first_pkt_Tstamp
20-07-2026 13:24 - WARNING - 3827833038 50008 2026-07-20T07:20:13.883827
20-07-2026 13:24 - WARNING - last_pkt_count, last_gps_count, last_pkt_Tstamp
20-07-2026 13:24 - WARNING - 3829715580 50038 2026-07-20T07:20:43.091680
20-07-2026 13:24 - WARNING - diff_pkt_count  , diff_gps_count ,  diff_pkt_timstamp
20-07-2026 13:24 - WARNING - 1882542 30 29207853 microseconds
20-07-2026 13:24 - WARNING - No packet loss: /data/dsp/GBD_TRANSIENT_BUFFER/J0837+0610/20_07_2026/PDR_GULP_data002.pcap_20_07_2026_12_51_1784532075.PCAP_PDR
20-07-2026 13:24 - WARNING - first_pkt_count, first_gps_count, first_pkt_Tstamp
20-07-2026 13:24 - WARNING - 3829715581 50038 2026-07-20T07:20:43.091734
20-07-2026 13:24 - WARNING - last_pkt_count, last_gps_count, last_pkt_Tstamp
20-07-2026 13:24 - WARNING - 3831598122 50067 2026-07-20T07:21:12.299633
20-07-2026 13:24 - WARNING - diff_pkt_count  , diff_gps_count ,  diff_pkt_timstamp
20-07-2026 13:24 - WARNING - 1882541 29 29207899 microseconds
20-07-2026 13:24 - WARNING - No packet loss: /data/dsp/GBD_TRANSIENT_BUFFER/J0837+0610/20_07_2026/PDR_GULP_data000.pcap_20_07_2026_12_51_1784532104.PCAP_PDR
20-07-2026 13:24 - WARNING - first_pkt_count, first_gps_count, first_pkt_Tstamp
20-07-2026 13:24 - WARNING - 3831598123 50067 2026-07-20T07:21:12.299633
20-07-2026 13:24 - WARNING - last_pkt_count, last_gps_count, last_pkt_Tstamp
20-07-2026 13:24 - WARNING - 3833480664 50096 2026-07-20T07:21:41.507534
20-07-2026 13:24 - WARNING - diff_pkt_count  , diff_gps_count ,  diff_pkt_timstamp
20-07-2026 13:24 - WARNING - 1882541 29 29207901 microseconds
20-07-2026 13:24 - WARNING - No packet loss: /data/dsp/GBD_TRANSIENT_BUFFER/J0837+0610/20_07_2026/PDR_GULP_data001.pcap_20_07_2026_12_52_1784532133.PCAP_PDR
20-07-2026 13:24 - WARNING - first_pkt_count, first_gps_count, first_pkt_Tstamp
20-07-2026 13:24 - WARNING - 3833480665 50096 2026-07-20T07:21:41.507534
20-07-2026 13:24 - WARNING - last_pkt_count, last_gps_count, last_pkt_Tstamp
20-07-2026 13:24 - WARNING - 3835363206 50125 2026-07-20T07:22:10.715423
20-07-2026 13:24 - WARNING - diff_pkt_count  , diff_gps_count ,  diff_pkt_timstamp
20-07-2026 13:24 - WARNING - 1882541 29 29207889 microseconds
20-07-2026 13:24 - WARNING - No packet loss: /data/dsp/GBD_TRANSIENT_BUFFER/J0837+0610/20_07_2026/PDR_GULP_data002.pcap_20_07_2026_12_52_1784532162.PCAP_PDR
20-07-2026 13:24 - WARNING - first_pkt_count, first_gps_count, first_pkt_Tstamp
20-07-2026 13:24 - WARNING - 3835363207 50125 2026-07-20T07:22:10.715423
20-07-2026 13:24 - WARNING - last_pkt_count, last_gps_count, last_pkt_Tstamp
20-07-2026 13:24 - WARNING - 3837245748 50154 2026-07-20T07:22:39.923352
20-07-2026 13:24 - WARNING - diff_pkt_count  , diff_gps_count ,  diff_pkt_timstamp
20-07-2026 13:24 - WARNING - 1882541 29 29207929 microseconds
20-07-2026 13:24 - WARNING - No packet loss: /data/dsp/GBD_TRANSIENT_BUFFER/J0837+0610/20_07_2026/PDR_GULP_data000.pcap_20_07_2026_12_53_1784532192.PCAP_PDR
20-07-2026 13:24 - WARNING - first_pkt_count, first_gps_count, first_pkt_Tstamp
20-07-2026 13:24 - WARNING - 3837245749 50154 2026-07-20T07:22:39.923352
20-07-2026 13:24 - WARNING - last_pkt_count, last_gps_count, last_pkt_Tstamp
20-07-2026 13:24 - WARNING - 3839128290 50184 2026-07-20T07:23:09.131204
20-07-2026 13:24 - WARNING - diff_pkt_count  , diff_gps_count ,  diff_pkt_timstamp
20-07-2026 13:24 - WARNING - 1882541 30 29207852 microseconds
20-07-2026 13:24 - WARNING - No packet loss: /data/dsp/GBD_TRANSIENT_BUFFER/J0837+0610/20_07_2026/PDR_GULP_data001.pcap_20_07_2026_12_53_1784532221.PCAP_PDR
20-07-2026 13:24 - WARNING - first_pkt_count, first_gps_count, first_pkt_Tstamp
20-07-2026 13:24 - WARNING - 3839128291 50184 2026-07-20T07:23:09.131256
20-07-2026 13:24 - WARNING - last_pkt_count, last_gps_count, last_pkt_Tstamp
20-07-2026 13:24 - WARNING - 3841010833 50213 2026-07-20T07:23:38.339138
20-07-2026 13:24 - WARNING - diff_pkt_count  , diff_gps_count ,  diff_pkt_timstamp
20-07-2026 13:24 - WARNING - 1882542 29 29207882 microseconds
20-07-2026 13:24 - WARNING - No packet loss: /data/dsp/GBD_TRANSIENT_BUFFER/J0837+0610/20_07_2026/PDR_GULP_data002.pcap_20_07_2026_12_54_1784532250.PCAP_PDR
20-07-2026 13:24 - WARNING - first_pkt_count, first_gps_count, first_pkt_Tstamp
20-07-2026 13:24 - WARNING - 3841010834 50213 2026-07-20T07:23:38.339138
20-07-2026 13:24 - WARNING - last_pkt_count, last_gps_count, last_pkt_Tstamp
20-07-2026 13:24 - WARNING - 3842893375 50242 2026-07-20T07:24:07.547023
20-07-2026 13:24 - WARNING - diff_pkt_count  , diff_gps_count ,  diff_pkt_timstamp
20-07-2026 13:24 - WARNING - 1882541 29 29207885 microseconds
20-07-2026 13:24 - WARNING - No packet loss: /data/dsp/GBD_TRANSIENT_BUFFER/J0837+0610/20_07_2026/PDR_GULP_data000.pcap_20_07_2026_12_54_1784532279.PCAP_PDR
20-07-2026 13:24 - WARNING - first_pkt_count, first_gps_count, first_pkt_Tstamp
20-07-2026 13:24 - WARNING - 3842893376 50242 2026-07-20T07:24:07.547024
20-07-2026 13:24 - WARNING - last_pkt_count, last_gps_count, last_pkt_Tstamp
20-07-2026 13:24 - WARNING - 3844775917 50271 2026-07-20T07:24:36.754943
20-07-2026 13:24 - WARNING - diff_pkt_count  , diff_gps_count ,  diff_pkt_timstamp
20-07-2026 13:24 - WARNING - 1882541 29 29207919 microseconds
20-07-2026 13:24 - WARNING - No packet loss: /data/dsp/GBD_TRANSIENT_BUFFER/J0837+0610/20_07_2026/PDR_GULP_data001.pcap_20_07_2026_12_55_1784532308.PCAP_PDR
20-07-2026 13:24 - WARNING - first_pkt_count, first_gps_count, first_pkt_Tstamp
20-07-2026 13:24 - WARNING - 3844775918 50271 2026-07-20T07:24:36.754943
20-07-2026 13:24 - WARNING - last_pkt_count, last_gps_count, last_pkt_Tstamp
20-07-2026 13:24 - WARNING - 3846658459 50300 2026-07-20T07:25:05.962822
20-07-2026 13:24 - WARNING - diff_pkt_count  , diff_gps_count ,  diff_pkt_timstamp
20-07-2026 13:24 - WARNING - 1882541 29 29207879 microseconds
20-07-2026 13:24 - WARNING - No packet loss: /data/dsp/GBD_TRANSIENT_BUFFER/J0837+0610/20_07_2026/PDR_GULP_data002.pcap_20_07_2026_12_55_1784532338.PCAP_PDR
20-07-2026 13:24 - WARNING - first_pkt_count, first_gps_count, first_pkt_Tstamp
20-07-2026 13:24 - WARNING - 3846658460 50300 2026-07-20T07:25:05.962822
20-07-2026 13:24 - WARNING - last_pkt_count, last_gps_count, last_pkt_Tstamp
20-07-2026 13:24 - WARNING - 3848541001 50330 2026-07-20T07:25:35.170719
20-07-2026 13:24 - WARNING - diff_pkt_count  , diff_gps_count ,  diff_pkt_timstamp
20-07-2026 13:24 - WARNING - 1882541 30 29207897 microseconds
20-07-2026 13:24 - WARNING - No packet loss: /data/dsp/GBD_TRANSIENT_BUFFER/J0837+0610/20_07_2026/PDR_GULP_data000.pcap_20_07_2026_12_56_1784532367.PCAP_PDR
20-07-2026 13:24 - WARNING - first_pkt_count, first_gps_count, first_pkt_Tstamp
20-07-2026 13:24 - WARNING - 3848541002 50330 2026-07-20T07:25:35.170772
20-07-2026 13:24 - WARNING - last_pkt_count, last_gps_count, last_pkt_Tstamp
20-07-2026 13:24 - WARNING - 3850423543 50359 2026-07-20T07:26:04.378604
20-07-2026 13:24 - WARNING - diff_pkt_count  , diff_gps_count ,  diff_pkt_timstamp
20-07-2026 13:24 - WARNING - 1882541 29 29207832 microseconds
20-07-2026 13:24 - WARNING - No packet loss: /data/dsp/GBD_TRANSIENT_BUFFER/J0837+0610/20_07_2026/PDR_GULP_data001.pcap_20_07_2026_12_56_1784532396.PCAP_PDR
20-07-2026 13:24 - WARNING - first_pkt_count, first_gps_count, first_pkt_Tstamp
20-07-2026 13:24 - WARNING - 3850423544 50359 2026-07-20T07:26:04.378658
20-07-2026 13:24 - WARNING - last_pkt_count, last_gps_count, last_pkt_Tstamp
20-07-2026 13:24 - WARNING - 3852306086 50388 2026-07-20T07:26:33.586527
20-07-2026 13:24 - WARNING - diff_pkt_count  , diff_gps_count ,  diff_pkt_timstamp
20-07-2026 13:24 - WARNING - 1882542 29 29207869 microseconds
20-07-2026 13:24 - WARNING - No packet loss: /data/dsp/GBD_TRANSIENT_BUFFER/J0837+0610/20_07_2026/PDR_GULP_data002.pcap_20_07_2026_12_57_1784532425.PCAP_PDR
20-07-2026 13:24 - WARNING - first_pkt_count, first_gps_count, first_pkt_Tstamp
20-07-2026 13:24 - WARNING - 3852306087 50388 2026-07-20T07:26:33.586527
20-07-2026 13:24 - WARNING - last_pkt_count, last_gps_count, last_pkt_Tstamp
20-07-2026 13:24 - WARNING - 3854188628 50417 2026-07-20T07:27:02.794414
20-07-2026 13:24 - WARNING - diff_pkt_count  , diff_gps_count ,  diff_pkt_timstamp
20-07-2026 13:24 - WARNING - 1882541 29 29207887 microseconds
20-07-2026 13:24 - WARNING - No packet loss: /data/dsp/GBD_TRANSIENT_BUFFER/J0837+0610/20_07_2026/PDR_GULP_data000.pcap_20_07_2026_12_57_1784532455.PCAP_PDR
20-07-2026 13:24 - WARNING - first_pkt_count, first_gps_count, first_pkt_Tstamp
20-07-2026 13:24 - WARNING - 3854188629 50417 2026-07-20T07:27:02.794414
20-07-2026 13:24 - WARNING - last_pkt_count, last_gps_count, last_pkt_Tstamp
20-07-2026 13:24 - WARNING - 3856071170 50447 2026-07-20T07:27:32.002328
20-07-2026 13:24 - WARNING - diff_pkt_count  , diff_gps_count ,  diff_pkt_timstamp
20-07-2026 13:24 - WARNING - 1882541 30 29207914 microseconds
20-07-2026 13:24 - WARNING - No packet loss: /data/dsp/GBD_TRANSIENT_BUFFER/J0837+0610/20_07_2026/PDR_GULP_data001.pcap_20_07_2026_12_58_1784532484.PCAP_PDR
20-07-2026 13:24 - WARNING - first_pkt_count, first_gps_count, first_pkt_Tstamp
20-07-2026 13:24 - WARNING - 3856071171 50447 2026-07-20T07:27:32.002329
20-07-2026 13:24 - WARNING - last_pkt_count, last_gps_count, last_pkt_Tstamp
20-07-2026 13:24 - WARNING - 3857953712 50476 2026-07-20T07:28:01.210219
20-07-2026 13:24 - WARNING - diff_pkt_count  , diff_gps_count ,  diff_pkt_timstamp
20-07-2026 13:24 - WARNING - 1882541 29 29207890 microseconds
20-07-2026 13:24 - WARNING - No packet loss: /data/dsp/GBD_TRANSIENT_BUFFER/J0837+0610/20_07_2026/PDR_GULP_data002.pcap_20_07_2026_12_58_1784532513.PCAP_PDR
20-07-2026 13:24 - WARNING - first_pkt_count, first_gps_count, first_pkt_Tstamp
20-07-2026 13:24 - WARNING - 3857953713 50476 2026-07-20T07:28:01.210219
20-07-2026 13:24 - WARNING - last_pkt_count, last_gps_count, last_pkt_Tstamp
20-07-2026 13:24 - WARNING - 3859836254 50505 2026-07-20T07:28:30.418121
20-07-2026 13:24 - WARNING - diff_pkt_count  , diff_gps_count ,  diff_pkt_timstamp
20-07-2026 13:24 - WARNING - 1882541 29 29207902 microseconds
20-07-2026 13:24 - WARNING - No packet loss: /data/dsp/GBD_TRANSIENT_BUFFER/J0837+0610/20_07_2026/PDR_GULP_data000.pcap_20_07_2026_12_59_1784532542.PCAP_PDR
20-07-2026 13:24 - WARNING - first_pkt_count, first_gps_count, first_pkt_Tstamp
20-07-2026 13:24 - WARNING - 3859836255 50505 2026-07-20T07:28:30.418121
20-07-2026 13:24 - WARNING - last_pkt_count, last_gps_count, last_pkt_Tstamp
20-07-2026 13:24 - WARNING - 3861718796 50534 2026-07-20T07:28:59.626002
20-07-2026 13:24 - WARNING - diff_pkt_count  , diff_gps_count ,  diff_pkt_timstamp
20-07-2026 13:24 - WARNING - 1882541 29 29207881 microseconds
20-07-2026 13:24 - WARNING - No packet loss: /data/dsp/GBD_TRANSIENT_BUFFER/J0837+0610/20_07_2026/PDR_GULP_data001.pcap_20_07_2026_12_59_1784532571.PCAP_PDR
20-07-2026 13:24 - WARNING - first_pkt_count, first_gps_count, first_pkt_Tstamp
20-07-2026 13:24 - WARNING - 3861718797 50534 2026-07-20T07:28:59.626088
20-07-2026 13:24 - WARNING - last_pkt_count, last_gps_count, last_pkt_Tstamp
20-07-2026 13:24 - WARNING - 3863601339 50563 2026-07-20T07:29:28.833913
20-07-2026 13:24 - WARNING - diff_pkt_count  , diff_gps_count ,  diff_pkt_timstamp
20-07-2026 13:24 - WARNING - 1882542 29 29207825 microseconds
20-07-2026 13:24 - WARNING - No packet loss: /data/dsp/GBD_TRANSIENT_BUFFER/J0837+0610/20_07_2026/PDR_GULP_data002.pcap_20_07_2026_13_00_1784532601.PCAP_PDR
20-07-2026 13:24 - WARNING - first_pkt_count, first_gps_count, first_pkt_Tstamp
20-07-2026 13:24 - WARNING - 3863601340 50563 2026-07-20T07:29:28.833966
20-07-2026 13:24 - WARNING - last_pkt_count, last_gps_count, last_pkt_Tstamp
20-07-2026 13:24 - WARNING - 3865483881 50593 2026-07-20T07:29:58.041868
20-07-2026 13:24 - WARNING - diff_pkt_count  , diff_gps_count ,  diff_pkt_timstamp
20-07-2026 13:24 - WARNING - 1882541 30 29207902 microseconds
20-07-2026 13:24 - WARNING - No packet loss: /data/dsp/GBD_TRANSIENT_BUFFER/J0837+0610/20_07_2026/PDR_GULP_data000.pcap_20_07_2026_13_00_1784532630.PCAP_PDR
20-07-2026 13:24 - WARNING - first_pkt_count, first_gps_count, first_pkt_Tstamp
20-07-2026 13:24 - WARNING - 3865483882 50593 2026-07-20T07:29:58.041869
20-07-2026 13:24 - WARNING - last_pkt_count, last_gps_count, last_pkt_Tstamp
20-07-2026 13:24 - WARNING - 3867366423 50622 2026-07-20T07:30:27.249689
20-07-2026 13:24 - WARNING - diff_pkt_count  , diff_gps_count ,  diff_pkt_timstamp
20-07-2026 13:24 - WARNING - 1882541 29 29207820 microseconds
20-07-2026 13:24 - WARNING - No packet loss: /data/dsp/GBD_TRANSIENT_BUFFER/J0837+0610/20_07_2026/PDR_GULP_data001.pcap_20_07_2026_13_00_1784532659.PCAP_PDR
20-07-2026 13:24 - WARNING - first_pkt_count, first_gps_count, first_pkt_Tstamp
20-07-2026 13:24 - WARNING - 3867366424 50622 2026-07-20T07:30:27.249743
20-07-2026 13:24 - WARNING - last_pkt_count, last_gps_count, last_pkt_Tstamp
20-07-2026 13:24 - WARNING - 3869248965 50651 2026-07-20T07:30:56.457614
20-07-2026 13:24 - WARNING - diff_pkt_count  , diff_gps_count ,  diff_pkt_timstamp
20-07-2026 13:24 - WARNING - 1882541 29 29207871 microseconds
20-07-2026 13:24 - WARNING - No packet loss: /data/dsp/GBD_TRANSIENT_BUFFER/J0837+0610/20_07_2026/PDR_GULP_data002.pcap_20_07_2026_13_01_1784532688.PCAP_PDR
20-07-2026 13:24 - WARNING - first_pkt_count, first_gps_count, first_pkt_Tstamp
20-07-2026 13:24 - WARNING - 3869248966 50651 2026-07-20T07:30:56.457614
20-07-2026 13:24 - WARNING - last_pkt_count, last_gps_count, last_pkt_Tstamp
20-07-2026 13:24 - WARNING - 3871131507 50680 2026-07-20T07:31:25.665495
20-07-2026 13:24 - WARNING - diff_pkt_count  , diff_gps_count ,  diff_pkt_timstamp
20-07-2026 13:24 - WARNING - 1882541 29 29207881 microseconds
20-07-2026 13:24 - WARNING - No packet loss: /data/dsp/GBD_TRANSIENT_BUFFER/J0837+0610/20_07_2026/PDR_GULP_data000.pcap_20_07_2026_13_01_1784532717.PCAP_PDR
20-07-2026 13:24 - WARNING - first_pkt_count, first_gps_count, first_pkt_Tstamp
20-07-2026 13:24 - WARNING - 3871131508 50680 2026-07-20T07:31:25.665547
20-07-2026 13:24 - WARNING - last_pkt_count, last_gps_count, last_pkt_Tstamp
20-07-2026 13:24 - WARNING - 3873014049 50709 2026-07-20T07:31:54.873425
20-07-2026 13:24 - WARNING - diff_pkt_count  , diff_gps_count ,  diff_pkt_timstamp
20-07-2026 13:24 - WARNING - 1882541 29 29207878 microseconds
20-07-2026 13:24 - WARNING - No packet loss: /data/dsp/GBD_TRANSIENT_BUFFER/J0837+0610/20_07_2026/PDR_GULP_data001.pcap_20_07_2026_13_02_1784532747.PCAP_PDR
20-07-2026 13:24 - WARNING - first_pkt_count, first_gps_count, first_pkt_Tstamp
20-07-2026 13:24 - WARNING - 3873014050 50709 2026-07-20T07:31:54.873426
20-07-2026 13:24 - WARNING - last_pkt_count, last_gps_count, last_pkt_Tstamp
20-07-2026 13:24 - WARNING - 3874896592 50739 2026-07-20T07:32:24.081322
20-07-2026 13:24 - WARNING - diff_pkt_count  , diff_gps_count ,  diff_pkt_timstamp
20-07-2026 13:24 - WARNING - 1882542 30 29207896 microseconds
20-07-2026 13:24 - WARNING - No packet loss: /data/dsp/GBD_TRANSIENT_BUFFER/J0837+0610/20_07_2026/PDR_GULP_data002.pcap_20_07_2026_13_02_1784532776.PCAP_PDR
20-07-2026 13:24 - WARNING - first_pkt_count, first_gps_count, first_pkt_Tstamp
20-07-2026 13:24 - WARNING - 3874896593 50739 2026-07-20T07:32:24.081322
20-07-2026 13:24 - WARNING - last_pkt_count, last_gps_count, last_pkt_Tstamp
20-07-2026 13:24 - WARNING - 3876779134 50768 2026-07-20T07:32:53.289205
20-07-2026 13:24 - WARNING - diff_pkt_count  , diff_gps_count ,  diff_pkt_timstamp
20-07-2026 13:24 - WARNING - 1882541 29 29207883 microseconds
20-07-2026 13:24 - WARNING - No packet loss: /data/dsp/GBD_TRANSIENT_BUFFER/J0837+0610/20_07_2026/PDR_GULP_data000.pcap_20_07_2026_13_03_1784532805.PCAP_PDR
20-07-2026 13:24 - WARNING - first_pkt_count, first_gps_count, first_pkt_Tstamp
20-07-2026 13:24 - WARNING - 3876779135 50768 2026-07-20T07:32:53.289205
20-07-2026 13:24 - WARNING - last_pkt_count, last_gps_count, last_pkt_Tstamp
20-07-2026 13:24 - WARNING - 3878661676 50797 2026-07-20T07:33:22.497126
20-07-2026 13:24 - WARNING - diff_pkt_count  , diff_gps_count ,  diff_pkt_timstamp
20-07-2026 13:24 - WARNING - 1882541 29 29207921 microseconds
20-07-2026 13:24 - WARNING - No packet loss: /data/dsp/GBD_TRANSIENT_BUFFER/J0837+0610/20_07_2026/PDR_GULP_data001.pcap_20_07_2026_13_03_1784532834.PCAP_PDR
20-07-2026 13:24 - WARNING - first_pkt_count, first_gps_count, first_pkt_Tstamp
20-07-2026 13:24 - WARNING - 3878661677 50797 2026-07-20T07:33:22.497126
20-07-2026 13:24 - WARNING - last_pkt_count, last_gps_count, last_pkt_Tstamp
20-07-2026 13:24 - WARNING - 3880544218 50826 2026-07-20T07:33:51.704973
20-07-2026 13:24 - WARNING - diff_pkt_count  , diff_gps_count ,  diff_pkt_timstamp
20-07-2026 13:24 - WARNING - 1882541 29 29207847 microseconds
20-07-2026 13:24 - WARNING - No packet loss: /data/dsp/GBD_TRANSIENT_BUFFER/J0837+0610/20_07_2026/PDR_GULP_data002.pcap_20_07_2026_13_04_1784532863.PCAP_PDR
20-07-2026 13:24 - WARNING - first_pkt_count, first_gps_count, first_pkt_Tstamp
20-07-2026 13:24 - WARNING - 3880544219 50826 2026-07-20T07:33:51.705036
20-07-2026 13:24 - WARNING - last_pkt_count, last_gps_count, last_pkt_Tstamp
20-07-2026 13:24 - WARNING - 3882426760 50855 2026-07-20T07:34:20.912903
20-07-2026 13:24 - WARNING - diff_pkt_count  , diff_gps_count ,  diff_pkt_timstamp
20-07-2026 13:24 - WARNING - 1882541 29 29207867 microseconds
20-07-2026 13:24 - WARNING - No packet loss: /data/dsp/GBD_TRANSIENT_BUFFER/J0837+0610/20_07_2026/PDR_GULP_data000.pcap_20_07_2026_13_04_1784532893.PCAP_PDR
20-07-2026 13:24 - WARNING - first_pkt_count, first_gps_count, first_pkt_Tstamp
20-07-2026 13:24 - WARNING - 3882426761 50855 2026-07-20T07:34:20.912903
20-07-2026 13:24 - WARNING - last_pkt_count, last_gps_count, last_pkt_Tstamp
20-07-2026 13:24 - WARNING - 3884309302 50885 2026-07-20T07:34:50.120823
20-07-2026 13:24 - WARNING - diff_pkt_count  , diff_gps_count ,  diff_pkt_timstamp
20-07-2026 13:24 - WARNING - 1882541 30 29207920 microseconds
20-07-2026 13:24 - WARNING - No packet loss: /data/dsp/GBD_TRANSIENT_BUFFER/J0837+0610/20_07_2026/PDR_GULP_data001.pcap_20_07_2026_13_05_1784532922.PCAP_PDR
20-07-2026 13:24 - WARNING - first_pkt_count, first_gps_count, first_pkt_Tstamp
20-07-2026 13:24 - WARNING - 3884309303 50885 2026-07-20T07:34:50.120823
20-07-2026 13:24 - WARNING - last_pkt_count, last_gps_count, last_pkt_Tstamp
20-07-2026 13:24 - WARNING - 3886191845 50914 2026-07-20T07:35:19.328718
20-07-2026 13:24 - WARNING - diff_pkt_count  , diff_gps_count ,  diff_pkt_timstamp
20-07-2026 13:24 - WARNING - 1882542 29 29207895 microseconds
20-07-2026 13:24 - WARNING - Packet loss: /data/dsp/GBD_TRANSIENT_BUFFER/J0837+0610/20_07_2026/PDR_GULP_data002.pcap_20_07_2026_13_05_1784532951.PCAP_PDR
20-07-2026 13:24 - WARNING - Packet loss found .... Being fixed ... Please wait ...
20-07-2026 13:24 - WARNING - PCAP filtering ... tcpdump -r /data/dsp/GBD_TRANSIENT_BUFFER/J0837+0610/20_07_2026/PDR_GULP_data002.pcap_20_07_2026_13_05_1784532951.PCAP_PDR.pcap -w PDR_GULP_data002.pcap_20_07_2026_13_05_1784532951_filtered.PCAP_PDR.pcap  host 172.10.10.1 and port 55000 
20-07-2026 13:24 - WARNING - Patched /data/dsp/GBD_TRANSIENT_BUFFER/J0837+0610/20_07_2026/PDR_GULP_data002.pcap_20_07_2026_13_05_1784532951.PCAP_PDR as PDR_GULP_data002.pcap_20_07_2026_13_05_1784532951_filtered.PCAP_PDR
20-07-2026 13:24 - WARNING - Gulped file moved to /data/dsp/GBD_TRANSIENT_BUFFER/J0837+0610/20_07_2026/GULPED
20-07-2026 13:24 - WARNING - first_pkt_count, first_gps_count, first_pkt_Tstamp
20-07-2026 13:24 - WARNING - 3886191846 50914 2026-07-20T07:35:19.328770
20-07-2026 13:24 - WARNING - last_pkt_count, last_gps_count, last_pkt_Tstamp
20-07-2026 13:24 - WARNING - 3888074387 50943 2026-07-20T07:35:48.536693
20-07-2026 13:24 - WARNING - diff_pkt_count  , diff_gps_count ,  diff_pkt_timstamp
20-07-2026 13:24 - WARNING - 1882541 29 29207923 microseconds
20-07-2026 13:24 - WARNING - No packet loss: /data/dsp/GBD_TRANSIENT_BUFFER/J0837+0610/20_07_2026/PDR_GULP_data000.pcap_20_07_2026_13_06_1784532980.PCAP_PDR
20-07-2026 13:24 - WARNING - first_pkt_count, first_gps_count, first_pkt_Tstamp
20-07-2026 13:24 - WARNING - 3888074388 50943 2026-07-20T07:35:48.536693
20-07-2026 13:24 - WARNING - last_pkt_count, last_gps_count, last_pkt_Tstamp
20-07-2026 13:24 - WARNING - 3889956929 50972 2026-07-20T07:36:17.744638
20-07-2026 13:24 - WARNING - diff_pkt_count  , diff_gps_count ,  diff_pkt_timstamp
20-07-2026 13:24 - WARNING - 1882541 29 29207945 microseconds
20-07-2026 13:24 - WARNING - No packet loss: /data/dsp/GBD_TRANSIENT_BUFFER/J0837+0610/20_07_2026/PDR_GULP_data001.pcap_20_07_2026_13_06_1784533009.PCAP_PDR
20-07-2026 13:24 - WARNING - first_pkt_count, first_gps_count, first_pkt_Tstamp
20-07-2026 13:24 - WARNING - 3889956930 50972 2026-07-20T07:36:17.744638
20-07-2026 13:24 - WARNING - last_pkt_count, last_gps_count, last_pkt_Tstamp
20-07-2026 13:24 - WARNING - 3891839471 51001 2026-07-20T07:36:46.952591
20-07-2026 13:24 - WARNING - diff_pkt_count  , diff_gps_count ,  diff_pkt_timstamp
20-07-2026 13:24 - WARNING - 1882541 29 29207953 microseconds
20-07-2026 13:24 - WARNING - No packet loss: /data/dsp/GBD_TRANSIENT_BUFFER/J0837+0610/20_07_2026/PDR_GULP_data002.pcap_20_07_2026_13_07_1784533039.PCAP_PDR
20-07-2026 13:24 - WARNING - first_pkt_count, first_gps_count, first_pkt_Tstamp
20-07-2026 13:24 - WARNING - 3891839472 51001 2026-07-20T07:36:46.952642
20-07-2026 13:24 - WARNING - last_pkt_count, last_gps_count, last_pkt_Tstamp
20-07-2026 13:24 - WARNING - 3893722013 51031 2026-07-20T07:37:16.160575
20-07-2026 13:24 - WARNING - diff_pkt_count  , diff_gps_count ,  diff_pkt_timstamp
20-07-2026 13:24 - WARNING - 1882541 30 29207933 microseconds
20-07-2026 13:24 - WARNING - No packet loss: /data/dsp/GBD_TRANSIENT_BUFFER/J0837+0610/20_07_2026/PDR_GULP_data000.pcap_20_07_2026_13_07_1784533068.PCAP_PDR
20-07-2026 13:24 - WARNING - first_pkt_count, first_gps_count, first_pkt_Tstamp
20-07-2026 13:24 - WARNING - 3893722014 51031 2026-07-20T07:37:16.160575
20-07-2026 13:24 - WARNING - last_pkt_count, last_gps_count, last_pkt_Tstamp
20-07-2026 13:24 - WARNING - 3895604555 51060 2026-07-20T07:37:45.368512
20-07-2026 13:24 - WARNING - diff_pkt_count  , diff_gps_count ,  diff_pkt_timstamp
20-07-2026 13:24 - WARNING - 1882541 29 29207937 microseconds
20-07-2026 13:24 - WARNING - No packet loss: /data/dsp/GBD_TRANSIENT_BUFFER/J0837+0610/20_07_2026/PDR_GULP_data001.pcap_20_07_2026_13_08_1784533097.PCAP_PDR
20-07-2026 13:24 - WARNING - first_pkt_count, first_gps_count, first_pkt_Tstamp
20-07-2026 13:24 - WARNING - 3895604556 51060 2026-07-20T07:37:45.368512
20-07-2026 13:24 - WARNING - last_pkt_count, last_gps_count, last_pkt_Tstamp
20-07-2026 13:24 - WARNING - 3897487097 51089 2026-07-20T07:38:14.576483
20-07-2026 13:24 - WARNING - diff_pkt_count  , diff_gps_count ,  diff_pkt_timstamp
20-07-2026 13:24 - WARNING - 1882541 29 29207971 microseconds
20-07-2026 13:24 - WARNING - No packet loss: /data/dsp/GBD_TRANSIENT_BUFFER/J0837+0610/20_07_2026/PDR_GULP_data002.pcap_20_07_2026_13_08_1784533126.PCAP_PDR
20-07-2026 13:24 - WARNING - first_pkt_count, first_gps_count, first_pkt_Tstamp
20-07-2026 13:24 - WARNING - 3897487098 51089 2026-07-20T07:38:14.576483
20-07-2026 13:24 - WARNING - last_pkt_count, last_gps_count, last_pkt_Tstamp
20-07-2026 13:24 - WARNING - 3899369640 51118 2026-07-20T07:38:43.784428
20-07-2026 13:24 - WARNING - diff_pkt_count  , diff_gps_count ,  diff_pkt_timstamp
20-07-2026 13:24 - WARNING - 1882542 29 29207945 microseconds
20-07-2026 13:24 - WARNING - No packet loss: /data/dsp/GBD_TRANSIENT_BUFFER/J0837+0610/20_07_2026/PDR_GULP_data000.pcap_20_07_2026_13_09_1784533155.PCAP_PDR
20-07-2026 13:24 - WARNING - first_pkt_count, first_gps_count, first_pkt_Tstamp
20-07-2026 13:24 - WARNING - 3899369641 51118 2026-07-20T07:38:43.784429
20-07-2026 13:24 - WARNING - last_pkt_count, last_gps_count, last_pkt_Tstamp
20-07-2026 13:24 - WARNING - 3901252182 51147 2026-07-20T07:39:12.992322
20-07-2026 13:24 - WARNING - diff_pkt_count  , diff_gps_count ,  diff_pkt_timstamp
20-07-2026 13:24 - WARNING - 1882541 29 29207893 microseconds
20-07-2026 13:24 - WARNING - No packet loss: /data/dsp/GBD_TRANSIENT_BUFFER/J0837+0610/20_07_2026/PDR_GULP_data001.pcap_20_07_2026_13_09_1784533185.PCAP_PDR
20-07-2026 13:24 - WARNING - first_pkt_count, first_gps_count, first_pkt_Tstamp
20-07-2026 13:24 - WARNING - 3901252183 51147 2026-07-20T07:39:12.992388
20-07-2026 13:24 - WARNING - last_pkt_count, last_gps_count, last_pkt_Tstamp
20-07-2026 13:24 - WARNING - 3903134724 51177 2026-07-20T07:39:42.200324
20-07-2026 13:24 - WARNING - diff_pkt_count  , diff_gps_count ,  diff_pkt_timstamp
20-07-2026 13:24 - WARNING - 1882541 30 29207936 microseconds
20-07-2026 13:24 - WARNING - No packet loss: /data/dsp/GBD_TRANSIENT_BUFFER/J0837+0610/20_07_2026/PDR_GULP_data002.pcap_20_07_2026_13_10_1784533214.PCAP_PDR
20-07-2026 13:24 - WARNING - first_pkt_count, first_gps_count, first_pkt_Tstamp
20-07-2026 13:24 - WARNING - 3903134725 51177 2026-07-20T07:39:42.200325
20-07-2026 13:24 - WARNING - last_pkt_count, last_gps_count, last_pkt_Tstamp
20-07-2026 13:24 - WARNING - 3905017266 51206 2026-07-20T07:40:11.408197
20-07-2026 13:24 - WARNING - diff_pkt_count  , diff_gps_count ,  diff_pkt_timstamp
20-07-2026 13:24 - WARNING - 1882541 29 29207872 microseconds
20-07-2026 13:24 - WARNING - No packet loss: /data/dsp/GBD_TRANSIENT_BUFFER/J0837+0610/20_07_2026/PDR_GULP_data000.pcap_20_07_2026_13_10_1784533243.PCAP_PDR
20-07-2026 13:24 - WARNING - first_pkt_count, first_gps_count, first_pkt_Tstamp
20-07-2026 13:24 - WARNING - 3905017267 51206 2026-07-20T07:40:11.408264
20-07-2026 13:24 - WARNING - last_pkt_count, last_gps_count, last_pkt_Tstamp
20-07-2026 13:24 - WARNING - 3906899808 51235 2026-07-20T07:40:40.616135
20-07-2026 13:24 - WARNING - diff_pkt_count  , diff_gps_count ,  diff_pkt_timstamp
20-07-2026 13:24 - WARNING - 1882541 29 29207871 microseconds
20-07-2026 13:24 - WARNING - No packet loss: /data/dsp/GBD_TRANSIENT_BUFFER/J0837+0610/20_07_2026/PDR_GULP_data001.pcap_20_07_2026_13_11_1784533272.PCAP_PDR
20-07-2026 13:24 - WARNING - first_pkt_count, first_gps_count, first_pkt_Tstamp
20-07-2026 13:24 - WARNING - 3906899809 51235 2026-07-20T07:40:40.616200
20-07-2026 13:24 - WARNING - last_pkt_count, last_gps_count, last_pkt_Tstamp
20-07-2026 13:24 - WARNING - 3908782351 51264 2026-07-20T07:41:09.824129
20-07-2026 13:24 - WARNING - diff_pkt_count  , diff_gps_count ,  diff_pkt_timstamp
20-07-2026 13:24 - WARNING - 1882542 29 29207929 microseconds
20-07-2026 13:24 - WARNING - No packet loss: /data/dsp/GBD_TRANSIENT_BUFFER/J0837+0610/20_07_2026/PDR_GULP_data002.pcap_20_07_2026_13_11_1784533302.PCAP_PDR
20-07-2026 13:24 - WARNING - first_pkt_count, first_gps_count, first_pkt_Tstamp
20-07-2026 13:24 - WARNING - 3908782352 51264 2026-07-20T07:41:09.824129
20-07-2026 13:24 - WARNING - last_pkt_count, last_gps_count, last_pkt_Tstamp
20-07-2026 13:24 - WARNING - 3910664893 51294 2026-07-20T07:41:39.032039
20-07-2026 13:24 - WARNING - diff_pkt_count  , diff_gps_count ,  diff_pkt_timstamp
20-07-2026 13:24 - WARNING - 1882541 30 29207910 microseconds
20-07-2026 13:24 - WARNING - No packet loss: /data/dsp/GBD_TRANSIENT_BUFFER/J0837+0610/20_07_2026/PDR_GULP_data000.pcap_20_07_2026_13_12_1784533331.PCAP_PDR
20-07-2026 13:24 - WARNING - first_pkt_count, first_gps_count, first_pkt_Tstamp
20-07-2026 13:24 - WARNING - 3910664894 51294 2026-07-20T07:41:39.032094
20-07-2026 13:24 - WARNING - last_pkt_count, last_gps_count, last_pkt_Tstamp
20-07-2026 13:24 - WARNING - 3912547435 51323 2026-07-20T07:42:08.240031
20-07-2026 13:24 - WARNING - diff_pkt_count  , diff_gps_count ,  diff_pkt_timstamp
20-07-2026 13:24 - WARNING - 1882541 29 29207937 microseconds
20-07-2026 13:24 - WARNING - No packet loss: /data/dsp/GBD_TRANSIENT_BUFFER/J0837+0610/20_07_2026/PDR_GULP_data001.pcap_20_07_2026_13_12_1784533360.PCAP_PDR
20-07-2026 13:24 - WARNING - first_pkt_count, first_gps_count, first_pkt_Tstamp
20-07-2026 13:24 - WARNING - 3912547436 51323 2026-07-20T07:42:08.240031
20-07-2026 13:24 - WARNING - last_pkt_count, last_gps_count, last_pkt_Tstamp
20-07-2026 13:24 - WARNING - 3914429977 51352 2026-07-20T07:42:37.447882
20-07-2026 13:24 - WARNING - diff_pkt_count  , diff_gps_count ,  diff_pkt_timstamp
20-07-2026 13:24 - WARNING - 1882541 29 29207851 microseconds
20-07-2026 13:24 - WARNING - No packet loss: /data/dsp/GBD_TRANSIENT_BUFFER/J0837+0610/20_07_2026/PDR_GULP_data002.pcap_20_07_2026_13_13_1784533389.PCAP_PDR
20-07-2026 13:24 - WARNING - first_pkt_count, first_gps_count, first_pkt_Tstamp
20-07-2026 13:24 - WARNING - 3914429978 51352 2026-07-20T07:42:37.447949
20-07-2026 13:24 - WARNING - last_pkt_count, last_gps_count, last_pkt_Tstamp
20-07-2026 13:24 - WARNING - 3916312519 51381 2026-07-20T07:43:06.655890
20-07-2026 13:24 - WARNING - diff_pkt_count  , diff_gps_count ,  diff_pkt_timstamp
20-07-2026 13:24 - WARNING - 1882541 29 29207941 microseconds
20-07-2026 13:24 - WARNING - No packet loss: /data/dsp/GBD_TRANSIENT_BUFFER/J0837+0610/20_07_2026/PDR_GULP_data000.pcap_20_07_2026_13_13_1784533418.PCAP_PDR
20-07-2026 13:24 - WARNING - first_pkt_count, first_gps_count, first_pkt_Tstamp
20-07-2026 13:24 - WARNING - 3916312520 51381 2026-07-20T07:43:06.655891
20-07-2026 13:24 - WARNING - last_pkt_count, last_gps_count, last_pkt_Tstamp
20-07-2026 13:24 - WARNING - 3918195061 51410 2026-07-20T07:43:35.863766
20-07-2026 13:24 - WARNING - diff_pkt_count  , diff_gps_count ,  diff_pkt_timstamp
20-07-2026 13:24 - WARNING - 1882541 29 29207875 microseconds
20-07-2026 13:24 - WARNING - No packet loss: /data/dsp/GBD_TRANSIENT_BUFFER/J0837+0610/20_07_2026/PDR_GULP_data001.pcap_20_07_2026_13_14_1784533448.PCAP_PDR
20-07-2026 13:24 - WARNING - first_pkt_count, first_gps_count, first_pkt_Tstamp
20-07-2026 13:24 - WARNING - 3918195062 51410 2026-07-20T07:43:35.863766
20-07-2026 13:24 - WARNING - last_pkt_count, last_gps_count, last_pkt_Tstamp
20-07-2026 13:24 - WARNING - 3920077604 51440 2026-07-20T07:44:05.071731
20-07-2026 13:24 - WARNING - diff_pkt_count  , diff_gps_count ,  diff_pkt_timstamp
20-07-2026 13:24 - WARNING - 1882542 30 29207965 microseconds
20-07-2026 13:24 - WARNING - No packet loss: /data/dsp/GBD_TRANSIENT_BUFFER/J0837+0610/20_07_2026/PDR_GULP_data002.pcap_20_07_2026_13_14_1784533477.PCAP_PDR
20-07-2026 13:24 - WARNING - first_pkt_count, first_gps_count, first_pkt_Tstamp
20-07-2026 13:24 - WARNING - 3920077605 51440 2026-07-20T07:44:05.071732
20-07-2026 13:24 - WARNING - last_pkt_count, last_gps_count, last_pkt_Tstamp
20-07-2026 13:24 - WARNING - 3921960146 51469 2026-07-20T07:44:34.279663
20-07-2026 13:24 - WARNING - diff_pkt_count  , diff_gps_count ,  diff_pkt_timstamp
20-07-2026 13:24 - WARNING - 1882541 29 29207931 microseconds
20-07-2026 13:24 - WARNING - No packet loss: /data/dsp/GBD_TRANSIENT_BUFFER/J0837+0610/20_07_2026/PDR_GULP_data000.pcap_20_07_2026_13_15_1784533506.PCAP_PDR
20-07-2026 13:24 - WARNING - first_pkt_count, first_gps_count, first_pkt_Tstamp
20-07-2026 13:24 - WARNING - 3921960147 51469 2026-07-20T07:44:34.279663
20-07-2026 13:24 - WARNING - last_pkt_count, last_gps_count, last_pkt_Tstamp
20-07-2026 13:24 - WARNING - 3923842688 51498 2026-07-20T07:45:03.487536
20-07-2026 13:24 - WARNING - diff_pkt_count  , diff_gps_count ,  diff_pkt_timstamp
20-07-2026 13:24 - WARNING - 1882541 29 29207873 microseconds
20-07-2026 13:24 - WARNING - No packet loss: /data/dsp/GBD_TRANSIENT_BUFFER/J0837+0610/20_07_2026/PDR_GULP_data001.pcap_20_07_2026_13_15_1784533535.PCAP_PDR
20-07-2026 13:24 - WARNING - first_pkt_count, first_gps_count, first_pkt_Tstamp
20-07-2026 13:24 - WARNING - 3923842689 51498 2026-07-20T07:45:03.487588
20-07-2026 13:24 - WARNING - last_pkt_count, last_gps_count, last_pkt_Tstamp
20-07-2026 13:24 - WARNING - 3925725230 51527 2026-07-20T07:45:32.695465
20-07-2026 13:24 - WARNING - diff_pkt_count  , diff_gps_count ,  diff_pkt_timstamp
20-07-2026 13:24 - WARNING - 1882541 29 29207877 microseconds
20-07-2026 13:24 - WARNING - No packet loss: /data/dsp/GBD_TRANSIENT_BUFFER/J0837+0610/20_07_2026/PDR_GULP_data002.pcap_20_07_2026_13_16_1784533564.PCAP_PDR
20-07-2026 13:24 - WARNING - first_pkt_count, first_gps_count, first_pkt_Tstamp
20-07-2026 13:24 - WARNING - 3925725231 51527 2026-07-20T07:45:32.695466
20-07-2026 13:24 - WARNING - last_pkt_count, last_gps_count, last_pkt_Tstamp
20-07-2026 13:24 - WARNING - 3927607772 51556 2026-07-20T07:46:01.903434
20-07-2026 13:24 - WARNING - diff_pkt_count  , diff_gps_count ,  diff_pkt_timstamp
20-07-2026 13:24 - WARNING - 1882541 29 29207968 microseconds
20-07-2026 13:24 - WARNING - No packet loss: /data/dsp/GBD_TRANSIENT_BUFFER/J0837+0610/20_07_2026/PDR_GULP_data000.pcap_20_07_2026_13_16_1784533594.PCAP_PDR
20-07-2026 13:24 - WARNING - first_pkt_count, first_gps_count, first_pkt_Tstamp
20-07-2026 13:24 - WARNING - 3927607773 51556 2026-07-20T07:46:01.903434
20-07-2026 13:24 - WARNING - last_pkt_count, last_gps_count, last_pkt_Tstamp
20-07-2026 13:24 - WARNING - 3929490314 51586 2026-07-20T07:46:31.111338
20-07-2026 13:24 - WARNING - diff_pkt_count  , diff_gps_count ,  diff_pkt_timstamp
20-07-2026 13:24 - WARNING - 1882541 30 29207904 microseconds
20-07-2026 13:24 - WARNING - No packet loss: /data/dsp/GBD_TRANSIENT_BUFFER/J0837+0610/20_07_2026/PDR_GULP_data001.pcap_20_07_2026_13_17_1784533623.PCAP_PDR
20-07-2026 13:24 - WARNING - first_pkt_count, first_gps_count, first_pkt_Tstamp
20-07-2026 13:24 - WARNING - 3929490315 51586 2026-07-20T07:46:31.111338
20-07-2026 13:24 - WARNING - last_pkt_count, last_gps_count, last_pkt_Tstamp
20-07-2026 13:24 - WARNING - 3931372857 51615 2026-07-20T07:47:00.319269
20-07-2026 13:24 - WARNING - diff_pkt_count  , diff_gps_count ,  diff_pkt_timstamp
20-07-2026 13:24 - WARNING - 1882542 29 29207931 microseconds
20-07-2026 13:24 - WARNING - No packet loss: /data/dsp/GBD_TRANSIENT_BUFFER/J0837+0610/20_07_2026/PDR_GULP_data002.pcap_20_07_2026_13_17_1784533652.PCAP_PDR
20-07-2026 13:24 - WARNING - first_pkt_count, first_gps_count, first_pkt_Tstamp
20-07-2026 13:24 - WARNING - 3931372858 51615 2026-07-20T07:47:00.319269
20-07-2026 13:24 - WARNING - last_pkt_count, last_gps_count, last_pkt_Tstamp
20-07-2026 13:24 - WARNING - 3933255399 51644 2026-07-20T07:47:29.527195
20-07-2026 13:24 - WARNING - diff_pkt_count  , diff_gps_count ,  diff_pkt_timstamp
20-07-2026 13:24 - WARNING - 1882541 29 29207926 microseconds
20-07-2026 13:24 - WARNING - No packet loss: /data/dsp/GBD_TRANSIENT_BUFFER/J0837+0610/20_07_2026/PDR_GULP_data000.pcap_20_07_2026_13_18_1784533681.PCAP_PDR
20-07-2026 13:24 - WARNING - first_pkt_count, first_gps_count, first_pkt_Tstamp
20-07-2026 13:24 - WARNING - 3933255400 51644 2026-07-20T07:47:29.527195
20-07-2026 13:24 - WARNING - last_pkt_count, last_gps_count, last_pkt_Tstamp
20-07-2026 13:24 - WARNING - 3935137941 51673 2026-07-20T07:47:58.735149
20-07-2026 13:24 - WARNING - diff_pkt_count  , diff_gps_count ,  diff_pkt_timstamp
20-07-2026 13:24 - WARNING - 1882541 29 29207954 microseconds
20-07-2026 13:24 - WARNING - No packet loss: /data/dsp/GBD_TRANSIENT_BUFFER/J0837+0610/20_07_2026/PDR_GULP_data001.pcap_20_07_2026_13_18_1784533710.PCAP_PDR
20-07-2026 13:24 - WARNING - first_pkt_count, first_gps_count, first_pkt_Tstamp
20-07-2026 13:24 - WARNING - 3935137942 51673 2026-07-20T07:47:58.735150
20-07-2026 13:24 - WARNING - last_pkt_count, last_gps_count, last_pkt_Tstamp
20-07-2026 13:24 - WARNING - 3937020483 51702 2026-07-20T07:48:27.943007
20-07-2026 13:24 - WARNING - diff_pkt_count  , diff_gps_count ,  diff_pkt_timstamp
20-07-2026 13:24 - WARNING - 1882541 29 29207857 microseconds
20-07-2026 13:24 - WARNING - No packet loss: /data/dsp/GBD_TRANSIENT_BUFFER/J0837+0610/20_07_2026/PDR_GULP_data002.pcap_20_07_2026_13_19_1784533740.PCAP_PDR
20-07-2026 13:24 - WARNING - first_pkt_count, first_gps_count, first_pkt_Tstamp
20-07-2026 13:24 - WARNING - 3937020484 51702 2026-07-20T07:48:27.943008
20-07-2026 13:24 - WARNING - last_pkt_count, last_gps_count, last_pkt_Tstamp
20-07-2026 13:24 - WARNING - 3938903025 51732 2026-07-20T07:48:57.150993
20-07-2026 13:24 - WARNING - diff_pkt_count  , diff_gps_count ,  diff_pkt_timstamp
20-07-2026 13:24 - WARNING - 1882541 30 29207985 microseconds
20-07-2026 13:24 - WARNING - No packet loss: /data/dsp/GBD_TRANSIENT_BUFFER/J0837+0610/20_07_2026/PDR_GULP_data000.pcap_20_07_2026_13_19_1784533769.PCAP_PDR
20-07-2026 13:24 - WARNING - first_pkt_count, first_gps_count, first_pkt_Tstamp
20-07-2026 13:24 - WARNING - 3938903026 51732 2026-07-20T07:48:57.150993
20-07-2026 13:24 - WARNING - last_pkt_count, last_gps_count, last_pkt_Tstamp
20-07-2026 13:24 - WARNING - 3940785567 51761 2026-07-20T07:49:26.358829
20-07-2026 13:24 - WARNING - diff_pkt_count  , diff_gps_count ,  diff_pkt_timstamp
20-07-2026 13:24 - WARNING - 1882541 29 29207836 microseconds
20-07-2026 13:24 - WARNING - No packet loss: /data/dsp/GBD_TRANSIENT_BUFFER/J0837+0610/20_07_2026/PDR_GULP_data001.pcap_20_07_2026_13_19_1784533798.PCAP_PDR
20-07-2026 13:24 - WARNING - first_pkt_count, first_gps_count, first_pkt_Tstamp
20-07-2026 13:24 - WARNING - 3940785568 51761 2026-07-20T07:49:26.358880
20-07-2026 13:24 - WARNING - last_pkt_count, last_gps_count, last_pkt_Tstamp
20-07-2026 13:24 - WARNING - 3942668110 51790 2026-07-20T07:49:55.566778
20-07-2026 13:24 - WARNING - diff_pkt_count  , diff_gps_count ,  diff_pkt_timstamp
20-07-2026 13:24 - WARNING - 1882542 29 29207898 microseconds
20-07-2026 13:24 - WARNING - No packet loss: /data/dsp/GBD_TRANSIENT_BUFFER/J0837+0610/20_07_2026/PDR_GULP_data002.pcap_20_07_2026_13_20_1784533827.PCAP_PDR
20-07-2026 13:24 - WARNING - first_pkt_count, first_gps_count, first_pkt_Tstamp
20-07-2026 13:24 - WARNING - 3942668111 51790 2026-07-20T07:49:55.566778
20-07-2026 13:24 - WARNING - last_pkt_count, last_gps_count, last_pkt_Tstamp
20-07-2026 13:24 - WARNING - 3944550652 51819 2026-07-20T07:50:24.774690
20-07-2026 13:24 - WARNING - diff_pkt_count  , diff_gps_count ,  diff_pkt_timstamp
20-07-2026 13:24 - WARNING - 1882541 29 29207912 microseconds
20-07-2026 13:24 - WARNING - No packet loss: /data/dsp/GBD_TRANSIENT_BUFFER/J0837+0610/20_07_2026/PDR_GULP_data000.pcap_20_07_2026_13_20_1784533856.PCAP_PDR
20-07-2026 13:24 - WARNING - first_pkt_count, first_gps_count, first_pkt_Tstamp
20-07-2026 13:24 - WARNING - 3944550653 51819 2026-07-20T07:50:24.774690
20-07-2026 13:24 - WARNING - last_pkt_count, last_gps_count, last_pkt_Tstamp
20-07-2026 13:24 - WARNING - 3946433194 51848 2026-07-20T07:50:53.982625
20-07-2026 13:24 - WARNING - diff_pkt_count  , diff_gps_count ,  diff_pkt_timstamp
20-07-2026 13:24 - WARNING - 1882541 29 29207935 microseconds
20-07-2026 13:24 - WARNING - No packet loss: /data/dsp/GBD_TRANSIENT_BUFFER/J0837+0610/20_07_2026/PDR_GULP_data001.pcap_20_07_2026_13_21_1784533886.PCAP_PDR
20-07-2026 13:24 - WARNING - first_pkt_count, first_gps_count, first_pkt_Tstamp
20-07-2026 13:24 - WARNING - 3946433195 51848 2026-07-20T07:50:53.982625
20-07-2026 13:24 - WARNING - last_pkt_count, last_gps_count, last_pkt_Tstamp
20-07-2026 13:24 - WARNING - 3948315736 51878 2026-07-20T07:51:23.190585
20-07-2026 13:24 - WARNING - diff_pkt_count  , diff_gps_count ,  diff_pkt_timstamp
20-07-2026 13:24 - WARNING - 1882541 30 29207960 microseconds
20-07-2026 13:24 - WARNING - No packet loss: /data/dsp/GBD_TRANSIENT_BUFFER/J0837+0610/20_07_2026/PDR_GULP_data002.pcap_20_07_2026_13_21_1784533915.PCAP_PDR
20-07-2026 13:24 - WARNING - first_pkt_count, first_gps_count, first_pkt_Tstamp
20-07-2026 13:24 - WARNING - 3948315737 51878 2026-07-20T07:51:23.190585
20-07-2026 13:24 - WARNING - last_pkt_count, last_gps_count, last_pkt_Tstamp
20-07-2026 13:24 - WARNING - 3950198278 51907 2026-07-20T07:51:52.398456
20-07-2026 13:24 - WARNING - diff_pkt_count  , diff_gps_count ,  diff_pkt_timstamp
20-07-2026 13:24 - WARNING - 1882541 29 29207871 microseconds
20-07-2026 13:24 - WARNING - No packet loss: /data/dsp/GBD_TRANSIENT_BUFFER/J0837+0610/20_07_2026/PDR_GULP_data000.pcap_20_07_2026_13_22_1784533944.PCAP_PDR
20-07-2026 13:24 - WARNING - first_pkt_count, first_gps_count, first_pkt_Tstamp
20-07-2026 13:24 - WARNING - 3950198279 51907 2026-07-20T07:51:52.398456
20-07-2026 13:24 - WARNING - last_pkt_count, last_gps_count, last_pkt_Tstamp
20-07-2026 13:24 - WARNING - 3952080820 51936 2026-07-20T07:52:21.606353
20-07-2026 13:24 - WARNING - diff_pkt_count  , diff_gps_count ,  diff_pkt_timstamp
20-07-2026 13:24 - WARNING - 1882541 29 29207897 microseconds
20-07-2026 13:24 - WARNING - No packet loss: /data/dsp/GBD_TRANSIENT_BUFFER/J0837+0610/20_07_2026/PDR_GULP_data001.pcap_20_07_2026_13_22_1784533973.PCAP_PDR
20-07-2026 13:24 - WARNING - first_pkt_count, first_gps_count, first_pkt_Tstamp
20-07-2026 13:24 - WARNING - 3952080821 51936 2026-07-20T07:52:21.606443
20-07-2026 13:24 - WARNING - last_pkt_count, last_gps_count, last_pkt_Tstamp
20-07-2026 13:24 - WARNING - 3953963363 51965 2026-07-20T07:52:50.814299
20-07-2026 13:24 - WARNING - diff_pkt_count  , diff_gps_count ,  diff_pkt_timstamp
20-07-2026 13:24 - WARNING - 1882542 29 29207856 microseconds
20-07-2026 13:24 - WARNING - No packet loss: /data/dsp/GBD_TRANSIENT_BUFFER/J0837+0610/20_07_2026/PDR_GULP_data002.pcap_20_07_2026_13_23_1784534003.PCAP_PDR
20-07-2026 13:24 - WARNING - first_pkt_count, first_gps_count, first_pkt_Tstamp
20-07-2026 13:24 - WARNING - 3953963364 51965 2026-07-20T07:52:50.814299
20-07-2026 13:24 - WARNING - last_pkt_count, last_gps_count, last_pkt_Tstamp
20-07-2026 13:24 - WARNING - 3955845905 51995 2026-07-20T07:53:20.022201
20-07-2026 13:24 - WARNING - diff_pkt_count  , diff_gps_count ,  diff_pkt_timstamp
20-07-2026 13:24 - WARNING - 1882541 30 29207902 microseconds
20-07-2026 13:24 - WARNING - No packet loss: /data/dsp/GBD_TRANSIENT_BUFFER/J0837+0610/20_07_2026/PDR_GULP_data000.pcap_20_07_2026_13_23_1784534032.PCAP_PDR
20-07-2026 13:24 - WARNING - first_pkt_count, first_gps_count, first_pkt_Tstamp
20-07-2026 13:24 - WARNING - 3955845906 51995 2026-07-20T07:53:20.022201
20-07-2026 13:24 - WARNING - last_pkt_count, last_gps_count, last_pkt_Tstamp
20-07-2026 13:24 - WARNING - 3957728447 52024 2026-07-20T07:53:49.230118
20-07-2026 13:24 - WARNING - diff_pkt_count  , diff_gps_count ,  diff_pkt_timstamp
20-07-2026 13:24 - WARNING - 1882541 29 29207917 microseconds
20-07-2026 13:24 - WARNING - No packet loss: /data/dsp/GBD_TRANSIENT_BUFFER/J0837+0610/20_07_2026/PDR_GULP_data001.pcap_20_07_2026_13_24_1784534061.PCAP_PDR
20-07-2026 13:24 - WARNING - first_pkt_count, first_gps_count, first_pkt_Tstamp
20-07-2026 13:24 - WARNING - 3957728448 52024 2026-07-20T07:53:49.230118
20-07-2026 13:24 - WARNING - last_pkt_count, last_gps_count, last_pkt_Tstamp
20-07-2026 13:24 - WARNING - 3959610989 52053 2026-07-20T07:54:18.438009
20-07-2026 13:24 - WARNING - diff_pkt_count  , diff_gps_count ,  diff_pkt_timstamp
20-07-2026 13:24 - WARNING - 1882541 29 29207891 microseconds
20-07-2026 13:24 SLIP check Finished...
20-07-2026 13:24 Pulsar data reduction pipeline started ...
20-07-2026 13:24 - WARNING - Data Directory: /data/dsp/GBD_TRANSIENT_BUFFER/J0837+0610/20_07_2026
20-07-2026 13:24 - WARNING - Pulsar: J0837+0610
20-07-2026 13:24 - WARNING - CH selelction: 0
20-07-2026 13:24 - WARNING - Phase file: /home/dsp/PDR_acquire_setup/dada_scripts/phase/rf_path_phase.dat
20-07-2026 13:24 - WARNING - Obs. logfile: /home/dsp/PDR_acquire_setup/master_obs_log/J0837+0610_20_07_2026_observation.log
20-07-2026 13:24 - WARNING - Observation start time: 2026_07_20_12_45_51
20-07-2026 13:24 - WARNING - parfile: /home/dsp/parfiles/J0837+0610.par
20-07-2026 13:24 - WARNING - DM: 13.0209436694702
20-07-2026 13:24 - WARNING - Period: 1.2737745847060131
20-07-2026 13:24 - WARNING - RA_DEC: 08:37:05.6485930+06:10:16.06361
20-07-2026 13:24 - WARNING - out_dada_file: J0837+0610_2026_07_20_12_45_51_type_0.dada
20-07-2026 13:24 - WARNING - Number of files to process: 80
20-07-2026 13:24 - WARNING - Files per batch:  17
20-07-2026 13:44 - WARNING - Time taken for PDR2DADA convertion: 0:19:59.993518
20-07-2026 13:44 - WARNING - Center_freq: 175
20-07-2026 13:44 - WARNING - int_time: 3.0
20-07-2026 13:44 - WARNING - nbins: 256
20-07-2026 13:44 - WARNING - fil_chan: 256
20-07-2026 13:44 - WARNING - cpu: 2,3,4,5,6,7,8,9,10,11,12,13,14,15,16
20-07-2026 13:44 - WARNING - thread: 32
20-07-2026 13:44 - WARNING - nbit: 8
20-07-2026 13:44 - WARNING - time_avg: 0.000256
20-07-2026 13:44 - WARNING - MJD_START: 61241.30267370855
20-07-2026 13:44 - WARNING - output: J0837+0610_61241.3_175MHz_type_0_GBD_DART
20-07-2026 13:44 - WARNING - singularity_container: singularity exec /home/dsp/singularity_imag/pschive_py3.sif  
20-07-2026 13:44 - WARNING - ------ DIGIFITS ------
20-07-2026 13:44 - WARNING - ---- Search Mode FITS -------
20-07-2026 13:44 - WARNING - digifits_ful_stokes_cmd: singularity exec /home/dsp/singularity_imag/pschive_py3.sif  digifits  -F 256 -x 256 -b 8 -p 4 -t 0.000256 J0837+0610_2026_07_20_12_45_51_type_0.dada -o J0837+0610_2026_07_20_12_45_51_type_0.dada_stokes.fits
20-07-2026 14:12 - WARNING - ------ Total intensity FITS -------
20-07-2026 14:12 - WARNING - digifits_total_intensity_cmd: singularity exec /home/dsp/singularity_imag/pschive_py3.sif  digifits  -F 256 -x 256 -b 8 -p 1 -t 0.000256 J0837+0610_2026_07_20_12_45_51_type_0.dada -o J0837+0610_2026_07_20_12_45_51_type_0.dada_intensity.fits
20-07-2026 14:38 - WARNING - Nchan: 256
20-07-2026 14:38 - WARNING - Nbin: 256
20-07-2026 14:38 - WARNING - Tavg: 0.000256
20-07-2026 14:38 - WARNING - Time taken for DIGIFITS run: 0:54:04.155702
20-07-2026 14:38 - WARNING - ------ DSPSR ------
20-07-2026 14:38 - WARNING - ------- Coherent Dedispersion Folded archive -------
20-07-2026 14:38 - WARNING - dspsr_cmd: singularity exec /home/dsp/singularity_imag/pschive_py3.sif  dspsr J0837+0610_2026_07_20_12_45_51_type_0.dada -cpu 2,3,4,5,6,7,8,9,10,11,12,13,14,15,16 -t 32 -E /home/dsp/parfiles/J0837+0610.par -L 3.0 -b 256 -F 256:D -N J0837+0610 -a PSRFITS -A -e .fits -O J0837+0610_61241.3_175MHz_type_0_GBD_DART
20-07-2026 14:56 - WARNING - ------- Incoherent Dedispersion Folded archive -------
20-07-2026 14:56 - WARNING - Incoherent_DD_dspsr_cmd: singularity exec /home/dsp/singularity_imag/pschive_py3.sif  dspsr J0837+0610_2026_07_20_12_45_51_type_0.dada_stokes.fits -cpu 2,3,4,5,6,7,8,9,10,11,12,13,14,15,16 -t 32 -E /home/dsp/parfiles/J0837+0610.par -L 3.0 -b 256 -N J0837+0610 -A -e .fits -O J0837+0610_61241.3_175MHz_type_0_GBD_DART_stokes_Incoherent_DD
20-07-2026 15:01 - WARNING - Time taken for DSPSR run: 0:22:58.007872
20-07-2026 15:01 - WARNING - ------ PSREDIT ------
20-07-2026 15:01 - WARNING - psredit_cmd: singularity exec /home/dsp/singularity_imag/pschive_py3.sif  psredit -c name=J0837+0610,be:name=GSB,coord=08:37:05.6485930+06:10:16.06361 -m *_GBD_DART*fits
20-07-2026 15:02 - WARNING - Time taken for PSREDIT run: 0:00:19.522766
20-07-2026 15:02 - WARNING - ------ Iterative RFI Cleaner ------
20-07-2026 15:02 - WARNING - Iterative_cleaner_cmd: singularity exec /home/dsp/singularity_imag/pschive_py3.sif   python3 /home/dsp/PDR_acquire_setup/iterative_cleaner.py -s 3 -c 3 -m 10 *_GBD_DART*fits
20-07-2026 15:09 - WARNING - Time taken for Iterative_cleaner run: 0:07:11.063840
20-07-2026 15:09 - WARNING - ------ PDMP ------
20-07-2026 15:09 - WARNING - pdmp_cmd1: singularity exec /home/dsp/singularity_imag/pschive_py3.sif  pdmp -dr 2 -ds 0.05 -g J0837+0610_61241.3_175MHz_type_0_GBD_DART.fits_cleaned.ar.ps/cps J0837+0610_61241.3_175MHz_type_0_GBD_DART.fits_cleaned.ar
20-07-2026 15:16 - WARNING - pdmp_cmd2: singularity exec /home/dsp/singularity_imag/pschive_py3.sif  pdmp -dr 2 -ds 0.05 -g J0837+0610_61241.3_175MHz_type_0_GBD_DART_stokes_Incoherent_DD.fits_cleaned.ar.ps/cps J0837+0610_61241.3_175MHz_type_0_GBD_DART_stokes_Incoherent_DD.fits_cleaned.ar
20-07-2026 15:20 - WARNING - Time taken for PDMP run: 0:11:31.917121
20-07-2026 15:20 - WARNING - ------ PS2PDF ------
20-07-2026 15:20 - WARNING - ps2pdf_cmd1: singularity exec /home/dsp/singularity_imag/pschive_py3.sif  ps2pdf J0837+0610_61241.3_175MHz_type_0_GBD_DART.fits_cleaned.ar.ps J0837+0610_61241.3_175MHz_type_0_GBD_DART.fits_cleaned.ar.ps.pdf
20-07-2026 15:20 - WARNING - ps2pdf_cmd2: singularity exec /home/dsp/singularity_imag/pschive_py3.sif  ps2pdf J0837+0610_61241.3_175MHz_type_0_GBD_DART_stokes_Incoherent_DD.fits_cleaned.ar.ps J0837+0610_61241.3_175MHz_type_0_GBD_DART_stokes_Incoherent_DD.fits_cleaned.ar.ps.pdf
20-07-2026 15:20 - WARNING - Time taken for PDMP run: 0:00:01.321204
20-07-2026 15:20 - WARNING - Overall time taken for data reduction: 1:56:06.681110
20-07-2026 15:20 - WARNING - J0837+0610_2026_07_20_12_45_51_type_0.dada... file removed
20-07-2026 15:20 - WARNING - All done!
20-07-2026 15:21 --- PRESTO ---
20-07-2026 15:21 singularity_container: singularity exec /home/dsp/singularity_imag/pschive_py3.sif  
20-07-2026 15:21 Filterbank to Process for PULSAR: J0837+0610 with DM:13.0209436694702 : J0837+0610_2026_07_20_12_45_51_type_0.dada_intensity.fits
20-07-2026 15:21 --- RFIFIND ---
20-07-2026 15:21 RFIFIND: singularity exec /home/dsp/singularity_imag/pschive_py3.sif   rfifind -time 2.0 -o J0837+0610 J0837+0610_2026_07_20_12_45_51_type_0.dada_intensity.fits
20-07-2026 15:22 --- PREPDATA ---
20-07-2026 15:22 PREPDATA: singularity exec /home/dsp/singularity_imag/pschive_py3.sif   prepdata -nobary -o J0837+0610_2026_07_20_12_45_51_type_0.dada_intensity.fits -dm 13.0209436694702 -mask J0837+0610_rfifind.mask J0837+0610_2026_07_20_12_45_51_type_0.dada_intensity.fits
20-07-2026 15:22 --- REALFFT ---
20-07-2026 15:22 REALFFT: singularity exec /home/dsp/singularity_imag/pschive_py3.sif   realfft  J0837+0610_2026_07_20_12_45_51_type_0.dada_intensity.fits.dat
20-07-2026 15:22 --- ACCELSEARCH ---
20-07-2026 15:22 ACCELSEARCH: singularity exec /home/dsp/singularity_imag/pschive_py3.sif   accelsearch -numharm 8 -zmax 8  J0837+0610_2026_07_20_12_45_51_type_0.dada_intensity.fits.fft
20-07-2026 15:22 Observation Over.
