06-08-2026 11:38 Waiting for J0837+0610 observation...
06-08-2026 11:43 Observation started...
06-08-2026 11:43 Pulsar: J0837+0610 , parfile: /home/dsp/parfiles/J0837+0610.par , DM: 59400
06-08-2026 11:43 Trigger sent to obs. PC [VELA].
06-08-2026 12:17 Acquired 80.
06-08-2026 12:17 ACQ over.
06-08-2026 12:17 Removing Trigger file from remote machine 
06-08-2026 12:17 Observation stoped.
-rw------- 1 dsp dsp 2.0G Aug  6 11:38 /data/TRANSIENT_BUFFER/PDR_GULP_data000.pcap_06_08_2026_11_38_1785996523.PCAP_PDR
-rw------- 1 dsp dsp 2.0G Aug  6 11:39 /data/TRANSIENT_BUFFER/PDR_GULP_data001.pcap_06_08_2026_11_39_1785996552.PCAP_PDR
-rw------- 1 dsp dsp 2.0G Aug  6 11:39 /data/TRANSIENT_BUFFER/PDR_GULP_data002.pcap_06_08_2026_11_39_1785996581.PCAP_PDR
-rw------- 1 dsp dsp 2.0G Aug  6 11:40 /data/TRANSIENT_BUFFER/PDR_GULP_data000.pcap_06_08_2026_11_40_1785996610.PCAP_PDR
-rw------- 1 dsp dsp 2.0G Aug  6 11:40 /data/TRANSIENT_BUFFER/PDR_GULP_data001.pcap_06_08_2026_11_40_1785996639.PCAP_PDR
-rw------- 1 dsp dsp 2.0G Aug  6 11:41 /data/TRANSIENT_BUFFER/PDR_GULP_data002.pcap_06_08_2026_11_41_1785996669.PCAP_PDR
-rw------- 1 dsp dsp 2.0G Aug  6 11:41 /data/TRANSIENT_BUFFER/PDR_GULP_data000.pcap_06_08_2026_11_41_1785996698.PCAP_PDR
-rw------- 1 dsp dsp 2.0G Aug  6 11:42 /data/TRANSIENT_BUFFER/PDR_GULP_data001.pcap_06_08_2026_11_42_1785996727.PCAP_PDR
-rw------- 1 dsp dsp 2.0G Aug  6 11:42 /data/TRANSIENT_BUFFER/PDR_GULP_data002.pcap_06_08_2026_11_42_1785996756.PCAP_PDR
-rw------- 1 dsp dsp 2.0G Aug  6 11:43 /data/TRANSIENT_BUFFER/PDR_GULP_data000.pcap_06_08_2026_11_43_1785996786.PCAP_PDR
-rw------- 1 dsp dsp 2.0G Aug  6 11:43 /data/TRANSIENT_BUFFER/PDR_GULP_data001.pcap_06_08_2026_11_43_1785996815.PCAP_PDR
-rw------- 1 dsp dsp 2.0G Aug  6 11:44 /data/TRANSIENT_BUFFER/PDR_GULP_data002.pcap_06_08_2026_11_44_1785996844.PCAP_PDR
-rw------- 1 dsp dsp 2.0G Aug  6 11:44 /data/TRANSIENT_BUFFER/PDR_GULP_data000.pcap_06_08_2026_11_44_1785996873.PCAP_PDR
-rw------- 1 dsp dsp 2.0G Aug  6 11:44 /data/TRANSIENT_BUFFER/PDR_GULP_data001.pcap_06_08_2026_11_45_1785996902.PCAP_PDR
-rw------- 1 dsp dsp 2.0G Aug  6 11:45 /data/TRANSIENT_BUFFER/PDR_GULP_data002.pcap_06_08_2026_11_45_1785996932.PCAP_PDR
-rw------- 1 dsp dsp 2.0G Aug  6 11:45 /data/TRANSIENT_BUFFER/PDR_GULP_data000.pcap_06_08_2026_11_46_1785996961.PCAP_PDR
-rw------- 1 dsp dsp 2.0G Aug  6 11:46 /data/TRANSIENT_BUFFER/PDR_GULP_data001.pcap_06_08_2026_11_46_1785996990.PCAP_PDR
-rw------- 1 dsp dsp 2.0G Aug  6 11:46 /data/TRANSIENT_BUFFER/PDR_GULP_data002.pcap_06_08_2026_11_46_1785997019.PCAP_PDR
-rw------- 1 dsp dsp 2.0G Aug  6 11:47 /data/TRANSIENT_BUFFER/PDR_GULP_data000.pcap_06_08_2026_11_47_1785997048.PCAP_PDR
-rw------- 1 dsp dsp 2.0G Aug  6 11:47 /data/TRANSIENT_BUFFER/PDR_GULP_data001.pcap_06_08_2026_11_47_1785997078.PCAP_PDR
-rw------- 1 dsp dsp 2.0G Aug  6 11:48 /data/TRANSIENT_BUFFER/PDR_GULP_data002.pcap_06_08_2026_11_48_1785997107.PCAP_PDR
-rw------- 1 dsp dsp 2.0G Aug  6 11:48 /data/TRANSIENT_BUFFER/PDR_GULP_data000.pcap_06_08_2026_11_48_1785997136.PCAP_PDR
-rw------- 1 dsp dsp 2.0G Aug  6 11:49 /data/TRANSIENT_BUFFER/PDR_GULP_data001.pcap_06_08_2026_11_49_1785997165.PCAP_PDR
-rw------- 1 dsp dsp 2.0G Aug  6 11:49 /data/TRANSIENT_BUFFER/PDR_GULP_data002.pcap_06_08_2026_11_49_1785997194.PCAP_PDR
-rw------- 1 dsp dsp 2.0G Aug  6 11:50 /data/TRANSIENT_BUFFER/PDR_GULP_data000.pcap_06_08_2026_11_50_1785997224.PCAP_PDR
-rw------- 1 dsp dsp 2.0G Aug  6 11:50 /data/TRANSIENT_BUFFER/PDR_GULP_data001.pcap_06_08_2026_11_50_1785997253.PCAP_PDR
-rw------- 1 dsp dsp 2.0G Aug  6 11:51 /data/TRANSIENT_BUFFER/PDR_GULP_data002.pcap_06_08_2026_11_51_1785997282.PCAP_PDR
-rw------- 1 dsp dsp 2.0G Aug  6 11:51 /data/TRANSIENT_BUFFER/PDR_GULP_data000.pcap_06_08_2026_11_51_1785997311.PCAP_PDR
-rw------- 1 dsp dsp 2.0G Aug  6 11:52 /data/TRANSIENT_BUFFER/PDR_GULP_data001.pcap_06_08_2026_11_52_1785997340.PCAP_PDR
-rw------- 1 dsp dsp 2.0G Aug  6 11:52 /data/TRANSIENT_BUFFER/PDR_GULP_data002.pcap_06_08_2026_11_52_1785997370.PCAP_PDR
-rw------- 1 dsp dsp 2.0G Aug  6 11:53 /data/TRANSIENT_BUFFER/PDR_GULP_data000.pcap_06_08_2026_11_53_1785997399.PCAP_PDR
-rw------- 1 dsp dsp 2.0G Aug  6 11:53 /data/TRANSIENT_BUFFER/PDR_GULP_data001.pcap_06_08_2026_11_53_1785997428.PCAP_PDR
-rw------- 1 dsp dsp 2.0G Aug  6 11:54 /data/TRANSIENT_BUFFER/PDR_GULP_data002.pcap_06_08_2026_11_54_1785997457.PCAP_PDR
-rw------- 1 dsp dsp 2.0G Aug  6 11:54 /data/TRANSIENT_BUFFER/PDR_GULP_data000.pcap_06_08_2026_11_54_1785997487.PCAP_PDR
-rw------- 1 dsp dsp 2.0G Aug  6 11:55 /data/TRANSIENT_BUFFER/PDR_GULP_data001.pcap_06_08_2026_11_55_1785997516.PCAP_PDR
-rw------- 1 dsp dsp 2.0G Aug  6 11:55 /data/TRANSIENT_BUFFER/PDR_GULP_data002.pcap_06_08_2026_11_55_1785997545.PCAP_PDR
-rw------- 1 dsp dsp 2.0G Aug  6 11:56 /data/TRANSIENT_BUFFER/PDR_GULP_data000.pcap_06_08_2026_11_56_1785997574.PCAP_PDR
-rw------- 1 dsp dsp 2.0G Aug  6 11:56 /data/TRANSIENT_BUFFER/PDR_GULP_data001.pcap_06_08_2026_11_56_1785997603.PCAP_PDR
-rw------- 1 dsp dsp 2.0G Aug  6 11:57 /data/TRANSIENT_BUFFER/PDR_GULP_data002.pcap_06_08_2026_11_57_1785997633.PCAP_PDR
-rw------- 1 dsp dsp 2.0G Aug  6 11:57 /data/TRANSIENT_BUFFER/PDR_GULP_data000.pcap_06_08_2026_11_57_1785997662.PCAP_PDR
-rw------- 1 dsp dsp 2.0G Aug  6 11:58 /data/TRANSIENT_BUFFER/PDR_GULP_data001.pcap_06_08_2026_11_58_1785997691.PCAP_PDR
-rw------- 1 dsp dsp 2.0G Aug  6 11:58 /data/TRANSIENT_BUFFER/PDR_GULP_data002.pcap_06_08_2026_11_58_1785997720.PCAP_PDR
-rw------- 1 dsp dsp 2.0G Aug  6 11:59 /data/TRANSIENT_BUFFER/PDR_GULP_data000.pcap_06_08_2026_11_59_1785997749.PCAP_PDR
-rw------- 1 dsp dsp 2.0G Aug  6 11:59 /data/TRANSIENT_BUFFER/PDR_GULP_data001.pcap_06_08_2026_11_59_1785997779.PCAP_PDR
-rw------- 1 dsp dsp 2.0G Aug  6 12:00 /data/TRANSIENT_BUFFER/PDR_GULP_data002.pcap_06_08_2026_12_00_1785997808.PCAP_PDR
-rw------- 1 dsp dsp 2.0G Aug  6 12:00 /data/TRANSIENT_BUFFER/PDR_GULP_data000.pcap_06_08_2026_12_00_1785997837.PCAP_PDR
-rw------- 1 dsp dsp 2.0G Aug  6 12:01 /data/TRANSIENT_BUFFER/PDR_GULP_data001.pcap_06_08_2026_12_01_1785997866.PCAP_PDR
-rw------- 1 dsp dsp 2.0G Aug  6 12:01 /data/TRANSIENT_BUFFER/PDR_GULP_data002.pcap_06_08_2026_12_01_1785997895.PCAP_PDR
-rw------- 1 dsp dsp 2.0G Aug  6 12:02 /data/TRANSIENT_BUFFER/PDR_GULP_data000.pcap_06_08_2026_12_02_1785997925.PCAP_PDR
-rw------- 1 dsp dsp 2.0G Aug  6 12:02 /data/TRANSIENT_BUFFER/PDR_GULP_data001.pcap_06_08_2026_12_02_1785997954.PCAP_PDR
-rw------- 1 dsp dsp 2.0G Aug  6 12:03 /data/TRANSIENT_BUFFER/PDR_GULP_data002.pcap_06_08_2026_12_03_1785997983.PCAP_PDR
-rw------- 1 dsp dsp 2.0G Aug  6 12:03 /data/TRANSIENT_BUFFER/PDR_GULP_data000.pcap_06_08_2026_12_03_1785998012.PCAP_PDR
-rw------- 1 dsp dsp 2.0G Aug  6 12:03 /data/TRANSIENT_BUFFER/PDR_GULP_data001.pcap_06_08_2026_12_04_1785998041.PCAP_PDR
-rw------- 1 dsp dsp 2.0G Aug  6 12:04 /data/TRANSIENT_BUFFER/PDR_GULP_data002.pcap_06_08_2026_12_04_1785998071.PCAP_PDR
-rw------- 1 dsp dsp 2.0G Aug  6 12:04 /data/TRANSIENT_BUFFER/PDR_GULP_data000.pcap_06_08_2026_12_05_1785998100.PCAP_PDR
-rw------- 1 dsp dsp 2.0G Aug  6 12:05 /data/TRANSIENT_BUFFER/PDR_GULP_data001.pcap_06_08_2026_12_05_1785998129.PCAP_PDR
-rw------- 1 dsp dsp 2.0G Aug  6 12:05 /data/TRANSIENT_BUFFER/PDR_GULP_data002.pcap_06_08_2026_12_05_1785998158.PCAP_PDR
-rw------- 1 dsp dsp 2.0G Aug  6 12:06 /data/TRANSIENT_BUFFER/PDR_GULP_data000.pcap_06_08_2026_12_06_1785998188.PCAP_PDR
-rw------- 1 dsp dsp 2.0G Aug  6 12:06 /data/TRANSIENT_BUFFER/PDR_GULP_data001.pcap_06_08_2026_12_06_1785998217.PCAP_PDR
-rw------- 1 dsp dsp 2.0G Aug  6 12:07 /data/TRANSIENT_BUFFER/PDR_GULP_data002.pcap_06_08_2026_12_07_1785998246.PCAP_PDR
-rw------- 1 dsp dsp 2.0G Aug  6 12:07 /data/TRANSIENT_BUFFER/PDR_GULP_data000.pcap_06_08_2026_12_07_1785998275.PCAP_PDR
-rw------- 1 dsp dsp 2.0G Aug  6 12:08 /data/TRANSIENT_BUFFER/PDR_GULP_data001.pcap_06_08_2026_12_08_1785998304.PCAP_PDR
-rw------- 1 dsp dsp 2.0G Aug  6 12:08 /data/TRANSIENT_BUFFER/PDR_GULP_data002.pcap_06_08_2026_12_08_1785998334.PCAP_PDR
-rw------- 1 dsp dsp 2.0G Aug  6 12:09 /data/TRANSIENT_BUFFER/PDR_GULP_data000.pcap_06_08_2026_12_09_1785998363.PCAP_PDR
-rw------- 1 dsp dsp 2.0G Aug  6 12:09 /data/TRANSIENT_BUFFER/PDR_GULP_data001.pcap_06_08_2026_12_09_1785998392.PCAP_PDR
-rw------- 1 dsp dsp 2.0G Aug  6 12:10 /data/TRANSIENT_BUFFER/PDR_GULP_data002.pcap_06_08_2026_12_10_1785998421.PCAP_PDR
-rw------- 1 dsp dsp 2.0G Aug  6 12:10 /data/TRANSIENT_BUFFER/PDR_GULP_data000.pcap_06_08_2026_12_10_1785998450.PCAP_PDR
-rw------- 1 dsp dsp 2.0G Aug  6 12:11 /data/TRANSIENT_BUFFER/PDR_GULP_data001.pcap_06_08_2026_12_11_1785998480.PCAP_PDR
-rw------- 1 dsp dsp 2.0G Aug  6 12:11 /data/TRANSIENT_BUFFER/PDR_GULP_data002.pcap_06_08_2026_12_11_1785998509.PCAP_PDR
-rw------- 1 dsp dsp 2.0G Aug  6 12:12 /data/TRANSIENT_BUFFER/PDR_GULP_data000.pcap_06_08_2026_12_12_1785998538.PCAP_PDR
-rw------- 1 dsp dsp 2.0G Aug  6 12:12 /data/TRANSIENT_BUFFER/PDR_GULP_data001.pcap_06_08_2026_12_12_1785998567.PCAP_PDR
-rw------- 1 dsp dsp 2.0G Aug  6 12:13 /data/TRANSIENT_BUFFER/PDR_GULP_data002.pcap_06_08_2026_12_13_1785998596.PCAP_PDR
-rw------- 1 dsp dsp 2.0G Aug  6 12:13 /data/TRANSIENT_BUFFER/PDR_GULP_data000.pcap_06_08_2026_12_13_1785998626.PCAP_PDR
-rw------- 1 dsp dsp 2.0G Aug  6 12:14 /data/TRANSIENT_BUFFER/PDR_GULP_data001.pcap_06_08_2026_12_14_1785998655.PCAP_PDR
-rw------- 1 dsp dsp 2.0G Aug  6 12:14 /data/TRANSIENT_BUFFER/PDR_GULP_data002.pcap_06_08_2026_12_14_1785998684.PCAP_PDR
-rw------- 1 dsp dsp 2.0G Aug  6 12:15 /data/TRANSIENT_BUFFER/PDR_GULP_data000.pcap_06_08_2026_12_15_1785998713.PCAP_PDR
-rw------- 1 dsp dsp 2.0G Aug  6 12:15 /data/TRANSIENT_BUFFER/PDR_GULP_data001.pcap_06_08_2026_12_15_1785998742.PCAP_PDR
-rw------- 1 dsp dsp 2.0G Aug  6 12:16 /data/TRANSIENT_BUFFER/PDR_GULP_data002.pcap_06_08_2026_12_16_1785998772.PCAP_PDR
-rw------- 1 dsp dsp 2.0G Aug  6 12:16 /data/TRANSIENT_BUFFER/PDR_GULP_data000.pcap_06_08_2026_12_16_1785998801.PCAP_PDR
-rw------- 1 dsp dsp 2.0G Aug  6 12:17 /data/TRANSIENT_BUFFER/PDR_GULP_data001.pcap_06_08_2026_12_17_1785998830.PCAP_PDR
06-08-2026 12:17 RAW PCAP data moved from Transient Buffer.
06-08-2026 12:17 SLIP check Started ...
06-08-2026 12:17 - WARNING - Data Directory: /data/dsp/GBD_TRANSIENT_BUFFER/J0837+0610/06_08_2026
06-08-2026 12:17 - WARNING - Number of Files: 80
06-08-2026 12:17 - WARNING - No packet loss: /data/dsp/GBD_TRANSIENT_BUFFER/J0837+0610/06_08_2026/PDR_GULP_data000.pcap_06_08_2026_11_38_1785996523.PCAP_PDR
06-08-2026 12:17 - WARNING - first_pkt_count, first_gps_count, first_pkt_Tstamp
06-08-2026 12:17 - WARNING - 3543166264 8154 2026-08-06T06:08:10.947956
06-08-2026 12:17 - WARNING - last_pkt_count, last_gps_count, last_pkt_Tstamp
06-08-2026 12:17 - WARNING - 3545048805 8184 2026-08-06T06:08:40.155775
06-08-2026 12:17 - WARNING - diff_pkt_count  , diff_gps_count ,  diff_pkt_timstamp
06-08-2026 12:17 - WARNING - 1882541 30 29207819 microseconds
06-08-2026 12:17 - WARNING - No packet loss: /data/dsp/GBD_TRANSIENT_BUFFER/J0837+0610/06_08_2026/PDR_GULP_data001.pcap_06_08_2026_11_39_1785996552.PCAP_PDR
06-08-2026 12:17 - WARNING - first_pkt_count, first_gps_count, first_pkt_Tstamp
06-08-2026 12:17 - WARNING - 3545048806 8184 2026-08-06T06:08:40.155776
06-08-2026 12:17 - WARNING - last_pkt_count, last_gps_count, last_pkt_Tstamp
06-08-2026 12:17 - WARNING - 3546931348 8213 2026-08-06T06:09:09.363640
06-08-2026 12:17 - WARNING - diff_pkt_count  , diff_gps_count ,  diff_pkt_timstamp
06-08-2026 12:17 - WARNING - 1882542 29 29207864 microseconds
06-08-2026 12:17 - WARNING - No packet loss: /data/dsp/GBD_TRANSIENT_BUFFER/J0837+0610/06_08_2026/PDR_GULP_data002.pcap_06_08_2026_11_39_1785996581.PCAP_PDR
06-08-2026 12:17 - WARNING - first_pkt_count, first_gps_count, first_pkt_Tstamp
06-08-2026 12:17 - WARNING - 3546931349 8213 2026-08-06T06:09:09.363721
06-08-2026 12:17 - WARNING - last_pkt_count, last_gps_count, last_pkt_Tstamp
06-08-2026 12:17 - WARNING - 3548813890 8242 2026-08-06T06:09:38.571502
06-08-2026 12:17 - WARNING - diff_pkt_count  , diff_gps_count ,  diff_pkt_timstamp
06-08-2026 12:17 - WARNING - 1882541 29 29207781 microseconds
06-08-2026 12:17 - WARNING - No packet loss: /data/dsp/GBD_TRANSIENT_BUFFER/J0837+0610/06_08_2026/PDR_GULP_data000.pcap_06_08_2026_11_40_1785996610.PCAP_PDR
06-08-2026 12:17 - WARNING - first_pkt_count, first_gps_count, first_pkt_Tstamp
06-08-2026 12:17 - WARNING - 3548813891 8242 2026-08-06T06:09:38.571502
06-08-2026 12:17 - WARNING - last_pkt_count, last_gps_count, last_pkt_Tstamp
06-08-2026 12:17 - WARNING - 3550696432 8271 2026-08-06T06:10:07.779368
06-08-2026 12:17 - WARNING - diff_pkt_count  , diff_gps_count ,  diff_pkt_timstamp
06-08-2026 12:17 - WARNING - 1882541 29 29207866 microseconds
06-08-2026 12:17 - WARNING - No packet loss: /data/dsp/GBD_TRANSIENT_BUFFER/J0837+0610/06_08_2026/PDR_GULP_data001.pcap_06_08_2026_11_40_1785996639.PCAP_PDR
06-08-2026 12:17 - WARNING - first_pkt_count, first_gps_count, first_pkt_Tstamp
06-08-2026 12:17 - WARNING - 3550696433 8271 2026-08-06T06:10:07.779456
06-08-2026 12:17 - WARNING - last_pkt_count, last_gps_count, last_pkt_Tstamp
06-08-2026 12:17 - WARNING - 3552578974 8300 2026-08-06T06:10:36.987271
06-08-2026 12:17 - WARNING - diff_pkt_count  , diff_gps_count ,  diff_pkt_timstamp
06-08-2026 12:17 - WARNING - 1882541 29 29207815 microseconds
06-08-2026 12:17 - WARNING - No packet loss: /data/dsp/GBD_TRANSIENT_BUFFER/J0837+0610/06_08_2026/PDR_GULP_data002.pcap_06_08_2026_11_41_1785996669.PCAP_PDR
06-08-2026 12:17 - WARNING - first_pkt_count, first_gps_count, first_pkt_Tstamp
06-08-2026 12:17 - WARNING - 3552578975 8300 2026-08-06T06:10:36.987271
06-08-2026 12:17 - WARNING - last_pkt_count, last_gps_count, last_pkt_Tstamp
06-08-2026 12:17 - WARNING - 3554461516 8330 2026-08-06T06:11:06.195218
06-08-2026 12:17 - WARNING - diff_pkt_count  , diff_gps_count ,  diff_pkt_timstamp
06-08-2026 12:17 - WARNING - 1882541 30 29207947 microseconds
06-08-2026 12:17 - WARNING - No packet loss: /data/dsp/GBD_TRANSIENT_BUFFER/J0837+0610/06_08_2026/PDR_GULP_data000.pcap_06_08_2026_11_41_1785996698.PCAP_PDR
06-08-2026 12:17 - WARNING - first_pkt_count, first_gps_count, first_pkt_Tstamp
06-08-2026 12:17 - WARNING - 3554461517 8330 2026-08-06T06:11:06.195218
06-08-2026 12:17 - WARNING - last_pkt_count, last_gps_count, last_pkt_Tstamp
06-08-2026 12:17 - WARNING - 3556344058 8359 2026-08-06T06:11:35.403052
06-08-2026 12:17 - WARNING - diff_pkt_count  , diff_gps_count ,  diff_pkt_timstamp
06-08-2026 12:17 - WARNING - 1882541 29 29207834 microseconds
06-08-2026 12:17 - WARNING - No packet loss: /data/dsp/GBD_TRANSIENT_BUFFER/J0837+0610/06_08_2026/PDR_GULP_data001.pcap_06_08_2026_11_42_1785996727.PCAP_PDR
06-08-2026 12:17 - WARNING - first_pkt_count, first_gps_count, first_pkt_Tstamp
06-08-2026 12:17 - WARNING - 3556344059 8359 2026-08-06T06:11:35.403052
06-08-2026 12:17 - WARNING - last_pkt_count, last_gps_count, last_pkt_Tstamp
06-08-2026 12:17 - WARNING - 3558226601 8388 2026-08-06T06:12:04.610972
06-08-2026 12:17 - WARNING - diff_pkt_count  , diff_gps_count ,  diff_pkt_timstamp
06-08-2026 12:17 - WARNING - 1882542 29 29207920 microseconds
06-08-2026 12:17 - WARNING - No packet loss: /data/dsp/GBD_TRANSIENT_BUFFER/J0837+0610/06_08_2026/PDR_GULP_data002.pcap_06_08_2026_11_42_1785996756.PCAP_PDR
06-08-2026 12:17 - WARNING - first_pkt_count, first_gps_count, first_pkt_Tstamp
06-08-2026 12:17 - WARNING - 3558226602 8388 2026-08-06T06:12:04.610972
06-08-2026 12:17 - WARNING - last_pkt_count, last_gps_count, last_pkt_Tstamp
06-08-2026 12:17 - WARNING - 3560109143 8417 2026-08-06T06:12:33.818888
06-08-2026 12:17 - WARNING - diff_pkt_count  , diff_gps_count ,  diff_pkt_timstamp
06-08-2026 12:17 - WARNING - 1882541 29 29207916 microseconds
06-08-2026 12:17 - WARNING - No packet loss: /data/dsp/GBD_TRANSIENT_BUFFER/J0837+0610/06_08_2026/PDR_GULP_data000.pcap_06_08_2026_11_43_1785996786.PCAP_PDR
06-08-2026 12:17 - WARNING - first_pkt_count, first_gps_count, first_pkt_Tstamp
06-08-2026 12:17 - WARNING - 3560109144 8417 2026-08-06T06:12:33.818889
06-08-2026 12:17 - WARNING - last_pkt_count, last_gps_count, last_pkt_Tstamp
06-08-2026 12:17 - WARNING - 3561991685 8447 2026-08-06T06:13:03.026812
06-08-2026 12:17 - WARNING - diff_pkt_count  , diff_gps_count ,  diff_pkt_timstamp
06-08-2026 12:17 - WARNING - 1882541 30 29207923 microseconds
06-08-2026 12:17 - WARNING - No packet loss: /data/dsp/GBD_TRANSIENT_BUFFER/J0837+0610/06_08_2026/PDR_GULP_data001.pcap_06_08_2026_11_43_1785996815.PCAP_PDR
06-08-2026 12:17 - WARNING - first_pkt_count, first_gps_count, first_pkt_Tstamp
06-08-2026 12:17 - WARNING - 3561991686 8447 2026-08-06T06:13:03.026812
06-08-2026 12:17 - WARNING - last_pkt_count, last_gps_count, last_pkt_Tstamp
06-08-2026 12:17 - WARNING - 3563874227 8476 2026-08-06T06:13:32.234676
06-08-2026 12:17 - WARNING - diff_pkt_count  , diff_gps_count ,  diff_pkt_timstamp
06-08-2026 12:17 - WARNING - 1882541 29 29207864 microseconds
06-08-2026 12:17 - WARNING - No packet loss: /data/dsp/GBD_TRANSIENT_BUFFER/J0837+0610/06_08_2026/PDR_GULP_data002.pcap_06_08_2026_11_44_1785996844.PCAP_PDR
06-08-2026 12:17 - WARNING - first_pkt_count, first_gps_count, first_pkt_Tstamp
06-08-2026 12:17 - WARNING - 3563874228 8476 2026-08-06T06:13:32.234729
06-08-2026 12:17 - WARNING - last_pkt_count, last_gps_count, last_pkt_Tstamp
06-08-2026 12:17 - WARNING - 3565756769 8505 2026-08-06T06:14:01.442597
06-08-2026 12:17 - WARNING - diff_pkt_count  , diff_gps_count ,  diff_pkt_timstamp
06-08-2026 12:17 - WARNING - 1882541 29 29207868 microseconds
06-08-2026 12:17 - WARNING - No packet loss: /data/dsp/GBD_TRANSIENT_BUFFER/J0837+0610/06_08_2026/PDR_GULP_data000.pcap_06_08_2026_11_44_1785996873.PCAP_PDR
06-08-2026 12:17 - WARNING - first_pkt_count, first_gps_count, first_pkt_Tstamp
06-08-2026 12:17 - WARNING - 3565756770 8505 2026-08-06T06:14:01.442597
06-08-2026 12:17 - WARNING - last_pkt_count, last_gps_count, last_pkt_Tstamp
06-08-2026 12:17 - WARNING - 3567639311 8534 2026-08-06T06:14:30.650527
06-08-2026 12:17 - WARNING - diff_pkt_count  , diff_gps_count ,  diff_pkt_timstamp
06-08-2026 12:17 - WARNING - 1882541 29 29207930 microseconds
06-08-2026 12:17 - WARNING - No packet loss: /data/dsp/GBD_TRANSIENT_BUFFER/J0837+0610/06_08_2026/PDR_GULP_data001.pcap_06_08_2026_11_45_1785996902.PCAP_PDR
06-08-2026 12:17 - WARNING - first_pkt_count, first_gps_count, first_pkt_Tstamp
06-08-2026 12:17 - WARNING - 3567639312 8534 2026-08-06T06:14:30.650528
06-08-2026 12:17 - WARNING - last_pkt_count, last_gps_count, last_pkt_Tstamp
06-08-2026 12:17 - WARNING - 3569521854 8563 2026-08-06T06:14:59.858446
06-08-2026 12:17 - WARNING - diff_pkt_count  , diff_gps_count ,  diff_pkt_timstamp
06-08-2026 12:17 - WARNING - 1882542 29 29207918 microseconds
06-08-2026 12:17 - WARNING - No packet loss: /data/dsp/GBD_TRANSIENT_BUFFER/J0837+0610/06_08_2026/PDR_GULP_data002.pcap_06_08_2026_11_45_1785996932.PCAP_PDR
06-08-2026 12:17 - WARNING - first_pkt_count, first_gps_count, first_pkt_Tstamp
06-08-2026 12:17 - WARNING - 3569521855 8563 2026-08-06T06:14:59.858446
06-08-2026 12:17 - WARNING - last_pkt_count, last_gps_count, last_pkt_Tstamp
06-08-2026 12:17 - WARNING - 3571404396 8593 2026-08-06T06:15:29.066380
06-08-2026 12:17 - WARNING - diff_pkt_count  , diff_gps_count ,  diff_pkt_timstamp
06-08-2026 12:17 - WARNING - 1882541 30 29207934 microseconds
06-08-2026 12:17 - WARNING - No packet loss: /data/dsp/GBD_TRANSIENT_BUFFER/J0837+0610/06_08_2026/PDR_GULP_data000.pcap_06_08_2026_11_46_1785996961.PCAP_PDR
06-08-2026 12:17 - WARNING - first_pkt_count, first_gps_count, first_pkt_Tstamp
06-08-2026 12:17 - WARNING - 3571404397 8593 2026-08-06T06:15:29.066380
06-08-2026 12:17 - WARNING - last_pkt_count, last_gps_count, last_pkt_Tstamp
06-08-2026 12:17 - WARNING - 3573286938 8622 2026-08-06T06:15:58.274278
06-08-2026 12:17 - WARNING - diff_pkt_count  , diff_gps_count ,  diff_pkt_timstamp
06-08-2026 12:17 - WARNING - 1882541 29 29207898 microseconds
06-08-2026 12:17 - WARNING - No packet loss: /data/dsp/GBD_TRANSIENT_BUFFER/J0837+0610/06_08_2026/PDR_GULP_data001.pcap_06_08_2026_11_46_1785996990.PCAP_PDR
06-08-2026 12:17 - WARNING - first_pkt_count, first_gps_count, first_pkt_Tstamp
06-08-2026 12:17 - WARNING - 3573286939 8622 2026-08-06T06:15:58.274279
06-08-2026 12:17 - WARNING - last_pkt_count, last_gps_count, last_pkt_Tstamp
06-08-2026 12:17 - WARNING - 3575169480 8651 2026-08-06T06:16:27.482184
06-08-2026 12:17 - WARNING - diff_pkt_count  , diff_gps_count ,  diff_pkt_timstamp
06-08-2026 12:17 - WARNING - 1882541 29 29207905 microseconds
06-08-2026 12:17 - WARNING - No packet loss: /data/dsp/GBD_TRANSIENT_BUFFER/J0837+0610/06_08_2026/PDR_GULP_data002.pcap_06_08_2026_11_46_1785997019.PCAP_PDR
06-08-2026 12:17 - WARNING - first_pkt_count, first_gps_count, first_pkt_Tstamp
06-08-2026 12:17 - WARNING - 3575169481 8651 2026-08-06T06:16:27.482185
06-08-2026 12:17 - WARNING - last_pkt_count, last_gps_count, last_pkt_Tstamp
06-08-2026 12:17 - WARNING - 3577052022 8680 2026-08-06T06:16:56.690094
06-08-2026 12:17 - WARNING - diff_pkt_count  , diff_gps_count ,  diff_pkt_timstamp
06-08-2026 12:17 - WARNING - 1882541 29 29207909 microseconds
06-08-2026 12:17 - WARNING - No packet loss: /data/dsp/GBD_TRANSIENT_BUFFER/J0837+0610/06_08_2026/PDR_GULP_data000.pcap_06_08_2026_11_47_1785997048.PCAP_PDR
06-08-2026 12:17 - WARNING - first_pkt_count, first_gps_count, first_pkt_Tstamp
06-08-2026 12:17 - WARNING - 3577052023 8680 2026-08-06T06:16:56.690094
06-08-2026 12:17 - WARNING - last_pkt_count, last_gps_count, last_pkt_Tstamp
06-08-2026 12:17 - WARNING - 3578934564 8709 2026-08-06T06:17:25.898038
06-08-2026 12:17 - WARNING - diff_pkt_count  , diff_gps_count ,  diff_pkt_timstamp
06-08-2026 12:17 - WARNING - 1882541 29 29207944 microseconds
06-08-2026 12:17 - WARNING - No packet loss: /data/dsp/GBD_TRANSIENT_BUFFER/J0837+0610/06_08_2026/PDR_GULP_data001.pcap_06_08_2026_11_47_1785997078.PCAP_PDR
06-08-2026 12:17 - WARNING - first_pkt_count, first_gps_count, first_pkt_Tstamp
06-08-2026 12:17 - WARNING - 3578934565 8709 2026-08-06T06:17:25.898039
06-08-2026 12:17 - WARNING - last_pkt_count, last_gps_count, last_pkt_Tstamp
06-08-2026 12:17 - WARNING - 3580817107 8739 2026-08-06T06:17:55.105976
06-08-2026 12:17 - WARNING - diff_pkt_count  , diff_gps_count ,  diff_pkt_timstamp
06-08-2026 12:17 - WARNING - 1882542 30 29207937 microseconds
06-08-2026 12:17 - WARNING - No packet loss: /data/dsp/GBD_TRANSIENT_BUFFER/J0837+0610/06_08_2026/PDR_GULP_data002.pcap_06_08_2026_11_48_1785997107.PCAP_PDR
06-08-2026 12:17 - WARNING - first_pkt_count, first_gps_count, first_pkt_Tstamp
06-08-2026 12:17 - WARNING - 3580817108 8739 2026-08-06T06:17:55.105976
06-08-2026 12:17 - WARNING - last_pkt_count, last_gps_count, last_pkt_Tstamp
06-08-2026 12:17 - WARNING - 3582699649 8768 2026-08-06T06:18:24.313891
06-08-2026 12:17 - WARNING - diff_pkt_count  , diff_gps_count ,  diff_pkt_timstamp
06-08-2026 12:17 - WARNING - 1882541 29 29207915 microseconds
06-08-2026 12:17 - WARNING - No packet loss: /data/dsp/GBD_TRANSIENT_BUFFER/J0837+0610/06_08_2026/PDR_GULP_data000.pcap_06_08_2026_11_48_1785997136.PCAP_PDR
06-08-2026 12:17 - WARNING - first_pkt_count, first_gps_count, first_pkt_Tstamp
06-08-2026 12:17 - WARNING - 3582699650 8768 2026-08-06T06:18:24.313892
06-08-2026 12:17 - WARNING - last_pkt_count, last_gps_count, last_pkt_Tstamp
06-08-2026 12:17 - WARNING - 3584582191 8797 2026-08-06T06:18:53.521803
06-08-2026 12:17 - WARNING - diff_pkt_count  , diff_gps_count ,  diff_pkt_timstamp
06-08-2026 12:17 - WARNING - 1882541 29 29207911 microseconds
06-08-2026 12:17 - WARNING - No packet loss: /data/dsp/GBD_TRANSIENT_BUFFER/J0837+0610/06_08_2026/PDR_GULP_data001.pcap_06_08_2026_11_49_1785997165.PCAP_PDR
06-08-2026 12:17 - WARNING - first_pkt_count, first_gps_count, first_pkt_Tstamp
06-08-2026 12:17 - WARNING - 3584582192 8797 2026-08-06T06:18:53.521856
06-08-2026 12:17 - WARNING - last_pkt_count, last_gps_count, last_pkt_Tstamp
06-08-2026 12:17 - WARNING - 3586464733 8826 2026-08-06T06:19:22.729760
06-08-2026 12:17 - WARNING - diff_pkt_count  , diff_gps_count ,  diff_pkt_timstamp
06-08-2026 12:17 - WARNING - 1882541 29 29207904 microseconds
06-08-2026 12:17 - WARNING - No packet loss: /data/dsp/GBD_TRANSIENT_BUFFER/J0837+0610/06_08_2026/PDR_GULP_data002.pcap_06_08_2026_11_49_1785997194.PCAP_PDR
06-08-2026 12:17 - WARNING - first_pkt_count, first_gps_count, first_pkt_Tstamp
06-08-2026 12:17 - WARNING - 3586464734 8826 2026-08-06T06:19:22.729760
06-08-2026 12:17 - WARNING - last_pkt_count, last_gps_count, last_pkt_Tstamp
06-08-2026 12:17 - WARNING - 3588347275 8855 2026-08-06T06:19:51.937671
06-08-2026 12:17 - WARNING - diff_pkt_count  , diff_gps_count ,  diff_pkt_timstamp
06-08-2026 12:17 - WARNING - 1882541 29 29207911 microseconds
06-08-2026 12:17 - WARNING - No packet loss: /data/dsp/GBD_TRANSIENT_BUFFER/J0837+0610/06_08_2026/PDR_GULP_data000.pcap_06_08_2026_11_50_1785997224.PCAP_PDR
06-08-2026 12:17 - WARNING - first_pkt_count, first_gps_count, first_pkt_Tstamp
06-08-2026 12:17 - WARNING - 3588347276 8855 2026-08-06T06:19:51.937672
06-08-2026 12:17 - WARNING - last_pkt_count, last_gps_count, last_pkt_Tstamp
06-08-2026 12:17 - WARNING - 3590229817 8885 2026-08-06T06:20:21.145592
06-08-2026 12:17 - WARNING - diff_pkt_count  , diff_gps_count ,  diff_pkt_timstamp
06-08-2026 12:17 - WARNING - 1882541 30 29207920 microseconds
06-08-2026 12:17 - WARNING - No packet loss: /data/dsp/GBD_TRANSIENT_BUFFER/J0837+0610/06_08_2026/PDR_GULP_data001.pcap_06_08_2026_11_50_1785997253.PCAP_PDR
06-08-2026 12:17 - WARNING - first_pkt_count, first_gps_count, first_pkt_Tstamp
06-08-2026 12:17 - WARNING - 3590229818 8885 2026-08-06T06:20:21.145644
06-08-2026 12:17 - WARNING - last_pkt_count, last_gps_count, last_pkt_Tstamp
06-08-2026 12:17 - WARNING - 3592112360 8914 2026-08-06T06:20:50.353546
06-08-2026 12:17 - WARNING - diff_pkt_count  , diff_gps_count ,  diff_pkt_timstamp
06-08-2026 12:17 - WARNING - 1882542 29 29207902 microseconds
06-08-2026 12:17 - WARNING - No packet loss: /data/dsp/GBD_TRANSIENT_BUFFER/J0837+0610/06_08_2026/PDR_GULP_data002.pcap_06_08_2026_11_51_1785997282.PCAP_PDR
06-08-2026 12:17 - WARNING - first_pkt_count, first_gps_count, first_pkt_Tstamp
06-08-2026 12:17 - WARNING - 3592112361 8914 2026-08-06T06:20:50.353547
06-08-2026 12:17 - WARNING - last_pkt_count, last_gps_count, last_pkt_Tstamp
06-08-2026 12:17 - WARNING - 3593994902 8943 2026-08-06T06:21:19.561495
06-08-2026 12:17 - WARNING - diff_pkt_count  , diff_gps_count ,  diff_pkt_timstamp
06-08-2026 12:17 - WARNING - 1882541 29 29207948 microseconds
06-08-2026 12:17 - WARNING - No packet loss: /data/dsp/GBD_TRANSIENT_BUFFER/J0837+0610/06_08_2026/PDR_GULP_data000.pcap_06_08_2026_11_51_1785997311.PCAP_PDR
06-08-2026 12:17 - WARNING - first_pkt_count, first_gps_count, first_pkt_Tstamp
06-08-2026 12:17 - WARNING - 3593994903 8943 2026-08-06T06:21:19.561495
06-08-2026 12:17 - WARNING - last_pkt_count, last_gps_count, last_pkt_Tstamp
06-08-2026 12:17 - WARNING - 3595877444 8972 2026-08-06T06:21:48.769427
06-08-2026 12:17 - WARNING - diff_pkt_count  , diff_gps_count ,  diff_pkt_timstamp
06-08-2026 12:17 - WARNING - 1882541 29 29207932 microseconds
06-08-2026 12:17 - WARNING - No packet loss: /data/dsp/GBD_TRANSIENT_BUFFER/J0837+0610/06_08_2026/PDR_GULP_data001.pcap_06_08_2026_11_52_1785997340.PCAP_PDR
06-08-2026 12:17 - WARNING - first_pkt_count, first_gps_count, first_pkt_Tstamp
06-08-2026 12:17 - WARNING - 3595877445 8972 2026-08-06T06:21:48.769427
06-08-2026 12:17 - WARNING - last_pkt_count, last_gps_count, last_pkt_Tstamp
06-08-2026 12:17 - WARNING - 3597759986 9001 2026-08-06T06:22:17.977356
06-08-2026 12:17 - WARNING - diff_pkt_count  , diff_gps_count ,  diff_pkt_timstamp
06-08-2026 12:17 - WARNING - 1882541 29 29207929 microseconds
06-08-2026 12:17 - WARNING - Packet loss: /data/dsp/GBD_TRANSIENT_BUFFER/J0837+0610/06_08_2026/PDR_GULP_data002.pcap_06_08_2026_11_52_1785997370.PCAP_PDR
06-08-2026 12:17 - WARNING - Packet loss found .... Being fixed ... Please wait ...
06-08-2026 12:17 - WARNING - PCAP filtering ... tcpdump -r /data/dsp/GBD_TRANSIENT_BUFFER/J0837+0610/06_08_2026/PDR_GULP_data002.pcap_06_08_2026_11_52_1785997370.PCAP_PDR.pcap -w PDR_GULP_data002.pcap_06_08_2026_11_52_1785997370_filtered.PCAP_PDR.pcap  host 172.10.10.1 and port 55000 
06-08-2026 12:17 - WARNING - Patched /data/dsp/GBD_TRANSIENT_BUFFER/J0837+0610/06_08_2026/PDR_GULP_data002.pcap_06_08_2026_11_52_1785997370.PCAP_PDR as PDR_GULP_data002.pcap_06_08_2026_11_52_1785997370_filtered.PCAP_PDR
06-08-2026 12:17 - WARNING - Gulped file moved to /data/dsp/GBD_TRANSIENT_BUFFER/J0837+0610/06_08_2026/GULPED
06-08-2026 12:17 - WARNING - first_pkt_count, first_gps_count, first_pkt_Tstamp
06-08-2026 12:17 - WARNING - 3597759987 9001 2026-08-06T06:22:17.977448
06-08-2026 12:17 - WARNING - last_pkt_count, last_gps_count, last_pkt_Tstamp
06-08-2026 12:17 - WARNING - 3599642528 9031 2026-08-06T06:22:47.185280
06-08-2026 12:17 - WARNING - diff_pkt_count  , diff_gps_count ,  diff_pkt_timstamp
06-08-2026 12:17 - WARNING - 1882541 30 29207832 microseconds
06-08-2026 12:17 - WARNING - No packet loss: /data/dsp/GBD_TRANSIENT_BUFFER/J0837+0610/06_08_2026/PDR_GULP_data000.pcap_06_08_2026_11_53_1785997399.PCAP_PDR
06-08-2026 12:17 - WARNING - first_pkt_count, first_gps_count, first_pkt_Tstamp
06-08-2026 12:17 - WARNING - 3599642529 9031 2026-08-06T06:22:47.185331
06-08-2026 12:17 - WARNING - last_pkt_count, last_gps_count, last_pkt_Tstamp
06-08-2026 12:17 - WARNING - 3601525070 9060 2026-08-06T06:23:16.393244
06-08-2026 12:17 - WARNING - diff_pkt_count  , diff_gps_count ,  diff_pkt_timstamp
06-08-2026 12:17 - WARNING - 1882541 29 29207913 microseconds
06-08-2026 12:17 - WARNING - No packet loss: /data/dsp/GBD_TRANSIENT_BUFFER/J0837+0610/06_08_2026/PDR_GULP_data001.pcap_06_08_2026_11_53_1785997428.PCAP_PDR
06-08-2026 12:17 - WARNING - first_pkt_count, first_gps_count, first_pkt_Tstamp
06-08-2026 12:17 - WARNING - 3601525071 9060 2026-08-06T06:23:16.393244
06-08-2026 12:17 - WARNING - last_pkt_count, last_gps_count, last_pkt_Tstamp
06-08-2026 12:17 - WARNING - 3603407613 9089 2026-08-06T06:23:45.601167
06-08-2026 12:17 - WARNING - diff_pkt_count  , diff_gps_count ,  diff_pkt_timstamp
06-08-2026 12:17 - WARNING - 1882542 29 29207923 microseconds
06-08-2026 12:17 - WARNING - No packet loss: /data/dsp/GBD_TRANSIENT_BUFFER/J0837+0610/06_08_2026/PDR_GULP_data002.pcap_06_08_2026_11_54_1785997457.PCAP_PDR
06-08-2026 12:17 - WARNING - first_pkt_count, first_gps_count, first_pkt_Tstamp
06-08-2026 12:17 - WARNING - 3603407614 9089 2026-08-06T06:23:45.601220
06-08-2026 12:17 - WARNING - last_pkt_count, last_gps_count, last_pkt_Tstamp
06-08-2026 12:17 - WARNING - 3605290155 9118 2026-08-06T06:24:14.809125
06-08-2026 12:17 - WARNING - diff_pkt_count  , diff_gps_count ,  diff_pkt_timstamp
06-08-2026 12:17 - WARNING - 1882541 29 29207905 microseconds
06-08-2026 12:17 - WARNING - No packet loss: /data/dsp/GBD_TRANSIENT_BUFFER/J0837+0610/06_08_2026/PDR_GULP_data000.pcap_06_08_2026_11_54_1785997487.PCAP_PDR
06-08-2026 12:17 - WARNING - first_pkt_count, first_gps_count, first_pkt_Tstamp
06-08-2026 12:17 - WARNING - 3605290156 9118 2026-08-06T06:24:14.809175
06-08-2026 12:17 - WARNING - last_pkt_count, last_gps_count, last_pkt_Tstamp
06-08-2026 12:17 - WARNING - 3607172697 9147 2026-08-06T06:24:44.017072
06-08-2026 12:17 - WARNING - diff_pkt_count  , diff_gps_count ,  diff_pkt_timstamp
06-08-2026 12:17 - WARNING - 1882541 29 29207897 microseconds
06-08-2026 12:17 - WARNING - No packet loss: /data/dsp/GBD_TRANSIENT_BUFFER/J0837+0610/06_08_2026/PDR_GULP_data001.pcap_06_08_2026_11_55_1785997516.PCAP_PDR
06-08-2026 12:17 - WARNING - first_pkt_count, first_gps_count, first_pkt_Tstamp
06-08-2026 12:17 - WARNING - 3607172698 9147 2026-08-06T06:24:44.017072
06-08-2026 12:17 - WARNING - last_pkt_count, last_gps_count, last_pkt_Tstamp
06-08-2026 12:17 - WARNING - 3609055239 9177 2026-08-06T06:25:13.225036
06-08-2026 12:17 - WARNING - diff_pkt_count  , diff_gps_count ,  diff_pkt_timstamp
06-08-2026 12:17 - WARNING - 1882541 30 29207964 microseconds
06-08-2026 12:17 - WARNING - No packet loss: /data/dsp/GBD_TRANSIENT_BUFFER/J0837+0610/06_08_2026/PDR_GULP_data002.pcap_06_08_2026_11_55_1785997545.PCAP_PDR
06-08-2026 12:17 - WARNING - first_pkt_count, first_gps_count, first_pkt_Tstamp
06-08-2026 12:17 - WARNING - 3609055240 9177 2026-08-06T06:25:13.225036
06-08-2026 12:17 - WARNING - last_pkt_count, last_gps_count, last_pkt_Tstamp
06-08-2026 12:17 - WARNING - 3610937781 9206 2026-08-06T06:25:42.432975
06-08-2026 12:17 - WARNING - diff_pkt_count  , diff_gps_count ,  diff_pkt_timstamp
06-08-2026 12:17 - WARNING - 1882541 29 29207939 microseconds
06-08-2026 12:17 - WARNING - No packet loss: /data/dsp/GBD_TRANSIENT_BUFFER/J0837+0610/06_08_2026/PDR_GULP_data000.pcap_06_08_2026_11_56_1785997574.PCAP_PDR
06-08-2026 12:17 - WARNING - first_pkt_count, first_gps_count, first_pkt_Tstamp
06-08-2026 12:17 - WARNING - 3610937782 9206 2026-08-06T06:25:42.432975
06-08-2026 12:17 - WARNING - last_pkt_count, last_gps_count, last_pkt_Tstamp
06-08-2026 12:17 - WARNING - 3612820323 9235 2026-08-06T06:26:11.640930
06-08-2026 12:17 - WARNING - diff_pkt_count  , diff_gps_count ,  diff_pkt_timstamp
06-08-2026 12:17 - WARNING - 1882541 29 29207955 microseconds
06-08-2026 12:17 - WARNING - No packet loss: /data/dsp/GBD_TRANSIENT_BUFFER/J0837+0610/06_08_2026/PDR_GULP_data001.pcap_06_08_2026_11_56_1785997603.PCAP_PDR
06-08-2026 12:17 - WARNING - first_pkt_count, first_gps_count, first_pkt_Tstamp
06-08-2026 12:17 - WARNING - 3612820324 9235 2026-08-06T06:26:11.640930
06-08-2026 12:17 - WARNING - last_pkt_count, last_gps_count, last_pkt_Tstamp
06-08-2026 12:17 - WARNING - 3614702866 9264 2026-08-06T06:26:40.848890
06-08-2026 12:17 - WARNING - diff_pkt_count  , diff_gps_count ,  diff_pkt_timstamp
06-08-2026 12:17 - WARNING - 1882542 29 29207960 microseconds
06-08-2026 12:17 - WARNING - No packet loss: /data/dsp/GBD_TRANSIENT_BUFFER/J0837+0610/06_08_2026/PDR_GULP_data002.pcap_06_08_2026_11_57_1785997633.PCAP_PDR
06-08-2026 12:17 - WARNING - first_pkt_count, first_gps_count, first_pkt_Tstamp
06-08-2026 12:17 - WARNING - 3614702867 9264 2026-08-06T06:26:40.848890
06-08-2026 12:17 - WARNING - last_pkt_count, last_gps_count, last_pkt_Tstamp
06-08-2026 12:17 - WARNING - 3616585408 9294 2026-08-06T06:27:10.056851
06-08-2026 12:17 - WARNING - diff_pkt_count  , diff_gps_count ,  diff_pkt_timstamp
06-08-2026 12:17 - WARNING - 1882541 30 29207961 microseconds
06-08-2026 12:17 - WARNING - No packet loss: /data/dsp/GBD_TRANSIENT_BUFFER/J0837+0610/06_08_2026/PDR_GULP_data000.pcap_06_08_2026_11_57_1785997662.PCAP_PDR
06-08-2026 12:17 - WARNING - first_pkt_count, first_gps_count, first_pkt_Tstamp
06-08-2026 12:17 - WARNING - 3616585409 9294 2026-08-06T06:27:10.056851
06-08-2026 12:17 - WARNING - last_pkt_count, last_gps_count, last_pkt_Tstamp
06-08-2026 12:17 - WARNING - 3618467950 9323 2026-08-06T06:27:39.264783
06-08-2026 12:17 - WARNING - diff_pkt_count  , diff_gps_count ,  diff_pkt_timstamp
06-08-2026 12:17 - WARNING - 1882541 29 29207932 microseconds
06-08-2026 12:17 - WARNING - No packet loss: /data/dsp/GBD_TRANSIENT_BUFFER/J0837+0610/06_08_2026/PDR_GULP_data001.pcap_06_08_2026_11_58_1785997691.PCAP_PDR
06-08-2026 12:17 - WARNING - first_pkt_count, first_gps_count, first_pkt_Tstamp
06-08-2026 12:17 - WARNING - 3618467951 9323 2026-08-06T06:27:39.264783
06-08-2026 12:17 - WARNING - last_pkt_count, last_gps_count, last_pkt_Tstamp
06-08-2026 12:17 - WARNING - 3620350492 9352 2026-08-06T06:28:08.472791
06-08-2026 12:17 - WARNING - diff_pkt_count  , diff_gps_count ,  diff_pkt_timstamp
06-08-2026 12:17 - WARNING - 1882541 29 29208008 microseconds
06-08-2026 12:17 - WARNING - No packet loss: /data/dsp/GBD_TRANSIENT_BUFFER/J0837+0610/06_08_2026/PDR_GULP_data002.pcap_06_08_2026_11_58_1785997720.PCAP_PDR
06-08-2026 12:17 - WARNING - first_pkt_count, first_gps_count, first_pkt_Tstamp
06-08-2026 12:17 - WARNING - 3620350493 9352 2026-08-06T06:28:08.472791
06-08-2026 12:17 - WARNING - last_pkt_count, last_gps_count, last_pkt_Tstamp
06-08-2026 12:17 - WARNING - 3622233034 9381 2026-08-06T06:28:37.680665
06-08-2026 12:17 - WARNING - diff_pkt_count  , diff_gps_count ,  diff_pkt_timstamp
06-08-2026 12:17 - WARNING - 1882541 29 29207874 microseconds
06-08-2026 12:17 - WARNING - No packet loss: /data/dsp/GBD_TRANSIENT_BUFFER/J0837+0610/06_08_2026/PDR_GULP_data000.pcap_06_08_2026_11_59_1785997749.PCAP_PDR
06-08-2026 12:17 - WARNING - first_pkt_count, first_gps_count, first_pkt_Tstamp
06-08-2026 12:17 - WARNING - 3622233035 9381 2026-08-06T06:28:37.680666
06-08-2026 12:17 - WARNING - last_pkt_count, last_gps_count, last_pkt_Tstamp
06-08-2026 12:17 - WARNING - 3624115576 9410 2026-08-06T06:29:06.888628
06-08-2026 12:17 - WARNING - diff_pkt_count  , diff_gps_count ,  diff_pkt_timstamp
06-08-2026 12:17 - WARNING - 1882541 29 29207962 microseconds
06-08-2026 12:17 - WARNING - No packet loss: /data/dsp/GBD_TRANSIENT_BUFFER/J0837+0610/06_08_2026/PDR_GULP_data001.pcap_06_08_2026_11_59_1785997779.PCAP_PDR
06-08-2026 12:17 - WARNING - first_pkt_count, first_gps_count, first_pkt_Tstamp
06-08-2026 12:17 - WARNING - 3624115577 9410 2026-08-06T06:29:06.888628
06-08-2026 12:17 - WARNING - last_pkt_count, last_gps_count, last_pkt_Tstamp
06-08-2026 12:17 - WARNING - 3625998119 9440 2026-08-06T06:29:36.096595
06-08-2026 12:17 - WARNING - diff_pkt_count  , diff_gps_count ,  diff_pkt_timstamp
06-08-2026 12:17 - WARNING - 1882542 30 29207967 microseconds
06-08-2026 12:17 - WARNING - No packet loss: /data/dsp/GBD_TRANSIENT_BUFFER/J0837+0610/06_08_2026/PDR_GULP_data002.pcap_06_08_2026_12_00_1785997808.PCAP_PDR
06-08-2026 12:17 - WARNING - first_pkt_count, first_gps_count, first_pkt_Tstamp
06-08-2026 12:17 - WARNING - 3625998120 9440 2026-08-06T06:29:36.096595
06-08-2026 12:17 - WARNING - last_pkt_count, last_gps_count, last_pkt_Tstamp
06-08-2026 12:17 - WARNING - 3627880661 9469 2026-08-06T06:30:05.304557
06-08-2026 12:17 - WARNING - diff_pkt_count  , diff_gps_count ,  diff_pkt_timstamp
06-08-2026 12:17 - WARNING - 1882541 29 29207962 microseconds
06-08-2026 12:17 - WARNING - No packet loss: /data/dsp/GBD_TRANSIENT_BUFFER/J0837+0610/06_08_2026/PDR_GULP_data000.pcap_06_08_2026_12_00_1785997837.PCAP_PDR
06-08-2026 12:17 - WARNING - first_pkt_count, first_gps_count, first_pkt_Tstamp
06-08-2026 12:17 - WARNING - 3627880662 9469 2026-08-06T06:30:05.304557
06-08-2026 12:17 - WARNING - last_pkt_count, last_gps_count, last_pkt_Tstamp
06-08-2026 12:17 - WARNING - 3629763203 9498 2026-08-06T06:30:34.512555
06-08-2026 12:17 - WARNING - diff_pkt_count  , diff_gps_count ,  diff_pkt_timstamp
06-08-2026 12:17 - WARNING - 1882541 29 29207998 microseconds
06-08-2026 12:17 - WARNING - No packet loss: /data/dsp/GBD_TRANSIENT_BUFFER/J0837+0610/06_08_2026/PDR_GULP_data001.pcap_06_08_2026_12_01_1785997866.PCAP_PDR
06-08-2026 12:17 - WARNING - first_pkt_count, first_gps_count, first_pkt_Tstamp
06-08-2026 12:17 - WARNING - 3629763204 9498 2026-08-06T06:30:34.512555
06-08-2026 12:17 - WARNING - last_pkt_count, last_gps_count, last_pkt_Tstamp
06-08-2026 12:17 - WARNING - 3631645745 9527 2026-08-06T06:31:03.720445
06-08-2026 12:17 - WARNING - diff_pkt_count  , diff_gps_count ,  diff_pkt_timstamp
06-08-2026 12:17 - WARNING - 1882541 29 29207890 microseconds
06-08-2026 12:17 - WARNING - No packet loss: /data/dsp/GBD_TRANSIENT_BUFFER/J0837+0610/06_08_2026/PDR_GULP_data002.pcap_06_08_2026_12_01_1785997895.PCAP_PDR
06-08-2026 12:17 - WARNING - first_pkt_count, first_gps_count, first_pkt_Tstamp
06-08-2026 12:17 - WARNING - 3631645746 9527 2026-08-06T06:31:03.720446
06-08-2026 12:17 - WARNING - last_pkt_count, last_gps_count, last_pkt_Tstamp
06-08-2026 12:17 - WARNING - 3633528287 9556 2026-08-06T06:31:32.928428
06-08-2026 12:17 - WARNING - diff_pkt_count  , diff_gps_count ,  diff_pkt_timstamp
06-08-2026 12:17 - WARNING - 1882541 29 29207982 microseconds
06-08-2026 12:17 - WARNING - No packet loss: /data/dsp/GBD_TRANSIENT_BUFFER/J0837+0610/06_08_2026/PDR_GULP_data000.pcap_06_08_2026_12_02_1785997925.PCAP_PDR
06-08-2026 12:17 - WARNING - first_pkt_count, first_gps_count, first_pkt_Tstamp
06-08-2026 12:17 - WARNING - 3633528288 9556 2026-08-06T06:31:32.928429
06-08-2026 12:17 - WARNING - last_pkt_count, last_gps_count, last_pkt_Tstamp
06-08-2026 12:17 - WARNING - 3635410829 9586 2026-08-06T06:32:02.136440
06-08-2026 12:17 - WARNING - diff_pkt_count  , diff_gps_count ,  diff_pkt_timstamp
06-08-2026 12:17 - WARNING - 1882541 30 29208011 microseconds
06-08-2026 12:17 - WARNING - No packet loss: /data/dsp/GBD_TRANSIENT_BUFFER/J0837+0610/06_08_2026/PDR_GULP_data001.pcap_06_08_2026_12_02_1785997954.PCAP_PDR
06-08-2026 12:17 - WARNING - first_pkt_count, first_gps_count, first_pkt_Tstamp
06-08-2026 12:17 - WARNING - 3635410830 9586 2026-08-06T06:32:02.136491
06-08-2026 12:17 - WARNING - last_pkt_count, last_gps_count, last_pkt_Tstamp
06-08-2026 12:17 - WARNING - 3637293372 9615 2026-08-06T06:32:31.344749
06-08-2026 12:17 - WARNING - diff_pkt_count  , diff_gps_count ,  diff_pkt_timstamp
06-08-2026 12:17 - WARNING - 1882542 29 29208258 microseconds
06-08-2026 12:17 - WARNING - No packet loss: /data/dsp/GBD_TRANSIENT_BUFFER/J0837+0610/06_08_2026/PDR_GULP_data002.pcap_06_08_2026_12_03_1785997983.PCAP_PDR
06-08-2026 12:17 - WARNING - first_pkt_count, first_gps_count, first_pkt_Tstamp
06-08-2026 12:17 - WARNING - 3637293373 9615 2026-08-06T06:32:31.344750
06-08-2026 12:17 - WARNING - last_pkt_count, last_gps_count, last_pkt_Tstamp
06-08-2026 12:17 - WARNING - 3639175914 9644 2026-08-06T06:33:00.552991
06-08-2026 12:17 - WARNING - diff_pkt_count  , diff_gps_count ,  diff_pkt_timstamp
06-08-2026 12:17 - WARNING - 1882541 29 29208241 microseconds
06-08-2026 12:17 - WARNING - No packet loss: /data/dsp/GBD_TRANSIENT_BUFFER/J0837+0610/06_08_2026/PDR_GULP_data000.pcap_06_08_2026_12_03_1785998012.PCAP_PDR
06-08-2026 12:17 - WARNING - first_pkt_count, first_gps_count, first_pkt_Tstamp
06-08-2026 12:17 - WARNING - 3639175915 9644 2026-08-06T06:33:00.552991
06-08-2026 12:17 - WARNING - last_pkt_count, last_gps_count, last_pkt_Tstamp
06-08-2026 12:17 - WARNING - 3641058456 9673 2026-08-06T06:33:29.761213
06-08-2026 12:17 - WARNING - diff_pkt_count  , diff_gps_count ,  diff_pkt_timstamp
06-08-2026 12:17 - WARNING - 1882541 29 29208222 microseconds
06-08-2026 12:17 - WARNING - No packet loss: /data/dsp/GBD_TRANSIENT_BUFFER/J0837+0610/06_08_2026/PDR_GULP_data001.pcap_06_08_2026_12_04_1785998041.PCAP_PDR
06-08-2026 12:17 - WARNING - first_pkt_count, first_gps_count, first_pkt_Tstamp
06-08-2026 12:17 - WARNING - 3641058457 9673 2026-08-06T06:33:29.761263
06-08-2026 12:17 - WARNING - last_pkt_count, last_gps_count, last_pkt_Tstamp
06-08-2026 12:17 - WARNING - 3642940998 9702 2026-08-06T06:33:58.969452
06-08-2026 12:17 - WARNING - diff_pkt_count  , diff_gps_count ,  diff_pkt_timstamp
06-08-2026 12:17 - WARNING - 1882541 29 29208189 microseconds
06-08-2026 12:17 - WARNING - No packet loss: /data/dsp/GBD_TRANSIENT_BUFFER/J0837+0610/06_08_2026/PDR_GULP_data002.pcap_06_08_2026_12_04_1785998071.PCAP_PDR
06-08-2026 12:17 - WARNING - first_pkt_count, first_gps_count, first_pkt_Tstamp
06-08-2026 12:17 - WARNING - 3642940999 9702 2026-08-06T06:33:58.969452
06-08-2026 12:17 - WARNING - last_pkt_count, last_gps_count, last_pkt_Tstamp
06-08-2026 12:17 - WARNING - 3644823540 9732 2026-08-06T06:34:28.177701
06-08-2026 12:17 - WARNING - diff_pkt_count  , diff_gps_count ,  diff_pkt_timstamp
06-08-2026 12:17 - WARNING - 1882541 30 29208249 microseconds
06-08-2026 12:17 - WARNING - No packet loss: /data/dsp/GBD_TRANSIENT_BUFFER/J0837+0610/06_08_2026/PDR_GULP_data000.pcap_06_08_2026_12_05_1785998100.PCAP_PDR
06-08-2026 12:17 - WARNING - first_pkt_count, first_gps_count, first_pkt_Tstamp
06-08-2026 12:17 - WARNING - 3644823541 9732 2026-08-06T06:34:28.177701
06-08-2026 12:17 - WARNING - last_pkt_count, last_gps_count, last_pkt_Tstamp
06-08-2026 12:17 - WARNING - 3646706082 9761 2026-08-06T06:34:57.385860
06-08-2026 12:17 - WARNING - diff_pkt_count  , diff_gps_count ,  diff_pkt_timstamp
06-08-2026 12:17 - WARNING - 1882541 29 29208159 microseconds
06-08-2026 12:17 - WARNING - No packet loss: /data/dsp/GBD_TRANSIENT_BUFFER/J0837+0610/06_08_2026/PDR_GULP_data001.pcap_06_08_2026_12_05_1785998129.PCAP_PDR
06-08-2026 12:17 - WARNING - first_pkt_count, first_gps_count, first_pkt_Tstamp
06-08-2026 12:17 - WARNING - 3646706083 9761 2026-08-06T06:34:57.385860
06-08-2026 12:17 - WARNING - last_pkt_count, last_gps_count, last_pkt_Tstamp
06-08-2026 12:17 - WARNING - 3648588625 9790 2026-08-06T06:35:26.594059
06-08-2026 12:17 - WARNING - diff_pkt_count  , diff_gps_count ,  diff_pkt_timstamp
06-08-2026 12:17 - WARNING - 1882542 29 29208199 microseconds
06-08-2026 12:17 - WARNING - No packet loss: /data/dsp/GBD_TRANSIENT_BUFFER/J0837+0610/06_08_2026/PDR_GULP_data002.pcap_06_08_2026_12_05_1785998158.PCAP_PDR
06-08-2026 12:17 - WARNING - first_pkt_count, first_gps_count, first_pkt_Tstamp
06-08-2026 12:17 - WARNING - 3648588626 9790 2026-08-06T06:35:26.594110
06-08-2026 12:17 - WARNING - last_pkt_count, last_gps_count, last_pkt_Tstamp
06-08-2026 12:17 - WARNING - 3650471167 9819 2026-08-06T06:35:55.802241
06-08-2026 12:17 - WARNING - diff_pkt_count  , diff_gps_count ,  diff_pkt_timstamp
06-08-2026 12:17 - WARNING - 1882541 29 29208131 microseconds
06-08-2026 12:17 - WARNING - No packet loss: /data/dsp/GBD_TRANSIENT_BUFFER/J0837+0610/06_08_2026/PDR_GULP_data000.pcap_06_08_2026_12_06_1785998188.PCAP_PDR
06-08-2026 12:17 - WARNING - first_pkt_count, first_gps_count, first_pkt_Tstamp
06-08-2026 12:17 - WARNING - 3650471168 9819 2026-08-06T06:35:55.802241
06-08-2026 12:17 - WARNING - last_pkt_count, last_gps_count, last_pkt_Tstamp
06-08-2026 12:17 - WARNING - 3652353709 9848 2026-08-06T06:36:25.010457
06-08-2026 12:17 - WARNING - diff_pkt_count  , diff_gps_count ,  diff_pkt_timstamp
06-08-2026 12:17 - WARNING - 1882541 29 29208216 microseconds
06-08-2026 12:17 - WARNING - No packet loss: /data/dsp/GBD_TRANSIENT_BUFFER/J0837+0610/06_08_2026/PDR_GULP_data001.pcap_06_08_2026_12_06_1785998217.PCAP_PDR
06-08-2026 12:17 - WARNING - first_pkt_count, first_gps_count, first_pkt_Tstamp
06-08-2026 12:17 - WARNING - 3652353710 9848 2026-08-06T06:36:25.010457
06-08-2026 12:17 - WARNING - last_pkt_count, last_gps_count, last_pkt_Tstamp
06-08-2026 12:17 - WARNING - 3654236251 9878 2026-08-06T06:36:54.218586
06-08-2026 12:17 - WARNING - diff_pkt_count  , diff_gps_count ,  diff_pkt_timstamp
06-08-2026 12:17 - WARNING - 1882541 30 29208129 microseconds
06-08-2026 12:17 - WARNING - No packet loss: /data/dsp/GBD_TRANSIENT_BUFFER/J0837+0610/06_08_2026/PDR_GULP_data002.pcap_06_08_2026_12_07_1785998246.PCAP_PDR
06-08-2026 12:17 - WARNING - first_pkt_count, first_gps_count, first_pkt_Tstamp
06-08-2026 12:17 - WARNING - 3654236252 9878 2026-08-06T06:36:54.218586
06-08-2026 12:17 - WARNING - last_pkt_count, last_gps_count, last_pkt_Tstamp
06-08-2026 12:17 - WARNING - 3656118793 9907 2026-08-06T06:37:23.426723
06-08-2026 12:17 - WARNING - diff_pkt_count  , diff_gps_count ,  diff_pkt_timstamp
06-08-2026 12:17 - WARNING - 1882541 29 29208137 microseconds
06-08-2026 12:17 - WARNING - No packet loss: /data/dsp/GBD_TRANSIENT_BUFFER/J0837+0610/06_08_2026/PDR_GULP_data000.pcap_06_08_2026_12_07_1785998275.PCAP_PDR
06-08-2026 12:17 - WARNING - first_pkt_count, first_gps_count, first_pkt_Tstamp
06-08-2026 12:17 - WARNING - 3656118794 9907 2026-08-06T06:37:23.426813
06-08-2026 12:17 - WARNING - last_pkt_count, last_gps_count, last_pkt_Tstamp
06-08-2026 12:17 - WARNING - 3658001335 9936 2026-08-06T06:37:52.634858
06-08-2026 12:17 - WARNING - diff_pkt_count  , diff_gps_count ,  diff_pkt_timstamp
06-08-2026 12:17 - WARNING - 1882541 29 29208045 microseconds
06-08-2026 12:17 - WARNING - No packet loss: /data/dsp/GBD_TRANSIENT_BUFFER/J0837+0610/06_08_2026/PDR_GULP_data001.pcap_06_08_2026_12_08_1785998304.PCAP_PDR
06-08-2026 12:17 - WARNING - first_pkt_count, first_gps_count, first_pkt_Tstamp
06-08-2026 12:17 - WARNING - 3658001336 9936 2026-08-06T06:37:52.634910
06-08-2026 12:17 - WARNING - last_pkt_count, last_gps_count, last_pkt_Tstamp
06-08-2026 12:17 - WARNING - 3659883878 9965 2026-08-06T06:38:21.843034
06-08-2026 12:17 - WARNING - diff_pkt_count  , diff_gps_count ,  diff_pkt_timstamp
06-08-2026 12:17 - WARNING - 1882542 29 29208124 microseconds
06-08-2026 12:17 - WARNING - No packet loss: /data/dsp/GBD_TRANSIENT_BUFFER/J0837+0610/06_08_2026/PDR_GULP_data002.pcap_06_08_2026_12_08_1785998334.PCAP_PDR
06-08-2026 12:17 - WARNING - first_pkt_count, first_gps_count, first_pkt_Tstamp
06-08-2026 12:17 - WARNING - 3659883879 9965 2026-08-06T06:38:21.843035
06-08-2026 12:17 - WARNING - last_pkt_count, last_gps_count, last_pkt_Tstamp
06-08-2026 12:17 - WARNING - 3661766420 9995 2026-08-06T06:38:51.051160
06-08-2026 12:17 - WARNING - diff_pkt_count  , diff_gps_count ,  diff_pkt_timstamp
06-08-2026 12:17 - WARNING - 1882541 30 29208125 microseconds
06-08-2026 12:17 - WARNING - No packet loss: /data/dsp/GBD_TRANSIENT_BUFFER/J0837+0610/06_08_2026/PDR_GULP_data000.pcap_06_08_2026_12_09_1785998363.PCAP_PDR
06-08-2026 12:17 - WARNING - first_pkt_count, first_gps_count, first_pkt_Tstamp
06-08-2026 12:17 - WARNING - 3661766421 9995 2026-08-06T06:38:51.051161
06-08-2026 12:17 - WARNING - last_pkt_count, last_gps_count, last_pkt_Tstamp
06-08-2026 12:17 - WARNING - 3663648962 10024 2026-08-06T06:39:20.259258
06-08-2026 12:17 - WARNING - diff_pkt_count  , diff_gps_count ,  diff_pkt_timstamp
06-08-2026 12:17 - WARNING - 1882541 29 29208097 microseconds
06-08-2026 12:17 - WARNING - No packet loss: /data/dsp/GBD_TRANSIENT_BUFFER/J0837+0610/06_08_2026/PDR_GULP_data001.pcap_06_08_2026_12_09_1785998392.PCAP_PDR
06-08-2026 12:17 - WARNING - first_pkt_count, first_gps_count, first_pkt_Tstamp
06-08-2026 12:17 - WARNING - 3663648963 10024 2026-08-06T06:39:20.259259
06-08-2026 12:17 - WARNING - last_pkt_count, last_gps_count, last_pkt_Tstamp
06-08-2026 12:17 - WARNING - 3665531504 10053 2026-08-06T06:39:49.467416
06-08-2026 12:17 - WARNING - diff_pkt_count  , diff_gps_count ,  diff_pkt_timstamp
06-08-2026 12:17 - WARNING - 1882541 29 29208157 microseconds
06-08-2026 12:17 - WARNING - No packet loss: /data/dsp/GBD_TRANSIENT_BUFFER/J0837+0610/06_08_2026/PDR_GULP_data002.pcap_06_08_2026_12_10_1785998421.PCAP_PDR
06-08-2026 12:17 - WARNING - first_pkt_count, first_gps_count, first_pkt_Tstamp
06-08-2026 12:17 - WARNING - 3665531505 10053 2026-08-06T06:39:49.467416
06-08-2026 12:17 - WARNING - last_pkt_count, last_gps_count, last_pkt_Tstamp
06-08-2026 12:17 - WARNING - 3667414046 10082 2026-08-06T06:40:18.675489
06-08-2026 12:17 - WARNING - diff_pkt_count  , diff_gps_count ,  diff_pkt_timstamp
06-08-2026 12:17 - WARNING - 1882541 29 29208073 microseconds
06-08-2026 12:17 - WARNING - No packet loss: /data/dsp/GBD_TRANSIENT_BUFFER/J0837+0610/06_08_2026/PDR_GULP_data000.pcap_06_08_2026_12_10_1785998450.PCAP_PDR
06-08-2026 12:17 - WARNING - first_pkt_count, first_gps_count, first_pkt_Tstamp
06-08-2026 12:17 - WARNING - 3667414047 10082 2026-08-06T06:40:18.675489
06-08-2026 12:17 - WARNING - last_pkt_count, last_gps_count, last_pkt_Tstamp
06-08-2026 12:17 - WARNING - 3669296588 10111 2026-08-06T06:40:47.883621
06-08-2026 12:17 - WARNING - diff_pkt_count  , diff_gps_count ,  diff_pkt_timstamp
06-08-2026 12:17 - WARNING - 1882541 29 29208132 microseconds
06-08-2026 12:17 - WARNING - No packet loss: /data/dsp/GBD_TRANSIENT_BUFFER/J0837+0610/06_08_2026/PDR_GULP_data001.pcap_06_08_2026_12_11_1785998480.PCAP_PDR
06-08-2026 12:17 - WARNING - first_pkt_count, first_gps_count, first_pkt_Tstamp
06-08-2026 12:17 - WARNING - 3669296589 10111 2026-08-06T06:40:47.883622
06-08-2026 12:17 - WARNING - last_pkt_count, last_gps_count, last_pkt_Tstamp
06-08-2026 12:17 - WARNING - 3671179131 10141 2026-08-06T06:41:17.091725
06-08-2026 12:17 - WARNING - diff_pkt_count  , diff_gps_count ,  diff_pkt_timstamp
06-08-2026 12:17 - WARNING - 1882542 30 29208103 microseconds
06-08-2026 12:17 - WARNING - No packet loss: /data/dsp/GBD_TRANSIENT_BUFFER/J0837+0610/06_08_2026/PDR_GULP_data002.pcap_06_08_2026_12_11_1785998509.PCAP_PDR
06-08-2026 12:17 - WARNING - first_pkt_count, first_gps_count, first_pkt_Tstamp
06-08-2026 12:17 - WARNING - 3671179132 10141 2026-08-06T06:41:17.091726
06-08-2026 12:17 - WARNING - last_pkt_count, last_gps_count, last_pkt_Tstamp
06-08-2026 12:17 - WARNING - 3673061673 10170 2026-08-06T06:41:46.299792
06-08-2026 12:17 - WARNING - diff_pkt_count  , diff_gps_count ,  diff_pkt_timstamp
06-08-2026 12:17 - WARNING - 1882541 29 29208066 microseconds
06-08-2026 12:17 - WARNING - No packet loss: /data/dsp/GBD_TRANSIENT_BUFFER/J0837+0610/06_08_2026/PDR_GULP_data000.pcap_06_08_2026_12_12_1785998538.PCAP_PDR
06-08-2026 12:17 - WARNING - first_pkt_count, first_gps_count, first_pkt_Tstamp
06-08-2026 12:17 - WARNING - 3673061674 10170 2026-08-06T06:41:46.299793
06-08-2026 12:17 - WARNING - last_pkt_count, last_gps_count, last_pkt_Tstamp
06-08-2026 12:17 - WARNING - 3674944215 10199 2026-08-06T06:42:15.507859
06-08-2026 12:17 - WARNING - diff_pkt_count  , diff_gps_count ,  diff_pkt_timstamp
06-08-2026 12:17 - WARNING - 1882541 29 29208066 microseconds
06-08-2026 12:17 - WARNING - No packet loss: /data/dsp/GBD_TRANSIENT_BUFFER/J0837+0610/06_08_2026/PDR_GULP_data001.pcap_06_08_2026_12_12_1785998567.PCAP_PDR
06-08-2026 12:17 - WARNING - first_pkt_count, first_gps_count, first_pkt_Tstamp
06-08-2026 12:17 - WARNING - 3674944216 10199 2026-08-06T06:42:15.507946
06-08-2026 12:17 - WARNING - last_pkt_count, last_gps_count, last_pkt_Tstamp
06-08-2026 12:17 - WARNING - 3676826757 10228 2026-08-06T06:42:44.715947
06-08-2026 12:17 - WARNING - diff_pkt_count  , diff_gps_count ,  diff_pkt_timstamp
06-08-2026 12:17 - WARNING - 1882541 29 29208001 microseconds
06-08-2026 12:17 - WARNING - No packet loss: /data/dsp/GBD_TRANSIENT_BUFFER/J0837+0610/06_08_2026/PDR_GULP_data002.pcap_06_08_2026_12_13_1785998596.PCAP_PDR
06-08-2026 12:17 - WARNING - first_pkt_count, first_gps_count, first_pkt_Tstamp
06-08-2026 12:17 - WARNING - 3676826758 10228 2026-08-06T06:42:44.715947
06-08-2026 12:17 - WARNING - last_pkt_count, last_gps_count, last_pkt_Tstamp
06-08-2026 12:17 - WARNING - 3678709299 10257 2026-08-06T06:43:13.924014
06-08-2026 12:17 - WARNING - diff_pkt_count  , diff_gps_count ,  diff_pkt_timstamp
06-08-2026 12:17 - WARNING - 1882541 29 29208067 microseconds
06-08-2026 12:17 - WARNING - No packet loss: /data/dsp/GBD_TRANSIENT_BUFFER/J0837+0610/06_08_2026/PDR_GULP_data000.pcap_06_08_2026_12_13_1785998626.PCAP_PDR
06-08-2026 12:17 - WARNING - first_pkt_count, first_gps_count, first_pkt_Tstamp
06-08-2026 12:17 - WARNING - 3678709300 10257 2026-08-06T06:43:13.924067
06-08-2026 12:17 - WARNING - last_pkt_count, last_gps_count, last_pkt_Tstamp
06-08-2026 12:17 - WARNING - 3680591842 10287 2026-08-06T06:43:43.132158
06-08-2026 12:17 - WARNING - diff_pkt_count  , diff_gps_count ,  diff_pkt_timstamp
06-08-2026 12:17 - WARNING - 1882542 30 29208091 microseconds
06-08-2026 12:17 - WARNING - No packet loss: /data/dsp/GBD_TRANSIENT_BUFFER/J0837+0610/06_08_2026/PDR_GULP_data001.pcap_06_08_2026_12_14_1785998655.PCAP_PDR
06-08-2026 12:17 - WARNING - first_pkt_count, first_gps_count, first_pkt_Tstamp
06-08-2026 12:17 - WARNING - 3680591843 10287 2026-08-06T06:43:43.132158
06-08-2026 12:17 - WARNING - last_pkt_count, last_gps_count, last_pkt_Tstamp
06-08-2026 12:17 - WARNING - 3682474384 10316 2026-08-06T06:44:12.340175
06-08-2026 12:17 - WARNING - diff_pkt_count  , diff_gps_count ,  diff_pkt_timstamp
06-08-2026 12:17 - WARNING - 1882541 29 29208017 microseconds
06-08-2026 12:17 - WARNING - No packet loss: /data/dsp/GBD_TRANSIENT_BUFFER/J0837+0610/06_08_2026/PDR_GULP_data002.pcap_06_08_2026_12_14_1785998684.PCAP_PDR
06-08-2026 12:17 - WARNING - first_pkt_count, first_gps_count, first_pkt_Tstamp
06-08-2026 12:17 - WARNING - 3682474385 10316 2026-08-06T06:44:12.340175
06-08-2026 12:17 - WARNING - last_pkt_count, last_gps_count, last_pkt_Tstamp
06-08-2026 12:17 - WARNING - 3684356926 10345 2026-08-06T06:44:41.548241
06-08-2026 12:17 - WARNING - diff_pkt_count  , diff_gps_count ,  diff_pkt_timstamp
06-08-2026 12:17 - WARNING - 1882541 29 29208066 microseconds
06-08-2026 12:17 - WARNING - No packet loss: /data/dsp/GBD_TRANSIENT_BUFFER/J0837+0610/06_08_2026/PDR_GULP_data000.pcap_06_08_2026_12_15_1785998713.PCAP_PDR
06-08-2026 12:17 - WARNING - first_pkt_count, first_gps_count, first_pkt_Tstamp
06-08-2026 12:17 - WARNING - 3684356927 10345 2026-08-06T06:44:41.548241
06-08-2026 12:17 - WARNING - last_pkt_count, last_gps_count, last_pkt_Tstamp
06-08-2026 12:17 - WARNING - 3686239468 10374 2026-08-06T06:45:10.756284
06-08-2026 12:17 - WARNING - diff_pkt_count  , diff_gps_count ,  diff_pkt_timstamp
06-08-2026 12:17 - WARNING - 1882541 29 29208043 microseconds
06-08-2026 12:17 - WARNING - No packet loss: /data/dsp/GBD_TRANSIENT_BUFFER/J0837+0610/06_08_2026/PDR_GULP_data001.pcap_06_08_2026_12_15_1785998742.PCAP_PDR
06-08-2026 12:17 - WARNING - first_pkt_count, first_gps_count, first_pkt_Tstamp
06-08-2026 12:17 - WARNING - 3686239469 10374 2026-08-06T06:45:10.756284
06-08-2026 12:17 - WARNING - last_pkt_count, last_gps_count, last_pkt_Tstamp
06-08-2026 12:17 - WARNING - 3688122010 10403 2026-08-06T06:45:39.964382
06-08-2026 12:17 - WARNING - diff_pkt_count  , diff_gps_count ,  diff_pkt_timstamp
06-08-2026 12:17 - WARNING - 1882541 29 29208098 microseconds
06-08-2026 12:17 - WARNING - No packet loss: /data/dsp/GBD_TRANSIENT_BUFFER/J0837+0610/06_08_2026/PDR_GULP_data002.pcap_06_08_2026_12_16_1785998772.PCAP_PDR
06-08-2026 12:17 - WARNING - first_pkt_count, first_gps_count, first_pkt_Tstamp
06-08-2026 12:17 - WARNING - 3688122011 10403 2026-08-06T06:45:39.964382
06-08-2026 12:17 - WARNING - last_pkt_count, last_gps_count, last_pkt_Tstamp
06-08-2026 12:17 - WARNING - 3690004552 10433 2026-08-06T06:46:09.172399
06-08-2026 12:17 - WARNING - diff_pkt_count  , diff_gps_count ,  diff_pkt_timstamp
06-08-2026 12:17 - WARNING - 1882541 30 29208017 microseconds
06-08-2026 12:17 - WARNING - No packet loss: /data/dsp/GBD_TRANSIENT_BUFFER/J0837+0610/06_08_2026/PDR_GULP_data000.pcap_06_08_2026_12_16_1785998801.PCAP_PDR
06-08-2026 12:17 - WARNING - first_pkt_count, first_gps_count, first_pkt_Tstamp
06-08-2026 12:17 - WARNING - 3690004553 10433 2026-08-06T06:46:09.172399
06-08-2026 12:17 - WARNING - last_pkt_count, last_gps_count, last_pkt_Tstamp
06-08-2026 12:17 - WARNING - 3691887095 10462 2026-08-06T06:46:38.380454
06-08-2026 12:17 - WARNING - diff_pkt_count  , diff_gps_count ,  diff_pkt_timstamp
06-08-2026 12:17 - WARNING - 1882542 29 29208055 microseconds
06-08-2026 12:17 - WARNING - No packet loss: /data/dsp/GBD_TRANSIENT_BUFFER/J0837+0610/06_08_2026/PDR_GULP_data001.pcap_06_08_2026_12_17_1785998830.PCAP_PDR
06-08-2026 12:17 - WARNING - first_pkt_count, first_gps_count, first_pkt_Tstamp
06-08-2026 12:17 - WARNING - 3691887096 10462 2026-08-06T06:46:38.380543
06-08-2026 12:17 - WARNING - last_pkt_count, last_gps_count, last_pkt_Tstamp
06-08-2026 12:17 - WARNING - 3693769637 10491 2026-08-06T06:47:07.588524
06-08-2026 12:17 - WARNING - diff_pkt_count  , diff_gps_count ,  diff_pkt_timstamp
06-08-2026 12:17 - WARNING - 1882541 29 29207981 microseconds
06-08-2026 12:17 SLIP check Finished...
06-08-2026 12:17 Pulsar data reduction pipeline started ...
06-08-2026 12:17 - WARNING - Data Directory: /data/dsp/GBD_TRANSIENT_BUFFER/J0837+0610/06_08_2026
06-08-2026 12:17 - WARNING - Pulsar: J0837+0610
06-08-2026 12:17 - WARNING - CH selelction: 0
06-08-2026 12:17 - WARNING - Phase file: /home/dsp/PDR_acquire_setup/dada_scripts/phase/rf_path_phase.dat
06-08-2026 12:17 - WARNING - Obs. logfile: /home/dsp/PDR_acquire_setup/master_obs_log/J0837+0610_06_08_2026_observation.log
06-08-2026 12:17 - WARNING - Observation start time: 2026_08_06_11_38_40
06-08-2026 12:17 - WARNING - parfile: /home/dsp/parfiles/J0837+0610.par
06-08-2026 12:17 - WARNING - DM: 13.0209436694702
06-08-2026 12:17 - WARNING - Period: 1.2737745847060131
06-08-2026 12:17 - WARNING - RA_DEC: 08:37:05.6485930+06:10:16.06361
06-08-2026 12:17 - WARNING - out_dada_file: J0837+0610_2026_08_06_11_38_40_type_0.dada
06-08-2026 12:17 - WARNING - Number of files to process: 80
06-08-2026 12:17 - WARNING - Files per batch:  17
06-08-2026 12:35 - WARNING - Time taken for PDR2DADA convertion: 0:18:00.111295
06-08-2026 12:35 - WARNING - Center_freq: 175
06-08-2026 12:35 - WARNING - int_time: 3.0
06-08-2026 12:35 - WARNING - nbins: 256
06-08-2026 12:35 - WARNING - fil_chan: 256
06-08-2026 12:35 - WARNING - cpu: 2,3,4,5,6,7,8,9,10,11,12,13,14,15,16
06-08-2026 12:35 - WARNING - thread: 32
06-08-2026 12:35 - WARNING - nbit: 8
06-08-2026 12:35 - WARNING - time_avg: 0.000256
06-08-2026 12:35 - WARNING - MJD_START: 61258.25602032471
06-08-2026 12:35 - WARNING - output: J0837+0610_61258.26_175MHz_type_0_GBD_DART
06-08-2026 12:35 - WARNING - singularity_container: singularity exec /home/dsp/singularity_imag/pschive_py3.sif  
06-08-2026 12:35 - WARNING - ------ DIGIFITS ------
06-08-2026 12:35 - WARNING - ---- Search Mode FITS -------
06-08-2026 12:35 - WARNING - digifits_ful_stokes_cmd: singularity exec /home/dsp/singularity_imag/pschive_py3.sif  digifits  -F 256 -x 256 -b 8 -p 4 -t 0.000256 J0837+0610_2026_08_06_11_38_40_type_0.dada -o J0837+0610_2026_08_06_11_38_40_type_0.dada_stokes.fits
06-08-2026 13:03 - WARNING - ------ Total intensity FITS -------
06-08-2026 13:03 - WARNING - digifits_total_intensity_cmd: singularity exec /home/dsp/singularity_imag/pschive_py3.sif  digifits  -F 256 -x 256 -b 8 -p 1 -t 0.000256 J0837+0610_2026_08_06_11_38_40_type_0.dada -o J0837+0610_2026_08_06_11_38_40_type_0.dada_intensity.fits
06-08-2026 13:27 - WARNING - Nchan: 256
06-08-2026 13:27 - WARNING - Nbin: 256
06-08-2026 13:27 - WARNING - Tavg: 0.000256
06-08-2026 13:27 - WARNING - Time taken for DIGIFITS run: 0:52:10.988136
06-08-2026 13:27 - WARNING - ------ DSPSR ------
06-08-2026 13:27 - WARNING - ------- Coherent Dedispersion Folded archive -------
06-08-2026 13:27 - WARNING - dspsr_cmd: singularity exec /home/dsp/singularity_imag/pschive_py3.sif  dspsr J0837+0610_2026_08_06_11_38_40_type_0.dada -cpu 2,3,4,5,6,7,8,9,10,11,12,13,14,15,16 -t 32 -E /home/dsp/parfiles/J0837+0610.par -L 3.0 -b 256 -F 256:D -N J0837+0610 -a PSRFITS -A -e .fits -O J0837+0610_61258.26_175MHz_type_0_GBD_DART
06-08-2026 13:37 - WARNING - ------- Incoherent Dedispersion Folded archive -------
06-08-2026 13:37 - WARNING - Incoherent_DD_dspsr_cmd: singularity exec /home/dsp/singularity_imag/pschive_py3.sif  dspsr J0837+0610_2026_08_06_11_38_40_type_0.dada_stokes.fits -cpu 2,3,4,5,6,7,8,9,10,11,12,13,14,15,16 -t 32 -E /home/dsp/parfiles/J0837+0610.par -L 3.0 -b 256 -N J0837+0610 -A -e .fits -O J0837+0610_61258.26_175MHz_type_0_GBD_DART_stokes_Incoherent_DD
06-08-2026 13:41 - WARNING - Time taken for DSPSR run: 0:13:21.166791
06-08-2026 13:41 - WARNING - ------ PSREDIT ------
06-08-2026 13:41 - WARNING - psredit_cmd: singularity exec /home/dsp/singularity_imag/pschive_py3.sif  psredit -c name=J0837+0610,be:name=GSB,coord=08:37:05.6485930+06:10:16.06361 -m *_GBD_DART*fits
06-08-2026 13:41 - WARNING - Time taken for PSREDIT run: 0:00:13.944444
06-08-2026 13:41 - WARNING - ------ Iterative RFI Cleaner ------
06-08-2026 13:41 - WARNING - Iterative_cleaner_cmd: singularity exec /home/dsp/singularity_imag/pschive_py3.sif   python3 /home/dsp/PDR_acquire_setup/iterative_cleaner.py -s 3 -c 3 -m 10 *_GBD_DART*fits
06-08-2026 13:48 - WARNING - Time taken for Iterative_cleaner run: 0:07:18.638139
06-08-2026 13:48 - WARNING - ------ PDMP ------
06-08-2026 13:48 - WARNING - pdmp_cmd1: singularity exec /home/dsp/singularity_imag/pschive_py3.sif  pdmp -dr 2 -ds 0.05 -g J0837+0610_61258.26_175MHz_type_0_GBD_DART.fits_cleaned.ar.ps/cps J0837+0610_61258.26_175MHz_type_0_GBD_DART.fits_cleaned.ar
06-08-2026 13:58 - WARNING - pdmp_cmd2: singularity exec /home/dsp/singularity_imag/pschive_py3.sif  pdmp -dr 2 -ds 0.05 -g J0837+0610_61258.26_175MHz_type_0_GBD_DART_stokes_Incoherent_DD.fits_cleaned.ar.ps/cps J0837+0610_61258.26_175MHz_type_0_GBD_DART_stokes_Incoherent_DD.fits_cleaned.ar
06-08-2026 14:06 - WARNING - Time taken for PDMP run: 0:17:26.113777
06-08-2026 14:06 - WARNING - ------ PS2PDF ------
06-08-2026 14:06 - WARNING - ps2pdf_cmd1: singularity exec /home/dsp/singularity_imag/pschive_py3.sif  ps2pdf J0837+0610_61258.26_175MHz_type_0_GBD_DART.fits_cleaned.ar.ps J0837+0610_61258.26_175MHz_type_0_GBD_DART.fits_cleaned.ar.ps.pdf
06-08-2026 14:06 - WARNING - ps2pdf_cmd2: singularity exec /home/dsp/singularity_imag/pschive_py3.sif  ps2pdf J0837+0610_61258.26_175MHz_type_0_GBD_DART_stokes_Incoherent_DD.fits_cleaned.ar.ps J0837+0610_61258.26_175MHz_type_0_GBD_DART_stokes_Incoherent_DD.fits_cleaned.ar.ps.pdf
06-08-2026 14:06 - WARNING - Time taken for PDMP run: 0:00:02.039360
06-08-2026 14:06 - WARNING - Overall time taken for data reduction: 1:48:34.119076
06-08-2026 14:06 - WARNING - J0837+0610_2026_08_06_11_38_40_type_0.dada... file removed
06-08-2026 14:06 - WARNING - All done!
06-08-2026 14:06 --- PRESTO ---
06-08-2026 14:06 singularity_container: singularity exec /home/dsp/singularity_imag/pschive_py3.sif  
06-08-2026 14:06 Filterbank to Process for PULSAR: J0837+0610 with DM:59400 : J0837+0610_2026_08_06_11_38_40_type_0.dada_intensity.fits
06-08-2026 14:06 --- RFIFIND ---
06-08-2026 14:06 RFIFIND: singularity exec /home/dsp/singularity_imag/pschive_py3.sif   rfifind -time 2.0 -o J0837+0610 J0837+0610_2026_08_06_11_38_40_type_0.dada_intensity.fits
06-08-2026 14:07 --- PREPDATA ---
06-08-2026 14:07 PREPDATA: singularity exec /home/dsp/singularity_imag/pschive_py3.sif   prepdata -nobary -o J0837+0610_2026_08_06_11_38_40_type_0.dada_intensity.fits -dm 59400 -mask J0837+0610_rfifind.mask J0837+0610_2026_08_06_11_38_40_type_0.dada_intensity.fits
06-08-2026 14:08 --- REALFFT ---
06-08-2026 14:08 REALFFT: singularity exec /home/dsp/singularity_imag/pschive_py3.sif   realfft  J0837+0610_2026_08_06_11_38_40_type_0.dada_intensity.fits.dat
06-08-2026 14:08 --- ACCELSEARCH ---
06-08-2026 14:08 ACCELSEARCH: singularity exec /home/dsp/singularity_imag/pschive_py3.sif   accelsearch -numharm 8 -zmax 8  J0837+0610_2026_08_06_11_38_40_type_0.dada_intensity.fits.fft
06-08-2026 14:08 Observation Over.
