24-07-2026 12:29 Waiting for J0837+0610 observation...
24-07-2026 12:34 Observation started...
24-07-2026 12:34 Pulsar: J0837+0610 , parfile: /home/dsp/parfiles/J0837+0610.par , DM: 59400
24-07-2026 12:34 Trigger sent to obs. PC [VELA].
24-07-2026 13:08 Acquired 80.
24-07-2026 13:08 ACQ over.
24-07-2026 13:08 Removing Trigger file from remote machine 
24-07-2026 13:08 Observation stoped.
-rw------- 1 dsp dsp 2.0G Jul 24 12:29 /data/TRANSIENT_BUFFER/PDR_GULP_data002.pcap_24_07_2026_12_29_1784876399.PCAP_PDR
-rw------- 1 dsp dsp 2.0G Jul 24 12:30 /data/TRANSIENT_BUFFER/PDR_GULP_data000.pcap_24_07_2026_12_30_1784876428.PCAP_PDR
-rw------- 1 dsp dsp 2.0G Jul 24 12:30 /data/TRANSIENT_BUFFER/PDR_GULP_data001.pcap_24_07_2026_12_30_1784876457.PCAP_PDR
-rw------- 1 dsp dsp 2.0G Jul 24 12:31 /data/TRANSIENT_BUFFER/PDR_GULP_data002.pcap_24_07_2026_12_31_1784876486.PCAP_PDR
-rw------- 1 dsp dsp 2.0G Jul 24 12:31 /data/TRANSIENT_BUFFER/PDR_GULP_data000.pcap_24_07_2026_12_31_1784876515.PCAP_PDR
-rw------- 1 dsp dsp 2.0G Jul 24 12:32 /data/TRANSIENT_BUFFER/PDR_GULP_data001.pcap_24_07_2026_12_32_1784876545.PCAP_PDR
-rw------- 1 dsp dsp 2.0G Jul 24 12:32 /data/TRANSIENT_BUFFER/PDR_GULP_data002.pcap_24_07_2026_12_32_1784876574.PCAP_PDR
-rw------- 1 dsp dsp 2.0G Jul 24 12:33 /data/TRANSIENT_BUFFER/PDR_GULP_data000.pcap_24_07_2026_12_33_1784876603.PCAP_PDR
-rw------- 1 dsp dsp 2.0G Jul 24 12:33 /data/TRANSIENT_BUFFER/PDR_GULP_data001.pcap_24_07_2026_12_33_1784876632.PCAP_PDR
-rw------- 1 dsp dsp 2.0G Jul 24 12:34 /data/TRANSIENT_BUFFER/PDR_GULP_data002.pcap_24_07_2026_12_34_1784876662.PCAP_PDR
-rw------- 1 dsp dsp 2.0G Jul 24 12:34 /data/TRANSIENT_BUFFER/PDR_GULP_data000.pcap_24_07_2026_12_34_1784876691.PCAP_PDR
-rw------- 1 dsp dsp 2.0G Jul 24 12:35 /data/TRANSIENT_BUFFER/PDR_GULP_data001.pcap_24_07_2026_12_35_1784876720.PCAP_PDR
-rw------- 1 dsp dsp 2.0G Jul 24 12:35 /data/TRANSIENT_BUFFER/PDR_GULP_data002.pcap_24_07_2026_12_35_1784876749.PCAP_PDR
-rw------- 1 dsp dsp 2.0G Jul 24 12:36 /data/TRANSIENT_BUFFER/PDR_GULP_data000.pcap_24_07_2026_12_36_1784876778.PCAP_PDR
-rw------- 1 dsp dsp 2.0G Jul 24 12:36 /data/TRANSIENT_BUFFER/PDR_GULP_data001.pcap_24_07_2026_12_36_1784876808.PCAP_PDR
-rw------- 1 dsp dsp 2.0G Jul 24 12:37 /data/TRANSIENT_BUFFER/PDR_GULP_data002.pcap_24_07_2026_12_37_1784876837.PCAP_PDR
-rw------- 1 dsp dsp 2.0G Jul 24 12:37 /data/TRANSIENT_BUFFER/PDR_GULP_data000.pcap_24_07_2026_12_37_1784876866.PCAP_PDR
-rw------- 1 dsp dsp 2.0G Jul 24 12:38 /data/TRANSIENT_BUFFER/PDR_GULP_data001.pcap_24_07_2026_12_38_1784876895.PCAP_PDR
-rw------- 1 dsp dsp 2.0G Jul 24 12:38 /data/TRANSIENT_BUFFER/PDR_GULP_data002.pcap_24_07_2026_12_38_1784876924.PCAP_PDR
-rw------- 1 dsp dsp 2.0G Jul 24 12:39 /data/TRANSIENT_BUFFER/PDR_GULP_data000.pcap_24_07_2026_12_39_1784876954.PCAP_PDR
-rw------- 1 dsp dsp 2.0G Jul 24 12:39 /data/TRANSIENT_BUFFER/PDR_GULP_data001.pcap_24_07_2026_12_39_1784876983.PCAP_PDR
-rw------- 1 dsp dsp 2.0G Jul 24 12:40 /data/TRANSIENT_BUFFER/PDR_GULP_data002.pcap_24_07_2026_12_40_1784877012.PCAP_PDR
-rw------- 1 dsp dsp 2.0G Jul 24 12:40 /data/TRANSIENT_BUFFER/PDR_GULP_data000.pcap_24_07_2026_12_40_1784877041.PCAP_PDR
-rw------- 1 dsp dsp 2.0G Jul 24 12:41 /data/TRANSIENT_BUFFER/PDR_GULP_data001.pcap_24_07_2026_12_41_1784877070.PCAP_PDR
-rw------- 1 dsp dsp 2.0G Jul 24 12:41 /data/TRANSIENT_BUFFER/PDR_GULP_data002.pcap_24_07_2026_12_41_1784877100.PCAP_PDR
-rw------- 1 dsp dsp 2.0G Jul 24 12:42 /data/TRANSIENT_BUFFER/PDR_GULP_data000.pcap_24_07_2026_12_42_1784877129.PCAP_PDR
-rw------- 1 dsp dsp 2.0G Jul 24 12:42 /data/TRANSIENT_BUFFER/PDR_GULP_data001.pcap_24_07_2026_12_42_1784877158.PCAP_PDR
-rw------- 1 dsp dsp 2.0G Jul 24 12:43 /data/TRANSIENT_BUFFER/PDR_GULP_data002.pcap_24_07_2026_12_43_1784877187.PCAP_PDR
-rw------- 1 dsp dsp 2.0G Jul 24 12:43 /data/TRANSIENT_BUFFER/PDR_GULP_data000.pcap_24_07_2026_12_43_1784877216.PCAP_PDR
-rw------- 1 dsp dsp 2.0G Jul 24 12:44 /data/TRANSIENT_BUFFER/PDR_GULP_data001.pcap_24_07_2026_12_44_1784877246.PCAP_PDR
-rw------- 1 dsp dsp 2.0G Jul 24 12:44 /data/TRANSIENT_BUFFER/PDR_GULP_data002.pcap_24_07_2026_12_44_1784877275.PCAP_PDR
-rw------- 1 dsp dsp 2.0G Jul 24 12:45 /data/TRANSIENT_BUFFER/PDR_GULP_data000.pcap_24_07_2026_12_45_1784877304.PCAP_PDR
-rw------- 1 dsp dsp 2.0G Jul 24 12:45 /data/TRANSIENT_BUFFER/PDR_GULP_data001.pcap_24_07_2026_12_45_1784877333.PCAP_PDR
-rw------- 1 dsp dsp 2.0G Jul 24 12:46 /data/TRANSIENT_BUFFER/PDR_GULP_data002.pcap_24_07_2026_12_46_1784877363.PCAP_PDR
-rw------- 1 dsp dsp 2.0G Jul 24 12:46 /data/TRANSIENT_BUFFER/PDR_GULP_data000.pcap_24_07_2026_12_46_1784877392.PCAP_PDR
-rw------- 1 dsp dsp 2.0G Jul 24 12:46 /data/TRANSIENT_BUFFER/PDR_GULP_data001.pcap_24_07_2026_12_47_1784877421.PCAP_PDR
-rw------- 1 dsp dsp 2.0G Jul 24 12:47 /data/TRANSIENT_BUFFER/PDR_GULP_data002.pcap_24_07_2026_12_47_1784877450.PCAP_PDR
-rw------- 1 dsp dsp 2.0G Jul 24 12:47 /data/TRANSIENT_BUFFER/PDR_GULP_data000.pcap_24_07_2026_12_47_1784877479.PCAP_PDR
-rw------- 1 dsp dsp 2.0G Jul 24 12:48 /data/TRANSIENT_BUFFER/PDR_GULP_data001.pcap_24_07_2026_12_48_1784877509.PCAP_PDR
-rw------- 1 dsp dsp 2.0G Jul 24 12:48 /data/TRANSIENT_BUFFER/PDR_GULP_data002.pcap_24_07_2026_12_48_1784877538.PCAP_PDR
-rw------- 1 dsp dsp 2.0G Jul 24 12:49 /data/TRANSIENT_BUFFER/PDR_GULP_data000.pcap_24_07_2026_12_49_1784877567.PCAP_PDR
-rw------- 1 dsp dsp 2.0G Jul 24 12:49 /data/TRANSIENT_BUFFER/PDR_GULP_data001.pcap_24_07_2026_12_49_1784877596.PCAP_PDR
-rw------- 1 dsp dsp 2.0G Jul 24 12:50 /data/TRANSIENT_BUFFER/PDR_GULP_data002.pcap_24_07_2026_12_50_1784877625.PCAP_PDR
-rw------- 1 dsp dsp 2.0G Jul 24 12:50 /data/TRANSIENT_BUFFER/PDR_GULP_data000.pcap_24_07_2026_12_50_1784877655.PCAP_PDR
-rw------- 1 dsp dsp 2.0G Jul 24 12:51 /data/TRANSIENT_BUFFER/PDR_GULP_data001.pcap_24_07_2026_12_51_1784877684.PCAP_PDR
-rw------- 1 dsp dsp 2.0G Jul 24 12:51 /data/TRANSIENT_BUFFER/PDR_GULP_data002.pcap_24_07_2026_12_51_1784877713.PCAP_PDR
-rw------- 1 dsp dsp 2.0G Jul 24 12:52 /data/TRANSIENT_BUFFER/PDR_GULP_data000.pcap_24_07_2026_12_52_1784877742.PCAP_PDR
-rw------- 1 dsp dsp 2.0G Jul 24 12:52 /data/TRANSIENT_BUFFER/PDR_GULP_data001.pcap_24_07_2026_12_52_1784877771.PCAP_PDR
-rw------- 1 dsp dsp 2.0G Jul 24 12:53 /data/TRANSIENT_BUFFER/PDR_GULP_data002.pcap_24_07_2026_12_53_1784877801.PCAP_PDR
-rw------- 1 dsp dsp 2.0G Jul 24 12:53 /data/TRANSIENT_BUFFER/PDR_GULP_data000.pcap_24_07_2026_12_53_1784877830.PCAP_PDR
-rw------- 1 dsp dsp 2.0G Jul 24 12:54 /data/TRANSIENT_BUFFER/PDR_GULP_data001.pcap_24_07_2026_12_54_1784877859.PCAP_PDR
-rw------- 1 dsp dsp 2.0G Jul 24 12:54 /data/TRANSIENT_BUFFER/PDR_GULP_data002.pcap_24_07_2026_12_54_1784877888.PCAP_PDR
-rw------- 1 dsp dsp 2.0G Jul 24 12:55 /data/TRANSIENT_BUFFER/PDR_GULP_data000.pcap_24_07_2026_12_55_1784877917.PCAP_PDR
-rw------- 1 dsp dsp 2.0G Jul 24 12:55 /data/TRANSIENT_BUFFER/PDR_GULP_data001.pcap_24_07_2026_12_55_1784877947.PCAP_PDR
-rw------- 1 dsp dsp 2.0G Jul 24 12:56 /data/TRANSIENT_BUFFER/PDR_GULP_data002.pcap_24_07_2026_12_56_1784877976.PCAP_PDR
-rw------- 1 dsp dsp 2.0G Jul 24 12:56 /data/TRANSIENT_BUFFER/PDR_GULP_data000.pcap_24_07_2026_12_56_1784878005.PCAP_PDR
-rw------- 1 dsp dsp 2.0G Jul 24 12:57 /data/TRANSIENT_BUFFER/PDR_GULP_data001.pcap_24_07_2026_12_57_1784878034.PCAP_PDR
-rw------- 1 dsp dsp 2.0G Jul 24 12:57 /data/TRANSIENT_BUFFER/PDR_GULP_data002.pcap_24_07_2026_12_57_1784878063.PCAP_PDR
-rw------- 1 dsp dsp 2.0G Jul 24 12:58 /data/TRANSIENT_BUFFER/PDR_GULP_data000.pcap_24_07_2026_12_58_1784878093.PCAP_PDR
-rw------- 1 dsp dsp 2.0G Jul 24 12:58 /data/TRANSIENT_BUFFER/PDR_GULP_data001.pcap_24_07_2026_12_58_1784878122.PCAP_PDR
-rw------- 1 dsp dsp 2.0G Jul 24 12:59 /data/TRANSIENT_BUFFER/PDR_GULP_data002.pcap_24_07_2026_12_59_1784878151.PCAP_PDR
-rw------- 1 dsp dsp 2.0G Jul 24 12:59 /data/TRANSIENT_BUFFER/PDR_GULP_data000.pcap_24_07_2026_12_59_1784878180.PCAP_PDR
-rw------- 1 dsp dsp 2.0G Jul 24 13:00 /data/TRANSIENT_BUFFER/PDR_GULP_data001.pcap_24_07_2026_13_00_1784878210.PCAP_PDR
-rw------- 1 dsp dsp 2.0G Jul 24 13:00 /data/TRANSIENT_BUFFER/PDR_GULP_data002.pcap_24_07_2026_13_00_1784878239.PCAP_PDR
-rw------- 1 dsp dsp 2.0G Jul 24 13:01 /data/TRANSIENT_BUFFER/PDR_GULP_data000.pcap_24_07_2026_13_01_1784878268.PCAP_PDR
-rw------- 1 dsp dsp 2.0G Jul 24 13:01 /data/TRANSIENT_BUFFER/PDR_GULP_data001.pcap_24_07_2026_13_01_1784878297.PCAP_PDR
-rw------- 1 dsp dsp 2.0G Jul 24 13:02 /data/TRANSIENT_BUFFER/PDR_GULP_data002.pcap_24_07_2026_13_02_1784878326.PCAP_PDR
-rw------- 1 dsp dsp 2.0G Jul 24 13:02 /data/TRANSIENT_BUFFER/PDR_GULP_data000.pcap_24_07_2026_13_02_1784878356.PCAP_PDR
-rw------- 1 dsp dsp 2.0G Jul 24 13:03 /data/TRANSIENT_BUFFER/PDR_GULP_data001.pcap_24_07_2026_13_03_1784878385.PCAP_PDR
-rw------- 1 dsp dsp 2.0G Jul 24 13:03 /data/TRANSIENT_BUFFER/PDR_GULP_data002.pcap_24_07_2026_13_03_1784878414.PCAP_PDR
-rw------- 1 dsp dsp 2.0G Jul 24 13:04 /data/TRANSIENT_BUFFER/PDR_GULP_data000.pcap_24_07_2026_13_04_1784878443.PCAP_PDR
-rw------- 1 dsp dsp 2.0G Jul 24 13:04 /data/TRANSIENT_BUFFER/PDR_GULP_data001.pcap_24_07_2026_13_04_1784878472.PCAP_PDR
-rw------- 1 dsp dsp 2.0G Jul 24 13:04 /data/TRANSIENT_BUFFER/PDR_GULP_data002.pcap_24_07_2026_13_05_1784878502.PCAP_PDR
-rw------- 1 dsp dsp 2.0G Jul 24 13:05 /data/TRANSIENT_BUFFER/PDR_GULP_data000.pcap_24_07_2026_13_05_1784878531.PCAP_PDR
-rw------- 1 dsp dsp 2.0G Jul 24 13:05 /data/TRANSIENT_BUFFER/PDR_GULP_data001.pcap_24_07_2026_13_06_1784878560.PCAP_PDR
-rw------- 1 dsp dsp 2.0G Jul 24 13:06 /data/TRANSIENT_BUFFER/PDR_GULP_data002.pcap_24_07_2026_13_06_1784878589.PCAP_PDR
-rw------- 1 dsp dsp 2.0G Jul 24 13:06 /data/TRANSIENT_BUFFER/PDR_GULP_data000.pcap_24_07_2026_13_06_1784878618.PCAP_PDR
-rw------- 1 dsp dsp 2.0G Jul 24 13:07 /data/TRANSIENT_BUFFER/PDR_GULP_data001.pcap_24_07_2026_13_07_1784878648.PCAP_PDR
-rw------- 1 dsp dsp 2.0G Jul 24 13:07 /data/TRANSIENT_BUFFER/PDR_GULP_data002.pcap_24_07_2026_13_07_1784878677.PCAP_PDR
-rw------- 1 dsp dsp 2.0G Jul 24 13:08 /data/TRANSIENT_BUFFER/PDR_GULP_data000.pcap_24_07_2026_13_08_1784878706.PCAP_PDR
24-07-2026 13:08 RAW PCAP data moved from Transient Buffer.
24-07-2026 13:08 SLIP check Started ...
24-07-2026 13:08 - WARNING - Data Directory: /data/dsp/GBD_TRANSIENT_BUFFER/J0837+0610/24_07_2026
24-07-2026 13:08 - WARNING - Number of Files: 80
24-07-2026 13:08 - WARNING - No packet loss: /data/dsp/GBD_TRANSIENT_BUFFER/J0837+0610/24_07_2026/PDR_GULP_data002.pcap_24_07_2026_12_29_1784876399.PCAP_PDR
24-07-2026 13:08 - WARNING - first_pkt_count, first_gps_count, first_pkt_Tstamp
24-07-2026 13:08 - WARNING - 67150834 2142 2026-07-24T06:59:26.931306
24-07-2026 13:08 - WARNING - last_pkt_count, last_gps_count, last_pkt_Tstamp
24-07-2026 13:08 - WARNING - 69033375 2172 2026-07-24T06:59:56.139230
24-07-2026 13:08 - WARNING - diff_pkt_count  , diff_gps_count ,  diff_pkt_timstamp
24-07-2026 13:08 - WARNING - 1882541 30 29207924 microseconds
24-07-2026 13:08 - WARNING - No packet loss: /data/dsp/GBD_TRANSIENT_BUFFER/J0837+0610/24_07_2026/PDR_GULP_data000.pcap_24_07_2026_12_30_1784876428.PCAP_PDR
24-07-2026 13:08 - WARNING - first_pkt_count, first_gps_count, first_pkt_Tstamp
24-07-2026 13:08 - WARNING - 69033376 2172 2026-07-24T06:59:56.139230
24-07-2026 13:08 - WARNING - last_pkt_count, last_gps_count, last_pkt_Tstamp
24-07-2026 13:08 - WARNING - 70915917 2201 2026-07-24T07:00:25.347198
24-07-2026 13:08 - WARNING - diff_pkt_count  , diff_gps_count ,  diff_pkt_timstamp
24-07-2026 13:08 - WARNING - 1882541 29 29207968 microseconds
24-07-2026 13:08 - WARNING - No packet loss: /data/dsp/GBD_TRANSIENT_BUFFER/J0837+0610/24_07_2026/PDR_GULP_data001.pcap_24_07_2026_12_30_1784876457.PCAP_PDR
24-07-2026 13:08 - WARNING - first_pkt_count, first_gps_count, first_pkt_Tstamp
24-07-2026 13:08 - WARNING - 70915918 2201 2026-07-24T07:00:25.347279
24-07-2026 13:08 - WARNING - last_pkt_count, last_gps_count, last_pkt_Tstamp
24-07-2026 13:08 - WARNING - 72798460 2230 2026-07-24T07:00:54.555221
24-07-2026 13:08 - WARNING - diff_pkt_count  , diff_gps_count ,  diff_pkt_timstamp
24-07-2026 13:08 - WARNING - 1882542 29 29207942 microseconds
24-07-2026 13:08 - WARNING - No packet loss: /data/dsp/GBD_TRANSIENT_BUFFER/J0837+0610/24_07_2026/PDR_GULP_data002.pcap_24_07_2026_12_31_1784876486.PCAP_PDR
24-07-2026 13:08 - WARNING - first_pkt_count, first_gps_count, first_pkt_Tstamp
24-07-2026 13:08 - WARNING - 72798461 2230 2026-07-24T07:00:54.555222
24-07-2026 13:08 - WARNING - last_pkt_count, last_gps_count, last_pkt_Tstamp
24-07-2026 13:08 - WARNING - 74681002 2259 2026-07-24T07:01:23.763096
24-07-2026 13:08 - WARNING - diff_pkt_count  , diff_gps_count ,  diff_pkt_timstamp
24-07-2026 13:08 - WARNING - 1882541 29 29207874 microseconds
24-07-2026 13:08 - WARNING - No packet loss: /data/dsp/GBD_TRANSIENT_BUFFER/J0837+0610/24_07_2026/PDR_GULP_data000.pcap_24_07_2026_12_31_1784876515.PCAP_PDR
24-07-2026 13:08 - WARNING - first_pkt_count, first_gps_count, first_pkt_Tstamp
24-07-2026 13:08 - WARNING - 74681003 2259 2026-07-24T07:01:23.763188
24-07-2026 13:08 - WARNING - last_pkt_count, last_gps_count, last_pkt_Tstamp
24-07-2026 13:08 - WARNING - 76563544 2288 2026-07-24T07:01:52.971112
24-07-2026 13:08 - WARNING - diff_pkt_count  , diff_gps_count ,  diff_pkt_timstamp
24-07-2026 13:08 - WARNING - 1882541 29 29207924 microseconds
24-07-2026 13:08 - WARNING - No packet loss: /data/dsp/GBD_TRANSIENT_BUFFER/J0837+0610/24_07_2026/PDR_GULP_data001.pcap_24_07_2026_12_32_1784876545.PCAP_PDR
24-07-2026 13:08 - WARNING - first_pkt_count, first_gps_count, first_pkt_Tstamp
24-07-2026 13:08 - WARNING - 76563545 2288 2026-07-24T07:01:52.971112
24-07-2026 13:08 - WARNING - last_pkt_count, last_gps_count, last_pkt_Tstamp
24-07-2026 13:08 - WARNING - 78446086 2318 2026-07-24T07:02:22.179225
24-07-2026 13:08 - WARNING - diff_pkt_count  , diff_gps_count ,  diff_pkt_timstamp
24-07-2026 13:08 - WARNING - 1882541 30 29208113 microseconds
24-07-2026 13:08 - WARNING - No packet loss: /data/dsp/GBD_TRANSIENT_BUFFER/J0837+0610/24_07_2026/PDR_GULP_data002.pcap_24_07_2026_12_32_1784876574.PCAP_PDR
24-07-2026 13:08 - WARNING - first_pkt_count, first_gps_count, first_pkt_Tstamp
24-07-2026 13:08 - WARNING - 78446087 2318 2026-07-24T07:02:22.179225
24-07-2026 13:08 - WARNING - last_pkt_count, last_gps_count, last_pkt_Tstamp
24-07-2026 13:08 - WARNING - 80328628 2347 2026-07-24T07:02:51.387357
24-07-2026 13:08 - WARNING - diff_pkt_count  , diff_gps_count ,  diff_pkt_timstamp
24-07-2026 13:08 - WARNING - 1882541 29 29208132 microseconds
24-07-2026 13:08 - WARNING - No packet loss: /data/dsp/GBD_TRANSIENT_BUFFER/J0837+0610/24_07_2026/PDR_GULP_data000.pcap_24_07_2026_12_33_1784876603.PCAP_PDR
24-07-2026 13:08 - WARNING - first_pkt_count, first_gps_count, first_pkt_Tstamp
24-07-2026 13:08 - WARNING - 80328629 2347 2026-07-24T07:02:51.387358
24-07-2026 13:08 - WARNING - last_pkt_count, last_gps_count, last_pkt_Tstamp
24-07-2026 13:08 - WARNING - 82211170 2376 2026-07-24T07:03:20.595424
24-07-2026 13:08 - WARNING - diff_pkt_count  , diff_gps_count ,  diff_pkt_timstamp
24-07-2026 13:08 - WARNING - 1882541 29 29208066 microseconds
24-07-2026 13:08 - WARNING - No packet loss: /data/dsp/GBD_TRANSIENT_BUFFER/J0837+0610/24_07_2026/PDR_GULP_data001.pcap_24_07_2026_12_33_1784876632.PCAP_PDR
24-07-2026 13:08 - WARNING - first_pkt_count, first_gps_count, first_pkt_Tstamp
24-07-2026 13:08 - WARNING - 82211171 2376 2026-07-24T07:03:20.595425
24-07-2026 13:08 - WARNING - last_pkt_count, last_gps_count, last_pkt_Tstamp
24-07-2026 13:08 - WARNING - 84093713 2405 2026-07-24T07:03:49.803525
24-07-2026 13:08 - WARNING - diff_pkt_count  , diff_gps_count ,  diff_pkt_timstamp
24-07-2026 13:08 - WARNING - 1882542 29 29208100 microseconds
24-07-2026 13:08 - WARNING - No packet loss: /data/dsp/GBD_TRANSIENT_BUFFER/J0837+0610/24_07_2026/PDR_GULP_data002.pcap_24_07_2026_12_34_1784876662.PCAP_PDR
24-07-2026 13:08 - WARNING - first_pkt_count, first_gps_count, first_pkt_Tstamp
24-07-2026 13:08 - WARNING - 84093714 2405 2026-07-24T07:03:49.803617
24-07-2026 13:08 - WARNING - last_pkt_count, last_gps_count, last_pkt_Tstamp
24-07-2026 13:08 - WARNING - 85976255 2435 2026-07-24T07:04:19.011627
24-07-2026 13:08 - WARNING - diff_pkt_count  , diff_gps_count ,  diff_pkt_timstamp
24-07-2026 13:08 - WARNING - 1882541 30 29208010 microseconds
24-07-2026 13:08 - WARNING - No packet loss: /data/dsp/GBD_TRANSIENT_BUFFER/J0837+0610/24_07_2026/PDR_GULP_data000.pcap_24_07_2026_12_34_1784876691.PCAP_PDR
24-07-2026 13:08 - WARNING - first_pkt_count, first_gps_count, first_pkt_Tstamp
24-07-2026 13:08 - WARNING - 85976256 2435 2026-07-24T07:04:19.011628
24-07-2026 13:08 - WARNING - last_pkt_count, last_gps_count, last_pkt_Tstamp
24-07-2026 13:08 - WARNING - 87858797 2464 2026-07-24T07:04:48.219728
24-07-2026 13:08 - WARNING - diff_pkt_count  , diff_gps_count ,  diff_pkt_timstamp
24-07-2026 13:08 - WARNING - 1882541 29 29208100 microseconds
24-07-2026 13:08 - WARNING - No packet loss: /data/dsp/GBD_TRANSIENT_BUFFER/J0837+0610/24_07_2026/PDR_GULP_data001.pcap_24_07_2026_12_35_1784876720.PCAP_PDR
24-07-2026 13:08 - WARNING - first_pkt_count, first_gps_count, first_pkt_Tstamp
24-07-2026 13:08 - WARNING - 87858798 2464 2026-07-24T07:04:48.219728
24-07-2026 13:08 - WARNING - last_pkt_count, last_gps_count, last_pkt_Tstamp
24-07-2026 13:08 - WARNING - 89741339 2493 2026-07-24T07:05:17.427784
24-07-2026 13:08 - WARNING - diff_pkt_count  , diff_gps_count ,  diff_pkt_timstamp
24-07-2026 13:08 - WARNING - 1882541 29 29208056 microseconds
24-07-2026 13:08 - WARNING - No packet loss: /data/dsp/GBD_TRANSIENT_BUFFER/J0837+0610/24_07_2026/PDR_GULP_data002.pcap_24_07_2026_12_35_1784876749.PCAP_PDR
24-07-2026 13:08 - WARNING - first_pkt_count, first_gps_count, first_pkt_Tstamp
24-07-2026 13:08 - WARNING - 89741340 2493 2026-07-24T07:05:17.427784
24-07-2026 13:08 - WARNING - last_pkt_count, last_gps_count, last_pkt_Tstamp
24-07-2026 13:08 - WARNING - 91623881 2522 2026-07-24T07:05:46.635858
24-07-2026 13:08 - WARNING - diff_pkt_count  , diff_gps_count ,  diff_pkt_timstamp
24-07-2026 13:08 - WARNING - 1882541 29 29208074 microseconds
24-07-2026 13:08 - WARNING - No packet loss: /data/dsp/GBD_TRANSIENT_BUFFER/J0837+0610/24_07_2026/PDR_GULP_data000.pcap_24_07_2026_12_36_1784876778.PCAP_PDR
24-07-2026 13:08 - WARNING - first_pkt_count, first_gps_count, first_pkt_Tstamp
24-07-2026 13:08 - WARNING - 91623882 2522 2026-07-24T07:05:46.635858
24-07-2026 13:08 - WARNING - last_pkt_count, last_gps_count, last_pkt_Tstamp
24-07-2026 13:08 - WARNING - 93506423 2551 2026-07-24T07:06:15.843894
24-07-2026 13:08 - WARNING - diff_pkt_count  , diff_gps_count ,  diff_pkt_timstamp
24-07-2026 13:08 - WARNING - 1882541 29 29208036 microseconds
24-07-2026 13:08 - WARNING - No packet loss: /data/dsp/GBD_TRANSIENT_BUFFER/J0837+0610/24_07_2026/PDR_GULP_data001.pcap_24_07_2026_12_36_1784876808.PCAP_PDR
24-07-2026 13:08 - WARNING - first_pkt_count, first_gps_count, first_pkt_Tstamp
24-07-2026 13:08 - WARNING - 93506424 2551 2026-07-24T07:06:15.843895
24-07-2026 13:08 - WARNING - last_pkt_count, last_gps_count, last_pkt_Tstamp
24-07-2026 13:08 - WARNING - 95388966 2581 2026-07-24T07:06:45.051967
24-07-2026 13:08 - WARNING - diff_pkt_count  , diff_gps_count ,  diff_pkt_timstamp
24-07-2026 13:08 - WARNING - 1882542 30 29208072 microseconds
24-07-2026 13:08 - WARNING - No packet loss: /data/dsp/GBD_TRANSIENT_BUFFER/J0837+0610/24_07_2026/PDR_GULP_data002.pcap_24_07_2026_12_37_1784876837.PCAP_PDR
24-07-2026 13:08 - WARNING - first_pkt_count, first_gps_count, first_pkt_Tstamp
24-07-2026 13:08 - WARNING - 95388967 2581 2026-07-24T07:06:45.051967
24-07-2026 13:08 - WARNING - last_pkt_count, last_gps_count, last_pkt_Tstamp
24-07-2026 13:08 - WARNING - 97271508 2610 2026-07-24T07:07:14.259990
24-07-2026 13:08 - WARNING - diff_pkt_count  , diff_gps_count ,  diff_pkt_timstamp
24-07-2026 13:08 - WARNING - 1882541 29 29208023 microseconds
24-07-2026 13:08 - WARNING - No packet loss: /data/dsp/GBD_TRANSIENT_BUFFER/J0837+0610/24_07_2026/PDR_GULP_data000.pcap_24_07_2026_12_37_1784876866.PCAP_PDR
24-07-2026 13:08 - WARNING - first_pkt_count, first_gps_count, first_pkt_Tstamp
24-07-2026 13:08 - WARNING - 97271509 2610 2026-07-24T07:07:14.260043
24-07-2026 13:08 - WARNING - last_pkt_count, last_gps_count, last_pkt_Tstamp
24-07-2026 13:08 - WARNING - 99154050 2639 2026-07-24T07:07:43.468056
24-07-2026 13:08 - WARNING - diff_pkt_count  , diff_gps_count ,  diff_pkt_timstamp
24-07-2026 13:08 - WARNING - 1882541 29 29208013 microseconds
24-07-2026 13:08 - WARNING - No packet loss: /data/dsp/GBD_TRANSIENT_BUFFER/J0837+0610/24_07_2026/PDR_GULP_data001.pcap_24_07_2026_12_38_1784876895.PCAP_PDR
24-07-2026 13:08 - WARNING - first_pkt_count, first_gps_count, first_pkt_Tstamp
24-07-2026 13:08 - WARNING - 99154051 2639 2026-07-24T07:07:43.468056
24-07-2026 13:08 - WARNING - last_pkt_count, last_gps_count, last_pkt_Tstamp
24-07-2026 13:08 - WARNING - 101036592 2668 2026-07-24T07:08:12.676068
24-07-2026 13:08 - WARNING - diff_pkt_count  , diff_gps_count ,  diff_pkt_timstamp
24-07-2026 13:08 - WARNING - 1882541 29 29208012 microseconds
24-07-2026 13:08 - WARNING - No packet loss: /data/dsp/GBD_TRANSIENT_BUFFER/J0837+0610/24_07_2026/PDR_GULP_data002.pcap_24_07_2026_12_38_1784876924.PCAP_PDR
24-07-2026 13:08 - WARNING - first_pkt_count, first_gps_count, first_pkt_Tstamp
24-07-2026 13:08 - WARNING - 101036593 2668 2026-07-24T07:08:12.676121
24-07-2026 13:08 - WARNING - last_pkt_count, last_gps_count, last_pkt_Tstamp
24-07-2026 13:08 - WARNING - 102919134 2697 2026-07-24T07:08:41.884107
24-07-2026 13:08 - WARNING - diff_pkt_count  , diff_gps_count ,  diff_pkt_timstamp
24-07-2026 13:08 - WARNING - 1882541 29 29207986 microseconds
24-07-2026 13:08 - WARNING - No packet loss: /data/dsp/GBD_TRANSIENT_BUFFER/J0837+0610/24_07_2026/PDR_GULP_data000.pcap_24_07_2026_12_39_1784876954.PCAP_PDR
24-07-2026 13:08 - WARNING - first_pkt_count, first_gps_count, first_pkt_Tstamp
24-07-2026 13:08 - WARNING - 102919135 2697 2026-07-24T07:08:41.884163
24-07-2026 13:08 - WARNING - last_pkt_count, last_gps_count, last_pkt_Tstamp
24-07-2026 13:08 - WARNING - 104801676 2727 2026-07-24T07:09:11.092161
24-07-2026 13:08 - WARNING - diff_pkt_count  , diff_gps_count ,  diff_pkt_timstamp
24-07-2026 13:08 - WARNING - 1882541 30 29207998 microseconds
24-07-2026 13:08 - WARNING - No packet loss: /data/dsp/GBD_TRANSIENT_BUFFER/J0837+0610/24_07_2026/PDR_GULP_data001.pcap_24_07_2026_12_39_1784876983.PCAP_PDR
24-07-2026 13:08 - WARNING - first_pkt_count, first_gps_count, first_pkt_Tstamp
24-07-2026 13:08 - WARNING - 104801677 2727 2026-07-24T07:09:11.092161
24-07-2026 13:08 - WARNING - last_pkt_count, last_gps_count, last_pkt_Tstamp
24-07-2026 13:08 - WARNING - 106684219 2756 2026-07-24T07:09:40.300188
24-07-2026 13:08 - WARNING - diff_pkt_count  , diff_gps_count ,  diff_pkt_timstamp
24-07-2026 13:08 - WARNING - 1882542 29 29208027 microseconds
24-07-2026 13:08 - WARNING - No packet loss: /data/dsp/GBD_TRANSIENT_BUFFER/J0837+0610/24_07_2026/PDR_GULP_data002.pcap_24_07_2026_12_40_1784877012.PCAP_PDR
24-07-2026 13:08 - WARNING - first_pkt_count, first_gps_count, first_pkt_Tstamp
24-07-2026 13:08 - WARNING - 106684220 2756 2026-07-24T07:09:40.300188
24-07-2026 13:08 - WARNING - last_pkt_count, last_gps_count, last_pkt_Tstamp
24-07-2026 13:08 - WARNING - 108566761 2785 2026-07-24T07:10:09.508171
24-07-2026 13:08 - WARNING - diff_pkt_count  , diff_gps_count ,  diff_pkt_timstamp
24-07-2026 13:08 - WARNING - 1882541 29 29207983 microseconds
24-07-2026 13:08 - WARNING - No packet loss: /data/dsp/GBD_TRANSIENT_BUFFER/J0837+0610/24_07_2026/PDR_GULP_data000.pcap_24_07_2026_12_40_1784877041.PCAP_PDR
24-07-2026 13:08 - WARNING - first_pkt_count, first_gps_count, first_pkt_Tstamp
24-07-2026 13:08 - WARNING - 108566762 2785 2026-07-24T07:10:09.508224
24-07-2026 13:08 - WARNING - last_pkt_count, last_gps_count, last_pkt_Tstamp
24-07-2026 13:08 - WARNING - 110449303 2814 2026-07-24T07:10:38.716194
24-07-2026 13:08 - WARNING - diff_pkt_count  , diff_gps_count ,  diff_pkt_timstamp
24-07-2026 13:08 - WARNING - 1882541 29 29207970 microseconds
24-07-2026 13:08 - WARNING - No packet loss: /data/dsp/GBD_TRANSIENT_BUFFER/J0837+0610/24_07_2026/PDR_GULP_data001.pcap_24_07_2026_12_41_1784877070.PCAP_PDR
24-07-2026 13:08 - WARNING - first_pkt_count, first_gps_count, first_pkt_Tstamp
24-07-2026 13:08 - WARNING - 110449304 2814 2026-07-24T07:10:38.716248
24-07-2026 13:08 - WARNING - last_pkt_count, last_gps_count, last_pkt_Tstamp
24-07-2026 13:08 - WARNING - 112331845 2843 2026-07-24T07:11:07.924216
24-07-2026 13:08 - WARNING - diff_pkt_count  , diff_gps_count ,  diff_pkt_timstamp
24-07-2026 13:08 - WARNING - 1882541 29 29207968 microseconds
24-07-2026 13:08 - WARNING - No packet loss: /data/dsp/GBD_TRANSIENT_BUFFER/J0837+0610/24_07_2026/PDR_GULP_data002.pcap_24_07_2026_12_41_1784877100.PCAP_PDR
24-07-2026 13:08 - WARNING - first_pkt_count, first_gps_count, first_pkt_Tstamp
24-07-2026 13:08 - WARNING - 112331846 2843 2026-07-24T07:11:07.924216
24-07-2026 13:08 - WARNING - last_pkt_count, last_gps_count, last_pkt_Tstamp
24-07-2026 13:08 - WARNING - 114214387 2873 2026-07-24T07:11:37.132265
24-07-2026 13:08 - WARNING - diff_pkt_count  , diff_gps_count ,  diff_pkt_timstamp
24-07-2026 13:08 - WARNING - 1882541 30 29208049 microseconds
24-07-2026 13:08 - WARNING - No packet loss: /data/dsp/GBD_TRANSIENT_BUFFER/J0837+0610/24_07_2026/PDR_GULP_data000.pcap_24_07_2026_12_42_1784877129.PCAP_PDR
24-07-2026 13:08 - WARNING - first_pkt_count, first_gps_count, first_pkt_Tstamp
24-07-2026 13:08 - WARNING - 114214388 2873 2026-07-24T07:11:37.132265
24-07-2026 13:08 - WARNING - last_pkt_count, last_gps_count, last_pkt_Tstamp
24-07-2026 13:08 - WARNING - 116096929 2902 2026-07-24T07:12:06.340231
24-07-2026 13:08 - WARNING - diff_pkt_count  , diff_gps_count ,  diff_pkt_timstamp
24-07-2026 13:08 - WARNING - 1882541 29 29207966 microseconds
24-07-2026 13:08 - WARNING - No packet loss: /data/dsp/GBD_TRANSIENT_BUFFER/J0837+0610/24_07_2026/PDR_GULP_data001.pcap_24_07_2026_12_42_1784877158.PCAP_PDR
24-07-2026 13:08 - WARNING - first_pkt_count, first_gps_count, first_pkt_Tstamp
24-07-2026 13:08 - WARNING - 116096930 2902 2026-07-24T07:12:06.340231
24-07-2026 13:08 - WARNING - last_pkt_count, last_gps_count, last_pkt_Tstamp
24-07-2026 13:08 - WARNING - 117979472 2931 2026-07-24T07:12:35.548243
24-07-2026 13:08 - WARNING - diff_pkt_count  , diff_gps_count ,  diff_pkt_timstamp
24-07-2026 13:08 - WARNING - 1882542 29 29208012 microseconds
24-07-2026 13:08 - WARNING - No packet loss: /data/dsp/GBD_TRANSIENT_BUFFER/J0837+0610/24_07_2026/PDR_GULP_data002.pcap_24_07_2026_12_43_1784877187.PCAP_PDR
24-07-2026 13:08 - WARNING - first_pkt_count, first_gps_count, first_pkt_Tstamp
24-07-2026 13:08 - WARNING - 117979473 2931 2026-07-24T07:12:35.548243
24-07-2026 13:08 - WARNING - last_pkt_count, last_gps_count, last_pkt_Tstamp
24-07-2026 13:08 - WARNING - 119862014 2960 2026-07-24T07:13:04.756221
24-07-2026 13:08 - WARNING - diff_pkt_count  , diff_gps_count ,  diff_pkt_timstamp
24-07-2026 13:08 - WARNING - 1882541 29 29207978 microseconds
24-07-2026 13:08 - WARNING - No packet loss: /data/dsp/GBD_TRANSIENT_BUFFER/J0837+0610/24_07_2026/PDR_GULP_data000.pcap_24_07_2026_12_43_1784877216.PCAP_PDR
24-07-2026 13:08 - WARNING - first_pkt_count, first_gps_count, first_pkt_Tstamp
24-07-2026 13:08 - WARNING - 119862015 2960 2026-07-24T07:13:04.756221
24-07-2026 13:08 - WARNING - last_pkt_count, last_gps_count, last_pkt_Tstamp
24-07-2026 13:08 - WARNING - 121744556 2989 2026-07-24T07:13:33.964245
24-07-2026 13:08 - WARNING - diff_pkt_count  , diff_gps_count ,  diff_pkt_timstamp
24-07-2026 13:08 - WARNING - 1882541 29 29208024 microseconds
24-07-2026 13:08 - WARNING - No packet loss: /data/dsp/GBD_TRANSIENT_BUFFER/J0837+0610/24_07_2026/PDR_GULP_data001.pcap_24_07_2026_12_44_1784877246.PCAP_PDR
24-07-2026 13:08 - WARNING - first_pkt_count, first_gps_count, first_pkt_Tstamp
24-07-2026 13:08 - WARNING - 121744557 2989 2026-07-24T07:13:33.964245
24-07-2026 13:08 - WARNING - last_pkt_count, last_gps_count, last_pkt_Tstamp
24-07-2026 13:08 - WARNING - 123627098 3019 2026-07-24T07:14:03.172229
24-07-2026 13:08 - WARNING - diff_pkt_count  , diff_gps_count ,  diff_pkt_timstamp
24-07-2026 13:08 - WARNING - 1882541 30 29207984 microseconds
24-07-2026 13:08 - WARNING - No packet loss: /data/dsp/GBD_TRANSIENT_BUFFER/J0837+0610/24_07_2026/PDR_GULP_data002.pcap_24_07_2026_12_44_1784877275.PCAP_PDR
24-07-2026 13:08 - WARNING - first_pkt_count, first_gps_count, first_pkt_Tstamp
24-07-2026 13:08 - WARNING - 123627099 3019 2026-07-24T07:14:03.172230
24-07-2026 13:08 - WARNING - last_pkt_count, last_gps_count, last_pkt_Tstamp
24-07-2026 13:08 - WARNING - 125509640 3048 2026-07-24T07:14:32.380209
24-07-2026 13:08 - WARNING - diff_pkt_count  , diff_gps_count ,  diff_pkt_timstamp
24-07-2026 13:08 - WARNING - 1882541 29 29207979 microseconds
24-07-2026 13:08 - WARNING - No packet loss: /data/dsp/GBD_TRANSIENT_BUFFER/J0837+0610/24_07_2026/PDR_GULP_data000.pcap_24_07_2026_12_45_1784877304.PCAP_PDR
24-07-2026 13:08 - WARNING - first_pkt_count, first_gps_count, first_pkt_Tstamp
24-07-2026 13:08 - WARNING - 125509641 3048 2026-07-24T07:14:32.380209
24-07-2026 13:08 - WARNING - last_pkt_count, last_gps_count, last_pkt_Tstamp
24-07-2026 13:08 - WARNING - 127392182 3077 2026-07-24T07:15:01.588174
24-07-2026 13:08 - WARNING - diff_pkt_count  , diff_gps_count ,  diff_pkt_timstamp
24-07-2026 13:08 - WARNING - 1882541 29 29207965 microseconds
24-07-2026 13:08 - WARNING - No packet loss: /data/dsp/GBD_TRANSIENT_BUFFER/J0837+0610/24_07_2026/PDR_GULP_data001.pcap_24_07_2026_12_45_1784877333.PCAP_PDR
24-07-2026 13:08 - WARNING - first_pkt_count, first_gps_count, first_pkt_Tstamp
24-07-2026 13:08 - WARNING - 127392183 3077 2026-07-24T07:15:01.588226
24-07-2026 13:08 - WARNING - last_pkt_count, last_gps_count, last_pkt_Tstamp
24-07-2026 13:08 - WARNING - 129274725 3106 2026-07-24T07:15:30.796167
24-07-2026 13:08 - WARNING - diff_pkt_count  , diff_gps_count ,  diff_pkt_timstamp
24-07-2026 13:08 - WARNING - 1882542 29 29207941 microseconds
24-07-2026 13:08 - WARNING - No packet loss: /data/dsp/GBD_TRANSIENT_BUFFER/J0837+0610/24_07_2026/PDR_GULP_data002.pcap_24_07_2026_12_46_1784877363.PCAP_PDR
24-07-2026 13:08 - WARNING - first_pkt_count, first_gps_count, first_pkt_Tstamp
24-07-2026 13:08 - WARNING - 129274726 3106 2026-07-24T07:15:30.796220
24-07-2026 13:08 - WARNING - last_pkt_count, last_gps_count, last_pkt_Tstamp
24-07-2026 13:08 - WARNING - 131157267 3135 2026-07-24T07:16:00.004214
24-07-2026 13:08 - WARNING - diff_pkt_count  , diff_gps_count ,  diff_pkt_timstamp
24-07-2026 13:08 - WARNING - 1882541 29 29207994 microseconds
24-07-2026 13:08 - WARNING - No packet loss: /data/dsp/GBD_TRANSIENT_BUFFER/J0837+0610/24_07_2026/PDR_GULP_data000.pcap_24_07_2026_12_46_1784877392.PCAP_PDR
24-07-2026 13:08 - WARNING - first_pkt_count, first_gps_count, first_pkt_Tstamp
24-07-2026 13:08 - WARNING - 131157268 3135 2026-07-24T07:16:00.004214
24-07-2026 13:08 - WARNING - last_pkt_count, last_gps_count, last_pkt_Tstamp
24-07-2026 13:08 - WARNING - 133039809 3165 2026-07-24T07:16:29.212167
24-07-2026 13:08 - WARNING - diff_pkt_count  , diff_gps_count ,  diff_pkt_timstamp
24-07-2026 13:08 - WARNING - 1882541 30 29207953 microseconds
24-07-2026 13:08 - WARNING - No packet loss: /data/dsp/GBD_TRANSIENT_BUFFER/J0837+0610/24_07_2026/PDR_GULP_data001.pcap_24_07_2026_12_47_1784877421.PCAP_PDR
24-07-2026 13:08 - WARNING - first_pkt_count, first_gps_count, first_pkt_Tstamp
24-07-2026 13:08 - WARNING - 133039810 3165 2026-07-24T07:16:29.212167
24-07-2026 13:08 - WARNING - last_pkt_count, last_gps_count, last_pkt_Tstamp
24-07-2026 13:08 - WARNING - 134922351 3194 2026-07-24T07:16:58.420156
24-07-2026 13:08 - WARNING - diff_pkt_count  , diff_gps_count ,  diff_pkt_timstamp
24-07-2026 13:08 - WARNING - 1882541 29 29207989 microseconds
24-07-2026 13:08 - WARNING - No packet loss: /data/dsp/GBD_TRANSIENT_BUFFER/J0837+0610/24_07_2026/PDR_GULP_data002.pcap_24_07_2026_12_47_1784877450.PCAP_PDR
24-07-2026 13:08 - WARNING - first_pkt_count, first_gps_count, first_pkt_Tstamp
24-07-2026 13:08 - WARNING - 134922352 3194 2026-07-24T07:16:58.420156
24-07-2026 13:08 - WARNING - last_pkt_count, last_gps_count, last_pkt_Tstamp
24-07-2026 13:08 - WARNING - 136804893 3223 2026-07-24T07:17:27.628145
24-07-2026 13:08 - WARNING - diff_pkt_count  , diff_gps_count ,  diff_pkt_timstamp
24-07-2026 13:08 - WARNING - 1882541 29 29207989 microseconds
24-07-2026 13:08 - WARNING - No packet loss: /data/dsp/GBD_TRANSIENT_BUFFER/J0837+0610/24_07_2026/PDR_GULP_data000.pcap_24_07_2026_12_47_1784877479.PCAP_PDR
24-07-2026 13:08 - WARNING - first_pkt_count, first_gps_count, first_pkt_Tstamp
24-07-2026 13:08 - WARNING - 136804894 3223 2026-07-24T07:17:27.628226
24-07-2026 13:08 - WARNING - last_pkt_count, last_gps_count, last_pkt_Tstamp
24-07-2026 13:08 - WARNING - 138687435 3252 2026-07-24T07:17:56.836094
24-07-2026 13:08 - WARNING - diff_pkt_count  , diff_gps_count ,  diff_pkt_timstamp
24-07-2026 13:08 - WARNING - 1882541 29 29207868 microseconds
24-07-2026 13:08 - WARNING - No packet loss: /data/dsp/GBD_TRANSIENT_BUFFER/J0837+0610/24_07_2026/PDR_GULP_data001.pcap_24_07_2026_12_48_1784877509.PCAP_PDR
24-07-2026 13:08 - WARNING - first_pkt_count, first_gps_count, first_pkt_Tstamp
24-07-2026 13:08 - WARNING - 138687436 3252 2026-07-24T07:17:56.836095
24-07-2026 13:08 - WARNING - last_pkt_count, last_gps_count, last_pkt_Tstamp
24-07-2026 13:08 - WARNING - 140569978 3282 2026-07-24T07:18:26.044126
24-07-2026 13:08 - WARNING - diff_pkt_count  , diff_gps_count ,  diff_pkt_timstamp
24-07-2026 13:08 - WARNING - 1882542 30 29208031 microseconds
24-07-2026 13:08 - WARNING - No packet loss: /data/dsp/GBD_TRANSIENT_BUFFER/J0837+0610/24_07_2026/PDR_GULP_data002.pcap_24_07_2026_12_48_1784877538.PCAP_PDR
24-07-2026 13:08 - WARNING - first_pkt_count, first_gps_count, first_pkt_Tstamp
24-07-2026 13:08 - WARNING - 140569979 3282 2026-07-24T07:18:26.044126
24-07-2026 13:08 - WARNING - last_pkt_count, last_gps_count, last_pkt_Tstamp
24-07-2026 13:08 - WARNING - 142452520 3311 2026-07-24T07:18:55.252053
24-07-2026 13:08 - WARNING - diff_pkt_count  , diff_gps_count ,  diff_pkt_timstamp
24-07-2026 13:08 - WARNING - 1882541 29 29207927 microseconds
24-07-2026 13:08 - WARNING - No packet loss: /data/dsp/GBD_TRANSIENT_BUFFER/J0837+0610/24_07_2026/PDR_GULP_data000.pcap_24_07_2026_12_49_1784877567.PCAP_PDR
24-07-2026 13:08 - WARNING - first_pkt_count, first_gps_count, first_pkt_Tstamp
24-07-2026 13:08 - WARNING - 142452521 3311 2026-07-24T07:18:55.252106
24-07-2026 13:08 - WARNING - last_pkt_count, last_gps_count, last_pkt_Tstamp
24-07-2026 13:08 - WARNING - 144335062 3340 2026-07-24T07:19:24.460067
24-07-2026 13:08 - WARNING - diff_pkt_count  , diff_gps_count ,  diff_pkt_timstamp
24-07-2026 13:08 - WARNING - 1882541 29 29207961 microseconds
24-07-2026 13:08 - WARNING - No packet loss: /data/dsp/GBD_TRANSIENT_BUFFER/J0837+0610/24_07_2026/PDR_GULP_data001.pcap_24_07_2026_12_49_1784877596.PCAP_PDR
24-07-2026 13:08 - WARNING - first_pkt_count, first_gps_count, first_pkt_Tstamp
24-07-2026 13:08 - WARNING - 144335063 3340 2026-07-24T07:19:24.460068
24-07-2026 13:08 - WARNING - last_pkt_count, last_gps_count, last_pkt_Tstamp
24-07-2026 13:08 - WARNING - 146217604 3369 2026-07-24T07:19:53.667990
24-07-2026 13:08 - WARNING - diff_pkt_count  , diff_gps_count ,  diff_pkt_timstamp
24-07-2026 13:08 - WARNING - 1882541 29 29207922 microseconds
24-07-2026 13:08 - WARNING - No packet loss: /data/dsp/GBD_TRANSIENT_BUFFER/J0837+0610/24_07_2026/PDR_GULP_data002.pcap_24_07_2026_12_50_1784877625.PCAP_PDR
24-07-2026 13:08 - WARNING - first_pkt_count, first_gps_count, first_pkt_Tstamp
24-07-2026 13:08 - WARNING - 146217605 3369 2026-07-24T07:19:53.668056
24-07-2026 13:08 - WARNING - last_pkt_count, last_gps_count, last_pkt_Tstamp
24-07-2026 13:08 - WARNING - 148100146 3398 2026-07-24T07:20:22.875972
24-07-2026 13:08 - WARNING - diff_pkt_count  , diff_gps_count ,  diff_pkt_timstamp
24-07-2026 13:08 - WARNING - 1882541 29 29207916 microseconds
24-07-2026 13:08 - WARNING - No packet loss: /data/dsp/GBD_TRANSIENT_BUFFER/J0837+0610/24_07_2026/PDR_GULP_data000.pcap_24_07_2026_12_50_1784877655.PCAP_PDR
24-07-2026 13:08 - WARNING - first_pkt_count, first_gps_count, first_pkt_Tstamp
24-07-2026 13:08 - WARNING - 148100147 3398 2026-07-24T07:20:22.875973
24-07-2026 13:08 - WARNING - last_pkt_count, last_gps_count, last_pkt_Tstamp
24-07-2026 13:08 - WARNING - 149982688 3428 2026-07-24T07:20:52.083959
24-07-2026 13:08 - WARNING - diff_pkt_count  , diff_gps_count ,  diff_pkt_timstamp
24-07-2026 13:08 - WARNING - 1882541 30 29207986 microseconds
24-07-2026 13:08 - WARNING - No packet loss: /data/dsp/GBD_TRANSIENT_BUFFER/J0837+0610/24_07_2026/PDR_GULP_data001.pcap_24_07_2026_12_51_1784877684.PCAP_PDR
24-07-2026 13:08 - WARNING - first_pkt_count, first_gps_count, first_pkt_Tstamp
24-07-2026 13:08 - WARNING - 149982689 3428 2026-07-24T07:20:52.083959
24-07-2026 13:08 - WARNING - last_pkt_count, last_gps_count, last_pkt_Tstamp
24-07-2026 13:08 - WARNING - 151865231 3457 2026-07-24T07:21:21.291972
24-07-2026 13:08 - WARNING - diff_pkt_count  , diff_gps_count ,  diff_pkt_timstamp
24-07-2026 13:08 - WARNING - 1882542 29 29208013 microseconds
24-07-2026 13:08 - WARNING - No packet loss: /data/dsp/GBD_TRANSIENT_BUFFER/J0837+0610/24_07_2026/PDR_GULP_data002.pcap_24_07_2026_12_51_1784877713.PCAP_PDR
24-07-2026 13:08 - WARNING - first_pkt_count, first_gps_count, first_pkt_Tstamp
24-07-2026 13:08 - WARNING - 151865232 3457 2026-07-24T07:21:21.291972
24-07-2026 13:08 - WARNING - last_pkt_count, last_gps_count, last_pkt_Tstamp
24-07-2026 13:08 - WARNING - 153747773 3486 2026-07-24T07:21:50.499920
24-07-2026 13:08 - WARNING - diff_pkt_count  , diff_gps_count ,  diff_pkt_timstamp
24-07-2026 13:08 - WARNING - 1882541 29 29207948 microseconds
24-07-2026 13:08 - WARNING - Packet loss: /data/dsp/GBD_TRANSIENT_BUFFER/J0837+0610/24_07_2026/PDR_GULP_data000.pcap_24_07_2026_12_52_1784877742.PCAP_PDR
24-07-2026 13:08 - WARNING - Packet loss found .... Being fixed ... Please wait ...
24-07-2026 13:08 - WARNING - PCAP filtering ... tcpdump -r /data/dsp/GBD_TRANSIENT_BUFFER/J0837+0610/24_07_2026/PDR_GULP_data000.pcap_24_07_2026_12_52_1784877742.PCAP_PDR.pcap -w PDR_GULP_data000.pcap_24_07_2026_12_52_1784877742_filtered.PCAP_PDR.pcap  host 172.10.10.1 and port 55000 
24-07-2026 13:09 - WARNING - Patched /data/dsp/GBD_TRANSIENT_BUFFER/J0837+0610/24_07_2026/PDR_GULP_data000.pcap_24_07_2026_12_52_1784877742.PCAP_PDR as PDR_GULP_data000.pcap_24_07_2026_12_52_1784877742_filtered.PCAP_PDR
24-07-2026 13:09 - WARNING - Gulped file moved to /data/dsp/GBD_TRANSIENT_BUFFER/J0837+0610/24_07_2026/GULPED
24-07-2026 13:09 - WARNING - first_pkt_count, first_gps_count, first_pkt_Tstamp
24-07-2026 13:09 - WARNING - 153747774 3486 2026-07-24T07:21:50.499921
24-07-2026 13:09 - WARNING - last_pkt_count, last_gps_count, last_pkt_Tstamp
24-07-2026 13:09 - WARNING - 155630315 3515 2026-07-24T07:22:19.707910
24-07-2026 13:09 - WARNING - diff_pkt_count  , diff_gps_count ,  diff_pkt_timstamp
24-07-2026 13:09 - WARNING - 1882541 29 29207989 microseconds
24-07-2026 13:09 - WARNING - No packet loss: /data/dsp/GBD_TRANSIENT_BUFFER/J0837+0610/24_07_2026/PDR_GULP_data001.pcap_24_07_2026_12_52_1784877771.PCAP_PDR
24-07-2026 13:09 - WARNING - first_pkt_count, first_gps_count, first_pkt_Tstamp
24-07-2026 13:09 - WARNING - 155630316 3515 2026-07-24T07:22:19.707910
24-07-2026 13:09 - WARNING - last_pkt_count, last_gps_count, last_pkt_Tstamp
24-07-2026 13:09 - WARNING - 157512857 3544 2026-07-24T07:22:48.915882
24-07-2026 13:09 - WARNING - diff_pkt_count  , diff_gps_count ,  diff_pkt_timstamp
24-07-2026 13:09 - WARNING - 1882541 29 29207972 microseconds
24-07-2026 13:09 - WARNING - No packet loss: /data/dsp/GBD_TRANSIENT_BUFFER/J0837+0610/24_07_2026/PDR_GULP_data002.pcap_24_07_2026_12_53_1784877801.PCAP_PDR
24-07-2026 13:09 - WARNING - first_pkt_count, first_gps_count, first_pkt_Tstamp
24-07-2026 13:09 - WARNING - 157512858 3544 2026-07-24T07:22:48.915883
24-07-2026 13:09 - WARNING - last_pkt_count, last_gps_count, last_pkt_Tstamp
24-07-2026 13:09 - WARNING - 159395399 3574 2026-07-24T07:23:18.123810
24-07-2026 13:09 - WARNING - diff_pkt_count  , diff_gps_count ,  diff_pkt_timstamp
24-07-2026 13:09 - WARNING - 1882541 30 29207927 microseconds
24-07-2026 13:09 - WARNING - No packet loss: /data/dsp/GBD_TRANSIENT_BUFFER/J0837+0610/24_07_2026/PDR_GULP_data000.pcap_24_07_2026_12_53_1784877830.PCAP_PDR
24-07-2026 13:09 - WARNING - first_pkt_count, first_gps_count, first_pkt_Tstamp
24-07-2026 13:09 - WARNING - 159395400 3574 2026-07-24T07:23:18.123810
24-07-2026 13:09 - WARNING - last_pkt_count, last_gps_count, last_pkt_Tstamp
24-07-2026 13:09 - WARNING - 161277941 3603 2026-07-24T07:23:47.331780
24-07-2026 13:09 - WARNING - diff_pkt_count  , diff_gps_count ,  diff_pkt_timstamp
24-07-2026 13:09 - WARNING - 1882541 29 29207970 microseconds
24-07-2026 13:09 - WARNING - No packet loss: /data/dsp/GBD_TRANSIENT_BUFFER/J0837+0610/24_07_2026/PDR_GULP_data001.pcap_24_07_2026_12_54_1784877859.PCAP_PDR
24-07-2026 13:09 - WARNING - first_pkt_count, first_gps_count, first_pkt_Tstamp
24-07-2026 13:09 - WARNING - 161277942 3603 2026-07-24T07:23:47.331781
24-07-2026 13:09 - WARNING - last_pkt_count, last_gps_count, last_pkt_Tstamp
24-07-2026 13:09 - WARNING - 163160484 3632 2026-07-24T07:24:16.539721
24-07-2026 13:09 - WARNING - diff_pkt_count  , diff_gps_count ,  diff_pkt_timstamp
24-07-2026 13:09 - WARNING - 1882542 29 29207940 microseconds
24-07-2026 13:09 - WARNING - No packet loss: /data/dsp/GBD_TRANSIENT_BUFFER/J0837+0610/24_07_2026/PDR_GULP_data002.pcap_24_07_2026_12_54_1784877888.PCAP_PDR
24-07-2026 13:09 - WARNING - first_pkt_count, first_gps_count, first_pkt_Tstamp
24-07-2026 13:09 - WARNING - 163160485 3632 2026-07-24T07:24:16.539774
24-07-2026 13:09 - WARNING - last_pkt_count, last_gps_count, last_pkt_Tstamp
24-07-2026 13:09 - WARNING - 165043026 3661 2026-07-24T07:24:45.747782
24-07-2026 13:09 - WARNING - diff_pkt_count  , diff_gps_count ,  diff_pkt_timstamp
24-07-2026 13:09 - WARNING - 1882541 29 29208008 microseconds
24-07-2026 13:09 - WARNING - No packet loss: /data/dsp/GBD_TRANSIENT_BUFFER/J0837+0610/24_07_2026/PDR_GULP_data000.pcap_24_07_2026_12_55_1784877917.PCAP_PDR
24-07-2026 13:09 - WARNING - first_pkt_count, first_gps_count, first_pkt_Tstamp
24-07-2026 13:09 - WARNING - 165043027 3661 2026-07-24T07:24:45.747782
24-07-2026 13:09 - WARNING - last_pkt_count, last_gps_count, last_pkt_Tstamp
24-07-2026 13:09 - WARNING - 166925568 3690 2026-07-24T07:25:14.955657
24-07-2026 13:09 - WARNING - diff_pkt_count  , diff_gps_count ,  diff_pkt_timstamp
24-07-2026 13:09 - WARNING - 1882541 29 29207875 microseconds
24-07-2026 13:09 - WARNING - No packet loss: /data/dsp/GBD_TRANSIENT_BUFFER/J0837+0610/24_07_2026/PDR_GULP_data001.pcap_24_07_2026_12_55_1784877947.PCAP_PDR
24-07-2026 13:09 - WARNING - first_pkt_count, first_gps_count, first_pkt_Tstamp
24-07-2026 13:09 - WARNING - 166925569 3690 2026-07-24T07:25:14.955713
24-07-2026 13:09 - WARNING - last_pkt_count, last_gps_count, last_pkt_Tstamp
24-07-2026 13:09 - WARNING - 168808110 3720 2026-07-24T07:25:44.163699
24-07-2026 13:09 - WARNING - diff_pkt_count  , diff_gps_count ,  diff_pkt_timstamp
24-07-2026 13:09 - WARNING - 1882541 30 29207986 microseconds
24-07-2026 13:09 - WARNING - No packet loss: /data/dsp/GBD_TRANSIENT_BUFFER/J0837+0610/24_07_2026/PDR_GULP_data002.pcap_24_07_2026_12_56_1784877976.PCAP_PDR
24-07-2026 13:09 - WARNING - first_pkt_count, first_gps_count, first_pkt_Tstamp
24-07-2026 13:09 - WARNING - 168808111 3720 2026-07-24T07:25:44.163699
24-07-2026 13:09 - WARNING - last_pkt_count, last_gps_count, last_pkt_Tstamp
24-07-2026 13:09 - WARNING - 170690652 3749 2026-07-24T07:26:13.371595
24-07-2026 13:09 - WARNING - diff_pkt_count  , diff_gps_count ,  diff_pkt_timstamp
24-07-2026 13:09 - WARNING - 1882541 29 29207896 microseconds
24-07-2026 13:09 - WARNING - No packet loss: /data/dsp/GBD_TRANSIENT_BUFFER/J0837+0610/24_07_2026/PDR_GULP_data000.pcap_24_07_2026_12_56_1784878005.PCAP_PDR
24-07-2026 13:09 - WARNING - first_pkt_count, first_gps_count, first_pkt_Tstamp
24-07-2026 13:09 - WARNING - 170690653 3749 2026-07-24T07:26:13.371596
24-07-2026 13:09 - WARNING - last_pkt_count, last_gps_count, last_pkt_Tstamp
24-07-2026 13:09 - WARNING - 172573194 3778 2026-07-24T07:26:42.579552
24-07-2026 13:09 - WARNING - diff_pkt_count  , diff_gps_count ,  diff_pkt_timstamp
24-07-2026 13:09 - WARNING - 1882541 29 29207956 microseconds
24-07-2026 13:09 - WARNING - No packet loss: /data/dsp/GBD_TRANSIENT_BUFFER/J0837+0610/24_07_2026/PDR_GULP_data001.pcap_24_07_2026_12_57_1784878034.PCAP_PDR
24-07-2026 13:09 - WARNING - first_pkt_count, first_gps_count, first_pkt_Tstamp
24-07-2026 13:09 - WARNING - 172573195 3778 2026-07-24T07:26:42.579604
24-07-2026 13:09 - WARNING - last_pkt_count, last_gps_count, last_pkt_Tstamp
24-07-2026 13:09 - WARNING - 174455737 3807 2026-07-24T07:27:11.787543
24-07-2026 13:09 - WARNING - diff_pkt_count  , diff_gps_count ,  diff_pkt_timstamp
24-07-2026 13:09 - WARNING - 1882542 29 29207939 microseconds
24-07-2026 13:09 - WARNING - No packet loss: /data/dsp/GBD_TRANSIENT_BUFFER/J0837+0610/24_07_2026/PDR_GULP_data002.pcap_24_07_2026_12_57_1784878063.PCAP_PDR
24-07-2026 13:09 - WARNING - first_pkt_count, first_gps_count, first_pkt_Tstamp
24-07-2026 13:09 - WARNING - 174455738 3807 2026-07-24T07:27:11.787544
24-07-2026 13:09 - WARNING - last_pkt_count, last_gps_count, last_pkt_Tstamp
24-07-2026 13:09 - WARNING - 176338279 3836 2026-07-24T07:27:40.995485
24-07-2026 13:09 - WARNING - diff_pkt_count  , diff_gps_count ,  diff_pkt_timstamp
24-07-2026 13:09 - WARNING - 1882541 29 29207941 microseconds
24-07-2026 13:09 - WARNING - No packet loss: /data/dsp/GBD_TRANSIENT_BUFFER/J0837+0610/24_07_2026/PDR_GULP_data000.pcap_24_07_2026_12_58_1784878093.PCAP_PDR
24-07-2026 13:09 - WARNING - first_pkt_count, first_gps_count, first_pkt_Tstamp
24-07-2026 13:09 - WARNING - 176338280 3836 2026-07-24T07:27:40.995536
24-07-2026 13:09 - WARNING - last_pkt_count, last_gps_count, last_pkt_Tstamp
24-07-2026 13:09 - WARNING - 178220821 3866 2026-07-24T07:28:10.203514
24-07-2026 13:09 - WARNING - diff_pkt_count  , diff_gps_count ,  diff_pkt_timstamp
24-07-2026 13:09 - WARNING - 1882541 30 29207978 microseconds
24-07-2026 13:09 - WARNING - No packet loss: /data/dsp/GBD_TRANSIENT_BUFFER/J0837+0610/24_07_2026/PDR_GULP_data001.pcap_24_07_2026_12_58_1784878122.PCAP_PDR
24-07-2026 13:09 - WARNING - first_pkt_count, first_gps_count, first_pkt_Tstamp
24-07-2026 13:09 - WARNING - 178220822 3866 2026-07-24T07:28:10.203514
24-07-2026 13:09 - WARNING - last_pkt_count, last_gps_count, last_pkt_Tstamp
24-07-2026 13:09 - WARNING - 180103363 3895 2026-07-24T07:28:39.411451
24-07-2026 13:09 - WARNING - diff_pkt_count  , diff_gps_count ,  diff_pkt_timstamp
24-07-2026 13:09 - WARNING - 1882541 29 29207937 microseconds
24-07-2026 13:09 - WARNING - No packet loss: /data/dsp/GBD_TRANSIENT_BUFFER/J0837+0610/24_07_2026/PDR_GULP_data002.pcap_24_07_2026_12_59_1784878151.PCAP_PDR
24-07-2026 13:09 - WARNING - first_pkt_count, first_gps_count, first_pkt_Tstamp
24-07-2026 13:09 - WARNING - 180103364 3895 2026-07-24T07:28:39.411452
24-07-2026 13:09 - WARNING - last_pkt_count, last_gps_count, last_pkt_Tstamp
24-07-2026 13:09 - WARNING - 181985905 3924 2026-07-24T07:29:08.619369
24-07-2026 13:09 - WARNING - diff_pkt_count  , diff_gps_count ,  diff_pkt_timstamp
24-07-2026 13:09 - WARNING - 1882541 29 29207917 microseconds
24-07-2026 13:09 - WARNING - No packet loss: /data/dsp/GBD_TRANSIENT_BUFFER/J0837+0610/24_07_2026/PDR_GULP_data000.pcap_24_07_2026_12_59_1784878180.PCAP_PDR
24-07-2026 13:09 - WARNING - first_pkt_count, first_gps_count, first_pkt_Tstamp
24-07-2026 13:09 - WARNING - 181985906 3924 2026-07-24T07:29:08.619370
24-07-2026 13:09 - WARNING - last_pkt_count, last_gps_count, last_pkt_Tstamp
24-07-2026 13:09 - WARNING - 183868447 3953 2026-07-24T07:29:37.827345
24-07-2026 13:09 - WARNING - diff_pkt_count  , diff_gps_count ,  diff_pkt_timstamp
24-07-2026 13:09 - WARNING - 1882541 29 29207975 microseconds
24-07-2026 13:09 - WARNING - No packet loss: /data/dsp/GBD_TRANSIENT_BUFFER/J0837+0610/24_07_2026/PDR_GULP_data001.pcap_24_07_2026_13_00_1784878210.PCAP_PDR
24-07-2026 13:09 - WARNING - first_pkt_count, first_gps_count, first_pkt_Tstamp
24-07-2026 13:09 - WARNING - 183868448 3953 2026-07-24T07:29:37.827345
24-07-2026 13:09 - WARNING - last_pkt_count, last_gps_count, last_pkt_Tstamp
24-07-2026 13:09 - WARNING - 185750990 3983 2026-07-24T07:30:07.035307
24-07-2026 13:09 - WARNING - diff_pkt_count  , diff_gps_count ,  diff_pkt_timstamp
24-07-2026 13:09 - WARNING - 1882542 30 29207962 microseconds
24-07-2026 13:09 - WARNING - No packet loss: /data/dsp/GBD_TRANSIENT_BUFFER/J0837+0610/24_07_2026/PDR_GULP_data002.pcap_24_07_2026_13_00_1784878239.PCAP_PDR
24-07-2026 13:09 - WARNING - first_pkt_count, first_gps_count, first_pkt_Tstamp
24-07-2026 13:09 - WARNING - 185750991 3983 2026-07-24T07:30:07.035307
24-07-2026 13:09 - WARNING - last_pkt_count, last_gps_count, last_pkt_Tstamp
24-07-2026 13:09 - WARNING - 187633532 4012 2026-07-24T07:30:36.243322
24-07-2026 13:09 - WARNING - diff_pkt_count  , diff_gps_count ,  diff_pkt_timstamp
24-07-2026 13:09 - WARNING - 1882541 29 29208015 microseconds
24-07-2026 13:09 - WARNING - No packet loss: /data/dsp/GBD_TRANSIENT_BUFFER/J0837+0610/24_07_2026/PDR_GULP_data000.pcap_24_07_2026_13_01_1784878268.PCAP_PDR
24-07-2026 13:09 - WARNING - first_pkt_count, first_gps_count, first_pkt_Tstamp
24-07-2026 13:09 - WARNING - 187633533 4012 2026-07-24T07:30:36.243323
24-07-2026 13:09 - WARNING - last_pkt_count, last_gps_count, last_pkt_Tstamp
24-07-2026 13:09 - WARNING - 189516074 4041 2026-07-24T07:31:05.451240
24-07-2026 13:09 - WARNING - diff_pkt_count  , diff_gps_count ,  diff_pkt_timstamp
24-07-2026 13:09 - WARNING - 1882541 29 29207917 microseconds
24-07-2026 13:09 - WARNING - No packet loss: /data/dsp/GBD_TRANSIENT_BUFFER/J0837+0610/24_07_2026/PDR_GULP_data001.pcap_24_07_2026_13_01_1784878297.PCAP_PDR
24-07-2026 13:09 - WARNING - first_pkt_count, first_gps_count, first_pkt_Tstamp
24-07-2026 13:09 - WARNING - 189516075 4041 2026-07-24T07:31:05.451240
24-07-2026 13:09 - WARNING - last_pkt_count, last_gps_count, last_pkt_Tstamp
24-07-2026 13:09 - WARNING - 191398616 4070 2026-07-24T07:31:34.659238
24-07-2026 13:09 - WARNING - diff_pkt_count  , diff_gps_count ,  diff_pkt_timstamp
24-07-2026 13:09 - WARNING - 1882541 29 29207998 microseconds
24-07-2026 13:09 - WARNING - No packet loss: /data/dsp/GBD_TRANSIENT_BUFFER/J0837+0610/24_07_2026/PDR_GULP_data002.pcap_24_07_2026_13_02_1784878326.PCAP_PDR
24-07-2026 13:09 - WARNING - first_pkt_count, first_gps_count, first_pkt_Tstamp
24-07-2026 13:09 - WARNING - 191398617 4070 2026-07-24T07:31:34.659238
24-07-2026 13:09 - WARNING - last_pkt_count, last_gps_count, last_pkt_Tstamp
24-07-2026 13:09 - WARNING - 193281158 4099 2026-07-24T07:32:03.867146
24-07-2026 13:09 - WARNING - diff_pkt_count  , diff_gps_count ,  diff_pkt_timstamp
24-07-2026 13:09 - WARNING - 1882541 29 29207908 microseconds
24-07-2026 13:09 - WARNING - No packet loss: /data/dsp/GBD_TRANSIENT_BUFFER/J0837+0610/24_07_2026/PDR_GULP_data000.pcap_24_07_2026_13_02_1784878356.PCAP_PDR
24-07-2026 13:09 - WARNING - first_pkt_count, first_gps_count, first_pkt_Tstamp
24-07-2026 13:09 - WARNING - 193281159 4099 2026-07-24T07:32:03.867146
24-07-2026 13:09 - WARNING - last_pkt_count, last_gps_count, last_pkt_Tstamp
24-07-2026 13:09 - WARNING - 195163700 4129 2026-07-24T07:32:33.075111
24-07-2026 13:09 - WARNING - diff_pkt_count  , diff_gps_count ,  diff_pkt_timstamp
24-07-2026 13:09 - WARNING - 1882541 30 29207965 microseconds
24-07-2026 13:09 - WARNING - No packet loss: /data/dsp/GBD_TRANSIENT_BUFFER/J0837+0610/24_07_2026/PDR_GULP_data001.pcap_24_07_2026_13_03_1784878385.PCAP_PDR
24-07-2026 13:09 - WARNING - first_pkt_count, first_gps_count, first_pkt_Tstamp
24-07-2026 13:09 - WARNING - 195163701 4129 2026-07-24T07:32:33.075111
24-07-2026 13:09 - WARNING - last_pkt_count, last_gps_count, last_pkt_Tstamp
24-07-2026 13:09 - WARNING - 197046243 4158 2026-07-24T07:33:02.283062
24-07-2026 13:09 - WARNING - diff_pkt_count  , diff_gps_count ,  diff_pkt_timstamp
24-07-2026 13:09 - WARNING - 1882542 29 29207951 microseconds
24-07-2026 13:09 - WARNING - No packet loss: /data/dsp/GBD_TRANSIENT_BUFFER/J0837+0610/24_07_2026/PDR_GULP_data002.pcap_24_07_2026_13_03_1784878414.PCAP_PDR
24-07-2026 13:09 - WARNING - first_pkt_count, first_gps_count, first_pkt_Tstamp
24-07-2026 13:09 - WARNING - 197046244 4158 2026-07-24T07:33:02.283155
24-07-2026 13:09 - WARNING - last_pkt_count, last_gps_count, last_pkt_Tstamp
24-07-2026 13:09 - WARNING - 198928785 4187 2026-07-24T07:33:31.491012
24-07-2026 13:09 - WARNING - diff_pkt_count  , diff_gps_count ,  diff_pkt_timstamp
24-07-2026 13:09 - WARNING - 1882541 29 29207857 microseconds
24-07-2026 13:09 - WARNING - No packet loss: /data/dsp/GBD_TRANSIENT_BUFFER/J0837+0610/24_07_2026/PDR_GULP_data000.pcap_24_07_2026_13_04_1784878443.PCAP_PDR
24-07-2026 13:09 - WARNING - first_pkt_count, first_gps_count, first_pkt_Tstamp
24-07-2026 13:09 - WARNING - 198928786 4187 2026-07-24T07:33:31.491012
24-07-2026 13:09 - WARNING - last_pkt_count, last_gps_count, last_pkt_Tstamp
24-07-2026 13:09 - WARNING - 200811327 4216 2026-07-24T07:34:00.699014
24-07-2026 13:09 - WARNING - diff_pkt_count  , diff_gps_count ,  diff_pkt_timstamp
24-07-2026 13:09 - WARNING - 1882541 29 29208002 microseconds
24-07-2026 13:09 - WARNING - No packet loss: /data/dsp/GBD_TRANSIENT_BUFFER/J0837+0610/24_07_2026/PDR_GULP_data001.pcap_24_07_2026_13_04_1784878472.PCAP_PDR
24-07-2026 13:09 - WARNING - first_pkt_count, first_gps_count, first_pkt_Tstamp
24-07-2026 13:09 - WARNING - 200811328 4216 2026-07-24T07:34:00.699014
24-07-2026 13:09 - WARNING - last_pkt_count, last_gps_count, last_pkt_Tstamp
24-07-2026 13:09 - WARNING - 202693869 4245 2026-07-24T07:34:29.906906
24-07-2026 13:09 - WARNING - diff_pkt_count  , diff_gps_count ,  diff_pkt_timstamp
24-07-2026 13:09 - WARNING - 1882541 29 29207892 microseconds
24-07-2026 13:09 - WARNING - No packet loss: /data/dsp/GBD_TRANSIENT_BUFFER/J0837+0610/24_07_2026/PDR_GULP_data002.pcap_24_07_2026_13_05_1784878502.PCAP_PDR
24-07-2026 13:09 - WARNING - first_pkt_count, first_gps_count, first_pkt_Tstamp
24-07-2026 13:09 - WARNING - 202693870 4245 2026-07-24T07:34:29.906972
24-07-2026 13:09 - WARNING - last_pkt_count, last_gps_count, last_pkt_Tstamp
24-07-2026 13:09 - WARNING - 204576411 4275 2026-07-24T07:34:59.114905
24-07-2026 13:09 - WARNING - diff_pkt_count  , diff_gps_count ,  diff_pkt_timstamp
24-07-2026 13:09 - WARNING - 1882541 30 29207933 microseconds
24-07-2026 13:09 - WARNING - No packet loss: /data/dsp/GBD_TRANSIENT_BUFFER/J0837+0610/24_07_2026/PDR_GULP_data000.pcap_24_07_2026_13_05_1784878531.PCAP_PDR
24-07-2026 13:09 - WARNING - first_pkt_count, first_gps_count, first_pkt_Tstamp
24-07-2026 13:09 - WARNING - 204576412 4275 2026-07-24T07:34:59.114905
24-07-2026 13:09 - WARNING - last_pkt_count, last_gps_count, last_pkt_Tstamp
24-07-2026 13:09 - WARNING - 206458953 4304 2026-07-24T07:35:28.322848
24-07-2026 13:09 - WARNING - diff_pkt_count  , diff_gps_count ,  diff_pkt_timstamp
24-07-2026 13:09 - WARNING - 1882541 29 29207943 microseconds
24-07-2026 13:09 - WARNING - No packet loss: /data/dsp/GBD_TRANSIENT_BUFFER/J0837+0610/24_07_2026/PDR_GULP_data001.pcap_24_07_2026_13_06_1784878560.PCAP_PDR
24-07-2026 13:09 - WARNING - first_pkt_count, first_gps_count, first_pkt_Tstamp
24-07-2026 13:09 - WARNING - 206458954 4304 2026-07-24T07:35:28.322849
24-07-2026 13:09 - WARNING - last_pkt_count, last_gps_count, last_pkt_Tstamp
24-07-2026 13:09 - WARNING - 208341496 4333 2026-07-24T07:35:57.530786
24-07-2026 13:09 - WARNING - diff_pkt_count  , diff_gps_count ,  diff_pkt_timstamp
24-07-2026 13:09 - WARNING - 1882542 29 29207937 microseconds
24-07-2026 13:09 - WARNING - No packet loss: /data/dsp/GBD_TRANSIENT_BUFFER/J0837+0610/24_07_2026/PDR_GULP_data002.pcap_24_07_2026_13_06_1784878589.PCAP_PDR
24-07-2026 13:09 - WARNING - first_pkt_count, first_gps_count, first_pkt_Tstamp
24-07-2026 13:09 - WARNING - 208341497 4333 2026-07-24T07:35:57.530851
24-07-2026 13:09 - WARNING - last_pkt_count, last_gps_count, last_pkt_Tstamp
24-07-2026 13:09 - WARNING - 210224038 4362 2026-07-24T07:36:26.738804
24-07-2026 13:09 - WARNING - diff_pkt_count  , diff_gps_count ,  diff_pkt_timstamp
24-07-2026 13:09 - WARNING - 1882541 29 29207953 microseconds
24-07-2026 13:09 - WARNING - No packet loss: /data/dsp/GBD_TRANSIENT_BUFFER/J0837+0610/24_07_2026/PDR_GULP_data000.pcap_24_07_2026_13_06_1784878618.PCAP_PDR
24-07-2026 13:09 - WARNING - first_pkt_count, first_gps_count, first_pkt_Tstamp
24-07-2026 13:09 - WARNING - 210224039 4362 2026-07-24T07:36:26.738804
24-07-2026 13:09 - WARNING - last_pkt_count, last_gps_count, last_pkt_Tstamp
24-07-2026 13:09 - WARNING - 212106580 4391 2026-07-24T07:36:55.946818
24-07-2026 13:09 - WARNING - diff_pkt_count  , diff_gps_count ,  diff_pkt_timstamp
24-07-2026 13:09 - WARNING - 1882541 29 29208014 microseconds
24-07-2026 13:09 - WARNING - No packet loss: /data/dsp/GBD_TRANSIENT_BUFFER/J0837+0610/24_07_2026/PDR_GULP_data001.pcap_24_07_2026_13_07_1784878648.PCAP_PDR
24-07-2026 13:09 - WARNING - first_pkt_count, first_gps_count, first_pkt_Tstamp
24-07-2026 13:09 - WARNING - 212106581 4391 2026-07-24T07:36:55.946871
24-07-2026 13:09 - WARNING - last_pkt_count, last_gps_count, last_pkt_Tstamp
24-07-2026 13:09 - WARNING - 213989122 4421 2026-07-24T07:37:25.154852
24-07-2026 13:09 - WARNING - diff_pkt_count  , diff_gps_count ,  diff_pkt_timstamp
24-07-2026 13:09 - WARNING - 1882541 30 29207981 microseconds
24-07-2026 13:09 - WARNING - No packet loss: /data/dsp/GBD_TRANSIENT_BUFFER/J0837+0610/24_07_2026/PDR_GULP_data002.pcap_24_07_2026_13_07_1784878677.PCAP_PDR
24-07-2026 13:09 - WARNING - first_pkt_count, first_gps_count, first_pkt_Tstamp
24-07-2026 13:09 - WARNING - 213989123 4421 2026-07-24T07:37:25.154853
24-07-2026 13:09 - WARNING - last_pkt_count, last_gps_count, last_pkt_Tstamp
24-07-2026 13:09 - WARNING - 215871664 4450 2026-07-24T07:37:54.362875
24-07-2026 13:09 - WARNING - diff_pkt_count  , diff_gps_count ,  diff_pkt_timstamp
24-07-2026 13:09 - WARNING - 1882541 29 29208022 microseconds
24-07-2026 13:09 - WARNING - No packet loss: /data/dsp/GBD_TRANSIENT_BUFFER/J0837+0610/24_07_2026/PDR_GULP_data000.pcap_24_07_2026_13_08_1784878706.PCAP_PDR
24-07-2026 13:09 - WARNING - first_pkt_count, first_gps_count, first_pkt_Tstamp
24-07-2026 13:09 - WARNING - 215871665 4450 2026-07-24T07:37:54.362875
24-07-2026 13:09 - WARNING - last_pkt_count, last_gps_count, last_pkt_Tstamp
24-07-2026 13:09 - WARNING - 217754206 4479 2026-07-24T07:38:23.570843
24-07-2026 13:09 - WARNING - diff_pkt_count  , diff_gps_count ,  diff_pkt_timstamp
24-07-2026 13:09 - WARNING - 1882541 29 29207968 microseconds
24-07-2026 13:09 SLIP check Finished...
24-07-2026 13:09 Pulsar data reduction pipeline started ...
24-07-2026 13:09 - WARNING - Data Directory: /data/dsp/GBD_TRANSIENT_BUFFER/J0837+0610/24_07_2026
24-07-2026 13:09 - WARNING - Pulsar: J0837+0610
24-07-2026 13:09 - WARNING - CH selelction: 0
24-07-2026 13:09 - WARNING - Phase file: /home/dsp/PDR_acquire_setup/dada_scripts/phase/rf_path_phase.dat
24-07-2026 13:09 - WARNING - Obs. logfile: /home/dsp/PDR_acquire_setup/master_obs_log/J0837+0610_24_07_2026_observation.log
24-07-2026 13:09 - WARNING - Observation start time: 2026_07_24_12_29_56
24-07-2026 13:09 - WARNING - parfile: /home/dsp/parfiles/J0837+0610.par
24-07-2026 13:09 - WARNING - DM: 13.0209436694702
24-07-2026 13:09 - WARNING - Period: 1.2737745847060131
24-07-2026 13:09 - WARNING - RA_DEC: 08:37:05.6485930+06:10:16.06361
24-07-2026 13:09 - WARNING - out_dada_file: J0837+0610_2026_07_24_12_29_56_type_0.dada
24-07-2026 13:09 - WARNING - Number of files to process: 80
24-07-2026 13:09 - WARNING - Files per batch:  17
24-07-2026 13:33 - WARNING - Time taken for PDR2DADA convertion: 0:24:06.098247
24-07-2026 13:33 - WARNING - Center_freq: 175
24-07-2026 13:33 - WARNING - int_time: 3.0
24-07-2026 13:33 - WARNING - nbins: 256
24-07-2026 13:33 - WARNING - fil_chan: 256
24-07-2026 13:33 - WARNING - cpu: 2,3,4,5,6,7,8,9,10,11,12,13,14,15,16
24-07-2026 13:33 - WARNING - thread: 32
24-07-2026 13:33 - WARNING - nbit: 8
24-07-2026 13:33 - WARNING - time_avg: 0.000256
24-07-2026 13:33 - WARNING - MJD_START: 61245.291621977754
24-07-2026 13:33 - WARNING - output: J0837+0610_61245.29_175MHz_type_0_GBD_DART
24-07-2026 13:33 - WARNING - singularity_container: singularity exec /home/dsp/singularity_imag/pschive_py3.sif  
24-07-2026 13:33 - WARNING - ------ DIGIFITS ------
24-07-2026 13:33 - WARNING - ---- Search Mode FITS -------
24-07-2026 13:33 - WARNING - digifits_ful_stokes_cmd: singularity exec /home/dsp/singularity_imag/pschive_py3.sif  digifits  -F 256 -x 256 -b 8 -p 4 -t 0.000256 J0837+0610_2026_07_24_12_29_56_type_0.dada -o J0837+0610_2026_07_24_12_29_56_type_0.dada_stokes.fits
24-07-2026 14:01 - WARNING - ------ Total intensity FITS -------
24-07-2026 14:01 - WARNING - digifits_total_intensity_cmd: singularity exec /home/dsp/singularity_imag/pschive_py3.sif  digifits  -F 256 -x 256 -b 8 -p 1 -t 0.000256 J0837+0610_2026_07_24_12_29_56_type_0.dada -o J0837+0610_2026_07_24_12_29_56_type_0.dada_intensity.fits
24-07-2026 14:26 - WARNING - Nchan: 256
24-07-2026 14:26 - WARNING - Nbin: 256
24-07-2026 14:26 - WARNING - Tavg: 0.000256
24-07-2026 14:26 - WARNING - Time taken for DIGIFITS run: 0:53:31.049821
24-07-2026 14:26 - WARNING - ------ DSPSR ------
24-07-2026 14:26 - WARNING - ------- Coherent Dedispersion Folded archive -------
24-07-2026 14:26 - WARNING - dspsr_cmd: singularity exec /home/dsp/singularity_imag/pschive_py3.sif  dspsr J0837+0610_2026_07_24_12_29_56_type_0.dada -cpu 2,3,4,5,6,7,8,9,10,11,12,13,14,15,16 -t 32 -E /home/dsp/parfiles/J0837+0610.par -L 3.0 -b 256 -F 256:D -N J0837+0610 -a PSRFITS -A -e .fits -O J0837+0610_61245.29_175MHz_type_0_GBD_DART
24-07-2026 14:52 - WARNING - ------- Incoherent Dedispersion Folded archive -------
24-07-2026 14:52 - WARNING - Incoherent_DD_dspsr_cmd: singularity exec /home/dsp/singularity_imag/pschive_py3.sif  dspsr J0837+0610_2026_07_24_12_29_56_type_0.dada_stokes.fits -cpu 2,3,4,5,6,7,8,9,10,11,12,13,14,15,16 -t 32 -E /home/dsp/parfiles/J0837+0610.par -L 3.0 -b 256 -N J0837+0610 -A -e .fits -O J0837+0610_61245.29_175MHz_type_0_GBD_DART_stokes_Incoherent_DD
24-07-2026 14:57 - WARNING - Time taken for DSPSR run: 0:30:34.081385
24-07-2026 14:57 - WARNING - ------ PSREDIT ------
24-07-2026 14:57 - WARNING - psredit_cmd: singularity exec /home/dsp/singularity_imag/pschive_py3.sif  psredit -c name=J0837+0610,be:name=GSB,coord=08:37:05.6485930+06:10:16.06361 -m *_GBD_DART*fits
24-07-2026 14:57 - WARNING - Time taken for PSREDIT run: 0:00:21.063616
24-07-2026 14:57 - WARNING - ------ Iterative RFI Cleaner ------
24-07-2026 14:57 - WARNING - Iterative_cleaner_cmd: singularity exec /home/dsp/singularity_imag/pschive_py3.sif   python3 /home/dsp/PDR_acquire_setup/iterative_cleaner.py -s 3 -c 3 -m 10 *_GBD_DART*fits
24-07-2026 15:04 - WARNING - Time taken for Iterative_cleaner run: 0:06:29.872714
24-07-2026 15:04 - WARNING - ------ PDMP ------
24-07-2026 15:04 - WARNING - pdmp_cmd1: singularity exec /home/dsp/singularity_imag/pschive_py3.sif  pdmp -dr 2 -ds 0.05 -g J0837+0610_61245.29_175MHz_type_0_GBD_DART.fits_cleaned.ar.ps/cps J0837+0610_61245.29_175MHz_type_0_GBD_DART.fits_cleaned.ar
24-07-2026 15:18 - WARNING - pdmp_cmd2: singularity exec /home/dsp/singularity_imag/pschive_py3.sif  pdmp -dr 2 -ds 0.05 -g J0837+0610_61245.29_175MHz_type_0_GBD_DART_stokes_Incoherent_DD.fits_cleaned.ar.ps/cps J0837+0610_61245.29_175MHz_type_0_GBD_DART_stokes_Incoherent_DD.fits_cleaned.ar
24-07-2026 15:31 - WARNING - Time taken for PDMP run: 0:27:41.019597
24-07-2026 15:31 - WARNING - ------ PS2PDF ------
24-07-2026 15:31 - WARNING - ps2pdf_cmd1: singularity exec /home/dsp/singularity_imag/pschive_py3.sif  ps2pdf J0837+0610_61245.29_175MHz_type_0_GBD_DART.fits_cleaned.ar.ps J0837+0610_61245.29_175MHz_type_0_GBD_DART.fits_cleaned.ar.ps.pdf
24-07-2026 15:31 - WARNING - ps2pdf_cmd2: singularity exec /home/dsp/singularity_imag/pschive_py3.sif  ps2pdf J0837+0610_61245.29_175MHz_type_0_GBD_DART_stokes_Incoherent_DD.fits_cleaned.ar.ps J0837+0610_61245.29_175MHz_type_0_GBD_DART_stokes_Incoherent_DD.fits_cleaned.ar.ps.pdf
24-07-2026 15:31 - WARNING - Time taken for PDMP run: 0:00:01.557397
24-07-2026 15:31 - WARNING - Overall time taken for data reduction: 2:22:46.776495
24-07-2026 15:31 - WARNING - J0837+0610_2026_07_24_12_29_56_type_0.dada... file removed
24-07-2026 15:31 - WARNING - All done!
24-07-2026 15:32 --- PRESTO ---
24-07-2026 15:32 singularity_container: singularity exec /home/dsp/singularity_imag/pschive_py3.sif  
24-07-2026 15:32 Filterbank to Process for PULSAR: J0837+0610 with DM:59400 : J0837+0610_2026_07_24_12_29_56_type_0.dada_intensity.fits
24-07-2026 15:32 --- RFIFIND ---
24-07-2026 15:32 RFIFIND: singularity exec /home/dsp/singularity_imag/pschive_py3.sif   rfifind -time 2.0 -o J0837+0610 J0837+0610_2026_07_24_12_29_56_type_0.dada_intensity.fits
24-07-2026 15:33 --- PREPDATA ---
24-07-2026 15:33 PREPDATA: singularity exec /home/dsp/singularity_imag/pschive_py3.sif   prepdata -nobary -o J0837+0610_2026_07_24_12_29_56_type_0.dada_intensity.fits -dm 59400 -mask J0837+0610_rfifind.mask J0837+0610_2026_07_24_12_29_56_type_0.dada_intensity.fits
24-07-2026 15:33 --- REALFFT ---
24-07-2026 15:33 REALFFT: singularity exec /home/dsp/singularity_imag/pschive_py3.sif   realfft  J0837+0610_2026_07_24_12_29_56_type_0.dada_intensity.fits.dat
24-07-2026 15:33 --- ACCELSEARCH ---
24-07-2026 15:33 ACCELSEARCH: singularity exec /home/dsp/singularity_imag/pschive_py3.sif   accelsearch -numharm 8 -zmax 8  J0837+0610_2026_07_24_12_29_56_type_0.dada_intensity.fits.fft
24-07-2026 15:33 Observation Over.
