18-07-2026 12:52 Waiting for J0837+0610 observation...
18-07-2026 12:57 Observation started...
18-07-2026 12:57 Pulsar: J0837+0610 , parfile: /home/dsp/parfiles/J0837+0610.par , DM: 13.0209436694702
18-07-2026 12:57 Trigger sent to obs. PC [VELA].
18-07-2026 13:32 Acquired 80.
18-07-2026 13:32 ACQ over.
18-07-2026 13:32 Removing Trigger file from remote machine 
18-07-2026 13:32 Observation stoped.
-rw------- 1 dsp dsp 2.0G Jul 18 12:53 /data/TRANSIENT_BUFFER/PDR_GULP_data000.pcap_18_07_2026_12_53_1784359398.PCAP_PDR
-rw------- 1 dsp dsp 2.0G Jul 18 12:53 /data/TRANSIENT_BUFFER/PDR_GULP_data001.pcap_18_07_2026_12_53_1784359427.PCAP_PDR
-rw------- 1 dsp dsp 2.0G Jul 18 12:54 /data/TRANSIENT_BUFFER/PDR_GULP_data002.pcap_18_07_2026_12_54_1784359456.PCAP_PDR
-rw------- 1 dsp dsp 2.0G Jul 18 12:54 /data/TRANSIENT_BUFFER/PDR_GULP_data000.pcap_18_07_2026_12_54_1784359485.PCAP_PDR
-rw------- 1 dsp dsp 2.0G Jul 18 12:55 /data/TRANSIENT_BUFFER/PDR_GULP_data001.pcap_18_07_2026_12_55_1784359514.PCAP_PDR
-rw------- 1 dsp dsp 2.0G Jul 18 12:55 /data/TRANSIENT_BUFFER/PDR_GULP_data002.pcap_18_07_2026_12_55_1784359544.PCAP_PDR
-rw------- 1 dsp dsp 2.0G Jul 18 12:56 /data/TRANSIENT_BUFFER/PDR_GULP_data000.pcap_18_07_2026_12_56_1784359573.PCAP_PDR
-rw------- 1 dsp dsp 2.0G Jul 18 12:56 /data/TRANSIENT_BUFFER/PDR_GULP_data001.pcap_18_07_2026_12_56_1784359602.PCAP_PDR
-rw------- 1 dsp dsp 2.0G Jul 18 12:57 /data/TRANSIENT_BUFFER/PDR_GULP_data002.pcap_18_07_2026_12_57_1784359631.PCAP_PDR
-rw------- 1 dsp dsp 2.0G Jul 18 12:57 /data/TRANSIENT_BUFFER/PDR_GULP_data000.pcap_18_07_2026_12_57_1784359660.PCAP_PDR
-rw------- 1 dsp dsp 2.0G Jul 18 12:58 /data/TRANSIENT_BUFFER/PDR_GULP_data001.pcap_18_07_2026_12_58_1784359690.PCAP_PDR
-rw------- 1 dsp dsp 2.0G Jul 18 12:58 /data/TRANSIENT_BUFFER/PDR_GULP_data002.pcap_18_07_2026_12_58_1784359719.PCAP_PDR
-rw------- 1 dsp dsp 2.0G Jul 18 12:59 /data/TRANSIENT_BUFFER/PDR_GULP_data000.pcap_18_07_2026_12_59_1784359748.PCAP_PDR
-rw------- 1 dsp dsp 2.0G Jul 18 12:59 /data/TRANSIENT_BUFFER/PDR_GULP_data001.pcap_18_07_2026_12_59_1784359777.PCAP_PDR
-rw------- 1 dsp dsp 2.0G Jul 18 13:00 /data/TRANSIENT_BUFFER/PDR_GULP_data002.pcap_18_07_2026_13_00_1784359806.PCAP_PDR
-rw------- 1 dsp dsp 2.0G Jul 18 13:00 /data/TRANSIENT_BUFFER/PDR_GULP_data000.pcap_18_07_2026_13_00_1784359836.PCAP_PDR
-rw------- 1 dsp dsp 2.0G Jul 18 13:01 /data/TRANSIENT_BUFFER/PDR_GULP_data001.pcap_18_07_2026_13_01_1784359865.PCAP_PDR
-rw------- 1 dsp dsp 2.0G Jul 18 13:01 /data/TRANSIENT_BUFFER/PDR_GULP_data002.pcap_18_07_2026_13_01_1784359894.PCAP_PDR
-rw------- 1 dsp dsp 2.0G Jul 18 13:02 /data/TRANSIENT_BUFFER/PDR_GULP_data000.pcap_18_07_2026_13_02_1784359923.PCAP_PDR
-rw------- 1 dsp dsp 2.0G Jul 18 13:02 /data/TRANSIENT_BUFFER/PDR_GULP_data001.pcap_18_07_2026_13_02_1784359952.PCAP_PDR
-rw------- 1 dsp dsp 2.0G Jul 18 13:02 /data/TRANSIENT_BUFFER/PDR_GULP_data002.pcap_18_07_2026_13_03_1784359982.PCAP_PDR
-rw------- 1 dsp dsp 2.0G Jul 18 13:03 /data/TRANSIENT_BUFFER/PDR_GULP_data000.pcap_18_07_2026_13_03_1784360011.PCAP_PDR
-rw------- 1 dsp dsp 2.0G Jul 18 13:03 /data/TRANSIENT_BUFFER/PDR_GULP_data001.pcap_18_07_2026_13_04_1784360040.PCAP_PDR
-rw------- 1 dsp dsp 2.0G Jul 18 13:04 /data/TRANSIENT_BUFFER/PDR_GULP_data002.pcap_18_07_2026_13_04_1784360069.PCAP_PDR
-rw------- 1 dsp dsp 2.0G Jul 18 13:04 /data/TRANSIENT_BUFFER/PDR_GULP_data000.pcap_18_07_2026_13_04_1784360099.PCAP_PDR
-rw------- 1 dsp dsp 2.0G Jul 18 13:05 /data/TRANSIENT_BUFFER/PDR_GULP_data001.pcap_18_07_2026_13_05_1784360128.PCAP_PDR
-rw------- 1 dsp dsp 2.0G Jul 18 13:05 /data/TRANSIENT_BUFFER/PDR_GULP_data002.pcap_18_07_2026_13_05_1784360157.PCAP_PDR
-rw------- 1 dsp dsp 2.0G Jul 18 13:06 /data/TRANSIENT_BUFFER/PDR_GULP_data000.pcap_18_07_2026_13_06_1784360186.PCAP_PDR
-rw------- 1 dsp dsp 2.0G Jul 18 13:06 /data/TRANSIENT_BUFFER/PDR_GULP_data001.pcap_18_07_2026_13_06_1784360215.PCAP_PDR
-rw------- 1 dsp dsp 2.0G Jul 18 13:07 /data/TRANSIENT_BUFFER/PDR_GULP_data002.pcap_18_07_2026_13_07_1784360245.PCAP_PDR
-rw------- 1 dsp dsp 2.0G Jul 18 13:07 /data/TRANSIENT_BUFFER/PDR_GULP_data000.pcap_18_07_2026_13_07_1784360274.PCAP_PDR
-rw------- 1 dsp dsp 2.0G Jul 18 13:08 /data/TRANSIENT_BUFFER/PDR_GULP_data001.pcap_18_07_2026_13_08_1784360303.PCAP_PDR
-rw------- 1 dsp dsp 2.0G Jul 18 13:08 /data/TRANSIENT_BUFFER/PDR_GULP_data002.pcap_18_07_2026_13_08_1784360332.PCAP_PDR
-rw------- 1 dsp dsp 2.0G Jul 18 13:09 /data/TRANSIENT_BUFFER/PDR_GULP_data000.pcap_18_07_2026_13_09_1784360361.PCAP_PDR
-rw------- 1 dsp dsp 2.0G Jul 18 13:09 /data/TRANSIENT_BUFFER/PDR_GULP_data001.pcap_18_07_2026_13_09_1784360391.PCAP_PDR
-rw------- 1 dsp dsp 2.0G Jul 18 13:10 /data/TRANSIENT_BUFFER/PDR_GULP_data002.pcap_18_07_2026_13_10_1784360420.PCAP_PDR
-rw------- 1 dsp dsp 2.0G Jul 18 13:10 /data/TRANSIENT_BUFFER/PDR_GULP_data000.pcap_18_07_2026_13_10_1784360449.PCAP_PDR
-rw------- 1 dsp dsp 2.0G Jul 18 13:11 /data/TRANSIENT_BUFFER/PDR_GULP_data001.pcap_18_07_2026_13_11_1784360478.PCAP_PDR
-rw------- 1 dsp dsp 2.0G Jul 18 13:11 /data/TRANSIENT_BUFFER/PDR_GULP_data002.pcap_18_07_2026_13_11_1784360507.PCAP_PDR
-rw------- 1 dsp dsp 2.0G Jul 18 13:12 /data/TRANSIENT_BUFFER/PDR_GULP_data000.pcap_18_07_2026_13_12_1784360537.PCAP_PDR
-rw------- 1 dsp dsp 2.0G Jul 18 13:12 /data/TRANSIENT_BUFFER/PDR_GULP_data001.pcap_18_07_2026_13_12_1784360566.PCAP_PDR
-rw------- 1 dsp dsp 2.0G Jul 18 13:13 /data/TRANSIENT_BUFFER/PDR_GULP_data002.pcap_18_07_2026_13_13_1784360595.PCAP_PDR
-rw------- 1 dsp dsp 2.0G Jul 18 13:13 /data/TRANSIENT_BUFFER/PDR_GULP_data000.pcap_18_07_2026_13_13_1784360624.PCAP_PDR
-rw------- 1 dsp dsp 2.0G Jul 18 13:14 /data/TRANSIENT_BUFFER/PDR_GULP_data001.pcap_18_07_2026_13_14_1784360653.PCAP_PDR
-rw------- 1 dsp dsp 2.0G Jul 18 13:14 /data/TRANSIENT_BUFFER/PDR_GULP_data002.pcap_18_07_2026_13_14_1784360683.PCAP_PDR
-rw------- 1 dsp dsp 2.0G Jul 18 13:15 /data/TRANSIENT_BUFFER/PDR_GULP_data000.pcap_18_07_2026_13_15_1784360712.PCAP_PDR
-rw------- 1 dsp dsp 2.0G Jul 18 13:15 /data/TRANSIENT_BUFFER/PDR_GULP_data001.pcap_18_07_2026_13_15_1784360741.PCAP_PDR
-rw------- 1 dsp dsp 2.0G Jul 18 13:16 /data/TRANSIENT_BUFFER/PDR_GULP_data002.pcap_18_07_2026_13_16_1784360770.PCAP_PDR
-rw------- 1 dsp dsp 2.0G Jul 18 13:16 /data/TRANSIENT_BUFFER/PDR_GULP_data000.pcap_18_07_2026_13_16_1784360800.PCAP_PDR
-rw------- 1 dsp dsp 2.0G Jul 18 13:17 /data/TRANSIENT_BUFFER/PDR_GULP_data001.pcap_18_07_2026_13_17_1784360829.PCAP_PDR
-rw------- 1 dsp dsp 2.0G Jul 18 13:17 /data/TRANSIENT_BUFFER/PDR_GULP_data002.pcap_18_07_2026_13_17_1784360858.PCAP_PDR
-rw------- 1 dsp dsp 2.0G Jul 18 13:18 /data/TRANSIENT_BUFFER/PDR_GULP_data000.pcap_18_07_2026_13_18_1784360887.PCAP_PDR
-rw------- 1 dsp dsp 2.0G Jul 18 13:18 /data/TRANSIENT_BUFFER/PDR_GULP_data001.pcap_18_07_2026_13_18_1784360916.PCAP_PDR
-rw------- 1 dsp dsp 2.0G Jul 18 13:19 /data/TRANSIENT_BUFFER/PDR_GULP_data002.pcap_18_07_2026_13_19_1784360946.PCAP_PDR
-rw------- 1 dsp dsp 2.0G Jul 18 13:19 /data/TRANSIENT_BUFFER/PDR_GULP_data000.pcap_18_07_2026_13_19_1784360975.PCAP_PDR
-rw------- 1 dsp dsp 2.0G Jul 18 13:20 /data/TRANSIENT_BUFFER/PDR_GULP_data001.pcap_18_07_2026_13_20_1784361004.PCAP_PDR
-rw------- 1 dsp dsp 2.0G Jul 18 13:20 /data/TRANSIENT_BUFFER/PDR_GULP_data002.pcap_18_07_2026_13_20_1784361033.PCAP_PDR
-rw------- 1 dsp dsp 2.0G Jul 18 13:20 /data/TRANSIENT_BUFFER/PDR_GULP_data000.pcap_18_07_2026_13_21_1784361062.PCAP_PDR
-rw------- 1 dsp dsp 2.0G Jul 18 13:21 /data/TRANSIENT_BUFFER/PDR_GULP_data001.pcap_18_07_2026_13_21_1784361092.PCAP_PDR
-rw------- 1 dsp dsp 2.0G Jul 18 13:21 /data/TRANSIENT_BUFFER/PDR_GULP_data002.pcap_18_07_2026_13_22_1784361121.PCAP_PDR
-rw------- 1 dsp dsp 2.0G Jul 18 13:22 /data/TRANSIENT_BUFFER/PDR_GULP_data000.pcap_18_07_2026_13_22_1784361150.PCAP_PDR
-rw------- 1 dsp dsp 2.0G Jul 18 13:22 /data/TRANSIENT_BUFFER/PDR_GULP_data001.pcap_18_07_2026_13_22_1784361179.PCAP_PDR
-rw------- 1 dsp dsp 2.0G Jul 18 13:23 /data/TRANSIENT_BUFFER/PDR_GULP_data002.pcap_18_07_2026_13_23_1784361208.PCAP_PDR
-rw------- 1 dsp dsp 2.0G Jul 18 13:23 /data/TRANSIENT_BUFFER/PDR_GULP_data000.pcap_18_07_2026_13_23_1784361238.PCAP_PDR
-rw------- 1 dsp dsp 2.0G Jul 18 13:24 /data/TRANSIENT_BUFFER/PDR_GULP_data001.pcap_18_07_2026_13_24_1784361267.PCAP_PDR
-rw------- 1 dsp dsp 2.0G Jul 18 13:24 /data/TRANSIENT_BUFFER/PDR_GULP_data002.pcap_18_07_2026_13_24_1784361296.PCAP_PDR
-rw------- 1 dsp dsp 2.0G Jul 18 13:25 /data/TRANSIENT_BUFFER/PDR_GULP_data000.pcap_18_07_2026_13_25_1784361325.PCAP_PDR
-rw------- 1 dsp dsp 2.0G Jul 18 13:25 /data/TRANSIENT_BUFFER/PDR_GULP_data001.pcap_18_07_2026_13_25_1784361354.PCAP_PDR
-rw------- 1 dsp dsp 2.0G Jul 18 13:26 /data/TRANSIENT_BUFFER/PDR_GULP_data002.pcap_18_07_2026_13_26_1784361384.PCAP_PDR
-rw------- 1 dsp dsp 2.0G Jul 18 13:26 /data/TRANSIENT_BUFFER/PDR_GULP_data000.pcap_18_07_2026_13_26_1784361413.PCAP_PDR
-rw------- 1 dsp dsp 2.0G Jul 18 13:27 /data/TRANSIENT_BUFFER/PDR_GULP_data001.pcap_18_07_2026_13_27_1784361442.PCAP_PDR
-rw------- 1 dsp dsp 2.0G Jul 18 13:27 /data/TRANSIENT_BUFFER/PDR_GULP_data002.pcap_18_07_2026_13_27_1784361471.PCAP_PDR
-rw------- 1 dsp dsp 2.0G Jul 18 13:28 /data/TRANSIENT_BUFFER/PDR_GULP_data000.pcap_18_07_2026_13_28_1784361501.PCAP_PDR
-rw------- 1 dsp dsp 2.0G Jul 18 13:28 /data/TRANSIENT_BUFFER/PDR_GULP_data001.pcap_18_07_2026_13_28_1784361530.PCAP_PDR
-rw------- 1 dsp dsp 2.0G Jul 18 13:29 /data/TRANSIENT_BUFFER/PDR_GULP_data002.pcap_18_07_2026_13_29_1784361559.PCAP_PDR
-rw------- 1 dsp dsp 2.0G Jul 18 13:29 /data/TRANSIENT_BUFFER/PDR_GULP_data000.pcap_18_07_2026_13_29_1784361588.PCAP_PDR
-rw------- 1 dsp dsp 2.0G Jul 18 13:30 /data/TRANSIENT_BUFFER/PDR_GULP_data001.pcap_18_07_2026_13_30_1784361617.PCAP_PDR
-rw------- 1 dsp dsp 2.0G Jul 18 13:30 /data/TRANSIENT_BUFFER/PDR_GULP_data002.pcap_18_07_2026_13_30_1784361647.PCAP_PDR
-rw------- 1 dsp dsp 2.0G Jul 18 13:31 /data/TRANSIENT_BUFFER/PDR_GULP_data000.pcap_18_07_2026_13_31_1784361676.PCAP_PDR
-rw------- 1 dsp dsp 2.0G Jul 18 13:31 /data/TRANSIENT_BUFFER/PDR_GULP_data001.pcap_18_07_2026_13_31_1784361705.PCAP_PDR
18-07-2026 13:32 RAW PCAP data moved from Transient Buffer.
18-07-2026 13:32 SLIP check Started ...
18-07-2026 13:32 - WARNING - Data Directory: /data/dsp/GBD_TRANSIENT_BUFFER/J0837+0610/18_07_2026
18-07-2026 13:32 - WARNING - Number of Files: 80
18-07-2026 13:32 - WARNING - No packet loss: /data/dsp/GBD_TRANSIENT_BUFFER/J0837+0610/18_07_2026/PDR_GULP_data000.pcap_18_07_2026_12_53_1784359398.PCAP_PDR
18-07-2026 13:32 - WARNING - first_pkt_count, first_gps_count, first_pkt_Tstamp
18-07-2026 13:32 - WARNING - 1290060873 8432 2026-07-18T07:22:45.819720
18-07-2026 13:32 - WARNING - last_pkt_count, last_gps_count, last_pkt_Tstamp
18-07-2026 13:32 - WARNING - 1291943414 8462 2026-07-18T07:23:15.027577
18-07-2026 13:32 - WARNING - diff_pkt_count  , diff_gps_count ,  diff_pkt_timstamp
18-07-2026 13:32 - WARNING - 1882541 30 29207857 microseconds
18-07-2026 13:32 - WARNING - No packet loss: /data/dsp/GBD_TRANSIENT_BUFFER/J0837+0610/18_07_2026/PDR_GULP_data001.pcap_18_07_2026_12_53_1784359427.PCAP_PDR
18-07-2026 13:32 - WARNING - first_pkt_count, first_gps_count, first_pkt_Tstamp
18-07-2026 13:32 - WARNING - 1291943415 8462 2026-07-18T07:23:15.027661
18-07-2026 13:32 - WARNING - last_pkt_count, last_gps_count, last_pkt_Tstamp
18-07-2026 13:32 - WARNING - 1293825957 8491 2026-07-18T07:23:44.235481
18-07-2026 13:32 - WARNING - diff_pkt_count  , diff_gps_count ,  diff_pkt_timstamp
18-07-2026 13:32 - WARNING - 1882542 29 29207820 microseconds
18-07-2026 13:32 - WARNING - No packet loss: /data/dsp/GBD_TRANSIENT_BUFFER/J0837+0610/18_07_2026/PDR_GULP_data002.pcap_18_07_2026_12_54_1784359456.PCAP_PDR
18-07-2026 13:32 - WARNING - first_pkt_count, first_gps_count, first_pkt_Tstamp
18-07-2026 13:32 - WARNING - 1293825958 8491 2026-07-18T07:23:44.235481
18-07-2026 13:32 - WARNING - last_pkt_count, last_gps_count, last_pkt_Tstamp
18-07-2026 13:32 - WARNING - 1295708499 8520 2026-07-18T07:24:13.443398
18-07-2026 13:32 - WARNING - diff_pkt_count  , diff_gps_count ,  diff_pkt_timstamp
18-07-2026 13:32 - WARNING - 1882541 29 29207917 microseconds
18-07-2026 13:32 - WARNING - No packet loss: /data/dsp/GBD_TRANSIENT_BUFFER/J0837+0610/18_07_2026/PDR_GULP_data000.pcap_18_07_2026_12_54_1784359485.PCAP_PDR
18-07-2026 13:32 - WARNING - first_pkt_count, first_gps_count, first_pkt_Tstamp
18-07-2026 13:32 - WARNING - 1295708500 8520 2026-07-18T07:24:13.443398
18-07-2026 13:32 - WARNING - last_pkt_count, last_gps_count, last_pkt_Tstamp
18-07-2026 13:32 - WARNING - 1297591041 8549 2026-07-18T07:24:42.651257
18-07-2026 13:32 - WARNING - diff_pkt_count  , diff_gps_count ,  diff_pkt_timstamp
18-07-2026 13:32 - WARNING - 1882541 29 29207859 microseconds
18-07-2026 13:32 - WARNING - No packet loss: /data/dsp/GBD_TRANSIENT_BUFFER/J0837+0610/18_07_2026/PDR_GULP_data001.pcap_18_07_2026_12_55_1784359514.PCAP_PDR
18-07-2026 13:32 - WARNING - first_pkt_count, first_gps_count, first_pkt_Tstamp
18-07-2026 13:32 - WARNING - 1297591042 8549 2026-07-18T07:24:42.651258
18-07-2026 13:32 - WARNING - last_pkt_count, last_gps_count, last_pkt_Tstamp
18-07-2026 13:32 - WARNING - 1299473583 8578 2026-07-18T07:25:11.859127
18-07-2026 13:32 - WARNING - diff_pkt_count  , diff_gps_count ,  diff_pkt_timstamp
18-07-2026 13:32 - WARNING - 1882541 29 29207869 microseconds
18-07-2026 13:32 - WARNING - No packet loss: /data/dsp/GBD_TRANSIENT_BUFFER/J0837+0610/18_07_2026/PDR_GULP_data002.pcap_18_07_2026_12_55_1784359544.PCAP_PDR
18-07-2026 13:32 - WARNING - first_pkt_count, first_gps_count, first_pkt_Tstamp
18-07-2026 13:32 - WARNING - 1299473584 8578 2026-07-18T07:25:11.859128
18-07-2026 13:32 - WARNING - last_pkt_count, last_gps_count, last_pkt_Tstamp
18-07-2026 13:32 - WARNING - 1301356125 8608 2026-07-18T07:25:41.067001
18-07-2026 13:32 - WARNING - diff_pkt_count  , diff_gps_count ,  diff_pkt_timstamp
18-07-2026 13:32 - WARNING - 1882541 30 29207873 microseconds
18-07-2026 13:32 - WARNING - No packet loss: /data/dsp/GBD_TRANSIENT_BUFFER/J0837+0610/18_07_2026/PDR_GULP_data000.pcap_18_07_2026_12_56_1784359573.PCAP_PDR
18-07-2026 13:32 - WARNING - first_pkt_count, first_gps_count, first_pkt_Tstamp
18-07-2026 13:32 - WARNING - 1301356126 8608 2026-07-18T07:25:41.067001
18-07-2026 13:32 - WARNING - last_pkt_count, last_gps_count, last_pkt_Tstamp
18-07-2026 13:32 - WARNING - 1303238667 8637 2026-07-18T07:26:10.274812
18-07-2026 13:32 - WARNING - diff_pkt_count  , diff_gps_count ,  diff_pkt_timstamp
18-07-2026 13:32 - WARNING - 1882541 29 29207811 microseconds
18-07-2026 13:32 - WARNING - No packet loss: /data/dsp/GBD_TRANSIENT_BUFFER/J0837+0610/18_07_2026/PDR_GULP_data001.pcap_18_07_2026_12_56_1784359602.PCAP_PDR
18-07-2026 13:32 - WARNING - first_pkt_count, first_gps_count, first_pkt_Tstamp
18-07-2026 13:32 - WARNING - 1303238668 8637 2026-07-18T07:26:10.274904
18-07-2026 13:32 - WARNING - last_pkt_count, last_gps_count, last_pkt_Tstamp
18-07-2026 13:32 - WARNING - 1305121210 8666 2026-07-18T07:26:39.482732
18-07-2026 13:32 - WARNING - diff_pkt_count  , diff_gps_count ,  diff_pkt_timstamp
18-07-2026 13:32 - WARNING - 1882542 29 29207828 microseconds
18-07-2026 13:32 - WARNING - No packet loss: /data/dsp/GBD_TRANSIENT_BUFFER/J0837+0610/18_07_2026/PDR_GULP_data002.pcap_18_07_2026_12_57_1784359631.PCAP_PDR
18-07-2026 13:32 - WARNING - first_pkt_count, first_gps_count, first_pkt_Tstamp
18-07-2026 13:32 - WARNING - 1305121211 8666 2026-07-18T07:26:39.482732
18-07-2026 13:32 - WARNING - last_pkt_count, last_gps_count, last_pkt_Tstamp
18-07-2026 13:32 - WARNING - 1307003752 8695 2026-07-18T07:27:08.690629
18-07-2026 13:32 - WARNING - diff_pkt_count  , diff_gps_count ,  diff_pkt_timstamp
18-07-2026 13:32 - WARNING - 1882541 29 29207897 microseconds
18-07-2026 13:32 - WARNING - No packet loss: /data/dsp/GBD_TRANSIENT_BUFFER/J0837+0610/18_07_2026/PDR_GULP_data000.pcap_18_07_2026_12_57_1784359660.PCAP_PDR
18-07-2026 13:32 - WARNING - first_pkt_count, first_gps_count, first_pkt_Tstamp
18-07-2026 13:32 - WARNING - 1307003753 8695 2026-07-18T07:27:08.690629
18-07-2026 13:32 - WARNING - last_pkt_count, last_gps_count, last_pkt_Tstamp
18-07-2026 13:32 - WARNING - 1308886294 8724 2026-07-18T07:27:37.898481
18-07-2026 13:32 - WARNING - diff_pkt_count  , diff_gps_count ,  diff_pkt_timstamp
18-07-2026 13:32 - WARNING - 1882541 29 29207852 microseconds
18-07-2026 13:32 - WARNING - No packet loss: /data/dsp/GBD_TRANSIENT_BUFFER/J0837+0610/18_07_2026/PDR_GULP_data001.pcap_18_07_2026_12_58_1784359690.PCAP_PDR
18-07-2026 13:32 - WARNING - first_pkt_count, first_gps_count, first_pkt_Tstamp
18-07-2026 13:32 - WARNING - 1308886295 8724 2026-07-18T07:27:37.898562
18-07-2026 13:32 - WARNING - last_pkt_count, last_gps_count, last_pkt_Tstamp
18-07-2026 13:32 - WARNING - 1310768836 8754 2026-07-18T07:28:07.106336
18-07-2026 13:32 - WARNING - diff_pkt_count  , diff_gps_count ,  diff_pkt_timstamp
18-07-2026 13:32 - WARNING - 1882541 30 29207774 microseconds
18-07-2026 13:32 - WARNING - No packet loss: /data/dsp/GBD_TRANSIENT_BUFFER/J0837+0610/18_07_2026/PDR_GULP_data002.pcap_18_07_2026_12_58_1784359719.PCAP_PDR
18-07-2026 13:32 - WARNING - first_pkt_count, first_gps_count, first_pkt_Tstamp
18-07-2026 13:32 - WARNING - 1310768837 8754 2026-07-18T07:28:07.106336
18-07-2026 13:32 - WARNING - last_pkt_count, last_gps_count, last_pkt_Tstamp
18-07-2026 13:32 - WARNING - 1312651378 8783 2026-07-18T07:28:36.314208
18-07-2026 13:32 - WARNING - diff_pkt_count  , diff_gps_count ,  diff_pkt_timstamp
18-07-2026 13:32 - WARNING - 1882541 29 29207872 microseconds
18-07-2026 13:32 - WARNING - No packet loss: /data/dsp/GBD_TRANSIENT_BUFFER/J0837+0610/18_07_2026/PDR_GULP_data000.pcap_18_07_2026_12_59_1784359748.PCAP_PDR
18-07-2026 13:32 - WARNING - first_pkt_count, first_gps_count, first_pkt_Tstamp
18-07-2026 13:32 - WARNING - 1312651379 8783 2026-07-18T07:28:36.314208
18-07-2026 13:32 - WARNING - last_pkt_count, last_gps_count, last_pkt_Tstamp
18-07-2026 13:32 - WARNING - 1314533920 8812 2026-07-18T07:29:05.522092
18-07-2026 13:32 - WARNING - diff_pkt_count  , diff_gps_count ,  diff_pkt_timstamp
18-07-2026 13:32 - WARNING - 1882541 29 29207884 microseconds
18-07-2026 13:32 - WARNING - No packet loss: /data/dsp/GBD_TRANSIENT_BUFFER/J0837+0610/18_07_2026/PDR_GULP_data001.pcap_18_07_2026_12_59_1784359777.PCAP_PDR
18-07-2026 13:32 - WARNING - first_pkt_count, first_gps_count, first_pkt_Tstamp
18-07-2026 13:32 - WARNING - 1314533921 8812 2026-07-18T07:29:05.522092
18-07-2026 13:32 - WARNING - last_pkt_count, last_gps_count, last_pkt_Tstamp
18-07-2026 13:32 - WARNING - 1316416463 8841 2026-07-18T07:29:34.729967
18-07-2026 13:32 - WARNING - diff_pkt_count  , diff_gps_count ,  diff_pkt_timstamp
18-07-2026 13:32 - WARNING - 1882542 29 29207875 microseconds
18-07-2026 13:32 - WARNING - No packet loss: /data/dsp/GBD_TRANSIENT_BUFFER/J0837+0610/18_07_2026/PDR_GULP_data002.pcap_18_07_2026_13_00_1784359806.PCAP_PDR
18-07-2026 13:32 - WARNING - first_pkt_count, first_gps_count, first_pkt_Tstamp
18-07-2026 13:32 - WARNING - 1316416464 8841 2026-07-18T07:29:34.729967
18-07-2026 13:32 - WARNING - last_pkt_count, last_gps_count, last_pkt_Tstamp
18-07-2026 13:32 - WARNING - 1318299005 8870 2026-07-18T07:30:03.937830
18-07-2026 13:32 - WARNING - diff_pkt_count  , diff_gps_count ,  diff_pkt_timstamp
18-07-2026 13:32 - WARNING - 1882541 29 29207863 microseconds
18-07-2026 13:32 - WARNING - No packet loss: /data/dsp/GBD_TRANSIENT_BUFFER/J0837+0610/18_07_2026/PDR_GULP_data000.pcap_18_07_2026_13_00_1784359836.PCAP_PDR
18-07-2026 13:32 - WARNING - first_pkt_count, first_gps_count, first_pkt_Tstamp
18-07-2026 13:32 - WARNING - 1318299006 8870 2026-07-18T07:30:03.937830
18-07-2026 13:32 - WARNING - last_pkt_count, last_gps_count, last_pkt_Tstamp
18-07-2026 13:32 - WARNING - 1320181547 8900 2026-07-18T07:30:33.145684
18-07-2026 13:32 - WARNING - diff_pkt_count  , diff_gps_count ,  diff_pkt_timstamp
18-07-2026 13:32 - WARNING - 1882541 30 29207854 microseconds
18-07-2026 13:32 - WARNING - No packet loss: /data/dsp/GBD_TRANSIENT_BUFFER/J0837+0610/18_07_2026/PDR_GULP_data001.pcap_18_07_2026_13_01_1784359865.PCAP_PDR
18-07-2026 13:32 - WARNING - first_pkt_count, first_gps_count, first_pkt_Tstamp
18-07-2026 13:32 - WARNING - 1320181548 8900 2026-07-18T07:30:33.145684
18-07-2026 13:32 - WARNING - last_pkt_count, last_gps_count, last_pkt_Tstamp
18-07-2026 13:32 - WARNING - 1322064089 8929 2026-07-18T07:31:02.353555
18-07-2026 13:32 - WARNING - diff_pkt_count  , diff_gps_count ,  diff_pkt_timstamp
18-07-2026 13:32 - WARNING - 1882541 29 29207871 microseconds
18-07-2026 13:32 - WARNING - No packet loss: /data/dsp/GBD_TRANSIENT_BUFFER/J0837+0610/18_07_2026/PDR_GULP_data002.pcap_18_07_2026_13_01_1784359894.PCAP_PDR
18-07-2026 13:32 - WARNING - first_pkt_count, first_gps_count, first_pkt_Tstamp
18-07-2026 13:32 - WARNING - 1322064090 8929 2026-07-18T07:31:02.353556
18-07-2026 13:32 - WARNING - last_pkt_count, last_gps_count, last_pkt_Tstamp
18-07-2026 13:32 - WARNING - 1323946631 8958 2026-07-18T07:31:31.561430
18-07-2026 13:32 - WARNING - diff_pkt_count  , diff_gps_count ,  diff_pkt_timstamp
18-07-2026 13:32 - WARNING - 1882541 29 29207874 microseconds
18-07-2026 13:32 - WARNING - No packet loss: /data/dsp/GBD_TRANSIENT_BUFFER/J0837+0610/18_07_2026/PDR_GULP_data000.pcap_18_07_2026_13_02_1784359923.PCAP_PDR
18-07-2026 13:32 - WARNING - first_pkt_count, first_gps_count, first_pkt_Tstamp
18-07-2026 13:32 - WARNING - 1323946632 8958 2026-07-18T07:31:31.561430
18-07-2026 13:32 - WARNING - last_pkt_count, last_gps_count, last_pkt_Tstamp
18-07-2026 13:32 - WARNING - 1325829173 8987 2026-07-18T07:32:00.769277
18-07-2026 13:32 - WARNING - diff_pkt_count  , diff_gps_count ,  diff_pkt_timstamp
18-07-2026 13:32 - WARNING - 1882541 29 29207847 microseconds
18-07-2026 13:32 - WARNING - No packet loss: /data/dsp/GBD_TRANSIENT_BUFFER/J0837+0610/18_07_2026/PDR_GULP_data001.pcap_18_07_2026_13_02_1784359952.PCAP_PDR
18-07-2026 13:32 - WARNING - first_pkt_count, first_gps_count, first_pkt_Tstamp
18-07-2026 13:32 - WARNING - 1325829174 8987 2026-07-18T07:32:00.769277
18-07-2026 13:32 - WARNING - last_pkt_count, last_gps_count, last_pkt_Tstamp
18-07-2026 13:32 - WARNING - 1327711716 9016 2026-07-18T07:32:29.977167
18-07-2026 13:32 - WARNING - diff_pkt_count  , diff_gps_count ,  diff_pkt_timstamp
18-07-2026 13:32 - WARNING - 1882542 29 29207890 microseconds
18-07-2026 13:32 - WARNING - No packet loss: /data/dsp/GBD_TRANSIENT_BUFFER/J0837+0610/18_07_2026/PDR_GULP_data002.pcap_18_07_2026_13_03_1784359982.PCAP_PDR
18-07-2026 13:32 - WARNING - first_pkt_count, first_gps_count, first_pkt_Tstamp
18-07-2026 13:32 - WARNING - 1327711717 9016 2026-07-18T07:32:29.977167
18-07-2026 13:32 - WARNING - last_pkt_count, last_gps_count, last_pkt_Tstamp
18-07-2026 13:32 - WARNING - 1329594258 9046 2026-07-18T07:32:59.185060
18-07-2026 13:32 - WARNING - diff_pkt_count  , diff_gps_count ,  diff_pkt_timstamp
18-07-2026 13:32 - WARNING - 1882541 30 29207893 microseconds
18-07-2026 13:32 - WARNING - No packet loss: /data/dsp/GBD_TRANSIENT_BUFFER/J0837+0610/18_07_2026/PDR_GULP_data000.pcap_18_07_2026_13_03_1784360011.PCAP_PDR
18-07-2026 13:32 - WARNING - first_pkt_count, first_gps_count, first_pkt_Tstamp
18-07-2026 13:32 - WARNING - 1329594259 9046 2026-07-18T07:32:59.185060
18-07-2026 13:32 - WARNING - last_pkt_count, last_gps_count, last_pkt_Tstamp
18-07-2026 13:32 - WARNING - 1331476800 9075 2026-07-18T07:33:28.392882
18-07-2026 13:32 - WARNING - diff_pkt_count  , diff_gps_count ,  diff_pkt_timstamp
18-07-2026 13:32 - WARNING - 1882541 29 29207822 microseconds
18-07-2026 13:32 - WARNING - No packet loss: /data/dsp/GBD_TRANSIENT_BUFFER/J0837+0610/18_07_2026/PDR_GULP_data001.pcap_18_07_2026_13_04_1784360040.PCAP_PDR
18-07-2026 13:32 - WARNING - first_pkt_count, first_gps_count, first_pkt_Tstamp
18-07-2026 13:32 - WARNING - 1331476801 9075 2026-07-18T07:33:28.392882
18-07-2026 13:32 - WARNING - last_pkt_count, last_gps_count, last_pkt_Tstamp
18-07-2026 13:32 - WARNING - 1333359342 9104 2026-07-18T07:33:57.600759
18-07-2026 13:32 - WARNING - diff_pkt_count  , diff_gps_count ,  diff_pkt_timstamp
18-07-2026 13:32 - WARNING - 1882541 29 29207877 microseconds
18-07-2026 13:32 - WARNING - No packet loss: /data/dsp/GBD_TRANSIENT_BUFFER/J0837+0610/18_07_2026/PDR_GULP_data002.pcap_18_07_2026_13_04_1784360069.PCAP_PDR
18-07-2026 13:32 - WARNING - first_pkt_count, first_gps_count, first_pkt_Tstamp
18-07-2026 13:32 - WARNING - 1333359343 9104 2026-07-18T07:33:57.600759
18-07-2026 13:32 - WARNING - last_pkt_count, last_gps_count, last_pkt_Tstamp
18-07-2026 13:32 - WARNING - 1335241884 9133 2026-07-18T07:34:26.808609
18-07-2026 13:32 - WARNING - diff_pkt_count  , diff_gps_count ,  diff_pkt_timstamp
18-07-2026 13:32 - WARNING - 1882541 29 29207850 microseconds
18-07-2026 13:32 - WARNING - No packet loss: /data/dsp/GBD_TRANSIENT_BUFFER/J0837+0610/18_07_2026/PDR_GULP_data000.pcap_18_07_2026_13_04_1784360099.PCAP_PDR
18-07-2026 13:32 - WARNING - first_pkt_count, first_gps_count, first_pkt_Tstamp
18-07-2026 13:32 - WARNING - 1335241885 9133 2026-07-18T07:34:26.808610
18-07-2026 13:32 - WARNING - last_pkt_count, last_gps_count, last_pkt_Tstamp
18-07-2026 13:32 - WARNING - 1337124426 9163 2026-07-18T07:34:56.016515
18-07-2026 13:32 - WARNING - diff_pkt_count  , diff_gps_count ,  diff_pkt_timstamp
18-07-2026 13:32 - WARNING - 1882541 30 29207905 microseconds
18-07-2026 13:32 - WARNING - No packet loss: /data/dsp/GBD_TRANSIENT_BUFFER/J0837+0610/18_07_2026/PDR_GULP_data001.pcap_18_07_2026_13_05_1784360128.PCAP_PDR
18-07-2026 13:32 - WARNING - first_pkt_count, first_gps_count, first_pkt_Tstamp
18-07-2026 13:32 - WARNING - 1337124427 9163 2026-07-18T07:34:56.016516
18-07-2026 13:32 - WARNING - last_pkt_count, last_gps_count, last_pkt_Tstamp
18-07-2026 13:32 - WARNING - 1339006969 9192 2026-07-18T07:35:25.224385
18-07-2026 13:32 - WARNING - diff_pkt_count  , diff_gps_count ,  diff_pkt_timstamp
18-07-2026 13:32 - WARNING - 1882542 29 29207869 microseconds
18-07-2026 13:32 - WARNING - Packet loss: /data/dsp/GBD_TRANSIENT_BUFFER/J0837+0610/18_07_2026/PDR_GULP_data002.pcap_18_07_2026_13_05_1784360157.PCAP_PDR
18-07-2026 13:32 - WARNING - Packet loss found .... Being fixed ... Please wait ...
18-07-2026 13:32 - WARNING - PCAP filtering ... tcpdump -r /data/dsp/GBD_TRANSIENT_BUFFER/J0837+0610/18_07_2026/PDR_GULP_data002.pcap_18_07_2026_13_05_1784360157.PCAP_PDR.pcap -w PDR_GULP_data002.pcap_18_07_2026_13_05_1784360157_filtered.PCAP_PDR.pcap  host 172.10.10.1 and port 55000 
18-07-2026 13:32 - WARNING - Patched /data/dsp/GBD_TRANSIENT_BUFFER/J0837+0610/18_07_2026/PDR_GULP_data002.pcap_18_07_2026_13_05_1784360157.PCAP_PDR as PDR_GULP_data002.pcap_18_07_2026_13_05_1784360157_filtered.PCAP_PDR
18-07-2026 13:32 - WARNING - Gulped file moved to /data/dsp/GBD_TRANSIENT_BUFFER/J0837+0610/18_07_2026/GULPED
18-07-2026 13:32 - WARNING - first_pkt_count, first_gps_count, first_pkt_Tstamp
18-07-2026 13:32 - WARNING - 1339006970 9192 2026-07-18T07:35:25.224385
18-07-2026 13:32 - WARNING - last_pkt_count, last_gps_count, last_pkt_Tstamp
18-07-2026 13:32 - WARNING - 1340889511 9221 2026-07-18T07:35:54.432315
18-07-2026 13:32 - WARNING - diff_pkt_count  , diff_gps_count ,  diff_pkt_timstamp
18-07-2026 13:32 - WARNING - 1882541 29 29207930 microseconds
18-07-2026 13:32 - WARNING - No packet loss: /data/dsp/GBD_TRANSIENT_BUFFER/J0837+0610/18_07_2026/PDR_GULP_data000.pcap_18_07_2026_13_06_1784360186.PCAP_PDR
18-07-2026 13:32 - WARNING - first_pkt_count, first_gps_count, first_pkt_Tstamp
18-07-2026 13:32 - WARNING - 1340889512 9221 2026-07-18T07:35:54.432315
18-07-2026 13:32 - WARNING - last_pkt_count, last_gps_count, last_pkt_Tstamp
18-07-2026 13:32 - WARNING - 1342772053 9250 2026-07-18T07:36:23.640128
18-07-2026 13:32 - WARNING - diff_pkt_count  , diff_gps_count ,  diff_pkt_timstamp
18-07-2026 13:32 - WARNING - 1882541 29 29207813 microseconds
18-07-2026 13:32 - WARNING - No packet loss: /data/dsp/GBD_TRANSIENT_BUFFER/J0837+0610/18_07_2026/PDR_GULP_data001.pcap_18_07_2026_13_06_1784360215.PCAP_PDR
18-07-2026 13:32 - WARNING - first_pkt_count, first_gps_count, first_pkt_Tstamp
18-07-2026 13:32 - WARNING - 1342772054 9250 2026-07-18T07:36:23.640128
18-07-2026 13:32 - WARNING - last_pkt_count, last_gps_count, last_pkt_Tstamp
18-07-2026 13:32 - WARNING - 1344654595 9279 2026-07-18T07:36:52.847975
18-07-2026 13:32 - WARNING - diff_pkt_count  , diff_gps_count ,  diff_pkt_timstamp
18-07-2026 13:32 - WARNING - 1882541 29 29207847 microseconds
18-07-2026 13:32 - WARNING - No packet loss: /data/dsp/GBD_TRANSIENT_BUFFER/J0837+0610/18_07_2026/PDR_GULP_data002.pcap_18_07_2026_13_07_1784360245.PCAP_PDR
18-07-2026 13:32 - WARNING - first_pkt_count, first_gps_count, first_pkt_Tstamp
18-07-2026 13:32 - WARNING - 1344654596 9279 2026-07-18T07:36:52.847976
18-07-2026 13:32 - WARNING - last_pkt_count, last_gps_count, last_pkt_Tstamp
18-07-2026 13:32 - WARNING - 1346537137 9309 2026-07-18T07:37:22.055845
18-07-2026 13:32 - WARNING - diff_pkt_count  , diff_gps_count ,  diff_pkt_timstamp
18-07-2026 13:32 - WARNING - 1882541 30 29207869 microseconds
18-07-2026 13:32 - WARNING - No packet loss: /data/dsp/GBD_TRANSIENT_BUFFER/J0837+0610/18_07_2026/PDR_GULP_data000.pcap_18_07_2026_13_07_1784360274.PCAP_PDR
18-07-2026 13:32 - WARNING - first_pkt_count, first_gps_count, first_pkt_Tstamp
18-07-2026 13:32 - WARNING - 1346537138 9309 2026-07-18T07:37:22.055846
18-07-2026 13:32 - WARNING - last_pkt_count, last_gps_count, last_pkt_Tstamp
18-07-2026 13:32 - WARNING - 1348419679 9338 2026-07-18T07:37:51.263704
18-07-2026 13:32 - WARNING - diff_pkt_count  , diff_gps_count ,  diff_pkt_timstamp
18-07-2026 13:32 - WARNING - 1882541 29 29207858 microseconds
18-07-2026 13:32 - WARNING - No packet loss: /data/dsp/GBD_TRANSIENT_BUFFER/J0837+0610/18_07_2026/PDR_GULP_data001.pcap_18_07_2026_13_08_1784360303.PCAP_PDR
18-07-2026 13:32 - WARNING - first_pkt_count, first_gps_count, first_pkt_Tstamp
18-07-2026 13:32 - WARNING - 1348419680 9338 2026-07-18T07:37:51.263704
18-07-2026 13:32 - WARNING - last_pkt_count, last_gps_count, last_pkt_Tstamp
18-07-2026 13:32 - WARNING - 1350302222 9367 2026-07-18T07:38:20.471582
18-07-2026 13:32 - WARNING - diff_pkt_count  , diff_gps_count ,  diff_pkt_timstamp
18-07-2026 13:32 - WARNING - 1882542 29 29207878 microseconds
18-07-2026 13:32 - WARNING - No packet loss: /data/dsp/GBD_TRANSIENT_BUFFER/J0837+0610/18_07_2026/PDR_GULP_data002.pcap_18_07_2026_13_08_1784360332.PCAP_PDR
18-07-2026 13:32 - WARNING - first_pkt_count, first_gps_count, first_pkt_Tstamp
18-07-2026 13:32 - WARNING - 1350302223 9367 2026-07-18T07:38:20.471582
18-07-2026 13:32 - WARNING - last_pkt_count, last_gps_count, last_pkt_Tstamp
18-07-2026 13:32 - WARNING - 1352184764 9396 2026-07-18T07:38:49.679459
18-07-2026 13:32 - WARNING - diff_pkt_count  , diff_gps_count ,  diff_pkt_timstamp
18-07-2026 13:32 - WARNING - 1882541 29 29207877 microseconds
18-07-2026 13:32 - WARNING - No packet loss: /data/dsp/GBD_TRANSIENT_BUFFER/J0837+0610/18_07_2026/PDR_GULP_data000.pcap_18_07_2026_13_09_1784360361.PCAP_PDR
18-07-2026 13:32 - WARNING - first_pkt_count, first_gps_count, first_pkt_Tstamp
18-07-2026 13:32 - WARNING - 1352184765 9396 2026-07-18T07:38:49.679460
18-07-2026 13:32 - WARNING - last_pkt_count, last_gps_count, last_pkt_Tstamp
18-07-2026 13:32 - WARNING - 1354067306 9425 2026-07-18T07:39:18.887298
18-07-2026 13:32 - WARNING - diff_pkt_count  , diff_gps_count ,  diff_pkt_timstamp
18-07-2026 13:32 - WARNING - 1882541 29 29207838 microseconds
18-07-2026 13:32 - WARNING - No packet loss: /data/dsp/GBD_TRANSIENT_BUFFER/J0837+0610/18_07_2026/PDR_GULP_data001.pcap_18_07_2026_13_09_1784360391.PCAP_PDR
18-07-2026 13:32 - WARNING - first_pkt_count, first_gps_count, first_pkt_Tstamp
18-07-2026 13:32 - WARNING - 1354067307 9425 2026-07-18T07:39:18.887298
18-07-2026 13:32 - WARNING - last_pkt_count, last_gps_count, last_pkt_Tstamp
18-07-2026 13:32 - WARNING - 1355949848 9455 2026-07-18T07:39:48.095155
18-07-2026 13:32 - WARNING - diff_pkt_count  , diff_gps_count ,  diff_pkt_timstamp
18-07-2026 13:32 - WARNING - 1882541 30 29207857 microseconds
18-07-2026 13:32 - WARNING - No packet loss: /data/dsp/GBD_TRANSIENT_BUFFER/J0837+0610/18_07_2026/PDR_GULP_data002.pcap_18_07_2026_13_10_1784360420.PCAP_PDR
18-07-2026 13:32 - WARNING - first_pkt_count, first_gps_count, first_pkt_Tstamp
18-07-2026 13:32 - WARNING - 1355949849 9455 2026-07-18T07:39:48.095221
18-07-2026 13:32 - WARNING - last_pkt_count, last_gps_count, last_pkt_Tstamp
18-07-2026 13:32 - WARNING - 1357832390 9484 2026-07-18T07:40:17.303038
18-07-2026 13:32 - WARNING - diff_pkt_count  , diff_gps_count ,  diff_pkt_timstamp
18-07-2026 13:32 - WARNING - 1882541 29 29207817 microseconds
18-07-2026 13:32 - WARNING - No packet loss: /data/dsp/GBD_TRANSIENT_BUFFER/J0837+0610/18_07_2026/PDR_GULP_data000.pcap_18_07_2026_13_10_1784360449.PCAP_PDR
18-07-2026 13:32 - WARNING - first_pkt_count, first_gps_count, first_pkt_Tstamp
18-07-2026 13:32 - WARNING - 1357832391 9484 2026-07-18T07:40:17.303039
18-07-2026 13:32 - WARNING - last_pkt_count, last_gps_count, last_pkt_Tstamp
18-07-2026 13:32 - WARNING - 1359714932 9513 2026-07-18T07:40:46.510917
18-07-2026 13:32 - WARNING - diff_pkt_count  , diff_gps_count ,  diff_pkt_timstamp
18-07-2026 13:32 - WARNING - 1882541 29 29207878 microseconds
18-07-2026 13:32 - WARNING - No packet loss: /data/dsp/GBD_TRANSIENT_BUFFER/J0837+0610/18_07_2026/PDR_GULP_data001.pcap_18_07_2026_13_11_1784360478.PCAP_PDR
18-07-2026 13:32 - WARNING - first_pkt_count, first_gps_count, first_pkt_Tstamp
18-07-2026 13:32 - WARNING - 1359714933 9513 2026-07-18T07:40:46.510917
18-07-2026 13:32 - WARNING - last_pkt_count, last_gps_count, last_pkt_Tstamp
18-07-2026 13:32 - WARNING - 1361597475 9542 2026-07-18T07:41:15.718811
18-07-2026 13:32 - WARNING - diff_pkt_count  , diff_gps_count ,  diff_pkt_timstamp
18-07-2026 13:32 - WARNING - 1882542 29 29207894 microseconds
18-07-2026 13:32 - WARNING - No packet loss: /data/dsp/GBD_TRANSIENT_BUFFER/J0837+0610/18_07_2026/PDR_GULP_data002.pcap_18_07_2026_13_11_1784360507.PCAP_PDR
18-07-2026 13:32 - WARNING - first_pkt_count, first_gps_count, first_pkt_Tstamp
18-07-2026 13:32 - WARNING - 1361597476 9542 2026-07-18T07:41:15.718811
18-07-2026 13:32 - WARNING - last_pkt_count, last_gps_count, last_pkt_Tstamp
18-07-2026 13:32 - WARNING - 1363480017 9571 2026-07-18T07:41:44.926845
18-07-2026 13:32 - WARNING - diff_pkt_count  , diff_gps_count ,  diff_pkt_timstamp
18-07-2026 13:32 - WARNING - 1882541 29 29208034 microseconds
18-07-2026 13:32 - WARNING - No packet loss: /data/dsp/GBD_TRANSIENT_BUFFER/J0837+0610/18_07_2026/PDR_GULP_data000.pcap_18_07_2026_13_12_1784360537.PCAP_PDR
18-07-2026 13:32 - WARNING - first_pkt_count, first_gps_count, first_pkt_Tstamp
18-07-2026 13:32 - WARNING - 1363480018 9571 2026-07-18T07:41:44.926932
18-07-2026 13:32 - WARNING - last_pkt_count, last_gps_count, last_pkt_Tstamp
18-07-2026 13:32 - WARNING - 1365362559 9601 2026-07-18T07:42:14.135436
18-07-2026 13:32 - WARNING - diff_pkt_count  , diff_gps_count ,  diff_pkt_timstamp
18-07-2026 13:32 - WARNING - 1882541 30 29208504 microseconds
18-07-2026 13:32 - WARNING - No packet loss: /data/dsp/GBD_TRANSIENT_BUFFER/J0837+0610/18_07_2026/PDR_GULP_data001.pcap_18_07_2026_13_12_1784360566.PCAP_PDR
18-07-2026 13:32 - WARNING - first_pkt_count, first_gps_count, first_pkt_Tstamp
18-07-2026 13:32 - WARNING - 1365362560 9601 2026-07-18T07:42:14.135436
18-07-2026 13:32 - WARNING - last_pkt_count, last_gps_count, last_pkt_Tstamp
18-07-2026 13:32 - WARNING - 1367245101 9630 2026-07-18T07:42:43.343887
18-07-2026 13:32 - WARNING - diff_pkt_count  , diff_gps_count ,  diff_pkt_timstamp
18-07-2026 13:32 - WARNING - 1882541 29 29208451 microseconds
18-07-2026 13:32 - WARNING - No packet loss: /data/dsp/GBD_TRANSIENT_BUFFER/J0837+0610/18_07_2026/PDR_GULP_data002.pcap_18_07_2026_13_13_1784360595.PCAP_PDR
18-07-2026 13:32 - WARNING - first_pkt_count, first_gps_count, first_pkt_Tstamp
18-07-2026 13:32 - WARNING - 1367245102 9630 2026-07-18T07:42:43.343888
18-07-2026 13:32 - WARNING - last_pkt_count, last_gps_count, last_pkt_Tstamp
18-07-2026 13:32 - WARNING - 1369127643 9659 2026-07-18T07:43:12.552299
18-07-2026 13:32 - WARNING - diff_pkt_count  , diff_gps_count ,  diff_pkt_timstamp
18-07-2026 13:32 - WARNING - 1882541 29 29208411 microseconds
18-07-2026 13:32 - WARNING - No packet loss: /data/dsp/GBD_TRANSIENT_BUFFER/J0837+0610/18_07_2026/PDR_GULP_data000.pcap_18_07_2026_13_13_1784360624.PCAP_PDR
18-07-2026 13:32 - WARNING - first_pkt_count, first_gps_count, first_pkt_Tstamp
18-07-2026 13:32 - WARNING - 1369127644 9659 2026-07-18T07:43:12.552299
18-07-2026 13:32 - WARNING - last_pkt_count, last_gps_count, last_pkt_Tstamp
18-07-2026 13:32 - WARNING - 1371010185 9688 2026-07-18T07:43:41.760726
18-07-2026 13:32 - WARNING - diff_pkt_count  , diff_gps_count ,  diff_pkt_timstamp
18-07-2026 13:32 - WARNING - 1882541 29 29208427 microseconds
18-07-2026 13:32 - WARNING - No packet loss: /data/dsp/GBD_TRANSIENT_BUFFER/J0837+0610/18_07_2026/PDR_GULP_data001.pcap_18_07_2026_13_14_1784360653.PCAP_PDR
18-07-2026 13:32 - WARNING - first_pkt_count, first_gps_count, first_pkt_Tstamp
18-07-2026 13:32 - WARNING - 1371010186 9688 2026-07-18T07:43:41.760726
18-07-2026 13:32 - WARNING - last_pkt_count, last_gps_count, last_pkt_Tstamp
18-07-2026 13:32 - WARNING - 1372892728 9717 2026-07-18T07:44:10.969190
18-07-2026 13:32 - WARNING - diff_pkt_count  , diff_gps_count ,  diff_pkt_timstamp
18-07-2026 13:32 - WARNING - 1882542 29 29208464 microseconds
18-07-2026 13:32 - WARNING - No packet loss: /data/dsp/GBD_TRANSIENT_BUFFER/J0837+0610/18_07_2026/PDR_GULP_data002.pcap_18_07_2026_13_14_1784360683.PCAP_PDR
18-07-2026 13:32 - WARNING - first_pkt_count, first_gps_count, first_pkt_Tstamp
18-07-2026 13:32 - WARNING - 1372892729 9717 2026-07-18T07:44:10.969190
18-07-2026 13:32 - WARNING - last_pkt_count, last_gps_count, last_pkt_Tstamp
18-07-2026 13:32 - WARNING - 1374775270 9747 2026-07-18T07:44:40.177538
18-07-2026 13:32 - WARNING - diff_pkt_count  , diff_gps_count ,  diff_pkt_timstamp
18-07-2026 13:32 - WARNING - 1882541 30 29208348 microseconds
18-07-2026 13:32 - WARNING - No packet loss: /data/dsp/GBD_TRANSIENT_BUFFER/J0837+0610/18_07_2026/PDR_GULP_data000.pcap_18_07_2026_13_15_1784360712.PCAP_PDR
18-07-2026 13:32 - WARNING - first_pkt_count, first_gps_count, first_pkt_Tstamp
18-07-2026 13:32 - WARNING - 1374775271 9747 2026-07-18T07:44:40.177539
18-07-2026 13:32 - WARNING - last_pkt_count, last_gps_count, last_pkt_Tstamp
18-07-2026 13:32 - WARNING - 1376657812 9776 2026-07-18T07:45:09.385866
18-07-2026 13:32 - WARNING - diff_pkt_count  , diff_gps_count ,  diff_pkt_timstamp
18-07-2026 13:32 - WARNING - 1882541 29 29208327 microseconds
18-07-2026 13:32 - WARNING - No packet loss: /data/dsp/GBD_TRANSIENT_BUFFER/J0837+0610/18_07_2026/PDR_GULP_data001.pcap_18_07_2026_13_15_1784360741.PCAP_PDR
18-07-2026 13:32 - WARNING - first_pkt_count, first_gps_count, first_pkt_Tstamp
18-07-2026 13:32 - WARNING - 1376657813 9776 2026-07-18T07:45:09.385962
18-07-2026 13:32 - WARNING - last_pkt_count, last_gps_count, last_pkt_Tstamp
18-07-2026 13:32 - WARNING - 1378540354 9805 2026-07-18T07:45:38.594201
18-07-2026 13:32 - WARNING - diff_pkt_count  , diff_gps_count ,  diff_pkt_timstamp
18-07-2026 13:32 - WARNING - 1882541 29 29208239 microseconds
18-07-2026 13:32 - WARNING - No packet loss: /data/dsp/GBD_TRANSIENT_BUFFER/J0837+0610/18_07_2026/PDR_GULP_data002.pcap_18_07_2026_13_16_1784360770.PCAP_PDR
18-07-2026 13:32 - WARNING - first_pkt_count, first_gps_count, first_pkt_Tstamp
18-07-2026 13:32 - WARNING - 1378540355 9805 2026-07-18T07:45:38.594254
18-07-2026 13:32 - WARNING - last_pkt_count, last_gps_count, last_pkt_Tstamp
18-07-2026 13:32 - WARNING - 1380422896 9834 2026-07-18T07:46:07.802493
18-07-2026 13:32 - WARNING - diff_pkt_count  , diff_gps_count ,  diff_pkt_timstamp
18-07-2026 13:32 - WARNING - 1882541 29 29208239 microseconds
18-07-2026 13:32 - WARNING - No packet loss: /data/dsp/GBD_TRANSIENT_BUFFER/J0837+0610/18_07_2026/PDR_GULP_data000.pcap_18_07_2026_13_16_1784360800.PCAP_PDR
18-07-2026 13:32 - WARNING - first_pkt_count, first_gps_count, first_pkt_Tstamp
18-07-2026 13:32 - WARNING - 1380422897 9834 2026-07-18T07:46:07.802493
18-07-2026 13:32 - WARNING - last_pkt_count, last_gps_count, last_pkt_Tstamp
18-07-2026 13:32 - WARNING - 1382305438 9864 2026-07-18T07:46:37.010806
18-07-2026 13:32 - WARNING - diff_pkt_count  , diff_gps_count ,  diff_pkt_timstamp
18-07-2026 13:32 - WARNING - 1882541 30 29208313 microseconds
18-07-2026 13:32 - WARNING - No packet loss: /data/dsp/GBD_TRANSIENT_BUFFER/J0837+0610/18_07_2026/PDR_GULP_data001.pcap_18_07_2026_13_17_1784360829.PCAP_PDR
18-07-2026 13:32 - WARNING - first_pkt_count, first_gps_count, first_pkt_Tstamp
18-07-2026 13:32 - WARNING - 1382305439 9864 2026-07-18T07:46:37.010806
18-07-2026 13:32 - WARNING - last_pkt_count, last_gps_count, last_pkt_Tstamp
18-07-2026 13:32 - WARNING - 1384187981 9893 2026-07-18T07:47:06.219108
18-07-2026 13:32 - WARNING - diff_pkt_count  , diff_gps_count ,  diff_pkt_timstamp
18-07-2026 13:32 - WARNING - 1882542 29 29208302 microseconds
18-07-2026 13:32 - WARNING - No packet loss: /data/dsp/GBD_TRANSIENT_BUFFER/J0837+0610/18_07_2026/PDR_GULP_data002.pcap_18_07_2026_13_17_1784360858.PCAP_PDR
18-07-2026 13:32 - WARNING - first_pkt_count, first_gps_count, first_pkt_Tstamp
18-07-2026 13:32 - WARNING - 1384187982 9893 2026-07-18T07:47:06.219109
18-07-2026 13:32 - WARNING - last_pkt_count, last_gps_count, last_pkt_Tstamp
18-07-2026 13:32 - WARNING - 1386070523 9922 2026-07-18T07:47:35.427299
18-07-2026 13:32 - WARNING - diff_pkt_count  , diff_gps_count ,  diff_pkt_timstamp
18-07-2026 13:32 - WARNING - 1882541 29 29208190 microseconds
18-07-2026 13:32 - WARNING - No packet loss: /data/dsp/GBD_TRANSIENT_BUFFER/J0837+0610/18_07_2026/PDR_GULP_data000.pcap_18_07_2026_13_18_1784360887.PCAP_PDR
18-07-2026 13:32 - WARNING - first_pkt_count, first_gps_count, first_pkt_Tstamp
18-07-2026 13:32 - WARNING - 1386070524 9922 2026-07-18T07:47:35.427352
18-07-2026 13:32 - WARNING - last_pkt_count, last_gps_count, last_pkt_Tstamp
18-07-2026 13:32 - WARNING - 1387953065 9951 2026-07-18T07:48:04.635573
18-07-2026 13:32 - WARNING - diff_pkt_count  , diff_gps_count ,  diff_pkt_timstamp
18-07-2026 13:32 - WARNING - 1882541 29 29208221 microseconds
18-07-2026 13:32 - WARNING - No packet loss: /data/dsp/GBD_TRANSIENT_BUFFER/J0837+0610/18_07_2026/PDR_GULP_data001.pcap_18_07_2026_13_18_1784360916.PCAP_PDR
18-07-2026 13:32 - WARNING - first_pkt_count, first_gps_count, first_pkt_Tstamp
18-07-2026 13:32 - WARNING - 1387953066 9951 2026-07-18T07:48:04.635573
18-07-2026 13:32 - WARNING - last_pkt_count, last_gps_count, last_pkt_Tstamp
18-07-2026 13:32 - WARNING - 1389835607 9980 2026-07-18T07:48:33.843770
18-07-2026 13:32 - WARNING - diff_pkt_count  , diff_gps_count ,  diff_pkt_timstamp
18-07-2026 13:32 - WARNING - 1882541 29 29208197 microseconds
18-07-2026 13:32 - WARNING - No packet loss: /data/dsp/GBD_TRANSIENT_BUFFER/J0837+0610/18_07_2026/PDR_GULP_data002.pcap_18_07_2026_13_19_1784360946.PCAP_PDR
18-07-2026 13:32 - WARNING - first_pkt_count, first_gps_count, first_pkt_Tstamp
18-07-2026 13:32 - WARNING - 1389835608 9980 2026-07-18T07:48:33.843770
18-07-2026 13:32 - WARNING - last_pkt_count, last_gps_count, last_pkt_Tstamp
18-07-2026 13:32 - WARNING - 1391718149 10010 2026-07-18T07:49:03.051968
18-07-2026 13:32 - WARNING - diff_pkt_count  , diff_gps_count ,  diff_pkt_timstamp
18-07-2026 13:32 - WARNING - 1882541 30 29208198 microseconds
18-07-2026 13:32 - WARNING - No packet loss: /data/dsp/GBD_TRANSIENT_BUFFER/J0837+0610/18_07_2026/PDR_GULP_data000.pcap_18_07_2026_13_19_1784360975.PCAP_PDR
18-07-2026 13:32 - WARNING - first_pkt_count, first_gps_count, first_pkt_Tstamp
18-07-2026 13:32 - WARNING - 1391718150 10010 2026-07-18T07:49:03.052022
18-07-2026 13:32 - WARNING - last_pkt_count, last_gps_count, last_pkt_Tstamp
18-07-2026 13:32 - WARNING - 1393600691 10039 2026-07-18T07:49:32.260142
18-07-2026 13:32 - WARNING - diff_pkt_count  , diff_gps_count ,  diff_pkt_timstamp
18-07-2026 13:32 - WARNING - 1882541 29 29208120 microseconds
18-07-2026 13:32 - WARNING - No packet loss: /data/dsp/GBD_TRANSIENT_BUFFER/J0837+0610/18_07_2026/PDR_GULP_data001.pcap_18_07_2026_13_20_1784361004.PCAP_PDR
18-07-2026 13:32 - WARNING - first_pkt_count, first_gps_count, first_pkt_Tstamp
18-07-2026 13:32 - WARNING - 1393600692 10039 2026-07-18T07:49:32.260195
18-07-2026 13:32 - WARNING - last_pkt_count, last_gps_count, last_pkt_Tstamp
18-07-2026 13:32 - WARNING - 1395483234 10068 2026-07-18T07:50:01.468399
18-07-2026 13:32 - WARNING - diff_pkt_count  , diff_gps_count ,  diff_pkt_timstamp
18-07-2026 13:32 - WARNING - 1882542 29 29208204 microseconds
18-07-2026 13:32 - WARNING - No packet loss: /data/dsp/GBD_TRANSIENT_BUFFER/J0837+0610/18_07_2026/PDR_GULP_data002.pcap_18_07_2026_13_20_1784361033.PCAP_PDR
18-07-2026 13:32 - WARNING - first_pkt_count, first_gps_count, first_pkt_Tstamp
18-07-2026 13:32 - WARNING - 1395483235 10068 2026-07-18T07:50:01.468399
18-07-2026 13:32 - WARNING - last_pkt_count, last_gps_count, last_pkt_Tstamp
18-07-2026 13:32 - WARNING - 1397365776 10097 2026-07-18T07:50:30.676520
18-07-2026 13:32 - WARNING - diff_pkt_count  , diff_gps_count ,  diff_pkt_timstamp
18-07-2026 13:32 - WARNING - 1882541 29 29208121 microseconds
18-07-2026 13:32 - WARNING - No packet loss: /data/dsp/GBD_TRANSIENT_BUFFER/J0837+0610/18_07_2026/PDR_GULP_data000.pcap_18_07_2026_13_21_1784361062.PCAP_PDR
18-07-2026 13:32 - WARNING - first_pkt_count, first_gps_count, first_pkt_Tstamp
18-07-2026 13:32 - WARNING - 1397365777 10097 2026-07-18T07:50:30.676520
18-07-2026 13:32 - WARNING - last_pkt_count, last_gps_count, last_pkt_Tstamp
18-07-2026 13:32 - WARNING - 1399248318 10126 2026-07-18T07:50:59.884677
18-07-2026 13:32 - WARNING - diff_pkt_count  , diff_gps_count ,  diff_pkt_timstamp
18-07-2026 13:32 - WARNING - 1882541 29 29208157 microseconds
18-07-2026 13:32 - WARNING - No packet loss: /data/dsp/GBD_TRANSIENT_BUFFER/J0837+0610/18_07_2026/PDR_GULP_data001.pcap_18_07_2026_13_21_1784361092.PCAP_PDR
18-07-2026 13:32 - WARNING - first_pkt_count, first_gps_count, first_pkt_Tstamp
18-07-2026 13:32 - WARNING - 1399248319 10126 2026-07-18T07:50:59.884756
18-07-2026 13:32 - WARNING - last_pkt_count, last_gps_count, last_pkt_Tstamp
18-07-2026 13:32 - WARNING - 1401130860 10156 2026-07-18T07:51:29.092820
18-07-2026 13:32 - WARNING - diff_pkt_count  , diff_gps_count ,  diff_pkt_timstamp
18-07-2026 13:32 - WARNING - 1882541 30 29208064 microseconds
18-07-2026 13:32 - WARNING - No packet loss: /data/dsp/GBD_TRANSIENT_BUFFER/J0837+0610/18_07_2026/PDR_GULP_data002.pcap_18_07_2026_13_22_1784361121.PCAP_PDR
18-07-2026 13:32 - WARNING - first_pkt_count, first_gps_count, first_pkt_Tstamp
18-07-2026 13:32 - WARNING - 1401130861 10156 2026-07-18T07:51:29.092820
18-07-2026 13:32 - WARNING - last_pkt_count, last_gps_count, last_pkt_Tstamp
18-07-2026 13:32 - WARNING - 1403013402 10185 2026-07-18T07:51:58.300911
18-07-2026 13:32 - WARNING - diff_pkt_count  , diff_gps_count ,  diff_pkt_timstamp
18-07-2026 13:32 - WARNING - 1882541 29 29208091 microseconds
18-07-2026 13:32 - WARNING - No packet loss: /data/dsp/GBD_TRANSIENT_BUFFER/J0837+0610/18_07_2026/PDR_GULP_data000.pcap_18_07_2026_13_22_1784361150.PCAP_PDR
18-07-2026 13:32 - WARNING - first_pkt_count, first_gps_count, first_pkt_Tstamp
18-07-2026 13:32 - WARNING - 1403013403 10185 2026-07-18T07:51:58.300963
18-07-2026 13:32 - WARNING - last_pkt_count, last_gps_count, last_pkt_Tstamp
18-07-2026 13:32 - WARNING - 1404895944 10214 2026-07-18T07:52:27.509108
18-07-2026 13:32 - WARNING - diff_pkt_count  , diff_gps_count ,  diff_pkt_timstamp
18-07-2026 13:32 - WARNING - 1882541 29 29208145 microseconds
18-07-2026 13:32 - WARNING - No packet loss: /data/dsp/GBD_TRANSIENT_BUFFER/J0837+0610/18_07_2026/PDR_GULP_data001.pcap_18_07_2026_13_22_1784361179.PCAP_PDR
18-07-2026 13:32 - WARNING - first_pkt_count, first_gps_count, first_pkt_Tstamp
18-07-2026 13:32 - WARNING - 1404895945 10214 2026-07-18T07:52:27.509108
18-07-2026 13:32 - WARNING - last_pkt_count, last_gps_count, last_pkt_Tstamp
18-07-2026 13:32 - WARNING - 1406778487 10243 2026-07-18T07:52:56.717149
18-07-2026 13:32 - WARNING - diff_pkt_count  , diff_gps_count ,  diff_pkt_timstamp
18-07-2026 13:32 - WARNING - 1882542 29 29208041 microseconds
18-07-2026 13:32 - WARNING - No packet loss: /data/dsp/GBD_TRANSIENT_BUFFER/J0837+0610/18_07_2026/PDR_GULP_data002.pcap_18_07_2026_13_23_1784361208.PCAP_PDR
18-07-2026 13:32 - WARNING - first_pkt_count, first_gps_count, first_pkt_Tstamp
18-07-2026 13:32 - WARNING - 1406778488 10243 2026-07-18T07:52:56.717201
18-07-2026 13:32 - WARNING - last_pkt_count, last_gps_count, last_pkt_Tstamp
18-07-2026 13:32 - WARNING - 1408661029 10272 2026-07-18T07:53:25.925349
18-07-2026 13:32 - WARNING - diff_pkt_count  , diff_gps_count ,  diff_pkt_timstamp
18-07-2026 13:32 - WARNING - 1882541 29 29208148 microseconds
18-07-2026 13:32 - WARNING - No packet loss: /data/dsp/GBD_TRANSIENT_BUFFER/J0837+0610/18_07_2026/PDR_GULP_data000.pcap_18_07_2026_13_23_1784361238.PCAP_PDR
18-07-2026 13:32 - WARNING - first_pkt_count, first_gps_count, first_pkt_Tstamp
18-07-2026 13:32 - WARNING - 1408661030 10272 2026-07-18T07:53:25.925349
18-07-2026 13:32 - WARNING - last_pkt_count, last_gps_count, last_pkt_Tstamp
18-07-2026 13:32 - WARNING - 1410543571 10302 2026-07-18T07:53:55.133400
18-07-2026 13:32 - WARNING - diff_pkt_count  , diff_gps_count ,  diff_pkt_timstamp
18-07-2026 13:32 - WARNING - 1882541 30 29208051 microseconds
18-07-2026 13:32 - WARNING - No packet loss: /data/dsp/GBD_TRANSIENT_BUFFER/J0837+0610/18_07_2026/PDR_GULP_data001.pcap_18_07_2026_13_24_1784361267.PCAP_PDR
18-07-2026 13:32 - WARNING - first_pkt_count, first_gps_count, first_pkt_Tstamp
18-07-2026 13:32 - WARNING - 1410543572 10302 2026-07-18T07:53:55.133400
18-07-2026 13:32 - WARNING - last_pkt_count, last_gps_count, last_pkt_Tstamp
18-07-2026 13:32 - WARNING - 1412426113 10331 2026-07-18T07:54:24.341463
18-07-2026 13:32 - WARNING - diff_pkt_count  , diff_gps_count ,  diff_pkt_timstamp
18-07-2026 13:32 - WARNING - 1882541 29 29208063 microseconds
18-07-2026 13:32 - WARNING - No packet loss: /data/dsp/GBD_TRANSIENT_BUFFER/J0837+0610/18_07_2026/PDR_GULP_data002.pcap_18_07_2026_13_24_1784361296.PCAP_PDR
18-07-2026 13:32 - WARNING - first_pkt_count, first_gps_count, first_pkt_Tstamp
18-07-2026 13:32 - WARNING - 1412426114 10331 2026-07-18T07:54:24.341463
18-07-2026 13:32 - WARNING - last_pkt_count, last_gps_count, last_pkt_Tstamp
18-07-2026 13:32 - WARNING - 1414308655 10360 2026-07-18T07:54:53.549500
18-07-2026 13:32 - WARNING - diff_pkt_count  , diff_gps_count ,  diff_pkt_timstamp
18-07-2026 13:32 - WARNING - 1882541 29 29208037 microseconds
18-07-2026 13:32 - WARNING - No packet loss: /data/dsp/GBD_TRANSIENT_BUFFER/J0837+0610/18_07_2026/PDR_GULP_data000.pcap_18_07_2026_13_25_1784361325.PCAP_PDR
18-07-2026 13:32 - WARNING - first_pkt_count, first_gps_count, first_pkt_Tstamp
18-07-2026 13:32 - WARNING - 1414308656 10360 2026-07-18T07:54:53.549552
18-07-2026 13:32 - WARNING - last_pkt_count, last_gps_count, last_pkt_Tstamp
18-07-2026 13:32 - WARNING - 1416191197 10389 2026-07-18T07:55:22.757579
18-07-2026 13:32 - WARNING - diff_pkt_count  , diff_gps_count ,  diff_pkt_timstamp
18-07-2026 13:32 - WARNING - 1882541 29 29208027 microseconds
18-07-2026 13:32 - WARNING - No packet loss: /data/dsp/GBD_TRANSIENT_BUFFER/J0837+0610/18_07_2026/PDR_GULP_data001.pcap_18_07_2026_13_25_1784361354.PCAP_PDR
18-07-2026 13:32 - WARNING - first_pkt_count, first_gps_count, first_pkt_Tstamp
18-07-2026 13:32 - WARNING - 1416191198 10389 2026-07-18T07:55:22.757633
18-07-2026 13:32 - WARNING - last_pkt_count, last_gps_count, last_pkt_Tstamp
18-07-2026 13:32 - WARNING - 1418073740 10418 2026-07-18T07:55:51.965702
18-07-2026 13:32 - WARNING - diff_pkt_count  , diff_gps_count ,  diff_pkt_timstamp
18-07-2026 13:32 - WARNING - 1882542 29 29208069 microseconds
18-07-2026 13:32 - WARNING - No packet loss: /data/dsp/GBD_TRANSIENT_BUFFER/J0837+0610/18_07_2026/PDR_GULP_data002.pcap_18_07_2026_13_26_1784361384.PCAP_PDR
18-07-2026 13:32 - WARNING - first_pkt_count, first_gps_count, first_pkt_Tstamp
18-07-2026 13:32 - WARNING - 1418073741 10418 2026-07-18T07:55:51.965702
18-07-2026 13:32 - WARNING - last_pkt_count, last_gps_count, last_pkt_Tstamp
18-07-2026 13:32 - WARNING - 1419956282 10448 2026-07-18T07:56:21.173742
18-07-2026 13:32 - WARNING - diff_pkt_count  , diff_gps_count ,  diff_pkt_timstamp
18-07-2026 13:32 - WARNING - 1882541 30 29208040 microseconds
18-07-2026 13:32 - WARNING - No packet loss: /data/dsp/GBD_TRANSIENT_BUFFER/J0837+0610/18_07_2026/PDR_GULP_data000.pcap_18_07_2026_13_26_1784361413.PCAP_PDR
18-07-2026 13:32 - WARNING - first_pkt_count, first_gps_count, first_pkt_Tstamp
18-07-2026 13:32 - WARNING - 1419956283 10448 2026-07-18T07:56:21.173743
18-07-2026 13:32 - WARNING - last_pkt_count, last_gps_count, last_pkt_Tstamp
18-07-2026 13:32 - WARNING - 1421838824 10477 2026-07-18T07:56:50.381768
18-07-2026 13:32 - WARNING - diff_pkt_count  , diff_gps_count ,  diff_pkt_timstamp
18-07-2026 13:32 - WARNING - 1882541 29 29208025 microseconds
18-07-2026 13:32 - WARNING - No packet loss: /data/dsp/GBD_TRANSIENT_BUFFER/J0837+0610/18_07_2026/PDR_GULP_data001.pcap_18_07_2026_13_27_1784361442.PCAP_PDR
18-07-2026 13:32 - WARNING - first_pkt_count, first_gps_count, first_pkt_Tstamp
18-07-2026 13:32 - WARNING - 1421838825 10477 2026-07-18T07:56:50.381768
18-07-2026 13:32 - WARNING - last_pkt_count, last_gps_count, last_pkt_Tstamp
18-07-2026 13:32 - WARNING - 1423721366 10506 2026-07-18T07:57:19.589818
18-07-2026 13:32 - WARNING - diff_pkt_count  , diff_gps_count ,  diff_pkt_timstamp
18-07-2026 13:32 - WARNING - 1882541 29 29208050 microseconds
18-07-2026 13:32 - WARNING - No packet loss: /data/dsp/GBD_TRANSIENT_BUFFER/J0837+0610/18_07_2026/PDR_GULP_data002.pcap_18_07_2026_13_27_1784361471.PCAP_PDR
18-07-2026 13:32 - WARNING - first_pkt_count, first_gps_count, first_pkt_Tstamp
18-07-2026 13:32 - WARNING - 1423721367 10506 2026-07-18T07:57:19.589818
18-07-2026 13:32 - WARNING - last_pkt_count, last_gps_count, last_pkt_Tstamp
18-07-2026 13:32 - WARNING - 1425603908 10535 2026-07-18T07:57:48.797825
18-07-2026 13:32 - WARNING - diff_pkt_count  , diff_gps_count ,  diff_pkt_timstamp
18-07-2026 13:32 - WARNING - 1882541 29 29208007 microseconds
18-07-2026 13:32 - WARNING - No packet loss: /data/dsp/GBD_TRANSIENT_BUFFER/J0837+0610/18_07_2026/PDR_GULP_data000.pcap_18_07_2026_13_28_1784361501.PCAP_PDR
18-07-2026 13:32 - WARNING - first_pkt_count, first_gps_count, first_pkt_Tstamp
18-07-2026 13:32 - WARNING - 1425603909 10535 2026-07-18T07:57:48.797877
18-07-2026 13:32 - WARNING - last_pkt_count, last_gps_count, last_pkt_Tstamp
18-07-2026 13:32 - WARNING - 1427486450 10565 2026-07-18T07:58:18.005872
18-07-2026 13:32 - WARNING - diff_pkt_count  , diff_gps_count ,  diff_pkt_timstamp
18-07-2026 13:32 - WARNING - 1882541 30 29207995 microseconds
18-07-2026 13:32 - WARNING - No packet loss: /data/dsp/GBD_TRANSIENT_BUFFER/J0837+0610/18_07_2026/PDR_GULP_data001.pcap_18_07_2026_13_28_1784361530.PCAP_PDR
18-07-2026 13:32 - WARNING - first_pkt_count, first_gps_count, first_pkt_Tstamp
18-07-2026 13:32 - WARNING - 1427486451 10565 2026-07-18T07:58:18.005960
18-07-2026 13:32 - WARNING - last_pkt_count, last_gps_count, last_pkt_Tstamp
18-07-2026 13:32 - WARNING - 1429368993 10594 2026-07-18T07:58:47.213922
18-07-2026 13:32 - WARNING - diff_pkt_count  , diff_gps_count ,  diff_pkt_timstamp
18-07-2026 13:32 - WARNING - 1882542 29 29207962 microseconds
18-07-2026 13:32 - WARNING - No packet loss: /data/dsp/GBD_TRANSIENT_BUFFER/J0837+0610/18_07_2026/PDR_GULP_data002.pcap_18_07_2026_13_29_1784361559.PCAP_PDR
18-07-2026 13:32 - WARNING - first_pkt_count, first_gps_count, first_pkt_Tstamp
18-07-2026 13:32 - WARNING - 1429368994 10594 2026-07-18T07:58:47.213922
18-07-2026 13:32 - WARNING - last_pkt_count, last_gps_count, last_pkt_Tstamp
18-07-2026 13:32 - WARNING - 1431251535 10623 2026-07-18T07:59:16.422000
18-07-2026 13:32 - WARNING - diff_pkt_count  , diff_gps_count ,  diff_pkt_timstamp
18-07-2026 13:32 - WARNING - 1882541 29 29208078 microseconds
18-07-2026 13:32 - WARNING - No packet loss: /data/dsp/GBD_TRANSIENT_BUFFER/J0837+0610/18_07_2026/PDR_GULP_data000.pcap_18_07_2026_13_29_1784361588.PCAP_PDR
18-07-2026 13:32 - WARNING - first_pkt_count, first_gps_count, first_pkt_Tstamp
18-07-2026 13:32 - WARNING - 1431251536 10623 2026-07-18T07:59:16.422001
18-07-2026 13:32 - WARNING - last_pkt_count, last_gps_count, last_pkt_Tstamp
18-07-2026 13:32 - WARNING - 1433134077 10652 2026-07-18T07:59:45.629964
18-07-2026 13:32 - WARNING - diff_pkt_count  , diff_gps_count ,  diff_pkt_timstamp
18-07-2026 13:32 - WARNING - 1882541 29 29207963 microseconds
18-07-2026 13:32 - WARNING - No packet loss: /data/dsp/GBD_TRANSIENT_BUFFER/J0837+0610/18_07_2026/PDR_GULP_data001.pcap_18_07_2026_13_30_1784361617.PCAP_PDR
18-07-2026 13:32 - WARNING - first_pkt_count, first_gps_count, first_pkt_Tstamp
18-07-2026 13:32 - WARNING - 1433134078 10652 2026-07-18T07:59:45.629965
18-07-2026 13:32 - WARNING - last_pkt_count, last_gps_count, last_pkt_Tstamp
18-07-2026 13:32 - WARNING - 1435016619 10681 2026-07-18T08:00:14.837951
18-07-2026 13:32 - WARNING - diff_pkt_count  , diff_gps_count ,  diff_pkt_timstamp
18-07-2026 13:32 - WARNING - 1882541 29 29207986 microseconds
18-07-2026 13:32 - WARNING - No packet loss: /data/dsp/GBD_TRANSIENT_BUFFER/J0837+0610/18_07_2026/PDR_GULP_data002.pcap_18_07_2026_13_30_1784361647.PCAP_PDR
18-07-2026 13:32 - WARNING - first_pkt_count, first_gps_count, first_pkt_Tstamp
18-07-2026 13:32 - WARNING - 1435016620 10681 2026-07-18T08:00:14.838017
18-07-2026 13:32 - WARNING - last_pkt_count, last_gps_count, last_pkt_Tstamp
18-07-2026 13:32 - WARNING - 1436899161 10711 2026-07-18T08:00:44.045972
18-07-2026 13:32 - WARNING - diff_pkt_count  , diff_gps_count ,  diff_pkt_timstamp
18-07-2026 13:32 - WARNING - 1882541 30 29207955 microseconds
18-07-2026 13:32 - WARNING - No packet loss: /data/dsp/GBD_TRANSIENT_BUFFER/J0837+0610/18_07_2026/PDR_GULP_data000.pcap_18_07_2026_13_31_1784361676.PCAP_PDR
18-07-2026 13:32 - WARNING - first_pkt_count, first_gps_count, first_pkt_Tstamp
18-07-2026 13:32 - WARNING - 1436899162 10711 2026-07-18T08:00:44.046026
18-07-2026 13:32 - WARNING - last_pkt_count, last_gps_count, last_pkt_Tstamp
18-07-2026 13:32 - WARNING - 1438781703 10740 2026-07-18T08:01:13.254010
18-07-2026 13:32 - WARNING - diff_pkt_count  , diff_gps_count ,  diff_pkt_timstamp
18-07-2026 13:32 - WARNING - 1882541 29 29207984 microseconds
18-07-2026 13:32 - WARNING - No packet loss: /data/dsp/GBD_TRANSIENT_BUFFER/J0837+0610/18_07_2026/PDR_GULP_data001.pcap_18_07_2026_13_31_1784361705.PCAP_PDR
18-07-2026 13:32 - WARNING - first_pkt_count, first_gps_count, first_pkt_Tstamp
18-07-2026 13:32 - WARNING - 1438781704 10740 2026-07-18T08:01:13.254010
18-07-2026 13:32 - WARNING - last_pkt_count, last_gps_count, last_pkt_Tstamp
18-07-2026 13:32 - WARNING - 1440664246 10769 2026-07-18T08:01:42.462009
18-07-2026 13:32 - WARNING - diff_pkt_count  , diff_gps_count ,  diff_pkt_timstamp
18-07-2026 13:32 - WARNING - 1882542 29 29207999 microseconds
18-07-2026 13:32 SLIP check Finished...
18-07-2026 13:32 Pulsar data reduction pipeline started ...
18-07-2026 13:32 - WARNING - Data Directory: /data/dsp/GBD_TRANSIENT_BUFFER/J0837+0610/18_07_2026
18-07-2026 13:32 - WARNING - Pulsar: J0837+0610
18-07-2026 13:32 - WARNING - CH selelction: 0
18-07-2026 13:32 - WARNING - Phase file: /home/dsp/PDR_acquire_setup/dada_scripts/phase/rf_path_phase.dat
18-07-2026 13:32 - WARNING - Obs. logfile: /home/dsp/PDR_acquire_setup/master_obs_log/J0837+0610_18_07_2026_observation.log
18-07-2026 13:32 - WARNING - Observation start time: 2026_07_18_12_53_15
18-07-2026 13:32 - WARNING - parfile: /home/dsp/parfiles/J0837+0610.par
18-07-2026 13:32 - WARNING - DM: 13.0209436694702
18-07-2026 13:32 - WARNING - Period: 1.2737745847060131
18-07-2026 13:32 - WARNING - RA_DEC: 08:37:05.6485930+06:10:16.06361
18-07-2026 13:32 - WARNING - out_dada_file: J0837+0610_2026_07_18_12_53_15_type_0.dada
18-07-2026 13:32 - WARNING - Number of files to process: 80
18-07-2026 13:32 - WARNING - Files per batch:  17
18-07-2026 13:52 - WARNING - Time taken for PDR2DADA convertion: 0:19:42.592325
18-07-2026 13:52 - WARNING - Center_freq: 175
18-07-2026 13:52 - WARNING - int_time: 3.0
18-07-2026 13:52 - WARNING - nbins: 256
18-07-2026 13:52 - WARNING - fil_chan: 256
18-07-2026 13:52 - WARNING - cpu: 2,3,4,5,6,7,8,9,10,11,12,13,14,15,16
18-07-2026 13:52 - WARNING - thread: 32
18-07-2026 13:52 - WARNING - nbit: 8
18-07-2026 13:52 - WARNING - time_avg: 0.000256
18-07-2026 13:52 - WARNING - MJD_START: 61239.30781281388
18-07-2026 13:52 - WARNING - output: J0837+0610_61239.31_175MHz_type_0_GBD_DART
18-07-2026 13:52 - WARNING - singularity_container: singularity exec /home/dsp/singularity_imag/pschive_py3.sif  
18-07-2026 13:52 - WARNING - ------ DIGIFITS ------
18-07-2026 13:52 - WARNING - ---- Search Mode FITS -------
18-07-2026 13:52 - WARNING - digifits_ful_stokes_cmd: singularity exec /home/dsp/singularity_imag/pschive_py3.sif  digifits  -F 256 -x 256 -b 8 -p 4 -t 0.000256 J0837+0610_2026_07_18_12_53_15_type_0.dada -o J0837+0610_2026_07_18_12_53_15_type_0.dada_stokes.fits
18-07-2026 14:19 - WARNING - ------ Total intensity FITS -------
18-07-2026 14:19 - WARNING - digifits_total_intensity_cmd: singularity exec /home/dsp/singularity_imag/pschive_py3.sif  digifits  -F 256 -x 256 -b 8 -p 1 -t 0.000256 J0837+0610_2026_07_18_12_53_15_type_0.dada -o J0837+0610_2026_07_18_12_53_15_type_0.dada_intensity.fits
18-07-2026 14:45 - WARNING - Nchan: 256
18-07-2026 14:45 - WARNING - Nbin: 256
18-07-2026 14:45 - WARNING - Tavg: 0.000256
18-07-2026 14:45 - WARNING - Time taken for DIGIFITS run: 0:53:47.445652
18-07-2026 14:45 - WARNING - ------ DSPSR ------
18-07-2026 14:45 - WARNING - ------- Coherent Dedispersion Folded archive -------
18-07-2026 14:45 - WARNING - dspsr_cmd: singularity exec /home/dsp/singularity_imag/pschive_py3.sif  dspsr J0837+0610_2026_07_18_12_53_15_type_0.dada -cpu 2,3,4,5,6,7,8,9,10,11,12,13,14,15,16 -t 32 -E /home/dsp/parfiles/J0837+0610.par -L 3.0 -b 256 -F 256:D -N J0837+0610 -a PSRFITS -A -e .fits -O J0837+0610_61239.31_175MHz_type_0_GBD_DART
18-07-2026 15:04 - WARNING - ------- Incoherent Dedispersion Folded archive -------
18-07-2026 15:04 - WARNING - Incoherent_DD_dspsr_cmd: singularity exec /home/dsp/singularity_imag/pschive_py3.sif  dspsr J0837+0610_2026_07_18_12_53_15_type_0.dada_stokes.fits -cpu 2,3,4,5,6,7,8,9,10,11,12,13,14,15,16 -t 32 -E /home/dsp/parfiles/J0837+0610.par -L 3.0 -b 256 -N J0837+0610 -A -e .fits -O J0837+0610_61239.31_175MHz_type_0_GBD_DART_stokes_Incoherent_DD
18-07-2026 15:08 - WARNING - Time taken for DSPSR run: 0:22:48.446932
18-07-2026 15:08 - WARNING - ------ PSREDIT ------
18-07-2026 15:08 - WARNING - psredit_cmd: singularity exec /home/dsp/singularity_imag/pschive_py3.sif  psredit -c name=J0837+0610,be:name=GSB,coord=08:37:05.6485930+06:10:16.06361 -m *_GBD_DART*fits
18-07-2026 15:08 - WARNING - Time taken for PSREDIT run: 0:00:18.577887
18-07-2026 15:08 - WARNING - ------ Iterative RFI Cleaner ------
18-07-2026 15:08 - WARNING - Iterative_cleaner_cmd: singularity exec /home/dsp/singularity_imag/pschive_py3.sif   python3 /home/dsp/PDR_acquire_setup/iterative_cleaner.py -s 3 -c 3 -m 10 *_GBD_DART*fits
18-07-2026 15:16 - WARNING - Time taken for Iterative_cleaner run: 0:07:07.011906
18-07-2026 15:16 - WARNING - ------ PDMP ------
18-07-2026 15:16 - WARNING - pdmp_cmd1: singularity exec /home/dsp/singularity_imag/pschive_py3.sif  pdmp -dr 2 -ds 0.05 -g J0837+0610_61239.31_175MHz_type_0_GBD_DART.fits_cleaned.ar.ps/cps J0837+0610_61239.31_175MHz_type_0_GBD_DART.fits_cleaned.ar
18-07-2026 15:22 - WARNING - pdmp_cmd2: singularity exec /home/dsp/singularity_imag/pschive_py3.sif  pdmp -dr 2 -ds 0.05 -g J0837+0610_61239.31_175MHz_type_0_GBD_DART_stokes_Incoherent_DD.fits_cleaned.ar.ps/cps J0837+0610_61239.31_175MHz_type_0_GBD_DART_stokes_Incoherent_DD.fits_cleaned.ar
18-07-2026 15:27 - WARNING - Time taken for PDMP run: 0:11:07.162898
18-07-2026 15:27 - WARNING - ------ PS2PDF ------
18-07-2026 15:27 - WARNING - ps2pdf_cmd1: singularity exec /home/dsp/singularity_imag/pschive_py3.sif  ps2pdf J0837+0610_61239.31_175MHz_type_0_GBD_DART.fits_cleaned.ar.ps J0837+0610_61239.31_175MHz_type_0_GBD_DART.fits_cleaned.ar.ps.pdf
18-07-2026 15:27 - WARNING - ps2pdf_cmd2: singularity exec /home/dsp/singularity_imag/pschive_py3.sif  ps2pdf J0837+0610_61239.31_175MHz_type_0_GBD_DART_stokes_Incoherent_DD.fits_cleaned.ar.ps J0837+0610_61239.31_175MHz_type_0_GBD_DART_stokes_Incoherent_DD.fits_cleaned.ar.ps.pdf
18-07-2026 15:27 - WARNING - Time taken for PDMP run: 0:00:01.287915
18-07-2026 15:27 - WARNING - Overall time taken for data reduction: 1:54:53.434560
18-07-2026 15:27 - WARNING - J0837+0610_2026_07_18_12_53_15_type_0.dada... file removed
18-07-2026 15:27 - WARNING - All done!
18-07-2026 15:27 --- PRESTO ---
18-07-2026 15:27 singularity_container: singularity exec /home/dsp/singularity_imag/pschive_py3.sif  
18-07-2026 15:27 Filterbank to Process for PULSAR: J0837+0610 with DM:13.0209436694702 : J0837+0610_2026_07_18_12_53_15_type_0.dada_intensity.fits
18-07-2026 15:27 --- RFIFIND ---
18-07-2026 15:27 RFIFIND: singularity exec /home/dsp/singularity_imag/pschive_py3.sif   rfifind -time 2.0 -o J0837+0610 J0837+0610_2026_07_18_12_53_15_type_0.dada_intensity.fits
18-07-2026 15:28 --- PREPDATA ---
18-07-2026 15:28 PREPDATA: singularity exec /home/dsp/singularity_imag/pschive_py3.sif   prepdata -nobary -o J0837+0610_2026_07_18_12_53_15_type_0.dada_intensity.fits -dm 13.0209436694702 -mask J0837+0610_rfifind.mask J0837+0610_2026_07_18_12_53_15_type_0.dada_intensity.fits
18-07-2026 15:28 --- REALFFT ---
18-07-2026 15:28 REALFFT: singularity exec /home/dsp/singularity_imag/pschive_py3.sif   realfft  J0837+0610_2026_07_18_12_53_15_type_0.dada_intensity.fits.dat
18-07-2026 15:28 --- ACCELSEARCH ---
18-07-2026 15:28 ACCELSEARCH: singularity exec /home/dsp/singularity_imag/pschive_py3.sif   accelsearch -numharm 8 -zmax 8  J0837+0610_2026_07_18_12_53_15_type_0.dada_intensity.fits.fft
18-07-2026 15:28 Observation Over.
