03-08-2026 11:49 Waiting for J0837+0610 observation...
03-08-2026 11:54 Observation started...
03-08-2026 11:54 Pulsar: J0837+0610 , parfile: /home/dsp/parfiles/J0837+0610.par , DM: 59400
03-08-2026 11:54 Trigger sent to obs. PC [VELA].
03-08-2026 12:29 Acquired 80.
03-08-2026 12:29 ACQ over.
03-08-2026 12:29 Removing Trigger file from remote machine 
03-08-2026 12:29 Observation stoped.
-rw------- 1 dsp dsp 2.0G Aug  3 11:50 /data/TRANSIENT_BUFFER/PDR_GULP_data000.pcap_03_08_2026_11_50_1785738032.PCAP_PDR
-rw------- 1 dsp dsp 2.0G Aug  3 11:50 /data/TRANSIENT_BUFFER/PDR_GULP_data001.pcap_03_08_2026_11_51_1785738062.PCAP_PDR
-rw------- 1 dsp dsp 2.0G Aug  3 11:51 /data/TRANSIENT_BUFFER/PDR_GULP_data002.pcap_03_08_2026_11_51_1785738091.PCAP_PDR
-rw------- 1 dsp dsp 2.0G Aug  3 11:51 /data/TRANSIENT_BUFFER/PDR_GULP_data000.pcap_03_08_2026_11_52_1785738120.PCAP_PDR
-rw------- 1 dsp dsp 2.0G Aug  3 11:52 /data/TRANSIENT_BUFFER/PDR_GULP_data001.pcap_03_08_2026_11_52_1785738149.PCAP_PDR
-rw------- 1 dsp dsp 2.0G Aug  3 11:52 /data/TRANSIENT_BUFFER/PDR_GULP_data002.pcap_03_08_2026_11_52_1785738179.PCAP_PDR
-rw------- 1 dsp dsp 2.0G Aug  3 11:53 /data/TRANSIENT_BUFFER/PDR_GULP_data000.pcap_03_08_2026_11_53_1785738208.PCAP_PDR
-rw------- 1 dsp dsp 2.0G Aug  3 11:53 /data/TRANSIENT_BUFFER/PDR_GULP_data001.pcap_03_08_2026_11_53_1785738237.PCAP_PDR
-rw------- 1 dsp dsp 2.0G Aug  3 11:54 /data/TRANSIENT_BUFFER/PDR_GULP_data002.pcap_03_08_2026_11_54_1785738266.PCAP_PDR
-rw------- 1 dsp dsp 2.0G Aug  3 11:54 /data/TRANSIENT_BUFFER/PDR_GULP_data000.pcap_03_08_2026_11_54_1785738295.PCAP_PDR
-rw------- 1 dsp dsp 2.0G Aug  3 11:55 /data/TRANSIENT_BUFFER/PDR_GULP_data001.pcap_03_08_2026_11_55_1785738325.PCAP_PDR
-rw------- 1 dsp dsp 2.0G Aug  3 11:55 /data/TRANSIENT_BUFFER/PDR_GULP_data002.pcap_03_08_2026_11_55_1785738354.PCAP_PDR
-rw------- 1 dsp dsp 2.0G Aug  3 11:56 /data/TRANSIENT_BUFFER/PDR_GULP_data000.pcap_03_08_2026_11_56_1785738383.PCAP_PDR
-rw------- 1 dsp dsp 2.0G Aug  3 11:56 /data/TRANSIENT_BUFFER/PDR_GULP_data001.pcap_03_08_2026_11_56_1785738412.PCAP_PDR
-rw------- 1 dsp dsp 2.0G Aug  3 11:57 /data/TRANSIENT_BUFFER/PDR_GULP_data002.pcap_03_08_2026_11_57_1785738441.PCAP_PDR
-rw------- 1 dsp dsp 2.0G Aug  3 11:57 /data/TRANSIENT_BUFFER/PDR_GULP_data000.pcap_03_08_2026_11_57_1785738471.PCAP_PDR
-rw------- 1 dsp dsp 2.0G Aug  3 11:58 /data/TRANSIENT_BUFFER/PDR_GULP_data001.pcap_03_08_2026_11_58_1785738500.PCAP_PDR
-rw------- 1 dsp dsp 2.0G Aug  3 11:58 /data/TRANSIENT_BUFFER/PDR_GULP_data002.pcap_03_08_2026_11_58_1785738529.PCAP_PDR
-rw------- 1 dsp dsp 2.0G Aug  3 11:59 /data/TRANSIENT_BUFFER/PDR_GULP_data000.pcap_03_08_2026_11_59_1785738558.PCAP_PDR
-rw------- 1 dsp dsp 2.0G Aug  3 11:59 /data/TRANSIENT_BUFFER/PDR_GULP_data001.pcap_03_08_2026_11_59_1785738587.PCAP_PDR
-rw------- 1 dsp dsp 2.0G Aug  3 12:00 /data/TRANSIENT_BUFFER/PDR_GULP_data002.pcap_03_08_2026_12_00_1785738617.PCAP_PDR
-rw------- 1 dsp dsp 2.0G Aug  3 12:00 /data/TRANSIENT_BUFFER/PDR_GULP_data000.pcap_03_08_2026_12_00_1785738646.PCAP_PDR
-rw------- 1 dsp dsp 2.0G Aug  3 12:01 /data/TRANSIENT_BUFFER/PDR_GULP_data001.pcap_03_08_2026_12_01_1785738675.PCAP_PDR
-rw------- 1 dsp dsp 2.0G Aug  3 12:01 /data/TRANSIENT_BUFFER/PDR_GULP_data002.pcap_03_08_2026_12_01_1785738704.PCAP_PDR
-rw------- 1 dsp dsp 2.0G Aug  3 12:02 /data/TRANSIENT_BUFFER/PDR_GULP_data000.pcap_03_08_2026_12_02_1785738733.PCAP_PDR
-rw------- 1 dsp dsp 2.0G Aug  3 12:02 /data/TRANSIENT_BUFFER/PDR_GULP_data001.pcap_03_08_2026_12_02_1785738763.PCAP_PDR
-rw------- 1 dsp dsp 2.0G Aug  3 12:03 /data/TRANSIENT_BUFFER/PDR_GULP_data002.pcap_03_08_2026_12_03_1785738792.PCAP_PDR
-rw------- 1 dsp dsp 2.0G Aug  3 12:03 /data/TRANSIENT_BUFFER/PDR_GULP_data000.pcap_03_08_2026_12_03_1785738821.PCAP_PDR
-rw------- 1 dsp dsp 2.0G Aug  3 12:04 /data/TRANSIENT_BUFFER/PDR_GULP_data001.pcap_03_08_2026_12_04_1785738850.PCAP_PDR
-rw------- 1 dsp dsp 2.0G Aug  3 12:04 /data/TRANSIENT_BUFFER/PDR_GULP_data002.pcap_03_08_2026_12_04_1785738879.PCAP_PDR
-rw------- 1 dsp dsp 2.0G Aug  3 12:05 /data/TRANSIENT_BUFFER/PDR_GULP_data000.pcap_03_08_2026_12_05_1785738909.PCAP_PDR
-rw------- 1 dsp dsp 2.0G Aug  3 12:05 /data/TRANSIENT_BUFFER/PDR_GULP_data001.pcap_03_08_2026_12_05_1785738938.PCAP_PDR
-rw------- 1 dsp dsp 2.0G Aug  3 12:06 /data/TRANSIENT_BUFFER/PDR_GULP_data002.pcap_03_08_2026_12_06_1785738967.PCAP_PDR
-rw------- 1 dsp dsp 2.0G Aug  3 12:06 /data/TRANSIENT_BUFFER/PDR_GULP_data000.pcap_03_08_2026_12_06_1785738996.PCAP_PDR
-rw------- 1 dsp dsp 2.0G Aug  3 12:07 /data/TRANSIENT_BUFFER/PDR_GULP_data001.pcap_03_08_2026_12_07_1785739026.PCAP_PDR
-rw------- 1 dsp dsp 2.0G Aug  3 12:07 /data/TRANSIENT_BUFFER/PDR_GULP_data002.pcap_03_08_2026_12_07_1785739055.PCAP_PDR
-rw------- 1 dsp dsp 2.0G Aug  3 12:08 /data/TRANSIENT_BUFFER/PDR_GULP_data000.pcap_03_08_2026_12_08_1785739084.PCAP_PDR
-rw------- 1 dsp dsp 2.0G Aug  3 12:08 /data/TRANSIENT_BUFFER/PDR_GULP_data001.pcap_03_08_2026_12_08_1785739113.PCAP_PDR
-rw------- 1 dsp dsp 2.0G Aug  3 12:08 /data/TRANSIENT_BUFFER/PDR_GULP_data002.pcap_03_08_2026_12_09_1785739142.PCAP_PDR
-rw------- 1 dsp dsp 2.0G Aug  3 12:09 /data/TRANSIENT_BUFFER/PDR_GULP_data000.pcap_03_08_2026_12_09_1785739172.PCAP_PDR
-rw------- 1 dsp dsp 2.0G Aug  3 12:09 /data/TRANSIENT_BUFFER/PDR_GULP_data001.pcap_03_08_2026_12_10_1785739201.PCAP_PDR
-rw------- 1 dsp dsp 2.0G Aug  3 12:10 /data/TRANSIENT_BUFFER/PDR_GULP_data002.pcap_03_08_2026_12_10_1785739230.PCAP_PDR
-rw------- 1 dsp dsp 2.0G Aug  3 12:10 /data/TRANSIENT_BUFFER/PDR_GULP_data000.pcap_03_08_2026_12_10_1785739259.PCAP_PDR
-rw------- 1 dsp dsp 2.0G Aug  3 12:11 /data/TRANSIENT_BUFFER/PDR_GULP_data001.pcap_03_08_2026_12_11_1785739288.PCAP_PDR
-rw------- 1 dsp dsp 2.0G Aug  3 12:11 /data/TRANSIENT_BUFFER/PDR_GULP_data002.pcap_03_08_2026_12_11_1785739318.PCAP_PDR
-rw------- 1 dsp dsp 2.0G Aug  3 12:12 /data/TRANSIENT_BUFFER/PDR_GULP_data000.pcap_03_08_2026_12_12_1785739347.PCAP_PDR
-rw------- 1 dsp dsp 2.0G Aug  3 12:12 /data/TRANSIENT_BUFFER/PDR_GULP_data001.pcap_03_08_2026_12_12_1785739376.PCAP_PDR
-rw------- 1 dsp dsp 2.0G Aug  3 12:13 /data/TRANSIENT_BUFFER/PDR_GULP_data002.pcap_03_08_2026_12_13_1785739405.PCAP_PDR
-rw------- 1 dsp dsp 2.0G Aug  3 12:13 /data/TRANSIENT_BUFFER/PDR_GULP_data000.pcap_03_08_2026_12_13_1785739434.PCAP_PDR
-rw------- 1 dsp dsp 2.0G Aug  3 12:14 /data/TRANSIENT_BUFFER/PDR_GULP_data001.pcap_03_08_2026_12_14_1785739464.PCAP_PDR
-rw------- 1 dsp dsp 2.0G Aug  3 12:14 /data/TRANSIENT_BUFFER/PDR_GULP_data002.pcap_03_08_2026_12_14_1785739493.PCAP_PDR
-rw------- 1 dsp dsp 2.0G Aug  3 12:15 /data/TRANSIENT_BUFFER/PDR_GULP_data000.pcap_03_08_2026_12_15_1785739522.PCAP_PDR
-rw------- 1 dsp dsp 2.0G Aug  3 12:15 /data/TRANSIENT_BUFFER/PDR_GULP_data001.pcap_03_08_2026_12_15_1785739551.PCAP_PDR
-rw------- 1 dsp dsp 2.0G Aug  3 12:16 /data/TRANSIENT_BUFFER/PDR_GULP_data002.pcap_03_08_2026_12_16_1785739580.PCAP_PDR
-rw------- 1 dsp dsp 2.0G Aug  3 12:16 /data/TRANSIENT_BUFFER/PDR_GULP_data000.pcap_03_08_2026_12_16_1785739610.PCAP_PDR
-rw------- 1 dsp dsp 2.0G Aug  3 12:17 /data/TRANSIENT_BUFFER/PDR_GULP_data001.pcap_03_08_2026_12_17_1785739639.PCAP_PDR
-rw------- 1 dsp dsp 2.0G Aug  3 12:17 /data/TRANSIENT_BUFFER/PDR_GULP_data002.pcap_03_08_2026_12_17_1785739668.PCAP_PDR
-rw------- 1 dsp dsp 2.0G Aug  3 12:18 /data/TRANSIENT_BUFFER/PDR_GULP_data000.pcap_03_08_2026_12_18_1785739697.PCAP_PDR
-rw------- 1 dsp dsp 2.0G Aug  3 12:18 /data/TRANSIENT_BUFFER/PDR_GULP_data001.pcap_03_08_2026_12_18_1785739727.PCAP_PDR
-rw------- 1 dsp dsp 2.0G Aug  3 12:19 /data/TRANSIENT_BUFFER/PDR_GULP_data002.pcap_03_08_2026_12_19_1785739756.PCAP_PDR
-rw------- 1 dsp dsp 2.0G Aug  3 12:19 /data/TRANSIENT_BUFFER/PDR_GULP_data000.pcap_03_08_2026_12_19_1785739785.PCAP_PDR
-rw------- 1 dsp dsp 2.0G Aug  3 12:20 /data/TRANSIENT_BUFFER/PDR_GULP_data001.pcap_03_08_2026_12_20_1785739814.PCAP_PDR
-rw------- 1 dsp dsp 2.0G Aug  3 12:20 /data/TRANSIENT_BUFFER/PDR_GULP_data002.pcap_03_08_2026_12_20_1785739843.PCAP_PDR
-rw------- 1 dsp dsp 2.0G Aug  3 12:21 /data/TRANSIENT_BUFFER/PDR_GULP_data000.pcap_03_08_2026_12_21_1785739873.PCAP_PDR
-rw------- 1 dsp dsp 2.0G Aug  3 12:21 /data/TRANSIENT_BUFFER/PDR_GULP_data001.pcap_03_08_2026_12_21_1785739902.PCAP_PDR
-rw------- 1 dsp dsp 2.0G Aug  3 12:22 /data/TRANSIENT_BUFFER/PDR_GULP_data002.pcap_03_08_2026_12_22_1785739931.PCAP_PDR
-rw------- 1 dsp dsp 2.0G Aug  3 12:22 /data/TRANSIENT_BUFFER/PDR_GULP_data000.pcap_03_08_2026_12_22_1785739960.PCAP_PDR
-rw------- 1 dsp dsp 2.0G Aug  3 12:23 /data/TRANSIENT_BUFFER/PDR_GULP_data001.pcap_03_08_2026_12_23_1785739989.PCAP_PDR
-rw------- 1 dsp dsp 2.0G Aug  3 12:23 /data/TRANSIENT_BUFFER/PDR_GULP_data002.pcap_03_08_2026_12_23_1785740019.PCAP_PDR
-rw------- 1 dsp dsp 2.0G Aug  3 12:24 /data/TRANSIENT_BUFFER/PDR_GULP_data000.pcap_03_08_2026_12_24_1785740048.PCAP_PDR
-rw------- 1 dsp dsp 2.0G Aug  3 12:24 /data/TRANSIENT_BUFFER/PDR_GULP_data001.pcap_03_08_2026_12_24_1785740077.PCAP_PDR
-rw------- 1 dsp dsp 2.0G Aug  3 12:25 /data/TRANSIENT_BUFFER/PDR_GULP_data002.pcap_03_08_2026_12_25_1785740106.PCAP_PDR
-rw------- 1 dsp dsp 2.0G Aug  3 12:25 /data/TRANSIENT_BUFFER/PDR_GULP_data000.pcap_03_08_2026_12_25_1785740135.PCAP_PDR
-rw------- 1 dsp dsp 2.0G Aug  3 12:26 /data/TRANSIENT_BUFFER/PDR_GULP_data001.pcap_03_08_2026_12_26_1785740165.PCAP_PDR
-rw------- 1 dsp dsp 2.0G Aug  3 12:26 /data/TRANSIENT_BUFFER/PDR_GULP_data002.pcap_03_08_2026_12_26_1785740194.PCAP_PDR
-rw------- 1 dsp dsp 2.0G Aug  3 12:27 /data/TRANSIENT_BUFFER/PDR_GULP_data000.pcap_03_08_2026_12_27_1785740223.PCAP_PDR
-rw------- 1 dsp dsp 2.0G Aug  3 12:27 /data/TRANSIENT_BUFFER/PDR_GULP_data001.pcap_03_08_2026_12_27_1785740252.PCAP_PDR
-rw------- 1 dsp dsp 2.0G Aug  3 12:27 /data/TRANSIENT_BUFFER/PDR_GULP_data002.pcap_03_08_2026_12_28_1785740281.PCAP_PDR
-rw------- 1 dsp dsp 2.0G Aug  3 12:28 /data/TRANSIENT_BUFFER/PDR_GULP_data000.pcap_03_08_2026_12_28_1785740311.PCAP_PDR
-rw------- 1 dsp dsp 2.0G Aug  3 12:28 /data/TRANSIENT_BUFFER/PDR_GULP_data001.pcap_03_08_2026_12_29_1785740340.PCAP_PDR
03-08-2026 12:29 RAW PCAP data moved from Transient Buffer.
03-08-2026 12:29 SLIP check Started ...
03-08-2026 12:29 - WARNING - Data Directory: /data/dsp/GBD_TRANSIENT_BUFFER/J0837+0610/03_08_2026
03-08-2026 12:29 - WARNING - Number of Files: 80
03-08-2026 12:29 - WARNING - No packet loss: /data/dsp/GBD_TRANSIENT_BUFFER/J0837+0610/03_08_2026/PDR_GULP_data000.pcap_03_08_2026_11_50_1785738032.PCAP_PDR
03-08-2026 12:29 - WARNING - first_pkt_count, first_gps_count, first_pkt_Tstamp
03-08-2026 12:29 - WARNING - 4062537257 11808 2026-08-03T06:20:00.756617
03-08-2026 12:29 - WARNING - last_pkt_count, last_gps_count, last_pkt_Tstamp
03-08-2026 12:29 - WARNING - 4064419799 11837 2026-08-03T06:20:29.964339
03-08-2026 12:29 - WARNING - diff_pkt_count  , diff_gps_count ,  diff_pkt_timstamp
03-08-2026 12:29 - WARNING - 1882542 29 29207722 microseconds
03-08-2026 12:29 - WARNING - No packet loss: /data/dsp/GBD_TRANSIENT_BUFFER/J0837+0610/03_08_2026/PDR_GULP_data001.pcap_03_08_2026_11_51_1785738062.PCAP_PDR
03-08-2026 12:29 - WARNING - first_pkt_count, first_gps_count, first_pkt_Tstamp
03-08-2026 12:29 - WARNING - 4064419800 11837 2026-08-03T06:20:29.964340
03-08-2026 12:29 - WARNING - last_pkt_count, last_gps_count, last_pkt_Tstamp
03-08-2026 12:29 - WARNING - 4066302341 11867 2026-08-03T06:20:59.172106
03-08-2026 12:29 - WARNING - diff_pkt_count  , diff_gps_count ,  diff_pkt_timstamp
03-08-2026 12:29 - WARNING - 1882541 30 29207766 microseconds
03-08-2026 12:29 - WARNING - No packet loss: /data/dsp/GBD_TRANSIENT_BUFFER/J0837+0610/03_08_2026/PDR_GULP_data002.pcap_03_08_2026_11_51_1785738091.PCAP_PDR
03-08-2026 12:29 - WARNING - first_pkt_count, first_gps_count, first_pkt_Tstamp
03-08-2026 12:29 - WARNING - 4066302342 11867 2026-08-03T06:20:59.172107
03-08-2026 12:29 - WARNING - last_pkt_count, last_gps_count, last_pkt_Tstamp
03-08-2026 12:29 - WARNING - 4068184883 11896 2026-08-03T06:21:28.379875
03-08-2026 12:29 - WARNING - diff_pkt_count  , diff_gps_count ,  diff_pkt_timstamp
03-08-2026 12:29 - WARNING - 1882541 29 29207768 microseconds
03-08-2026 12:29 - WARNING - No packet loss: /data/dsp/GBD_TRANSIENT_BUFFER/J0837+0610/03_08_2026/PDR_GULP_data000.pcap_03_08_2026_11_52_1785738120.PCAP_PDR
03-08-2026 12:29 - WARNING - first_pkt_count, first_gps_count, first_pkt_Tstamp
03-08-2026 12:29 - WARNING - 4068184884 11896 2026-08-03T06:21:28.379875
03-08-2026 12:29 - WARNING - last_pkt_count, last_gps_count, last_pkt_Tstamp
03-08-2026 12:29 - WARNING - 4070067425 11925 2026-08-03T06:21:57.587704
03-08-2026 12:29 - WARNING - diff_pkt_count  , diff_gps_count ,  diff_pkt_timstamp
03-08-2026 12:29 - WARNING - 1882541 29 29207829 microseconds
03-08-2026 12:29 - WARNING - Packet loss: /data/dsp/GBD_TRANSIENT_BUFFER/J0837+0610/03_08_2026/PDR_GULP_data001.pcap_03_08_2026_11_52_1785738149.PCAP_PDR
03-08-2026 12:29 - WARNING - Packet loss found .... Being fixed ... Please wait ...
03-08-2026 12:29 - WARNING - PCAP filtering ... tcpdump -r /data/dsp/GBD_TRANSIENT_BUFFER/J0837+0610/03_08_2026/PDR_GULP_data001.pcap_03_08_2026_11_52_1785738149.PCAP_PDR.pcap -w PDR_GULP_data001.pcap_03_08_2026_11_52_1785738149_filtered.PCAP_PDR.pcap  host 172.10.10.1 and port 55000 
03-08-2026 12:29 - WARNING - Patched /data/dsp/GBD_TRANSIENT_BUFFER/J0837+0610/03_08_2026/PDR_GULP_data001.pcap_03_08_2026_11_52_1785738149.PCAP_PDR as PDR_GULP_data001.pcap_03_08_2026_11_52_1785738149_filtered.PCAP_PDR
03-08-2026 12:29 - WARNING - Gulped file moved to /data/dsp/GBD_TRANSIENT_BUFFER/J0837+0610/03_08_2026/GULPED
03-08-2026 12:29 - WARNING - first_pkt_count, first_gps_count, first_pkt_Tstamp
03-08-2026 12:29 - WARNING - 4070067426 11925 2026-08-03T06:21:57.587704
03-08-2026 12:29 - WARNING - last_pkt_count, last_gps_count, last_pkt_Tstamp
03-08-2026 12:29 - WARNING - 4071949967 11954 2026-08-03T06:22:26.795419
03-08-2026 12:29 - WARNING - diff_pkt_count  , diff_gps_count ,  diff_pkt_timstamp
03-08-2026 12:29 - WARNING - 1882541 29 29207715 microseconds
03-08-2026 12:29 - WARNING - No packet loss: /data/dsp/GBD_TRANSIENT_BUFFER/J0837+0610/03_08_2026/PDR_GULP_data002.pcap_03_08_2026_11_52_1785738179.PCAP_PDR
03-08-2026 12:29 - WARNING - first_pkt_count, first_gps_count, first_pkt_Tstamp
03-08-2026 12:29 - WARNING - 4071949968 11954 2026-08-03T06:22:26.795420
03-08-2026 12:29 - WARNING - last_pkt_count, last_gps_count, last_pkt_Tstamp
03-08-2026 12:29 - WARNING - 4073832509 11984 2026-08-03T06:22:56.003218
03-08-2026 12:29 - WARNING - diff_pkt_count  , diff_gps_count ,  diff_pkt_timstamp
03-08-2026 12:29 - WARNING - 1882541 30 29207798 microseconds
03-08-2026 12:29 - WARNING - No packet loss: /data/dsp/GBD_TRANSIENT_BUFFER/J0837+0610/03_08_2026/PDR_GULP_data000.pcap_03_08_2026_11_53_1785738208.PCAP_PDR
03-08-2026 12:29 - WARNING - first_pkt_count, first_gps_count, first_pkt_Tstamp
03-08-2026 12:29 - WARNING - 4073832510 11984 2026-08-03T06:22:56.003219
03-08-2026 12:29 - WARNING - last_pkt_count, last_gps_count, last_pkt_Tstamp
03-08-2026 12:29 - WARNING - 4075715051 12013 2026-08-03T06:23:25.210930
03-08-2026 12:29 - WARNING - diff_pkt_count  , diff_gps_count ,  diff_pkt_timstamp
03-08-2026 12:29 - WARNING - 1882541 29 29207711 microseconds
03-08-2026 12:29 - WARNING - No packet loss: /data/dsp/GBD_TRANSIENT_BUFFER/J0837+0610/03_08_2026/PDR_GULP_data001.pcap_03_08_2026_11_53_1785738237.PCAP_PDR
03-08-2026 12:29 - WARNING - first_pkt_count, first_gps_count, first_pkt_Tstamp
03-08-2026 12:29 - WARNING - 4075715052 12013 2026-08-03T06:23:25.210931
03-08-2026 12:29 - WARNING - last_pkt_count, last_gps_count, last_pkt_Tstamp
03-08-2026 12:29 - WARNING - 4077597594 12042 2026-08-03T06:23:54.418714
03-08-2026 12:29 - WARNING - diff_pkt_count  , diff_gps_count ,  diff_pkt_timstamp
03-08-2026 12:29 - WARNING - 1882542 29 29207783 microseconds
03-08-2026 12:29 - WARNING - No packet loss: /data/dsp/GBD_TRANSIENT_BUFFER/J0837+0610/03_08_2026/PDR_GULP_data002.pcap_03_08_2026_11_54_1785738266.PCAP_PDR
03-08-2026 12:29 - WARNING - first_pkt_count, first_gps_count, first_pkt_Tstamp
03-08-2026 12:29 - WARNING - 4077597595 12042 2026-08-03T06:23:54.418714
03-08-2026 12:29 - WARNING - last_pkt_count, last_gps_count, last_pkt_Tstamp
03-08-2026 12:29 - WARNING - 4079480136 12071 2026-08-03T06:24:23.626480
03-08-2026 12:29 - WARNING - diff_pkt_count  , diff_gps_count ,  diff_pkt_timstamp
03-08-2026 12:29 - WARNING - 1882541 29 29207766 microseconds
03-08-2026 12:29 - WARNING - No packet loss: /data/dsp/GBD_TRANSIENT_BUFFER/J0837+0610/03_08_2026/PDR_GULP_data000.pcap_03_08_2026_11_54_1785738295.PCAP_PDR
03-08-2026 12:29 - WARNING - first_pkt_count, first_gps_count, first_pkt_Tstamp
03-08-2026 12:29 - WARNING - 4079480137 12071 2026-08-03T06:24:23.626559
03-08-2026 12:29 - WARNING - last_pkt_count, last_gps_count, last_pkt_Tstamp
03-08-2026 12:29 - WARNING - 4081362678 12100 2026-08-03T06:24:52.834295
03-08-2026 12:29 - WARNING - diff_pkt_count  , diff_gps_count ,  diff_pkt_timstamp
03-08-2026 12:29 - WARNING - 1882541 29 29207736 microseconds
03-08-2026 12:29 - WARNING - No packet loss: /data/dsp/GBD_TRANSIENT_BUFFER/J0837+0610/03_08_2026/PDR_GULP_data001.pcap_03_08_2026_11_55_1785738325.PCAP_PDR
03-08-2026 12:29 - WARNING - first_pkt_count, first_gps_count, first_pkt_Tstamp
03-08-2026 12:29 - WARNING - 4081362679 12100 2026-08-03T06:24:52.834296
03-08-2026 12:29 - WARNING - last_pkt_count, last_gps_count, last_pkt_Tstamp
03-08-2026 12:29 - WARNING - 4083245220 12130 2026-08-03T06:25:22.042000
03-08-2026 12:29 - WARNING - diff_pkt_count  , diff_gps_count ,  diff_pkt_timstamp
03-08-2026 12:29 - WARNING - 1882541 30 29207704 microseconds
03-08-2026 12:29 - WARNING - No packet loss: /data/dsp/GBD_TRANSIENT_BUFFER/J0837+0610/03_08_2026/PDR_GULP_data002.pcap_03_08_2026_11_55_1785738354.PCAP_PDR
03-08-2026 12:29 - WARNING - first_pkt_count, first_gps_count, first_pkt_Tstamp
03-08-2026 12:29 - WARNING - 4083245221 12130 2026-08-03T06:25:22.042001
03-08-2026 12:29 - WARNING - last_pkt_count, last_gps_count, last_pkt_Tstamp
03-08-2026 12:29 - WARNING - 4085127762 12159 2026-08-03T06:25:51.249750
03-08-2026 12:29 - WARNING - diff_pkt_count  , diff_gps_count ,  diff_pkt_timstamp
03-08-2026 12:29 - WARNING - 1882541 29 29207749 microseconds
03-08-2026 12:29 - WARNING - No packet loss: /data/dsp/GBD_TRANSIENT_BUFFER/J0837+0610/03_08_2026/PDR_GULP_data000.pcap_03_08_2026_11_56_1785738383.PCAP_PDR
03-08-2026 12:29 - WARNING - first_pkt_count, first_gps_count, first_pkt_Tstamp
03-08-2026 12:29 - WARNING - 4085127763 12159 2026-08-03T06:25:51.249801
03-08-2026 12:29 - WARNING - last_pkt_count, last_gps_count, last_pkt_Tstamp
03-08-2026 12:29 - WARNING - 4087010305 12188 2026-08-03T06:26:20.457532
03-08-2026 12:29 - WARNING - diff_pkt_count  , diff_gps_count ,  diff_pkt_timstamp
03-08-2026 12:29 - WARNING - 1882542 29 29207731 microseconds
03-08-2026 12:29 - WARNING - No packet loss: /data/dsp/GBD_TRANSIENT_BUFFER/J0837+0610/03_08_2026/PDR_GULP_data001.pcap_03_08_2026_11_56_1785738412.PCAP_PDR
03-08-2026 12:29 - WARNING - first_pkt_count, first_gps_count, first_pkt_Tstamp
03-08-2026 12:29 - WARNING - 4087010306 12188 2026-08-03T06:26:20.457586
03-08-2026 12:29 - WARNING - last_pkt_count, last_gps_count, last_pkt_Tstamp
03-08-2026 12:29 - WARNING - 4088892847 12217 2026-08-03T06:26:49.665306
03-08-2026 12:29 - WARNING - diff_pkt_count  , diff_gps_count ,  diff_pkt_timstamp
03-08-2026 12:29 - WARNING - 1882541 29 29207720 microseconds
03-08-2026 12:29 - WARNING - No packet loss: /data/dsp/GBD_TRANSIENT_BUFFER/J0837+0610/03_08_2026/PDR_GULP_data002.pcap_03_08_2026_11_57_1785738441.PCAP_PDR
03-08-2026 12:29 - WARNING - first_pkt_count, first_gps_count, first_pkt_Tstamp
03-08-2026 12:29 - WARNING - 4088892848 12217 2026-08-03T06:26:49.665307
03-08-2026 12:29 - WARNING - last_pkt_count, last_gps_count, last_pkt_Tstamp
03-08-2026 12:29 - WARNING - 4090775389 12246 2026-08-03T06:27:18.873036
03-08-2026 12:29 - WARNING - diff_pkt_count  , diff_gps_count ,  diff_pkt_timstamp
03-08-2026 12:29 - WARNING - 1882541 29 29207729 microseconds
03-08-2026 12:29 - WARNING - No packet loss: /data/dsp/GBD_TRANSIENT_BUFFER/J0837+0610/03_08_2026/PDR_GULP_data000.pcap_03_08_2026_11_57_1785738471.PCAP_PDR
03-08-2026 12:29 - WARNING - first_pkt_count, first_gps_count, first_pkt_Tstamp
03-08-2026 12:29 - WARNING - 4090775390 12246 2026-08-03T06:27:18.873037
03-08-2026 12:29 - WARNING - last_pkt_count, last_gps_count, last_pkt_Tstamp
03-08-2026 12:29 - WARNING - 4092657931 12276 2026-08-03T06:27:48.080808
03-08-2026 12:29 - WARNING - diff_pkt_count  , diff_gps_count ,  diff_pkt_timstamp
03-08-2026 12:29 - WARNING - 1882541 30 29207771 microseconds
03-08-2026 12:29 - WARNING - No packet loss: /data/dsp/GBD_TRANSIENT_BUFFER/J0837+0610/03_08_2026/PDR_GULP_data001.pcap_03_08_2026_11_58_1785738500.PCAP_PDR
03-08-2026 12:29 - WARNING - first_pkt_count, first_gps_count, first_pkt_Tstamp
03-08-2026 12:29 - WARNING - 4092657932 12276 2026-08-03T06:27:48.080808
03-08-2026 12:29 - WARNING - last_pkt_count, last_gps_count, last_pkt_Tstamp
03-08-2026 12:29 - WARNING - 4094540473 12305 2026-08-03T06:28:17.288541
03-08-2026 12:29 - WARNING - diff_pkt_count  , diff_gps_count ,  diff_pkt_timstamp
03-08-2026 12:29 - WARNING - 1882541 29 29207733 microseconds
03-08-2026 12:29 - WARNING - No packet loss: /data/dsp/GBD_TRANSIENT_BUFFER/J0837+0610/03_08_2026/PDR_GULP_data002.pcap_03_08_2026_11_58_1785738529.PCAP_PDR
03-08-2026 12:29 - WARNING - first_pkt_count, first_gps_count, first_pkt_Tstamp
03-08-2026 12:29 - WARNING - 4094540474 12305 2026-08-03T06:28:17.288594
03-08-2026 12:29 - WARNING - last_pkt_count, last_gps_count, last_pkt_Tstamp
03-08-2026 12:29 - WARNING - 4096423015 12334 2026-08-03T06:28:46.496294
03-08-2026 12:29 - WARNING - diff_pkt_count  , diff_gps_count ,  diff_pkt_timstamp
03-08-2026 12:29 - WARNING - 1882541 29 29207700 microseconds
03-08-2026 12:29 - WARNING - No packet loss: /data/dsp/GBD_TRANSIENT_BUFFER/J0837+0610/03_08_2026/PDR_GULP_data000.pcap_03_08_2026_11_59_1785738558.PCAP_PDR
03-08-2026 12:29 - WARNING - first_pkt_count, first_gps_count, first_pkt_Tstamp
03-08-2026 12:29 - WARNING - 4096423016 12334 2026-08-03T06:28:46.496347
03-08-2026 12:29 - WARNING - last_pkt_count, last_gps_count, last_pkt_Tstamp
03-08-2026 12:29 - WARNING - 4098305558 12363 2026-08-03T06:29:15.704069
03-08-2026 12:29 - WARNING - diff_pkt_count  , diff_gps_count ,  diff_pkt_timstamp
03-08-2026 12:29 - WARNING - 1882542 29 29207722 microseconds
03-08-2026 12:29 - WARNING - No packet loss: /data/dsp/GBD_TRANSIENT_BUFFER/J0837+0610/03_08_2026/PDR_GULP_data001.pcap_03_08_2026_11_59_1785738587.PCAP_PDR
03-08-2026 12:29 - WARNING - first_pkt_count, first_gps_count, first_pkt_Tstamp
03-08-2026 12:29 - WARNING - 4098305559 12363 2026-08-03T06:29:15.704069
03-08-2026 12:29 - WARNING - last_pkt_count, last_gps_count, last_pkt_Tstamp
03-08-2026 12:29 - WARNING - 4100188100 12392 2026-08-03T06:29:44.911814
03-08-2026 12:29 - WARNING - diff_pkt_count  , diff_gps_count ,  diff_pkt_timstamp
03-08-2026 12:29 - WARNING - 1882541 29 29207745 microseconds
03-08-2026 12:29 - WARNING - No packet loss: /data/dsp/GBD_TRANSIENT_BUFFER/J0837+0610/03_08_2026/PDR_GULP_data002.pcap_03_08_2026_12_00_1785738617.PCAP_PDR
03-08-2026 12:29 - WARNING - first_pkt_count, first_gps_count, first_pkt_Tstamp
03-08-2026 12:29 - WARNING - 4100188101 12392 2026-08-03T06:29:44.911867
03-08-2026 12:29 - WARNING - last_pkt_count, last_gps_count, last_pkt_Tstamp
03-08-2026 12:29 - WARNING - 4102070642 12422 2026-08-03T06:30:14.119576
03-08-2026 12:29 - WARNING - diff_pkt_count  , diff_gps_count ,  diff_pkt_timstamp
03-08-2026 12:29 - WARNING - 1882541 30 29207709 microseconds
03-08-2026 12:29 - WARNING - No packet loss: /data/dsp/GBD_TRANSIENT_BUFFER/J0837+0610/03_08_2026/PDR_GULP_data000.pcap_03_08_2026_12_00_1785738646.PCAP_PDR
03-08-2026 12:29 - WARNING - first_pkt_count, first_gps_count, first_pkt_Tstamp
03-08-2026 12:29 - WARNING - 4102070643 12422 2026-08-03T06:30:14.119576
03-08-2026 12:29 - WARNING - last_pkt_count, last_gps_count, last_pkt_Tstamp
03-08-2026 12:29 - WARNING - 4103953184 12451 2026-08-03T06:30:43.327300
03-08-2026 12:29 - WARNING - diff_pkt_count  , diff_gps_count ,  diff_pkt_timstamp
03-08-2026 12:29 - WARNING - 1882541 29 29207724 microseconds
03-08-2026 12:29 - WARNING - No packet loss: /data/dsp/GBD_TRANSIENT_BUFFER/J0837+0610/03_08_2026/PDR_GULP_data001.pcap_03_08_2026_12_01_1785738675.PCAP_PDR
03-08-2026 12:29 - WARNING - first_pkt_count, first_gps_count, first_pkt_Tstamp
03-08-2026 12:29 - WARNING - 4103953185 12451 2026-08-03T06:30:43.327368
03-08-2026 12:29 - WARNING - last_pkt_count, last_gps_count, last_pkt_Tstamp
03-08-2026 12:29 - WARNING - 4105835726 12480 2026-08-03T06:31:12.535093
03-08-2026 12:29 - WARNING - diff_pkt_count  , diff_gps_count ,  diff_pkt_timstamp
03-08-2026 12:29 - WARNING - 1882541 29 29207725 microseconds
03-08-2026 12:29 - WARNING - No packet loss: /data/dsp/GBD_TRANSIENT_BUFFER/J0837+0610/03_08_2026/PDR_GULP_data002.pcap_03_08_2026_12_01_1785738704.PCAP_PDR
03-08-2026 12:29 - WARNING - first_pkt_count, first_gps_count, first_pkt_Tstamp
03-08-2026 12:29 - WARNING - 4105835727 12480 2026-08-03T06:31:12.535093
03-08-2026 12:29 - WARNING - last_pkt_count, last_gps_count, last_pkt_Tstamp
03-08-2026 12:29 - WARNING - 4107718268 12509 2026-08-03T06:31:41.742824
03-08-2026 12:29 - WARNING - diff_pkt_count  , diff_gps_count ,  diff_pkt_timstamp
03-08-2026 12:29 - WARNING - 1882541 29 29207731 microseconds
03-08-2026 12:29 - WARNING - No packet loss: /data/dsp/GBD_TRANSIENT_BUFFER/J0837+0610/03_08_2026/PDR_GULP_data000.pcap_03_08_2026_12_02_1785738733.PCAP_PDR
03-08-2026 12:29 - WARNING - first_pkt_count, first_gps_count, first_pkt_Tstamp
03-08-2026 12:29 - WARNING - 4107718269 12509 2026-08-03T06:31:41.742825
03-08-2026 12:29 - WARNING - last_pkt_count, last_gps_count, last_pkt_Tstamp
03-08-2026 12:29 - WARNING - 4109600811 12538 2026-08-03T06:32:10.950578
03-08-2026 12:29 - WARNING - diff_pkt_count  , diff_gps_count ,  diff_pkt_timstamp
03-08-2026 12:29 - WARNING - 1882542 29 29207753 microseconds
03-08-2026 12:29 - WARNING - No packet loss: /data/dsp/GBD_TRANSIENT_BUFFER/J0837+0610/03_08_2026/PDR_GULP_data001.pcap_03_08_2026_12_02_1785738763.PCAP_PDR
03-08-2026 12:29 - WARNING - first_pkt_count, first_gps_count, first_pkt_Tstamp
03-08-2026 12:29 - WARNING - 4109600812 12538 2026-08-03T06:32:10.950579
03-08-2026 12:29 - WARNING - last_pkt_count, last_gps_count, last_pkt_Tstamp
03-08-2026 12:29 - WARNING - 4111483353 12568 2026-08-03T06:32:40.158338
03-08-2026 12:29 - WARNING - diff_pkt_count  , diff_gps_count ,  diff_pkt_timstamp
03-08-2026 12:29 - WARNING - 1882541 30 29207759 microseconds
03-08-2026 12:29 - WARNING - No packet loss: /data/dsp/GBD_TRANSIENT_BUFFER/J0837+0610/03_08_2026/PDR_GULP_data002.pcap_03_08_2026_12_03_1785738792.PCAP_PDR
03-08-2026 12:29 - WARNING - first_pkt_count, first_gps_count, first_pkt_Tstamp
03-08-2026 12:29 - WARNING - 4111483354 12568 2026-08-03T06:32:40.158391
03-08-2026 12:29 - WARNING - last_pkt_count, last_gps_count, last_pkt_Tstamp
03-08-2026 12:29 - WARNING - 4113365895 12597 2026-08-03T06:33:09.366165
03-08-2026 12:29 - WARNING - diff_pkt_count  , diff_gps_count ,  diff_pkt_timstamp
03-08-2026 12:29 - WARNING - 1882541 29 29207774 microseconds
03-08-2026 12:29 - WARNING - No packet loss: /data/dsp/GBD_TRANSIENT_BUFFER/J0837+0610/03_08_2026/PDR_GULP_data000.pcap_03_08_2026_12_03_1785738821.PCAP_PDR
03-08-2026 12:29 - WARNING - first_pkt_count, first_gps_count, first_pkt_Tstamp
03-08-2026 12:29 - WARNING - 4113365896 12597 2026-08-03T06:33:09.366165
03-08-2026 12:29 - WARNING - last_pkt_count, last_gps_count, last_pkt_Tstamp
03-08-2026 12:29 - WARNING - 4115248437 12626 2026-08-03T06:33:38.573870
03-08-2026 12:29 - WARNING - diff_pkt_count  , diff_gps_count ,  diff_pkt_timstamp
03-08-2026 12:29 - WARNING - 1882541 29 29207705 microseconds
03-08-2026 12:29 - WARNING - No packet loss: /data/dsp/GBD_TRANSIENT_BUFFER/J0837+0610/03_08_2026/PDR_GULP_data001.pcap_03_08_2026_12_04_1785738850.PCAP_PDR
03-08-2026 12:29 - WARNING - first_pkt_count, first_gps_count, first_pkt_Tstamp
03-08-2026 12:29 - WARNING - 4115248438 12626 2026-08-03T06:33:38.573870
03-08-2026 12:29 - WARNING - last_pkt_count, last_gps_count, last_pkt_Tstamp
03-08-2026 12:29 - WARNING - 4117130979 12655 2026-08-03T06:34:07.781576
03-08-2026 12:29 - WARNING - diff_pkt_count  , diff_gps_count ,  diff_pkt_timstamp
03-08-2026 12:29 - WARNING - 1882541 29 29207706 microseconds
03-08-2026 12:29 - WARNING - No packet loss: /data/dsp/GBD_TRANSIENT_BUFFER/J0837+0610/03_08_2026/PDR_GULP_data002.pcap_03_08_2026_12_04_1785738879.PCAP_PDR
03-08-2026 12:29 - WARNING - first_pkt_count, first_gps_count, first_pkt_Tstamp
03-08-2026 12:29 - WARNING - 4117130980 12655 2026-08-03T06:34:07.781641
03-08-2026 12:29 - WARNING - last_pkt_count, last_gps_count, last_pkt_Tstamp
03-08-2026 12:29 - WARNING - 4119013521 12685 2026-08-03T06:34:36.989323
03-08-2026 12:29 - WARNING - diff_pkt_count  , diff_gps_count ,  diff_pkt_timstamp
03-08-2026 12:29 - WARNING - 1882541 30 29207682 microseconds
03-08-2026 12:29 - WARNING - No packet loss: /data/dsp/GBD_TRANSIENT_BUFFER/J0837+0610/03_08_2026/PDR_GULP_data000.pcap_03_08_2026_12_05_1785738909.PCAP_PDR
03-08-2026 12:29 - WARNING - first_pkt_count, first_gps_count, first_pkt_Tstamp
03-08-2026 12:29 - WARNING - 4119013522 12685 2026-08-03T06:34:36.989377
03-08-2026 12:29 - WARNING - last_pkt_count, last_gps_count, last_pkt_Tstamp
03-08-2026 12:29 - WARNING - 4120896064 12714 2026-08-03T06:35:06.197121
03-08-2026 12:29 - WARNING - diff_pkt_count  , diff_gps_count ,  diff_pkt_timstamp
03-08-2026 12:29 - WARNING - 1882542 29 29207744 microseconds
03-08-2026 12:29 - WARNING - No packet loss: /data/dsp/GBD_TRANSIENT_BUFFER/J0837+0610/03_08_2026/PDR_GULP_data001.pcap_03_08_2026_12_05_1785738938.PCAP_PDR
03-08-2026 12:29 - WARNING - first_pkt_count, first_gps_count, first_pkt_Tstamp
03-08-2026 12:29 - WARNING - 4120896065 12714 2026-08-03T06:35:06.197121
03-08-2026 12:29 - WARNING - last_pkt_count, last_gps_count, last_pkt_Tstamp
03-08-2026 12:29 - WARNING - 4122778606 12743 2026-08-03T06:35:35.404884
03-08-2026 12:29 - WARNING - diff_pkt_count  , diff_gps_count ,  diff_pkt_timstamp
03-08-2026 12:29 - WARNING - 1882541 29 29207763 microseconds
03-08-2026 12:29 - WARNING - No packet loss: /data/dsp/GBD_TRANSIENT_BUFFER/J0837+0610/03_08_2026/PDR_GULP_data002.pcap_03_08_2026_12_06_1785738967.PCAP_PDR
03-08-2026 12:29 - WARNING - first_pkt_count, first_gps_count, first_pkt_Tstamp
03-08-2026 12:29 - WARNING - 4122778607 12743 2026-08-03T06:35:35.404884
03-08-2026 12:29 - WARNING - last_pkt_count, last_gps_count, last_pkt_Tstamp
03-08-2026 12:29 - WARNING - 4124661148 12772 2026-08-03T06:36:04.612698
03-08-2026 12:29 - WARNING - diff_pkt_count  , diff_gps_count ,  diff_pkt_timstamp
03-08-2026 12:29 - WARNING - 1882541 29 29207814 microseconds
03-08-2026 12:29 - WARNING - No packet loss: /data/dsp/GBD_TRANSIENT_BUFFER/J0837+0610/03_08_2026/PDR_GULP_data000.pcap_03_08_2026_12_06_1785738996.PCAP_PDR
03-08-2026 12:29 - WARNING - first_pkt_count, first_gps_count, first_pkt_Tstamp
03-08-2026 12:29 - WARNING - 4124661149 12772 2026-08-03T06:36:04.612698
03-08-2026 12:29 - WARNING - last_pkt_count, last_gps_count, last_pkt_Tstamp
03-08-2026 12:29 - WARNING - 4126543690 12801 2026-08-03T06:36:33.820429
03-08-2026 12:29 - WARNING - diff_pkt_count  , diff_gps_count ,  diff_pkt_timstamp
03-08-2026 12:29 - WARNING - 1882541 29 29207731 microseconds
03-08-2026 12:29 - WARNING - No packet loss: /data/dsp/GBD_TRANSIENT_BUFFER/J0837+0610/03_08_2026/PDR_GULP_data001.pcap_03_08_2026_12_07_1785739026.PCAP_PDR
03-08-2026 12:29 - WARNING - first_pkt_count, first_gps_count, first_pkt_Tstamp
03-08-2026 12:29 - WARNING - 4126543691 12801 2026-08-03T06:36:33.820429
03-08-2026 12:29 - WARNING - last_pkt_count, last_gps_count, last_pkt_Tstamp
03-08-2026 12:29 - WARNING - 4128426232 12831 2026-08-03T06:37:03.028133
03-08-2026 12:29 - WARNING - diff_pkt_count  , diff_gps_count ,  diff_pkt_timstamp
03-08-2026 12:29 - WARNING - 1882541 30 29207704 microseconds
03-08-2026 12:29 - WARNING - No packet loss: /data/dsp/GBD_TRANSIENT_BUFFER/J0837+0610/03_08_2026/PDR_GULP_data002.pcap_03_08_2026_12_07_1785739055.PCAP_PDR
03-08-2026 12:29 - WARNING - first_pkt_count, first_gps_count, first_pkt_Tstamp
03-08-2026 12:29 - WARNING - 4128426233 12831 2026-08-03T06:37:03.028134
03-08-2026 12:29 - WARNING - last_pkt_count, last_gps_count, last_pkt_Tstamp
03-08-2026 12:29 - WARNING - 4130308774 12860 2026-08-03T06:37:32.235892
03-08-2026 12:29 - WARNING - diff_pkt_count  , diff_gps_count ,  diff_pkt_timstamp
03-08-2026 12:29 - WARNING - 1882541 29 29207758 microseconds
03-08-2026 12:29 - WARNING - No packet loss: /data/dsp/GBD_TRANSIENT_BUFFER/J0837+0610/03_08_2026/PDR_GULP_data000.pcap_03_08_2026_12_08_1785739084.PCAP_PDR
03-08-2026 12:29 - WARNING - first_pkt_count, first_gps_count, first_pkt_Tstamp
03-08-2026 12:29 - WARNING - 4130308775 12860 2026-08-03T06:37:32.235945
03-08-2026 12:29 - WARNING - last_pkt_count, last_gps_count, last_pkt_Tstamp
03-08-2026 12:29 - WARNING - 4132191317 12889 2026-08-03T06:38:01.443661
03-08-2026 12:29 - WARNING - diff_pkt_count  , diff_gps_count ,  diff_pkt_timstamp
03-08-2026 12:29 - WARNING - 1882542 29 29207716 microseconds
03-08-2026 12:29 - WARNING - No packet loss: /data/dsp/GBD_TRANSIENT_BUFFER/J0837+0610/03_08_2026/PDR_GULP_data001.pcap_03_08_2026_12_08_1785739113.PCAP_PDR
03-08-2026 12:29 - WARNING - first_pkt_count, first_gps_count, first_pkt_Tstamp
03-08-2026 12:29 - WARNING - 4132191318 12889 2026-08-03T06:38:01.443750
03-08-2026 12:29 - WARNING - last_pkt_count, last_gps_count, last_pkt_Tstamp
03-08-2026 12:29 - WARNING - 4134073859 12918 2026-08-03T06:38:30.651430
03-08-2026 12:29 - WARNING - diff_pkt_count  , diff_gps_count ,  diff_pkt_timstamp
03-08-2026 12:29 - WARNING - 1882541 29 29207680 microseconds
03-08-2026 12:29 - WARNING - No packet loss: /data/dsp/GBD_TRANSIENT_BUFFER/J0837+0610/03_08_2026/PDR_GULP_data002.pcap_03_08_2026_12_09_1785739142.PCAP_PDR
03-08-2026 12:29 - WARNING - first_pkt_count, first_gps_count, first_pkt_Tstamp
03-08-2026 12:29 - WARNING - 4134073860 12918 2026-08-03T06:38:30.651430
03-08-2026 12:29 - WARNING - last_pkt_count, last_gps_count, last_pkt_Tstamp
03-08-2026 12:29 - WARNING - 4135956401 12947 2026-08-03T06:38:59.859248
03-08-2026 12:29 - WARNING - diff_pkt_count  , diff_gps_count ,  diff_pkt_timstamp
03-08-2026 12:29 - WARNING - 1882541 29 29207818 microseconds
03-08-2026 12:29 - WARNING - No packet loss: /data/dsp/GBD_TRANSIENT_BUFFER/J0837+0610/03_08_2026/PDR_GULP_data000.pcap_03_08_2026_12_09_1785739172.PCAP_PDR
03-08-2026 12:29 - WARNING - first_pkt_count, first_gps_count, first_pkt_Tstamp
03-08-2026 12:29 - WARNING - 4135956402 12947 2026-08-03T06:38:59.859248
03-08-2026 12:29 - WARNING - last_pkt_count, last_gps_count, last_pkt_Tstamp
03-08-2026 12:29 - WARNING - 4137838943 12977 2026-08-03T06:39:29.066919
03-08-2026 12:29 - WARNING - diff_pkt_count  , diff_gps_count ,  diff_pkt_timstamp
03-08-2026 12:29 - WARNING - 1882541 30 29207671 microseconds
03-08-2026 12:29 - WARNING - No packet loss: /data/dsp/GBD_TRANSIENT_BUFFER/J0837+0610/03_08_2026/PDR_GULP_data001.pcap_03_08_2026_12_10_1785739201.PCAP_PDR
03-08-2026 12:29 - WARNING - first_pkt_count, first_gps_count, first_pkt_Tstamp
03-08-2026 12:29 - WARNING - 4137838944 12977 2026-08-03T06:39:29.066919
03-08-2026 12:29 - WARNING - last_pkt_count, last_gps_count, last_pkt_Tstamp
03-08-2026 12:29 - WARNING - 4139721485 13006 2026-08-03T06:39:58.274675
03-08-2026 12:29 - WARNING - diff_pkt_count  , diff_gps_count ,  diff_pkt_timstamp
03-08-2026 12:29 - WARNING - 1882541 29 29207756 microseconds
03-08-2026 12:29 - WARNING - No packet loss: /data/dsp/GBD_TRANSIENT_BUFFER/J0837+0610/03_08_2026/PDR_GULP_data002.pcap_03_08_2026_12_10_1785739230.PCAP_PDR
03-08-2026 12:29 - WARNING - first_pkt_count, first_gps_count, first_pkt_Tstamp
03-08-2026 12:29 - WARNING - 4139721486 13006 2026-08-03T06:39:58.274675
03-08-2026 12:29 - WARNING - last_pkt_count, last_gps_count, last_pkt_Tstamp
03-08-2026 12:29 - WARNING - 4141604027 13035 2026-08-03T06:40:27.482463
03-08-2026 12:29 - WARNING - diff_pkt_count  , diff_gps_count ,  diff_pkt_timstamp
03-08-2026 12:29 - WARNING - 1882541 29 29207788 microseconds
03-08-2026 12:29 - WARNING - No packet loss: /data/dsp/GBD_TRANSIENT_BUFFER/J0837+0610/03_08_2026/PDR_GULP_data000.pcap_03_08_2026_12_10_1785739259.PCAP_PDR
03-08-2026 12:29 - WARNING - first_pkt_count, first_gps_count, first_pkt_Tstamp
03-08-2026 12:29 - WARNING - 4141604028 13035 2026-08-03T06:40:27.482463
03-08-2026 12:29 - WARNING - last_pkt_count, last_gps_count, last_pkt_Tstamp
03-08-2026 12:29 - WARNING - 4143486570 13064 2026-08-03T06:40:56.690196
03-08-2026 12:29 - WARNING - diff_pkt_count  , diff_gps_count ,  diff_pkt_timstamp
03-08-2026 12:29 - WARNING - 1882542 29 29207733 microseconds
03-08-2026 12:29 - WARNING - No packet loss: /data/dsp/GBD_TRANSIENT_BUFFER/J0837+0610/03_08_2026/PDR_GULP_data001.pcap_03_08_2026_12_11_1785739288.PCAP_PDR
03-08-2026 12:29 - WARNING - first_pkt_count, first_gps_count, first_pkt_Tstamp
03-08-2026 12:29 - WARNING - 4143486571 13064 2026-08-03T06:40:56.690249
03-08-2026 12:29 - WARNING - last_pkt_count, last_gps_count, last_pkt_Tstamp
03-08-2026 12:29 - WARNING - 4145369112 13093 2026-08-03T06:41:25.898035
03-08-2026 12:29 - WARNING - diff_pkt_count  , diff_gps_count ,  diff_pkt_timstamp
03-08-2026 12:29 - WARNING - 1882541 29 29207786 microseconds
03-08-2026 12:29 - WARNING - No packet loss: /data/dsp/GBD_TRANSIENT_BUFFER/J0837+0610/03_08_2026/PDR_GULP_data002.pcap_03_08_2026_12_11_1785739318.PCAP_PDR
03-08-2026 12:29 - WARNING - first_pkt_count, first_gps_count, first_pkt_Tstamp
03-08-2026 12:29 - WARNING - 4145369113 13093 2026-08-03T06:41:25.898035
03-08-2026 12:29 - WARNING - last_pkt_count, last_gps_count, last_pkt_Tstamp
03-08-2026 12:29 - WARNING - 4147251654 13123 2026-08-03T06:41:55.105743
03-08-2026 12:29 - WARNING - diff_pkt_count  , diff_gps_count ,  diff_pkt_timstamp
03-08-2026 12:29 - WARNING - 1882541 30 29207708 microseconds
03-08-2026 12:29 - WARNING - No packet loss: /data/dsp/GBD_TRANSIENT_BUFFER/J0837+0610/03_08_2026/PDR_GULP_data000.pcap_03_08_2026_12_12_1785739347.PCAP_PDR
03-08-2026 12:29 - WARNING - first_pkt_count, first_gps_count, first_pkt_Tstamp
03-08-2026 12:29 - WARNING - 4147251655 13123 2026-08-03T06:41:55.105744
03-08-2026 12:29 - WARNING - last_pkt_count, last_gps_count, last_pkt_Tstamp
03-08-2026 12:29 - WARNING - 4149134196 13152 2026-08-03T06:42:24.313540
03-08-2026 12:29 - WARNING - diff_pkt_count  , diff_gps_count ,  diff_pkt_timstamp
03-08-2026 12:29 - WARNING - 1882541 29 29207796 microseconds
03-08-2026 12:29 - WARNING - No packet loss: /data/dsp/GBD_TRANSIENT_BUFFER/J0837+0610/03_08_2026/PDR_GULP_data001.pcap_03_08_2026_12_12_1785739376.PCAP_PDR
03-08-2026 12:29 - WARNING - first_pkt_count, first_gps_count, first_pkt_Tstamp
03-08-2026 12:29 - WARNING - 4149134197 13152 2026-08-03T06:42:24.313541
03-08-2026 12:29 - WARNING - last_pkt_count, last_gps_count, last_pkt_Tstamp
03-08-2026 12:29 - WARNING - 4151016738 13181 2026-08-03T06:42:53.521223
03-08-2026 12:29 - WARNING - diff_pkt_count  , diff_gps_count ,  diff_pkt_timstamp
03-08-2026 12:29 - WARNING - 1882541 29 29207682 microseconds
03-08-2026 12:29 - WARNING - No packet loss: /data/dsp/GBD_TRANSIENT_BUFFER/J0837+0610/03_08_2026/PDR_GULP_data002.pcap_03_08_2026_12_13_1785739405.PCAP_PDR
03-08-2026 12:29 - WARNING - first_pkt_count, first_gps_count, first_pkt_Tstamp
03-08-2026 12:29 - WARNING - 4151016739 13181 2026-08-03T06:42:53.521276
03-08-2026 12:29 - WARNING - last_pkt_count, last_gps_count, last_pkt_Tstamp
03-08-2026 12:29 - WARNING - 4152899280 13210 2026-08-03T06:43:22.728955
03-08-2026 12:29 - WARNING - diff_pkt_count  , diff_gps_count ,  diff_pkt_timstamp
03-08-2026 12:29 - WARNING - 1882541 29 29207679 microseconds
03-08-2026 12:29 - WARNING - No packet loss: /data/dsp/GBD_TRANSIENT_BUFFER/J0837+0610/03_08_2026/PDR_GULP_data000.pcap_03_08_2026_12_13_1785739434.PCAP_PDR
03-08-2026 12:29 - WARNING - first_pkt_count, first_gps_count, first_pkt_Tstamp
03-08-2026 12:29 - WARNING - 4152899281 13210 2026-08-03T06:43:22.729020
03-08-2026 12:29 - WARNING - last_pkt_count, last_gps_count, last_pkt_Tstamp
03-08-2026 12:29 - WARNING - 4154781823 13239 2026-08-03T06:43:51.937872
03-08-2026 12:29 - WARNING - diff_pkt_count  , diff_gps_count ,  diff_pkt_timstamp
03-08-2026 12:29 - WARNING - 1882542 29 29208852 microseconds
03-08-2026 12:29 - WARNING - No packet loss: /data/dsp/GBD_TRANSIENT_BUFFER/J0837+0610/03_08_2026/PDR_GULP_data001.pcap_03_08_2026_12_14_1785739464.PCAP_PDR
03-08-2026 12:29 - WARNING - first_pkt_count, first_gps_count, first_pkt_Tstamp
03-08-2026 12:29 - WARNING - 4154781824 13239 2026-08-03T06:43:51.937924
03-08-2026 12:29 - WARNING - last_pkt_count, last_gps_count, last_pkt_Tstamp
03-08-2026 12:29 - WARNING - 4156664365 13269 2026-08-03T06:44:21.147650
03-08-2026 12:29 - WARNING - diff_pkt_count  , diff_gps_count ,  diff_pkt_timstamp
03-08-2026 12:29 - WARNING - 1882541 30 29209726 microseconds
03-08-2026 12:29 - WARNING - No packet loss: /data/dsp/GBD_TRANSIENT_BUFFER/J0837+0610/03_08_2026/PDR_GULP_data002.pcap_03_08_2026_12_14_1785739493.PCAP_PDR
03-08-2026 12:29 - WARNING - first_pkt_count, first_gps_count, first_pkt_Tstamp
03-08-2026 12:29 - WARNING - 4156664366 13269 2026-08-03T06:44:21.147651
03-08-2026 12:29 - WARNING - last_pkt_count, last_gps_count, last_pkt_Tstamp
03-08-2026 12:29 - WARNING - 4158546907 13298 2026-08-03T06:44:50.357297
03-08-2026 12:29 - WARNING - diff_pkt_count  , diff_gps_count ,  diff_pkt_timstamp
03-08-2026 12:29 - WARNING - 1882541 29 29209646 microseconds
03-08-2026 12:29 - WARNING - No packet loss: /data/dsp/GBD_TRANSIENT_BUFFER/J0837+0610/03_08_2026/PDR_GULP_data000.pcap_03_08_2026_12_15_1785739522.PCAP_PDR
03-08-2026 12:29 - WARNING - first_pkt_count, first_gps_count, first_pkt_Tstamp
03-08-2026 12:29 - WARNING - 4158546908 13298 2026-08-03T06:44:50.357350
03-08-2026 12:29 - WARNING - last_pkt_count, last_gps_count, last_pkt_Tstamp
03-08-2026 12:29 - WARNING - 4160429449 13327 2026-08-03T06:45:19.566915
03-08-2026 12:29 - WARNING - diff_pkt_count  , diff_gps_count ,  diff_pkt_timstamp
03-08-2026 12:29 - WARNING - 1882541 29 29209565 microseconds
03-08-2026 12:29 - WARNING - No packet loss: /data/dsp/GBD_TRANSIENT_BUFFER/J0837+0610/03_08_2026/PDR_GULP_data001.pcap_03_08_2026_12_15_1785739551.PCAP_PDR
03-08-2026 12:29 - WARNING - first_pkt_count, first_gps_count, first_pkt_Tstamp
03-08-2026 12:29 - WARNING - 4160429450 13327 2026-08-03T06:45:19.566915
03-08-2026 12:29 - WARNING - last_pkt_count, last_gps_count, last_pkt_Tstamp
03-08-2026 12:29 - WARNING - 4162311991 13356 2026-08-03T06:45:48.776395
03-08-2026 12:29 - WARNING - diff_pkt_count  , diff_gps_count ,  diff_pkt_timstamp
03-08-2026 12:29 - WARNING - 1882541 29 29209480 microseconds
03-08-2026 12:29 - WARNING - No packet loss: /data/dsp/GBD_TRANSIENT_BUFFER/J0837+0610/03_08_2026/PDR_GULP_data002.pcap_03_08_2026_12_16_1785739580.PCAP_PDR
03-08-2026 12:29 - WARNING - first_pkt_count, first_gps_count, first_pkt_Tstamp
03-08-2026 12:29 - WARNING - 4162311992 13356 2026-08-03T06:45:48.776396
03-08-2026 12:29 - WARNING - last_pkt_count, last_gps_count, last_pkt_Tstamp
03-08-2026 12:29 - WARNING - 4164194533 13385 2026-08-03T06:46:17.985813
03-08-2026 12:29 - WARNING - diff_pkt_count  , diff_gps_count ,  diff_pkt_timstamp
03-08-2026 12:29 - WARNING - 1882541 29 29209417 microseconds
03-08-2026 12:29 - WARNING - No packet loss: /data/dsp/GBD_TRANSIENT_BUFFER/J0837+0610/03_08_2026/PDR_GULP_data000.pcap_03_08_2026_12_16_1785739610.PCAP_PDR
03-08-2026 12:29 - WARNING - first_pkt_count, first_gps_count, first_pkt_Tstamp
03-08-2026 12:29 - WARNING - 4164194534 13385 2026-08-03T06:46:17.985813
03-08-2026 12:29 - WARNING - last_pkt_count, last_gps_count, last_pkt_Tstamp
03-08-2026 12:29 - WARNING - 4166077076 13415 2026-08-03T06:46:47.195169
03-08-2026 12:29 - WARNING - diff_pkt_count  , diff_gps_count ,  diff_pkt_timstamp
03-08-2026 12:29 - WARNING - 1882542 30 29209356 microseconds
03-08-2026 12:29 - WARNING - No packet loss: /data/dsp/GBD_TRANSIENT_BUFFER/J0837+0610/03_08_2026/PDR_GULP_data001.pcap_03_08_2026_12_17_1785739639.PCAP_PDR
03-08-2026 12:29 - WARNING - first_pkt_count, first_gps_count, first_pkt_Tstamp
03-08-2026 12:29 - WARNING - 4166077077 13415 2026-08-03T06:46:47.195169
03-08-2026 12:29 - WARNING - last_pkt_count, last_gps_count, last_pkt_Tstamp
03-08-2026 12:29 - WARNING - 4167959618 13444 2026-08-03T06:47:16.404472
03-08-2026 12:29 - WARNING - diff_pkt_count  , diff_gps_count ,  diff_pkt_timstamp
03-08-2026 12:29 - WARNING - 1882541 29 29209303 microseconds
03-08-2026 12:29 - WARNING - No packet loss: /data/dsp/GBD_TRANSIENT_BUFFER/J0837+0610/03_08_2026/PDR_GULP_data002.pcap_03_08_2026_12_17_1785739668.PCAP_PDR
03-08-2026 12:29 - WARNING - first_pkt_count, first_gps_count, first_pkt_Tstamp
03-08-2026 12:29 - WARNING - 4167959619 13444 2026-08-03T06:47:16.404472
03-08-2026 12:29 - WARNING - last_pkt_count, last_gps_count, last_pkt_Tstamp
03-08-2026 12:29 - WARNING - 4169842160 13473 2026-08-03T06:47:45.613619
03-08-2026 12:29 - WARNING - diff_pkt_count  , diff_gps_count ,  diff_pkt_timstamp
03-08-2026 12:29 - WARNING - 1882541 29 29209147 microseconds
03-08-2026 12:29 - WARNING - No packet loss: /data/dsp/GBD_TRANSIENT_BUFFER/J0837+0610/03_08_2026/PDR_GULP_data000.pcap_03_08_2026_12_18_1785739697.PCAP_PDR
03-08-2026 12:29 - WARNING - first_pkt_count, first_gps_count, first_pkt_Tstamp
03-08-2026 12:29 - WARNING - 4169842161 13473 2026-08-03T06:47:45.613702
03-08-2026 12:29 - WARNING - last_pkt_count, last_gps_count, last_pkt_Tstamp
03-08-2026 12:29 - WARNING - 4171724702 13502 2026-08-03T06:48:14.822739
03-08-2026 12:29 - WARNING - diff_pkt_count  , diff_gps_count ,  diff_pkt_timstamp
03-08-2026 12:29 - WARNING - 1882541 29 29209037 microseconds
03-08-2026 12:29 - WARNING - No packet loss: /data/dsp/GBD_TRANSIENT_BUFFER/J0837+0610/03_08_2026/PDR_GULP_data001.pcap_03_08_2026_12_18_1785739727.PCAP_PDR
03-08-2026 12:29 - WARNING - first_pkt_count, first_gps_count, first_pkt_Tstamp
03-08-2026 12:29 - WARNING - 4171724703 13502 2026-08-03T06:48:14.822740
03-08-2026 12:29 - WARNING - last_pkt_count, last_gps_count, last_pkt_Tstamp
03-08-2026 12:29 - WARNING - 4173607244 13532 2026-08-03T06:48:44.031833
03-08-2026 12:29 - WARNING - diff_pkt_count  , diff_gps_count ,  diff_pkt_timstamp
03-08-2026 12:29 - WARNING - 1882541 30 29209093 microseconds
03-08-2026 12:29 - WARNING - No packet loss: /data/dsp/GBD_TRANSIENT_BUFFER/J0837+0610/03_08_2026/PDR_GULP_data002.pcap_03_08_2026_12_19_1785739756.PCAP_PDR
03-08-2026 12:29 - WARNING - first_pkt_count, first_gps_count, first_pkt_Tstamp
03-08-2026 12:29 - WARNING - 4173607245 13532 2026-08-03T06:48:44.031833
03-08-2026 12:29 - WARNING - last_pkt_count, last_gps_count, last_pkt_Tstamp
03-08-2026 12:29 - WARNING - 4175489786 13561 2026-08-03T06:49:13.240812
03-08-2026 12:29 - WARNING - diff_pkt_count  , diff_gps_count ,  diff_pkt_timstamp
03-08-2026 12:29 - WARNING - 1882541 29 29208979 microseconds
03-08-2026 12:29 - WARNING - No packet loss: /data/dsp/GBD_TRANSIENT_BUFFER/J0837+0610/03_08_2026/PDR_GULP_data000.pcap_03_08_2026_12_19_1785739785.PCAP_PDR
03-08-2026 12:29 - WARNING - first_pkt_count, first_gps_count, first_pkt_Tstamp
03-08-2026 12:29 - WARNING - 4175489787 13561 2026-08-03T06:49:13.240812
03-08-2026 12:29 - WARNING - last_pkt_count, last_gps_count, last_pkt_Tstamp
03-08-2026 12:29 - WARNING - 4177372329 13590 2026-08-03T06:49:42.449825
03-08-2026 12:29 - WARNING - diff_pkt_count  , diff_gps_count ,  diff_pkt_timstamp
03-08-2026 12:29 - WARNING - 1882542 29 29209013 microseconds
03-08-2026 12:29 - WARNING - No packet loss: /data/dsp/GBD_TRANSIENT_BUFFER/J0837+0610/03_08_2026/PDR_GULP_data001.pcap_03_08_2026_12_20_1785739814.PCAP_PDR
03-08-2026 12:29 - WARNING - first_pkt_count, first_gps_count, first_pkt_Tstamp
03-08-2026 12:29 - WARNING - 4177372330 13590 2026-08-03T06:49:42.449825
03-08-2026 12:29 - WARNING - last_pkt_count, last_gps_count, last_pkt_Tstamp
03-08-2026 12:29 - WARNING - 4179254871 13619 2026-08-03T06:50:11.658744
03-08-2026 12:29 - WARNING - diff_pkt_count  , diff_gps_count ,  diff_pkt_timstamp
03-08-2026 12:29 - WARNING - 1882541 29 29208919 microseconds
03-08-2026 12:29 - WARNING - No packet loss: /data/dsp/GBD_TRANSIENT_BUFFER/J0837+0610/03_08_2026/PDR_GULP_data002.pcap_03_08_2026_12_20_1785739843.PCAP_PDR
03-08-2026 12:29 - WARNING - first_pkt_count, first_gps_count, first_pkt_Tstamp
03-08-2026 12:29 - WARNING - 4179254872 13619 2026-08-03T06:50:11.658744
03-08-2026 12:29 - WARNING - last_pkt_count, last_gps_count, last_pkt_Tstamp
03-08-2026 12:29 - WARNING - 4181137413 13648 2026-08-03T06:50:40.867581
03-08-2026 12:29 - WARNING - diff_pkt_count  , diff_gps_count ,  diff_pkt_timstamp
03-08-2026 12:29 - WARNING - 1882541 29 29208837 microseconds
03-08-2026 12:29 - WARNING - No packet loss: /data/dsp/GBD_TRANSIENT_BUFFER/J0837+0610/03_08_2026/PDR_GULP_data000.pcap_03_08_2026_12_21_1785739873.PCAP_PDR
03-08-2026 12:29 - WARNING - first_pkt_count, first_gps_count, first_pkt_Tstamp
03-08-2026 12:29 - WARNING - 4181137414 13648 2026-08-03T06:50:40.867581
03-08-2026 12:29 - WARNING - last_pkt_count, last_gps_count, last_pkt_Tstamp
03-08-2026 12:29 - WARNING - 4183019955 13678 2026-08-03T06:51:10.076377
03-08-2026 12:29 - WARNING - diff_pkt_count  , diff_gps_count ,  diff_pkt_timstamp
03-08-2026 12:29 - WARNING - 1882541 30 29208796 microseconds
03-08-2026 12:29 - WARNING - No packet loss: /data/dsp/GBD_TRANSIENT_BUFFER/J0837+0610/03_08_2026/PDR_GULP_data001.pcap_03_08_2026_12_21_1785739902.PCAP_PDR
03-08-2026 12:29 - WARNING - first_pkt_count, first_gps_count, first_pkt_Tstamp
03-08-2026 12:29 - WARNING - 4183019956 13678 2026-08-03T06:51:10.076377
03-08-2026 12:29 - WARNING - last_pkt_count, last_gps_count, last_pkt_Tstamp
03-08-2026 12:29 - WARNING - 4184902497 13707 2026-08-03T06:51:39.285165
03-08-2026 12:29 - WARNING - diff_pkt_count  , diff_gps_count ,  diff_pkt_timstamp
03-08-2026 12:29 - WARNING - 1882541 29 29208788 microseconds
03-08-2026 12:29 - WARNING - No packet loss: /data/dsp/GBD_TRANSIENT_BUFFER/J0837+0610/03_08_2026/PDR_GULP_data002.pcap_03_08_2026_12_22_1785739931.PCAP_PDR
03-08-2026 12:29 - WARNING - first_pkt_count, first_gps_count, first_pkt_Tstamp
03-08-2026 12:29 - WARNING - 4184902498 13707 2026-08-03T06:51:39.285165
03-08-2026 12:29 - WARNING - last_pkt_count, last_gps_count, last_pkt_Tstamp
03-08-2026 12:29 - WARNING - 4186785039 13736 2026-08-03T06:52:08.493900
03-08-2026 12:29 - WARNING - diff_pkt_count  , diff_gps_count ,  diff_pkt_timstamp
03-08-2026 12:29 - WARNING - 1882541 29 29208735 microseconds
03-08-2026 12:29 - WARNING - No packet loss: /data/dsp/GBD_TRANSIENT_BUFFER/J0837+0610/03_08_2026/PDR_GULP_data000.pcap_03_08_2026_12_22_1785739960.PCAP_PDR
03-08-2026 12:29 - WARNING - first_pkt_count, first_gps_count, first_pkt_Tstamp
03-08-2026 12:29 - WARNING - 4186785040 13736 2026-08-03T06:52:08.493900
03-08-2026 12:29 - WARNING - last_pkt_count, last_gps_count, last_pkt_Tstamp
03-08-2026 12:29 - WARNING - 4188667582 13765 2026-08-03T06:52:37.702592
03-08-2026 12:29 - WARNING - diff_pkt_count  , diff_gps_count ,  diff_pkt_timstamp
03-08-2026 12:29 - WARNING - 1882542 29 29208692 microseconds
03-08-2026 12:29 - WARNING - No packet loss: /data/dsp/GBD_TRANSIENT_BUFFER/J0837+0610/03_08_2026/PDR_GULP_data001.pcap_03_08_2026_12_23_1785739989.PCAP_PDR
03-08-2026 12:29 - WARNING - first_pkt_count, first_gps_count, first_pkt_Tstamp
03-08-2026 12:29 - WARNING - 4188667583 13765 2026-08-03T06:52:37.702648
03-08-2026 12:29 - WARNING - last_pkt_count, last_gps_count, last_pkt_Tstamp
03-08-2026 12:29 - WARNING - 4190550124 13794 2026-08-03T06:53:06.911236
03-08-2026 12:29 - WARNING - diff_pkt_count  , diff_gps_count ,  diff_pkt_timstamp
03-08-2026 12:29 - WARNING - 1882541 29 29208588 microseconds
03-08-2026 12:29 - WARNING - No packet loss: /data/dsp/GBD_TRANSIENT_BUFFER/J0837+0610/03_08_2026/PDR_GULP_data002.pcap_03_08_2026_12_23_1785740019.PCAP_PDR
03-08-2026 12:29 - WARNING - first_pkt_count, first_gps_count, first_pkt_Tstamp
03-08-2026 12:29 - WARNING - 4190550125 13794 2026-08-03T06:53:06.911236
03-08-2026 12:29 - WARNING - last_pkt_count, last_gps_count, last_pkt_Tstamp
03-08-2026 12:29 - WARNING - 4192432666 13824 2026-08-03T06:53:36.119887
03-08-2026 12:29 - WARNING - diff_pkt_count  , diff_gps_count ,  diff_pkt_timstamp
03-08-2026 12:29 - WARNING - 1882541 30 29208651 microseconds
03-08-2026 12:29 - WARNING - No packet loss: /data/dsp/GBD_TRANSIENT_BUFFER/J0837+0610/03_08_2026/PDR_GULP_data000.pcap_03_08_2026_12_24_1785740048.PCAP_PDR
03-08-2026 12:29 - WARNING - first_pkt_count, first_gps_count, first_pkt_Tstamp
03-08-2026 12:29 - WARNING - 4192432667 13824 2026-08-03T06:53:36.119887
03-08-2026 12:29 - WARNING - last_pkt_count, last_gps_count, last_pkt_Tstamp
03-08-2026 12:29 - WARNING - 4194315208 13853 2026-08-03T06:54:05.328447
03-08-2026 12:29 - WARNING - diff_pkt_count  , diff_gps_count ,  diff_pkt_timstamp
03-08-2026 12:29 - WARNING - 1882541 29 29208560 microseconds
03-08-2026 12:29 - WARNING - No packet loss: /data/dsp/GBD_TRANSIENT_BUFFER/J0837+0610/03_08_2026/PDR_GULP_data001.pcap_03_08_2026_12_24_1785740077.PCAP_PDR
03-08-2026 12:29 - WARNING - first_pkt_count, first_gps_count, first_pkt_Tstamp
03-08-2026 12:29 - WARNING - 4194315209 13853 2026-08-03T06:54:05.328502
03-08-2026 12:29 - WARNING - last_pkt_count, last_gps_count, last_pkt_Tstamp
03-08-2026 12:29 - WARNING - 4196197750 13882 2026-08-03T06:54:34.537006
03-08-2026 12:29 - WARNING - diff_pkt_count  , diff_gps_count ,  diff_pkt_timstamp
03-08-2026 12:29 - WARNING - 1882541 29 29208504 microseconds
03-08-2026 12:29 - WARNING - No packet loss: /data/dsp/GBD_TRANSIENT_BUFFER/J0837+0610/03_08_2026/PDR_GULP_data002.pcap_03_08_2026_12_25_1785740106.PCAP_PDR
03-08-2026 12:29 - WARNING - first_pkt_count, first_gps_count, first_pkt_Tstamp
03-08-2026 12:29 - WARNING - 4196197751 13882 2026-08-03T06:54:34.537059
03-08-2026 12:29 - WARNING - last_pkt_count, last_gps_count, last_pkt_Tstamp
03-08-2026 12:29 - WARNING - 4198080292 13911 2026-08-03T06:55:03.745544
03-08-2026 12:29 - WARNING - diff_pkt_count  , diff_gps_count ,  diff_pkt_timstamp
03-08-2026 12:29 - WARNING - 1882541 29 29208485 microseconds
03-08-2026 12:29 - WARNING - No packet loss: /data/dsp/GBD_TRANSIENT_BUFFER/J0837+0610/03_08_2026/PDR_GULP_data000.pcap_03_08_2026_12_25_1785740135.PCAP_PDR
03-08-2026 12:29 - WARNING - first_pkt_count, first_gps_count, first_pkt_Tstamp
03-08-2026 12:29 - WARNING - 4198080293 13911 2026-08-03T06:55:03.745544
03-08-2026 12:29 - WARNING - last_pkt_count, last_gps_count, last_pkt_Tstamp
03-08-2026 12:29 - WARNING - 4199962835 13940 2026-08-03T06:55:32.954082
03-08-2026 12:29 - WARNING - diff_pkt_count  , diff_gps_count ,  diff_pkt_timstamp
03-08-2026 12:29 - WARNING - 1882542 29 29208538 microseconds
03-08-2026 12:29 - WARNING - No packet loss: /data/dsp/GBD_TRANSIENT_BUFFER/J0837+0610/03_08_2026/PDR_GULP_data001.pcap_03_08_2026_12_26_1785740165.PCAP_PDR
03-08-2026 12:29 - WARNING - first_pkt_count, first_gps_count, first_pkt_Tstamp
03-08-2026 12:29 - WARNING - 4199962836 13940 2026-08-03T06:55:32.954082
03-08-2026 12:29 - WARNING - last_pkt_count, last_gps_count, last_pkt_Tstamp
03-08-2026 12:29 - WARNING - 4201845377 13970 2026-08-03T06:56:02.162575
03-08-2026 12:29 - WARNING - diff_pkt_count  , diff_gps_count ,  diff_pkt_timstamp
03-08-2026 12:29 - WARNING - 1882541 30 29208493 microseconds
03-08-2026 12:29 - WARNING - No packet loss: /data/dsp/GBD_TRANSIENT_BUFFER/J0837+0610/03_08_2026/PDR_GULP_data002.pcap_03_08_2026_12_26_1785740194.PCAP_PDR
03-08-2026 12:29 - WARNING - first_pkt_count, first_gps_count, first_pkt_Tstamp
03-08-2026 12:29 - WARNING - 4201845378 13970 2026-08-03T06:56:02.162576
03-08-2026 12:29 - WARNING - last_pkt_count, last_gps_count, last_pkt_Tstamp
03-08-2026 12:29 - WARNING - 4203727919 13999 2026-08-03T06:56:31.371062
03-08-2026 12:29 - WARNING - diff_pkt_count  , diff_gps_count ,  diff_pkt_timstamp
03-08-2026 12:29 - WARNING - 1882541 29 29208486 microseconds
03-08-2026 12:29 - WARNING - No packet loss: /data/dsp/GBD_TRANSIENT_BUFFER/J0837+0610/03_08_2026/PDR_GULP_data000.pcap_03_08_2026_12_27_1785740223.PCAP_PDR
03-08-2026 12:29 - WARNING - first_pkt_count, first_gps_count, first_pkt_Tstamp
03-08-2026 12:29 - WARNING - 4203727920 13999 2026-08-03T06:56:31.371063
03-08-2026 12:29 - WARNING - last_pkt_count, last_gps_count, last_pkt_Tstamp
03-08-2026 12:29 - WARNING - 4205610461 14028 2026-08-03T06:57:00.579490
03-08-2026 12:29 - WARNING - diff_pkt_count  , diff_gps_count ,  diff_pkt_timstamp
03-08-2026 12:29 - WARNING - 1882541 29 29208427 microseconds
03-08-2026 12:29 - WARNING - No packet loss: /data/dsp/GBD_TRANSIENT_BUFFER/J0837+0610/03_08_2026/PDR_GULP_data001.pcap_03_08_2026_12_27_1785740252.PCAP_PDR
03-08-2026 12:29 - WARNING - first_pkt_count, first_gps_count, first_pkt_Tstamp
03-08-2026 12:29 - WARNING - 4205610462 14028 2026-08-03T06:57:00.579490
03-08-2026 12:29 - WARNING - last_pkt_count, last_gps_count, last_pkt_Tstamp
03-08-2026 12:29 - WARNING - 4207493003 14057 2026-08-03T06:57:29.787817
03-08-2026 12:29 - WARNING - diff_pkt_count  , diff_gps_count ,  diff_pkt_timstamp
03-08-2026 12:29 - WARNING - 1882541 29 29208327 microseconds
03-08-2026 12:29 - WARNING - No packet loss: /data/dsp/GBD_TRANSIENT_BUFFER/J0837+0610/03_08_2026/PDR_GULP_data002.pcap_03_08_2026_12_28_1785740281.PCAP_PDR
03-08-2026 12:29 - WARNING - first_pkt_count, first_gps_count, first_pkt_Tstamp
03-08-2026 12:29 - WARNING - 4207493004 14057 2026-08-03T06:57:29.787869
03-08-2026 12:29 - WARNING - last_pkt_count, last_gps_count, last_pkt_Tstamp
03-08-2026 12:29 - WARNING - 4209375545 14086 2026-08-03T06:57:58.996242
03-08-2026 12:29 - WARNING - diff_pkt_count  , diff_gps_count ,  diff_pkt_timstamp
03-08-2026 12:29 - WARNING - 1882541 29 29208373 microseconds
03-08-2026 12:29 - WARNING - No packet loss: /data/dsp/GBD_TRANSIENT_BUFFER/J0837+0610/03_08_2026/PDR_GULP_data000.pcap_03_08_2026_12_28_1785740311.PCAP_PDR
03-08-2026 12:29 - WARNING - first_pkt_count, first_gps_count, first_pkt_Tstamp
03-08-2026 12:29 - WARNING - 4209375546 14086 2026-08-03T06:57:58.996243
03-08-2026 12:29 - WARNING - last_pkt_count, last_gps_count, last_pkt_Tstamp
03-08-2026 12:29 - WARNING - 4211258088 14116 2026-08-03T06:58:28.204649
03-08-2026 12:29 - WARNING - diff_pkt_count  , diff_gps_count ,  diff_pkt_timstamp
03-08-2026 12:29 - WARNING - 1882542 30 29208406 microseconds
03-08-2026 12:29 - WARNING - No packet loss: /data/dsp/GBD_TRANSIENT_BUFFER/J0837+0610/03_08_2026/PDR_GULP_data001.pcap_03_08_2026_12_29_1785740340.PCAP_PDR
03-08-2026 12:29 - WARNING - first_pkt_count, first_gps_count, first_pkt_Tstamp
03-08-2026 12:29 - WARNING - 4211258089 14116 2026-08-03T06:58:28.204649
03-08-2026 12:29 - WARNING - last_pkt_count, last_gps_count, last_pkt_Tstamp
03-08-2026 12:29 - WARNING - 4213140630 14145 2026-08-03T06:58:57.412984
03-08-2026 12:29 - WARNING - diff_pkt_count  , diff_gps_count ,  diff_pkt_timstamp
03-08-2026 12:29 - WARNING - 1882541 29 29208335 microseconds
03-08-2026 12:29 SLIP check Finished...
03-08-2026 12:29 Pulsar data reduction pipeline started ...
03-08-2026 12:29 - WARNING - Data Directory: /data/dsp/GBD_TRANSIENT_BUFFER/J0837+0610/03_08_2026
03-08-2026 12:29 - WARNING - Pulsar: J0837+0610
03-08-2026 12:29 - WARNING - CH selelction: 0
03-08-2026 12:29 - WARNING - Phase file: /home/dsp/PDR_acquire_setup/dada_scripts/phase/rf_path_phase.dat
03-08-2026 12:29 - WARNING - Obs. logfile: /home/dsp/PDR_acquire_setup/master_obs_log/J0837+0610_03_08_2026_observation.log
03-08-2026 12:29 - WARNING - Observation start time: 2026_08_03_11_50_29
03-08-2026 12:29 - WARNING - parfile: /home/dsp/parfiles/J0837+0610.par
03-08-2026 12:29 - WARNING - DM: 13.0209436694702
03-08-2026 12:29 - WARNING - Period: 1.2737745847060131
03-08-2026 12:29 - WARNING - RA_DEC: 08:37:05.6485930+06:10:16.06361
03-08-2026 12:29 - WARNING - out_dada_file: J0837+0610_2026_08_03_11_50_29_type_0.dada
03-08-2026 12:29 - WARNING - Number of files to process: 80
03-08-2026 12:29 - WARNING - Files per batch:  17
03-08-2026 12:47 - WARNING - Time taken for PDR2DADA convertion: 0:18:21.967958
03-08-2026 12:47 - WARNING - Center_freq: 175
03-08-2026 12:47 - WARNING - int_time: 3.0
03-08-2026 12:47 - WARNING - nbins: 256
03-08-2026 12:47 - WARNING - fil_chan: 256
03-08-2026 12:47 - WARNING - cpu: 2,3,4,5,6,7,8,9,10,11,12,13,14,15,16
03-08-2026 12:47 - WARNING - thread: 32
03-08-2026 12:47 - WARNING - nbit: 8
03-08-2026 12:47 - WARNING - time_avg: 0.000256
03-08-2026 12:47 - WARNING - MJD_START: 61255.2642356636
03-08-2026 12:47 - WARNING - output: J0837+0610_61255.26_175MHz_type_0_GBD_DART
03-08-2026 12:47 - WARNING - singularity_container: singularity exec /home/dsp/singularity_imag/pschive_py3.sif  
03-08-2026 12:47 - WARNING - ------ DIGIFITS ------
03-08-2026 12:47 - WARNING - ---- Search Mode FITS -------
03-08-2026 12:47 - WARNING - digifits_ful_stokes_cmd: singularity exec /home/dsp/singularity_imag/pschive_py3.sif  digifits  -F 256 -x 256 -b 8 -p 4 -t 0.000256 J0837+0610_2026_08_03_11_50_29_type_0.dada -o J0837+0610_2026_08_03_11_50_29_type_0.dada_stokes.fits
03-08-2026 13:15 - WARNING - ------ Total intensity FITS -------
03-08-2026 13:15 - WARNING - digifits_total_intensity_cmd: singularity exec /home/dsp/singularity_imag/pschive_py3.sif  digifits  -F 256 -x 256 -b 8 -p 1 -t 0.000256 J0837+0610_2026_08_03_11_50_29_type_0.dada -o J0837+0610_2026_08_03_11_50_29_type_0.dada_intensity.fits
03-08-2026 13:39 - WARNING - Nchan: 256
03-08-2026 13:39 - WARNING - Nbin: 256
03-08-2026 13:39 - WARNING - Tavg: 0.000256
03-08-2026 13:39 - WARNING - Time taken for DIGIFITS run: 0:51:45.580036
03-08-2026 13:39 - WARNING - ------ DSPSR ------
03-08-2026 13:39 - WARNING - ------- Coherent Dedispersion Folded archive -------
03-08-2026 13:39 - WARNING - dspsr_cmd: singularity exec /home/dsp/singularity_imag/pschive_py3.sif  dspsr J0837+0610_2026_08_03_11_50_29_type_0.dada -cpu 2,3,4,5,6,7,8,9,10,11,12,13,14,15,16 -t 32 -E /home/dsp/parfiles/J0837+0610.par -L 3.0 -b 256 -F 256:D -N J0837+0610 -a PSRFITS -A -e .fits -O J0837+0610_61255.26_175MHz_type_0_GBD_DART
03-08-2026 13:49 - WARNING - ------- Incoherent Dedispersion Folded archive -------
03-08-2026 13:49 - WARNING - Incoherent_DD_dspsr_cmd: singularity exec /home/dsp/singularity_imag/pschive_py3.sif  dspsr J0837+0610_2026_08_03_11_50_29_type_0.dada_stokes.fits -cpu 2,3,4,5,6,7,8,9,10,11,12,13,14,15,16 -t 32 -E /home/dsp/parfiles/J0837+0610.par -L 3.0 -b 256 -N J0837+0610 -A -e .fits -O J0837+0610_61255.26_175MHz_type_0_GBD_DART_stokes_Incoherent_DD
03-08-2026 13:53 - WARNING - Time taken for DSPSR run: 0:13:34.756825
03-08-2026 13:53 - WARNING - ------ PSREDIT ------
03-08-2026 13:53 - WARNING - psredit_cmd: singularity exec /home/dsp/singularity_imag/pschive_py3.sif  psredit -c name=J0837+0610,be:name=GSB,coord=08:37:05.6485930+06:10:16.06361 -m *_GBD_DART*fits
03-08-2026 13:53 - WARNING - Time taken for PSREDIT run: 0:00:10.277138
03-08-2026 13:53 - WARNING - ------ Iterative RFI Cleaner ------
03-08-2026 13:53 - WARNING - Iterative_cleaner_cmd: singularity exec /home/dsp/singularity_imag/pschive_py3.sif   python3 /home/dsp/PDR_acquire_setup/iterative_cleaner.py -s 3 -c 3 -m 10 *_GBD_DART*fits
03-08-2026 14:01 - WARNING - Time taken for Iterative_cleaner run: 0:08:11.539753
03-08-2026 14:01 - WARNING - ------ PDMP ------
03-08-2026 14:01 - WARNING - pdmp_cmd1: singularity exec /home/dsp/singularity_imag/pschive_py3.sif  pdmp -dr 2 -ds 0.05 -g J0837+0610_61255.26_175MHz_type_0_GBD_DART.fits_cleaned.ar.ps/cps J0837+0610_61255.26_175MHz_type_0_GBD_DART.fits_cleaned.ar
03-08-2026 14:07 - WARNING - pdmp_cmd2: singularity exec /home/dsp/singularity_imag/pschive_py3.sif  pdmp -dr 2 -ds 0.05 -g J0837+0610_61255.26_175MHz_type_0_GBD_DART_stokes_Incoherent_DD.fits_cleaned.ar.ps/cps J0837+0610_61255.26_175MHz_type_0_GBD_DART_stokes_Incoherent_DD.fits_cleaned.ar
03-08-2026 14:14 - WARNING - Time taken for PDMP run: 0:13:04.818446
03-08-2026 14:14 - WARNING - ------ PS2PDF ------
03-08-2026 14:14 - WARNING - ps2pdf_cmd1: singularity exec /home/dsp/singularity_imag/pschive_py3.sif  ps2pdf J0837+0610_61255.26_175MHz_type_0_GBD_DART.fits_cleaned.ar.ps J0837+0610_61255.26_175MHz_type_0_GBD_DART.fits_cleaned.ar.ps.pdf
03-08-2026 14:14 - WARNING - ps2pdf_cmd2: singularity exec /home/dsp/singularity_imag/pschive_py3.sif  ps2pdf J0837+0610_61255.26_175MHz_type_0_GBD_DART_stokes_Incoherent_DD.fits_cleaned.ar.ps J0837+0610_61255.26_175MHz_type_0_GBD_DART_stokes_Incoherent_DD.fits_cleaned.ar.ps.pdf
03-08-2026 14:14 - WARNING - Time taken for PDMP run: 0:00:05.126138
03-08-2026 14:14 - WARNING - Overall time taken for data reduction: 1:45:15.716362
03-08-2026 14:14 - WARNING - J0837+0610_2026_08_03_11_50_29_type_0.dada... file removed
03-08-2026 14:14 - WARNING - All done!
03-08-2026 14:15 --- PRESTO ---
03-08-2026 14:15 singularity_container: singularity exec /home/dsp/singularity_imag/pschive_py3.sif  
03-08-2026 14:15 Filterbank to Process for PULSAR: J0837+0610 with DM:59400 : J0837+0610_2026_08_03_11_50_29_type_0.dada_intensity.fits
03-08-2026 14:15 --- RFIFIND ---
03-08-2026 14:15 RFIFIND: singularity exec /home/dsp/singularity_imag/pschive_py3.sif   rfifind -time 2.0 -o J0837+0610 J0837+0610_2026_08_03_11_50_29_type_0.dada_intensity.fits
03-08-2026 14:16 --- PREPDATA ---
03-08-2026 14:16 PREPDATA: singularity exec /home/dsp/singularity_imag/pschive_py3.sif   prepdata -nobary -o J0837+0610_2026_08_03_11_50_29_type_0.dada_intensity.fits -dm 59400 -mask J0837+0610_rfifind.mask J0837+0610_2026_08_03_11_50_29_type_0.dada_intensity.fits
03-08-2026 14:16 --- REALFFT ---
03-08-2026 14:16 REALFFT: singularity exec /home/dsp/singularity_imag/pschive_py3.sif   realfft  J0837+0610_2026_08_03_11_50_29_type_0.dada_intensity.fits.dat
03-08-2026 14:16 --- ACCELSEARCH ---
03-08-2026 14:16 ACCELSEARCH: singularity exec /home/dsp/singularity_imag/pschive_py3.sif   accelsearch -numharm 8 -zmax 8  J0837+0610_2026_08_03_11_50_29_type_0.dada_intensity.fits.fft
03-08-2026 14:16 Observation Over.
