17-07-2026 12:56 Waiting for J0837+0610 observation...
17-07-2026 13:01 Observation started...
17-07-2026 13:01 Pulsar: J0837+0610 , parfile: /home/dsp/parfiles/J0837+0610.par , DM: 13.0209436694702
17-07-2026 13:01 Trigger sent to obs. PC [VELA].
17-07-2026 13:36 Acquired 80.
17-07-2026 13:36 ACQ over.
17-07-2026 13:36 Removing Trigger file from remote machine 
17-07-2026 13:36 Observation stoped.
-rw------- 1 dsp dsp 2.0G Jul 17 12:57 /data/TRANSIENT_BUFFER/PDR_GULP_data002.pcap_17_07_2026_12_57_1784273234.PCAP_PDR
-rw------- 1 dsp dsp 2.0G Jul 17 12:57 /data/TRANSIENT_BUFFER/PDR_GULP_data000.pcap_17_07_2026_12_57_1784273263.PCAP_PDR
-rw------- 1 dsp dsp 2.0G Jul 17 12:58 /data/TRANSIENT_BUFFER/PDR_GULP_data001.pcap_17_07_2026_12_58_1784273293.PCAP_PDR
-rw------- 1 dsp dsp 2.0G Jul 17 12:58 /data/TRANSIENT_BUFFER/PDR_GULP_data002.pcap_17_07_2026_12_58_1784273322.PCAP_PDR
-rw------- 1 dsp dsp 2.0G Jul 17 12:59 /data/TRANSIENT_BUFFER/PDR_GULP_data000.pcap_17_07_2026_12_59_1784273351.PCAP_PDR
-rw------- 1 dsp dsp 2.0G Jul 17 12:59 /data/TRANSIENT_BUFFER/PDR_GULP_data001.pcap_17_07_2026_12_59_1784273380.PCAP_PDR
-rw------- 1 dsp dsp 2.0G Jul 17 13:00 /data/TRANSIENT_BUFFER/PDR_GULP_data002.pcap_17_07_2026_13_00_1784273409.PCAP_PDR
-rw------- 1 dsp dsp 2.0G Jul 17 13:00 /data/TRANSIENT_BUFFER/PDR_GULP_data000.pcap_17_07_2026_13_00_1784273439.PCAP_PDR
-rw------- 1 dsp dsp 2.0G Jul 17 13:01 /data/TRANSIENT_BUFFER/PDR_GULP_data001.pcap_17_07_2026_13_01_1784273468.PCAP_PDR
-rw------- 1 dsp dsp 2.0G Jul 17 13:01 /data/TRANSIENT_BUFFER/PDR_GULP_data002.pcap_17_07_2026_13_01_1784273497.PCAP_PDR
-rw------- 1 dsp dsp 2.0G Jul 17 13:02 /data/TRANSIENT_BUFFER/PDR_GULP_data000.pcap_17_07_2026_13_02_1784273526.PCAP_PDR
-rw------- 1 dsp dsp 2.0G Jul 17 13:02 /data/TRANSIENT_BUFFER/PDR_GULP_data001.pcap_17_07_2026_13_02_1784273555.PCAP_PDR
-rw------- 1 dsp dsp 2.0G Jul 17 13:03 /data/TRANSIENT_BUFFER/PDR_GULP_data002.pcap_17_07_2026_13_03_1784273585.PCAP_PDR
-rw------- 1 dsp dsp 2.0G Jul 17 13:03 /data/TRANSIENT_BUFFER/PDR_GULP_data000.pcap_17_07_2026_13_03_1784273614.PCAP_PDR
-rw------- 1 dsp dsp 2.0G Jul 17 13:04 /data/TRANSIENT_BUFFER/PDR_GULP_data001.pcap_17_07_2026_13_04_1784273643.PCAP_PDR
-rw------- 1 dsp dsp 2.0G Jul 17 13:04 /data/TRANSIENT_BUFFER/PDR_GULP_data002.pcap_17_07_2026_13_04_1784273672.PCAP_PDR
-rw------- 1 dsp dsp 2.0G Jul 17 13:04 /data/TRANSIENT_BUFFER/PDR_GULP_data000.pcap_17_07_2026_13_05_1784273701.PCAP_PDR
-rw------- 1 dsp dsp 2.0G Jul 17 13:05 /data/TRANSIENT_BUFFER/PDR_GULP_data001.pcap_17_07_2026_13_05_1784273731.PCAP_PDR
-rw------- 1 dsp dsp 2.0G Jul 17 13:05 /data/TRANSIENT_BUFFER/PDR_GULP_data002.pcap_17_07_2026_13_06_1784273760.PCAP_PDR
-rw------- 1 dsp dsp 2.0G Jul 17 13:06 /data/TRANSIENT_BUFFER/PDR_GULP_data000.pcap_17_07_2026_13_06_1784273789.PCAP_PDR
-rw------- 1 dsp dsp 2.0G Jul 17 13:06 /data/TRANSIENT_BUFFER/PDR_GULP_data001.pcap_17_07_2026_13_06_1784273818.PCAP_PDR
-rw------- 1 dsp dsp 2.0G Jul 17 13:07 /data/TRANSIENT_BUFFER/PDR_GULP_data002.pcap_17_07_2026_13_07_1784273848.PCAP_PDR
-rw------- 1 dsp dsp 2.0G Jul 17 13:07 /data/TRANSIENT_BUFFER/PDR_GULP_data000.pcap_17_07_2026_13_07_1784273877.PCAP_PDR
-rw------- 1 dsp dsp 2.0G Jul 17 13:08 /data/TRANSIENT_BUFFER/PDR_GULP_data001.pcap_17_07_2026_13_08_1784273906.PCAP_PDR
-rw------- 1 dsp dsp 2.0G Jul 17 13:08 /data/TRANSIENT_BUFFER/PDR_GULP_data002.pcap_17_07_2026_13_08_1784273935.PCAP_PDR
-rw------- 1 dsp dsp 2.0G Jul 17 13:09 /data/TRANSIENT_BUFFER/PDR_GULP_data000.pcap_17_07_2026_13_09_1784273964.PCAP_PDR
-rw------- 1 dsp dsp 2.0G Jul 17 13:09 /data/TRANSIENT_BUFFER/PDR_GULP_data001.pcap_17_07_2026_13_09_1784273994.PCAP_PDR
-rw------- 1 dsp dsp 2.0G Jul 17 13:10 /data/TRANSIENT_BUFFER/PDR_GULP_data002.pcap_17_07_2026_13_10_1784274023.PCAP_PDR
-rw------- 1 dsp dsp 2.0G Jul 17 13:10 /data/TRANSIENT_BUFFER/PDR_GULP_data000.pcap_17_07_2026_13_10_1784274052.PCAP_PDR
-rw------- 1 dsp dsp 2.0G Jul 17 13:11 /data/TRANSIENT_BUFFER/PDR_GULP_data001.pcap_17_07_2026_13_11_1784274081.PCAP_PDR
-rw------- 1 dsp dsp 2.0G Jul 17 13:11 /data/TRANSIENT_BUFFER/PDR_GULP_data002.pcap_17_07_2026_13_11_1784274110.PCAP_PDR
-rw------- 1 dsp dsp 2.0G Jul 17 13:12 /data/TRANSIENT_BUFFER/PDR_GULP_data000.pcap_17_07_2026_13_12_1784274140.PCAP_PDR
-rw------- 1 dsp dsp 2.0G Jul 17 13:12 /data/TRANSIENT_BUFFER/PDR_GULP_data001.pcap_17_07_2026_13_12_1784274169.PCAP_PDR
-rw------- 1 dsp dsp 2.0G Jul 17 13:13 /data/TRANSIENT_BUFFER/PDR_GULP_data002.pcap_17_07_2026_13_13_1784274198.PCAP_PDR
-rw------- 1 dsp dsp 2.0G Jul 17 13:13 /data/TRANSIENT_BUFFER/PDR_GULP_data000.pcap_17_07_2026_13_13_1784274227.PCAP_PDR
-rw------- 1 dsp dsp 2.0G Jul 17 13:14 /data/TRANSIENT_BUFFER/PDR_GULP_data001.pcap_17_07_2026_13_14_1784274256.PCAP_PDR
-rw------- 1 dsp dsp 2.0G Jul 17 13:14 /data/TRANSIENT_BUFFER/PDR_GULP_data002.pcap_17_07_2026_13_14_1784274286.PCAP_PDR
-rw------- 1 dsp dsp 2.0G Jul 17 13:15 /data/TRANSIENT_BUFFER/PDR_GULP_data000.pcap_17_07_2026_13_15_1784274315.PCAP_PDR
-rw------- 1 dsp dsp 2.0G Jul 17 13:15 /data/TRANSIENT_BUFFER/PDR_GULP_data001.pcap_17_07_2026_13_15_1784274344.PCAP_PDR
-rw------- 1 dsp dsp 2.0G Jul 17 13:16 /data/TRANSIENT_BUFFER/PDR_GULP_data002.pcap_17_07_2026_13_16_1784274373.PCAP_PDR
-rw------- 1 dsp dsp 2.0G Jul 17 13:16 /data/TRANSIENT_BUFFER/PDR_GULP_data000.pcap_17_07_2026_13_16_1784274402.PCAP_PDR
-rw------- 1 dsp dsp 2.0G Jul 17 13:17 /data/TRANSIENT_BUFFER/PDR_GULP_data001.pcap_17_07_2026_13_17_1784274432.PCAP_PDR
-rw------- 1 dsp dsp 2.0G Jul 17 13:17 /data/TRANSIENT_BUFFER/PDR_GULP_data002.pcap_17_07_2026_13_17_1784274461.PCAP_PDR
-rw------- 1 dsp dsp 2.0G Jul 17 13:18 /data/TRANSIENT_BUFFER/PDR_GULP_data000.pcap_17_07_2026_13_18_1784274490.PCAP_PDR
-rw------- 1 dsp dsp 2.0G Jul 17 13:18 /data/TRANSIENT_BUFFER/PDR_GULP_data001.pcap_17_07_2026_13_18_1784274519.PCAP_PDR
-rw------- 1 dsp dsp 2.0G Jul 17 13:19 /data/TRANSIENT_BUFFER/PDR_GULP_data002.pcap_17_07_2026_13_19_1784274549.PCAP_PDR
-rw------- 1 dsp dsp 2.0G Jul 17 13:19 /data/TRANSIENT_BUFFER/PDR_GULP_data000.pcap_17_07_2026_13_19_1784274578.PCAP_PDR
-rw------- 1 dsp dsp 2.0G Jul 17 13:20 /data/TRANSIENT_BUFFER/PDR_GULP_data001.pcap_17_07_2026_13_20_1784274607.PCAP_PDR
-rw------- 1 dsp dsp 2.0G Jul 17 13:20 /data/TRANSIENT_BUFFER/PDR_GULP_data002.pcap_17_07_2026_13_20_1784274636.PCAP_PDR
-rw------- 1 dsp dsp 2.0G Jul 17 13:21 /data/TRANSIENT_BUFFER/PDR_GULP_data000.pcap_17_07_2026_13_21_1784274665.PCAP_PDR
-rw------- 1 dsp dsp 2.0G Jul 17 13:21 /data/TRANSIENT_BUFFER/PDR_GULP_data001.pcap_17_07_2026_13_21_1784274695.PCAP_PDR
-rw------- 1 dsp dsp 2.0G Jul 17 13:22 /data/TRANSIENT_BUFFER/PDR_GULP_data002.pcap_17_07_2026_13_22_1784274724.PCAP_PDR
-rw------- 1 dsp dsp 2.0G Jul 17 13:22 /data/TRANSIENT_BUFFER/PDR_GULP_data000.pcap_17_07_2026_13_22_1784274753.PCAP_PDR
-rw------- 1 dsp dsp 2.0G Jul 17 13:22 /data/TRANSIENT_BUFFER/PDR_GULP_data001.pcap_17_07_2026_13_23_1784274782.PCAP_PDR
-rw------- 1 dsp dsp 2.0G Jul 17 13:23 /data/TRANSIENT_BUFFER/PDR_GULP_data002.pcap_17_07_2026_13_23_1784274811.PCAP_PDR
-rw------- 1 dsp dsp 2.0G Jul 17 13:23 /data/TRANSIENT_BUFFER/PDR_GULP_data000.pcap_17_07_2026_13_24_1784274841.PCAP_PDR
-rw------- 1 dsp dsp 2.0G Jul 17 13:24 /data/TRANSIENT_BUFFER/PDR_GULP_data001.pcap_17_07_2026_13_24_1784274870.PCAP_PDR
-rw------- 1 dsp dsp 2.0G Jul 17 13:24 /data/TRANSIENT_BUFFER/PDR_GULP_data002.pcap_17_07_2026_13_24_1784274899.PCAP_PDR
-rw------- 1 dsp dsp 2.0G Jul 17 13:25 /data/TRANSIENT_BUFFER/PDR_GULP_data000.pcap_17_07_2026_13_25_1784274928.PCAP_PDR
-rw------- 1 dsp dsp 2.0G Jul 17 13:25 /data/TRANSIENT_BUFFER/PDR_GULP_data001.pcap_17_07_2026_13_25_1784274957.PCAP_PDR
-rw------- 1 dsp dsp 2.0G Jul 17 13:26 /data/TRANSIENT_BUFFER/PDR_GULP_data002.pcap_17_07_2026_13_26_1784274987.PCAP_PDR
-rw------- 1 dsp dsp 2.0G Jul 17 13:26 /data/TRANSIENT_BUFFER/PDR_GULP_data000.pcap_17_07_2026_13_26_1784275016.PCAP_PDR
-rw------- 1 dsp dsp 2.0G Jul 17 13:27 /data/TRANSIENT_BUFFER/PDR_GULP_data001.pcap_17_07_2026_13_27_1784275045.PCAP_PDR
-rw------- 1 dsp dsp 2.0G Jul 17 13:27 /data/TRANSIENT_BUFFER/PDR_GULP_data002.pcap_17_07_2026_13_27_1784275074.PCAP_PDR
-rw------- 1 dsp dsp 2.0G Jul 17 13:28 /data/TRANSIENT_BUFFER/PDR_GULP_data000.pcap_17_07_2026_13_28_1784275103.PCAP_PDR
-rw------- 1 dsp dsp 2.0G Jul 17 13:28 /data/TRANSIENT_BUFFER/PDR_GULP_data001.pcap_17_07_2026_13_28_1784275133.PCAP_PDR
-rw------- 1 dsp dsp 2.0G Jul 17 13:29 /data/TRANSIENT_BUFFER/PDR_GULP_data002.pcap_17_07_2026_13_29_1784275162.PCAP_PDR
-rw------- 1 dsp dsp 2.0G Jul 17 13:29 /data/TRANSIENT_BUFFER/PDR_GULP_data000.pcap_17_07_2026_13_29_1784275191.PCAP_PDR
-rw------- 1 dsp dsp 2.0G Jul 17 13:30 /data/TRANSIENT_BUFFER/PDR_GULP_data001.pcap_17_07_2026_13_30_1784275220.PCAP_PDR
-rw------- 1 dsp dsp 2.0G Jul 17 13:30 /data/TRANSIENT_BUFFER/PDR_GULP_data002.pcap_17_07_2026_13_30_1784275250.PCAP_PDR
-rw------- 1 dsp dsp 2.0G Jul 17 13:31 /data/TRANSIENT_BUFFER/PDR_GULP_data000.pcap_17_07_2026_13_31_1784275279.PCAP_PDR
-rw------- 1 dsp dsp 2.0G Jul 17 13:31 /data/TRANSIENT_BUFFER/PDR_GULP_data001.pcap_17_07_2026_13_31_1784275308.PCAP_PDR
-rw------- 1 dsp dsp 2.0G Jul 17 13:32 /data/TRANSIENT_BUFFER/PDR_GULP_data002.pcap_17_07_2026_13_32_1784275337.PCAP_PDR
-rw------- 1 dsp dsp 2.0G Jul 17 13:32 /data/TRANSIENT_BUFFER/PDR_GULP_data000.pcap_17_07_2026_13_32_1784275366.PCAP_PDR
-rw------- 1 dsp dsp 2.0G Jul 17 13:33 /data/TRANSIENT_BUFFER/PDR_GULP_data001.pcap_17_07_2026_13_33_1784275396.PCAP_PDR
-rw------- 1 dsp dsp 2.0G Jul 17 13:33 /data/TRANSIENT_BUFFER/PDR_GULP_data002.pcap_17_07_2026_13_33_1784275425.PCAP_PDR
-rw------- 1 dsp dsp 2.0G Jul 17 13:34 /data/TRANSIENT_BUFFER/PDR_GULP_data000.pcap_17_07_2026_13_34_1784275454.PCAP_PDR
-rw------- 1 dsp dsp 2.0G Jul 17 13:34 /data/TRANSIENT_BUFFER/PDR_GULP_data001.pcap_17_07_2026_13_34_1784275483.PCAP_PDR
-rw------- 1 dsp dsp 2.0G Jul 17 13:35 /data/TRANSIENT_BUFFER/PDR_GULP_data002.pcap_17_07_2026_13_35_1784275512.PCAP_PDR
-rw------- 1 dsp dsp 2.0G Jul 17 13:35 /data/TRANSIENT_BUFFER/PDR_GULP_data000.pcap_17_07_2026_13_35_1784275542.PCAP_PDR
17-07-2026 13:36 RAW PCAP data moved from Transient Buffer.
17-07-2026 13:36 SLIP check Started ...
17-07-2026 13:36 - WARNING - Data Directory: /data/dsp/GBD_TRANSIENT_BUFFER/J0837+0610/17_07_2026
17-07-2026 13:36 - WARNING - Number of Files: 80
17-07-2026 13:36 - WARNING - No packet loss: /data/dsp/GBD_TRANSIENT_BUFFER/J0837+0610/17_07_2026/PDR_GULP_data002.pcap_17_07_2026_12_57_1784273234.PCAP_PDR
17-07-2026 13:36 - WARNING - first_pkt_count, first_gps_count, first_pkt_Tstamp
17-07-2026 13:36 - WARNING - 31528772 53341 2026-07-17T07:26:42.441705
17-07-2026 13:36 - WARNING - last_pkt_count, last_gps_count, last_pkt_Tstamp
17-07-2026 13:36 - WARNING - 33411313 53370 2026-07-17T07:27:11.649579
17-07-2026 13:36 - WARNING - diff_pkt_count  , diff_gps_count ,  diff_pkt_timstamp
17-07-2026 13:36 - WARNING - 1882541 29 29207874 microseconds
17-07-2026 13:36 - WARNING - No packet loss: /data/dsp/GBD_TRANSIENT_BUFFER/J0837+0610/17_07_2026/PDR_GULP_data000.pcap_17_07_2026_12_57_1784273263.PCAP_PDR
17-07-2026 13:36 - WARNING - first_pkt_count, first_gps_count, first_pkt_Tstamp
17-07-2026 13:36 - WARNING - 33411314 53370 2026-07-17T07:27:11.649579
17-07-2026 13:36 - WARNING - last_pkt_count, last_gps_count, last_pkt_Tstamp
17-07-2026 13:36 - WARNING - 35293855 53399 2026-07-17T07:27:40.857497
17-07-2026 13:36 - WARNING - diff_pkt_count  , diff_gps_count ,  diff_pkt_timstamp
17-07-2026 13:36 - WARNING - 1882541 29 29207918 microseconds
17-07-2026 13:36 - WARNING - No packet loss: /data/dsp/GBD_TRANSIENT_BUFFER/J0837+0610/17_07_2026/PDR_GULP_data001.pcap_17_07_2026_12_58_1784273293.PCAP_PDR
17-07-2026 13:36 - WARNING - first_pkt_count, first_gps_count, first_pkt_Tstamp
17-07-2026 13:36 - WARNING - 35293856 53399 2026-07-17T07:27:40.857497
17-07-2026 13:36 - WARNING - last_pkt_count, last_gps_count, last_pkt_Tstamp
17-07-2026 13:36 - WARNING - 37176397 53429 2026-07-17T07:28:10.065368
17-07-2026 13:36 - WARNING - diff_pkt_count  , diff_gps_count ,  diff_pkt_timstamp
17-07-2026 13:36 - WARNING - 1882541 30 29207871 microseconds
17-07-2026 13:36 - WARNING - No packet loss: /data/dsp/GBD_TRANSIENT_BUFFER/J0837+0610/17_07_2026/PDR_GULP_data002.pcap_17_07_2026_12_58_1784273322.PCAP_PDR
17-07-2026 13:36 - WARNING - first_pkt_count, first_gps_count, first_pkt_Tstamp
17-07-2026 13:36 - WARNING - 37176398 53429 2026-07-17T07:28:10.065368
17-07-2026 13:36 - WARNING - last_pkt_count, last_gps_count, last_pkt_Tstamp
17-07-2026 13:36 - WARNING - 39058939 53458 2026-07-17T07:28:39.273286
17-07-2026 13:36 - WARNING - diff_pkt_count  , diff_gps_count ,  diff_pkt_timstamp
17-07-2026 13:36 - WARNING - 1882541 29 29207918 microseconds
17-07-2026 13:36 - WARNING - No packet loss: /data/dsp/GBD_TRANSIENT_BUFFER/J0837+0610/17_07_2026/PDR_GULP_data000.pcap_17_07_2026_12_59_1784273351.PCAP_PDR
17-07-2026 13:36 - WARNING - first_pkt_count, first_gps_count, first_pkt_Tstamp
17-07-2026 13:36 - WARNING - 39058940 53458 2026-07-17T07:28:39.273286
17-07-2026 13:36 - WARNING - last_pkt_count, last_gps_count, last_pkt_Tstamp
17-07-2026 13:36 - WARNING - 40941481 53487 2026-07-17T07:29:08.481170
17-07-2026 13:36 - WARNING - diff_pkt_count  , diff_gps_count ,  diff_pkt_timstamp
17-07-2026 13:36 - WARNING - 1882541 29 29207884 microseconds
17-07-2026 13:36 - WARNING - No packet loss: /data/dsp/GBD_TRANSIENT_BUFFER/J0837+0610/17_07_2026/PDR_GULP_data001.pcap_17_07_2026_12_59_1784273380.PCAP_PDR
17-07-2026 13:36 - WARNING - first_pkt_count, first_gps_count, first_pkt_Tstamp
17-07-2026 13:36 - WARNING - 40941482 53487 2026-07-17T07:29:08.481170
17-07-2026 13:36 - WARNING - last_pkt_count, last_gps_count, last_pkt_Tstamp
17-07-2026 13:36 - WARNING - 42824024 53516 2026-07-17T07:29:37.689034
17-07-2026 13:36 - WARNING - diff_pkt_count  , diff_gps_count ,  diff_pkt_timstamp
17-07-2026 13:36 - WARNING - 1882542 29 29207864 microseconds
17-07-2026 13:36 - WARNING - No packet loss: /data/dsp/GBD_TRANSIENT_BUFFER/J0837+0610/17_07_2026/PDR_GULP_data002.pcap_17_07_2026_13_00_1784273409.PCAP_PDR
17-07-2026 13:36 - WARNING - first_pkt_count, first_gps_count, first_pkt_Tstamp
17-07-2026 13:36 - WARNING - 42824025 53516 2026-07-17T07:29:37.689034
17-07-2026 13:36 - WARNING - last_pkt_count, last_gps_count, last_pkt_Tstamp
17-07-2026 13:36 - WARNING - 44706566 53545 2026-07-17T07:30:06.897265
17-07-2026 13:36 - WARNING - diff_pkt_count  , diff_gps_count ,  diff_pkt_timstamp
17-07-2026 13:36 - WARNING - 1882541 29 29208231 microseconds
17-07-2026 13:36 - WARNING - No packet loss: /data/dsp/GBD_TRANSIENT_BUFFER/J0837+0610/17_07_2026/PDR_GULP_data000.pcap_17_07_2026_13_00_1784273439.PCAP_PDR
17-07-2026 13:36 - WARNING - first_pkt_count, first_gps_count, first_pkt_Tstamp
17-07-2026 13:36 - WARNING - 44706567 53545 2026-07-17T07:30:06.897266
17-07-2026 13:36 - WARNING - last_pkt_count, last_gps_count, last_pkt_Tstamp
17-07-2026 13:36 - WARNING - 46589108 53575 2026-07-17T07:30:36.105541
17-07-2026 13:36 - WARNING - diff_pkt_count  , diff_gps_count ,  diff_pkt_timstamp
17-07-2026 13:36 - WARNING - 1882541 30 29208275 microseconds
17-07-2026 13:36 - WARNING - No packet loss: /data/dsp/GBD_TRANSIENT_BUFFER/J0837+0610/17_07_2026/PDR_GULP_data001.pcap_17_07_2026_13_01_1784273468.PCAP_PDR
17-07-2026 13:36 - WARNING - first_pkt_count, first_gps_count, first_pkt_Tstamp
17-07-2026 13:36 - WARNING - 46589109 53575 2026-07-17T07:30:36.105541
17-07-2026 13:36 - WARNING - last_pkt_count, last_gps_count, last_pkt_Tstamp
17-07-2026 13:36 - WARNING - 48471650 53604 2026-07-17T07:31:05.313759
17-07-2026 13:36 - WARNING - diff_pkt_count  , diff_gps_count ,  diff_pkt_timstamp
17-07-2026 13:36 - WARNING - 1882541 29 29208218 microseconds
17-07-2026 13:36 - WARNING - No packet loss: /data/dsp/GBD_TRANSIENT_BUFFER/J0837+0610/17_07_2026/PDR_GULP_data002.pcap_17_07_2026_13_01_1784273497.PCAP_PDR
17-07-2026 13:36 - WARNING - first_pkt_count, first_gps_count, first_pkt_Tstamp
17-07-2026 13:36 - WARNING - 48471651 53604 2026-07-17T07:31:05.313760
17-07-2026 13:36 - WARNING - last_pkt_count, last_gps_count, last_pkt_Tstamp
17-07-2026 13:36 - WARNING - 50354192 53633 2026-07-17T07:31:34.521956
17-07-2026 13:36 - WARNING - diff_pkt_count  , diff_gps_count ,  diff_pkt_timstamp
17-07-2026 13:36 - WARNING - 1882541 29 29208196 microseconds
17-07-2026 13:36 - WARNING - No packet loss: /data/dsp/GBD_TRANSIENT_BUFFER/J0837+0610/17_07_2026/PDR_GULP_data000.pcap_17_07_2026_13_02_1784273526.PCAP_PDR
17-07-2026 13:36 - WARNING - first_pkt_count, first_gps_count, first_pkt_Tstamp
17-07-2026 13:36 - WARNING - 50354193 53633 2026-07-17T07:31:34.521957
17-07-2026 13:36 - WARNING - last_pkt_count, last_gps_count, last_pkt_Tstamp
17-07-2026 13:36 - WARNING - 52236734 53662 2026-07-17T07:32:03.730127
17-07-2026 13:36 - WARNING - diff_pkt_count  , diff_gps_count ,  diff_pkt_timstamp
17-07-2026 13:36 - WARNING - 1882541 29 29208170 microseconds
17-07-2026 13:36 - WARNING - No packet loss: /data/dsp/GBD_TRANSIENT_BUFFER/J0837+0610/17_07_2026/PDR_GULP_data001.pcap_17_07_2026_13_02_1784273555.PCAP_PDR
17-07-2026 13:36 - WARNING - first_pkt_count, first_gps_count, first_pkt_Tstamp
17-07-2026 13:36 - WARNING - 52236735 53662 2026-07-17T07:32:03.730127
17-07-2026 13:36 - WARNING - last_pkt_count, last_gps_count, last_pkt_Tstamp
17-07-2026 13:36 - WARNING - 54119277 53691 2026-07-17T07:32:32.938335
17-07-2026 13:36 - WARNING - diff_pkt_count  , diff_gps_count ,  diff_pkt_timstamp
17-07-2026 13:36 - WARNING - 1882542 29 29208208 microseconds
17-07-2026 13:36 - WARNING - No packet loss: /data/dsp/GBD_TRANSIENT_BUFFER/J0837+0610/17_07_2026/PDR_GULP_data002.pcap_17_07_2026_13_03_1784273585.PCAP_PDR
17-07-2026 13:36 - WARNING - first_pkt_count, first_gps_count, first_pkt_Tstamp
17-07-2026 13:36 - WARNING - 54119278 53691 2026-07-17T07:32:32.938335
17-07-2026 13:36 - WARNING - last_pkt_count, last_gps_count, last_pkt_Tstamp
17-07-2026 13:36 - WARNING - 56001819 53721 2026-07-17T07:33:02.146458
17-07-2026 13:36 - WARNING - diff_pkt_count  , diff_gps_count ,  diff_pkt_timstamp
17-07-2026 13:36 - WARNING - 1882541 30 29208123 microseconds
17-07-2026 13:36 - WARNING - No packet loss: /data/dsp/GBD_TRANSIENT_BUFFER/J0837+0610/17_07_2026/PDR_GULP_data000.pcap_17_07_2026_13_03_1784273614.PCAP_PDR
17-07-2026 13:36 - WARNING - first_pkt_count, first_gps_count, first_pkt_Tstamp
17-07-2026 13:36 - WARNING - 56001820 53721 2026-07-17T07:33:02.146458
17-07-2026 13:36 - WARNING - last_pkt_count, last_gps_count, last_pkt_Tstamp
17-07-2026 13:36 - WARNING - 57884361 53750 2026-07-17T07:33:31.354598
17-07-2026 13:36 - WARNING - diff_pkt_count  , diff_gps_count ,  diff_pkt_timstamp
17-07-2026 13:36 - WARNING - 1882541 29 29208140 microseconds
17-07-2026 13:36 - WARNING - No packet loss: /data/dsp/GBD_TRANSIENT_BUFFER/J0837+0610/17_07_2026/PDR_GULP_data001.pcap_17_07_2026_13_04_1784273643.PCAP_PDR
17-07-2026 13:36 - WARNING - first_pkt_count, first_gps_count, first_pkt_Tstamp
17-07-2026 13:36 - WARNING - 57884362 53750 2026-07-17T07:33:31.354598
17-07-2026 13:36 - WARNING - last_pkt_count, last_gps_count, last_pkt_Tstamp
17-07-2026 13:36 - WARNING - 59766903 53779 2026-07-17T07:34:00.562763
17-07-2026 13:36 - WARNING - diff_pkt_count  , diff_gps_count ,  diff_pkt_timstamp
17-07-2026 13:36 - WARNING - 1882541 29 29208165 microseconds
17-07-2026 13:36 - WARNING - No packet loss: /data/dsp/GBD_TRANSIENT_BUFFER/J0837+0610/17_07_2026/PDR_GULP_data002.pcap_17_07_2026_13_04_1784273672.PCAP_PDR
17-07-2026 13:36 - WARNING - first_pkt_count, first_gps_count, first_pkt_Tstamp
17-07-2026 13:36 - WARNING - 59766904 53779 2026-07-17T07:34:00.562763
17-07-2026 13:36 - WARNING - last_pkt_count, last_gps_count, last_pkt_Tstamp
17-07-2026 13:36 - WARNING - 61649445 53808 2026-07-17T07:34:29.770875
17-07-2026 13:36 - WARNING - diff_pkt_count  , diff_gps_count ,  diff_pkt_timstamp
17-07-2026 13:36 - WARNING - 1882541 29 29208112 microseconds
17-07-2026 13:36 - WARNING - No packet loss: /data/dsp/GBD_TRANSIENT_BUFFER/J0837+0610/17_07_2026/PDR_GULP_data000.pcap_17_07_2026_13_05_1784273701.PCAP_PDR
17-07-2026 13:36 - WARNING - first_pkt_count, first_gps_count, first_pkt_Tstamp
17-07-2026 13:36 - WARNING - 61649446 53808 2026-07-17T07:34:29.770875
17-07-2026 13:36 - WARNING - last_pkt_count, last_gps_count, last_pkt_Tstamp
17-07-2026 13:36 - WARNING - 63531987 53837 2026-07-17T07:34:58.978938
17-07-2026 13:36 - WARNING - diff_pkt_count  , diff_gps_count ,  diff_pkt_timstamp
17-07-2026 13:36 - WARNING - 1882541 29 29208063 microseconds
17-07-2026 13:36 - WARNING - No packet loss: /data/dsp/GBD_TRANSIENT_BUFFER/J0837+0610/17_07_2026/PDR_GULP_data001.pcap_17_07_2026_13_05_1784273731.PCAP_PDR
17-07-2026 13:36 - WARNING - first_pkt_count, first_gps_count, first_pkt_Tstamp
17-07-2026 13:36 - WARNING - 63531988 53837 2026-07-17T07:34:58.978990
17-07-2026 13:36 - WARNING - last_pkt_count, last_gps_count, last_pkt_Tstamp
17-07-2026 13:36 - WARNING - 65414530 53867 2026-07-17T07:35:28.187089
17-07-2026 13:36 - WARNING - diff_pkt_count  , diff_gps_count ,  diff_pkt_timstamp
17-07-2026 13:36 - WARNING - 1882542 30 29208099 microseconds
17-07-2026 13:36 - WARNING - Packet loss: /data/dsp/GBD_TRANSIENT_BUFFER/J0837+0610/17_07_2026/PDR_GULP_data002.pcap_17_07_2026_13_06_1784273760.PCAP_PDR
17-07-2026 13:36 - WARNING - Packet loss found .... Being fixed ... Please wait ...
17-07-2026 13:36 - WARNING - PCAP filtering ... tcpdump -r /data/dsp/GBD_TRANSIENT_BUFFER/J0837+0610/17_07_2026/PDR_GULP_data002.pcap_17_07_2026_13_06_1784273760.PCAP_PDR.pcap -w PDR_GULP_data002.pcap_17_07_2026_13_06_1784273760_filtered.PCAP_PDR.pcap  host 172.10.10.1 and port 55000 
17-07-2026 13:36 - WARNING - Patched /data/dsp/GBD_TRANSIENT_BUFFER/J0837+0610/17_07_2026/PDR_GULP_data002.pcap_17_07_2026_13_06_1784273760.PCAP_PDR as PDR_GULP_data002.pcap_17_07_2026_13_06_1784273760_filtered.PCAP_PDR
17-07-2026 13:36 - WARNING - Gulped file moved to /data/dsp/GBD_TRANSIENT_BUFFER/J0837+0610/17_07_2026/GULPED
17-07-2026 13:36 - WARNING - first_pkt_count, first_gps_count, first_pkt_Tstamp
17-07-2026 13:36 - WARNING - 65414531 53867 2026-07-17T07:35:28.187089
17-07-2026 13:36 - WARNING - last_pkt_count, last_gps_count, last_pkt_Tstamp
17-07-2026 13:36 - WARNING - 67297072 53896 2026-07-17T07:35:57.395137
17-07-2026 13:36 - WARNING - diff_pkt_count  , diff_gps_count ,  diff_pkt_timstamp
17-07-2026 13:36 - WARNING - 1882541 29 29208048 microseconds
17-07-2026 13:36 - WARNING - No packet loss: /data/dsp/GBD_TRANSIENT_BUFFER/J0837+0610/17_07_2026/PDR_GULP_data000.pcap_17_07_2026_13_06_1784273789.PCAP_PDR
17-07-2026 13:36 - WARNING - first_pkt_count, first_gps_count, first_pkt_Tstamp
17-07-2026 13:36 - WARNING - 67297073 53896 2026-07-17T07:35:57.395137
17-07-2026 13:36 - WARNING - last_pkt_count, last_gps_count, last_pkt_Tstamp
17-07-2026 13:36 - WARNING - 69179614 53925 2026-07-17T07:36:26.603244
17-07-2026 13:36 - WARNING - diff_pkt_count  , diff_gps_count ,  diff_pkt_timstamp
17-07-2026 13:36 - WARNING - 1882541 29 29208107 microseconds
17-07-2026 13:36 - WARNING - No packet loss: /data/dsp/GBD_TRANSIENT_BUFFER/J0837+0610/17_07_2026/PDR_GULP_data001.pcap_17_07_2026_13_06_1784273818.PCAP_PDR
17-07-2026 13:36 - WARNING - first_pkt_count, first_gps_count, first_pkt_Tstamp
17-07-2026 13:36 - WARNING - 69179615 53925 2026-07-17T07:36:26.603244
17-07-2026 13:36 - WARNING - last_pkt_count, last_gps_count, last_pkt_Tstamp
17-07-2026 13:36 - WARNING - 71062156 53954 2026-07-17T07:36:55.811320
17-07-2026 13:36 - WARNING - diff_pkt_count  , diff_gps_count ,  diff_pkt_timstamp
17-07-2026 13:36 - WARNING - 1882541 29 29208076 microseconds
17-07-2026 13:36 - WARNING - No packet loss: /data/dsp/GBD_TRANSIENT_BUFFER/J0837+0610/17_07_2026/PDR_GULP_data002.pcap_17_07_2026_13_07_1784273848.PCAP_PDR
17-07-2026 13:36 - WARNING - first_pkt_count, first_gps_count, first_pkt_Tstamp
17-07-2026 13:36 - WARNING - 71062157 53954 2026-07-17T07:36:55.811320
17-07-2026 13:36 - WARNING - last_pkt_count, last_gps_count, last_pkt_Tstamp
17-07-2026 13:36 - WARNING - 72944698 53984 2026-07-17T07:37:25.019362
17-07-2026 13:36 - WARNING - diff_pkt_count  , diff_gps_count ,  diff_pkt_timstamp
17-07-2026 13:36 - WARNING - 1882541 30 29208042 microseconds
17-07-2026 13:36 - WARNING - No packet loss: /data/dsp/GBD_TRANSIENT_BUFFER/J0837+0610/17_07_2026/PDR_GULP_data000.pcap_17_07_2026_13_07_1784273877.PCAP_PDR
17-07-2026 13:36 - WARNING - first_pkt_count, first_gps_count, first_pkt_Tstamp
17-07-2026 13:36 - WARNING - 72944699 53984 2026-07-17T07:37:25.019362
17-07-2026 13:36 - WARNING - last_pkt_count, last_gps_count, last_pkt_Tstamp
17-07-2026 13:36 - WARNING - 74827240 54013 2026-07-17T07:37:54.227393
17-07-2026 13:36 - WARNING - diff_pkt_count  , diff_gps_count ,  diff_pkt_timstamp
17-07-2026 13:36 - WARNING - 1882541 29 29208031 microseconds
17-07-2026 13:36 - WARNING - No packet loss: /data/dsp/GBD_TRANSIENT_BUFFER/J0837+0610/17_07_2026/PDR_GULP_data001.pcap_17_07_2026_13_08_1784273906.PCAP_PDR
17-07-2026 13:36 - WARNING - first_pkt_count, first_gps_count, first_pkt_Tstamp
17-07-2026 13:36 - WARNING - 74827241 54013 2026-07-17T07:37:54.227393
17-07-2026 13:36 - WARNING - last_pkt_count, last_gps_count, last_pkt_Tstamp
17-07-2026 13:36 - WARNING - 76709783 54042 2026-07-17T07:38:23.435466
17-07-2026 13:36 - WARNING - diff_pkt_count  , diff_gps_count ,  diff_pkt_timstamp
17-07-2026 13:36 - WARNING - 1882542 29 29208073 microseconds
17-07-2026 13:36 - WARNING - No packet loss: /data/dsp/GBD_TRANSIENT_BUFFER/J0837+0610/17_07_2026/PDR_GULP_data002.pcap_17_07_2026_13_08_1784273935.PCAP_PDR
17-07-2026 13:36 - WARNING - first_pkt_count, first_gps_count, first_pkt_Tstamp
17-07-2026 13:36 - WARNING - 76709784 54042 2026-07-17T07:38:23.435467
17-07-2026 13:36 - WARNING - last_pkt_count, last_gps_count, last_pkt_Tstamp
17-07-2026 13:36 - WARNING - 78592325 54071 2026-07-17T07:38:52.643481
17-07-2026 13:36 - WARNING - diff_pkt_count  , diff_gps_count ,  diff_pkt_timstamp
17-07-2026 13:36 - WARNING - 1882541 29 29208014 microseconds
17-07-2026 13:36 - WARNING - No packet loss: /data/dsp/GBD_TRANSIENT_BUFFER/J0837+0610/17_07_2026/PDR_GULP_data000.pcap_17_07_2026_13_09_1784273964.PCAP_PDR
17-07-2026 13:36 - WARNING - first_pkt_count, first_gps_count, first_pkt_Tstamp
17-07-2026 13:36 - WARNING - 78592326 54071 2026-07-17T07:38:52.643534
17-07-2026 13:36 - WARNING - last_pkt_count, last_gps_count, last_pkt_Tstamp
17-07-2026 13:36 - WARNING - 80474867 54100 2026-07-17T07:39:21.851523
17-07-2026 13:36 - WARNING - diff_pkt_count  , diff_gps_count ,  diff_pkt_timstamp
17-07-2026 13:36 - WARNING - 1882541 29 29207989 microseconds
17-07-2026 13:36 - WARNING - No packet loss: /data/dsp/GBD_TRANSIENT_BUFFER/J0837+0610/17_07_2026/PDR_GULP_data001.pcap_17_07_2026_13_09_1784273994.PCAP_PDR
17-07-2026 13:36 - WARNING - first_pkt_count, first_gps_count, first_pkt_Tstamp
17-07-2026 13:36 - WARNING - 80474868 54100 2026-07-17T07:39:21.851523
17-07-2026 13:36 - WARNING - last_pkt_count, last_gps_count, last_pkt_Tstamp
17-07-2026 13:36 - WARNING - 82357409 54130 2026-07-17T07:39:51.059546
17-07-2026 13:36 - WARNING - diff_pkt_count  , diff_gps_count ,  diff_pkt_timstamp
17-07-2026 13:36 - WARNING - 1882541 30 29208023 microseconds
17-07-2026 13:36 - WARNING - No packet loss: /data/dsp/GBD_TRANSIENT_BUFFER/J0837+0610/17_07_2026/PDR_GULP_data002.pcap_17_07_2026_13_10_1784274023.PCAP_PDR
17-07-2026 13:36 - WARNING - first_pkt_count, first_gps_count, first_pkt_Tstamp
17-07-2026 13:36 - WARNING - 82357410 54130 2026-07-17T07:39:51.059600
17-07-2026 13:36 - WARNING - last_pkt_count, last_gps_count, last_pkt_Tstamp
17-07-2026 13:36 - WARNING - 84239951 54159 2026-07-17T07:40:20.267587
17-07-2026 13:36 - WARNING - diff_pkt_count  , diff_gps_count ,  diff_pkt_timstamp
17-07-2026 13:36 - WARNING - 1882541 29 29207987 microseconds
17-07-2026 13:36 - WARNING - No packet loss: /data/dsp/GBD_TRANSIENT_BUFFER/J0837+0610/17_07_2026/PDR_GULP_data000.pcap_17_07_2026_13_10_1784274052.PCAP_PDR
17-07-2026 13:36 - WARNING - first_pkt_count, first_gps_count, first_pkt_Tstamp
17-07-2026 13:36 - WARNING - 84239952 54159 2026-07-17T07:40:20.267587
17-07-2026 13:36 - WARNING - last_pkt_count, last_gps_count, last_pkt_Tstamp
17-07-2026 13:36 - WARNING - 86122493 54188 2026-07-17T07:40:49.475601
17-07-2026 13:36 - WARNING - diff_pkt_count  , diff_gps_count ,  diff_pkt_timstamp
17-07-2026 13:36 - WARNING - 1882541 29 29208014 microseconds
17-07-2026 13:36 - WARNING - No packet loss: /data/dsp/GBD_TRANSIENT_BUFFER/J0837+0610/17_07_2026/PDR_GULP_data001.pcap_17_07_2026_13_11_1784274081.PCAP_PDR
17-07-2026 13:36 - WARNING - first_pkt_count, first_gps_count, first_pkt_Tstamp
17-07-2026 13:36 - WARNING - 86122494 54188 2026-07-17T07:40:49.475601
17-07-2026 13:36 - WARNING - last_pkt_count, last_gps_count, last_pkt_Tstamp
17-07-2026 13:36 - WARNING - 88005036 54217 2026-07-17T07:41:18.683638
17-07-2026 13:36 - WARNING - diff_pkt_count  , diff_gps_count ,  diff_pkt_timstamp
17-07-2026 13:36 - WARNING - 1882542 29 29208037 microseconds
17-07-2026 13:36 - WARNING - No packet loss: /data/dsp/GBD_TRANSIENT_BUFFER/J0837+0610/17_07_2026/PDR_GULP_data002.pcap_17_07_2026_13_11_1784274110.PCAP_PDR
17-07-2026 13:36 - WARNING - first_pkt_count, first_gps_count, first_pkt_Tstamp
17-07-2026 13:36 - WARNING - 88005037 54217 2026-07-17T07:41:18.683639
17-07-2026 13:36 - WARNING - last_pkt_count, last_gps_count, last_pkt_Tstamp
17-07-2026 13:36 - WARNING - 89887578 54246 2026-07-17T07:41:47.891667
17-07-2026 13:36 - WARNING - diff_pkt_count  , diff_gps_count ,  diff_pkt_timstamp
17-07-2026 13:36 - WARNING - 1882541 29 29208028 microseconds
17-07-2026 13:36 - WARNING - No packet loss: /data/dsp/GBD_TRANSIENT_BUFFER/J0837+0610/17_07_2026/PDR_GULP_data000.pcap_17_07_2026_13_12_1784274140.PCAP_PDR
17-07-2026 13:36 - WARNING - first_pkt_count, first_gps_count, first_pkt_Tstamp
17-07-2026 13:36 - WARNING - 89887579 54246 2026-07-17T07:41:47.891667
17-07-2026 13:36 - WARNING - last_pkt_count, last_gps_count, last_pkt_Tstamp
17-07-2026 13:36 - WARNING - 91770120 54276 2026-07-17T07:42:17.099628
17-07-2026 13:36 - WARNING - diff_pkt_count  , diff_gps_count ,  diff_pkt_timstamp
17-07-2026 13:36 - WARNING - 1882541 30 29207961 microseconds
17-07-2026 13:36 - WARNING - No packet loss: /data/dsp/GBD_TRANSIENT_BUFFER/J0837+0610/17_07_2026/PDR_GULP_data001.pcap_17_07_2026_13_12_1784274169.PCAP_PDR
17-07-2026 13:36 - WARNING - first_pkt_count, first_gps_count, first_pkt_Tstamp
17-07-2026 13:36 - WARNING - 91770121 54276 2026-07-17T07:42:17.099628
17-07-2026 13:36 - WARNING - last_pkt_count, last_gps_count, last_pkt_Tstamp
17-07-2026 13:36 - WARNING - 93652662 54305 2026-07-17T07:42:46.307611
17-07-2026 13:36 - WARNING - diff_pkt_count  , diff_gps_count ,  diff_pkt_timstamp
17-07-2026 13:36 - WARNING - 1882541 29 29207983 microseconds
17-07-2026 13:36 - WARNING - No packet loss: /data/dsp/GBD_TRANSIENT_BUFFER/J0837+0610/17_07_2026/PDR_GULP_data002.pcap_17_07_2026_13_13_1784274198.PCAP_PDR
17-07-2026 13:36 - WARNING - first_pkt_count, first_gps_count, first_pkt_Tstamp
17-07-2026 13:36 - WARNING - 93652663 54305 2026-07-17T07:42:46.307666
17-07-2026 13:36 - WARNING - last_pkt_count, last_gps_count, last_pkt_Tstamp
17-07-2026 13:36 - WARNING - 95535204 54334 2026-07-17T07:43:15.515641
17-07-2026 13:36 - WARNING - diff_pkt_count  , diff_gps_count ,  diff_pkt_timstamp
17-07-2026 13:36 - WARNING - 1882541 29 29207975 microseconds
17-07-2026 13:36 - WARNING - No packet loss: /data/dsp/GBD_TRANSIENT_BUFFER/J0837+0610/17_07_2026/PDR_GULP_data000.pcap_17_07_2026_13_13_1784274227.PCAP_PDR
17-07-2026 13:36 - WARNING - first_pkt_count, first_gps_count, first_pkt_Tstamp
17-07-2026 13:36 - WARNING - 95535205 54334 2026-07-17T07:43:15.515642
17-07-2026 13:36 - WARNING - last_pkt_count, last_gps_count, last_pkt_Tstamp
17-07-2026 13:36 - WARNING - 97417746 54363 2026-07-17T07:43:44.723585
17-07-2026 13:36 - WARNING - diff_pkt_count  , diff_gps_count ,  diff_pkt_timstamp
17-07-2026 13:36 - WARNING - 1882541 29 29207943 microseconds
17-07-2026 13:36 - WARNING - No packet loss: /data/dsp/GBD_TRANSIENT_BUFFER/J0837+0610/17_07_2026/PDR_GULP_data001.pcap_17_07_2026_13_14_1784274256.PCAP_PDR
17-07-2026 13:36 - WARNING - first_pkt_count, first_gps_count, first_pkt_Tstamp
17-07-2026 13:36 - WARNING - 97417747 54363 2026-07-17T07:43:44.723638
17-07-2026 13:36 - WARNING - last_pkt_count, last_gps_count, last_pkt_Tstamp
17-07-2026 13:36 - WARNING - 99300289 54392 2026-07-17T07:44:13.931607
17-07-2026 13:36 - WARNING - diff_pkt_count  , diff_gps_count ,  diff_pkt_timstamp
17-07-2026 13:36 - WARNING - 1882542 29 29207969 microseconds
17-07-2026 13:36 - WARNING - No packet loss: /data/dsp/GBD_TRANSIENT_BUFFER/J0837+0610/17_07_2026/PDR_GULP_data002.pcap_17_07_2026_13_14_1784274286.PCAP_PDR
17-07-2026 13:36 - WARNING - first_pkt_count, first_gps_count, first_pkt_Tstamp
17-07-2026 13:36 - WARNING - 99300290 54392 2026-07-17T07:44:13.931607
17-07-2026 13:36 - WARNING - last_pkt_count, last_gps_count, last_pkt_Tstamp
17-07-2026 13:36 - WARNING - 101182831 54422 2026-07-17T07:44:43.139560
17-07-2026 13:36 - WARNING - diff_pkt_count  , diff_gps_count ,  diff_pkt_timstamp
17-07-2026 13:36 - WARNING - 1882541 30 29207953 microseconds
17-07-2026 13:36 - WARNING - No packet loss: /data/dsp/GBD_TRANSIENT_BUFFER/J0837+0610/17_07_2026/PDR_GULP_data000.pcap_17_07_2026_13_15_1784274315.PCAP_PDR
17-07-2026 13:36 - WARNING - first_pkt_count, first_gps_count, first_pkt_Tstamp
17-07-2026 13:36 - WARNING - 101182832 54422 2026-07-17T07:44:43.139613
17-07-2026 13:36 - WARNING - last_pkt_count, last_gps_count, last_pkt_Tstamp
17-07-2026 13:36 - WARNING - 103065373 54451 2026-07-17T07:45:12.347604
17-07-2026 13:36 - WARNING - diff_pkt_count  , diff_gps_count ,  diff_pkt_timstamp
17-07-2026 13:36 - WARNING - 1882541 29 29207991 microseconds
17-07-2026 13:36 - WARNING - No packet loss: /data/dsp/GBD_TRANSIENT_BUFFER/J0837+0610/17_07_2026/PDR_GULP_data001.pcap_17_07_2026_13_15_1784274344.PCAP_PDR
17-07-2026 13:36 - WARNING - first_pkt_count, first_gps_count, first_pkt_Tstamp
17-07-2026 13:36 - WARNING - 103065374 54451 2026-07-17T07:45:12.347604
17-07-2026 13:36 - WARNING - last_pkt_count, last_gps_count, last_pkt_Tstamp
17-07-2026 13:36 - WARNING - 104947915 54480 2026-07-17T07:45:41.555568
17-07-2026 13:36 - WARNING - diff_pkt_count  , diff_gps_count ,  diff_pkt_timstamp
17-07-2026 13:36 - WARNING - 1882541 29 29207964 microseconds
17-07-2026 13:36 - WARNING - No packet loss: /data/dsp/GBD_TRANSIENT_BUFFER/J0837+0610/17_07_2026/PDR_GULP_data002.pcap_17_07_2026_13_16_1784274373.PCAP_PDR
17-07-2026 13:36 - WARNING - first_pkt_count, first_gps_count, first_pkt_Tstamp
17-07-2026 13:36 - WARNING - 104947916 54480 2026-07-17T07:45:41.555568
17-07-2026 13:36 - WARNING - last_pkt_count, last_gps_count, last_pkt_Tstamp
17-07-2026 13:36 - WARNING - 106830457 54509 2026-07-17T07:46:10.763534
17-07-2026 13:36 - WARNING - diff_pkt_count  , diff_gps_count ,  diff_pkt_timstamp
17-07-2026 13:36 - WARNING - 1882541 29 29207966 microseconds
17-07-2026 13:36 - WARNING - No packet loss: /data/dsp/GBD_TRANSIENT_BUFFER/J0837+0610/17_07_2026/PDR_GULP_data000.pcap_17_07_2026_13_16_1784274402.PCAP_PDR
17-07-2026 13:36 - WARNING - first_pkt_count, first_gps_count, first_pkt_Tstamp
17-07-2026 13:36 - WARNING - 106830458 54509 2026-07-17T07:46:10.763535
17-07-2026 13:36 - WARNING - last_pkt_count, last_gps_count, last_pkt_Tstamp
17-07-2026 13:36 - WARNING - 108712999 54538 2026-07-17T07:46:39.971480
17-07-2026 13:36 - WARNING - diff_pkt_count  , diff_gps_count ,  diff_pkt_timstamp
17-07-2026 13:36 - WARNING - 1882541 29 29207945 microseconds
17-07-2026 13:36 - WARNING - No packet loss: /data/dsp/GBD_TRANSIENT_BUFFER/J0837+0610/17_07_2026/PDR_GULP_data001.pcap_17_07_2026_13_17_1784274432.PCAP_PDR
17-07-2026 13:36 - WARNING - first_pkt_count, first_gps_count, first_pkt_Tstamp
17-07-2026 13:36 - WARNING - 108713000 54538 2026-07-17T07:46:39.971569
17-07-2026 13:36 - WARNING - last_pkt_count, last_gps_count, last_pkt_Tstamp
17-07-2026 13:36 - WARNING - 110595542 54568 2026-07-17T07:47:09.179475
17-07-2026 13:36 - WARNING - diff_pkt_count  , diff_gps_count ,  diff_pkt_timstamp
17-07-2026 13:36 - WARNING - 1882542 30 29207906 microseconds
17-07-2026 13:36 - WARNING - No packet loss: /data/dsp/GBD_TRANSIENT_BUFFER/J0837+0610/17_07_2026/PDR_GULP_data002.pcap_17_07_2026_13_17_1784274461.PCAP_PDR
17-07-2026 13:36 - WARNING - first_pkt_count, first_gps_count, first_pkt_Tstamp
17-07-2026 13:36 - WARNING - 110595543 54568 2026-07-17T07:47:09.179475
17-07-2026 13:36 - WARNING - last_pkt_count, last_gps_count, last_pkt_Tstamp
17-07-2026 13:36 - WARNING - 112478084 54597 2026-07-17T07:47:38.387477
17-07-2026 13:36 - WARNING - diff_pkt_count  , diff_gps_count ,  diff_pkt_timstamp
17-07-2026 13:36 - WARNING - 1882541 29 29208002 microseconds
17-07-2026 13:36 - WARNING - No packet loss: /data/dsp/GBD_TRANSIENT_BUFFER/J0837+0610/17_07_2026/PDR_GULP_data000.pcap_17_07_2026_13_18_1784274490.PCAP_PDR
17-07-2026 13:36 - WARNING - first_pkt_count, first_gps_count, first_pkt_Tstamp
17-07-2026 13:36 - WARNING - 112478085 54597 2026-07-17T07:47:38.387477
17-07-2026 13:36 - WARNING - last_pkt_count, last_gps_count, last_pkt_Tstamp
17-07-2026 13:36 - WARNING - 114360626 54626 2026-07-17T07:48:07.595405
17-07-2026 13:36 - WARNING - diff_pkt_count  , diff_gps_count ,  diff_pkt_timstamp
17-07-2026 13:36 - WARNING - 1882541 29 29207928 microseconds
17-07-2026 13:36 - WARNING - No packet loss: /data/dsp/GBD_TRANSIENT_BUFFER/J0837+0610/17_07_2026/PDR_GULP_data001.pcap_17_07_2026_13_18_1784274519.PCAP_PDR
17-07-2026 13:36 - WARNING - first_pkt_count, first_gps_count, first_pkt_Tstamp
17-07-2026 13:36 - WARNING - 114360627 54626 2026-07-17T07:48:07.595405
17-07-2026 13:36 - WARNING - last_pkt_count, last_gps_count, last_pkt_Tstamp
17-07-2026 13:36 - WARNING - 116243168 54655 2026-07-17T07:48:36.803378
17-07-2026 13:36 - WARNING - diff_pkt_count  , diff_gps_count ,  diff_pkt_timstamp
17-07-2026 13:36 - WARNING - 1882541 29 29207973 microseconds
17-07-2026 13:36 - WARNING - No packet loss: /data/dsp/GBD_TRANSIENT_BUFFER/J0837+0610/17_07_2026/PDR_GULP_data002.pcap_17_07_2026_13_19_1784274549.PCAP_PDR
17-07-2026 13:36 - WARNING - first_pkt_count, first_gps_count, first_pkt_Tstamp
17-07-2026 13:36 - WARNING - 116243169 54655 2026-07-17T07:48:36.803378
17-07-2026 13:36 - WARNING - last_pkt_count, last_gps_count, last_pkt_Tstamp
17-07-2026 13:36 - WARNING - 118125710 54685 2026-07-17T07:49:06.011392
17-07-2026 13:36 - WARNING - diff_pkt_count  , diff_gps_count ,  diff_pkt_timstamp
17-07-2026 13:36 - WARNING - 1882541 30 29208014 microseconds
17-07-2026 13:36 - WARNING - No packet loss: /data/dsp/GBD_TRANSIENT_BUFFER/J0837+0610/17_07_2026/PDR_GULP_data000.pcap_17_07_2026_13_19_1784274578.PCAP_PDR
17-07-2026 13:36 - WARNING - first_pkt_count, first_gps_count, first_pkt_Tstamp
17-07-2026 13:36 - WARNING - 118125711 54685 2026-07-17T07:49:06.011392
17-07-2026 13:36 - WARNING - last_pkt_count, last_gps_count, last_pkt_Tstamp
17-07-2026 13:36 - WARNING - 120008252 54714 2026-07-17T07:49:35.219270
17-07-2026 13:36 - WARNING - diff_pkt_count  , diff_gps_count ,  diff_pkt_timstamp
17-07-2026 13:36 - WARNING - 1882541 29 29207878 microseconds
17-07-2026 13:36 - WARNING - No packet loss: /data/dsp/GBD_TRANSIENT_BUFFER/J0837+0610/17_07_2026/PDR_GULP_data001.pcap_17_07_2026_13_20_1784274607.PCAP_PDR
17-07-2026 13:36 - WARNING - first_pkt_count, first_gps_count, first_pkt_Tstamp
17-07-2026 13:36 - WARNING - 120008253 54714 2026-07-17T07:49:35.219324
17-07-2026 13:36 - WARNING - last_pkt_count, last_gps_count, last_pkt_Tstamp
17-07-2026 13:36 - WARNING - 121890795 54743 2026-07-17T07:50:04.427273
17-07-2026 13:36 - WARNING - diff_pkt_count  , diff_gps_count ,  diff_pkt_timstamp
17-07-2026 13:36 - WARNING - 1882542 29 29207949 microseconds
17-07-2026 13:36 - WARNING - No packet loss: /data/dsp/GBD_TRANSIENT_BUFFER/J0837+0610/17_07_2026/PDR_GULP_data002.pcap_17_07_2026_13_20_1784274636.PCAP_PDR
17-07-2026 13:36 - WARNING - first_pkt_count, first_gps_count, first_pkt_Tstamp
17-07-2026 13:36 - WARNING - 121890796 54743 2026-07-17T07:50:04.427273
17-07-2026 13:36 - WARNING - last_pkt_count, last_gps_count, last_pkt_Tstamp
17-07-2026 13:36 - WARNING - 123773337 54772 2026-07-17T07:50:33.635183
17-07-2026 13:36 - WARNING - diff_pkt_count  , diff_gps_count ,  diff_pkt_timstamp
17-07-2026 13:36 - WARNING - 1882541 29 29207910 microseconds
17-07-2026 13:36 - WARNING - No packet loss: /data/dsp/GBD_TRANSIENT_BUFFER/J0837+0610/17_07_2026/PDR_GULP_data000.pcap_17_07_2026_13_21_1784274665.PCAP_PDR
17-07-2026 13:36 - WARNING - first_pkt_count, first_gps_count, first_pkt_Tstamp
17-07-2026 13:36 - WARNING - 123773338 54772 2026-07-17T07:50:33.635235
17-07-2026 13:36 - WARNING - last_pkt_count, last_gps_count, last_pkt_Tstamp
17-07-2026 13:36 - WARNING - 125655879 54801 2026-07-17T07:51:02.843215
17-07-2026 13:36 - WARNING - diff_pkt_count  , diff_gps_count ,  diff_pkt_timstamp
17-07-2026 13:36 - WARNING - 1882541 29 29207980 microseconds
17-07-2026 13:36 - WARNING - No packet loss: /data/dsp/GBD_TRANSIENT_BUFFER/J0837+0610/17_07_2026/PDR_GULP_data001.pcap_17_07_2026_13_21_1784274695.PCAP_PDR
17-07-2026 13:36 - WARNING - first_pkt_count, first_gps_count, first_pkt_Tstamp
17-07-2026 13:36 - WARNING - 125655880 54801 2026-07-17T07:51:02.843215
17-07-2026 13:36 - WARNING - last_pkt_count, last_gps_count, last_pkt_Tstamp
17-07-2026 13:36 - WARNING - 127538421 54831 2026-07-17T07:51:32.051136
17-07-2026 13:36 - WARNING - diff_pkt_count  , diff_gps_count ,  diff_pkt_timstamp
17-07-2026 13:36 - WARNING - 1882541 30 29207921 microseconds
17-07-2026 13:36 - WARNING - No packet loss: /data/dsp/GBD_TRANSIENT_BUFFER/J0837+0610/17_07_2026/PDR_GULP_data002.pcap_17_07_2026_13_22_1784274724.PCAP_PDR
17-07-2026 13:36 - WARNING - first_pkt_count, first_gps_count, first_pkt_Tstamp
17-07-2026 13:36 - WARNING - 127538422 54831 2026-07-17T07:51:32.051137
17-07-2026 13:36 - WARNING - last_pkt_count, last_gps_count, last_pkt_Tstamp
17-07-2026 13:36 - WARNING - 129420963 54860 2026-07-17T07:52:01.259055
17-07-2026 13:36 - WARNING - diff_pkt_count  , diff_gps_count ,  diff_pkt_timstamp
17-07-2026 13:36 - WARNING - 1882541 29 29207918 microseconds
17-07-2026 13:36 - WARNING - No packet loss: /data/dsp/GBD_TRANSIENT_BUFFER/J0837+0610/17_07_2026/PDR_GULP_data000.pcap_17_07_2026_13_22_1784274753.PCAP_PDR
17-07-2026 13:36 - WARNING - first_pkt_count, first_gps_count, first_pkt_Tstamp
17-07-2026 13:36 - WARNING - 129420964 54860 2026-07-17T07:52:01.259055
17-07-2026 13:36 - WARNING - last_pkt_count, last_gps_count, last_pkt_Tstamp
17-07-2026 13:36 - WARNING - 131303505 54889 2026-07-17T07:52:30.467018
17-07-2026 13:36 - WARNING - diff_pkt_count  , diff_gps_count ,  diff_pkt_timstamp
17-07-2026 13:36 - WARNING - 1882541 29 29207963 microseconds
17-07-2026 13:36 - WARNING - No packet loss: /data/dsp/GBD_TRANSIENT_BUFFER/J0837+0610/17_07_2026/PDR_GULP_data001.pcap_17_07_2026_13_23_1784274782.PCAP_PDR
17-07-2026 13:36 - WARNING - first_pkt_count, first_gps_count, first_pkt_Tstamp
17-07-2026 13:36 - WARNING - 131303506 54889 2026-07-17T07:52:30.467018
17-07-2026 13:36 - WARNING - last_pkt_count, last_gps_count, last_pkt_Tstamp
17-07-2026 13:36 - WARNING - 133186048 54918 2026-07-17T07:52:59.674996
17-07-2026 13:36 - WARNING - diff_pkt_count  , diff_gps_count ,  diff_pkt_timstamp
17-07-2026 13:36 - WARNING - 1882542 29 29207978 microseconds
17-07-2026 13:36 - WARNING - No packet loss: /data/dsp/GBD_TRANSIENT_BUFFER/J0837+0610/17_07_2026/PDR_GULP_data002.pcap_17_07_2026_13_23_1784274811.PCAP_PDR
17-07-2026 13:36 - WARNING - first_pkt_count, first_gps_count, first_pkt_Tstamp
17-07-2026 13:36 - WARNING - 133186049 54918 2026-07-17T07:52:59.674996
17-07-2026 13:36 - WARNING - last_pkt_count, last_gps_count, last_pkt_Tstamp
17-07-2026 13:36 - WARNING - 135068590 54947 2026-07-17T07:53:28.882929
17-07-2026 13:36 - WARNING - diff_pkt_count  , diff_gps_count ,  diff_pkt_timstamp
17-07-2026 13:36 - WARNING - 1882541 29 29207933 microseconds
17-07-2026 13:36 - WARNING - No packet loss: /data/dsp/GBD_TRANSIENT_BUFFER/J0837+0610/17_07_2026/PDR_GULP_data000.pcap_17_07_2026_13_24_1784274841.PCAP_PDR
17-07-2026 13:36 - WARNING - first_pkt_count, first_gps_count, first_pkt_Tstamp
17-07-2026 13:36 - WARNING - 135068591 54947 2026-07-17T07:53:28.882929
17-07-2026 13:36 - WARNING - last_pkt_count, last_gps_count, last_pkt_Tstamp
17-07-2026 13:36 - WARNING - 136951132 54977 2026-07-17T07:53:58.090878
17-07-2026 13:36 - WARNING - diff_pkt_count  , diff_gps_count ,  diff_pkt_timstamp
17-07-2026 13:36 - WARNING - 1882541 30 29207949 microseconds
17-07-2026 13:36 - WARNING - No packet loss: /data/dsp/GBD_TRANSIENT_BUFFER/J0837+0610/17_07_2026/PDR_GULP_data001.pcap_17_07_2026_13_24_1784274870.PCAP_PDR
17-07-2026 13:36 - WARNING - first_pkt_count, first_gps_count, first_pkt_Tstamp
17-07-2026 13:36 - WARNING - 136951133 54977 2026-07-17T07:53:58.090879
17-07-2026 13:36 - WARNING - last_pkt_count, last_gps_count, last_pkt_Tstamp
17-07-2026 13:36 - WARNING - 138833674 55006 2026-07-17T07:54:27.298781
17-07-2026 13:36 - WARNING - diff_pkt_count  , diff_gps_count ,  diff_pkt_timstamp
17-07-2026 13:36 - WARNING - 1882541 29 29207902 microseconds
17-07-2026 13:36 - WARNING - No packet loss: /data/dsp/GBD_TRANSIENT_BUFFER/J0837+0610/17_07_2026/PDR_GULP_data002.pcap_17_07_2026_13_24_1784274899.PCAP_PDR
17-07-2026 13:36 - WARNING - first_pkt_count, first_gps_count, first_pkt_Tstamp
17-07-2026 13:36 - WARNING - 138833675 55006 2026-07-17T07:54:27.298848
17-07-2026 13:36 - WARNING - last_pkt_count, last_gps_count, last_pkt_Tstamp
17-07-2026 13:36 - WARNING - 140716216 55035 2026-07-17T07:54:56.506741
17-07-2026 13:36 - WARNING - diff_pkt_count  , diff_gps_count ,  diff_pkt_timstamp
17-07-2026 13:36 - WARNING - 1882541 29 29207893 microseconds
17-07-2026 13:36 - WARNING - No packet loss: /data/dsp/GBD_TRANSIENT_BUFFER/J0837+0610/17_07_2026/PDR_GULP_data000.pcap_17_07_2026_13_25_1784274928.PCAP_PDR
17-07-2026 13:36 - WARNING - first_pkt_count, first_gps_count, first_pkt_Tstamp
17-07-2026 13:36 - WARNING - 140716217 55035 2026-07-17T07:54:56.506741
17-07-2026 13:36 - WARNING - last_pkt_count, last_gps_count, last_pkt_Tstamp
17-07-2026 13:36 - WARNING - 142598758 55064 2026-07-17T07:55:25.714760
17-07-2026 13:36 - WARNING - diff_pkt_count  , diff_gps_count ,  diff_pkt_timstamp
17-07-2026 13:36 - WARNING - 1882541 29 29208019 microseconds
17-07-2026 13:36 - WARNING - No packet loss: /data/dsp/GBD_TRANSIENT_BUFFER/J0837+0610/17_07_2026/PDR_GULP_data001.pcap_17_07_2026_13_25_1784274957.PCAP_PDR
17-07-2026 13:36 - WARNING - first_pkt_count, first_gps_count, first_pkt_Tstamp
17-07-2026 13:36 - WARNING - 142598759 55064 2026-07-17T07:55:25.714760
17-07-2026 13:36 - WARNING - last_pkt_count, last_gps_count, last_pkt_Tstamp
17-07-2026 13:36 - WARNING - 144481301 55093 2026-07-17T07:55:54.922733
17-07-2026 13:36 - WARNING - diff_pkt_count  , diff_gps_count ,  diff_pkt_timstamp
17-07-2026 13:36 - WARNING - 1882542 29 29207973 microseconds
17-07-2026 13:36 - WARNING - No packet loss: /data/dsp/GBD_TRANSIENT_BUFFER/J0837+0610/17_07_2026/PDR_GULP_data002.pcap_17_07_2026_13_26_1784274987.PCAP_PDR
17-07-2026 13:36 - WARNING - first_pkt_count, first_gps_count, first_pkt_Tstamp
17-07-2026 13:36 - WARNING - 144481302 55093 2026-07-17T07:55:54.922733
17-07-2026 13:36 - WARNING - last_pkt_count, last_gps_count, last_pkt_Tstamp
17-07-2026 13:36 - WARNING - 146363843 55123 2026-07-17T07:56:24.130575
17-07-2026 13:36 - WARNING - diff_pkt_count  , diff_gps_count ,  diff_pkt_timstamp
17-07-2026 13:36 - WARNING - 1882541 30 29207842 microseconds
17-07-2026 13:36 - WARNING - No packet loss: /data/dsp/GBD_TRANSIENT_BUFFER/J0837+0610/17_07_2026/PDR_GULP_data000.pcap_17_07_2026_13_26_1784275016.PCAP_PDR
17-07-2026 13:36 - WARNING - first_pkt_count, first_gps_count, first_pkt_Tstamp
17-07-2026 13:36 - WARNING - 146363844 55123 2026-07-17T07:56:24.130627
17-07-2026 13:36 - WARNING - last_pkt_count, last_gps_count, last_pkt_Tstamp
17-07-2026 13:36 - WARNING - 148246385 55152 2026-07-17T07:56:53.338520
17-07-2026 13:36 - WARNING - diff_pkt_count  , diff_gps_count ,  diff_pkt_timstamp
17-07-2026 13:36 - WARNING - 1882541 29 29207893 microseconds
17-07-2026 13:36 - WARNING - No packet loss: /data/dsp/GBD_TRANSIENT_BUFFER/J0837+0610/17_07_2026/PDR_GULP_data001.pcap_17_07_2026_13_27_1784275045.PCAP_PDR
17-07-2026 13:36 - WARNING - first_pkt_count, first_gps_count, first_pkt_Tstamp
17-07-2026 13:36 - WARNING - 148246386 55152 2026-07-17T07:56:53.338573
17-07-2026 13:36 - WARNING - last_pkt_count, last_gps_count, last_pkt_Tstamp
17-07-2026 13:36 - WARNING - 150128927 55181 2026-07-17T07:57:22.546456
17-07-2026 13:36 - WARNING - diff_pkt_count  , diff_gps_count ,  diff_pkt_timstamp
17-07-2026 13:36 - WARNING - 1882541 29 29207883 microseconds
17-07-2026 13:36 - WARNING - No packet loss: /data/dsp/GBD_TRANSIENT_BUFFER/J0837+0610/17_07_2026/PDR_GULP_data002.pcap_17_07_2026_13_27_1784275074.PCAP_PDR
17-07-2026 13:36 - WARNING - first_pkt_count, first_gps_count, first_pkt_Tstamp
17-07-2026 13:36 - WARNING - 150128928 55181 2026-07-17T07:57:22.546545
17-07-2026 13:36 - WARNING - last_pkt_count, last_gps_count, last_pkt_Tstamp
17-07-2026 13:36 - WARNING - 152011469 55210 2026-07-17T07:57:51.754408
17-07-2026 13:36 - WARNING - diff_pkt_count  , diff_gps_count ,  diff_pkt_timstamp
17-07-2026 13:36 - WARNING - 1882541 29 29207863 microseconds
17-07-2026 13:36 - WARNING - No packet loss: /data/dsp/GBD_TRANSIENT_BUFFER/J0837+0610/17_07_2026/PDR_GULP_data000.pcap_17_07_2026_13_28_1784275103.PCAP_PDR
17-07-2026 13:36 - WARNING - first_pkt_count, first_gps_count, first_pkt_Tstamp
17-07-2026 13:36 - WARNING - 152011470 55210 2026-07-17T07:57:51.754408
17-07-2026 13:36 - WARNING - last_pkt_count, last_gps_count, last_pkt_Tstamp
17-07-2026 13:36 - WARNING - 153894011 55239 2026-07-17T07:58:20.962409
17-07-2026 13:36 - WARNING - diff_pkt_count  , diff_gps_count ,  diff_pkt_timstamp
17-07-2026 13:36 - WARNING - 1882541 29 29208001 microseconds
17-07-2026 13:36 - WARNING - No packet loss: /data/dsp/GBD_TRANSIENT_BUFFER/J0837+0610/17_07_2026/PDR_GULP_data001.pcap_17_07_2026_13_28_1784275133.PCAP_PDR
17-07-2026 13:36 - WARNING - first_pkt_count, first_gps_count, first_pkt_Tstamp
17-07-2026 13:36 - WARNING - 153894012 55239 2026-07-17T07:58:20.962410
17-07-2026 13:36 - WARNING - last_pkt_count, last_gps_count, last_pkt_Tstamp
17-07-2026 13:36 - WARNING - 155776554 55269 2026-07-17T07:58:50.170302
17-07-2026 13:36 - WARNING - diff_pkt_count  , diff_gps_count ,  diff_pkt_timstamp
17-07-2026 13:36 - WARNING - 1882542 30 29207892 microseconds
17-07-2026 13:36 - WARNING - No packet loss: /data/dsp/GBD_TRANSIENT_BUFFER/J0837+0610/17_07_2026/PDR_GULP_data002.pcap_17_07_2026_13_29_1784275162.PCAP_PDR
17-07-2026 13:36 - WARNING - first_pkt_count, first_gps_count, first_pkt_Tstamp
17-07-2026 13:36 - WARNING - 155776555 55269 2026-07-17T07:58:50.170302
17-07-2026 13:36 - WARNING - last_pkt_count, last_gps_count, last_pkt_Tstamp
17-07-2026 13:36 - WARNING - 157659096 55298 2026-07-17T07:59:19.378221
17-07-2026 13:36 - WARNING - diff_pkt_count  , diff_gps_count ,  diff_pkt_timstamp
17-07-2026 13:36 - WARNING - 1882541 29 29207919 microseconds
17-07-2026 13:36 - WARNING - No packet loss: /data/dsp/GBD_TRANSIENT_BUFFER/J0837+0610/17_07_2026/PDR_GULP_data000.pcap_17_07_2026_13_29_1784275191.PCAP_PDR
17-07-2026 13:36 - WARNING - first_pkt_count, first_gps_count, first_pkt_Tstamp
17-07-2026 13:36 - WARNING - 157659097 55298 2026-07-17T07:59:19.378221
17-07-2026 13:36 - WARNING - last_pkt_count, last_gps_count, last_pkt_Tstamp
17-07-2026 13:36 - WARNING - 159541638 55327 2026-07-17T07:59:48.586170
17-07-2026 13:36 - WARNING - diff_pkt_count  , diff_gps_count ,  diff_pkt_timstamp
17-07-2026 13:36 - WARNING - 1882541 29 29207949 microseconds
17-07-2026 13:36 - WARNING - No packet loss: /data/dsp/GBD_TRANSIENT_BUFFER/J0837+0610/17_07_2026/PDR_GULP_data001.pcap_17_07_2026_13_30_1784275220.PCAP_PDR
17-07-2026 13:36 - WARNING - first_pkt_count, first_gps_count, first_pkt_Tstamp
17-07-2026 13:36 - WARNING - 159541639 55327 2026-07-17T07:59:48.586170
17-07-2026 13:36 - WARNING - last_pkt_count, last_gps_count, last_pkt_Tstamp
17-07-2026 13:36 - WARNING - 161424180 55356 2026-07-17T08:00:17.794072
17-07-2026 13:36 - WARNING - diff_pkt_count  , diff_gps_count ,  diff_pkt_timstamp
17-07-2026 13:36 - WARNING - 1882541 29 29207902 microseconds
17-07-2026 13:36 - WARNING - No packet loss: /data/dsp/GBD_TRANSIENT_BUFFER/J0837+0610/17_07_2026/PDR_GULP_data002.pcap_17_07_2026_13_30_1784275250.PCAP_PDR
17-07-2026 13:36 - WARNING - first_pkt_count, first_gps_count, first_pkt_Tstamp
17-07-2026 13:36 - WARNING - 161424181 55356 2026-07-17T08:00:17.794073
17-07-2026 13:36 - WARNING - last_pkt_count, last_gps_count, last_pkt_Tstamp
17-07-2026 13:36 - WARNING - 163306722 55386 2026-07-17T08:00:47.002005
17-07-2026 13:36 - WARNING - diff_pkt_count  , diff_gps_count ,  diff_pkt_timstamp
17-07-2026 13:36 - WARNING - 1882541 30 29207932 microseconds
17-07-2026 13:36 - WARNING - No packet loss: /data/dsp/GBD_TRANSIENT_BUFFER/J0837+0610/17_07_2026/PDR_GULP_data000.pcap_17_07_2026_13_31_1784275279.PCAP_PDR
17-07-2026 13:36 - WARNING - first_pkt_count, first_gps_count, first_pkt_Tstamp
17-07-2026 13:36 - WARNING - 163306723 55386 2026-07-17T08:00:47.002056
17-07-2026 13:36 - WARNING - last_pkt_count, last_gps_count, last_pkt_Tstamp
17-07-2026 13:36 - WARNING - 165189264 55415 2026-07-17T08:01:16.209972
17-07-2026 13:36 - WARNING - diff_pkt_count  , diff_gps_count ,  diff_pkt_timstamp
17-07-2026 13:36 - WARNING - 1882541 29 29207916 microseconds
17-07-2026 13:36 - WARNING - No packet loss: /data/dsp/GBD_TRANSIENT_BUFFER/J0837+0610/17_07_2026/PDR_GULP_data001.pcap_17_07_2026_13_31_1784275308.PCAP_PDR
17-07-2026 13:36 - WARNING - first_pkt_count, first_gps_count, first_pkt_Tstamp
17-07-2026 13:36 - WARNING - 165189265 55415 2026-07-17T08:01:16.209973
17-07-2026 13:36 - WARNING - last_pkt_count, last_gps_count, last_pkt_Tstamp
17-07-2026 13:36 - WARNING - 167071807 55444 2026-07-17T08:01:45.417893
17-07-2026 13:36 - WARNING - diff_pkt_count  , diff_gps_count ,  diff_pkt_timstamp
17-07-2026 13:36 - WARNING - 1882542 29 29207920 microseconds
17-07-2026 13:36 - WARNING - No packet loss: /data/dsp/GBD_TRANSIENT_BUFFER/J0837+0610/17_07_2026/PDR_GULP_data002.pcap_17_07_2026_13_32_1784275337.PCAP_PDR
17-07-2026 13:36 - WARNING - first_pkt_count, first_gps_count, first_pkt_Tstamp
17-07-2026 13:36 - WARNING - 167071808 55444 2026-07-17T08:01:45.417893
17-07-2026 13:36 - WARNING - last_pkt_count, last_gps_count, last_pkt_Tstamp
17-07-2026 13:36 - WARNING - 168954349 55473 2026-07-17T08:02:14.625832
17-07-2026 13:36 - WARNING - diff_pkt_count  , diff_gps_count ,  diff_pkt_timstamp
17-07-2026 13:36 - WARNING - 1882541 29 29207939 microseconds
17-07-2026 13:36 - WARNING - No packet loss: /data/dsp/GBD_TRANSIENT_BUFFER/J0837+0610/17_07_2026/PDR_GULP_data000.pcap_17_07_2026_13_32_1784275366.PCAP_PDR
17-07-2026 13:36 - WARNING - first_pkt_count, first_gps_count, first_pkt_Tstamp
17-07-2026 13:36 - WARNING - 168954350 55473 2026-07-17T08:02:14.625832
17-07-2026 13:36 - WARNING - last_pkt_count, last_gps_count, last_pkt_Tstamp
17-07-2026 13:36 - WARNING - 170836891 55502 2026-07-17T08:02:43.833741
17-07-2026 13:36 - WARNING - diff_pkt_count  , diff_gps_count ,  diff_pkt_timstamp
17-07-2026 13:36 - WARNING - 1882541 29 29207909 microseconds
17-07-2026 13:36 - WARNING - No packet loss: /data/dsp/GBD_TRANSIENT_BUFFER/J0837+0610/17_07_2026/PDR_GULP_data001.pcap_17_07_2026_13_33_1784275396.PCAP_PDR
17-07-2026 13:36 - WARNING - first_pkt_count, first_gps_count, first_pkt_Tstamp
17-07-2026 13:36 - WARNING - 170836892 55502 2026-07-17T08:02:43.833793
17-07-2026 13:36 - WARNING - last_pkt_count, last_gps_count, last_pkt_Tstamp
17-07-2026 13:36 - WARNING - 172719433 55532 2026-07-17T08:03:13.041700
17-07-2026 13:36 - WARNING - diff_pkt_count  , diff_gps_count ,  diff_pkt_timstamp
17-07-2026 13:36 - WARNING - 1882541 30 29207907 microseconds
17-07-2026 13:36 - WARNING - No packet loss: /data/dsp/GBD_TRANSIENT_BUFFER/J0837+0610/17_07_2026/PDR_GULP_data002.pcap_17_07_2026_13_33_1784275425.PCAP_PDR
17-07-2026 13:36 - WARNING - first_pkt_count, first_gps_count, first_pkt_Tstamp
17-07-2026 13:36 - WARNING - 172719434 55532 2026-07-17T08:03:13.041700
17-07-2026 13:36 - WARNING - last_pkt_count, last_gps_count, last_pkt_Tstamp
17-07-2026 13:36 - WARNING - 174601975 55561 2026-07-17T08:03:42.249607
17-07-2026 13:36 - WARNING - diff_pkt_count  , diff_gps_count ,  diff_pkt_timstamp
17-07-2026 13:36 - WARNING - 1882541 29 29207907 microseconds
17-07-2026 13:36 - WARNING - No packet loss: /data/dsp/GBD_TRANSIENT_BUFFER/J0837+0610/17_07_2026/PDR_GULP_data000.pcap_17_07_2026_13_34_1784275454.PCAP_PDR
17-07-2026 13:36 - WARNING - first_pkt_count, first_gps_count, first_pkt_Tstamp
17-07-2026 13:36 - WARNING - 174601976 55561 2026-07-17T08:03:42.249660
17-07-2026 13:36 - WARNING - last_pkt_count, last_gps_count, last_pkt_Tstamp
17-07-2026 13:36 - WARNING - 176484518 55590 2026-07-17T08:04:11.457582
17-07-2026 13:36 - WARNING - diff_pkt_count  , diff_gps_count ,  diff_pkt_timstamp
17-07-2026 13:36 - WARNING - 1882542 29 29207922 microseconds
17-07-2026 13:36 - WARNING - No packet loss: /data/dsp/GBD_TRANSIENT_BUFFER/J0837+0610/17_07_2026/PDR_GULP_data001.pcap_17_07_2026_13_34_1784275483.PCAP_PDR
17-07-2026 13:36 - WARNING - first_pkt_count, first_gps_count, first_pkt_Tstamp
17-07-2026 13:36 - WARNING - 176484519 55590 2026-07-17T08:04:11.457582
17-07-2026 13:36 - WARNING - last_pkt_count, last_gps_count, last_pkt_Tstamp
17-07-2026 13:36 - WARNING - 178367060 55619 2026-07-17T08:04:40.665519
17-07-2026 13:36 - WARNING - diff_pkt_count  , diff_gps_count ,  diff_pkt_timstamp
17-07-2026 13:36 - WARNING - 1882541 29 29207937 microseconds
17-07-2026 13:36 - WARNING - No packet loss: /data/dsp/GBD_TRANSIENT_BUFFER/J0837+0610/17_07_2026/PDR_GULP_data002.pcap_17_07_2026_13_35_1784275512.PCAP_PDR
17-07-2026 13:36 - WARNING - first_pkt_count, first_gps_count, first_pkt_Tstamp
17-07-2026 13:36 - WARNING - 178367061 55619 2026-07-17T08:04:40.665519
17-07-2026 13:36 - WARNING - last_pkt_count, last_gps_count, last_pkt_Tstamp
17-07-2026 13:36 - WARNING - 180249602 55648 2026-07-17T08:05:09.873432
17-07-2026 13:36 - WARNING - diff_pkt_count  , diff_gps_count ,  diff_pkt_timstamp
17-07-2026 13:36 - WARNING - 1882541 29 29207913 microseconds
17-07-2026 13:36 - WARNING - No packet loss: /data/dsp/GBD_TRANSIENT_BUFFER/J0837+0610/17_07_2026/PDR_GULP_data000.pcap_17_07_2026_13_35_1784275542.PCAP_PDR
17-07-2026 13:36 - WARNING - first_pkt_count, first_gps_count, first_pkt_Tstamp
17-07-2026 13:36 - WARNING - 180249603 55648 2026-07-17T08:05:09.873432
17-07-2026 13:36 - WARNING - last_pkt_count, last_gps_count, last_pkt_Tstamp
17-07-2026 13:36 - WARNING - 182132144 55678 2026-07-17T08:05:39.081354
17-07-2026 13:36 - WARNING - diff_pkt_count  , diff_gps_count ,  diff_pkt_timstamp
17-07-2026 13:36 - WARNING - 1882541 30 29207922 microseconds
17-07-2026 13:36 SLIP check Finished...
17-07-2026 13:36 Pulsar data reduction pipeline started ...
17-07-2026 13:36 - WARNING - Data Directory: /data/dsp/GBD_TRANSIENT_BUFFER/J0837+0610/17_07_2026
17-07-2026 13:36 - WARNING - Pulsar: J0837+0610
17-07-2026 13:36 - WARNING - CH selelction: 0
17-07-2026 13:36 - WARNING - Phase file: /home/dsp/PDR_acquire_setup/dada_scripts/phase/rf_path_phase.dat
17-07-2026 13:36 - WARNING - Obs. logfile: /home/dsp/PDR_acquire_setup/master_obs_log/J0837+0610_17_07_2026_observation.log
17-07-2026 13:36 - WARNING - Observation start time: 2026_07_17_12_57_11
17-07-2026 13:36 - WARNING - parfile: /home/dsp/parfiles/J0837+0610.par
17-07-2026 13:36 - WARNING - DM: 13.0209436694702
17-07-2026 13:36 - WARNING - Period: 1.2737745847060131
17-07-2026 13:36 - WARNING - RA_DEC: 08:37:05.6485930+06:10:16.06361
17-07-2026 13:36 - WARNING - out_dada_file: J0837+0610_2026_07_17_12_57_11_type_0.dada
17-07-2026 13:36 - WARNING - Number of files to process: 80
17-07-2026 13:36 - WARNING - Files per batch:  17
17-07-2026 13:56 - WARNING - Time taken for PDR2DADA convertion: 0:19:47.552067
17-07-2026 13:56 - WARNING - Center_freq: 175
17-07-2026 13:56 - WARNING - int_time: 3.0
17-07-2026 13:56 - WARNING - nbins: 256
17-07-2026 13:56 - WARNING - fil_chan: 256
17-07-2026 13:56 - WARNING - cpu: 2,3,4,5,6,7,8,9,10,11,12,13,14,15,16
17-07-2026 13:56 - WARNING - thread: 32
17-07-2026 13:56 - WARNING - nbit: 8
17-07-2026 13:56 - WARNING - time_avg: 0.000256
17-07-2026 13:56 - WARNING - MJD_START: 61238.3105514756
17-07-2026 13:56 - WARNING - output: J0837+0610_61238.31_175MHz_type_0_GBD_DART
17-07-2026 13:56 - WARNING - singularity_container: singularity exec /home/dsp/singularity_imag/pschive_py3.sif  
17-07-2026 13:56 - WARNING - ------ DIGIFITS ------
17-07-2026 13:56 - WARNING - ---- Search Mode FITS -------
17-07-2026 13:56 - WARNING - digifits_ful_stokes_cmd: singularity exec /home/dsp/singularity_imag/pschive_py3.sif  digifits  -F 256 -x 256 -b 8 -p 4 -t 0.000256 J0837+0610_2026_07_17_12_57_11_type_0.dada -o J0837+0610_2026_07_17_12_57_11_type_0.dada_stokes.fits
17-07-2026 14:23 - WARNING - ------ Total intensity FITS -------
17-07-2026 14:23 - WARNING - digifits_total_intensity_cmd: singularity exec /home/dsp/singularity_imag/pschive_py3.sif  digifits  -F 256 -x 256 -b 8 -p 1 -t 0.000256 J0837+0610_2026_07_17_12_57_11_type_0.dada -o J0837+0610_2026_07_17_12_57_11_type_0.dada_intensity.fits
17-07-2026 14:48 - WARNING - Nchan: 256
17-07-2026 14:48 - WARNING - Nbin: 256
17-07-2026 14:48 - WARNING - Tavg: 0.000256
17-07-2026 14:48 - WARNING - Time taken for DIGIFITS run: 0:52:25.233322
17-07-2026 14:48 - WARNING - ------ DSPSR ------
17-07-2026 14:48 - WARNING - ------- Coherent Dedispersion Folded archive -------
17-07-2026 14:48 - WARNING - dspsr_cmd: singularity exec /home/dsp/singularity_imag/pschive_py3.sif  dspsr J0837+0610_2026_07_17_12_57_11_type_0.dada -cpu 2,3,4,5,6,7,8,9,10,11,12,13,14,15,16 -t 32 -E /home/dsp/parfiles/J0837+0610.par -L 3.0 -b 256 -F 256:D -N J0837+0610 -a PSRFITS -A -e .fits -O J0837+0610_61238.31_175MHz_type_0_GBD_DART
17-07-2026 15:00 - WARNING - ------- Incoherent Dedispersion Folded archive -------
17-07-2026 15:00 - WARNING - Incoherent_DD_dspsr_cmd: singularity exec /home/dsp/singularity_imag/pschive_py3.sif  dspsr J0837+0610_2026_07_17_12_57_11_type_0.dada_stokes.fits -cpu 2,3,4,5,6,7,8,9,10,11,12,13,14,15,16 -t 32 -E /home/dsp/parfiles/J0837+0610.par -L 3.0 -b 256 -N J0837+0610 -A -e .fits -O J0837+0610_61238.31_175MHz_type_0_GBD_DART_stokes_Incoherent_DD
17-07-2026 15:05 - WARNING - Time taken for DSPSR run: 0:16:53.574514
17-07-2026 15:05 - WARNING - ------ PSREDIT ------
17-07-2026 15:05 - WARNING - psredit_cmd: singularity exec /home/dsp/singularity_imag/pschive_py3.sif  psredit -c name=J0837+0610,be:name=GSB,coord=08:37:05.6485930+06:10:16.06361 -m *_GBD_DART*fits
17-07-2026 15:05 - WARNING - Time taken for PSREDIT run: 0:00:20.250850
17-07-2026 15:05 - WARNING - ------ Iterative RFI Cleaner ------
17-07-2026 15:05 - WARNING - Iterative_cleaner_cmd: singularity exec /home/dsp/singularity_imag/pschive_py3.sif   python3 /home/dsp/PDR_acquire_setup/iterative_cleaner.py -s 3 -c 3 -m 10 *_GBD_DART*fits
17-07-2026 15:14 - WARNING - Time taken for Iterative_cleaner run: 0:08:31.418532
17-07-2026 15:14 - WARNING - ------ PDMP ------
17-07-2026 15:14 - WARNING - pdmp_cmd1: singularity exec /home/dsp/singularity_imag/pschive_py3.sif  pdmp -dr 2 -ds 0.05 -g J0837+0610_61238.31_175MHz_type_0_GBD_DART.fits_cleaned.ar.ps/cps J0837+0610_61238.31_175MHz_type_0_GBD_DART.fits_cleaned.ar
17-07-2026 15:49 - WARNING - pdmp_cmd2: singularity exec /home/dsp/singularity_imag/pschive_py3.sif  pdmp -dr 2 -ds 0.05 -g J0837+0610_61238.31_175MHz_type_0_GBD_DART_stokes_Incoherent_DD.fits_cleaned.ar.ps/cps J0837+0610_61238.31_175MHz_type_0_GBD_DART_stokes_Incoherent_DD.fits_cleaned.ar
17-07-2026 16:19 - WARNING - Time taken for PDMP run: 1:05:31.113244
17-07-2026 16:19 - WARNING - ------ PS2PDF ------
17-07-2026 16:19 - WARNING - ps2pdf_cmd1: singularity exec /home/dsp/singularity_imag/pschive_py3.sif  ps2pdf J0837+0610_61238.31_175MHz_type_0_GBD_DART.fits_cleaned.ar.ps J0837+0610_61238.31_175MHz_type_0_GBD_DART.fits_cleaned.ar.ps.pdf
17-07-2026 16:19 - WARNING - ps2pdf_cmd2: singularity exec /home/dsp/singularity_imag/pschive_py3.sif  ps2pdf J0837+0610_61238.31_175MHz_type_0_GBD_DART_stokes_Incoherent_DD.fits_cleaned.ar.ps J0837+0610_61238.31_175MHz_type_0_GBD_DART_stokes_Incoherent_DD.fits_cleaned.ar.ps.pdf
17-07-2026 16:19 - WARNING - Time taken for PDMP run: 0:00:01.995724
17-07-2026 16:19 - WARNING - Overall time taken for data reduction: 2:43:32.750068
17-07-2026 16:19 - WARNING - J0837+0610_2026_07_17_12_57_11_type_0.dada... file removed
17-07-2026 16:19 - WARNING - All done!
17-07-2026 16:20 --- PRESTO ---
17-07-2026 16:20 singularity_container: singularity exec /home/dsp/singularity_imag/pschive_py3.sif  
17-07-2026 16:20 Filterbank to Process for PULSAR: J0837+0610 with DM:13.0209436694702 : J0837+0610_2026_07_17_12_57_11_type_0.dada_intensity.fits
17-07-2026 16:20 --- RFIFIND ---
17-07-2026 16:20 RFIFIND: singularity exec /home/dsp/singularity_imag/pschive_py3.sif   rfifind -time 2.0 -o J0837+0610 J0837+0610_2026_07_17_12_57_11_type_0.dada_intensity.fits
17-07-2026 16:21 --- PREPDATA ---
17-07-2026 16:21 PREPDATA: singularity exec /home/dsp/singularity_imag/pschive_py3.sif   prepdata -nobary -o J0837+0610_2026_07_17_12_57_11_type_0.dada_intensity.fits -dm 13.0209436694702 -mask J0837+0610_rfifind.mask J0837+0610_2026_07_17_12_57_11_type_0.dada_intensity.fits
17-07-2026 16:21 --- REALFFT ---
17-07-2026 16:21 REALFFT: singularity exec /home/dsp/singularity_imag/pschive_py3.sif   realfft  J0837+0610_2026_07_17_12_57_11_type_0.dada_intensity.fits.dat
17-07-2026 16:21 --- ACCELSEARCH ---
17-07-2026 16:21 ACCELSEARCH: singularity exec /home/dsp/singularity_imag/pschive_py3.sif   accelsearch -numharm 8 -zmax 8  J0837+0610_2026_07_17_12_57_11_type_0.dada_intensity.fits.fft
17-07-2026 16:21 Observation Over.
