05-08-2026 11:41 Waiting for J0837+0610 observation...
05-08-2026 11:46 Observation started...
05-08-2026 11:46 Pulsar: J0837+0610 , parfile: /home/dsp/parfiles/J0837+0610.par , DM: 59400
05-08-2026 11:46 Trigger sent to obs. PC [VELA].
05-08-2026 12:21 Acquired 80.
05-08-2026 12:21 ACQ over.
05-08-2026 12:21 Removing Trigger file from remote machine 
05-08-2026 12:21 Observation stoped.
-rw------- 1 dsp dsp 2.0G Aug  5 11:42 /data/TRANSIENT_BUFFER/PDR_GULP_data002.pcap_05_08_2026_11_42_1785910359.PCAP_PDR
-rw------- 1 dsp dsp 2.0G Aug  5 11:43 /data/TRANSIENT_BUFFER/PDR_GULP_data000.pcap_05_08_2026_11_43_1785910388.PCAP_PDR
-rw------- 1 dsp dsp 2.0G Aug  5 11:43 /data/TRANSIENT_BUFFER/PDR_GULP_data001.pcap_05_08_2026_11_43_1785910418.PCAP_PDR
-rw------- 1 dsp dsp 2.0G Aug  5 11:44 /data/TRANSIENT_BUFFER/PDR_GULP_data002.pcap_05_08_2026_11_44_1785910447.PCAP_PDR
-rw------- 1 dsp dsp 2.0G Aug  5 11:44 /data/TRANSIENT_BUFFER/PDR_GULP_data000.pcap_05_08_2026_11_44_1785910476.PCAP_PDR
-rw------- 1 dsp dsp 2.0G Aug  5 11:45 /data/TRANSIENT_BUFFER/PDR_GULP_data001.pcap_05_08_2026_11_45_1785910505.PCAP_PDR
-rw------- 1 dsp dsp 2.0G Aug  5 11:45 /data/TRANSIENT_BUFFER/PDR_GULP_data002.pcap_05_08_2026_11_45_1785910534.PCAP_PDR
-rw------- 1 dsp dsp 2.0G Aug  5 11:46 /data/TRANSIENT_BUFFER/PDR_GULP_data000.pcap_05_08_2026_11_46_1785910564.PCAP_PDR
-rw------- 1 dsp dsp 2.0G Aug  5 11:46 /data/TRANSIENT_BUFFER/PDR_GULP_data001.pcap_05_08_2026_11_46_1785910593.PCAP_PDR
-rw------- 1 dsp dsp 2.0G Aug  5 11:46 /data/TRANSIENT_BUFFER/PDR_GULP_data002.pcap_05_08_2026_11_47_1785910622.PCAP_PDR
-rw------- 1 dsp dsp 2.0G Aug  5 11:47 /data/TRANSIENT_BUFFER/PDR_GULP_data000.pcap_05_08_2026_11_47_1785910651.PCAP_PDR
-rw------- 1 dsp dsp 2.0G Aug  5 11:47 /data/TRANSIENT_BUFFER/PDR_GULP_data001.pcap_05_08_2026_11_48_1785910681.PCAP_PDR
-rw------- 1 dsp dsp 2.0G Aug  5 11:48 /data/TRANSIENT_BUFFER/PDR_GULP_data002.pcap_05_08_2026_11_48_1785910710.PCAP_PDR
-rw------- 1 dsp dsp 2.0G Aug  5 11:48 /data/TRANSIENT_BUFFER/PDR_GULP_data000.pcap_05_08_2026_11_48_1785910739.PCAP_PDR
-rw------- 1 dsp dsp 2.0G Aug  5 11:49 /data/TRANSIENT_BUFFER/PDR_GULP_data001.pcap_05_08_2026_11_49_1785910768.PCAP_PDR
-rw------- 1 dsp dsp 2.0G Aug  5 11:49 /data/TRANSIENT_BUFFER/PDR_GULP_data002.pcap_05_08_2026_11_49_1785910797.PCAP_PDR
-rw------- 1 dsp dsp 2.0G Aug  5 11:50 /data/TRANSIENT_BUFFER/PDR_GULP_data000.pcap_05_08_2026_11_50_1785910827.PCAP_PDR
-rw------- 1 dsp dsp 2.0G Aug  5 11:50 /data/TRANSIENT_BUFFER/PDR_GULP_data001.pcap_05_08_2026_11_50_1785910856.PCAP_PDR
-rw------- 1 dsp dsp 2.0G Aug  5 11:51 /data/TRANSIENT_BUFFER/PDR_GULP_data002.pcap_05_08_2026_11_51_1785910885.PCAP_PDR
-rw------- 1 dsp dsp 2.0G Aug  5 11:51 /data/TRANSIENT_BUFFER/PDR_GULP_data000.pcap_05_08_2026_11_51_1785910914.PCAP_PDR
-rw------- 1 dsp dsp 2.0G Aug  5 11:52 /data/TRANSIENT_BUFFER/PDR_GULP_data001.pcap_05_08_2026_11_52_1785910943.PCAP_PDR
-rw------- 1 dsp dsp 2.0G Aug  5 11:52 /data/TRANSIENT_BUFFER/PDR_GULP_data002.pcap_05_08_2026_11_52_1785910973.PCAP_PDR
-rw------- 1 dsp dsp 2.0G Aug  5 11:53 /data/TRANSIENT_BUFFER/PDR_GULP_data000.pcap_05_08_2026_11_53_1785911002.PCAP_PDR
-rw------- 1 dsp dsp 2.0G Aug  5 11:53 /data/TRANSIENT_BUFFER/PDR_GULP_data001.pcap_05_08_2026_11_53_1785911031.PCAP_PDR
-rw------- 1 dsp dsp 2.0G Aug  5 11:54 /data/TRANSIENT_BUFFER/PDR_GULP_data002.pcap_05_08_2026_11_54_1785911060.PCAP_PDR
-rw------- 1 dsp dsp 2.0G Aug  5 11:54 /data/TRANSIENT_BUFFER/PDR_GULP_data000.pcap_05_08_2026_11_54_1785911089.PCAP_PDR
-rw------- 1 dsp dsp 2.0G Aug  5 11:55 /data/TRANSIENT_BUFFER/PDR_GULP_data001.pcap_05_08_2026_11_55_1785911119.PCAP_PDR
-rw------- 1 dsp dsp 2.0G Aug  5 11:55 /data/TRANSIENT_BUFFER/PDR_GULP_data002.pcap_05_08_2026_11_55_1785911148.PCAP_PDR
-rw------- 1 dsp dsp 2.0G Aug  5 11:56 /data/TRANSIENT_BUFFER/PDR_GULP_data000.pcap_05_08_2026_11_56_1785911177.PCAP_PDR
-rw------- 1 dsp dsp 2.0G Aug  5 11:56 /data/TRANSIENT_BUFFER/PDR_GULP_data001.pcap_05_08_2026_11_56_1785911206.PCAP_PDR
-rw------- 1 dsp dsp 2.0G Aug  5 11:57 /data/TRANSIENT_BUFFER/PDR_GULP_data002.pcap_05_08_2026_11_57_1785911235.PCAP_PDR
-rw------- 1 dsp dsp 2.0G Aug  5 11:57 /data/TRANSIENT_BUFFER/PDR_GULP_data000.pcap_05_08_2026_11_57_1785911265.PCAP_PDR
-rw------- 1 dsp dsp 2.0G Aug  5 11:58 /data/TRANSIENT_BUFFER/PDR_GULP_data001.pcap_05_08_2026_11_58_1785911294.PCAP_PDR
-rw------- 1 dsp dsp 2.0G Aug  5 11:58 /data/TRANSIENT_BUFFER/PDR_GULP_data002.pcap_05_08_2026_11_58_1785911323.PCAP_PDR
-rw------- 1 dsp dsp 2.0G Aug  5 11:59 /data/TRANSIENT_BUFFER/PDR_GULP_data000.pcap_05_08_2026_11_59_1785911352.PCAP_PDR
-rw------- 1 dsp dsp 2.0G Aug  5 11:59 /data/TRANSIENT_BUFFER/PDR_GULP_data001.pcap_05_08_2026_11_59_1785911382.PCAP_PDR
-rw------- 1 dsp dsp 2.0G Aug  5 12:00 /data/TRANSIENT_BUFFER/PDR_GULP_data002.pcap_05_08_2026_12_00_1785911411.PCAP_PDR
-rw------- 1 dsp dsp 2.0G Aug  5 12:00 /data/TRANSIENT_BUFFER/PDR_GULP_data000.pcap_05_08_2026_12_00_1785911440.PCAP_PDR
-rw------- 1 dsp dsp 2.0G Aug  5 12:01 /data/TRANSIENT_BUFFER/PDR_GULP_data001.pcap_05_08_2026_12_01_1785911469.PCAP_PDR
-rw------- 1 dsp dsp 2.0G Aug  5 12:01 /data/TRANSIENT_BUFFER/PDR_GULP_data002.pcap_05_08_2026_12_01_1785911498.PCAP_PDR
-rw------- 1 dsp dsp 2.0G Aug  5 12:02 /data/TRANSIENT_BUFFER/PDR_GULP_data000.pcap_05_08_2026_12_02_1785911528.PCAP_PDR
-rw------- 1 dsp dsp 2.0G Aug  5 12:02 /data/TRANSIENT_BUFFER/PDR_GULP_data001.pcap_05_08_2026_12_02_1785911557.PCAP_PDR
-rw------- 1 dsp dsp 2.0G Aug  5 12:03 /data/TRANSIENT_BUFFER/PDR_GULP_data002.pcap_05_08_2026_12_03_1785911586.PCAP_PDR
-rw------- 1 dsp dsp 2.0G Aug  5 12:03 /data/TRANSIENT_BUFFER/PDR_GULP_data000.pcap_05_08_2026_12_03_1785911615.PCAP_PDR
-rw------- 1 dsp dsp 2.0G Aug  5 12:04 /data/TRANSIENT_BUFFER/PDR_GULP_data001.pcap_05_08_2026_12_04_1785911644.PCAP_PDR
-rw------- 1 dsp dsp 2.0G Aug  5 12:04 /data/TRANSIENT_BUFFER/PDR_GULP_data002.pcap_05_08_2026_12_04_1785911674.PCAP_PDR
-rw------- 1 dsp dsp 2.0G Aug  5 12:05 /data/TRANSIENT_BUFFER/PDR_GULP_data000.pcap_05_08_2026_12_05_1785911703.PCAP_PDR
-rw------- 1 dsp dsp 2.0G Aug  5 12:05 /data/TRANSIENT_BUFFER/PDR_GULP_data001.pcap_05_08_2026_12_05_1785911732.PCAP_PDR
-rw------- 1 dsp dsp 2.0G Aug  5 12:05 /data/TRANSIENT_BUFFER/PDR_GULP_data002.pcap_05_08_2026_12_06_1785911761.PCAP_PDR
-rw------- 1 dsp dsp 2.0G Aug  5 12:06 /data/TRANSIENT_BUFFER/PDR_GULP_data000.pcap_05_08_2026_12_06_1785911790.PCAP_PDR
-rw------- 1 dsp dsp 2.0G Aug  5 12:06 /data/TRANSIENT_BUFFER/PDR_GULP_data001.pcap_05_08_2026_12_07_1785911820.PCAP_PDR
-rw------- 1 dsp dsp 2.0G Aug  5 12:07 /data/TRANSIENT_BUFFER/PDR_GULP_data002.pcap_05_08_2026_12_07_1785911849.PCAP_PDR
-rw------- 1 dsp dsp 2.0G Aug  5 12:07 /data/TRANSIENT_BUFFER/PDR_GULP_data000.pcap_05_08_2026_12_07_1785911878.PCAP_PDR
-rw------- 1 dsp dsp 2.0G Aug  5 12:08 /data/TRANSIENT_BUFFER/PDR_GULP_data001.pcap_05_08_2026_12_08_1785911907.PCAP_PDR
-rw------- 1 dsp dsp 2.0G Aug  5 12:08 /data/TRANSIENT_BUFFER/PDR_GULP_data002.pcap_05_08_2026_12_08_1785911936.PCAP_PDR
-rw------- 1 dsp dsp 2.0G Aug  5 12:09 /data/TRANSIENT_BUFFER/PDR_GULP_data000.pcap_05_08_2026_12_09_1785911966.PCAP_PDR
-rw------- 1 dsp dsp 2.0G Aug  5 12:09 /data/TRANSIENT_BUFFER/PDR_GULP_data001.pcap_05_08_2026_12_09_1785911995.PCAP_PDR
-rw------- 1 dsp dsp 2.0G Aug  5 12:10 /data/TRANSIENT_BUFFER/PDR_GULP_data002.pcap_05_08_2026_12_10_1785912024.PCAP_PDR
-rw------- 1 dsp dsp 2.0G Aug  5 12:10 /data/TRANSIENT_BUFFER/PDR_GULP_data000.pcap_05_08_2026_12_10_1785912053.PCAP_PDR
-rw------- 1 dsp dsp 2.0G Aug  5 12:11 /data/TRANSIENT_BUFFER/PDR_GULP_data001.pcap_05_08_2026_12_11_1785912083.PCAP_PDR
-rw------- 1 dsp dsp 2.0G Aug  5 12:11 /data/TRANSIENT_BUFFER/PDR_GULP_data002.pcap_05_08_2026_12_11_1785912112.PCAP_PDR
-rw------- 1 dsp dsp 2.0G Aug  5 12:12 /data/TRANSIENT_BUFFER/PDR_GULP_data000.pcap_05_08_2026_12_12_1785912141.PCAP_PDR
-rw------- 1 dsp dsp 2.0G Aug  5 12:12 /data/TRANSIENT_BUFFER/PDR_GULP_data001.pcap_05_08_2026_12_12_1785912170.PCAP_PDR
-rw------- 1 dsp dsp 2.0G Aug  5 12:13 /data/TRANSIENT_BUFFER/PDR_GULP_data002.pcap_05_08_2026_12_13_1785912199.PCAP_PDR
-rw------- 1 dsp dsp 2.0G Aug  5 12:13 /data/TRANSIENT_BUFFER/PDR_GULP_data000.pcap_05_08_2026_12_13_1785912229.PCAP_PDR
-rw------- 1 dsp dsp 2.0G Aug  5 12:14 /data/TRANSIENT_BUFFER/PDR_GULP_data001.pcap_05_08_2026_12_14_1785912258.PCAP_PDR
-rw------- 1 dsp dsp 2.0G Aug  5 12:14 /data/TRANSIENT_BUFFER/PDR_GULP_data002.pcap_05_08_2026_12_14_1785912287.PCAP_PDR
-rw------- 1 dsp dsp 2.0G Aug  5 12:15 /data/TRANSIENT_BUFFER/PDR_GULP_data000.pcap_05_08_2026_12_15_1785912316.PCAP_PDR
-rw------- 1 dsp dsp 2.0G Aug  5 12:15 /data/TRANSIENT_BUFFER/PDR_GULP_data001.pcap_05_08_2026_12_15_1785912345.PCAP_PDR
-rw------- 1 dsp dsp 2.0G Aug  5 12:16 /data/TRANSIENT_BUFFER/PDR_GULP_data002.pcap_05_08_2026_12_16_1785912375.PCAP_PDR
-rw------- 1 dsp dsp 2.0G Aug  5 12:16 /data/TRANSIENT_BUFFER/PDR_GULP_data000.pcap_05_08_2026_12_16_1785912404.PCAP_PDR
-rw------- 1 dsp dsp 2.0G Aug  5 12:17 /data/TRANSIENT_BUFFER/PDR_GULP_data001.pcap_05_08_2026_12_17_1785912433.PCAP_PDR
-rw------- 1 dsp dsp 2.0G Aug  5 12:17 /data/TRANSIENT_BUFFER/PDR_GULP_data002.pcap_05_08_2026_12_17_1785912462.PCAP_PDR
-rw------- 1 dsp dsp 2.0G Aug  5 12:18 /data/TRANSIENT_BUFFER/PDR_GULP_data000.pcap_05_08_2026_12_18_1785912491.PCAP_PDR
-rw------- 1 dsp dsp 2.0G Aug  5 12:18 /data/TRANSIENT_BUFFER/PDR_GULP_data001.pcap_05_08_2026_12_18_1785912521.PCAP_PDR
-rw------- 1 dsp dsp 2.0G Aug  5 12:19 /data/TRANSIENT_BUFFER/PDR_GULP_data002.pcap_05_08_2026_12_19_1785912550.PCAP_PDR
-rw------- 1 dsp dsp 2.0G Aug  5 12:19 /data/TRANSIENT_BUFFER/PDR_GULP_data000.pcap_05_08_2026_12_19_1785912579.PCAP_PDR
-rw------- 1 dsp dsp 2.0G Aug  5 12:20 /data/TRANSIENT_BUFFER/PDR_GULP_data001.pcap_05_08_2026_12_20_1785912608.PCAP_PDR
-rw------- 1 dsp dsp 2.0G Aug  5 12:20 /data/TRANSIENT_BUFFER/PDR_GULP_data002.pcap_05_08_2026_12_20_1785912637.PCAP_PDR
-rw------- 1 dsp dsp 2.0G Aug  5 12:21 /data/TRANSIENT_BUFFER/PDR_GULP_data000.pcap_05_08_2026_12_21_1785912667.PCAP_PDR
05-08-2026 12:21 RAW PCAP data moved from Transient Buffer.
05-08-2026 12:21 SLIP check Started ...
05-08-2026 12:21 - WARNING - Data Directory: /data/dsp/GBD_TRANSIENT_BUFFER/J0837+0610/05_08_2026
05-08-2026 12:21 - WARNING - Number of Files: 80
05-08-2026 12:21 - WARNING - No packet loss: /data/dsp/GBD_TRANSIENT_BUFFER/J0837+0610/05_08_2026/PDR_GULP_data002.pcap_05_08_2026_11_42_1785910359.PCAP_PDR
05-08-2026 12:21 - WARNING - first_pkt_count, first_gps_count, first_pkt_Tstamp
05-08-2026 12:21 - WARNING - 2284634164 53063 2026-08-05T06:12:07.538872
05-08-2026 12:21 - WARNING - last_pkt_count, last_gps_count, last_pkt_Tstamp
05-08-2026 12:21 - WARNING - 2286516705 53092 2026-08-05T06:12:36.746819
05-08-2026 12:21 - WARNING - diff_pkt_count  , diff_gps_count ,  diff_pkt_timstamp
05-08-2026 12:21 - WARNING - 1882541 29 29207947 microseconds
05-08-2026 12:21 - WARNING - No packet loss: /data/dsp/GBD_TRANSIENT_BUFFER/J0837+0610/05_08_2026/PDR_GULP_data000.pcap_05_08_2026_11_43_1785910388.PCAP_PDR
05-08-2026 12:21 - WARNING - first_pkt_count, first_gps_count, first_pkt_Tstamp
05-08-2026 12:21 - WARNING - 2286516706 53092 2026-08-05T06:12:36.746819
05-08-2026 12:21 - WARNING - last_pkt_count, last_gps_count, last_pkt_Tstamp
05-08-2026 12:21 - WARNING - 2288399247 53121 2026-08-05T06:13:05.954720
05-08-2026 12:21 - WARNING - diff_pkt_count  , diff_gps_count ,  diff_pkt_timstamp
05-08-2026 12:21 - WARNING - 1882541 29 29207901 microseconds
05-08-2026 12:21 - WARNING - No packet loss: /data/dsp/GBD_TRANSIENT_BUFFER/J0837+0610/05_08_2026/PDR_GULP_data001.pcap_05_08_2026_11_43_1785910418.PCAP_PDR
05-08-2026 12:21 - WARNING - first_pkt_count, first_gps_count, first_pkt_Tstamp
05-08-2026 12:21 - WARNING - 2288399248 53121 2026-08-05T06:13:05.954809
05-08-2026 12:21 - WARNING - last_pkt_count, last_gps_count, last_pkt_Tstamp
05-08-2026 12:21 - WARNING - 2290281789 53151 2026-08-05T06:13:35.162711
05-08-2026 12:21 - WARNING - diff_pkt_count  , diff_gps_count ,  diff_pkt_timstamp
05-08-2026 12:21 - WARNING - 1882541 30 29207902 microseconds
05-08-2026 12:21 - WARNING - No packet loss: /data/dsp/GBD_TRANSIENT_BUFFER/J0837+0610/05_08_2026/PDR_GULP_data002.pcap_05_08_2026_11_44_1785910447.PCAP_PDR
05-08-2026 12:21 - WARNING - first_pkt_count, first_gps_count, first_pkt_Tstamp
05-08-2026 12:21 - WARNING - 2290281790 53151 2026-08-05T06:13:35.162711
05-08-2026 12:21 - WARNING - last_pkt_count, last_gps_count, last_pkt_Tstamp
05-08-2026 12:21 - WARNING - 2292164331 53180 2026-08-05T06:14:04.370673
05-08-2026 12:21 - WARNING - diff_pkt_count  , diff_gps_count ,  diff_pkt_timstamp
05-08-2026 12:21 - WARNING - 1882541 29 29207962 microseconds
05-08-2026 12:21 - WARNING - No packet loss: /data/dsp/GBD_TRANSIENT_BUFFER/J0837+0610/05_08_2026/PDR_GULP_data000.pcap_05_08_2026_11_44_1785910476.PCAP_PDR
05-08-2026 12:21 - WARNING - first_pkt_count, first_gps_count, first_pkt_Tstamp
05-08-2026 12:21 - WARNING - 2292164332 53180 2026-08-05T06:14:04.370674
05-08-2026 12:21 - WARNING - last_pkt_count, last_gps_count, last_pkt_Tstamp
05-08-2026 12:21 - WARNING - 2294046873 53209 2026-08-05T06:14:33.578596
05-08-2026 12:21 - WARNING - diff_pkt_count  , diff_gps_count ,  diff_pkt_timstamp
05-08-2026 12:21 - WARNING - 1882541 29 29207922 microseconds
05-08-2026 12:21 - WARNING - No packet loss: /data/dsp/GBD_TRANSIENT_BUFFER/J0837+0610/05_08_2026/PDR_GULP_data001.pcap_05_08_2026_11_45_1785910505.PCAP_PDR
05-08-2026 12:21 - WARNING - first_pkt_count, first_gps_count, first_pkt_Tstamp
05-08-2026 12:21 - WARNING - 2294046874 53209 2026-08-05T06:14:33.578596
05-08-2026 12:21 - WARNING - last_pkt_count, last_gps_count, last_pkt_Tstamp
05-08-2026 12:21 - WARNING - 2295929416 53238 2026-08-05T06:15:02.786586
05-08-2026 12:21 - WARNING - diff_pkt_count  , diff_gps_count ,  diff_pkt_timstamp
05-08-2026 12:21 - WARNING - 1882542 29 29207990 microseconds
05-08-2026 12:21 - WARNING - No packet loss: /data/dsp/GBD_TRANSIENT_BUFFER/J0837+0610/05_08_2026/PDR_GULP_data002.pcap_05_08_2026_11_45_1785910534.PCAP_PDR
05-08-2026 12:21 - WARNING - first_pkt_count, first_gps_count, first_pkt_Tstamp
05-08-2026 12:21 - WARNING - 2295929417 53238 2026-08-05T06:15:02.786587
05-08-2026 12:21 - WARNING - last_pkt_count, last_gps_count, last_pkt_Tstamp
05-08-2026 12:21 - WARNING - 2297811958 53267 2026-08-05T06:15:31.994482
05-08-2026 12:21 - WARNING - diff_pkt_count  , diff_gps_count ,  diff_pkt_timstamp
05-08-2026 12:21 - WARNING - 1882541 29 29207895 microseconds
05-08-2026 12:21 - WARNING - No packet loss: /data/dsp/GBD_TRANSIENT_BUFFER/J0837+0610/05_08_2026/PDR_GULP_data000.pcap_05_08_2026_11_46_1785910564.PCAP_PDR
05-08-2026 12:21 - WARNING - first_pkt_count, first_gps_count, first_pkt_Tstamp
05-08-2026 12:21 - WARNING - 2297811959 53267 2026-08-05T06:15:31.994482
05-08-2026 12:21 - WARNING - last_pkt_count, last_gps_count, last_pkt_Tstamp
05-08-2026 12:21 - WARNING - 2299694500 53297 2026-08-05T06:16:01.202452
05-08-2026 12:21 - WARNING - diff_pkt_count  , diff_gps_count ,  diff_pkt_timstamp
05-08-2026 12:21 - WARNING - 1882541 30 29207970 microseconds
05-08-2026 12:21 - WARNING - No packet loss: /data/dsp/GBD_TRANSIENT_BUFFER/J0837+0610/05_08_2026/PDR_GULP_data001.pcap_05_08_2026_11_46_1785910593.PCAP_PDR
05-08-2026 12:21 - WARNING - first_pkt_count, first_gps_count, first_pkt_Tstamp
05-08-2026 12:21 - WARNING - 2299694501 53297 2026-08-05T06:16:01.202453
05-08-2026 12:21 - WARNING - last_pkt_count, last_gps_count, last_pkt_Tstamp
05-08-2026 12:21 - WARNING - 2301577042 53326 2026-08-05T06:16:30.410357
05-08-2026 12:21 - WARNING - diff_pkt_count  , diff_gps_count ,  diff_pkt_timstamp
05-08-2026 12:21 - WARNING - 1882541 29 29207904 microseconds
05-08-2026 12:21 - WARNING - No packet loss: /data/dsp/GBD_TRANSIENT_BUFFER/J0837+0610/05_08_2026/PDR_GULP_data002.pcap_05_08_2026_11_47_1785910622.PCAP_PDR
05-08-2026 12:21 - WARNING - first_pkt_count, first_gps_count, first_pkt_Tstamp
05-08-2026 12:21 - WARNING - 2301577043 53326 2026-08-05T06:16:30.410358
05-08-2026 12:21 - WARNING - last_pkt_count, last_gps_count, last_pkt_Tstamp
05-08-2026 12:21 - WARNING - 2303459584 53355 2026-08-05T06:16:59.618283
05-08-2026 12:21 - WARNING - diff_pkt_count  , diff_gps_count ,  diff_pkt_timstamp
05-08-2026 12:21 - WARNING - 1882541 29 29207925 microseconds
05-08-2026 12:21 - WARNING - No packet loss: /data/dsp/GBD_TRANSIENT_BUFFER/J0837+0610/05_08_2026/PDR_GULP_data000.pcap_05_08_2026_11_47_1785910651.PCAP_PDR
05-08-2026 12:21 - WARNING - first_pkt_count, first_gps_count, first_pkt_Tstamp
05-08-2026 12:21 - WARNING - 2303459585 53355 2026-08-05T06:16:59.618283
05-08-2026 12:21 - WARNING - last_pkt_count, last_gps_count, last_pkt_Tstamp
05-08-2026 12:21 - WARNING - 2305342127 53384 2026-08-05T06:17:28.826241
05-08-2026 12:21 - WARNING - diff_pkt_count  , diff_gps_count ,  diff_pkt_timstamp
05-08-2026 12:21 - WARNING - 1882542 29 29207958 microseconds
05-08-2026 12:21 - WARNING - No packet loss: /data/dsp/GBD_TRANSIENT_BUFFER/J0837+0610/05_08_2026/PDR_GULP_data001.pcap_05_08_2026_11_48_1785910681.PCAP_PDR
05-08-2026 12:21 - WARNING - first_pkt_count, first_gps_count, first_pkt_Tstamp
05-08-2026 12:21 - WARNING - 2305342128 53384 2026-08-05T06:17:28.826241
05-08-2026 12:21 - WARNING - last_pkt_count, last_gps_count, last_pkt_Tstamp
05-08-2026 12:21 - WARNING - 2307224669 53414 2026-08-05T06:17:58.034160
05-08-2026 12:21 - WARNING - diff_pkt_count  , diff_gps_count ,  diff_pkt_timstamp
05-08-2026 12:21 - WARNING - 1882541 30 29207919 microseconds
05-08-2026 12:21 - WARNING - No packet loss: /data/dsp/GBD_TRANSIENT_BUFFER/J0837+0610/05_08_2026/PDR_GULP_data002.pcap_05_08_2026_11_48_1785910710.PCAP_PDR
05-08-2026 12:21 - WARNING - first_pkt_count, first_gps_count, first_pkt_Tstamp
05-08-2026 12:21 - WARNING - 2307224670 53414 2026-08-05T06:17:58.034160
05-08-2026 12:21 - WARNING - last_pkt_count, last_gps_count, last_pkt_Tstamp
05-08-2026 12:21 - WARNING - 2309107211 53443 2026-08-05T06:18:27.242096
05-08-2026 12:21 - WARNING - diff_pkt_count  , diff_gps_count ,  diff_pkt_timstamp
05-08-2026 12:21 - WARNING - 1882541 29 29207936 microseconds
05-08-2026 12:21 - WARNING - No packet loss: /data/dsp/GBD_TRANSIENT_BUFFER/J0837+0610/05_08_2026/PDR_GULP_data000.pcap_05_08_2026_11_48_1785910739.PCAP_PDR
05-08-2026 12:21 - WARNING - first_pkt_count, first_gps_count, first_pkt_Tstamp
05-08-2026 12:21 - WARNING - 2309107212 53443 2026-08-05T06:18:27.242096
05-08-2026 12:21 - WARNING - last_pkt_count, last_gps_count, last_pkt_Tstamp
05-08-2026 12:21 - WARNING - 2310989753 53472 2026-08-05T06:18:56.450020
05-08-2026 12:21 - WARNING - diff_pkt_count  , diff_gps_count ,  diff_pkt_timstamp
05-08-2026 12:21 - WARNING - 1882541 29 29207924 microseconds
05-08-2026 12:21 - WARNING - No packet loss: /data/dsp/GBD_TRANSIENT_BUFFER/J0837+0610/05_08_2026/PDR_GULP_data001.pcap_05_08_2026_11_49_1785910768.PCAP_PDR
05-08-2026 12:21 - WARNING - first_pkt_count, first_gps_count, first_pkt_Tstamp
05-08-2026 12:21 - WARNING - 2310989754 53472 2026-08-05T06:18:56.450020
05-08-2026 12:21 - WARNING - last_pkt_count, last_gps_count, last_pkt_Tstamp
05-08-2026 12:21 - WARNING - 2312872295 53501 2026-08-05T06:19:25.657916
05-08-2026 12:21 - WARNING - diff_pkt_count  , diff_gps_count ,  diff_pkt_timstamp
05-08-2026 12:21 - WARNING - 1882541 29 29207896 microseconds
05-08-2026 12:21 - WARNING - No packet loss: /data/dsp/GBD_TRANSIENT_BUFFER/J0837+0610/05_08_2026/PDR_GULP_data002.pcap_05_08_2026_11_49_1785910797.PCAP_PDR
05-08-2026 12:21 - WARNING - first_pkt_count, first_gps_count, first_pkt_Tstamp
05-08-2026 12:21 - WARNING - 2312872296 53501 2026-08-05T06:19:25.657917
05-08-2026 12:21 - WARNING - last_pkt_count, last_gps_count, last_pkt_Tstamp
05-08-2026 12:21 - WARNING - 2314754837 53530 2026-08-05T06:19:54.865842
05-08-2026 12:21 - WARNING - diff_pkt_count  , diff_gps_count ,  diff_pkt_timstamp
05-08-2026 12:21 - WARNING - 1882541 29 29207925 microseconds
05-08-2026 12:21 - WARNING - No packet loss: /data/dsp/GBD_TRANSIENT_BUFFER/J0837+0610/05_08_2026/PDR_GULP_data000.pcap_05_08_2026_11_50_1785910827.PCAP_PDR
05-08-2026 12:21 - WARNING - first_pkt_count, first_gps_count, first_pkt_Tstamp
05-08-2026 12:21 - WARNING - 2314754838 53530 2026-08-05T06:19:54.865842
05-08-2026 12:21 - WARNING - last_pkt_count, last_gps_count, last_pkt_Tstamp
05-08-2026 12:21 - WARNING - 2316637380 53560 2026-08-05T06:20:24.073755
05-08-2026 12:21 - WARNING - diff_pkt_count  , diff_gps_count ,  diff_pkt_timstamp
05-08-2026 12:21 - WARNING - 1882542 30 29207913 microseconds
05-08-2026 12:21 - WARNING - No packet loss: /data/dsp/GBD_TRANSIENT_BUFFER/J0837+0610/05_08_2026/PDR_GULP_data001.pcap_05_08_2026_11_50_1785910856.PCAP_PDR
05-08-2026 12:21 - WARNING - first_pkt_count, first_gps_count, first_pkt_Tstamp
05-08-2026 12:21 - WARNING - 2316637381 53560 2026-08-05T06:20:24.073809
05-08-2026 12:21 - WARNING - last_pkt_count, last_gps_count, last_pkt_Tstamp
05-08-2026 12:21 - WARNING - 2318519922 53589 2026-08-05T06:20:53.281706
05-08-2026 12:21 - WARNING - diff_pkt_count  , diff_gps_count ,  diff_pkt_timstamp
05-08-2026 12:21 - WARNING - 1882541 29 29207897 microseconds
05-08-2026 12:21 - WARNING - No packet loss: /data/dsp/GBD_TRANSIENT_BUFFER/J0837+0610/05_08_2026/PDR_GULP_data002.pcap_05_08_2026_11_51_1785910885.PCAP_PDR
05-08-2026 12:21 - WARNING - first_pkt_count, first_gps_count, first_pkt_Tstamp
05-08-2026 12:21 - WARNING - 2318519923 53589 2026-08-05T06:20:53.281706
05-08-2026 12:21 - WARNING - last_pkt_count, last_gps_count, last_pkt_Tstamp
05-08-2026 12:21 - WARNING - 2320402464 53618 2026-08-05T06:21:22.489609
05-08-2026 12:21 - WARNING - diff_pkt_count  , diff_gps_count ,  diff_pkt_timstamp
05-08-2026 12:21 - WARNING - 1882541 29 29207903 microseconds
05-08-2026 12:21 - WARNING - No packet loss: /data/dsp/GBD_TRANSIENT_BUFFER/J0837+0610/05_08_2026/PDR_GULP_data000.pcap_05_08_2026_11_51_1785910914.PCAP_PDR
05-08-2026 12:21 - WARNING - first_pkt_count, first_gps_count, first_pkt_Tstamp
05-08-2026 12:21 - WARNING - 2320402465 53618 2026-08-05T06:21:22.489609
05-08-2026 12:21 - WARNING - last_pkt_count, last_gps_count, last_pkt_Tstamp
05-08-2026 12:21 - WARNING - 2322285006 53647 2026-08-05T06:21:51.697499
05-08-2026 12:21 - WARNING - diff_pkt_count  , diff_gps_count ,  diff_pkt_timstamp
05-08-2026 12:21 - WARNING - 1882541 29 29207890 microseconds
05-08-2026 12:21 - WARNING - No packet loss: /data/dsp/GBD_TRANSIENT_BUFFER/J0837+0610/05_08_2026/PDR_GULP_data001.pcap_05_08_2026_11_52_1785910943.PCAP_PDR
05-08-2026 12:21 - WARNING - first_pkt_count, first_gps_count, first_pkt_Tstamp
05-08-2026 12:21 - WARNING - 2322285007 53647 2026-08-05T06:21:51.697551
05-08-2026 12:21 - WARNING - last_pkt_count, last_gps_count, last_pkt_Tstamp
05-08-2026 12:21 - WARNING - 2324167548 53676 2026-08-05T06:22:20.905419
05-08-2026 12:21 - WARNING - diff_pkt_count  , diff_gps_count ,  diff_pkt_timstamp
05-08-2026 12:21 - WARNING - 1882541 29 29207868 microseconds
05-08-2026 12:21 - WARNING - Packet loss: /data/dsp/GBD_TRANSIENT_BUFFER/J0837+0610/05_08_2026/PDR_GULP_data002.pcap_05_08_2026_11_52_1785910973.PCAP_PDR
05-08-2026 12:21 - WARNING - Packet loss found .... Being fixed ... Please wait ...
05-08-2026 12:21 - WARNING - PCAP filtering ... tcpdump -r /data/dsp/GBD_TRANSIENT_BUFFER/J0837+0610/05_08_2026/PDR_GULP_data002.pcap_05_08_2026_11_52_1785910973.PCAP_PDR.pcap -w PDR_GULP_data002.pcap_05_08_2026_11_52_1785910973_filtered.PCAP_PDR.pcap  host 172.10.10.1 and port 55000 
05-08-2026 12:21 - WARNING - Patched /data/dsp/GBD_TRANSIENT_BUFFER/J0837+0610/05_08_2026/PDR_GULP_data002.pcap_05_08_2026_11_52_1785910973.PCAP_PDR as PDR_GULP_data002.pcap_05_08_2026_11_52_1785910973_filtered.PCAP_PDR
05-08-2026 12:21 - WARNING - Gulped file moved to /data/dsp/GBD_TRANSIENT_BUFFER/J0837+0610/05_08_2026/GULPED
05-08-2026 12:21 - WARNING - first_pkt_count, first_gps_count, first_pkt_Tstamp
05-08-2026 12:21 - WARNING - 2324167549 53676 2026-08-05T06:22:20.905471
05-08-2026 12:21 - WARNING - last_pkt_count, last_gps_count, last_pkt_Tstamp
05-08-2026 12:21 - WARNING - 2326050090 53706 2026-08-05T06:22:50.113355
05-08-2026 12:21 - WARNING - diff_pkt_count  , diff_gps_count ,  diff_pkt_timstamp
05-08-2026 12:21 - WARNING - 1882541 30 29207884 microseconds
05-08-2026 12:21 - WARNING - No packet loss: /data/dsp/GBD_TRANSIENT_BUFFER/J0837+0610/05_08_2026/PDR_GULP_data000.pcap_05_08_2026_11_53_1785911002.PCAP_PDR
05-08-2026 12:21 - WARNING - first_pkt_count, first_gps_count, first_pkt_Tstamp
05-08-2026 12:21 - WARNING - 2326050091 53706 2026-08-05T06:22:50.113355
05-08-2026 12:21 - WARNING - last_pkt_count, last_gps_count, last_pkt_Tstamp
05-08-2026 12:21 - WARNING - 2327932632 53735 2026-08-05T06:23:19.321268
05-08-2026 12:21 - WARNING - diff_pkt_count  , diff_gps_count ,  diff_pkt_timstamp
05-08-2026 12:21 - WARNING - 1882541 29 29207913 microseconds
05-08-2026 12:21 - WARNING - No packet loss: /data/dsp/GBD_TRANSIENT_BUFFER/J0837+0610/05_08_2026/PDR_GULP_data001.pcap_05_08_2026_11_53_1785911031.PCAP_PDR
05-08-2026 12:21 - WARNING - first_pkt_count, first_gps_count, first_pkt_Tstamp
05-08-2026 12:21 - WARNING - 2327932633 53735 2026-08-05T06:23:19.321268
05-08-2026 12:21 - WARNING - last_pkt_count, last_gps_count, last_pkt_Tstamp
05-08-2026 12:21 - WARNING - 2329815175 53764 2026-08-05T06:23:48.529195
05-08-2026 12:21 - WARNING - diff_pkt_count  , diff_gps_count ,  diff_pkt_timstamp
05-08-2026 12:21 - WARNING - 1882542 29 29207927 microseconds
05-08-2026 12:21 - WARNING - No packet loss: /data/dsp/GBD_TRANSIENT_BUFFER/J0837+0610/05_08_2026/PDR_GULP_data002.pcap_05_08_2026_11_54_1785911060.PCAP_PDR
05-08-2026 12:21 - WARNING - first_pkt_count, first_gps_count, first_pkt_Tstamp
05-08-2026 12:21 - WARNING - 2329815176 53764 2026-08-05T06:23:48.529196
05-08-2026 12:21 - WARNING - last_pkt_count, last_gps_count, last_pkt_Tstamp
05-08-2026 12:21 - WARNING - 2331697717 53793 2026-08-05T06:24:17.737079
05-08-2026 12:21 - WARNING - diff_pkt_count  , diff_gps_count ,  diff_pkt_timstamp
05-08-2026 12:21 - WARNING - 1882541 29 29207883 microseconds
05-08-2026 12:21 - WARNING - No packet loss: /data/dsp/GBD_TRANSIENT_BUFFER/J0837+0610/05_08_2026/PDR_GULP_data000.pcap_05_08_2026_11_54_1785911089.PCAP_PDR
05-08-2026 12:21 - WARNING - first_pkt_count, first_gps_count, first_pkt_Tstamp
05-08-2026 12:21 - WARNING - 2331697718 53793 2026-08-05T06:24:17.737131
05-08-2026 12:21 - WARNING - last_pkt_count, last_gps_count, last_pkt_Tstamp
05-08-2026 12:21 - WARNING - 2333580259 53822 2026-08-05T06:24:46.944999
05-08-2026 12:21 - WARNING - diff_pkt_count  , diff_gps_count ,  diff_pkt_timstamp
05-08-2026 12:21 - WARNING - 1882541 29 29207868 microseconds
05-08-2026 12:21 - WARNING - No packet loss: /data/dsp/GBD_TRANSIENT_BUFFER/J0837+0610/05_08_2026/PDR_GULP_data001.pcap_05_08_2026_11_55_1785911119.PCAP_PDR
05-08-2026 12:21 - WARNING - first_pkt_count, first_gps_count, first_pkt_Tstamp
05-08-2026 12:21 - WARNING - 2333580260 53822 2026-08-05T06:24:46.944999
05-08-2026 12:21 - WARNING - last_pkt_count, last_gps_count, last_pkt_Tstamp
05-08-2026 12:21 - WARNING - 2335462801 53852 2026-08-05T06:25:16.152972
05-08-2026 12:21 - WARNING - diff_pkt_count  , diff_gps_count ,  diff_pkt_timstamp
05-08-2026 12:21 - WARNING - 1882541 30 29207973 microseconds
05-08-2026 12:21 - WARNING - No packet loss: /data/dsp/GBD_TRANSIENT_BUFFER/J0837+0610/05_08_2026/PDR_GULP_data002.pcap_05_08_2026_11_55_1785911148.PCAP_PDR
05-08-2026 12:21 - WARNING - first_pkt_count, first_gps_count, first_pkt_Tstamp
05-08-2026 12:21 - WARNING - 2335462802 53852 2026-08-05T06:25:16.152972
05-08-2026 12:21 - WARNING - last_pkt_count, last_gps_count, last_pkt_Tstamp
05-08-2026 12:21 - WARNING - 2337345343 53881 2026-08-05T06:25:45.360849
05-08-2026 12:21 - WARNING - diff_pkt_count  , diff_gps_count ,  diff_pkt_timstamp
05-08-2026 12:21 - WARNING - 1882541 29 29207877 microseconds
05-08-2026 12:21 - WARNING - No packet loss: /data/dsp/GBD_TRANSIENT_BUFFER/J0837+0610/05_08_2026/PDR_GULP_data000.pcap_05_08_2026_11_56_1785911177.PCAP_PDR
05-08-2026 12:21 - WARNING - first_pkt_count, first_gps_count, first_pkt_Tstamp
05-08-2026 12:21 - WARNING - 2337345344 53881 2026-08-05T06:25:45.360849
05-08-2026 12:21 - WARNING - last_pkt_count, last_gps_count, last_pkt_Tstamp
05-08-2026 12:21 - WARNING - 2339227885 53910 2026-08-05T06:26:14.568802
05-08-2026 12:21 - WARNING - diff_pkt_count  , diff_gps_count ,  diff_pkt_timstamp
05-08-2026 12:21 - WARNING - 1882541 29 29207953 microseconds
05-08-2026 12:21 - WARNING - No packet loss: /data/dsp/GBD_TRANSIENT_BUFFER/J0837+0610/05_08_2026/PDR_GULP_data001.pcap_05_08_2026_11_56_1785911206.PCAP_PDR
05-08-2026 12:21 - WARNING - first_pkt_count, first_gps_count, first_pkt_Tstamp
05-08-2026 12:21 - WARNING - 2339227886 53910 2026-08-05T06:26:14.568802
05-08-2026 12:21 - WARNING - last_pkt_count, last_gps_count, last_pkt_Tstamp
05-08-2026 12:21 - WARNING - 2341110428 53939 2026-08-05T06:26:43.776703
05-08-2026 12:21 - WARNING - diff_pkt_count  , diff_gps_count ,  diff_pkt_timstamp
05-08-2026 12:21 - WARNING - 1882542 29 29207901 microseconds
05-08-2026 12:21 - WARNING - No packet loss: /data/dsp/GBD_TRANSIENT_BUFFER/J0837+0610/05_08_2026/PDR_GULP_data002.pcap_05_08_2026_11_57_1785911235.PCAP_PDR
05-08-2026 12:21 - WARNING - first_pkt_count, first_gps_count, first_pkt_Tstamp
05-08-2026 12:21 - WARNING - 2341110429 53939 2026-08-05T06:26:43.776703
05-08-2026 12:21 - WARNING - last_pkt_count, last_gps_count, last_pkt_Tstamp
05-08-2026 12:21 - WARNING - 2342992970 53968 2026-08-05T06:27:12.984621
05-08-2026 12:21 - WARNING - diff_pkt_count  , diff_gps_count ,  diff_pkt_timstamp
05-08-2026 12:21 - WARNING - 1882541 29 29207918 microseconds
05-08-2026 12:21 - WARNING - No packet loss: /data/dsp/GBD_TRANSIENT_BUFFER/J0837+0610/05_08_2026/PDR_GULP_data000.pcap_05_08_2026_11_57_1785911265.PCAP_PDR
05-08-2026 12:21 - WARNING - first_pkt_count, first_gps_count, first_pkt_Tstamp
05-08-2026 12:21 - WARNING - 2342992971 53968 2026-08-05T06:27:12.984621
05-08-2026 12:21 - WARNING - last_pkt_count, last_gps_count, last_pkt_Tstamp
05-08-2026 12:21 - WARNING - 2344875512 53998 2026-08-05T06:27:42.192484
05-08-2026 12:21 - WARNING - diff_pkt_count  , diff_gps_count ,  diff_pkt_timstamp
05-08-2026 12:21 - WARNING - 1882541 30 29207863 microseconds
05-08-2026 12:21 - WARNING - No packet loss: /data/dsp/GBD_TRANSIENT_BUFFER/J0837+0610/05_08_2026/PDR_GULP_data001.pcap_05_08_2026_11_58_1785911294.PCAP_PDR
05-08-2026 12:21 - WARNING - first_pkt_count, first_gps_count, first_pkt_Tstamp
05-08-2026 12:21 - WARNING - 2344875513 53998 2026-08-05T06:27:42.192536
05-08-2026 12:21 - WARNING - last_pkt_count, last_gps_count, last_pkt_Tstamp
05-08-2026 12:21 - WARNING - 2346758054 54027 2026-08-05T06:28:11.400452
05-08-2026 12:21 - WARNING - diff_pkt_count  , diff_gps_count ,  diff_pkt_timstamp
05-08-2026 12:21 - WARNING - 1882541 29 29207916 microseconds
05-08-2026 12:21 - WARNING - No packet loss: /data/dsp/GBD_TRANSIENT_BUFFER/J0837+0610/05_08_2026/PDR_GULP_data002.pcap_05_08_2026_11_58_1785911323.PCAP_PDR
05-08-2026 12:21 - WARNING - first_pkt_count, first_gps_count, first_pkt_Tstamp
05-08-2026 12:21 - WARNING - 2346758055 54027 2026-08-05T06:28:11.400452
05-08-2026 12:21 - WARNING - last_pkt_count, last_gps_count, last_pkt_Tstamp
05-08-2026 12:21 - WARNING - 2348640596 54056 2026-08-05T06:28:40.608305
05-08-2026 12:21 - WARNING - diff_pkt_count  , diff_gps_count ,  diff_pkt_timstamp
05-08-2026 12:21 - WARNING - 1882541 29 29207853 microseconds
05-08-2026 12:21 - WARNING - No packet loss: /data/dsp/GBD_TRANSIENT_BUFFER/J0837+0610/05_08_2026/PDR_GULP_data000.pcap_05_08_2026_11_59_1785911352.PCAP_PDR
05-08-2026 12:21 - WARNING - first_pkt_count, first_gps_count, first_pkt_Tstamp
05-08-2026 12:21 - WARNING - 2348640597 54056 2026-08-05T06:28:40.608357
05-08-2026 12:21 - WARNING - last_pkt_count, last_gps_count, last_pkt_Tstamp
05-08-2026 12:21 - WARNING - 2350523138 54085 2026-08-05T06:29:09.816310
05-08-2026 12:21 - WARNING - diff_pkt_count  , diff_gps_count ,  diff_pkt_timstamp
05-08-2026 12:21 - WARNING - 1882541 29 29207953 microseconds
05-08-2026 12:21 - WARNING - No packet loss: /data/dsp/GBD_TRANSIENT_BUFFER/J0837+0610/05_08_2026/PDR_GULP_data001.pcap_05_08_2026_11_59_1785911382.PCAP_PDR
05-08-2026 12:21 - WARNING - first_pkt_count, first_gps_count, first_pkt_Tstamp
05-08-2026 12:21 - WARNING - 2350523139 54085 2026-08-05T06:29:09.816310
05-08-2026 12:21 - WARNING - last_pkt_count, last_gps_count, last_pkt_Tstamp
05-08-2026 12:21 - WARNING - 2352405681 54115 2026-08-05T06:29:39.024159
05-08-2026 12:21 - WARNING - diff_pkt_count  , diff_gps_count ,  diff_pkt_timstamp
05-08-2026 12:21 - WARNING - 1882542 30 29207849 microseconds
05-08-2026 12:21 - WARNING - No packet loss: /data/dsp/GBD_TRANSIENT_BUFFER/J0837+0610/05_08_2026/PDR_GULP_data002.pcap_05_08_2026_12_00_1785911411.PCAP_PDR
05-08-2026 12:21 - WARNING - first_pkt_count, first_gps_count, first_pkt_Tstamp
05-08-2026 12:21 - WARNING - 2352405682 54115 2026-08-05T06:29:39.024212
05-08-2026 12:21 - WARNING - last_pkt_count, last_gps_count, last_pkt_Tstamp
05-08-2026 12:21 - WARNING - 2354288223 54144 2026-08-05T06:30:08.232081
05-08-2026 12:21 - WARNING - diff_pkt_count  , diff_gps_count ,  diff_pkt_timstamp
05-08-2026 12:21 - WARNING - 1882541 29 29207869 microseconds
05-08-2026 12:21 - WARNING - No packet loss: /data/dsp/GBD_TRANSIENT_BUFFER/J0837+0610/05_08_2026/PDR_GULP_data000.pcap_05_08_2026_12_00_1785911440.PCAP_PDR
05-08-2026 12:21 - WARNING - first_pkt_count, first_gps_count, first_pkt_Tstamp
05-08-2026 12:21 - WARNING - 2354288224 54144 2026-08-05T06:30:08.232082
05-08-2026 12:21 - WARNING - last_pkt_count, last_gps_count, last_pkt_Tstamp
05-08-2026 12:21 - WARNING - 2356170765 54173 2026-08-05T06:30:37.440058
05-08-2026 12:21 - WARNING - diff_pkt_count  , diff_gps_count ,  diff_pkt_timstamp
05-08-2026 12:21 - WARNING - 1882541 29 29207976 microseconds
05-08-2026 12:21 - WARNING - No packet loss: /data/dsp/GBD_TRANSIENT_BUFFER/J0837+0610/05_08_2026/PDR_GULP_data001.pcap_05_08_2026_12_01_1785911469.PCAP_PDR
05-08-2026 12:21 - WARNING - first_pkt_count, first_gps_count, first_pkt_Tstamp
05-08-2026 12:21 - WARNING - 2356170766 54173 2026-08-05T06:30:37.440058
05-08-2026 12:21 - WARNING - last_pkt_count, last_gps_count, last_pkt_Tstamp
05-08-2026 12:21 - WARNING - 2358053307 54202 2026-08-05T06:31:06.647931
05-08-2026 12:21 - WARNING - diff_pkt_count  , diff_gps_count ,  diff_pkt_timstamp
05-08-2026 12:21 - WARNING - 1882541 29 29207873 microseconds
05-08-2026 12:21 - WARNING - No packet loss: /data/dsp/GBD_TRANSIENT_BUFFER/J0837+0610/05_08_2026/PDR_GULP_data002.pcap_05_08_2026_12_01_1785911498.PCAP_PDR
05-08-2026 12:21 - WARNING - first_pkt_count, first_gps_count, first_pkt_Tstamp
05-08-2026 12:21 - WARNING - 2358053308 54202 2026-08-05T06:31:06.647932
05-08-2026 12:21 - WARNING - last_pkt_count, last_gps_count, last_pkt_Tstamp
05-08-2026 12:21 - WARNING - 2359935849 54231 2026-08-05T06:31:35.855819
05-08-2026 12:21 - WARNING - diff_pkt_count  , diff_gps_count ,  diff_pkt_timstamp
05-08-2026 12:21 - WARNING - 1882541 29 29207887 microseconds
05-08-2026 12:21 - WARNING - No packet loss: /data/dsp/GBD_TRANSIENT_BUFFER/J0837+0610/05_08_2026/PDR_GULP_data000.pcap_05_08_2026_12_02_1785911528.PCAP_PDR
05-08-2026 12:21 - WARNING - first_pkt_count, first_gps_count, first_pkt_Tstamp
05-08-2026 12:21 - WARNING - 2359935850 54231 2026-08-05T06:31:35.855819
05-08-2026 12:21 - WARNING - last_pkt_count, last_gps_count, last_pkt_Tstamp
05-08-2026 12:21 - WARNING - 2361818391 54261 2026-08-05T06:32:05.063716
05-08-2026 12:21 - WARNING - diff_pkt_count  , diff_gps_count ,  diff_pkt_timstamp
05-08-2026 12:21 - WARNING - 1882541 30 29207897 microseconds
05-08-2026 12:21 - WARNING - No packet loss: /data/dsp/GBD_TRANSIENT_BUFFER/J0837+0610/05_08_2026/PDR_GULP_data001.pcap_05_08_2026_12_02_1785911557.PCAP_PDR
05-08-2026 12:21 - WARNING - first_pkt_count, first_gps_count, first_pkt_Tstamp
05-08-2026 12:21 - WARNING - 2361818392 54261 2026-08-05T06:32:05.063802
05-08-2026 12:21 - WARNING - last_pkt_count, last_gps_count, last_pkt_Tstamp
05-08-2026 12:21 - WARNING - 2363700934 54290 2026-08-05T06:32:34.271642
05-08-2026 12:21 - WARNING - diff_pkt_count  , diff_gps_count ,  diff_pkt_timstamp
05-08-2026 12:21 - WARNING - 1882542 29 29207840 microseconds
05-08-2026 12:21 - WARNING - No packet loss: /data/dsp/GBD_TRANSIENT_BUFFER/J0837+0610/05_08_2026/PDR_GULP_data002.pcap_05_08_2026_12_03_1785911586.PCAP_PDR
05-08-2026 12:21 - WARNING - first_pkt_count, first_gps_count, first_pkt_Tstamp
05-08-2026 12:21 - WARNING - 2363700935 54290 2026-08-05T06:32:34.271728
05-08-2026 12:21 - WARNING - last_pkt_count, last_gps_count, last_pkt_Tstamp
05-08-2026 12:21 - WARNING - 2365583476 54319 2026-08-05T06:33:03.479563
05-08-2026 12:21 - WARNING - diff_pkt_count  , diff_gps_count ,  diff_pkt_timstamp
05-08-2026 12:21 - WARNING - 1882541 29 29207835 microseconds
05-08-2026 12:21 - WARNING - No packet loss: /data/dsp/GBD_TRANSIENT_BUFFER/J0837+0610/05_08_2026/PDR_GULP_data000.pcap_05_08_2026_12_03_1785911615.PCAP_PDR
05-08-2026 12:21 - WARNING - first_pkt_count, first_gps_count, first_pkt_Tstamp
05-08-2026 12:21 - WARNING - 2365583477 54319 2026-08-05T06:33:03.479563
05-08-2026 12:21 - WARNING - last_pkt_count, last_gps_count, last_pkt_Tstamp
05-08-2026 12:21 - WARNING - 2367466018 54348 2026-08-05T06:33:32.687477
05-08-2026 12:21 - WARNING - diff_pkt_count  , diff_gps_count ,  diff_pkt_timstamp
05-08-2026 12:21 - WARNING - 1882541 29 29207914 microseconds
05-08-2026 12:21 - WARNING - No packet loss: /data/dsp/GBD_TRANSIENT_BUFFER/J0837+0610/05_08_2026/PDR_GULP_data001.pcap_05_08_2026_12_04_1785911644.PCAP_PDR
05-08-2026 12:21 - WARNING - first_pkt_count, first_gps_count, first_pkt_Tstamp
05-08-2026 12:21 - WARNING - 2367466019 54348 2026-08-05T06:33:32.687477
05-08-2026 12:21 - WARNING - last_pkt_count, last_gps_count, last_pkt_Tstamp
05-08-2026 12:21 - WARNING - 2369348560 54377 2026-08-05T06:34:01.895428
05-08-2026 12:21 - WARNING - diff_pkt_count  , diff_gps_count ,  diff_pkt_timstamp
05-08-2026 12:21 - WARNING - 1882541 29 29207951 microseconds
05-08-2026 12:21 - WARNING - No packet loss: /data/dsp/GBD_TRANSIENT_BUFFER/J0837+0610/05_08_2026/PDR_GULP_data002.pcap_05_08_2026_12_04_1785911674.PCAP_PDR
05-08-2026 12:21 - WARNING - first_pkt_count, first_gps_count, first_pkt_Tstamp
05-08-2026 12:21 - WARNING - 2369348561 54377 2026-08-05T06:34:01.895428
05-08-2026 12:21 - WARNING - last_pkt_count, last_gps_count, last_pkt_Tstamp
05-08-2026 12:21 - WARNING - 2371231102 54407 2026-08-05T06:34:31.103295
05-08-2026 12:21 - WARNING - diff_pkt_count  , diff_gps_count ,  diff_pkt_timstamp
05-08-2026 12:21 - WARNING - 1882541 30 29207867 microseconds
05-08-2026 12:21 - WARNING - No packet loss: /data/dsp/GBD_TRANSIENT_BUFFER/J0837+0610/05_08_2026/PDR_GULP_data000.pcap_05_08_2026_12_05_1785911703.PCAP_PDR
05-08-2026 12:21 - WARNING - first_pkt_count, first_gps_count, first_pkt_Tstamp
05-08-2026 12:21 - WARNING - 2371231103 54407 2026-08-05T06:34:31.103295
05-08-2026 12:21 - WARNING - last_pkt_count, last_gps_count, last_pkt_Tstamp
05-08-2026 12:21 - WARNING - 2373113644 54436 2026-08-05T06:35:00.311200
05-08-2026 12:21 - WARNING - diff_pkt_count  , diff_gps_count ,  diff_pkt_timstamp
05-08-2026 12:21 - WARNING - 1882541 29 29207905 microseconds
05-08-2026 12:21 - WARNING - No packet loss: /data/dsp/GBD_TRANSIENT_BUFFER/J0837+0610/05_08_2026/PDR_GULP_data001.pcap_05_08_2026_12_05_1785911732.PCAP_PDR
05-08-2026 12:21 - WARNING - first_pkt_count, first_gps_count, first_pkt_Tstamp
05-08-2026 12:21 - WARNING - 2373113645 54436 2026-08-05T06:35:00.311200
05-08-2026 12:21 - WARNING - last_pkt_count, last_gps_count, last_pkt_Tstamp
05-08-2026 12:21 - WARNING - 2374996187 54465 2026-08-05T06:35:29.519121
05-08-2026 12:21 - WARNING - diff_pkt_count  , diff_gps_count ,  diff_pkt_timstamp
05-08-2026 12:21 - WARNING - 1882542 29 29207921 microseconds
05-08-2026 12:21 - WARNING - No packet loss: /data/dsp/GBD_TRANSIENT_BUFFER/J0837+0610/05_08_2026/PDR_GULP_data002.pcap_05_08_2026_12_06_1785911761.PCAP_PDR
05-08-2026 12:21 - WARNING - first_pkt_count, first_gps_count, first_pkt_Tstamp
05-08-2026 12:21 - WARNING - 2374996188 54465 2026-08-05T06:35:29.519122
05-08-2026 12:21 - WARNING - last_pkt_count, last_gps_count, last_pkt_Tstamp
05-08-2026 12:21 - WARNING - 2376878729 54494 2026-08-05T06:35:58.727341
05-08-2026 12:21 - WARNING - diff_pkt_count  , diff_gps_count ,  diff_pkt_timstamp
05-08-2026 12:21 - WARNING - 1882541 29 29208219 microseconds
05-08-2026 12:21 - WARNING - No packet loss: /data/dsp/GBD_TRANSIENT_BUFFER/J0837+0610/05_08_2026/PDR_GULP_data000.pcap_05_08_2026_12_06_1785911790.PCAP_PDR
05-08-2026 12:21 - WARNING - first_pkt_count, first_gps_count, first_pkt_Tstamp
05-08-2026 12:21 - WARNING - 2376878730 54494 2026-08-05T06:35:58.727341
05-08-2026 12:21 - WARNING - last_pkt_count, last_gps_count, last_pkt_Tstamp
05-08-2026 12:21 - WARNING - 2378761271 54523 2026-08-05T06:36:27.936089
05-08-2026 12:21 - WARNING - diff_pkt_count  , diff_gps_count ,  diff_pkt_timstamp
05-08-2026 12:21 - WARNING - 1882541 29 29208748 microseconds
05-08-2026 12:21 - WARNING - No packet loss: /data/dsp/GBD_TRANSIENT_BUFFER/J0837+0610/05_08_2026/PDR_GULP_data001.pcap_05_08_2026_12_07_1785911820.PCAP_PDR
05-08-2026 12:21 - WARNING - first_pkt_count, first_gps_count, first_pkt_Tstamp
05-08-2026 12:21 - WARNING - 2378761272 54523 2026-08-05T06:36:27.936089
05-08-2026 12:21 - WARNING - last_pkt_count, last_gps_count, last_pkt_Tstamp
05-08-2026 12:21 - WARNING - 2380643813 54553 2026-08-05T06:36:57.144709
05-08-2026 12:21 - WARNING - diff_pkt_count  , diff_gps_count ,  diff_pkt_timstamp
05-08-2026 12:21 - WARNING - 1882541 30 29208620 microseconds
05-08-2026 12:21 - WARNING - No packet loss: /data/dsp/GBD_TRANSIENT_BUFFER/J0837+0610/05_08_2026/PDR_GULP_data002.pcap_05_08_2026_12_07_1785911849.PCAP_PDR
05-08-2026 12:21 - WARNING - first_pkt_count, first_gps_count, first_pkt_Tstamp
05-08-2026 12:21 - WARNING - 2380643814 54553 2026-08-05T06:36:57.144709
05-08-2026 12:21 - WARNING - last_pkt_count, last_gps_count, last_pkt_Tstamp
05-08-2026 12:21 - WARNING - 2382526355 54582 2026-08-05T06:37:26.353327
05-08-2026 12:21 - WARNING - diff_pkt_count  , diff_gps_count ,  diff_pkt_timstamp
05-08-2026 12:21 - WARNING - 1882541 29 29208618 microseconds
05-08-2026 12:21 - WARNING - No packet loss: /data/dsp/GBD_TRANSIENT_BUFFER/J0837+0610/05_08_2026/PDR_GULP_data000.pcap_05_08_2026_12_07_1785911878.PCAP_PDR
05-08-2026 12:21 - WARNING - first_pkt_count, first_gps_count, first_pkt_Tstamp
05-08-2026 12:21 - WARNING - 2382526356 54582 2026-08-05T06:37:26.353407
05-08-2026 12:21 - WARNING - last_pkt_count, last_gps_count, last_pkt_Tstamp
05-08-2026 12:21 - WARNING - 2384408898 54611 2026-08-05T06:37:55.561954
05-08-2026 12:21 - WARNING - diff_pkt_count  , diff_gps_count ,  diff_pkt_timstamp
05-08-2026 12:21 - WARNING - 1882542 29 29208547 microseconds
05-08-2026 12:21 - WARNING - No packet loss: /data/dsp/GBD_TRANSIENT_BUFFER/J0837+0610/05_08_2026/PDR_GULP_data001.pcap_05_08_2026_12_08_1785911907.PCAP_PDR
05-08-2026 12:21 - WARNING - first_pkt_count, first_gps_count, first_pkt_Tstamp
05-08-2026 12:21 - WARNING - 2384408899 54611 2026-08-05T06:37:55.561954
05-08-2026 12:21 - WARNING - last_pkt_count, last_gps_count, last_pkt_Tstamp
05-08-2026 12:21 - WARNING - 2386291440 54640 2026-08-05T06:38:24.770502
05-08-2026 12:21 - WARNING - diff_pkt_count  , diff_gps_count ,  diff_pkt_timstamp
05-08-2026 12:21 - WARNING - 1882541 29 29208548 microseconds
05-08-2026 12:21 - WARNING - No packet loss: /data/dsp/GBD_TRANSIENT_BUFFER/J0837+0610/05_08_2026/PDR_GULP_data002.pcap_05_08_2026_12_08_1785911936.PCAP_PDR
05-08-2026 12:21 - WARNING - first_pkt_count, first_gps_count, first_pkt_Tstamp
05-08-2026 12:21 - WARNING - 2386291441 54640 2026-08-05T06:38:24.770502
05-08-2026 12:21 - WARNING - last_pkt_count, last_gps_count, last_pkt_Tstamp
05-08-2026 12:21 - WARNING - 2388173982 54669 2026-08-05T06:38:53.978977
05-08-2026 12:21 - WARNING - diff_pkt_count  , diff_gps_count ,  diff_pkt_timstamp
05-08-2026 12:21 - WARNING - 1882541 29 29208475 microseconds
05-08-2026 12:21 - WARNING - No packet loss: /data/dsp/GBD_TRANSIENT_BUFFER/J0837+0610/05_08_2026/PDR_GULP_data000.pcap_05_08_2026_12_09_1785911966.PCAP_PDR
05-08-2026 12:21 - WARNING - first_pkt_count, first_gps_count, first_pkt_Tstamp
05-08-2026 12:21 - WARNING - 2388173983 54669 2026-08-05T06:38:53.978977
05-08-2026 12:21 - WARNING - last_pkt_count, last_gps_count, last_pkt_Tstamp
05-08-2026 12:21 - WARNING - 2390056524 54699 2026-08-05T06:39:23.187473
05-08-2026 12:21 - WARNING - diff_pkt_count  , diff_gps_count ,  diff_pkt_timstamp
05-08-2026 12:21 - WARNING - 1882541 30 29208496 microseconds
05-08-2026 12:21 - WARNING - No packet loss: /data/dsp/GBD_TRANSIENT_BUFFER/J0837+0610/05_08_2026/PDR_GULP_data001.pcap_05_08_2026_12_09_1785911995.PCAP_PDR
05-08-2026 12:21 - WARNING - first_pkt_count, first_gps_count, first_pkt_Tstamp
05-08-2026 12:21 - WARNING - 2390056525 54699 2026-08-05T06:39:23.187524
05-08-2026 12:21 - WARNING - last_pkt_count, last_gps_count, last_pkt_Tstamp
05-08-2026 12:21 - WARNING - 2391939066 54728 2026-08-05T06:39:52.395951
05-08-2026 12:21 - WARNING - diff_pkt_count  , diff_gps_count ,  diff_pkt_timstamp
05-08-2026 12:21 - WARNING - 1882541 29 29208427 microseconds
05-08-2026 12:21 - WARNING - No packet loss: /data/dsp/GBD_TRANSIENT_BUFFER/J0837+0610/05_08_2026/PDR_GULP_data002.pcap_05_08_2026_12_10_1785912024.PCAP_PDR
05-08-2026 12:21 - WARNING - first_pkt_count, first_gps_count, first_pkt_Tstamp
05-08-2026 12:21 - WARNING - 2391939067 54728 2026-08-05T06:39:52.395951
05-08-2026 12:21 - WARNING - last_pkt_count, last_gps_count, last_pkt_Tstamp
05-08-2026 12:21 - WARNING - 2393821608 54757 2026-08-05T06:40:21.604377
05-08-2026 12:21 - WARNING - diff_pkt_count  , diff_gps_count ,  diff_pkt_timstamp
05-08-2026 12:21 - WARNING - 1882541 29 29208426 microseconds
05-08-2026 12:21 - WARNING - No packet loss: /data/dsp/GBD_TRANSIENT_BUFFER/J0837+0610/05_08_2026/PDR_GULP_data000.pcap_05_08_2026_12_10_1785912053.PCAP_PDR
05-08-2026 12:21 - WARNING - first_pkt_count, first_gps_count, first_pkt_Tstamp
05-08-2026 12:21 - WARNING - 2393821609 54757 2026-08-05T06:40:21.604469
05-08-2026 12:21 - WARNING - last_pkt_count, last_gps_count, last_pkt_Tstamp
05-08-2026 12:21 - WARNING - 2395704151 54786 2026-08-05T06:40:50.812806
05-08-2026 12:21 - WARNING - diff_pkt_count  , diff_gps_count ,  diff_pkt_timstamp
05-08-2026 12:21 - WARNING - 1882542 29 29208337 microseconds
05-08-2026 12:21 - WARNING - No packet loss: /data/dsp/GBD_TRANSIENT_BUFFER/J0837+0610/05_08_2026/PDR_GULP_data001.pcap_05_08_2026_12_11_1785912083.PCAP_PDR
05-08-2026 12:21 - WARNING - first_pkt_count, first_gps_count, first_pkt_Tstamp
05-08-2026 12:21 - WARNING - 2395704152 54786 2026-08-05T06:40:50.812896
05-08-2026 12:21 - WARNING - last_pkt_count, last_gps_count, last_pkt_Tstamp
05-08-2026 12:21 - WARNING - 2397586693 54816 2026-08-05T06:41:20.021186
05-08-2026 12:21 - WARNING - diff_pkt_count  , diff_gps_count ,  diff_pkt_timstamp
05-08-2026 12:21 - WARNING - 1882541 30 29208290 microseconds
05-08-2026 12:21 - WARNING - No packet loss: /data/dsp/GBD_TRANSIENT_BUFFER/J0837+0610/05_08_2026/PDR_GULP_data002.pcap_05_08_2026_12_11_1785912112.PCAP_PDR
05-08-2026 12:21 - WARNING - first_pkt_count, first_gps_count, first_pkt_Tstamp
05-08-2026 12:21 - WARNING - 2397586694 54816 2026-08-05T06:41:20.021239
05-08-2026 12:21 - WARNING - last_pkt_count, last_gps_count, last_pkt_Tstamp
05-08-2026 12:21 - WARNING - 2399469235 54845 2026-08-05T06:41:49.229582
05-08-2026 12:21 - WARNING - diff_pkt_count  , diff_gps_count ,  diff_pkt_timstamp
05-08-2026 12:21 - WARNING - 1882541 29 29208343 microseconds
05-08-2026 12:21 - WARNING - No packet loss: /data/dsp/GBD_TRANSIENT_BUFFER/J0837+0610/05_08_2026/PDR_GULP_data000.pcap_05_08_2026_12_12_1785912141.PCAP_PDR
05-08-2026 12:21 - WARNING - first_pkt_count, first_gps_count, first_pkt_Tstamp
05-08-2026 12:21 - WARNING - 2399469236 54845 2026-08-05T06:41:49.229582
05-08-2026 12:21 - WARNING - last_pkt_count, last_gps_count, last_pkt_Tstamp
05-08-2026 12:21 - WARNING - 2401351777 54874 2026-08-05T06:42:18.437987
05-08-2026 12:21 - WARNING - diff_pkt_count  , diff_gps_count ,  diff_pkt_timstamp
05-08-2026 12:21 - WARNING - 1882541 29 29208405 microseconds
05-08-2026 12:21 - WARNING - No packet loss: /data/dsp/GBD_TRANSIENT_BUFFER/J0837+0610/05_08_2026/PDR_GULP_data001.pcap_05_08_2026_12_12_1785912170.PCAP_PDR
05-08-2026 12:21 - WARNING - first_pkt_count, first_gps_count, first_pkt_Tstamp
05-08-2026 12:21 - WARNING - 2401351778 54874 2026-08-05T06:42:18.437987
05-08-2026 12:21 - WARNING - last_pkt_count, last_gps_count, last_pkt_Tstamp
05-08-2026 12:21 - WARNING - 2403234319 54903 2026-08-05T06:42:47.646237
05-08-2026 12:21 - WARNING - diff_pkt_count  , diff_gps_count ,  diff_pkt_timstamp
05-08-2026 12:21 - WARNING - 1882541 29 29208250 microseconds
05-08-2026 12:21 - WARNING - No packet loss: /data/dsp/GBD_TRANSIENT_BUFFER/J0837+0610/05_08_2026/PDR_GULP_data002.pcap_05_08_2026_12_13_1785912199.PCAP_PDR
05-08-2026 12:21 - WARNING - first_pkt_count, first_gps_count, first_pkt_Tstamp
05-08-2026 12:21 - WARNING - 2403234320 54903 2026-08-05T06:42:47.646238
05-08-2026 12:21 - WARNING - last_pkt_count, last_gps_count, last_pkt_Tstamp
05-08-2026 12:21 - WARNING - 2405116861 54932 2026-08-05T06:43:16.854579
05-08-2026 12:21 - WARNING - diff_pkt_count  , diff_gps_count ,  diff_pkt_timstamp
05-08-2026 12:21 - WARNING - 1882541 29 29208341 microseconds
05-08-2026 12:21 - WARNING - No packet loss: /data/dsp/GBD_TRANSIENT_BUFFER/J0837+0610/05_08_2026/PDR_GULP_data000.pcap_05_08_2026_12_13_1785912229.PCAP_PDR
05-08-2026 12:21 - WARNING - first_pkt_count, first_gps_count, first_pkt_Tstamp
05-08-2026 12:21 - WARNING - 2405116862 54932 2026-08-05T06:43:16.854579
05-08-2026 12:21 - WARNING - last_pkt_count, last_gps_count, last_pkt_Tstamp
05-08-2026 12:21 - WARNING - 2406999404 54962 2026-08-05T06:43:46.062947
05-08-2026 12:21 - WARNING - diff_pkt_count  , diff_gps_count ,  diff_pkt_timstamp
05-08-2026 12:21 - WARNING - 1882542 30 29208368 microseconds
05-08-2026 12:21 - WARNING - No packet loss: /data/dsp/GBD_TRANSIENT_BUFFER/J0837+0610/05_08_2026/PDR_GULP_data001.pcap_05_08_2026_12_14_1785912258.PCAP_PDR
05-08-2026 12:21 - WARNING - first_pkt_count, first_gps_count, first_pkt_Tstamp
05-08-2026 12:21 - WARNING - 2406999405 54962 2026-08-05T06:43:46.062947
05-08-2026 12:21 - WARNING - last_pkt_count, last_gps_count, last_pkt_Tstamp
05-08-2026 12:21 - WARNING - 2408881946 54991 2026-08-05T06:44:15.271116
05-08-2026 12:21 - WARNING - diff_pkt_count  , diff_gps_count ,  diff_pkt_timstamp
05-08-2026 12:21 - WARNING - 1882541 29 29208169 microseconds
05-08-2026 12:21 - WARNING - No packet loss: /data/dsp/GBD_TRANSIENT_BUFFER/J0837+0610/05_08_2026/PDR_GULP_data002.pcap_05_08_2026_12_14_1785912287.PCAP_PDR
05-08-2026 12:21 - WARNING - first_pkt_count, first_gps_count, first_pkt_Tstamp
05-08-2026 12:21 - WARNING - 2408881947 54991 2026-08-05T06:44:15.271169
05-08-2026 12:21 - WARNING - last_pkt_count, last_gps_count, last_pkt_Tstamp
05-08-2026 12:21 - WARNING - 2410764488 55020 2026-08-05T06:44:44.479423
05-08-2026 12:21 - WARNING - diff_pkt_count  , diff_gps_count ,  diff_pkt_timstamp
05-08-2026 12:21 - WARNING - 1882541 29 29208254 microseconds
05-08-2026 12:21 - WARNING - No packet loss: /data/dsp/GBD_TRANSIENT_BUFFER/J0837+0610/05_08_2026/PDR_GULP_data000.pcap_05_08_2026_12_15_1785912316.PCAP_PDR
05-08-2026 12:21 - WARNING - first_pkt_count, first_gps_count, first_pkt_Tstamp
05-08-2026 12:21 - WARNING - 2410764489 55020 2026-08-05T06:44:44.479423
05-08-2026 12:21 - WARNING - last_pkt_count, last_gps_count, last_pkt_Tstamp
05-08-2026 12:21 - WARNING - 2412647030 55049 2026-08-05T06:45:13.687664
05-08-2026 12:21 - WARNING - diff_pkt_count  , diff_gps_count ,  diff_pkt_timstamp
05-08-2026 12:21 - WARNING - 1882541 29 29208241 microseconds
05-08-2026 12:21 - WARNING - No packet loss: /data/dsp/GBD_TRANSIENT_BUFFER/J0837+0610/05_08_2026/PDR_GULP_data001.pcap_05_08_2026_12_15_1785912345.PCAP_PDR
05-08-2026 12:21 - WARNING - first_pkt_count, first_gps_count, first_pkt_Tstamp
05-08-2026 12:21 - WARNING - 2412647031 55049 2026-08-05T06:45:13.687665
05-08-2026 12:21 - WARNING - last_pkt_count, last_gps_count, last_pkt_Tstamp
05-08-2026 12:21 - WARNING - 2414529572 55078 2026-08-05T06:45:42.895913
05-08-2026 12:21 - WARNING - diff_pkt_count  , diff_gps_count ,  diff_pkt_timstamp
05-08-2026 12:21 - WARNING - 1882541 29 29208248 microseconds
05-08-2026 12:21 - WARNING - No packet loss: /data/dsp/GBD_TRANSIENT_BUFFER/J0837+0610/05_08_2026/PDR_GULP_data002.pcap_05_08_2026_12_16_1785912375.PCAP_PDR
05-08-2026 12:21 - WARNING - first_pkt_count, first_gps_count, first_pkt_Tstamp
05-08-2026 12:21 - WARNING - 2414529573 55078 2026-08-05T06:45:42.895913
05-08-2026 12:21 - WARNING - last_pkt_count, last_gps_count, last_pkt_Tstamp
05-08-2026 12:21 - WARNING - 2416412114 55108 2026-08-05T06:46:12.104062
05-08-2026 12:21 - WARNING - diff_pkt_count  , diff_gps_count ,  diff_pkt_timstamp
05-08-2026 12:21 - WARNING - 1882541 30 29208149 microseconds
05-08-2026 12:21 - WARNING - No packet loss: /data/dsp/GBD_TRANSIENT_BUFFER/J0837+0610/05_08_2026/PDR_GULP_data000.pcap_05_08_2026_12_16_1785912404.PCAP_PDR
05-08-2026 12:21 - WARNING - first_pkt_count, first_gps_count, first_pkt_Tstamp
05-08-2026 12:21 - WARNING - 2416412115 55108 2026-08-05T06:46:12.104115
05-08-2026 12:21 - WARNING - last_pkt_count, last_gps_count, last_pkt_Tstamp
05-08-2026 12:21 - WARNING - 2418294657 55137 2026-08-05T06:46:41.312308
05-08-2026 12:21 - WARNING - diff_pkt_count  , diff_gps_count ,  diff_pkt_timstamp
05-08-2026 12:21 - WARNING - 1882542 29 29208193 microseconds
05-08-2026 12:21 - WARNING - No packet loss: /data/dsp/GBD_TRANSIENT_BUFFER/J0837+0610/05_08_2026/PDR_GULP_data001.pcap_05_08_2026_12_17_1785912433.PCAP_PDR
05-08-2026 12:21 - WARNING - first_pkt_count, first_gps_count, first_pkt_Tstamp
05-08-2026 12:21 - WARNING - 2418294658 55137 2026-08-05T06:46:41.312419
05-08-2026 12:21 - WARNING - last_pkt_count, last_gps_count, last_pkt_Tstamp
05-08-2026 12:21 - WARNING - 2420177199 55166 2026-08-05T06:47:10.520528
05-08-2026 12:21 - WARNING - diff_pkt_count  , diff_gps_count ,  diff_pkt_timstamp
05-08-2026 12:21 - WARNING - 1882541 29 29208109 microseconds
05-08-2026 12:21 - WARNING - No packet loss: /data/dsp/GBD_TRANSIENT_BUFFER/J0837+0610/05_08_2026/PDR_GULP_data002.pcap_05_08_2026_12_17_1785912462.PCAP_PDR
05-08-2026 12:21 - WARNING - first_pkt_count, first_gps_count, first_pkt_Tstamp
05-08-2026 12:21 - WARNING - 2420177200 55166 2026-08-05T06:47:10.520528
05-08-2026 12:21 - WARNING - last_pkt_count, last_gps_count, last_pkt_Tstamp
05-08-2026 12:21 - WARNING - 2422059741 55195 2026-08-05T06:47:39.728679
05-08-2026 12:21 - WARNING - diff_pkt_count  , diff_gps_count ,  diff_pkt_timstamp
05-08-2026 12:21 - WARNING - 1882541 29 29208151 microseconds
05-08-2026 12:21 - WARNING - No packet loss: /data/dsp/GBD_TRANSIENT_BUFFER/J0837+0610/05_08_2026/PDR_GULP_data000.pcap_05_08_2026_12_18_1785912491.PCAP_PDR
05-08-2026 12:21 - WARNING - first_pkt_count, first_gps_count, first_pkt_Tstamp
05-08-2026 12:21 - WARNING - 2422059742 55195 2026-08-05T06:47:39.728731
05-08-2026 12:21 - WARNING - last_pkt_count, last_gps_count, last_pkt_Tstamp
05-08-2026 12:21 - WARNING - 2423942283 55224 2026-08-05T06:48:08.936887
05-08-2026 12:21 - WARNING - diff_pkt_count  , diff_gps_count ,  diff_pkt_timstamp
05-08-2026 12:21 - WARNING - 1882541 29 29208156 microseconds
05-08-2026 12:21 - WARNING - No packet loss: /data/dsp/GBD_TRANSIENT_BUFFER/J0837+0610/05_08_2026/PDR_GULP_data001.pcap_05_08_2026_12_18_1785912521.PCAP_PDR
05-08-2026 12:21 - WARNING - first_pkt_count, first_gps_count, first_pkt_Tstamp
05-08-2026 12:21 - WARNING - 2423942284 55224 2026-08-05T06:48:08.936887
05-08-2026 12:21 - WARNING - last_pkt_count, last_gps_count, last_pkt_Tstamp
05-08-2026 12:21 - WARNING - 2425824825 55254 2026-08-05T06:48:38.145034
05-08-2026 12:21 - WARNING - diff_pkt_count  , diff_gps_count ,  diff_pkt_timstamp
05-08-2026 12:21 - WARNING - 1882541 30 29208147 microseconds
05-08-2026 12:21 - WARNING - No packet loss: /data/dsp/GBD_TRANSIENT_BUFFER/J0837+0610/05_08_2026/PDR_GULP_data002.pcap_05_08_2026_12_19_1785912550.PCAP_PDR
05-08-2026 12:21 - WARNING - first_pkt_count, first_gps_count, first_pkt_Tstamp
05-08-2026 12:21 - WARNING - 2425824826 55254 2026-08-05T06:48:38.145034
05-08-2026 12:21 - WARNING - last_pkt_count, last_gps_count, last_pkt_Tstamp
05-08-2026 12:21 - WARNING - 2427707367 55283 2026-08-05T06:49:07.353177
05-08-2026 12:21 - WARNING - diff_pkt_count  , diff_gps_count ,  diff_pkt_timstamp
05-08-2026 12:21 - WARNING - 1882541 29 29208143 microseconds
05-08-2026 12:21 - WARNING - No packet loss: /data/dsp/GBD_TRANSIENT_BUFFER/J0837+0610/05_08_2026/PDR_GULP_data000.pcap_05_08_2026_12_19_1785912579.PCAP_PDR
05-08-2026 12:21 - WARNING - first_pkt_count, first_gps_count, first_pkt_Tstamp
05-08-2026 12:21 - WARNING - 2427707368 55283 2026-08-05T06:49:07.353177
05-08-2026 12:21 - WARNING - last_pkt_count, last_gps_count, last_pkt_Tstamp
05-08-2026 12:21 - WARNING - 2429589910 55312 2026-08-05T06:49:36.561327
05-08-2026 12:21 - WARNING - diff_pkt_count  , diff_gps_count ,  diff_pkt_timstamp
05-08-2026 12:21 - WARNING - 1882542 29 29208150 microseconds
05-08-2026 12:21 - WARNING - No packet loss: /data/dsp/GBD_TRANSIENT_BUFFER/J0837+0610/05_08_2026/PDR_GULP_data001.pcap_05_08_2026_12_20_1785912608.PCAP_PDR
05-08-2026 12:21 - WARNING - first_pkt_count, first_gps_count, first_pkt_Tstamp
05-08-2026 12:21 - WARNING - 2429589911 55312 2026-08-05T06:49:36.561380
05-08-2026 12:21 - WARNING - last_pkt_count, last_gps_count, last_pkt_Tstamp
05-08-2026 12:21 - WARNING - 2431472452 55341 2026-08-05T06:50:05.769490
05-08-2026 12:21 - WARNING - diff_pkt_count  , diff_gps_count ,  diff_pkt_timstamp
05-08-2026 12:21 - WARNING - 1882541 29 29208110 microseconds
05-08-2026 12:21 - WARNING - No packet loss: /data/dsp/GBD_TRANSIENT_BUFFER/J0837+0610/05_08_2026/PDR_GULP_data002.pcap_05_08_2026_12_20_1785912637.PCAP_PDR
05-08-2026 12:21 - WARNING - first_pkt_count, first_gps_count, first_pkt_Tstamp
05-08-2026 12:21 - WARNING - 2431472453 55341 2026-08-05T06:50:05.769490
05-08-2026 12:21 - WARNING - last_pkt_count, last_gps_count, last_pkt_Tstamp
05-08-2026 12:21 - WARNING - 2433354994 55370 2026-08-05T06:50:34.977637
05-08-2026 12:21 - WARNING - diff_pkt_count  , diff_gps_count ,  diff_pkt_timstamp
05-08-2026 12:21 - WARNING - 1882541 29 29208147 microseconds
05-08-2026 12:21 - WARNING - No packet loss: /data/dsp/GBD_TRANSIENT_BUFFER/J0837+0610/05_08_2026/PDR_GULP_data000.pcap_05_08_2026_12_21_1785912667.PCAP_PDR
05-08-2026 12:21 - WARNING - first_pkt_count, first_gps_count, first_pkt_Tstamp
05-08-2026 12:21 - WARNING - 2433354995 55370 2026-08-05T06:50:34.977637
05-08-2026 12:21 - WARNING - last_pkt_count, last_gps_count, last_pkt_Tstamp
05-08-2026 12:21 - WARNING - 2435237536 55400 2026-08-05T06:51:04.185728
05-08-2026 12:21 - WARNING - diff_pkt_count  , diff_gps_count ,  diff_pkt_timstamp
05-08-2026 12:21 - WARNING - 1882541 30 29208091 microseconds
05-08-2026 12:21 SLIP check Finished...
05-08-2026 12:21 Pulsar data reduction pipeline started ...
05-08-2026 12:21 - WARNING - Data Directory: /data/dsp/GBD_TRANSIENT_BUFFER/J0837+0610/05_08_2026
05-08-2026 12:21 - WARNING - Pulsar: J0837+0610
05-08-2026 12:21 - WARNING - CH selelction: 0
05-08-2026 12:21 - WARNING - Phase file: /home/dsp/PDR_acquire_setup/dada_scripts/phase/rf_path_phase.dat
05-08-2026 12:21 - WARNING - Obs. logfile: /home/dsp/PDR_acquire_setup/master_obs_log/J0837+0610_05_08_2026_observation.log
05-08-2026 12:21 - WARNING - Observation start time: 2026_08_05_11_42_36
05-08-2026 12:21 - WARNING - parfile: /home/dsp/parfiles/J0837+0610.par
05-08-2026 12:21 - WARNING - DM: 13.0209436694702
05-08-2026 12:21 - WARNING - Period: 1.2737745847060131
05-08-2026 12:21 - WARNING - RA_DEC: 08:37:05.6485930+06:10:16.06361
05-08-2026 12:21 - WARNING - out_dada_file: J0837+0610_2026_08_05_11_42_36_type_0.dada
05-08-2026 12:21 - WARNING - Number of files to process: 80
05-08-2026 12:21 - WARNING - Files per batch:  17
05-08-2026 12:40 - WARNING - Time taken for PDR2DADA convertion: 0:18:34.476749
05-08-2026 12:40 - WARNING - Center_freq: 175
05-08-2026 12:40 - WARNING - int_time: 3.0
05-08-2026 12:40 - WARNING - nbins: 256
05-08-2026 12:40 - WARNING - fil_chan: 256
05-08-2026 12:40 - WARNING - cpu: 2,3,4,5,6,7,8,9,10,11,12,13,14,15,16
05-08-2026 12:40 - WARNING - thread: 32
05-08-2026 12:40 - WARNING - nbit: 8
05-08-2026 12:40 - WARNING - time_avg: 0.000256
05-08-2026 12:40 - WARNING - MJD_START: 61257.258758651566
05-08-2026 12:40 - WARNING - output: J0837+0610_61257.26_175MHz_type_0_GBD_DART
05-08-2026 12:40 - WARNING - singularity_container: singularity exec /home/dsp/singularity_imag/pschive_py3.sif  
05-08-2026 12:40 - WARNING - ------ DIGIFITS ------
05-08-2026 12:40 - WARNING - ---- Search Mode FITS -------
05-08-2026 12:40 - WARNING - digifits_ful_stokes_cmd: singularity exec /home/dsp/singularity_imag/pschive_py3.sif  digifits  -F 256 -x 256 -b 8 -p 4 -t 0.000256 J0837+0610_2026_08_05_11_42_36_type_0.dada -o J0837+0610_2026_08_05_11_42_36_type_0.dada_stokes.fits
05-08-2026 13:08 - WARNING - ------ Total intensity FITS -------
05-08-2026 13:08 - WARNING - digifits_total_intensity_cmd: singularity exec /home/dsp/singularity_imag/pschive_py3.sif  digifits  -F 256 -x 256 -b 8 -p 1 -t 0.000256 J0837+0610_2026_08_05_11_42_36_type_0.dada -o J0837+0610_2026_08_05_11_42_36_type_0.dada_intensity.fits
05-08-2026 13:33 - WARNING - Nchan: 256
05-08-2026 13:33 - WARNING - Nbin: 256
05-08-2026 13:33 - WARNING - Tavg: 0.000256
05-08-2026 13:33 - WARNING - Time taken for DIGIFITS run: 0:53:00.990211
05-08-2026 13:33 - WARNING - ------ DSPSR ------
05-08-2026 13:33 - WARNING - ------- Coherent Dedispersion Folded archive -------
05-08-2026 13:33 - WARNING - dspsr_cmd: singularity exec /home/dsp/singularity_imag/pschive_py3.sif  dspsr J0837+0610_2026_08_05_11_42_36_type_0.dada -cpu 2,3,4,5,6,7,8,9,10,11,12,13,14,15,16 -t 32 -E /home/dsp/parfiles/J0837+0610.par -L 3.0 -b 256 -F 256:D -N J0837+0610 -a PSRFITS -A -e .fits -O J0837+0610_61257.26_175MHz_type_0_GBD_DART
05-08-2026 13:45 - WARNING - ------- Incoherent Dedispersion Folded archive -------
05-08-2026 13:45 - WARNING - Incoherent_DD_dspsr_cmd: singularity exec /home/dsp/singularity_imag/pschive_py3.sif  dspsr J0837+0610_2026_08_05_11_42_36_type_0.dada_stokes.fits -cpu 2,3,4,5,6,7,8,9,10,11,12,13,14,15,16 -t 32 -E /home/dsp/parfiles/J0837+0610.par -L 3.0 -b 256 -N J0837+0610 -A -e .fits -O J0837+0610_61257.26_175MHz_type_0_GBD_DART_stokes_Incoherent_DD
05-08-2026 13:47 - WARNING - Time taken for DSPSR run: 0:13:44.998421
05-08-2026 13:47 - WARNING - ------ PSREDIT ------
05-08-2026 13:47 - WARNING - psredit_cmd: singularity exec /home/dsp/singularity_imag/pschive_py3.sif  psredit -c name=J0837+0610,be:name=GSB,coord=08:37:05.6485930+06:10:16.06361 -m *_GBD_DART*fits
05-08-2026 13:48 - WARNING - Time taken for PSREDIT run: 0:01:30.590058
05-08-2026 13:48 - WARNING - ------ Iterative RFI Cleaner ------
05-08-2026 13:48 - WARNING - Iterative_cleaner_cmd: singularity exec /home/dsp/singularity_imag/pschive_py3.sif   python3 /home/dsp/PDR_acquire_setup/iterative_cleaner.py -s 3 -c 3 -m 10 *_GBD_DART*fits
05-08-2026 13:58 - WARNING - Time taken for Iterative_cleaner run: 0:10:03.180246
05-08-2026 13:58 - WARNING - ------ PDMP ------
05-08-2026 13:58 - WARNING - pdmp_cmd1: singularity exec /home/dsp/singularity_imag/pschive_py3.sif  pdmp -dr 2 -ds 0.05 -g J0837+0610_61257.26_175MHz_type_0_GBD_DART.fits_cleaned.ar.ps/cps J0837+0610_61257.26_175MHz_type_0_GBD_DART.fits_cleaned.ar
05-08-2026 14:05 - WARNING - pdmp_cmd2: singularity exec /home/dsp/singularity_imag/pschive_py3.sif  pdmp -dr 2 -ds 0.05 -g J0837+0610_61257.26_175MHz_type_0_GBD_DART_stokes_Incoherent_DD.fits_cleaned.ar.ps/cps J0837+0610_61257.26_175MHz_type_0_GBD_DART_stokes_Incoherent_DD.fits_cleaned.ar
05-08-2026 14:12 - WARNING - Time taken for PDMP run: 0:13:41.229959
05-08-2026 14:12 - WARNING - ------ PS2PDF ------
05-08-2026 14:12 - WARNING - ps2pdf_cmd1: singularity exec /home/dsp/singularity_imag/pschive_py3.sif  ps2pdf J0837+0610_61257.26_175MHz_type_0_GBD_DART.fits_cleaned.ar.ps J0837+0610_61257.26_175MHz_type_0_GBD_DART.fits_cleaned.ar.ps.pdf
05-08-2026 14:12 - WARNING - ps2pdf_cmd2: singularity exec /home/dsp/singularity_imag/pschive_py3.sif  ps2pdf J0837+0610_61257.26_175MHz_type_0_GBD_DART_stokes_Incoherent_DD.fits_cleaned.ar.ps J0837+0610_61257.26_175MHz_type_0_GBD_DART_stokes_Incoherent_DD.fits_cleaned.ar.ps.pdf
05-08-2026 14:12 - WARNING - Time taken for PDMP run: 0:00:01.411032
05-08-2026 14:12 - WARNING - Overall time taken for data reduction: 1:50:38.539624
05-08-2026 14:12 - WARNING - J0837+0610_2026_08_05_11_42_36_type_0.dada... file removed
05-08-2026 14:12 - WARNING - All done!
05-08-2026 14:12 --- PRESTO ---
05-08-2026 14:12 singularity_container: singularity exec /home/dsp/singularity_imag/pschive_py3.sif  
05-08-2026 14:12 Filterbank to Process for PULSAR: J0837+0610 with DM:59400 : J0837+0610_2026_08_05_11_42_36_type_0.dada_intensity.fits
05-08-2026 14:12 --- RFIFIND ---
05-08-2026 14:12 RFIFIND: singularity exec /home/dsp/singularity_imag/pschive_py3.sif   rfifind -time 2.0 -o J0837+0610 J0837+0610_2026_08_05_11_42_36_type_0.dada_intensity.fits
05-08-2026 14:13 --- PREPDATA ---
05-08-2026 14:13 PREPDATA: singularity exec /home/dsp/singularity_imag/pschive_py3.sif   prepdata -nobary -o J0837+0610_2026_08_05_11_42_36_type_0.dada_intensity.fits -dm 59400 -mask J0837+0610_rfifind.mask J0837+0610_2026_08_05_11_42_36_type_0.dada_intensity.fits
05-08-2026 14:13 --- REALFFT ---
05-08-2026 14:13 REALFFT: singularity exec /home/dsp/singularity_imag/pschive_py3.sif   realfft  J0837+0610_2026_08_05_11_42_36_type_0.dada_intensity.fits.dat
05-08-2026 14:13 --- ACCELSEARCH ---
05-08-2026 14:13 ACCELSEARCH: singularity exec /home/dsp/singularity_imag/pschive_py3.sif   accelsearch -numharm 8 -zmax 8  J0837+0610_2026_08_05_11_42_36_type_0.dada_intensity.fits.fft
05-08-2026 14:13 Observation Over.
