21-07-2026 13:51 Waiting for J0953+0755 observation...
21-07-2026 13:56 Observation started...
21-07-2026 13:56 Pulsar: J0953+0755 , parfile: /home/dsp/parfiles/J0953+0755.par , DM: 2.94368147353273
21-07-2026 13:56 Trigger sent to obs. PC [VELA].
21-07-2026 14:41 Acquired 100.
21-07-2026 14:41 ACQ over.
21-07-2026 14:41 Removing Trigger file from remote machine 
21-07-2026 14:41 Observation stoped.
-rw------- 1 dsp dsp 2.0G Jul 21 13:52 /data/TRANSIENT_BUFFER/PDR_GULP_data002.pcap_21_07_2026_13_52_1784622152.PCAP_PDR
-rw------- 1 dsp dsp 2.0G Jul 21 13:52 /data/TRANSIENT_BUFFER/PDR_GULP_data000.pcap_21_07_2026_13_53_1784622181.PCAP_PDR
-rw------- 1 dsp dsp 2.0G Jul 21 13:53 /data/TRANSIENT_BUFFER/PDR_GULP_data001.pcap_21_07_2026_13_53_1784622210.PCAP_PDR
-rw------- 1 dsp dsp 2.0G Jul 21 13:53 /data/TRANSIENT_BUFFER/PDR_GULP_data002.pcap_21_07_2026_13_54_1784622240.PCAP_PDR
-rw------- 1 dsp dsp 2.0G Jul 21 13:54 /data/TRANSIENT_BUFFER/PDR_GULP_data000.pcap_21_07_2026_13_54_1784622269.PCAP_PDR
-rw------- 1 dsp dsp 2.0G Jul 21 13:54 /data/TRANSIENT_BUFFER/PDR_GULP_data001.pcap_21_07_2026_13_54_1784622298.PCAP_PDR
-rw------- 1 dsp dsp 2.0G Jul 21 13:55 /data/TRANSIENT_BUFFER/PDR_GULP_data002.pcap_21_07_2026_13_55_1784622327.PCAP_PDR
-rw------- 1 dsp dsp 2.0G Jul 21 13:55 /data/TRANSIENT_BUFFER/PDR_GULP_data000.pcap_21_07_2026_13_55_1784622356.PCAP_PDR
-rw------- 1 dsp dsp 2.0G Jul 21 13:56 /data/TRANSIENT_BUFFER/PDR_GULP_data001.pcap_21_07_2026_13_56_1784622386.PCAP_PDR
-rw------- 1 dsp dsp 2.0G Jul 21 13:56 /data/TRANSIENT_BUFFER/PDR_GULP_data002.pcap_21_07_2026_13_56_1784622415.PCAP_PDR
-rw------- 1 dsp dsp 2.0G Jul 21 13:57 /data/TRANSIENT_BUFFER/PDR_GULP_data000.pcap_21_07_2026_13_57_1784622444.PCAP_PDR
-rw------- 1 dsp dsp 2.0G Jul 21 13:57 /data/TRANSIENT_BUFFER/PDR_GULP_data001.pcap_21_07_2026_13_57_1784622473.PCAP_PDR
-rw------- 1 dsp dsp 2.0G Jul 21 13:58 /data/TRANSIENT_BUFFER/PDR_GULP_data002.pcap_21_07_2026_13_58_1784622503.PCAP_PDR
-rw------- 1 dsp dsp 2.0G Jul 21 13:58 /data/TRANSIENT_BUFFER/PDR_GULP_data000.pcap_21_07_2026_13_58_1784622532.PCAP_PDR
-rw------- 1 dsp dsp 2.0G Jul 21 13:59 /data/TRANSIENT_BUFFER/PDR_GULP_data001.pcap_21_07_2026_13_59_1784622561.PCAP_PDR
-rw------- 1 dsp dsp 2.0G Jul 21 13:59 /data/TRANSIENT_BUFFER/PDR_GULP_data002.pcap_21_07_2026_13_59_1784622590.PCAP_PDR
-rw------- 1 dsp dsp 2.0G Jul 21 14:00 /data/TRANSIENT_BUFFER/PDR_GULP_data000.pcap_21_07_2026_14_00_1784622619.PCAP_PDR
-rw------- 1 dsp dsp 2.0G Jul 21 14:00 /data/TRANSIENT_BUFFER/PDR_GULP_data001.pcap_21_07_2026_14_00_1784622649.PCAP_PDR
-rw------- 1 dsp dsp 2.0G Jul 21 14:01 /data/TRANSIENT_BUFFER/PDR_GULP_data002.pcap_21_07_2026_14_01_1784622678.PCAP_PDR
-rw------- 1 dsp dsp 2.0G Jul 21 14:01 /data/TRANSIENT_BUFFER/PDR_GULP_data000.pcap_21_07_2026_14_01_1784622707.PCAP_PDR
-rw------- 1 dsp dsp 2.0G Jul 21 14:02 /data/TRANSIENT_BUFFER/PDR_GULP_data001.pcap_21_07_2026_14_02_1784622736.PCAP_PDR
-rw------- 1 dsp dsp 2.0G Jul 21 14:02 /data/TRANSIENT_BUFFER/PDR_GULP_data002.pcap_21_07_2026_14_02_1784622765.PCAP_PDR
-rw------- 1 dsp dsp 2.0G Jul 21 14:03 /data/TRANSIENT_BUFFER/PDR_GULP_data000.pcap_21_07_2026_14_03_1784622795.PCAP_PDR
-rw------- 1 dsp dsp 2.0G Jul 21 14:03 /data/TRANSIENT_BUFFER/PDR_GULP_data001.pcap_21_07_2026_14_03_1784622824.PCAP_PDR
-rw------- 1 dsp dsp 2.0G Jul 21 14:04 /data/TRANSIENT_BUFFER/PDR_GULP_data002.pcap_21_07_2026_14_04_1784622853.PCAP_PDR
-rw------- 1 dsp dsp 2.0G Jul 21 14:04 /data/TRANSIENT_BUFFER/PDR_GULP_data000.pcap_21_07_2026_14_04_1784622882.PCAP_PDR
-rw------- 1 dsp dsp 2.0G Jul 21 14:05 /data/TRANSIENT_BUFFER/PDR_GULP_data001.pcap_21_07_2026_14_05_1784622911.PCAP_PDR
-rw------- 1 dsp dsp 2.0G Jul 21 14:05 /data/TRANSIENT_BUFFER/PDR_GULP_data002.pcap_21_07_2026_14_05_1784622941.PCAP_PDR
-rw------- 1 dsp dsp 2.0G Jul 21 14:06 /data/TRANSIENT_BUFFER/PDR_GULP_data000.pcap_21_07_2026_14_06_1784622970.PCAP_PDR
-rw------- 1 dsp dsp 2.0G Jul 21 14:06 /data/TRANSIENT_BUFFER/PDR_GULP_data001.pcap_21_07_2026_14_06_1784622999.PCAP_PDR
-rw------- 1 dsp dsp 2.0G Jul 21 14:07 /data/TRANSIENT_BUFFER/PDR_GULP_data002.pcap_21_07_2026_14_07_1784623028.PCAP_PDR
-rw------- 1 dsp dsp 2.0G Jul 21 14:07 /data/TRANSIENT_BUFFER/PDR_GULP_data000.pcap_21_07_2026_14_07_1784623057.PCAP_PDR
-rw------- 1 dsp dsp 2.0G Jul 21 14:08 /data/TRANSIENT_BUFFER/PDR_GULP_data001.pcap_21_07_2026_14_08_1784623087.PCAP_PDR
-rw------- 1 dsp dsp 2.0G Jul 21 14:08 /data/TRANSIENT_BUFFER/PDR_GULP_data002.pcap_21_07_2026_14_08_1784623116.PCAP_PDR
-rw------- 1 dsp dsp 2.0G Jul 21 14:09 /data/TRANSIENT_BUFFER/PDR_GULP_data000.pcap_21_07_2026_14_09_1784623145.PCAP_PDR
-rw------- 1 dsp dsp 2.0G Jul 21 14:09 /data/TRANSIENT_BUFFER/PDR_GULP_data001.pcap_21_07_2026_14_09_1784623174.PCAP_PDR
-rw------- 1 dsp dsp 2.0G Jul 21 14:10 /data/TRANSIENT_BUFFER/PDR_GULP_data002.pcap_21_07_2026_14_10_1784623204.PCAP_PDR
-rw------- 1 dsp dsp 2.0G Jul 21 14:10 /data/TRANSIENT_BUFFER/PDR_GULP_data000.pcap_21_07_2026_14_10_1784623233.PCAP_PDR
-rw------- 1 dsp dsp 2.0G Jul 21 14:10 /data/TRANSIENT_BUFFER/PDR_GULP_data001.pcap_21_07_2026_14_11_1784623262.PCAP_PDR
-rw------- 1 dsp dsp 2.0G Jul 21 14:11 /data/TRANSIENT_BUFFER/PDR_GULP_data002.pcap_21_07_2026_14_11_1784623291.PCAP_PDR
-rw------- 1 dsp dsp 2.0G Jul 21 14:11 /data/TRANSIENT_BUFFER/PDR_GULP_data000.pcap_21_07_2026_14_12_1784623320.PCAP_PDR
-rw------- 1 dsp dsp 2.0G Jul 21 14:12 /data/TRANSIENT_BUFFER/PDR_GULP_data001.pcap_21_07_2026_14_12_1784623350.PCAP_PDR
-rw------- 1 dsp dsp 2.0G Jul 21 14:12 /data/TRANSIENT_BUFFER/PDR_GULP_data002.pcap_21_07_2026_14_12_1784623379.PCAP_PDR
-rw------- 1 dsp dsp 2.0G Jul 21 14:13 /data/TRANSIENT_BUFFER/PDR_GULP_data000.pcap_21_07_2026_14_13_1784623408.PCAP_PDR
-rw------- 1 dsp dsp 2.0G Jul 21 14:13 /data/TRANSIENT_BUFFER/PDR_GULP_data001.pcap_21_07_2026_14_13_1784623437.PCAP_PDR
-rw------- 1 dsp dsp 2.0G Jul 21 14:14 /data/TRANSIENT_BUFFER/PDR_GULP_data002.pcap_21_07_2026_14_14_1784623466.PCAP_PDR
-rw------- 1 dsp dsp 2.0G Jul 21 14:14 /data/TRANSIENT_BUFFER/PDR_GULP_data000.pcap_21_07_2026_14_14_1784623496.PCAP_PDR
-rw------- 1 dsp dsp 2.0G Jul 21 14:15 /data/TRANSIENT_BUFFER/PDR_GULP_data001.pcap_21_07_2026_14_15_1784623525.PCAP_PDR
-rw------- 1 dsp dsp 2.0G Jul 21 14:15 /data/TRANSIENT_BUFFER/PDR_GULP_data002.pcap_21_07_2026_14_15_1784623554.PCAP_PDR
-rw------- 1 dsp dsp 2.0G Jul 21 14:16 /data/TRANSIENT_BUFFER/PDR_GULP_data000.pcap_21_07_2026_14_16_1784623583.PCAP_PDR
-rw------- 1 dsp dsp 2.0G Jul 21 14:16 /data/TRANSIENT_BUFFER/PDR_GULP_data001.pcap_21_07_2026_14_16_1784623612.PCAP_PDR
-rw------- 1 dsp dsp 2.0G Jul 21 14:17 /data/TRANSIENT_BUFFER/PDR_GULP_data002.pcap_21_07_2026_14_17_1784623642.PCAP_PDR
-rw------- 1 dsp dsp 2.0G Jul 21 14:17 /data/TRANSIENT_BUFFER/PDR_GULP_data000.pcap_21_07_2026_14_17_1784623671.PCAP_PDR
-rw------- 1 dsp dsp 2.0G Jul 21 14:18 /data/TRANSIENT_BUFFER/PDR_GULP_data001.pcap_21_07_2026_14_18_1784623700.PCAP_PDR
-rw------- 1 dsp dsp 2.0G Jul 21 14:18 /data/TRANSIENT_BUFFER/PDR_GULP_data002.pcap_21_07_2026_14_18_1784623729.PCAP_PDR
-rw------- 1 dsp dsp 2.0G Jul 21 14:19 /data/TRANSIENT_BUFFER/PDR_GULP_data000.pcap_21_07_2026_14_19_1784623758.PCAP_PDR
-rw------- 1 dsp dsp 2.0G Jul 21 14:19 /data/TRANSIENT_BUFFER/PDR_GULP_data001.pcap_21_07_2026_14_19_1784623788.PCAP_PDR
-rw------- 1 dsp dsp 2.0G Jul 21 14:20 /data/TRANSIENT_BUFFER/PDR_GULP_data002.pcap_21_07_2026_14_20_1784623817.PCAP_PDR
-rw------- 1 dsp dsp 2.0G Jul 21 14:20 /data/TRANSIENT_BUFFER/PDR_GULP_data000.pcap_21_07_2026_14_20_1784623846.PCAP_PDR
-rw------- 1 dsp dsp 2.0G Jul 21 14:21 /data/TRANSIENT_BUFFER/PDR_GULP_data001.pcap_21_07_2026_14_21_1784623875.PCAP_PDR
-rw------- 1 dsp dsp 2.0G Jul 21 14:21 /data/TRANSIENT_BUFFER/PDR_GULP_data002.pcap_21_07_2026_14_21_1784623905.PCAP_PDR
-rw------- 1 dsp dsp 2.0G Jul 21 14:22 /data/TRANSIENT_BUFFER/PDR_GULP_data000.pcap_21_07_2026_14_22_1784623934.PCAP_PDR
-rw------- 1 dsp dsp 2.0G Jul 21 14:22 /data/TRANSIENT_BUFFER/PDR_GULP_data001.pcap_21_07_2026_14_22_1784623963.PCAP_PDR
-rw------- 1 dsp dsp 2.0G Jul 21 14:23 /data/TRANSIENT_BUFFER/PDR_GULP_data002.pcap_21_07_2026_14_23_1784623992.PCAP_PDR
-rw------- 1 dsp dsp 2.0G Jul 21 14:23 /data/TRANSIENT_BUFFER/PDR_GULP_data000.pcap_21_07_2026_14_23_1784624021.PCAP_PDR
-rw------- 1 dsp dsp 2.0G Jul 21 14:24 /data/TRANSIENT_BUFFER/PDR_GULP_data001.pcap_21_07_2026_14_24_1784624051.PCAP_PDR
-rw------- 1 dsp dsp 2.0G Jul 21 14:24 /data/TRANSIENT_BUFFER/PDR_GULP_data002.pcap_21_07_2026_14_24_1784624080.PCAP_PDR
-rw------- 1 dsp dsp 2.0G Jul 21 14:25 /data/TRANSIENT_BUFFER/PDR_GULP_data000.pcap_21_07_2026_14_25_1784624109.PCAP_PDR
-rw------- 1 dsp dsp 2.0G Jul 21 14:25 /data/TRANSIENT_BUFFER/PDR_GULP_data001.pcap_21_07_2026_14_25_1784624138.PCAP_PDR
-rw------- 1 dsp dsp 2.0G Jul 21 14:26 /data/TRANSIENT_BUFFER/PDR_GULP_data002.pcap_21_07_2026_14_26_1784624167.PCAP_PDR
-rw------- 1 dsp dsp 2.0G Jul 21 14:26 /data/TRANSIENT_BUFFER/PDR_GULP_data000.pcap_21_07_2026_14_26_1784624197.PCAP_PDR
-rw------- 1 dsp dsp 2.0G Jul 21 14:27 /data/TRANSIENT_BUFFER/PDR_GULP_data001.pcap_21_07_2026_14_27_1784624226.PCAP_PDR
-rw------- 1 dsp dsp 2.0G Jul 21 14:27 /data/TRANSIENT_BUFFER/PDR_GULP_data002.pcap_21_07_2026_14_27_1784624255.PCAP_PDR
-rw------- 1 dsp dsp 2.0G Jul 21 14:28 /data/TRANSIENT_BUFFER/PDR_GULP_data000.pcap_21_07_2026_14_28_1784624284.PCAP_PDR
-rw------- 1 dsp dsp 2.0G Jul 21 14:28 /data/TRANSIENT_BUFFER/PDR_GULP_data001.pcap_21_07_2026_14_28_1784624313.PCAP_PDR
-rw------- 1 dsp dsp 2.0G Jul 21 14:29 /data/TRANSIENT_BUFFER/PDR_GULP_data002.pcap_21_07_2026_14_29_1784624343.PCAP_PDR
-rw------- 1 dsp dsp 2.0G Jul 21 14:29 /data/TRANSIENT_BUFFER/PDR_GULP_data000.pcap_21_07_2026_14_29_1784624372.PCAP_PDR
-rw------- 1 dsp dsp 2.0G Jul 21 14:29 /data/TRANSIENT_BUFFER/PDR_GULP_data001.pcap_21_07_2026_14_30_1784624401.PCAP_PDR
-rw------- 1 dsp dsp 2.0G Jul 21 14:30 /data/TRANSIENT_BUFFER/PDR_GULP_data002.pcap_21_07_2026_14_30_1784624430.PCAP_PDR
-rw------- 1 dsp dsp 2.0G Jul 21 14:30 /data/TRANSIENT_BUFFER/PDR_GULP_data000.pcap_21_07_2026_14_30_1784624459.PCAP_PDR
-rw------- 1 dsp dsp 2.0G Jul 21 14:31 /data/TRANSIENT_BUFFER/PDR_GULP_data001.pcap_21_07_2026_14_31_1784624489.PCAP_PDR
-rw------- 1 dsp dsp 2.0G Jul 21 14:31 /data/TRANSIENT_BUFFER/PDR_GULP_data002.pcap_21_07_2026_14_31_1784624518.PCAP_PDR
-rw------- 1 dsp dsp 2.0G Jul 21 14:32 /data/TRANSIENT_BUFFER/PDR_GULP_data000.pcap_21_07_2026_14_32_1784624547.PCAP_PDR
-rw------- 1 dsp dsp 2.0G Jul 21 14:32 /data/TRANSIENT_BUFFER/PDR_GULP_data001.pcap_21_07_2026_14_32_1784624576.PCAP_PDR
-rw------- 1 dsp dsp 2.0G Jul 21 14:33 /data/TRANSIENT_BUFFER/PDR_GULP_data002.pcap_21_07_2026_14_33_1784624606.PCAP_PDR
-rw------- 1 dsp dsp 2.0G Jul 21 14:33 /data/TRANSIENT_BUFFER/PDR_GULP_data000.pcap_21_07_2026_14_33_1784624635.PCAP_PDR
-rw------- 1 dsp dsp 2.0G Jul 21 14:34 /data/TRANSIENT_BUFFER/PDR_GULP_data001.pcap_21_07_2026_14_34_1784624664.PCAP_PDR
-rw------- 1 dsp dsp 2.0G Jul 21 14:34 /data/TRANSIENT_BUFFER/PDR_GULP_data002.pcap_21_07_2026_14_34_1784624693.PCAP_PDR
-rw------- 1 dsp dsp 2.0G Jul 21 14:35 /data/TRANSIENT_BUFFER/PDR_GULP_data000.pcap_21_07_2026_14_35_1784624722.PCAP_PDR
-rw------- 1 dsp dsp 2.0G Jul 21 14:35 /data/TRANSIENT_BUFFER/PDR_GULP_data001.pcap_21_07_2026_14_35_1784624752.PCAP_PDR
-rw------- 1 dsp dsp 2.0G Jul 21 14:36 /data/TRANSIENT_BUFFER/PDR_GULP_data002.pcap_21_07_2026_14_36_1784624781.PCAP_PDR
-rw------- 1 dsp dsp 2.0G Jul 21 14:36 /data/TRANSIENT_BUFFER/PDR_GULP_data000.pcap_21_07_2026_14_36_1784624810.PCAP_PDR
-rw------- 1 dsp dsp 2.0G Jul 21 14:37 /data/TRANSIENT_BUFFER/PDR_GULP_data001.pcap_21_07_2026_14_37_1784624839.PCAP_PDR
-rw------- 1 dsp dsp 2.0G Jul 21 14:37 /data/TRANSIENT_BUFFER/PDR_GULP_data002.pcap_21_07_2026_14_37_1784624868.PCAP_PDR
-rw------- 1 dsp dsp 2.0G Jul 21 14:38 /data/TRANSIENT_BUFFER/PDR_GULP_data000.pcap_21_07_2026_14_38_1784624898.PCAP_PDR
-rw------- 1 dsp dsp 2.0G Jul 21 14:38 /data/TRANSIENT_BUFFER/PDR_GULP_data001.pcap_21_07_2026_14_38_1784624927.PCAP_PDR
-rw------- 1 dsp dsp 2.0G Jul 21 14:39 /data/TRANSIENT_BUFFER/PDR_GULP_data002.pcap_21_07_2026_14_39_1784624956.PCAP_PDR
-rw------- 1 dsp dsp 2.0G Jul 21 14:39 /data/TRANSIENT_BUFFER/PDR_GULP_data000.pcap_21_07_2026_14_39_1784624985.PCAP_PDR
-rw------- 1 dsp dsp 2.0G Jul 21 14:40 /data/TRANSIENT_BUFFER/PDR_GULP_data001.pcap_21_07_2026_14_40_1784625014.PCAP_PDR
-rw------- 1 dsp dsp 2.0G Jul 21 14:40 /data/TRANSIENT_BUFFER/PDR_GULP_data002.pcap_21_07_2026_14_40_1784625044.PCAP_PDR
21-07-2026 14:41 RAW PCAP data moved from Transient Buffer.
21-07-2026 14:41 SLIP check Started ...
21-07-2026 14:41 - WARNING - Data Directory: /data/dsp/GBD_TRANSIENT_BUFFER/J0953+0755/21_07_2026
21-07-2026 14:41 - WARNING - Number of Files: 100
21-07-2026 14:41 - WARNING - No packet loss: /data/dsp/GBD_TRANSIENT_BUFFER/J0953+0755/21_07_2026/PDR_GULP_data002.pcap_21_07_2026_13_52_1784622152.PCAP_PDR
21-07-2026 14:41 - WARNING - first_pkt_count, first_gps_count, first_pkt_Tstamp
21-07-2026 14:41 - WARNING - 1045541037 9043 2026-07-21T08:22:00.329738
21-07-2026 14:41 - WARNING - last_pkt_count, last_gps_count, last_pkt_Tstamp
21-07-2026 14:41 - WARNING - 1047423578 9072 2026-07-21T08:22:29.537464
21-07-2026 14:41 - WARNING - diff_pkt_count  , diff_gps_count ,  diff_pkt_timstamp
21-07-2026 14:41 - WARNING - 1882541 29 29207726 microseconds
21-07-2026 14:41 - WARNING - No packet loss: /data/dsp/GBD_TRANSIENT_BUFFER/J0953+0755/21_07_2026/PDR_GULP_data000.pcap_21_07_2026_13_53_1784622181.PCAP_PDR
21-07-2026 14:41 - WARNING - first_pkt_count, first_gps_count, first_pkt_Tstamp
21-07-2026 14:41 - WARNING - 1047423579 9072 2026-07-21T08:22:29.537464
21-07-2026 14:41 - WARNING - last_pkt_count, last_gps_count, last_pkt_Tstamp
21-07-2026 14:41 - WARNING - 1049306120 9101 2026-07-21T08:22:58.745141
21-07-2026 14:41 - WARNING - diff_pkt_count  , diff_gps_count ,  diff_pkt_timstamp
21-07-2026 14:41 - WARNING - 1882541 29 29207677 microseconds
21-07-2026 14:41 - WARNING - No packet loss: /data/dsp/GBD_TRANSIENT_BUFFER/J0953+0755/21_07_2026/PDR_GULP_data001.pcap_21_07_2026_13_53_1784622210.PCAP_PDR
21-07-2026 14:41 - WARNING - first_pkt_count, first_gps_count, first_pkt_Tstamp
21-07-2026 14:41 - WARNING - 1049306121 9101 2026-07-21T08:22:58.745141
21-07-2026 14:41 - WARNING - last_pkt_count, last_gps_count, last_pkt_Tstamp
21-07-2026 14:41 - WARNING - 1051188662 9130 2026-07-21T08:23:27.952930
21-07-2026 14:41 - WARNING - diff_pkt_count  , diff_gps_count ,  diff_pkt_timstamp
21-07-2026 14:41 - WARNING - 1882541 29 29207789 microseconds
21-07-2026 14:41 - WARNING - No packet loss: /data/dsp/GBD_TRANSIENT_BUFFER/J0953+0755/21_07_2026/PDR_GULP_data002.pcap_21_07_2026_13_54_1784622240.PCAP_PDR
21-07-2026 14:41 - WARNING - first_pkt_count, first_gps_count, first_pkt_Tstamp
21-07-2026 14:41 - WARNING - 1051188663 9130 2026-07-21T08:23:27.952930
21-07-2026 14:41 - WARNING - last_pkt_count, last_gps_count, last_pkt_Tstamp
21-07-2026 14:41 - WARNING - 1053071204 9160 2026-07-21T08:23:57.160661
21-07-2026 14:41 - WARNING - diff_pkt_count  , diff_gps_count ,  diff_pkt_timstamp
21-07-2026 14:41 - WARNING - 1882541 30 29207731 microseconds
21-07-2026 14:41 - WARNING - No packet loss: /data/dsp/GBD_TRANSIENT_BUFFER/J0953+0755/21_07_2026/PDR_GULP_data000.pcap_21_07_2026_13_54_1784622269.PCAP_PDR
21-07-2026 14:41 - WARNING - first_pkt_count, first_gps_count, first_pkt_Tstamp
21-07-2026 14:41 - WARNING - 1053071205 9160 2026-07-21T08:23:57.160661
21-07-2026 14:41 - WARNING - last_pkt_count, last_gps_count, last_pkt_Tstamp
21-07-2026 14:41 - WARNING - 1054953747 9189 2026-07-21T08:24:26.368432
21-07-2026 14:41 - WARNING - diff_pkt_count  , diff_gps_count ,  diff_pkt_timstamp
21-07-2026 14:41 - WARNING - 1882542 29 29207771 microseconds
21-07-2026 14:41 - WARNING - No packet loss: /data/dsp/GBD_TRANSIENT_BUFFER/J0953+0755/21_07_2026/PDR_GULP_data001.pcap_21_07_2026_13_54_1784622298.PCAP_PDR
21-07-2026 14:41 - WARNING - first_pkt_count, first_gps_count, first_pkt_Tstamp
21-07-2026 14:41 - WARNING - 1054953748 9189 2026-07-21T08:24:26.368432
21-07-2026 14:41 - WARNING - last_pkt_count, last_gps_count, last_pkt_Tstamp
21-07-2026 14:41 - WARNING - 1056836289 9218 2026-07-21T08:24:55.576139
21-07-2026 14:41 - WARNING - diff_pkt_count  , diff_gps_count ,  diff_pkt_timstamp
21-07-2026 14:41 - WARNING - 1882541 29 29207707 microseconds
21-07-2026 14:41 - WARNING - No packet loss: /data/dsp/GBD_TRANSIENT_BUFFER/J0953+0755/21_07_2026/PDR_GULP_data002.pcap_21_07_2026_13_55_1784622327.PCAP_PDR
21-07-2026 14:41 - WARNING - first_pkt_count, first_gps_count, first_pkt_Tstamp
21-07-2026 14:41 - WARNING - 1056836290 9218 2026-07-21T08:24:55.576139
21-07-2026 14:41 - WARNING - last_pkt_count, last_gps_count, last_pkt_Tstamp
21-07-2026 14:41 - WARNING - 1058718831 9247 2026-07-21T08:25:24.783924
21-07-2026 14:41 - WARNING - diff_pkt_count  , diff_gps_count ,  diff_pkt_timstamp
21-07-2026 14:41 - WARNING - 1882541 29 29207785 microseconds
21-07-2026 14:41 - WARNING - No packet loss: /data/dsp/GBD_TRANSIENT_BUFFER/J0953+0755/21_07_2026/PDR_GULP_data000.pcap_21_07_2026_13_55_1784622356.PCAP_PDR
21-07-2026 14:41 - WARNING - first_pkt_count, first_gps_count, first_pkt_Tstamp
21-07-2026 14:41 - WARNING - 1058718832 9247 2026-07-21T08:25:24.783924
21-07-2026 14:41 - WARNING - last_pkt_count, last_gps_count, last_pkt_Tstamp
21-07-2026 14:41 - WARNING - 1060601373 9277 2026-07-21T08:25:53.991733
21-07-2026 14:41 - WARNING - diff_pkt_count  , diff_gps_count ,  diff_pkt_timstamp
21-07-2026 14:41 - WARNING - 1882541 30 29207809 microseconds
21-07-2026 14:41 - WARNING - No packet loss: /data/dsp/GBD_TRANSIENT_BUFFER/J0953+0755/21_07_2026/PDR_GULP_data001.pcap_21_07_2026_13_56_1784622386.PCAP_PDR
21-07-2026 14:41 - WARNING - first_pkt_count, first_gps_count, first_pkt_Tstamp
21-07-2026 14:41 - WARNING - 1060601374 9277 2026-07-21T08:25:53.991733
21-07-2026 14:41 - WARNING - last_pkt_count, last_gps_count, last_pkt_Tstamp
21-07-2026 14:41 - WARNING - 1062483915 9306 2026-07-21T08:26:23.199508
21-07-2026 14:41 - WARNING - diff_pkt_count  , diff_gps_count ,  diff_pkt_timstamp
21-07-2026 14:41 - WARNING - 1882541 29 29207775 microseconds
21-07-2026 14:41 - WARNING - No packet loss: /data/dsp/GBD_TRANSIENT_BUFFER/J0953+0755/21_07_2026/PDR_GULP_data002.pcap_21_07_2026_13_56_1784622415.PCAP_PDR
21-07-2026 14:41 - WARNING - first_pkt_count, first_gps_count, first_pkt_Tstamp
21-07-2026 14:41 - WARNING - 1062483916 9306 2026-07-21T08:26:23.199508
21-07-2026 14:41 - WARNING - last_pkt_count, last_gps_count, last_pkt_Tstamp
21-07-2026 14:41 - WARNING - 1064366457 9335 2026-07-21T08:26:52.407342
21-07-2026 14:41 - WARNING - diff_pkt_count  , diff_gps_count ,  diff_pkt_timstamp
21-07-2026 14:41 - WARNING - 1882541 29 29207834 microseconds
21-07-2026 14:41 - WARNING - No packet loss: /data/dsp/GBD_TRANSIENT_BUFFER/J0953+0755/21_07_2026/PDR_GULP_data000.pcap_21_07_2026_13_57_1784622444.PCAP_PDR
21-07-2026 14:41 - WARNING - first_pkt_count, first_gps_count, first_pkt_Tstamp
21-07-2026 14:41 - WARNING - 1064366458 9335 2026-07-21T08:26:52.407342
21-07-2026 14:41 - WARNING - last_pkt_count, last_gps_count, last_pkt_Tstamp
21-07-2026 14:41 - WARNING - 1066249000 9364 2026-07-21T08:27:21.615109
21-07-2026 14:41 - WARNING - diff_pkt_count  , diff_gps_count ,  diff_pkt_timstamp
21-07-2026 14:41 - WARNING - 1882542 29 29207767 microseconds
21-07-2026 14:41 - WARNING - No packet loss: /data/dsp/GBD_TRANSIENT_BUFFER/J0953+0755/21_07_2026/PDR_GULP_data001.pcap_21_07_2026_13_57_1784622473.PCAP_PDR
21-07-2026 14:41 - WARNING - first_pkt_count, first_gps_count, first_pkt_Tstamp
21-07-2026 14:41 - WARNING - 1066249001 9364 2026-07-21T08:27:21.615109
21-07-2026 14:41 - WARNING - last_pkt_count, last_gps_count, last_pkt_Tstamp
21-07-2026 14:41 - WARNING - 1068131542 9393 2026-07-21T08:27:50.822916
21-07-2026 14:41 - WARNING - diff_pkt_count  , diff_gps_count ,  diff_pkt_timstamp
21-07-2026 14:41 - WARNING - 1882541 29 29207807 microseconds
21-07-2026 14:41 - WARNING - No packet loss: /data/dsp/GBD_TRANSIENT_BUFFER/J0953+0755/21_07_2026/PDR_GULP_data002.pcap_21_07_2026_13_58_1784622503.PCAP_PDR
21-07-2026 14:41 - WARNING - first_pkt_count, first_gps_count, first_pkt_Tstamp
21-07-2026 14:41 - WARNING - 1068131543 9393 2026-07-21T08:27:50.822916
21-07-2026 14:41 - WARNING - last_pkt_count, last_gps_count, last_pkt_Tstamp
21-07-2026 14:41 - WARNING - 1070014084 9423 2026-07-21T08:28:20.030677
21-07-2026 14:41 - WARNING - diff_pkt_count  , diff_gps_count ,  diff_pkt_timstamp
21-07-2026 14:41 - WARNING - 1882541 30 29207761 microseconds
21-07-2026 14:41 - WARNING - No packet loss: /data/dsp/GBD_TRANSIENT_BUFFER/J0953+0755/21_07_2026/PDR_GULP_data000.pcap_21_07_2026_13_58_1784622532.PCAP_PDR
21-07-2026 14:41 - WARNING - first_pkt_count, first_gps_count, first_pkt_Tstamp
21-07-2026 14:41 - WARNING - 1070014085 9423 2026-07-21T08:28:20.030731
21-07-2026 14:41 - WARNING - last_pkt_count, last_gps_count, last_pkt_Tstamp
21-07-2026 14:41 - WARNING - 1071896626 9452 2026-07-21T08:28:49.238539
21-07-2026 14:41 - WARNING - diff_pkt_count  , diff_gps_count ,  diff_pkt_timstamp
21-07-2026 14:41 - WARNING - 1882541 29 29207808 microseconds
21-07-2026 14:41 - WARNING - No packet loss: /data/dsp/GBD_TRANSIENT_BUFFER/J0953+0755/21_07_2026/PDR_GULP_data001.pcap_21_07_2026_13_59_1784622561.PCAP_PDR
21-07-2026 14:41 - WARNING - first_pkt_count, first_gps_count, first_pkt_Tstamp
21-07-2026 14:41 - WARNING - 1071896627 9452 2026-07-21T08:28:49.238539
21-07-2026 14:41 - WARNING - last_pkt_count, last_gps_count, last_pkt_Tstamp
21-07-2026 14:41 - WARNING - 1073779168 9481 2026-07-21T08:29:18.446351
21-07-2026 14:41 - WARNING - diff_pkt_count  , diff_gps_count ,  diff_pkt_timstamp
21-07-2026 14:41 - WARNING - 1882541 29 29207812 microseconds
21-07-2026 14:41 - WARNING - No packet loss: /data/dsp/GBD_TRANSIENT_BUFFER/J0953+0755/21_07_2026/PDR_GULP_data002.pcap_21_07_2026_13_59_1784622590.PCAP_PDR
21-07-2026 14:41 - WARNING - first_pkt_count, first_gps_count, first_pkt_Tstamp
21-07-2026 14:41 - WARNING - 1073779169 9481 2026-07-21T08:29:18.446352
21-07-2026 14:41 - WARNING - last_pkt_count, last_gps_count, last_pkt_Tstamp
21-07-2026 14:41 - WARNING - 1075661710 9510 2026-07-21T08:29:47.654122
21-07-2026 14:41 - WARNING - diff_pkt_count  , diff_gps_count ,  diff_pkt_timstamp
21-07-2026 14:41 - WARNING - 1882541 29 29207770 microseconds
21-07-2026 14:41 - WARNING - No packet loss: /data/dsp/GBD_TRANSIENT_BUFFER/J0953+0755/21_07_2026/PDR_GULP_data000.pcap_21_07_2026_14_00_1784622619.PCAP_PDR
21-07-2026 14:41 - WARNING - first_pkt_count, first_gps_count, first_pkt_Tstamp
21-07-2026 14:41 - WARNING - 1075661711 9510 2026-07-21T08:29:47.654175
21-07-2026 14:41 - WARNING - last_pkt_count, last_gps_count, last_pkt_Tstamp
21-07-2026 14:41 - WARNING - 1077544253 9539 2026-07-21T08:30:16.861974
21-07-2026 14:41 - WARNING - diff_pkt_count  , diff_gps_count ,  diff_pkt_timstamp
21-07-2026 14:41 - WARNING - 1882542 29 29207799 microseconds
21-07-2026 14:41 - WARNING - No packet loss: /data/dsp/GBD_TRANSIENT_BUFFER/J0953+0755/21_07_2026/PDR_GULP_data001.pcap_21_07_2026_14_00_1784622649.PCAP_PDR
21-07-2026 14:41 - WARNING - first_pkt_count, first_gps_count, first_pkt_Tstamp
21-07-2026 14:41 - WARNING - 1077544254 9539 2026-07-21T08:30:16.862027
21-07-2026 14:41 - WARNING - last_pkt_count, last_gps_count, last_pkt_Tstamp
21-07-2026 14:41 - WARNING - 1079426795 9569 2026-07-21T08:30:46.069802
21-07-2026 14:41 - WARNING - diff_pkt_count  , diff_gps_count ,  diff_pkt_timstamp
21-07-2026 14:41 - WARNING - 1882541 30 29207775 microseconds
21-07-2026 14:41 - WARNING - No packet loss: /data/dsp/GBD_TRANSIENT_BUFFER/J0953+0755/21_07_2026/PDR_GULP_data002.pcap_21_07_2026_14_01_1784622678.PCAP_PDR
21-07-2026 14:41 - WARNING - first_pkt_count, first_gps_count, first_pkt_Tstamp
21-07-2026 14:41 - WARNING - 1079426796 9569 2026-07-21T08:30:46.069854
21-07-2026 14:41 - WARNING - last_pkt_count, last_gps_count, last_pkt_Tstamp
21-07-2026 14:41 - WARNING - 1081309337 9598 2026-07-21T08:31:15.277652
21-07-2026 14:41 - WARNING - diff_pkt_count  , diff_gps_count ,  diff_pkt_timstamp
21-07-2026 14:41 - WARNING - 1882541 29 29207798 microseconds
21-07-2026 14:41 - WARNING - No packet loss: /data/dsp/GBD_TRANSIENT_BUFFER/J0953+0755/21_07_2026/PDR_GULP_data000.pcap_21_07_2026_14_01_1784622707.PCAP_PDR
21-07-2026 14:41 - WARNING - first_pkt_count, first_gps_count, first_pkt_Tstamp
21-07-2026 14:41 - WARNING - 1081309338 9598 2026-07-21T08:31:15.277653
21-07-2026 14:41 - WARNING - last_pkt_count, last_gps_count, last_pkt_Tstamp
21-07-2026 14:41 - WARNING - 1083191879 9627 2026-07-21T08:31:44.485493
21-07-2026 14:41 - WARNING - diff_pkt_count  , diff_gps_count ,  diff_pkt_timstamp
21-07-2026 14:41 - WARNING - 1882541 29 29207840 microseconds
21-07-2026 14:41 - WARNING - No packet loss: /data/dsp/GBD_TRANSIENT_BUFFER/J0953+0755/21_07_2026/PDR_GULP_data001.pcap_21_07_2026_14_02_1784622736.PCAP_PDR
21-07-2026 14:41 - WARNING - first_pkt_count, first_gps_count, first_pkt_Tstamp
21-07-2026 14:41 - WARNING - 1083191880 9627 2026-07-21T08:31:44.485494
21-07-2026 14:41 - WARNING - last_pkt_count, last_gps_count, last_pkt_Tstamp
21-07-2026 14:41 - WARNING - 1085074421 9656 2026-07-21T08:32:13.693316
21-07-2026 14:41 - WARNING - diff_pkt_count  , diff_gps_count ,  diff_pkt_timstamp
21-07-2026 14:41 - WARNING - 1882541 29 29207822 microseconds
21-07-2026 14:41 - WARNING - No packet loss: /data/dsp/GBD_TRANSIENT_BUFFER/J0953+0755/21_07_2026/PDR_GULP_data002.pcap_21_07_2026_14_02_1784622765.PCAP_PDR
21-07-2026 14:41 - WARNING - first_pkt_count, first_gps_count, first_pkt_Tstamp
21-07-2026 14:41 - WARNING - 1085074422 9656 2026-07-21T08:32:13.693316
21-07-2026 14:41 - WARNING - last_pkt_count, last_gps_count, last_pkt_Tstamp
21-07-2026 14:41 - WARNING - 1086956963 9685 2026-07-21T08:32:42.901131
21-07-2026 14:41 - WARNING - diff_pkt_count  , diff_gps_count ,  diff_pkt_timstamp
21-07-2026 14:41 - WARNING - 1882541 29 29207815 microseconds
21-07-2026 14:41 - WARNING - No packet loss: /data/dsp/GBD_TRANSIENT_BUFFER/J0953+0755/21_07_2026/PDR_GULP_data000.pcap_21_07_2026_14_03_1784622795.PCAP_PDR
21-07-2026 14:41 - WARNING - first_pkt_count, first_gps_count, first_pkt_Tstamp
21-07-2026 14:41 - WARNING - 1086956964 9685 2026-07-21T08:32:42.901184
21-07-2026 14:41 - WARNING - last_pkt_count, last_gps_count, last_pkt_Tstamp
21-07-2026 14:41 - WARNING - 1088839506 9715 2026-07-21T08:33:12.109006
21-07-2026 14:41 - WARNING - diff_pkt_count  , diff_gps_count ,  diff_pkt_timstamp
21-07-2026 14:41 - WARNING - 1882542 30 29207822 microseconds
21-07-2026 14:41 - WARNING - No packet loss: /data/dsp/GBD_TRANSIENT_BUFFER/J0953+0755/21_07_2026/PDR_GULP_data001.pcap_21_07_2026_14_03_1784622824.PCAP_PDR
21-07-2026 14:41 - WARNING - first_pkt_count, first_gps_count, first_pkt_Tstamp
21-07-2026 14:41 - WARNING - 1088839507 9715 2026-07-21T08:33:12.109006
21-07-2026 14:41 - WARNING - last_pkt_count, last_gps_count, last_pkt_Tstamp
21-07-2026 14:41 - WARNING - 1090722048 9744 2026-07-21T08:33:41.316829
21-07-2026 14:41 - WARNING - diff_pkt_count  , diff_gps_count ,  diff_pkt_timstamp
21-07-2026 14:41 - WARNING - 1882541 29 29207823 microseconds
21-07-2026 14:41 - WARNING - No packet loss: /data/dsp/GBD_TRANSIENT_BUFFER/J0953+0755/21_07_2026/PDR_GULP_data002.pcap_21_07_2026_14_04_1784622853.PCAP_PDR
21-07-2026 14:41 - WARNING - first_pkt_count, first_gps_count, first_pkt_Tstamp
21-07-2026 14:41 - WARNING - 1090722049 9744 2026-07-21T08:33:41.316881
21-07-2026 14:41 - WARNING - last_pkt_count, last_gps_count, last_pkt_Tstamp
21-07-2026 14:41 - WARNING - 1092604590 9773 2026-07-21T08:34:10.524694
21-07-2026 14:41 - WARNING - diff_pkt_count  , diff_gps_count ,  diff_pkt_timstamp
21-07-2026 14:41 - WARNING - 1882541 29 29207813 microseconds
21-07-2026 14:41 - WARNING - No packet loss: /data/dsp/GBD_TRANSIENT_BUFFER/J0953+0755/21_07_2026/PDR_GULP_data000.pcap_21_07_2026_14_04_1784622882.PCAP_PDR
21-07-2026 14:41 - WARNING - first_pkt_count, first_gps_count, first_pkt_Tstamp
21-07-2026 14:41 - WARNING - 1092604591 9773 2026-07-21T08:34:10.524694
21-07-2026 14:41 - WARNING - last_pkt_count, last_gps_count, last_pkt_Tstamp
21-07-2026 14:41 - WARNING - 1094487132 9802 2026-07-21T08:34:39.732560
21-07-2026 14:41 - WARNING - diff_pkt_count  , diff_gps_count ,  diff_pkt_timstamp
21-07-2026 14:41 - WARNING - 1882541 29 29207866 microseconds
21-07-2026 14:41 - WARNING - No packet loss: /data/dsp/GBD_TRANSIENT_BUFFER/J0953+0755/21_07_2026/PDR_GULP_data001.pcap_21_07_2026_14_05_1784622911.PCAP_PDR
21-07-2026 14:41 - WARNING - first_pkt_count, first_gps_count, first_pkt_Tstamp
21-07-2026 14:41 - WARNING - 1094487133 9802 2026-07-21T08:34:39.732561
21-07-2026 14:41 - WARNING - last_pkt_count, last_gps_count, last_pkt_Tstamp
21-07-2026 14:41 - WARNING - 1096369674 9831 2026-07-21T08:35:08.940440
21-07-2026 14:41 - WARNING - diff_pkt_count  , diff_gps_count ,  diff_pkt_timstamp
21-07-2026 14:41 - WARNING - 1882541 29 29207879 microseconds
21-07-2026 14:41 - WARNING - No packet loss: /data/dsp/GBD_TRANSIENT_BUFFER/J0953+0755/21_07_2026/PDR_GULP_data002.pcap_21_07_2026_14_05_1784622941.PCAP_PDR
21-07-2026 14:41 - WARNING - first_pkt_count, first_gps_count, first_pkt_Tstamp
21-07-2026 14:41 - WARNING - 1096369675 9831 2026-07-21T08:35:08.940441
21-07-2026 14:41 - WARNING - last_pkt_count, last_gps_count, last_pkt_Tstamp
21-07-2026 14:41 - WARNING - 1098252216 9861 2026-07-21T08:35:38.148260
21-07-2026 14:41 - WARNING - diff_pkt_count  , diff_gps_count ,  diff_pkt_timstamp
21-07-2026 14:41 - WARNING - 1882541 30 29207819 microseconds
21-07-2026 14:41 - WARNING - Packet loss: /data/dsp/GBD_TRANSIENT_BUFFER/J0953+0755/21_07_2026/PDR_GULP_data000.pcap_21_07_2026_14_06_1784622970.PCAP_PDR
21-07-2026 14:41 - WARNING - Packet loss found .... Being fixed ... Please wait ...
21-07-2026 14:41 - WARNING - PCAP filtering ... tcpdump -r /data/dsp/GBD_TRANSIENT_BUFFER/J0953+0755/21_07_2026/PDR_GULP_data000.pcap_21_07_2026_14_06_1784622970.PCAP_PDR.pcap -w PDR_GULP_data000.pcap_21_07_2026_14_06_1784622970_filtered.PCAP_PDR.pcap  host 172.10.10.1 and port 55000 
21-07-2026 14:41 - WARNING - Patched /data/dsp/GBD_TRANSIENT_BUFFER/J0953+0755/21_07_2026/PDR_GULP_data000.pcap_21_07_2026_14_06_1784622970.PCAP_PDR as PDR_GULP_data000.pcap_21_07_2026_14_06_1784622970_filtered.PCAP_PDR
21-07-2026 14:41 - WARNING - Gulped file moved to /data/dsp/GBD_TRANSIENT_BUFFER/J0953+0755/21_07_2026/GULPED
21-07-2026 14:41 - WARNING - first_pkt_count, first_gps_count, first_pkt_Tstamp
21-07-2026 14:41 - WARNING - 1098252217 9861 2026-07-21T08:35:38.148261
21-07-2026 14:41 - WARNING - last_pkt_count, last_gps_count, last_pkt_Tstamp
21-07-2026 14:41 - WARNING - 1100134758 9890 2026-07-21T08:36:07.356137
21-07-2026 14:41 - WARNING - diff_pkt_count  , diff_gps_count ,  diff_pkt_timstamp
21-07-2026 14:41 - WARNING - 1882541 29 29207876 microseconds
21-07-2026 14:41 - WARNING - No packet loss: /data/dsp/GBD_TRANSIENT_BUFFER/J0953+0755/21_07_2026/PDR_GULP_data001.pcap_21_07_2026_14_06_1784622999.PCAP_PDR
21-07-2026 14:41 - WARNING - first_pkt_count, first_gps_count, first_pkt_Tstamp
21-07-2026 14:41 - WARNING - 1100134759 9890 2026-07-21T08:36:07.356137
21-07-2026 14:41 - WARNING - last_pkt_count, last_gps_count, last_pkt_Tstamp
21-07-2026 14:41 - WARNING - 1102017301 9919 2026-07-21T08:36:36.563985
21-07-2026 14:41 - WARNING - diff_pkt_count  , diff_gps_count ,  diff_pkt_timstamp
21-07-2026 14:41 - WARNING - 1882542 29 29207848 microseconds
21-07-2026 14:41 - WARNING - No packet loss: /data/dsp/GBD_TRANSIENT_BUFFER/J0953+0755/21_07_2026/PDR_GULP_data002.pcap_21_07_2026_14_07_1784623028.PCAP_PDR
21-07-2026 14:41 - WARNING - first_pkt_count, first_gps_count, first_pkt_Tstamp
21-07-2026 14:41 - WARNING - 1102017302 9919 2026-07-21T08:36:36.564038
21-07-2026 14:41 - WARNING - last_pkt_count, last_gps_count, last_pkt_Tstamp
21-07-2026 14:41 - WARNING - 1103899843 9948 2026-07-21T08:37:05.771900
21-07-2026 14:41 - WARNING - diff_pkt_count  , diff_gps_count ,  diff_pkt_timstamp
21-07-2026 14:41 - WARNING - 1882541 29 29207862 microseconds
21-07-2026 14:41 - WARNING - No packet loss: /data/dsp/GBD_TRANSIENT_BUFFER/J0953+0755/21_07_2026/PDR_GULP_data000.pcap_21_07_2026_14_07_1784623057.PCAP_PDR
21-07-2026 14:41 - WARNING - first_pkt_count, first_gps_count, first_pkt_Tstamp
21-07-2026 14:41 - WARNING - 1103899844 9948 2026-07-21T08:37:05.771901
21-07-2026 14:41 - WARNING - last_pkt_count, last_gps_count, last_pkt_Tstamp
21-07-2026 14:41 - WARNING - 1105782385 9977 2026-07-21T08:37:34.979741
21-07-2026 14:41 - WARNING - diff_pkt_count  , diff_gps_count ,  diff_pkt_timstamp
21-07-2026 14:41 - WARNING - 1882541 29 29207840 microseconds
21-07-2026 14:41 - WARNING - No packet loss: /data/dsp/GBD_TRANSIENT_BUFFER/J0953+0755/21_07_2026/PDR_GULP_data001.pcap_21_07_2026_14_08_1784623087.PCAP_PDR
21-07-2026 14:41 - WARNING - first_pkt_count, first_gps_count, first_pkt_Tstamp
21-07-2026 14:41 - WARNING - 1105782386 9977 2026-07-21T08:37:34.979830
21-07-2026 14:41 - WARNING - last_pkt_count, last_gps_count, last_pkt_Tstamp
21-07-2026 14:41 - WARNING - 1107664927 10007 2026-07-21T08:38:04.187645
21-07-2026 14:41 - WARNING - diff_pkt_count  , diff_gps_count ,  diff_pkt_timstamp
21-07-2026 14:41 - WARNING - 1882541 30 29207815 microseconds
21-07-2026 14:41 - WARNING - No packet loss: /data/dsp/GBD_TRANSIENT_BUFFER/J0953+0755/21_07_2026/PDR_GULP_data002.pcap_21_07_2026_14_08_1784623116.PCAP_PDR
21-07-2026 14:41 - WARNING - first_pkt_count, first_gps_count, first_pkt_Tstamp
21-07-2026 14:41 - WARNING - 1107664928 10007 2026-07-21T08:38:04.187646
21-07-2026 14:41 - WARNING - last_pkt_count, last_gps_count, last_pkt_Tstamp
21-07-2026 14:41 - WARNING - 1109547469 10036 2026-07-21T08:38:33.395514
21-07-2026 14:41 - WARNING - diff_pkt_count  , diff_gps_count ,  diff_pkt_timstamp
21-07-2026 14:41 - WARNING - 1882541 29 29207868 microseconds
21-07-2026 14:41 - WARNING - No packet loss: /data/dsp/GBD_TRANSIENT_BUFFER/J0953+0755/21_07_2026/PDR_GULP_data000.pcap_21_07_2026_14_09_1784623145.PCAP_PDR
21-07-2026 14:41 - WARNING - first_pkt_count, first_gps_count, first_pkt_Tstamp
21-07-2026 14:41 - WARNING - 1109547470 10036 2026-07-21T08:38:33.395515
21-07-2026 14:41 - WARNING - last_pkt_count, last_gps_count, last_pkt_Tstamp
21-07-2026 14:41 - WARNING - 1111430011 10065 2026-07-21T08:39:02.603773
21-07-2026 14:41 - WARNING - diff_pkt_count  , diff_gps_count ,  diff_pkt_timstamp
21-07-2026 14:41 - WARNING - 1882541 29 29208258 microseconds
21-07-2026 14:41 - WARNING - No packet loss: /data/dsp/GBD_TRANSIENT_BUFFER/J0953+0755/21_07_2026/PDR_GULP_data001.pcap_21_07_2026_14_09_1784623174.PCAP_PDR
21-07-2026 14:41 - WARNING - first_pkt_count, first_gps_count, first_pkt_Tstamp
21-07-2026 14:41 - WARNING - 1111430012 10065 2026-07-21T08:39:02.603773
21-07-2026 14:41 - WARNING - last_pkt_count, last_gps_count, last_pkt_Tstamp
21-07-2026 14:41 - WARNING - 1113312554 10094 2026-07-21T08:39:31.812540
21-07-2026 14:41 - WARNING - diff_pkt_count  , diff_gps_count ,  diff_pkt_timstamp
21-07-2026 14:41 - WARNING - 1882542 29 29208767 microseconds
21-07-2026 14:41 - WARNING - No packet loss: /data/dsp/GBD_TRANSIENT_BUFFER/J0953+0755/21_07_2026/PDR_GULP_data002.pcap_21_07_2026_14_10_1784623204.PCAP_PDR
21-07-2026 14:41 - WARNING - first_pkt_count, first_gps_count, first_pkt_Tstamp
21-07-2026 14:41 - WARNING - 1113312555 10094 2026-07-21T08:39:31.812540
21-07-2026 14:41 - WARNING - last_pkt_count, last_gps_count, last_pkt_Tstamp
21-07-2026 14:41 - WARNING - 1115195096 10124 2026-07-21T08:40:01.021308
21-07-2026 14:41 - WARNING - diff_pkt_count  , diff_gps_count ,  diff_pkt_timstamp
21-07-2026 14:41 - WARNING - 1882541 30 29208768 microseconds
21-07-2026 14:41 - WARNING - No packet loss: /data/dsp/GBD_TRANSIENT_BUFFER/J0953+0755/21_07_2026/PDR_GULP_data000.pcap_21_07_2026_14_10_1784623233.PCAP_PDR
21-07-2026 14:41 - WARNING - first_pkt_count, first_gps_count, first_pkt_Tstamp
21-07-2026 14:41 - WARNING - 1115195097 10124 2026-07-21T08:40:01.021308
21-07-2026 14:41 - WARNING - last_pkt_count, last_gps_count, last_pkt_Tstamp
21-07-2026 14:41 - WARNING - 1117077638 10153 2026-07-21T08:40:30.229990
21-07-2026 14:41 - WARNING - diff_pkt_count  , diff_gps_count ,  diff_pkt_timstamp
21-07-2026 14:41 - WARNING - 1882541 29 29208682 microseconds
21-07-2026 14:41 - WARNING - No packet loss: /data/dsp/GBD_TRANSIENT_BUFFER/J0953+0755/21_07_2026/PDR_GULP_data001.pcap_21_07_2026_14_11_1784623262.PCAP_PDR
21-07-2026 14:41 - WARNING - first_pkt_count, first_gps_count, first_pkt_Tstamp
21-07-2026 14:41 - WARNING - 1117077639 10153 2026-07-21T08:40:30.229990
21-07-2026 14:41 - WARNING - last_pkt_count, last_gps_count, last_pkt_Tstamp
21-07-2026 14:41 - WARNING - 1118960180 10182 2026-07-21T08:40:59.438575
21-07-2026 14:41 - WARNING - diff_pkt_count  , diff_gps_count ,  diff_pkt_timstamp
21-07-2026 14:41 - WARNING - 1882541 29 29208585 microseconds
21-07-2026 14:41 - WARNING - No packet loss: /data/dsp/GBD_TRANSIENT_BUFFER/J0953+0755/21_07_2026/PDR_GULP_data002.pcap_21_07_2026_14_11_1784623291.PCAP_PDR
21-07-2026 14:41 - WARNING - first_pkt_count, first_gps_count, first_pkt_Tstamp
21-07-2026 14:41 - WARNING - 1118960181 10182 2026-07-21T08:40:59.438628
21-07-2026 14:41 - WARNING - last_pkt_count, last_gps_count, last_pkt_Tstamp
21-07-2026 14:41 - WARNING - 1120842722 10211 2026-07-21T08:41:28.647290
21-07-2026 14:41 - WARNING - diff_pkt_count  , diff_gps_count ,  diff_pkt_timstamp
21-07-2026 14:41 - WARNING - 1882541 29 29208662 microseconds
21-07-2026 14:41 - WARNING - No packet loss: /data/dsp/GBD_TRANSIENT_BUFFER/J0953+0755/21_07_2026/PDR_GULP_data000.pcap_21_07_2026_14_12_1784623320.PCAP_PDR
21-07-2026 14:41 - WARNING - first_pkt_count, first_gps_count, first_pkt_Tstamp
21-07-2026 14:41 - WARNING - 1120842723 10211 2026-07-21T08:41:28.647290
21-07-2026 14:41 - WARNING - last_pkt_count, last_gps_count, last_pkt_Tstamp
21-07-2026 14:41 - WARNING - 1122725264 10240 2026-07-21T08:41:57.855785
21-07-2026 14:41 - WARNING - diff_pkt_count  , diff_gps_count ,  diff_pkt_timstamp
21-07-2026 14:41 - WARNING - 1882541 29 29208495 microseconds
21-07-2026 14:41 - WARNING - No packet loss: /data/dsp/GBD_TRANSIENT_BUFFER/J0953+0755/21_07_2026/PDR_GULP_data001.pcap_21_07_2026_14_12_1784623350.PCAP_PDR
21-07-2026 14:41 - WARNING - first_pkt_count, first_gps_count, first_pkt_Tstamp
21-07-2026 14:41 - WARNING - 1122725265 10240 2026-07-21T08:41:57.855836
21-07-2026 14:41 - WARNING - last_pkt_count, last_gps_count, last_pkt_Tstamp
21-07-2026 14:41 - WARNING - 1124607807 10270 2026-07-21T08:42:27.064385
21-07-2026 14:41 - WARNING - diff_pkt_count  , diff_gps_count ,  diff_pkt_timstamp
21-07-2026 14:41 - WARNING - 1882542 30 29208549 microseconds
21-07-2026 14:41 - WARNING - No packet loss: /data/dsp/GBD_TRANSIENT_BUFFER/J0953+0755/21_07_2026/PDR_GULP_data002.pcap_21_07_2026_14_12_1784623379.PCAP_PDR
21-07-2026 14:41 - WARNING - first_pkt_count, first_gps_count, first_pkt_Tstamp
21-07-2026 14:41 - WARNING - 1124607808 10270 2026-07-21T08:42:27.064385
21-07-2026 14:41 - WARNING - last_pkt_count, last_gps_count, last_pkt_Tstamp
21-07-2026 14:41 - WARNING - 1126490349 10299 2026-07-21T08:42:56.272854
21-07-2026 14:41 - WARNING - diff_pkt_count  , diff_gps_count ,  diff_pkt_timstamp
21-07-2026 14:41 - WARNING - 1882541 29 29208469 microseconds
21-07-2026 14:41 - WARNING - No packet loss: /data/dsp/GBD_TRANSIENT_BUFFER/J0953+0755/21_07_2026/PDR_GULP_data000.pcap_21_07_2026_14_13_1784623408.PCAP_PDR
21-07-2026 14:41 - WARNING - first_pkt_count, first_gps_count, first_pkt_Tstamp
21-07-2026 14:41 - WARNING - 1126490350 10299 2026-07-21T08:42:56.272918
21-07-2026 14:41 - WARNING - last_pkt_count, last_gps_count, last_pkt_Tstamp
21-07-2026 14:41 - WARNING - 1128372891 10328 2026-07-21T08:43:25.481343
21-07-2026 14:41 - WARNING - diff_pkt_count  , diff_gps_count ,  diff_pkt_timstamp
21-07-2026 14:41 - WARNING - 1882541 29 29208425 microseconds
21-07-2026 14:41 - WARNING - No packet loss: /data/dsp/GBD_TRANSIENT_BUFFER/J0953+0755/21_07_2026/PDR_GULP_data001.pcap_21_07_2026_14_13_1784623437.PCAP_PDR
21-07-2026 14:41 - WARNING - first_pkt_count, first_gps_count, first_pkt_Tstamp
21-07-2026 14:41 - WARNING - 1128372892 10328 2026-07-21T08:43:25.481396
21-07-2026 14:41 - WARNING - last_pkt_count, last_gps_count, last_pkt_Tstamp
21-07-2026 14:41 - WARNING - 1130255433 10357 2026-07-21T08:43:54.689838
21-07-2026 14:41 - WARNING - diff_pkt_count  , diff_gps_count ,  diff_pkt_timstamp
21-07-2026 14:41 - WARNING - 1882541 29 29208442 microseconds
21-07-2026 14:41 - WARNING - No packet loss: /data/dsp/GBD_TRANSIENT_BUFFER/J0953+0755/21_07_2026/PDR_GULP_data002.pcap_21_07_2026_14_14_1784623466.PCAP_PDR
21-07-2026 14:41 - WARNING - first_pkt_count, first_gps_count, first_pkt_Tstamp
21-07-2026 14:41 - WARNING - 1130255434 10357 2026-07-21T08:43:54.689839
21-07-2026 14:41 - WARNING - last_pkt_count, last_gps_count, last_pkt_Tstamp
21-07-2026 14:41 - WARNING - 1132137975 10386 2026-07-21T08:44:23.898274
21-07-2026 14:41 - WARNING - diff_pkt_count  , diff_gps_count ,  diff_pkt_timstamp
21-07-2026 14:41 - WARNING - 1882541 29 29208435 microseconds
21-07-2026 14:41 - WARNING - No packet loss: /data/dsp/GBD_TRANSIENT_BUFFER/J0953+0755/21_07_2026/PDR_GULP_data000.pcap_21_07_2026_14_14_1784623496.PCAP_PDR
21-07-2026 14:41 - WARNING - first_pkt_count, first_gps_count, first_pkt_Tstamp
21-07-2026 14:41 - WARNING - 1132137976 10386 2026-07-21T08:44:23.898274
21-07-2026 14:41 - WARNING - last_pkt_count, last_gps_count, last_pkt_Tstamp
21-07-2026 14:41 - WARNING - 1134020517 10416 2026-07-21T08:44:53.106704
21-07-2026 14:41 - WARNING - diff_pkt_count  , diff_gps_count ,  diff_pkt_timstamp
21-07-2026 14:41 - WARNING - 1882541 30 29208430 microseconds
21-07-2026 14:41 - WARNING - No packet loss: /data/dsp/GBD_TRANSIENT_BUFFER/J0953+0755/21_07_2026/PDR_GULP_data001.pcap_21_07_2026_14_15_1784623525.PCAP_PDR
21-07-2026 14:41 - WARNING - first_pkt_count, first_gps_count, first_pkt_Tstamp
21-07-2026 14:41 - WARNING - 1134020518 10416 2026-07-21T08:44:53.106705
21-07-2026 14:41 - WARNING - last_pkt_count, last_gps_count, last_pkt_Tstamp
21-07-2026 14:41 - WARNING - 1135903060 10445 2026-07-21T08:45:22.315110
21-07-2026 14:41 - WARNING - diff_pkt_count  , diff_gps_count ,  diff_pkt_timstamp
21-07-2026 14:41 - WARNING - 1882542 29 29208405 microseconds
21-07-2026 14:41 - WARNING - No packet loss: /data/dsp/GBD_TRANSIENT_BUFFER/J0953+0755/21_07_2026/PDR_GULP_data002.pcap_21_07_2026_14_15_1784623554.PCAP_PDR
21-07-2026 14:41 - WARNING - first_pkt_count, first_gps_count, first_pkt_Tstamp
21-07-2026 14:41 - WARNING - 1135903061 10445 2026-07-21T08:45:22.315110
21-07-2026 14:41 - WARNING - last_pkt_count, last_gps_count, last_pkt_Tstamp
21-07-2026 14:41 - WARNING - 1137785602 10474 2026-07-21T08:45:51.523431
21-07-2026 14:41 - WARNING - diff_pkt_count  , diff_gps_count ,  diff_pkt_timstamp
21-07-2026 14:41 - WARNING - 1882541 29 29208321 microseconds
21-07-2026 14:41 - WARNING - No packet loss: /data/dsp/GBD_TRANSIENT_BUFFER/J0953+0755/21_07_2026/PDR_GULP_data000.pcap_21_07_2026_14_16_1784623583.PCAP_PDR
21-07-2026 14:41 - WARNING - first_pkt_count, first_gps_count, first_pkt_Tstamp
21-07-2026 14:41 - WARNING - 1137785603 10474 2026-07-21T08:45:51.523496
21-07-2026 14:41 - WARNING - last_pkt_count, last_gps_count, last_pkt_Tstamp
21-07-2026 14:41 - WARNING - 1139668144 10503 2026-07-21T08:46:20.731790
21-07-2026 14:41 - WARNING - diff_pkt_count  , diff_gps_count ,  diff_pkt_timstamp
21-07-2026 14:41 - WARNING - 1882541 29 29208294 microseconds
21-07-2026 14:41 - WARNING - No packet loss: /data/dsp/GBD_TRANSIENT_BUFFER/J0953+0755/21_07_2026/PDR_GULP_data001.pcap_21_07_2026_14_16_1784623612.PCAP_PDR
21-07-2026 14:41 - WARNING - first_pkt_count, first_gps_count, first_pkt_Tstamp
21-07-2026 14:41 - WARNING - 1139668145 10503 2026-07-21T08:46:20.731840
21-07-2026 14:41 - WARNING - last_pkt_count, last_gps_count, last_pkt_Tstamp
21-07-2026 14:41 - WARNING - 1141550686 10532 2026-07-21T08:46:49.940164
21-07-2026 14:41 - WARNING - diff_pkt_count  , diff_gps_count ,  diff_pkt_timstamp
21-07-2026 14:41 - WARNING - 1882541 29 29208324 microseconds
21-07-2026 14:41 - WARNING - No packet loss: /data/dsp/GBD_TRANSIENT_BUFFER/J0953+0755/21_07_2026/PDR_GULP_data002.pcap_21_07_2026_14_17_1784623642.PCAP_PDR
21-07-2026 14:41 - WARNING - first_pkt_count, first_gps_count, first_pkt_Tstamp
21-07-2026 14:41 - WARNING - 1141550687 10532 2026-07-21T08:46:49.940164
21-07-2026 14:41 - WARNING - last_pkt_count, last_gps_count, last_pkt_Tstamp
21-07-2026 14:41 - WARNING - 1143433228 10562 2026-07-21T08:47:19.148518
21-07-2026 14:41 - WARNING - diff_pkt_count  , diff_gps_count ,  diff_pkt_timstamp
21-07-2026 14:41 - WARNING - 1882541 30 29208354 microseconds
21-07-2026 14:41 - WARNING - No packet loss: /data/dsp/GBD_TRANSIENT_BUFFER/J0953+0755/21_07_2026/PDR_GULP_data000.pcap_21_07_2026_14_17_1784623671.PCAP_PDR
21-07-2026 14:41 - WARNING - first_pkt_count, first_gps_count, first_pkt_Tstamp
21-07-2026 14:41 - WARNING - 1143433229 10562 2026-07-21T08:47:19.148518
21-07-2026 14:41 - WARNING - last_pkt_count, last_gps_count, last_pkt_Tstamp
21-07-2026 14:41 - WARNING - 1145315771 10591 2026-07-21T08:47:48.356747
21-07-2026 14:41 - WARNING - diff_pkt_count  , diff_gps_count ,  diff_pkt_timstamp
21-07-2026 14:41 - WARNING - 1882542 29 29208229 microseconds
21-07-2026 14:41 - WARNING - No packet loss: /data/dsp/GBD_TRANSIENT_BUFFER/J0953+0755/21_07_2026/PDR_GULP_data001.pcap_21_07_2026_14_18_1784623700.PCAP_PDR
21-07-2026 14:41 - WARNING - first_pkt_count, first_gps_count, first_pkt_Tstamp
21-07-2026 14:41 - WARNING - 1145315772 10591 2026-07-21T08:47:48.356800
21-07-2026 14:41 - WARNING - last_pkt_count, last_gps_count, last_pkt_Tstamp
21-07-2026 14:41 - WARNING - 1147198313 10620 2026-07-21T08:48:17.565078
21-07-2026 14:41 - WARNING - diff_pkt_count  , diff_gps_count ,  diff_pkt_timstamp
21-07-2026 14:41 - WARNING - 1882541 29 29208278 microseconds
21-07-2026 14:42 - WARNING - No packet loss: /data/dsp/GBD_TRANSIENT_BUFFER/J0953+0755/21_07_2026/PDR_GULP_data002.pcap_21_07_2026_14_18_1784623729.PCAP_PDR
21-07-2026 14:42 - WARNING - first_pkt_count, first_gps_count, first_pkt_Tstamp
21-07-2026 14:42 - WARNING - 1147198314 10620 2026-07-21T08:48:17.565078
21-07-2026 14:42 - WARNING - last_pkt_count, last_gps_count, last_pkt_Tstamp
21-07-2026 14:42 - WARNING - 1149080855 10649 2026-07-21T08:48:46.773286
21-07-2026 14:42 - WARNING - diff_pkt_count  , diff_gps_count ,  diff_pkt_timstamp
21-07-2026 14:42 - WARNING - 1882541 29 29208208 microseconds
21-07-2026 14:42 - WARNING - No packet loss: /data/dsp/GBD_TRANSIENT_BUFFER/J0953+0755/21_07_2026/PDR_GULP_data000.pcap_21_07_2026_14_19_1784623758.PCAP_PDR
21-07-2026 14:42 - WARNING - first_pkt_count, first_gps_count, first_pkt_Tstamp
21-07-2026 14:42 - WARNING - 1149080856 10649 2026-07-21T08:48:46.773340
21-07-2026 14:42 - WARNING - last_pkt_count, last_gps_count, last_pkt_Tstamp
21-07-2026 14:42 - WARNING - 1150963397 10678 2026-07-21T08:49:15.981535
21-07-2026 14:42 - WARNING - diff_pkt_count  , diff_gps_count ,  diff_pkt_timstamp
21-07-2026 14:42 - WARNING - 1882541 29 29208195 microseconds
21-07-2026 14:42 - WARNING - No packet loss: /data/dsp/GBD_TRANSIENT_BUFFER/J0953+0755/21_07_2026/PDR_GULP_data001.pcap_21_07_2026_14_19_1784623788.PCAP_PDR
21-07-2026 14:42 - WARNING - first_pkt_count, first_gps_count, first_pkt_Tstamp
21-07-2026 14:42 - WARNING - 1150963398 10678 2026-07-21T08:49:15.981586
21-07-2026 14:42 - WARNING - last_pkt_count, last_gps_count, last_pkt_Tstamp
21-07-2026 14:42 - WARNING - 1152845939 10708 2026-07-21T08:49:45.189879
21-07-2026 14:42 - WARNING - diff_pkt_count  , diff_gps_count ,  diff_pkt_timstamp
21-07-2026 14:42 - WARNING - 1882541 30 29208293 microseconds
21-07-2026 14:42 - WARNING - No packet loss: /data/dsp/GBD_TRANSIENT_BUFFER/J0953+0755/21_07_2026/PDR_GULP_data002.pcap_21_07_2026_14_20_1784623817.PCAP_PDR
21-07-2026 14:42 - WARNING - first_pkt_count, first_gps_count, first_pkt_Tstamp
21-07-2026 14:42 - WARNING - 1152845940 10708 2026-07-21T08:49:45.189879
21-07-2026 14:42 - WARNING - last_pkt_count, last_gps_count, last_pkt_Tstamp
21-07-2026 14:42 - WARNING - 1154728481 10737 2026-07-21T08:50:14.398027
21-07-2026 14:42 - WARNING - diff_pkt_count  , diff_gps_count ,  diff_pkt_timstamp
21-07-2026 14:42 - WARNING - 1882541 29 29208148 microseconds
21-07-2026 14:42 - WARNING - No packet loss: /data/dsp/GBD_TRANSIENT_BUFFER/J0953+0755/21_07_2026/PDR_GULP_data000.pcap_21_07_2026_14_20_1784623846.PCAP_PDR
21-07-2026 14:42 - WARNING - first_pkt_count, first_gps_count, first_pkt_Tstamp
21-07-2026 14:42 - WARNING - 1154728482 10737 2026-07-21T08:50:14.398027
21-07-2026 14:42 - WARNING - last_pkt_count, last_gps_count, last_pkt_Tstamp
21-07-2026 14:42 - WARNING - 1156611024 10766 2026-07-21T08:50:43.606258
21-07-2026 14:42 - WARNING - diff_pkt_count  , diff_gps_count ,  diff_pkt_timstamp
21-07-2026 14:42 - WARNING - 1882542 29 29208231 microseconds
21-07-2026 14:42 - WARNING - No packet loss: /data/dsp/GBD_TRANSIENT_BUFFER/J0953+0755/21_07_2026/PDR_GULP_data001.pcap_21_07_2026_14_21_1784623875.PCAP_PDR
21-07-2026 14:42 - WARNING - first_pkt_count, first_gps_count, first_pkt_Tstamp
21-07-2026 14:42 - WARNING - 1156611025 10766 2026-07-21T08:50:43.606258
21-07-2026 14:42 - WARNING - last_pkt_count, last_gps_count, last_pkt_Tstamp
21-07-2026 14:42 - WARNING - 1158493566 10795 2026-07-21T08:51:12.814450
21-07-2026 14:42 - WARNING - diff_pkt_count  , diff_gps_count ,  diff_pkt_timstamp
21-07-2026 14:42 - WARNING - 1882541 29 29208192 microseconds
21-07-2026 14:42 - WARNING - No packet loss: /data/dsp/GBD_TRANSIENT_BUFFER/J0953+0755/21_07_2026/PDR_GULP_data002.pcap_21_07_2026_14_21_1784623905.PCAP_PDR
21-07-2026 14:42 - WARNING - first_pkt_count, first_gps_count, first_pkt_Tstamp
21-07-2026 14:42 - WARNING - 1158493567 10795 2026-07-21T08:51:12.814450
21-07-2026 14:42 - WARNING - last_pkt_count, last_gps_count, last_pkt_Tstamp
21-07-2026 14:42 - WARNING - 1160376108 10825 2026-07-21T08:51:42.022655
21-07-2026 14:42 - WARNING - diff_pkt_count  , diff_gps_count ,  diff_pkt_timstamp
21-07-2026 14:42 - WARNING - 1882541 30 29208205 microseconds
21-07-2026 14:42 - WARNING - No packet loss: /data/dsp/GBD_TRANSIENT_BUFFER/J0953+0755/21_07_2026/PDR_GULP_data000.pcap_21_07_2026_14_22_1784623934.PCAP_PDR
21-07-2026 14:42 - WARNING - first_pkt_count, first_gps_count, first_pkt_Tstamp
21-07-2026 14:42 - WARNING - 1160376109 10825 2026-07-21T08:51:42.022655
21-07-2026 14:42 - WARNING - last_pkt_count, last_gps_count, last_pkt_Tstamp
21-07-2026 14:42 - WARNING - 1162258650 10854 2026-07-21T08:52:11.230843
21-07-2026 14:42 - WARNING - diff_pkt_count  , diff_gps_count ,  diff_pkt_timstamp
21-07-2026 14:42 - WARNING - 1882541 29 29208188 microseconds
21-07-2026 14:42 - WARNING - No packet loss: /data/dsp/GBD_TRANSIENT_BUFFER/J0953+0755/21_07_2026/PDR_GULP_data001.pcap_21_07_2026_14_22_1784623963.PCAP_PDR
21-07-2026 14:42 - WARNING - first_pkt_count, first_gps_count, first_pkt_Tstamp
21-07-2026 14:42 - WARNING - 1162258651 10854 2026-07-21T08:52:11.230843
21-07-2026 14:42 - WARNING - last_pkt_count, last_gps_count, last_pkt_Tstamp
21-07-2026 14:42 - WARNING - 1164141192 10883 2026-07-21T08:52:40.438992
21-07-2026 14:42 - WARNING - diff_pkt_count  , diff_gps_count ,  diff_pkt_timstamp
21-07-2026 14:42 - WARNING - 1882541 29 29208149 microseconds
21-07-2026 14:42 - WARNING - No packet loss: /data/dsp/GBD_TRANSIENT_BUFFER/J0953+0755/21_07_2026/PDR_GULP_data002.pcap_21_07_2026_14_23_1784623992.PCAP_PDR
21-07-2026 14:42 - WARNING - first_pkt_count, first_gps_count, first_pkt_Tstamp
21-07-2026 14:42 - WARNING - 1164141193 10883 2026-07-21T08:52:40.438993
21-07-2026 14:42 - WARNING - last_pkt_count, last_gps_count, last_pkt_Tstamp
21-07-2026 14:42 - WARNING - 1166023734 10912 2026-07-21T08:53:09.647137
21-07-2026 14:42 - WARNING - diff_pkt_count  , diff_gps_count ,  diff_pkt_timstamp
21-07-2026 14:42 - WARNING - 1882541 29 29208144 microseconds
21-07-2026 14:42 - WARNING - No packet loss: /data/dsp/GBD_TRANSIENT_BUFFER/J0953+0755/21_07_2026/PDR_GULP_data000.pcap_21_07_2026_14_23_1784624021.PCAP_PDR
21-07-2026 14:42 - WARNING - first_pkt_count, first_gps_count, first_pkt_Tstamp
21-07-2026 14:42 - WARNING - 1166023735 10912 2026-07-21T08:53:09.647138
21-07-2026 14:42 - WARNING - last_pkt_count, last_gps_count, last_pkt_Tstamp
21-07-2026 14:42 - WARNING - 1167906277 10941 2026-07-21T08:53:38.855331
21-07-2026 14:42 - WARNING - diff_pkt_count  , diff_gps_count ,  diff_pkt_timstamp
21-07-2026 14:42 - WARNING - 1882542 29 29208193 microseconds
21-07-2026 14:42 - WARNING - No packet loss: /data/dsp/GBD_TRANSIENT_BUFFER/J0953+0755/21_07_2026/PDR_GULP_data001.pcap_21_07_2026_14_24_1784624051.PCAP_PDR
21-07-2026 14:42 - WARNING - first_pkt_count, first_gps_count, first_pkt_Tstamp
21-07-2026 14:42 - WARNING - 1167906278 10941 2026-07-21T08:53:38.855332
21-07-2026 14:42 - WARNING - last_pkt_count, last_gps_count, last_pkt_Tstamp
21-07-2026 14:42 - WARNING - 1169788819 10971 2026-07-21T08:54:08.063449
21-07-2026 14:42 - WARNING - diff_pkt_count  , diff_gps_count ,  diff_pkt_timstamp
21-07-2026 14:42 - WARNING - 1882541 30 29208117 microseconds
21-07-2026 14:42 - WARNING - No packet loss: /data/dsp/GBD_TRANSIENT_BUFFER/J0953+0755/21_07_2026/PDR_GULP_data002.pcap_21_07_2026_14_24_1784624080.PCAP_PDR
21-07-2026 14:42 - WARNING - first_pkt_count, first_gps_count, first_pkt_Tstamp
21-07-2026 14:42 - WARNING - 1169788820 10971 2026-07-21T08:54:08.063502
21-07-2026 14:42 - WARNING - last_pkt_count, last_gps_count, last_pkt_Tstamp
21-07-2026 14:42 - WARNING - 1171671361 11000 2026-07-21T08:54:37.271676
21-07-2026 14:42 - WARNING - diff_pkt_count  , diff_gps_count ,  diff_pkt_timstamp
21-07-2026 14:42 - WARNING - 1882541 29 29208174 microseconds
21-07-2026 14:42 - WARNING - No packet loss: /data/dsp/GBD_TRANSIENT_BUFFER/J0953+0755/21_07_2026/PDR_GULP_data000.pcap_21_07_2026_14_25_1784624109.PCAP_PDR
21-07-2026 14:42 - WARNING - first_pkt_count, first_gps_count, first_pkt_Tstamp
21-07-2026 14:42 - WARNING - 1171671362 11000 2026-07-21T08:54:37.271677
21-07-2026 14:42 - WARNING - last_pkt_count, last_gps_count, last_pkt_Tstamp
21-07-2026 14:42 - WARNING - 1173553903 11029 2026-07-21T08:55:06.479723
21-07-2026 14:42 - WARNING - diff_pkt_count  , diff_gps_count ,  diff_pkt_timstamp
21-07-2026 14:42 - WARNING - 1882541 29 29208046 microseconds
21-07-2026 14:42 - WARNING - No packet loss: /data/dsp/GBD_TRANSIENT_BUFFER/J0953+0755/21_07_2026/PDR_GULP_data001.pcap_21_07_2026_14_25_1784624138.PCAP_PDR
21-07-2026 14:42 - WARNING - first_pkt_count, first_gps_count, first_pkt_Tstamp
21-07-2026 14:42 - WARNING - 1173553904 11029 2026-07-21T08:55:06.479723
21-07-2026 14:42 - WARNING - last_pkt_count, last_gps_count, last_pkt_Tstamp
21-07-2026 14:42 - WARNING - 1175436445 11058 2026-07-21T08:55:35.687901
21-07-2026 14:42 - WARNING - diff_pkt_count  , diff_gps_count ,  diff_pkt_timstamp
21-07-2026 14:42 - WARNING - 1882541 29 29208178 microseconds
21-07-2026 14:42 - WARNING - No packet loss: /data/dsp/GBD_TRANSIENT_BUFFER/J0953+0755/21_07_2026/PDR_GULP_data002.pcap_21_07_2026_14_26_1784624167.PCAP_PDR
21-07-2026 14:42 - WARNING - first_pkt_count, first_gps_count, first_pkt_Tstamp
21-07-2026 14:42 - WARNING - 1175436446 11058 2026-07-21T08:55:35.687901
21-07-2026 14:42 - WARNING - last_pkt_count, last_gps_count, last_pkt_Tstamp
21-07-2026 14:42 - WARNING - 1177318987 11087 2026-07-21T08:56:04.895991
21-07-2026 14:42 - WARNING - diff_pkt_count  , diff_gps_count ,  diff_pkt_timstamp
21-07-2026 14:42 - WARNING - 1882541 29 29208090 microseconds
21-07-2026 14:42 - WARNING - No packet loss: /data/dsp/GBD_TRANSIENT_BUFFER/J0953+0755/21_07_2026/PDR_GULP_data000.pcap_21_07_2026_14_26_1784624197.PCAP_PDR
21-07-2026 14:42 - WARNING - first_pkt_count, first_gps_count, first_pkt_Tstamp
21-07-2026 14:42 - WARNING - 1177318988 11087 2026-07-21T08:56:04.895992
21-07-2026 14:42 - WARNING - last_pkt_count, last_gps_count, last_pkt_Tstamp
21-07-2026 14:42 - WARNING - 1179201530 11117 2026-07-21T08:56:34.104120
21-07-2026 14:42 - WARNING - diff_pkt_count  , diff_gps_count ,  diff_pkt_timstamp
21-07-2026 14:42 - WARNING - 1882542 30 29208128 microseconds
21-07-2026 14:42 - WARNING - No packet loss: /data/dsp/GBD_TRANSIENT_BUFFER/J0953+0755/21_07_2026/PDR_GULP_data001.pcap_21_07_2026_14_27_1784624226.PCAP_PDR
21-07-2026 14:42 - WARNING - first_pkt_count, first_gps_count, first_pkt_Tstamp
21-07-2026 14:42 - WARNING - 1179201531 11117 2026-07-21T08:56:34.104120
21-07-2026 14:42 - WARNING - last_pkt_count, last_gps_count, last_pkt_Tstamp
21-07-2026 14:42 - WARNING - 1181084072 11146 2026-07-21T08:57:03.312250
21-07-2026 14:42 - WARNING - diff_pkt_count  , diff_gps_count ,  diff_pkt_timstamp
21-07-2026 14:42 - WARNING - 1882541 29 29208130 microseconds
21-07-2026 14:42 - WARNING - No packet loss: /data/dsp/GBD_TRANSIENT_BUFFER/J0953+0755/21_07_2026/PDR_GULP_data002.pcap_21_07_2026_14_27_1784624255.PCAP_PDR
21-07-2026 14:42 - WARNING - first_pkt_count, first_gps_count, first_pkt_Tstamp
21-07-2026 14:42 - WARNING - 1181084073 11146 2026-07-21T08:57:03.312250
21-07-2026 14:42 - WARNING - last_pkt_count, last_gps_count, last_pkt_Tstamp
21-07-2026 14:42 - WARNING - 1182966614 11175 2026-07-21T08:57:32.520313
21-07-2026 14:42 - WARNING - diff_pkt_count  , diff_gps_count ,  diff_pkt_timstamp
21-07-2026 14:42 - WARNING - 1882541 29 29208063 microseconds
21-07-2026 14:42 - WARNING - No packet loss: /data/dsp/GBD_TRANSIENT_BUFFER/J0953+0755/21_07_2026/PDR_GULP_data000.pcap_21_07_2026_14_28_1784624284.PCAP_PDR
21-07-2026 14:42 - WARNING - first_pkt_count, first_gps_count, first_pkt_Tstamp
21-07-2026 14:42 - WARNING - 1182966615 11175 2026-07-21T08:57:32.520314
21-07-2026 14:42 - WARNING - last_pkt_count, last_gps_count, last_pkt_Tstamp
21-07-2026 14:42 - WARNING - 1184849156 11204 2026-07-21T08:58:01.728441
21-07-2026 14:42 - WARNING - diff_pkt_count  , diff_gps_count ,  diff_pkt_timstamp
21-07-2026 14:42 - WARNING - 1882541 29 29208127 microseconds
21-07-2026 14:42 - WARNING - No packet loss: /data/dsp/GBD_TRANSIENT_BUFFER/J0953+0755/21_07_2026/PDR_GULP_data001.pcap_21_07_2026_14_28_1784624313.PCAP_PDR
21-07-2026 14:42 - WARNING - first_pkt_count, first_gps_count, first_pkt_Tstamp
21-07-2026 14:42 - WARNING - 1184849157 11204 2026-07-21T08:58:01.728442
21-07-2026 14:42 - WARNING - last_pkt_count, last_gps_count, last_pkt_Tstamp
21-07-2026 14:42 - WARNING - 1186731698 11233 2026-07-21T08:58:30.936561
21-07-2026 14:42 - WARNING - diff_pkt_count  , diff_gps_count ,  diff_pkt_timstamp
21-07-2026 14:42 - WARNING - 1882541 29 29208119 microseconds
21-07-2026 14:42 - WARNING - No packet loss: /data/dsp/GBD_TRANSIENT_BUFFER/J0953+0755/21_07_2026/PDR_GULP_data002.pcap_21_07_2026_14_29_1784624343.PCAP_PDR
21-07-2026 14:42 - WARNING - first_pkt_count, first_gps_count, first_pkt_Tstamp
21-07-2026 14:42 - WARNING - 1186731699 11233 2026-07-21T08:58:30.936562
21-07-2026 14:42 - WARNING - last_pkt_count, last_gps_count, last_pkt_Tstamp
21-07-2026 14:42 - WARNING - 1188614240 11263 2026-07-21T08:59:00.144665
21-07-2026 14:42 - WARNING - diff_pkt_count  , diff_gps_count ,  diff_pkt_timstamp
21-07-2026 14:42 - WARNING - 1882541 30 29208103 microseconds
21-07-2026 14:42 - WARNING - No packet loss: /data/dsp/GBD_TRANSIENT_BUFFER/J0953+0755/21_07_2026/PDR_GULP_data000.pcap_21_07_2026_14_29_1784624372.PCAP_PDR
21-07-2026 14:42 - WARNING - first_pkt_count, first_gps_count, first_pkt_Tstamp
21-07-2026 14:42 - WARNING - 1188614241 11263 2026-07-21T08:59:00.144665
21-07-2026 14:42 - WARNING - last_pkt_count, last_gps_count, last_pkt_Tstamp
21-07-2026 14:42 - WARNING - 1190496783 11292 2026-07-21T08:59:29.352721
21-07-2026 14:42 - WARNING - diff_pkt_count  , diff_gps_count ,  diff_pkt_timstamp
21-07-2026 14:42 - WARNING - 1882542 29 29208056 microseconds
21-07-2026 14:42 - WARNING - No packet loss: /data/dsp/GBD_TRANSIENT_BUFFER/J0953+0755/21_07_2026/PDR_GULP_data001.pcap_21_07_2026_14_30_1784624401.PCAP_PDR
21-07-2026 14:42 - WARNING - first_pkt_count, first_gps_count, first_pkt_Tstamp
21-07-2026 14:42 - WARNING - 1190496784 11292 2026-07-21T08:59:29.352722
21-07-2026 14:42 - WARNING - last_pkt_count, last_gps_count, last_pkt_Tstamp
21-07-2026 14:42 - WARNING - 1192379325 11321 2026-07-21T08:59:58.560798
21-07-2026 14:42 - WARNING - diff_pkt_count  , diff_gps_count ,  diff_pkt_timstamp
21-07-2026 14:42 - WARNING - 1882541 29 29208076 microseconds
21-07-2026 14:42 - WARNING - No packet loss: /data/dsp/GBD_TRANSIENT_BUFFER/J0953+0755/21_07_2026/PDR_GULP_data002.pcap_21_07_2026_14_30_1784624430.PCAP_PDR
21-07-2026 14:42 - WARNING - first_pkt_count, first_gps_count, first_pkt_Tstamp
21-07-2026 14:42 - WARNING - 1192379326 11321 2026-07-21T08:59:58.560798
21-07-2026 14:42 - WARNING - last_pkt_count, last_gps_count, last_pkt_Tstamp
21-07-2026 14:42 - WARNING - 1194261867 11350 2026-07-21T09:00:27.768919
21-07-2026 14:42 - WARNING - diff_pkt_count  , diff_gps_count ,  diff_pkt_timstamp
21-07-2026 14:42 - WARNING - 1882541 29 29208121 microseconds
21-07-2026 14:42 - WARNING - No packet loss: /data/dsp/GBD_TRANSIENT_BUFFER/J0953+0755/21_07_2026/PDR_GULP_data000.pcap_21_07_2026_14_30_1784624459.PCAP_PDR
21-07-2026 14:42 - WARNING - first_pkt_count, first_gps_count, first_pkt_Tstamp
21-07-2026 14:42 - WARNING - 1194261868 11350 2026-07-21T09:00:27.768919
21-07-2026 14:42 - WARNING - last_pkt_count, last_gps_count, last_pkt_Tstamp
21-07-2026 14:42 - WARNING - 1196144409 11379 2026-07-21T09:00:56.976929
21-07-2026 14:42 - WARNING - diff_pkt_count  , diff_gps_count ,  diff_pkt_timstamp
21-07-2026 14:42 - WARNING - 1882541 29 29208010 microseconds
21-07-2026 14:42 - WARNING - No packet loss: /data/dsp/GBD_TRANSIENT_BUFFER/J0953+0755/21_07_2026/PDR_GULP_data001.pcap_21_07_2026_14_31_1784624489.PCAP_PDR
21-07-2026 14:42 - WARNING - first_pkt_count, first_gps_count, first_pkt_Tstamp
21-07-2026 14:42 - WARNING - 1196144410 11379 2026-07-21T09:00:56.976929
21-07-2026 14:42 - WARNING - last_pkt_count, last_gps_count, last_pkt_Tstamp
21-07-2026 14:42 - WARNING - 1198026951 11409 2026-07-21T09:01:26.184968
21-07-2026 14:42 - WARNING - diff_pkt_count  , diff_gps_count ,  diff_pkt_timstamp
21-07-2026 14:42 - WARNING - 1882541 30 29208039 microseconds
21-07-2026 14:42 - WARNING - No packet loss: /data/dsp/GBD_TRANSIENT_BUFFER/J0953+0755/21_07_2026/PDR_GULP_data002.pcap_21_07_2026_14_31_1784624518.PCAP_PDR
21-07-2026 14:42 - WARNING - first_pkt_count, first_gps_count, first_pkt_Tstamp
21-07-2026 14:42 - WARNING - 1198026952 11409 2026-07-21T09:01:26.185019
21-07-2026 14:42 - WARNING - last_pkt_count, last_gps_count, last_pkt_Tstamp
21-07-2026 14:42 - WARNING - 1199909493 11438 2026-07-21T09:01:55.393066
21-07-2026 14:42 - WARNING - diff_pkt_count  , diff_gps_count ,  diff_pkt_timstamp
21-07-2026 14:42 - WARNING - 1882541 29 29208047 microseconds
21-07-2026 14:42 - WARNING - No packet loss: /data/dsp/GBD_TRANSIENT_BUFFER/J0953+0755/21_07_2026/PDR_GULP_data000.pcap_21_07_2026_14_32_1784624547.PCAP_PDR
21-07-2026 14:42 - WARNING - first_pkt_count, first_gps_count, first_pkt_Tstamp
21-07-2026 14:42 - WARNING - 1199909494 11438 2026-07-21T09:01:55.393066
21-07-2026 14:42 - WARNING - last_pkt_count, last_gps_count, last_pkt_Tstamp
21-07-2026 14:42 - WARNING - 1201792036 11467 2026-07-21T09:02:24.601115
21-07-2026 14:42 - WARNING - diff_pkt_count  , diff_gps_count ,  diff_pkt_timstamp
21-07-2026 14:42 - WARNING - 1882542 29 29208049 microseconds
21-07-2026 14:42 - WARNING - No packet loss: /data/dsp/GBD_TRANSIENT_BUFFER/J0953+0755/21_07_2026/PDR_GULP_data001.pcap_21_07_2026_14_32_1784624576.PCAP_PDR
21-07-2026 14:42 - WARNING - first_pkt_count, first_gps_count, first_pkt_Tstamp
21-07-2026 14:42 - WARNING - 1201792037 11467 2026-07-21T09:02:24.601116
21-07-2026 14:42 - WARNING - last_pkt_count, last_gps_count, last_pkt_Tstamp
21-07-2026 14:42 - WARNING - 1203674578 11496 2026-07-21T09:02:53.809196
21-07-2026 14:42 - WARNING - diff_pkt_count  , diff_gps_count ,  diff_pkt_timstamp
21-07-2026 14:42 - WARNING - 1882541 29 29208080 microseconds
21-07-2026 14:42 - WARNING - No packet loss: /data/dsp/GBD_TRANSIENT_BUFFER/J0953+0755/21_07_2026/PDR_GULP_data002.pcap_21_07_2026_14_33_1784624606.PCAP_PDR
21-07-2026 14:42 - WARNING - first_pkt_count, first_gps_count, first_pkt_Tstamp
21-07-2026 14:42 - WARNING - 1203674579 11496 2026-07-21T09:02:53.809278
21-07-2026 14:42 - WARNING - last_pkt_count, last_gps_count, last_pkt_Tstamp
21-07-2026 14:42 - WARNING - 1205557120 11526 2026-07-21T09:03:23.017235
21-07-2026 14:42 - WARNING - diff_pkt_count  , diff_gps_count ,  diff_pkt_timstamp
21-07-2026 14:42 - WARNING - 1882541 30 29207957 microseconds
21-07-2026 14:42 - WARNING - No packet loss: /data/dsp/GBD_TRANSIENT_BUFFER/J0953+0755/21_07_2026/PDR_GULP_data000.pcap_21_07_2026_14_33_1784624635.PCAP_PDR
21-07-2026 14:42 - WARNING - first_pkt_count, first_gps_count, first_pkt_Tstamp
21-07-2026 14:42 - WARNING - 1205557121 11526 2026-07-21T09:03:23.017286
21-07-2026 14:42 - WARNING - last_pkt_count, last_gps_count, last_pkt_Tstamp
21-07-2026 14:42 - WARNING - 1207439662 11555 2026-07-21T09:03:52.225328
21-07-2026 14:42 - WARNING - diff_pkt_count  , diff_gps_count ,  diff_pkt_timstamp
21-07-2026 14:42 - WARNING - 1882541 29 29208042 microseconds
21-07-2026 14:42 - WARNING - No packet loss: /data/dsp/GBD_TRANSIENT_BUFFER/J0953+0755/21_07_2026/PDR_GULP_data001.pcap_21_07_2026_14_34_1784624664.PCAP_PDR
21-07-2026 14:42 - WARNING - first_pkt_count, first_gps_count, first_pkt_Tstamp
21-07-2026 14:42 - WARNING - 1207439663 11555 2026-07-21T09:03:52.225328
21-07-2026 14:42 - WARNING - last_pkt_count, last_gps_count, last_pkt_Tstamp
21-07-2026 14:42 - WARNING - 1209322204 11584 2026-07-21T09:04:21.433357
21-07-2026 14:42 - WARNING - diff_pkt_count  , diff_gps_count ,  diff_pkt_timstamp
21-07-2026 14:42 - WARNING - 1882541 29 29208029 microseconds
21-07-2026 14:42 - WARNING - No packet loss: /data/dsp/GBD_TRANSIENT_BUFFER/J0953+0755/21_07_2026/PDR_GULP_data002.pcap_21_07_2026_14_34_1784624693.PCAP_PDR
21-07-2026 14:42 - WARNING - first_pkt_count, first_gps_count, first_pkt_Tstamp
21-07-2026 14:42 - WARNING - 1209322205 11584 2026-07-21T09:04:21.433357
21-07-2026 14:42 - WARNING - last_pkt_count, last_gps_count, last_pkt_Tstamp
21-07-2026 14:42 - WARNING - 1211204746 11613 2026-07-21T09:04:50.641411
21-07-2026 14:42 - WARNING - diff_pkt_count  , diff_gps_count ,  diff_pkt_timstamp
21-07-2026 14:42 - WARNING - 1882541 29 29208054 microseconds
21-07-2026 14:42 - WARNING - No packet loss: /data/dsp/GBD_TRANSIENT_BUFFER/J0953+0755/21_07_2026/PDR_GULP_data000.pcap_21_07_2026_14_35_1784624722.PCAP_PDR
21-07-2026 14:42 - WARNING - first_pkt_count, first_gps_count, first_pkt_Tstamp
21-07-2026 14:42 - WARNING - 1211204747 11613 2026-07-21T09:04:50.641412
21-07-2026 14:42 - WARNING - last_pkt_count, last_gps_count, last_pkt_Tstamp
21-07-2026 14:42 - WARNING - 1213087289 11642 2026-07-21T09:05:19.849469
21-07-2026 14:42 - WARNING - diff_pkt_count  , diff_gps_count ,  diff_pkt_timstamp
21-07-2026 14:42 - WARNING - 1882542 29 29208057 microseconds
21-07-2026 14:42 - WARNING - No packet loss: /data/dsp/GBD_TRANSIENT_BUFFER/J0953+0755/21_07_2026/PDR_GULP_data001.pcap_21_07_2026_14_35_1784624752.PCAP_PDR
21-07-2026 14:42 - WARNING - first_pkt_count, first_gps_count, first_pkt_Tstamp
21-07-2026 14:42 - WARNING - 1213087290 11642 2026-07-21T09:05:19.849470
21-07-2026 14:42 - WARNING - last_pkt_count, last_gps_count, last_pkt_Tstamp
21-07-2026 14:42 - WARNING - 1214969831 11672 2026-07-21T09:05:49.057540
21-07-2026 14:42 - WARNING - diff_pkt_count  , diff_gps_count ,  diff_pkt_timstamp
21-07-2026 14:42 - WARNING - 1882541 30 29208070 microseconds
21-07-2026 14:42 - WARNING - No packet loss: /data/dsp/GBD_TRANSIENT_BUFFER/J0953+0755/21_07_2026/PDR_GULP_data002.pcap_21_07_2026_14_36_1784624781.PCAP_PDR
21-07-2026 14:42 - WARNING - first_pkt_count, first_gps_count, first_pkt_Tstamp
21-07-2026 14:42 - WARNING - 1214969832 11672 2026-07-21T09:05:49.057540
21-07-2026 14:42 - WARNING - last_pkt_count, last_gps_count, last_pkt_Tstamp
21-07-2026 14:42 - WARNING - 1216852373 11701 2026-07-21T09:06:18.265560
21-07-2026 14:42 - WARNING - diff_pkt_count  , diff_gps_count ,  diff_pkt_timstamp
21-07-2026 14:42 - WARNING - 1882541 29 29208020 microseconds
21-07-2026 14:42 - WARNING - No packet loss: /data/dsp/GBD_TRANSIENT_BUFFER/J0953+0755/21_07_2026/PDR_GULP_data000.pcap_21_07_2026_14_36_1784624810.PCAP_PDR
21-07-2026 14:42 - WARNING - first_pkt_count, first_gps_count, first_pkt_Tstamp
21-07-2026 14:42 - WARNING - 1216852374 11701 2026-07-21T09:06:18.265561
21-07-2026 14:42 - WARNING - last_pkt_count, last_gps_count, last_pkt_Tstamp
21-07-2026 14:42 - WARNING - 1218734915 11730 2026-07-21T09:06:47.473617
21-07-2026 14:42 - WARNING - diff_pkt_count  , diff_gps_count ,  diff_pkt_timstamp
21-07-2026 14:42 - WARNING - 1882541 29 29208056 microseconds
21-07-2026 14:42 - WARNING - No packet loss: /data/dsp/GBD_TRANSIENT_BUFFER/J0953+0755/21_07_2026/PDR_GULP_data001.pcap_21_07_2026_14_37_1784624839.PCAP_PDR
21-07-2026 14:42 - WARNING - first_pkt_count, first_gps_count, first_pkt_Tstamp
21-07-2026 14:42 - WARNING - 1218734916 11730 2026-07-21T09:06:47.473617
21-07-2026 14:42 - WARNING - last_pkt_count, last_gps_count, last_pkt_Tstamp
21-07-2026 14:42 - WARNING - 1220617457 11759 2026-07-21T09:07:16.681605
21-07-2026 14:42 - WARNING - diff_pkt_count  , diff_gps_count ,  diff_pkt_timstamp
21-07-2026 14:42 - WARNING - 1882541 29 29207988 microseconds
21-07-2026 14:42 - WARNING - No packet loss: /data/dsp/GBD_TRANSIENT_BUFFER/J0953+0755/21_07_2026/PDR_GULP_data002.pcap_21_07_2026_14_37_1784624868.PCAP_PDR
21-07-2026 14:42 - WARNING - first_pkt_count, first_gps_count, first_pkt_Tstamp
21-07-2026 14:42 - WARNING - 1220617458 11759 2026-07-21T09:07:16.681658
21-07-2026 14:42 - WARNING - last_pkt_count, last_gps_count, last_pkt_Tstamp
21-07-2026 14:42 - WARNING - 1222499999 11788 2026-07-21T09:07:45.889654
21-07-2026 14:42 - WARNING - diff_pkt_count  , diff_gps_count ,  diff_pkt_timstamp
21-07-2026 14:42 - WARNING - 1882541 29 29207996 microseconds
21-07-2026 14:42 - WARNING - No packet loss: /data/dsp/GBD_TRANSIENT_BUFFER/J0953+0755/21_07_2026/PDR_GULP_data000.pcap_21_07_2026_14_38_1784624898.PCAP_PDR
21-07-2026 14:42 - WARNING - first_pkt_count, first_gps_count, first_pkt_Tstamp
21-07-2026 14:42 - WARNING - 1222500000 11788 2026-07-21T09:07:45.889706
21-07-2026 14:42 - WARNING - last_pkt_count, last_gps_count, last_pkt_Tstamp
21-07-2026 14:42 - WARNING - 1224382542 11818 2026-07-21T09:08:15.097731
21-07-2026 14:42 - WARNING - diff_pkt_count  , diff_gps_count ,  diff_pkt_timstamp
21-07-2026 14:42 - WARNING - 1882542 30 29208025 microseconds
21-07-2026 14:42 - WARNING - No packet loss: /data/dsp/GBD_TRANSIENT_BUFFER/J0953+0755/21_07_2026/PDR_GULP_data001.pcap_21_07_2026_14_38_1784624927.PCAP_PDR
21-07-2026 14:42 - WARNING - first_pkt_count, first_gps_count, first_pkt_Tstamp
21-07-2026 14:42 - WARNING - 1224382543 11818 2026-07-21T09:08:15.097731
21-07-2026 14:42 - WARNING - last_pkt_count, last_gps_count, last_pkt_Tstamp
21-07-2026 14:42 - WARNING - 1226265084 11847 2026-07-21T09:08:44.305800
21-07-2026 14:42 - WARNING - diff_pkt_count  , diff_gps_count ,  diff_pkt_timstamp
21-07-2026 14:42 - WARNING - 1882541 29 29208069 microseconds
21-07-2026 14:42 - WARNING - No packet loss: /data/dsp/GBD_TRANSIENT_BUFFER/J0953+0755/21_07_2026/PDR_GULP_data002.pcap_21_07_2026_14_39_1784624956.PCAP_PDR
21-07-2026 14:42 - WARNING - first_pkt_count, first_gps_count, first_pkt_Tstamp
21-07-2026 14:42 - WARNING - 1226265085 11847 2026-07-21T09:08:44.305800
21-07-2026 14:42 - WARNING - last_pkt_count, last_gps_count, last_pkt_Tstamp
21-07-2026 14:42 - WARNING - 1228147626 11876 2026-07-21T09:09:13.513774
21-07-2026 14:42 - WARNING - diff_pkt_count  , diff_gps_count ,  diff_pkt_timstamp
21-07-2026 14:42 - WARNING - 1882541 29 29207974 microseconds
21-07-2026 14:42 - WARNING - No packet loss: /data/dsp/GBD_TRANSIENT_BUFFER/J0953+0755/21_07_2026/PDR_GULP_data000.pcap_21_07_2026_14_39_1784624985.PCAP_PDR
21-07-2026 14:42 - WARNING - first_pkt_count, first_gps_count, first_pkt_Tstamp
21-07-2026 14:42 - WARNING - 1228147627 11876 2026-07-21T09:09:13.513837
21-07-2026 14:42 - WARNING - last_pkt_count, last_gps_count, last_pkt_Tstamp
21-07-2026 14:42 - WARNING - 1230030168 11905 2026-07-21T09:09:42.721839
21-07-2026 14:42 - WARNING - diff_pkt_count  , diff_gps_count ,  diff_pkt_timstamp
21-07-2026 14:42 - WARNING - 1882541 29 29208002 microseconds
21-07-2026 14:42 - WARNING - No packet loss: /data/dsp/GBD_TRANSIENT_BUFFER/J0953+0755/21_07_2026/PDR_GULP_data001.pcap_21_07_2026_14_40_1784625014.PCAP_PDR
21-07-2026 14:42 - WARNING - first_pkt_count, first_gps_count, first_pkt_Tstamp
21-07-2026 14:42 - WARNING - 1230030169 11905 2026-07-21T09:09:42.721839
21-07-2026 14:42 - WARNING - last_pkt_count, last_gps_count, last_pkt_Tstamp
21-07-2026 14:42 - WARNING - 1231912710 11934 2026-07-21T09:10:11.929833
21-07-2026 14:42 - WARNING - diff_pkt_count  , diff_gps_count ,  diff_pkt_timstamp
21-07-2026 14:42 - WARNING - 1882541 29 29207994 microseconds
21-07-2026 14:42 - WARNING - No packet loss: /data/dsp/GBD_TRANSIENT_BUFFER/J0953+0755/21_07_2026/PDR_GULP_data002.pcap_21_07_2026_14_40_1784625044.PCAP_PDR
21-07-2026 14:42 - WARNING - first_pkt_count, first_gps_count, first_pkt_Tstamp
21-07-2026 14:42 - WARNING - 1231912711 11934 2026-07-21T09:10:11.929901
21-07-2026 14:42 - WARNING - last_pkt_count, last_gps_count, last_pkt_Tstamp
21-07-2026 14:42 - WARNING - 1233795252 11964 2026-07-21T09:10:41.137903
21-07-2026 14:42 - WARNING - diff_pkt_count  , diff_gps_count ,  diff_pkt_timstamp
21-07-2026 14:42 - WARNING - 1882541 30 29208002 microseconds
21-07-2026 14:42 SLIP check Finished...
21-07-2026 14:42 Pulsar data reduction pipeline started ...
21-07-2026 14:42 - WARNING - Data Directory: /data/dsp/GBD_TRANSIENT_BUFFER/J0953+0755/21_07_2026
21-07-2026 14:42 - WARNING - Pulsar: J0953+0755
21-07-2026 14:42 - WARNING - CH selelction: 0
21-07-2026 14:42 - WARNING - Phase file: /home/dsp/PDR_acquire_setup/dada_scripts/phase/rf_path_phase.dat
21-07-2026 14:42 - WARNING - Obs. logfile: /home/dsp/PDR_acquire_setup/master_obs_log/J0953+0755_21_07_2026_observation.log
21-07-2026 14:42 - WARNING - Observation start time: 2026_07_21_13_52_29
21-07-2026 14:42 - WARNING - parfile: /home/dsp/parfiles/J0953+0755.par
21-07-2026 14:42 - WARNING - DM: 2.94368147353273
21-07-2026 14:42 - WARNING - Period: 0.2530654277592862
21-07-2026 14:42 - WARNING - RA_DEC: 09:53:09.3023078+07:55:36.65806
21-07-2026 14:42 - WARNING - out_dada_file: J0953+0755_2026_07_21_13_52_29_type_0.dada
21-07-2026 14:42 - WARNING - Number of files to process: 100
21-07-2026 14:42 - WARNING - Files per batch:  17
21-07-2026 15:12 - WARNING - Time taken for PDR2DADA convertion: 0:30:13.376685
21-07-2026 15:12 - WARNING - Center_freq: 175
21-07-2026 15:12 - WARNING - int_time: 3.0
21-07-2026 15:12 - WARNING - nbins: 256
21-07-2026 15:12 - WARNING - fil_chan: 256
21-07-2026 15:12 - WARNING - cpu: 2,3,4,5,6,7,8,9,10,11,12,13,14,15,16
21-07-2026 15:12 - WARNING - thread: 32
21-07-2026 15:12 - WARNING - nbit: 8
21-07-2026 15:12 - WARNING - time_avg: 0.000256
21-07-2026 15:12 - WARNING - MJD_START: 61242.34895297318
21-07-2026 15:12 - WARNING - output: J0953+0755_61242.35_175MHz_type_0_GBD_DART
21-07-2026 15:12 - WARNING - singularity_container: singularity exec /home/dsp/singularity_imag/pschive_py3.sif  
21-07-2026 15:12 - WARNING - ------ DIGIFITS ------
21-07-2026 15:12 - WARNING - ---- Search Mode FITS -------
21-07-2026 15:12 - WARNING - digifits_ful_stokes_cmd: singularity exec /home/dsp/singularity_imag/pschive_py3.sif  digifits  -F 256 -x 256 -b 8 -p 4 -t 0.000256 J0953+0755_2026_07_21_13_52_29_type_0.dada -o J0953+0755_2026_07_21_13_52_29_type_0.dada_stokes.fits
21-07-2026 15:45 - WARNING - ------ Total intensity FITS -------
21-07-2026 15:45 - WARNING - digifits_total_intensity_cmd: singularity exec /home/dsp/singularity_imag/pschive_py3.sif  digifits  -F 256 -x 256 -b 8 -p 1 -t 0.000256 J0953+0755_2026_07_21_13_52_29_type_0.dada -o J0953+0755_2026_07_21_13_52_29_type_0.dada_intensity.fits
21-07-2026 16:17 - WARNING - Nchan: 256
21-07-2026 16:17 - WARNING - Nbin: 256
21-07-2026 16:17 - WARNING - Tavg: 0.000256
21-07-2026 16:17 - WARNING - Time taken for DIGIFITS run: 1:05:01.639262
21-07-2026 16:17 - WARNING - ------ DSPSR ------
21-07-2026 16:17 - WARNING - ------- Coherent Dedispersion Folded archive -------
21-07-2026 16:17 - WARNING - dspsr_cmd: singularity exec /home/dsp/singularity_imag/pschive_py3.sif  dspsr J0953+0755_2026_07_21_13_52_29_type_0.dada -cpu 2,3,4,5,6,7,8,9,10,11,12,13,14,15,16 -t 32 -E /home/dsp/parfiles/J0953+0755.par -L 3.0 -b 256 -F 256:D -N J0953+0755 -a PSRFITS -A -e .fits -O J0953+0755_61242.35_175MHz_type_0_GBD_DART
21-07-2026 16:53 - WARNING - ------- Incoherent Dedispersion Folded archive -------
21-07-2026 16:53 - WARNING - Incoherent_DD_dspsr_cmd: singularity exec /home/dsp/singularity_imag/pschive_py3.sif  dspsr J0953+0755_2026_07_21_13_52_29_type_0.dada_stokes.fits -cpu 2,3,4,5,6,7,8,9,10,11,12,13,14,15,16 -t 32 -E /home/dsp/parfiles/J0953+0755.par -L 3.0 -b 256 -N J0953+0755 -A -e .fits -O J0953+0755_61242.35_175MHz_type_0_GBD_DART_stokes_Incoherent_DD
21-07-2026 16:55 - WARNING - Time taken for DSPSR run: 0:37:43.367690
21-07-2026 16:55 - WARNING - ------ PSREDIT ------
21-07-2026 16:55 - WARNING - psredit_cmd: singularity exec /home/dsp/singularity_imag/pschive_py3.sif  psredit -c name=J0953+0755,be:name=GSB,coord=09:53:09.3023078+07:55:36.65806 -m *_GBD_DART*fits
21-07-2026 16:55 - WARNING - Time taken for PSREDIT run: 0:00:11.571707
21-07-2026 16:55 - WARNING - ------ Iterative RFI Cleaner ------
21-07-2026 16:55 - WARNING - Iterative_cleaner_cmd: singularity exec /home/dsp/singularity_imag/pschive_py3.sif   python3 /home/dsp/PDR_acquire_setup/iterative_cleaner.py -s 3 -c 3 -m 10 *_GBD_DART*fits
21-07-2026 17:02 - WARNING - Time taken for Iterative_cleaner run: 0:06:54.155867
21-07-2026 17:02 - WARNING - ------ PDMP ------
21-07-2026 17:02 - WARNING - pdmp_cmd1: singularity exec /home/dsp/singularity_imag/pschive_py3.sif  pdmp -dr 2 -ds 0.05 -g J0953+0755_61242.35_175MHz_type_0_GBD_DART.fits_cleaned.ar.ps/cps J0953+0755_61242.35_175MHz_type_0_GBD_DART.fits_cleaned.ar
21-07-2026 17:42 - WARNING - pdmp_cmd2: singularity exec /home/dsp/singularity_imag/pschive_py3.sif  pdmp -dr 2 -ds 0.05 -g J0953+0755_61242.35_175MHz_type_0_GBD_DART_stokes_Incoherent_DD.fits_cleaned.ar.ps/cps J0953+0755_61242.35_175MHz_type_0_GBD_DART_stokes_Incoherent_DD.fits_cleaned.ar
21-07-2026 18:17 - WARNING - Time taken for PDMP run: 1:15:17.422400
21-07-2026 18:17 - WARNING - ------ PS2PDF ------
21-07-2026 18:17 - WARNING - ps2pdf_cmd1: singularity exec /home/dsp/singularity_imag/pschive_py3.sif  ps2pdf J0953+0755_61242.35_175MHz_type_0_GBD_DART.fits_cleaned.ar.ps J0953+0755_61242.35_175MHz_type_0_GBD_DART.fits_cleaned.ar.ps.pdf
21-07-2026 18:17 - WARNING - ps2pdf_cmd2: singularity exec /home/dsp/singularity_imag/pschive_py3.sif  ps2pdf J0953+0755_61242.35_175MHz_type_0_GBD_DART_stokes_Incoherent_DD.fits_cleaned.ar.ps J0953+0755_61242.35_175MHz_type_0_GBD_DART_stokes_Incoherent_DD.fits_cleaned.ar.ps.pdf
21-07-2026 18:17 - WARNING - Time taken for PDMP run: 0:00:01.095633
21-07-2026 18:17 - WARNING - Overall time taken for data reduction: 3:35:23.705925
21-07-2026 18:17 - WARNING - J0953+0755_2026_07_21_13_52_29_type_0.dada... file removed
21-07-2026 18:17 - WARNING - All done!
21-07-2026 18:17 --- PRESTO ---
21-07-2026 18:17 singularity_container: singularity exec /home/dsp/singularity_imag/pschive_py3.sif  
21-07-2026 18:17 Filterbank to Process for PULSAR: J0953+0755 with DM:2.94368147353273 : J0953+0755_2026_07_21_13_52_29_type_0.dada_intensity.fits
21-07-2026 18:17 --- RFIFIND ---
21-07-2026 18:17 RFIFIND: singularity exec /home/dsp/singularity_imag/pschive_py3.sif   rfifind -time 2.0 -o J0953+0755 J0953+0755_2026_07_21_13_52_29_type_0.dada_intensity.fits
21-07-2026 18:18 --- PREPDATA ---
21-07-2026 18:18 PREPDATA: singularity exec /home/dsp/singularity_imag/pschive_py3.sif   prepdata -nobary -o J0953+0755_2026_07_21_13_52_29_type_0.dada_intensity.fits -dm 2.94368147353273 -mask J0953+0755_rfifind.mask J0953+0755_2026_07_21_13_52_29_type_0.dada_intensity.fits
21-07-2026 18:18 --- REALFFT ---
21-07-2026 18:18 REALFFT: singularity exec /home/dsp/singularity_imag/pschive_py3.sif   realfft  J0953+0755_2026_07_21_13_52_29_type_0.dada_intensity.fits.dat
21-07-2026 18:18 --- ACCELSEARCH ---
21-07-2026 18:18 ACCELSEARCH: singularity exec /home/dsp/singularity_imag/pschive_py3.sif   accelsearch -numharm 8 -zmax 8  J0953+0755_2026_07_21_13_52_29_type_0.dada_intensity.fits.fft
21-07-2026 18:19 Observation Over.
