06-08-2026 12:48 Waiting for J0953+0755 observation...
06-08-2026 12:53 Observation started...
06-08-2026 12:53 Pulsar: J0953+0755 , parfile: /home/dsp/parfiles/J0953+0755.par , DM: 59400
06-08-2026 12:53 Trigger sent to obs. PC [VELA].
06-08-2026 13:38 Acquired 100.
06-08-2026 13:38 ACQ over.
06-08-2026 13:38 Removing Trigger file from remote machine 
06-08-2026 13:38 Observation stoped.
-rw------- 1 dsp dsp 2.0G Aug  6 12:49 /data/TRANSIENT_BUFFER/PDR_GULP_data002.pcap_06_08_2026_12_49_1786000787.PCAP_PDR
-rw------- 1 dsp dsp 2.0G Aug  6 12:50 /data/TRANSIENT_BUFFER/PDR_GULP_data000.pcap_06_08_2026_12_50_1786000816.PCAP_PDR
-rw------- 1 dsp dsp 2.0G Aug  6 12:50 /data/TRANSIENT_BUFFER/PDR_GULP_data001.pcap_06_08_2026_12_50_1786000845.PCAP_PDR
-rw------- 1 dsp dsp 2.0G Aug  6 12:51 /data/TRANSIENT_BUFFER/PDR_GULP_data002.pcap_06_08_2026_12_51_1786000875.PCAP_PDR
-rw------- 1 dsp dsp 2.0G Aug  6 12:51 /data/TRANSIENT_BUFFER/PDR_GULP_data000.pcap_06_08_2026_12_51_1786000904.PCAP_PDR
-rw------- 1 dsp dsp 2.0G Aug  6 12:52 /data/TRANSIENT_BUFFER/PDR_GULP_data001.pcap_06_08_2026_12_52_1786000933.PCAP_PDR
-rw------- 1 dsp dsp 2.0G Aug  6 12:52 /data/TRANSIENT_BUFFER/PDR_GULP_data002.pcap_06_08_2026_12_52_1786000962.PCAP_PDR
-rw------- 1 dsp dsp 2.0G Aug  6 12:53 /data/TRANSIENT_BUFFER/PDR_GULP_data000.pcap_06_08_2026_12_53_1786000991.PCAP_PDR
-rw------- 1 dsp dsp 2.0G Aug  6 12:53 /data/TRANSIENT_BUFFER/PDR_GULP_data001.pcap_06_08_2026_12_53_1786001021.PCAP_PDR
-rw------- 1 dsp dsp 2.0G Aug  6 12:54 /data/TRANSIENT_BUFFER/PDR_GULP_data002.pcap_06_08_2026_12_54_1786001050.PCAP_PDR
-rw------- 1 dsp dsp 2.0G Aug  6 12:54 /data/TRANSIENT_BUFFER/PDR_GULP_data000.pcap_06_08_2026_12_54_1786001079.PCAP_PDR
-rw------- 1 dsp dsp 2.0G Aug  6 12:55 /data/TRANSIENT_BUFFER/PDR_GULP_data001.pcap_06_08_2026_12_55_1786001108.PCAP_PDR
-rw------- 1 dsp dsp 2.0G Aug  6 12:55 /data/TRANSIENT_BUFFER/PDR_GULP_data002.pcap_06_08_2026_12_55_1786001138.PCAP_PDR
-rw------- 1 dsp dsp 2.0G Aug  6 12:56 /data/TRANSIENT_BUFFER/PDR_GULP_data000.pcap_06_08_2026_12_56_1786001167.PCAP_PDR
-rw------- 1 dsp dsp 2.0G Aug  6 12:56 /data/TRANSIENT_BUFFER/PDR_GULP_data001.pcap_06_08_2026_12_56_1786001196.PCAP_PDR
-rw------- 1 dsp dsp 2.0G Aug  6 12:57 /data/TRANSIENT_BUFFER/PDR_GULP_data002.pcap_06_08_2026_12_57_1786001225.PCAP_PDR
-rw------- 1 dsp dsp 2.0G Aug  6 12:57 /data/TRANSIENT_BUFFER/PDR_GULP_data000.pcap_06_08_2026_12_57_1786001254.PCAP_PDR
-rw------- 1 dsp dsp 2.0G Aug  6 12:58 /data/TRANSIENT_BUFFER/PDR_GULP_data001.pcap_06_08_2026_12_58_1786001284.PCAP_PDR
-rw------- 1 dsp dsp 2.0G Aug  6 12:58 /data/TRANSIENT_BUFFER/PDR_GULP_data002.pcap_06_08_2026_12_58_1786001313.PCAP_PDR
-rw------- 1 dsp dsp 2.0G Aug  6 12:58 /data/TRANSIENT_BUFFER/PDR_GULP_data000.pcap_06_08_2026_12_59_1786001342.PCAP_PDR
-rw------- 1 dsp dsp 2.0G Aug  6 12:59 /data/TRANSIENT_BUFFER/PDR_GULP_data001.pcap_06_08_2026_12_59_1786001371.PCAP_PDR
-rw------- 1 dsp dsp 2.0G Aug  6 12:59 /data/TRANSIENT_BUFFER/PDR_GULP_data002.pcap_06_08_2026_13_00_1786001400.PCAP_PDR
-rw------- 1 dsp dsp 2.0G Aug  6 13:00 /data/TRANSIENT_BUFFER/PDR_GULP_data000.pcap_06_08_2026_13_00_1786001430.PCAP_PDR
-rw------- 1 dsp dsp 2.0G Aug  6 13:00 /data/TRANSIENT_BUFFER/PDR_GULP_data001.pcap_06_08_2026_13_00_1786001459.PCAP_PDR
-rw------- 1 dsp dsp 2.0G Aug  6 13:01 /data/TRANSIENT_BUFFER/PDR_GULP_data002.pcap_06_08_2026_13_01_1786001488.PCAP_PDR
-rw------- 1 dsp dsp 2.0G Aug  6 13:01 /data/TRANSIENT_BUFFER/PDR_GULP_data000.pcap_06_08_2026_13_01_1786001517.PCAP_PDR
-rw------- 1 dsp dsp 2.0G Aug  6 13:02 /data/TRANSIENT_BUFFER/PDR_GULP_data001.pcap_06_08_2026_13_02_1786001546.PCAP_PDR
-rw------- 1 dsp dsp 2.0G Aug  6 13:02 /data/TRANSIENT_BUFFER/PDR_GULP_data002.pcap_06_08_2026_13_02_1786001576.PCAP_PDR
-rw------- 1 dsp dsp 2.0G Aug  6 13:03 /data/TRANSIENT_BUFFER/PDR_GULP_data000.pcap_06_08_2026_13_03_1786001605.PCAP_PDR
-rw------- 1 dsp dsp 2.0G Aug  6 13:03 /data/TRANSIENT_BUFFER/PDR_GULP_data001.pcap_06_08_2026_13_03_1786001634.PCAP_PDR
-rw------- 1 dsp dsp 2.0G Aug  6 13:04 /data/TRANSIENT_BUFFER/PDR_GULP_data002.pcap_06_08_2026_13_04_1786001663.PCAP_PDR
-rw------- 1 dsp dsp 2.0G Aug  6 13:04 /data/TRANSIENT_BUFFER/PDR_GULP_data000.pcap_06_08_2026_13_04_1786001692.PCAP_PDR
-rw------- 1 dsp dsp 2.0G Aug  6 13:05 /data/TRANSIENT_BUFFER/PDR_GULP_data001.pcap_06_08_2026_13_05_1786001722.PCAP_PDR
-rw------- 1 dsp dsp 2.0G Aug  6 13:05 /data/TRANSIENT_BUFFER/PDR_GULP_data002.pcap_06_08_2026_13_05_1786001751.PCAP_PDR
-rw------- 1 dsp dsp 2.0G Aug  6 13:06 /data/TRANSIENT_BUFFER/PDR_GULP_data000.pcap_06_08_2026_13_06_1786001780.PCAP_PDR
-rw------- 1 dsp dsp 2.0G Aug  6 13:06 /data/TRANSIENT_BUFFER/PDR_GULP_data001.pcap_06_08_2026_13_06_1786001809.PCAP_PDR
-rw------- 1 dsp dsp 2.0G Aug  6 13:07 /data/TRANSIENT_BUFFER/PDR_GULP_data002.pcap_06_08_2026_13_07_1786001838.PCAP_PDR
-rw------- 1 dsp dsp 2.0G Aug  6 13:07 /data/TRANSIENT_BUFFER/PDR_GULP_data000.pcap_06_08_2026_13_07_1786001868.PCAP_PDR
-rw------- 1 dsp dsp 2.0G Aug  6 13:08 /data/TRANSIENT_BUFFER/PDR_GULP_data001.pcap_06_08_2026_13_08_1786001897.PCAP_PDR
-rw------- 1 dsp dsp 2.0G Aug  6 13:08 /data/TRANSIENT_BUFFER/PDR_GULP_data002.pcap_06_08_2026_13_08_1786001926.PCAP_PDR
-rw------- 1 dsp dsp 2.0G Aug  6 13:09 /data/TRANSIENT_BUFFER/PDR_GULP_data000.pcap_06_08_2026_13_09_1786001955.PCAP_PDR
-rw------- 1 dsp dsp 2.0G Aug  6 13:09 /data/TRANSIENT_BUFFER/PDR_GULP_data001.pcap_06_08_2026_13_09_1786001985.PCAP_PDR
-rw------- 1 dsp dsp 2.0G Aug  6 13:10 /data/TRANSIENT_BUFFER/PDR_GULP_data002.pcap_06_08_2026_13_10_1786002014.PCAP_PDR
-rw------- 1 dsp dsp 2.0G Aug  6 13:10 /data/TRANSIENT_BUFFER/PDR_GULP_data000.pcap_06_08_2026_13_10_1786002043.PCAP_PDR
-rw------- 1 dsp dsp 2.0G Aug  6 13:11 /data/TRANSIENT_BUFFER/PDR_GULP_data001.pcap_06_08_2026_13_11_1786002072.PCAP_PDR
-rw------- 1 dsp dsp 2.0G Aug  6 13:11 /data/TRANSIENT_BUFFER/PDR_GULP_data002.pcap_06_08_2026_13_11_1786002101.PCAP_PDR
-rw------- 1 dsp dsp 2.0G Aug  6 13:12 /data/TRANSIENT_BUFFER/PDR_GULP_data000.pcap_06_08_2026_13_12_1786002131.PCAP_PDR
-rw------- 1 dsp dsp 2.0G Aug  6 13:12 /data/TRANSIENT_BUFFER/PDR_GULP_data001.pcap_06_08_2026_13_12_1786002160.PCAP_PDR
-rw------- 1 dsp dsp 2.0G Aug  6 13:13 /data/TRANSIENT_BUFFER/PDR_GULP_data002.pcap_06_08_2026_13_13_1786002189.PCAP_PDR
-rw------- 1 dsp dsp 2.0G Aug  6 13:13 /data/TRANSIENT_BUFFER/PDR_GULP_data000.pcap_06_08_2026_13_13_1786002218.PCAP_PDR
-rw------- 1 dsp dsp 2.0G Aug  6 13:14 /data/TRANSIENT_BUFFER/PDR_GULP_data001.pcap_06_08_2026_13_14_1786002247.PCAP_PDR
-rw------- 1 dsp dsp 2.0G Aug  6 13:14 /data/TRANSIENT_BUFFER/PDR_GULP_data002.pcap_06_08_2026_13_14_1786002277.PCAP_PDR
-rw------- 1 dsp dsp 2.0G Aug  6 13:15 /data/TRANSIENT_BUFFER/PDR_GULP_data000.pcap_06_08_2026_13_15_1786002306.PCAP_PDR
-rw------- 1 dsp dsp 2.0G Aug  6 13:15 /data/TRANSIENT_BUFFER/PDR_GULP_data001.pcap_06_08_2026_13_15_1786002335.PCAP_PDR
-rw------- 1 dsp dsp 2.0G Aug  6 13:16 /data/TRANSIENT_BUFFER/PDR_GULP_data002.pcap_06_08_2026_13_16_1786002364.PCAP_PDR
-rw------- 1 dsp dsp 2.0G Aug  6 13:16 /data/TRANSIENT_BUFFER/PDR_GULP_data000.pcap_06_08_2026_13_16_1786002393.PCAP_PDR
-rw------- 1 dsp dsp 2.0G Aug  6 13:17 /data/TRANSIENT_BUFFER/PDR_GULP_data001.pcap_06_08_2026_13_17_1786002423.PCAP_PDR
-rw------- 1 dsp dsp 2.0G Aug  6 13:17 /data/TRANSIENT_BUFFER/PDR_GULP_data002.pcap_06_08_2026_13_17_1786002452.PCAP_PDR
-rw------- 1 dsp dsp 2.0G Aug  6 13:17 /data/TRANSIENT_BUFFER/PDR_GULP_data000.pcap_06_08_2026_13_18_1786002481.PCAP_PDR
-rw------- 1 dsp dsp 2.0G Aug  6 13:18 /data/TRANSIENT_BUFFER/PDR_GULP_data001.pcap_06_08_2026_13_18_1786002510.PCAP_PDR
-rw------- 1 dsp dsp 2.0G Aug  6 13:18 /data/TRANSIENT_BUFFER/PDR_GULP_data002.pcap_06_08_2026_13_18_1786002539.PCAP_PDR
-rw------- 1 dsp dsp 2.0G Aug  6 13:19 /data/TRANSIENT_BUFFER/PDR_GULP_data000.pcap_06_08_2026_13_19_1786002569.PCAP_PDR
-rw------- 1 dsp dsp 2.0G Aug  6 13:19 /data/TRANSIENT_BUFFER/PDR_GULP_data001.pcap_06_08_2026_13_19_1786002598.PCAP_PDR
-rw------- 1 dsp dsp 2.0G Aug  6 13:20 /data/TRANSIENT_BUFFER/PDR_GULP_data002.pcap_06_08_2026_13_20_1786002627.PCAP_PDR
-rw------- 1 dsp dsp 2.0G Aug  6 13:20 /data/TRANSIENT_BUFFER/PDR_GULP_data000.pcap_06_08_2026_13_20_1786002656.PCAP_PDR
-rw------- 1 dsp dsp 2.0G Aug  6 13:21 /data/TRANSIENT_BUFFER/PDR_GULP_data001.pcap_06_08_2026_13_21_1786002686.PCAP_PDR
-rw------- 1 dsp dsp 2.0G Aug  6 13:21 /data/TRANSIENT_BUFFER/PDR_GULP_data002.pcap_06_08_2026_13_21_1786002715.PCAP_PDR
-rw------- 1 dsp dsp 2.0G Aug  6 13:22 /data/TRANSIENT_BUFFER/PDR_GULP_data000.pcap_06_08_2026_13_22_1786002744.PCAP_PDR
-rw------- 1 dsp dsp 2.0G Aug  6 13:22 /data/TRANSIENT_BUFFER/PDR_GULP_data001.pcap_06_08_2026_13_22_1786002773.PCAP_PDR
-rw------- 1 dsp dsp 2.0G Aug  6 13:23 /data/TRANSIENT_BUFFER/PDR_GULP_data002.pcap_06_08_2026_13_23_1786002802.PCAP_PDR
-rw------- 1 dsp dsp 2.0G Aug  6 13:23 /data/TRANSIENT_BUFFER/PDR_GULP_data000.pcap_06_08_2026_13_23_1786002832.PCAP_PDR
-rw------- 1 dsp dsp 2.0G Aug  6 13:24 /data/TRANSIENT_BUFFER/PDR_GULP_data001.pcap_06_08_2026_13_24_1786002861.PCAP_PDR
-rw------- 1 dsp dsp 2.0G Aug  6 13:24 /data/TRANSIENT_BUFFER/PDR_GULP_data002.pcap_06_08_2026_13_24_1786002890.PCAP_PDR
-rw------- 1 dsp dsp 2.0G Aug  6 13:25 /data/TRANSIENT_BUFFER/PDR_GULP_data000.pcap_06_08_2026_13_25_1786002919.PCAP_PDR
-rw------- 1 dsp dsp 2.0G Aug  6 13:25 /data/TRANSIENT_BUFFER/PDR_GULP_data001.pcap_06_08_2026_13_25_1786002948.PCAP_PDR
-rw------- 1 dsp dsp 2.0G Aug  6 13:26 /data/TRANSIENT_BUFFER/PDR_GULP_data002.pcap_06_08_2026_13_26_1786002978.PCAP_PDR
-rw------- 1 dsp dsp 2.0G Aug  6 13:26 /data/TRANSIENT_BUFFER/PDR_GULP_data000.pcap_06_08_2026_13_26_1786003007.PCAP_PDR
-rw------- 1 dsp dsp 2.0G Aug  6 13:27 /data/TRANSIENT_BUFFER/PDR_GULP_data001.pcap_06_08_2026_13_27_1786003036.PCAP_PDR
-rw------- 1 dsp dsp 2.0G Aug  6 13:27 /data/TRANSIENT_BUFFER/PDR_GULP_data002.pcap_06_08_2026_13_27_1786003065.PCAP_PDR
-rw------- 1 dsp dsp 2.0G Aug  6 13:28 /data/TRANSIENT_BUFFER/PDR_GULP_data000.pcap_06_08_2026_13_28_1786003094.PCAP_PDR
-rw------- 1 dsp dsp 2.0G Aug  6 13:28 /data/TRANSIENT_BUFFER/PDR_GULP_data001.pcap_06_08_2026_13_28_1786003124.PCAP_PDR
-rw------- 1 dsp dsp 2.0G Aug  6 13:29 /data/TRANSIENT_BUFFER/PDR_GULP_data002.pcap_06_08_2026_13_29_1786003153.PCAP_PDR
-rw------- 1 dsp dsp 2.0G Aug  6 13:29 /data/TRANSIENT_BUFFER/PDR_GULP_data000.pcap_06_08_2026_13_29_1786003182.PCAP_PDR
-rw------- 1 dsp dsp 2.0G Aug  6 13:30 /data/TRANSIENT_BUFFER/PDR_GULP_data001.pcap_06_08_2026_13_30_1786003211.PCAP_PDR
-rw------- 1 dsp dsp 2.0G Aug  6 13:30 /data/TRANSIENT_BUFFER/PDR_GULP_data002.pcap_06_08_2026_13_30_1786003240.PCAP_PDR
-rw------- 1 dsp dsp 2.0G Aug  6 13:31 /data/TRANSIENT_BUFFER/PDR_GULP_data000.pcap_06_08_2026_13_31_1786003270.PCAP_PDR
-rw------- 1 dsp dsp 2.0G Aug  6 13:31 /data/TRANSIENT_BUFFER/PDR_GULP_data001.pcap_06_08_2026_13_31_1786003299.PCAP_PDR
-rw------- 1 dsp dsp 2.0G Aug  6 13:32 /data/TRANSIENT_BUFFER/PDR_GULP_data002.pcap_06_08_2026_13_32_1786003328.PCAP_PDR
-rw------- 1 dsp dsp 2.0G Aug  6 13:32 /data/TRANSIENT_BUFFER/PDR_GULP_data000.pcap_06_08_2026_13_32_1786003357.PCAP_PDR
-rw------- 1 dsp dsp 2.0G Aug  6 13:33 /data/TRANSIENT_BUFFER/PDR_GULP_data001.pcap_06_08_2026_13_33_1786003387.PCAP_PDR
-rw------- 1 dsp dsp 2.0G Aug  6 13:33 /data/TRANSIENT_BUFFER/PDR_GULP_data002.pcap_06_08_2026_13_33_1786003416.PCAP_PDR
-rw------- 1 dsp dsp 2.0G Aug  6 13:34 /data/TRANSIENT_BUFFER/PDR_GULP_data000.pcap_06_08_2026_13_34_1786003445.PCAP_PDR
-rw------- 1 dsp dsp 2.0G Aug  6 13:34 /data/TRANSIENT_BUFFER/PDR_GULP_data001.pcap_06_08_2026_13_34_1786003474.PCAP_PDR
-rw------- 1 dsp dsp 2.0G Aug  6 13:35 /data/TRANSIENT_BUFFER/PDR_GULP_data002.pcap_06_08_2026_13_35_1786003503.PCAP_PDR
-rw------- 1 dsp dsp 2.0G Aug  6 13:35 /data/TRANSIENT_BUFFER/PDR_GULP_data000.pcap_06_08_2026_13_35_1786003533.PCAP_PDR
-rw------- 1 dsp dsp 2.0G Aug  6 13:35 /data/TRANSIENT_BUFFER/PDR_GULP_data001.pcap_06_08_2026_13_36_1786003562.PCAP_PDR
-rw------- 1 dsp dsp 2.0G Aug  6 13:36 /data/TRANSIENT_BUFFER/PDR_GULP_data002.pcap_06_08_2026_13_36_1786003591.PCAP_PDR
-rw------- 1 dsp dsp 2.0G Aug  6 13:36 /data/TRANSIENT_BUFFER/PDR_GULP_data000.pcap_06_08_2026_13_37_1786003620.PCAP_PDR
-rw------- 1 dsp dsp 2.0G Aug  6 13:37 /data/TRANSIENT_BUFFER/PDR_GULP_data001.pcap_06_08_2026_13_37_1786003649.PCAP_PDR
-rw------- 1 dsp dsp 2.0G Aug  6 13:37 /data/TRANSIENT_BUFFER/PDR_GULP_data002.pcap_06_08_2026_13_37_1786003679.PCAP_PDR
06-08-2026 13:38 RAW PCAP data moved from Transient Buffer.
06-08-2026 13:38 SLIP check Started ...
06-08-2026 13:38 - WARNING - Data Directory: /data/dsp/GBD_TRANSIENT_BUFFER/J0953+0755/06_08_2026
06-08-2026 13:38 - WARNING - Number of Files: 100
06-08-2026 13:38 - WARNING - No packet loss: /data/dsp/GBD_TRANSIENT_BUFFER/J0953+0755/06_08_2026/PDR_GULP_data002.pcap_06_08_2026_12_49_1786000787.PCAP_PDR
06-08-2026 13:38 - WARNING - first_pkt_count, first_gps_count, first_pkt_Tstamp
06-08-2026 13:38 - WARNING - 3818017421 12419 2026-08-06T07:19:15.303695
06-08-2026 13:38 - WARNING - last_pkt_count, last_gps_count, last_pkt_Tstamp
06-08-2026 13:38 - WARNING - 3819899962 12448 2026-08-06T07:19:44.511387
06-08-2026 13:38 - WARNING - diff_pkt_count  , diff_gps_count ,  diff_pkt_timstamp
06-08-2026 13:38 - WARNING - 1882541 29 29207692 microseconds
06-08-2026 13:38 - WARNING - No packet loss: /data/dsp/GBD_TRANSIENT_BUFFER/J0953+0755/06_08_2026/PDR_GULP_data000.pcap_06_08_2026_12_50_1786000816.PCAP_PDR
06-08-2026 13:38 - WARNING - first_pkt_count, first_gps_count, first_pkt_Tstamp
06-08-2026 13:38 - WARNING - 3819899963 12448 2026-08-06T07:19:44.511387
06-08-2026 13:38 - WARNING - last_pkt_count, last_gps_count, last_pkt_Tstamp
06-08-2026 13:38 - WARNING - 3821782504 12477 2026-08-06T07:20:13.719049
06-08-2026 13:38 - WARNING - diff_pkt_count  , diff_gps_count ,  diff_pkt_timstamp
06-08-2026 13:38 - WARNING - 1882541 29 29207662 microseconds
06-08-2026 13:38 - WARNING - No packet loss: /data/dsp/GBD_TRANSIENT_BUFFER/J0953+0755/06_08_2026/PDR_GULP_data001.pcap_06_08_2026_12_50_1786000845.PCAP_PDR
06-08-2026 13:38 - WARNING - first_pkt_count, first_gps_count, first_pkt_Tstamp
06-08-2026 13:38 - WARNING - 3821782505 12477 2026-08-06T07:20:13.719138
06-08-2026 13:38 - WARNING - last_pkt_count, last_gps_count, last_pkt_Tstamp
06-08-2026 13:38 - WARNING - 3823665046 12506 2026-08-06T07:20:42.926840
06-08-2026 13:38 - WARNING - diff_pkt_count  , diff_gps_count ,  diff_pkt_timstamp
06-08-2026 13:38 - WARNING - 1882541 29 29207702 microseconds
06-08-2026 13:38 - WARNING - No packet loss: /data/dsp/GBD_TRANSIENT_BUFFER/J0953+0755/06_08_2026/PDR_GULP_data002.pcap_06_08_2026_12_51_1786000875.PCAP_PDR
06-08-2026 13:38 - WARNING - first_pkt_count, first_gps_count, first_pkt_Tstamp
06-08-2026 13:38 - WARNING - 3823665047 12506 2026-08-06T07:20:42.926840
06-08-2026 13:38 - WARNING - last_pkt_count, last_gps_count, last_pkt_Tstamp
06-08-2026 13:38 - WARNING - 3825547589 12536 2026-08-06T07:21:12.134631
06-08-2026 13:38 - WARNING - diff_pkt_count  , diff_gps_count ,  diff_pkt_timstamp
06-08-2026 13:38 - WARNING - 1882542 30 29207791 microseconds
06-08-2026 13:38 - WARNING - No packet loss: /data/dsp/GBD_TRANSIENT_BUFFER/J0953+0755/06_08_2026/PDR_GULP_data000.pcap_06_08_2026_12_51_1786000904.PCAP_PDR
06-08-2026 13:38 - WARNING - first_pkt_count, first_gps_count, first_pkt_Tstamp
06-08-2026 13:38 - WARNING - 3825547590 12536 2026-08-06T07:21:12.134632
06-08-2026 13:38 - WARNING - last_pkt_count, last_gps_count, last_pkt_Tstamp
06-08-2026 13:38 - WARNING - 3827430131 12565 2026-08-06T07:21:41.342319
06-08-2026 13:38 - WARNING - diff_pkt_count  , diff_gps_count ,  diff_pkt_timstamp
06-08-2026 13:38 - WARNING - 1882541 29 29207687 microseconds
06-08-2026 13:38 - WARNING - No packet loss: /data/dsp/GBD_TRANSIENT_BUFFER/J0953+0755/06_08_2026/PDR_GULP_data001.pcap_06_08_2026_12_52_1786000933.PCAP_PDR
06-08-2026 13:38 - WARNING - first_pkt_count, first_gps_count, first_pkt_Tstamp
06-08-2026 13:38 - WARNING - 3827430132 12565 2026-08-06T07:21:41.342319
06-08-2026 13:38 - WARNING - last_pkt_count, last_gps_count, last_pkt_Tstamp
06-08-2026 13:38 - WARNING - 3829312673 12594 2026-08-06T07:22:10.550046
06-08-2026 13:38 - WARNING - diff_pkt_count  , diff_gps_count ,  diff_pkt_timstamp
06-08-2026 13:38 - WARNING - 1882541 29 29207727 microseconds
06-08-2026 13:38 - WARNING - Packet loss: /data/dsp/GBD_TRANSIENT_BUFFER/J0953+0755/06_08_2026/PDR_GULP_data002.pcap_06_08_2026_12_52_1786000962.PCAP_PDR
06-08-2026 13:38 - WARNING - Packet loss found .... Being fixed ... Please wait ...
06-08-2026 13:38 - WARNING - PCAP filtering ... tcpdump -r /data/dsp/GBD_TRANSIENT_BUFFER/J0953+0755/06_08_2026/PDR_GULP_data002.pcap_06_08_2026_12_52_1786000962.PCAP_PDR.pcap -w PDR_GULP_data002.pcap_06_08_2026_12_52_1786000962_filtered.PCAP_PDR.pcap  host 172.10.10.1 and port 55000 
06-08-2026 13:38 - WARNING - Patched /data/dsp/GBD_TRANSIENT_BUFFER/J0953+0755/06_08_2026/PDR_GULP_data002.pcap_06_08_2026_12_52_1786000962.PCAP_PDR as PDR_GULP_data002.pcap_06_08_2026_12_52_1786000962_filtered.PCAP_PDR
06-08-2026 13:38 - WARNING - Gulped file moved to /data/dsp/GBD_TRANSIENT_BUFFER/J0953+0755/06_08_2026/GULPED
06-08-2026 13:38 - WARNING - first_pkt_count, first_gps_count, first_pkt_Tstamp
06-08-2026 13:38 - WARNING - 3829312674 12594 2026-08-06T07:22:10.550046
06-08-2026 13:38 - WARNING - last_pkt_count, last_gps_count, last_pkt_Tstamp
06-08-2026 13:38 - WARNING - 3831195215 12623 2026-08-06T07:22:39.757834
06-08-2026 13:38 - WARNING - diff_pkt_count  , diff_gps_count ,  diff_pkt_timstamp
06-08-2026 13:38 - WARNING - 1882541 29 29207788 microseconds
06-08-2026 13:38 - WARNING - No packet loss: /data/dsp/GBD_TRANSIENT_BUFFER/J0953+0755/06_08_2026/PDR_GULP_data000.pcap_06_08_2026_12_53_1786000991.PCAP_PDR
06-08-2026 13:38 - WARNING - first_pkt_count, first_gps_count, first_pkt_Tstamp
06-08-2026 13:38 - WARNING - 3831195216 12623 2026-08-06T07:22:39.757834
06-08-2026 13:38 - WARNING - last_pkt_count, last_gps_count, last_pkt_Tstamp
06-08-2026 13:38 - WARNING - 3833077757 12652 2026-08-06T07:23:08.965629
06-08-2026 13:38 - WARNING - diff_pkt_count  , diff_gps_count ,  diff_pkt_timstamp
06-08-2026 13:38 - WARNING - 1882541 29 29207795 microseconds
06-08-2026 13:38 - WARNING - No packet loss: /data/dsp/GBD_TRANSIENT_BUFFER/J0953+0755/06_08_2026/PDR_GULP_data001.pcap_06_08_2026_12_53_1786001021.PCAP_PDR
06-08-2026 13:38 - WARNING - first_pkt_count, first_gps_count, first_pkt_Tstamp
06-08-2026 13:38 - WARNING - 3833077758 12652 2026-08-06T07:23:08.965630
06-08-2026 13:38 - WARNING - last_pkt_count, last_gps_count, last_pkt_Tstamp
06-08-2026 13:38 - WARNING - 3834960299 12682 2026-08-06T07:23:38.173349
06-08-2026 13:38 - WARNING - diff_pkt_count  , diff_gps_count ,  diff_pkt_timstamp
06-08-2026 13:38 - WARNING - 1882541 30 29207719 microseconds
06-08-2026 13:38 - WARNING - No packet loss: /data/dsp/GBD_TRANSIENT_BUFFER/J0953+0755/06_08_2026/PDR_GULP_data002.pcap_06_08_2026_12_54_1786001050.PCAP_PDR
06-08-2026 13:38 - WARNING - first_pkt_count, first_gps_count, first_pkt_Tstamp
06-08-2026 13:38 - WARNING - 3834960300 12682 2026-08-06T07:23:38.173350
06-08-2026 13:38 - WARNING - last_pkt_count, last_gps_count, last_pkt_Tstamp
06-08-2026 13:38 - WARNING - 3836842841 12711 2026-08-06T07:24:07.381106
06-08-2026 13:38 - WARNING - diff_pkt_count  , diff_gps_count ,  diff_pkt_timstamp
06-08-2026 13:38 - WARNING - 1882541 29 29207756 microseconds
06-08-2026 13:38 - WARNING - No packet loss: /data/dsp/GBD_TRANSIENT_BUFFER/J0953+0755/06_08_2026/PDR_GULP_data000.pcap_06_08_2026_12_54_1786001079.PCAP_PDR
06-08-2026 13:38 - WARNING - first_pkt_count, first_gps_count, first_pkt_Tstamp
06-08-2026 13:38 - WARNING - 3836842842 12711 2026-08-06T07:24:07.381106
06-08-2026 13:38 - WARNING - last_pkt_count, last_gps_count, last_pkt_Tstamp
06-08-2026 13:38 - WARNING - 3838725384 12740 2026-08-06T07:24:36.588932
06-08-2026 13:38 - WARNING - diff_pkt_count  , diff_gps_count ,  diff_pkt_timstamp
06-08-2026 13:38 - WARNING - 1882542 29 29207826 microseconds
06-08-2026 13:38 - WARNING - No packet loss: /data/dsp/GBD_TRANSIENT_BUFFER/J0953+0755/06_08_2026/PDR_GULP_data001.pcap_06_08_2026_12_55_1786001108.PCAP_PDR
06-08-2026 13:38 - WARNING - first_pkt_count, first_gps_count, first_pkt_Tstamp
06-08-2026 13:38 - WARNING - 3838725385 12740 2026-08-06T07:24:36.588932
06-08-2026 13:38 - WARNING - last_pkt_count, last_gps_count, last_pkt_Tstamp
06-08-2026 13:38 - WARNING - 3840607926 12769 2026-08-06T07:25:05.796650
06-08-2026 13:38 - WARNING - diff_pkt_count  , diff_gps_count ,  diff_pkt_timstamp
06-08-2026 13:38 - WARNING - 1882541 29 29207718 microseconds
06-08-2026 13:38 - WARNING - No packet loss: /data/dsp/GBD_TRANSIENT_BUFFER/J0953+0755/06_08_2026/PDR_GULP_data002.pcap_06_08_2026_12_55_1786001138.PCAP_PDR
06-08-2026 13:38 - WARNING - first_pkt_count, first_gps_count, first_pkt_Tstamp
06-08-2026 13:38 - WARNING - 3840607927 12769 2026-08-06T07:25:05.796702
06-08-2026 13:38 - WARNING - last_pkt_count, last_gps_count, last_pkt_Tstamp
06-08-2026 13:38 - WARNING - 3842490468 12798 2026-08-06T07:25:35.004490
06-08-2026 13:38 - WARNING - diff_pkt_count  , diff_gps_count ,  diff_pkt_timstamp
06-08-2026 13:38 - WARNING - 1882541 29 29207788 microseconds
06-08-2026 13:38 - WARNING - No packet loss: /data/dsp/GBD_TRANSIENT_BUFFER/J0953+0755/06_08_2026/PDR_GULP_data000.pcap_06_08_2026_12_56_1786001167.PCAP_PDR
06-08-2026 13:38 - WARNING - first_pkt_count, first_gps_count, first_pkt_Tstamp
06-08-2026 13:38 - WARNING - 3842490469 12798 2026-08-06T07:25:35.004490
06-08-2026 13:38 - WARNING - last_pkt_count, last_gps_count, last_pkt_Tstamp
06-08-2026 13:38 - WARNING - 3844373010 12828 2026-08-06T07:26:04.212233
06-08-2026 13:38 - WARNING - diff_pkt_count  , diff_gps_count ,  diff_pkt_timstamp
06-08-2026 13:38 - WARNING - 1882541 30 29207743 microseconds
06-08-2026 13:38 - WARNING - No packet loss: /data/dsp/GBD_TRANSIENT_BUFFER/J0953+0755/06_08_2026/PDR_GULP_data001.pcap_06_08_2026_12_56_1786001196.PCAP_PDR
06-08-2026 13:38 - WARNING - first_pkt_count, first_gps_count, first_pkt_Tstamp
06-08-2026 13:38 - WARNING - 3844373011 12828 2026-08-06T07:26:04.212233
06-08-2026 13:38 - WARNING - last_pkt_count, last_gps_count, last_pkt_Tstamp
06-08-2026 13:38 - WARNING - 3846255552 12857 2026-08-06T07:26:33.420041
06-08-2026 13:38 - WARNING - diff_pkt_count  , diff_gps_count ,  diff_pkt_timstamp
06-08-2026 13:38 - WARNING - 1882541 29 29207808 microseconds
06-08-2026 13:38 - WARNING - No packet loss: /data/dsp/GBD_TRANSIENT_BUFFER/J0953+0755/06_08_2026/PDR_GULP_data002.pcap_06_08_2026_12_57_1786001225.PCAP_PDR
06-08-2026 13:38 - WARNING - first_pkt_count, first_gps_count, first_pkt_Tstamp
06-08-2026 13:38 - WARNING - 3846255553 12857 2026-08-06T07:26:33.420041
06-08-2026 13:38 - WARNING - last_pkt_count, last_gps_count, last_pkt_Tstamp
06-08-2026 13:38 - WARNING - 3848138094 12886 2026-08-06T07:27:02.627805
06-08-2026 13:38 - WARNING - diff_pkt_count  , diff_gps_count ,  diff_pkt_timstamp
06-08-2026 13:38 - WARNING - 1882541 29 29207764 microseconds
06-08-2026 13:38 - WARNING - No packet loss: /data/dsp/GBD_TRANSIENT_BUFFER/J0953+0755/06_08_2026/PDR_GULP_data000.pcap_06_08_2026_12_57_1786001254.PCAP_PDR
06-08-2026 13:38 - WARNING - first_pkt_count, first_gps_count, first_pkt_Tstamp
06-08-2026 13:38 - WARNING - 3848138095 12886 2026-08-06T07:27:02.627805
06-08-2026 13:38 - WARNING - last_pkt_count, last_gps_count, last_pkt_Tstamp
06-08-2026 13:38 - WARNING - 3850020637 12915 2026-08-06T07:27:31.835643
06-08-2026 13:38 - WARNING - diff_pkt_count  , diff_gps_count ,  diff_pkt_timstamp
06-08-2026 13:38 - WARNING - 1882542 29 29207838 microseconds
06-08-2026 13:38 - WARNING - No packet loss: /data/dsp/GBD_TRANSIENT_BUFFER/J0953+0755/06_08_2026/PDR_GULP_data001.pcap_06_08_2026_12_58_1786001284.PCAP_PDR
06-08-2026 13:38 - WARNING - first_pkt_count, first_gps_count, first_pkt_Tstamp
06-08-2026 13:38 - WARNING - 3850020638 12915 2026-08-06T07:27:31.835644
06-08-2026 13:38 - WARNING - last_pkt_count, last_gps_count, last_pkt_Tstamp
06-08-2026 13:38 - WARNING - 3851903179 12945 2026-08-06T07:28:01.043423
06-08-2026 13:38 - WARNING - diff_pkt_count  , diff_gps_count ,  diff_pkt_timstamp
06-08-2026 13:38 - WARNING - 1882541 30 29207779 microseconds
06-08-2026 13:38 - WARNING - No packet loss: /data/dsp/GBD_TRANSIENT_BUFFER/J0953+0755/06_08_2026/PDR_GULP_data002.pcap_06_08_2026_12_58_1786001313.PCAP_PDR
06-08-2026 13:38 - WARNING - first_pkt_count, first_gps_count, first_pkt_Tstamp
06-08-2026 13:38 - WARNING - 3851903180 12945 2026-08-06T07:28:01.043423
06-08-2026 13:38 - WARNING - last_pkt_count, last_gps_count, last_pkt_Tstamp
06-08-2026 13:38 - WARNING - 3853785721 12974 2026-08-06T07:28:30.251219
06-08-2026 13:38 - WARNING - diff_pkt_count  , diff_gps_count ,  diff_pkt_timstamp
06-08-2026 13:38 - WARNING - 1882541 29 29207796 microseconds
06-08-2026 13:38 - WARNING - No packet loss: /data/dsp/GBD_TRANSIENT_BUFFER/J0953+0755/06_08_2026/PDR_GULP_data000.pcap_06_08_2026_12_59_1786001342.PCAP_PDR
06-08-2026 13:38 - WARNING - first_pkt_count, first_gps_count, first_pkt_Tstamp
06-08-2026 13:38 - WARNING - 3853785722 12974 2026-08-06T07:28:30.251220
06-08-2026 13:38 - WARNING - last_pkt_count, last_gps_count, last_pkt_Tstamp
06-08-2026 13:38 - WARNING - 3855668263 13003 2026-08-06T07:28:59.459039
06-08-2026 13:38 - WARNING - diff_pkt_count  , diff_gps_count ,  diff_pkt_timstamp
06-08-2026 13:38 - WARNING - 1882541 29 29207819 microseconds
06-08-2026 13:38 - WARNING - No packet loss: /data/dsp/GBD_TRANSIENT_BUFFER/J0953+0755/06_08_2026/PDR_GULP_data001.pcap_06_08_2026_12_59_1786001371.PCAP_PDR
06-08-2026 13:38 - WARNING - first_pkt_count, first_gps_count, first_pkt_Tstamp
06-08-2026 13:38 - WARNING - 3855668264 13003 2026-08-06T07:28:59.459039
06-08-2026 13:38 - WARNING - last_pkt_count, last_gps_count, last_pkt_Tstamp
06-08-2026 13:38 - WARNING - 3857550805 13032 2026-08-06T07:29:28.666831
06-08-2026 13:38 - WARNING - diff_pkt_count  , diff_gps_count ,  diff_pkt_timstamp
06-08-2026 13:38 - WARNING - 1882541 29 29207792 microseconds
06-08-2026 13:38 - WARNING - No packet loss: /data/dsp/GBD_TRANSIENT_BUFFER/J0953+0755/06_08_2026/PDR_GULP_data002.pcap_06_08_2026_13_00_1786001400.PCAP_PDR
06-08-2026 13:38 - WARNING - first_pkt_count, first_gps_count, first_pkt_Tstamp
06-08-2026 13:38 - WARNING - 3857550806 13032 2026-08-06T07:29:28.666831
06-08-2026 13:38 - WARNING - last_pkt_count, last_gps_count, last_pkt_Tstamp
06-08-2026 13:38 - WARNING - 3859433347 13061 2026-08-06T07:29:57.874626
06-08-2026 13:38 - WARNING - diff_pkt_count  , diff_gps_count ,  diff_pkt_timstamp
06-08-2026 13:38 - WARNING - 1882541 29 29207795 microseconds
06-08-2026 13:38 - WARNING - No packet loss: /data/dsp/GBD_TRANSIENT_BUFFER/J0953+0755/06_08_2026/PDR_GULP_data000.pcap_06_08_2026_13_00_1786001430.PCAP_PDR
06-08-2026 13:38 - WARNING - first_pkt_count, first_gps_count, first_pkt_Tstamp
06-08-2026 13:38 - WARNING - 3859433348 13061 2026-08-06T07:29:57.874626
06-08-2026 13:38 - WARNING - last_pkt_count, last_gps_count, last_pkt_Tstamp
06-08-2026 13:38 - WARNING - 3861315890 13091 2026-08-06T07:30:27.082444
06-08-2026 13:38 - WARNING - diff_pkt_count  , diff_gps_count ,  diff_pkt_timstamp
06-08-2026 13:38 - WARNING - 1882542 30 29207818 microseconds
06-08-2026 13:38 - WARNING - No packet loss: /data/dsp/GBD_TRANSIENT_BUFFER/J0953+0755/06_08_2026/PDR_GULP_data001.pcap_06_08_2026_13_00_1786001459.PCAP_PDR
06-08-2026 13:38 - WARNING - first_pkt_count, first_gps_count, first_pkt_Tstamp
06-08-2026 13:38 - WARNING - 3861315891 13091 2026-08-06T07:30:27.082445
06-08-2026 13:38 - WARNING - last_pkt_count, last_gps_count, last_pkt_Tstamp
06-08-2026 13:38 - WARNING - 3863198432 13120 2026-08-06T07:30:56.290226
06-08-2026 13:38 - WARNING - diff_pkt_count  , diff_gps_count ,  diff_pkt_timstamp
06-08-2026 13:38 - WARNING - 1882541 29 29207781 microseconds
06-08-2026 13:38 - WARNING - No packet loss: /data/dsp/GBD_TRANSIENT_BUFFER/J0953+0755/06_08_2026/PDR_GULP_data002.pcap_06_08_2026_13_01_1786001488.PCAP_PDR
06-08-2026 13:38 - WARNING - first_pkt_count, first_gps_count, first_pkt_Tstamp
06-08-2026 13:38 - WARNING - 3863198433 13120 2026-08-06T07:30:56.290279
06-08-2026 13:38 - WARNING - last_pkt_count, last_gps_count, last_pkt_Tstamp
06-08-2026 13:38 - WARNING - 3865080974 13149 2026-08-06T07:31:25.498043
06-08-2026 13:38 - WARNING - diff_pkt_count  , diff_gps_count ,  diff_pkt_timstamp
06-08-2026 13:38 - WARNING - 1882541 29 29207764 microseconds
06-08-2026 13:38 - WARNING - No packet loss: /data/dsp/GBD_TRANSIENT_BUFFER/J0953+0755/06_08_2026/PDR_GULP_data000.pcap_06_08_2026_13_01_1786001517.PCAP_PDR
06-08-2026 13:38 - WARNING - first_pkt_count, first_gps_count, first_pkt_Tstamp
06-08-2026 13:38 - WARNING - 3865080975 13149 2026-08-06T07:31:25.498044
06-08-2026 13:38 - WARNING - last_pkt_count, last_gps_count, last_pkt_Tstamp
06-08-2026 13:38 - WARNING - 3866963516 13178 2026-08-06T07:31:54.705937
06-08-2026 13:38 - WARNING - diff_pkt_count  , diff_gps_count ,  diff_pkt_timstamp
06-08-2026 13:38 - WARNING - 1882541 29 29207893 microseconds
06-08-2026 13:38 - WARNING - No packet loss: /data/dsp/GBD_TRANSIENT_BUFFER/J0953+0755/06_08_2026/PDR_GULP_data001.pcap_06_08_2026_13_02_1786001546.PCAP_PDR
06-08-2026 13:38 - WARNING - first_pkt_count, first_gps_count, first_pkt_Tstamp
06-08-2026 13:38 - WARNING - 3866963517 13178 2026-08-06T07:31:54.705937
06-08-2026 13:38 - WARNING - last_pkt_count, last_gps_count, last_pkt_Tstamp
06-08-2026 13:38 - WARNING - 3868846058 13207 2026-08-06T07:32:23.913658
06-08-2026 13:38 - WARNING - diff_pkt_count  , diff_gps_count ,  diff_pkt_timstamp
06-08-2026 13:38 - WARNING - 1882541 29 29207721 microseconds
06-08-2026 13:38 - WARNING - No packet loss: /data/dsp/GBD_TRANSIENT_BUFFER/J0953+0755/06_08_2026/PDR_GULP_data002.pcap_06_08_2026_13_02_1786001576.PCAP_PDR
06-08-2026 13:38 - WARNING - first_pkt_count, first_gps_count, first_pkt_Tstamp
06-08-2026 13:38 - WARNING - 3868846059 13207 2026-08-06T07:32:23.913710
06-08-2026 13:38 - WARNING - last_pkt_count, last_gps_count, last_pkt_Tstamp
06-08-2026 13:38 - WARNING - 3870728600 13237 2026-08-06T07:32:53.121565
06-08-2026 13:38 - WARNING - diff_pkt_count  , diff_gps_count ,  diff_pkt_timstamp
06-08-2026 13:38 - WARNING - 1882541 30 29207855 microseconds
06-08-2026 13:38 - WARNING - No packet loss: /data/dsp/GBD_TRANSIENT_BUFFER/J0953+0755/06_08_2026/PDR_GULP_data000.pcap_06_08_2026_13_03_1786001605.PCAP_PDR
06-08-2026 13:38 - WARNING - first_pkt_count, first_gps_count, first_pkt_Tstamp
06-08-2026 13:38 - WARNING - 3870728601 13237 2026-08-06T07:32:53.121565
06-08-2026 13:38 - WARNING - last_pkt_count, last_gps_count, last_pkt_Tstamp
06-08-2026 13:38 - WARNING - 3872611143 13266 2026-08-06T07:33:22.329318
06-08-2026 13:38 - WARNING - diff_pkt_count  , diff_gps_count ,  diff_pkt_timstamp
06-08-2026 13:38 - WARNING - 1882542 29 29207753 microseconds
06-08-2026 13:38 - WARNING - No packet loss: /data/dsp/GBD_TRANSIENT_BUFFER/J0953+0755/06_08_2026/PDR_GULP_data001.pcap_06_08_2026_13_03_1786001634.PCAP_PDR
06-08-2026 13:38 - WARNING - first_pkt_count, first_gps_count, first_pkt_Tstamp
06-08-2026 13:38 - WARNING - 3872611144 13266 2026-08-06T07:33:22.329370
06-08-2026 13:38 - WARNING - last_pkt_count, last_gps_count, last_pkt_Tstamp
06-08-2026 13:38 - WARNING - 3874493685 13295 2026-08-06T07:33:51.537176
06-08-2026 13:38 - WARNING - diff_pkt_count  , diff_gps_count ,  diff_pkt_timstamp
06-08-2026 13:38 - WARNING - 1882541 29 29207806 microseconds
06-08-2026 13:38 - WARNING - No packet loss: /data/dsp/GBD_TRANSIENT_BUFFER/J0953+0755/06_08_2026/PDR_GULP_data002.pcap_06_08_2026_13_04_1786001663.PCAP_PDR
06-08-2026 13:38 - WARNING - first_pkt_count, first_gps_count, first_pkt_Tstamp
06-08-2026 13:38 - WARNING - 3874493686 13295 2026-08-06T07:33:51.537176
06-08-2026 13:38 - WARNING - last_pkt_count, last_gps_count, last_pkt_Tstamp
06-08-2026 13:38 - WARNING - 3876376227 13324 2026-08-06T07:34:20.744978
06-08-2026 13:38 - WARNING - diff_pkt_count  , diff_gps_count ,  diff_pkt_timstamp
06-08-2026 13:38 - WARNING - 1882541 29 29207802 microseconds
06-08-2026 13:38 - WARNING - No packet loss: /data/dsp/GBD_TRANSIENT_BUFFER/J0953+0755/06_08_2026/PDR_GULP_data000.pcap_06_08_2026_13_04_1786001692.PCAP_PDR
06-08-2026 13:38 - WARNING - first_pkt_count, first_gps_count, first_pkt_Tstamp
06-08-2026 13:38 - WARNING - 3876376228 13324 2026-08-06T07:34:20.744978
06-08-2026 13:38 - WARNING - last_pkt_count, last_gps_count, last_pkt_Tstamp
06-08-2026 13:38 - WARNING - 3878258769 13353 2026-08-06T07:34:49.952817
06-08-2026 13:38 - WARNING - diff_pkt_count  , diff_gps_count ,  diff_pkt_timstamp
06-08-2026 13:38 - WARNING - 1882541 29 29207839 microseconds
06-08-2026 13:38 - WARNING - No packet loss: /data/dsp/GBD_TRANSIENT_BUFFER/J0953+0755/06_08_2026/PDR_GULP_data001.pcap_06_08_2026_13_05_1786001722.PCAP_PDR
06-08-2026 13:38 - WARNING - first_pkt_count, first_gps_count, first_pkt_Tstamp
06-08-2026 13:38 - WARNING - 3878258770 13353 2026-08-06T07:34:49.952817
06-08-2026 13:38 - WARNING - last_pkt_count, last_gps_count, last_pkt_Tstamp
06-08-2026 13:38 - WARNING - 3880141311 13383 2026-08-06T07:35:19.160623
06-08-2026 13:38 - WARNING - diff_pkt_count  , diff_gps_count ,  diff_pkt_timstamp
06-08-2026 13:38 - WARNING - 1882541 30 29207806 microseconds
06-08-2026 13:38 - WARNING - No packet loss: /data/dsp/GBD_TRANSIENT_BUFFER/J0953+0755/06_08_2026/PDR_GULP_data002.pcap_06_08_2026_13_05_1786001751.PCAP_PDR
06-08-2026 13:38 - WARNING - first_pkt_count, first_gps_count, first_pkt_Tstamp
06-08-2026 13:38 - WARNING - 3880141312 13383 2026-08-06T07:35:19.160623
06-08-2026 13:38 - WARNING - last_pkt_count, last_gps_count, last_pkt_Tstamp
06-08-2026 13:38 - WARNING - 3882023853 13412 2026-08-06T07:35:48.368474
06-08-2026 13:38 - WARNING - diff_pkt_count  , diff_gps_count ,  diff_pkt_timstamp
06-08-2026 13:38 - WARNING - 1882541 29 29207851 microseconds
06-08-2026 13:38 - WARNING - No packet loss: /data/dsp/GBD_TRANSIENT_BUFFER/J0953+0755/06_08_2026/PDR_GULP_data000.pcap_06_08_2026_13_06_1786001780.PCAP_PDR
06-08-2026 13:38 - WARNING - first_pkt_count, first_gps_count, first_pkt_Tstamp
06-08-2026 13:38 - WARNING - 3882023854 13412 2026-08-06T07:35:48.368475
06-08-2026 13:38 - WARNING - last_pkt_count, last_gps_count, last_pkt_Tstamp
06-08-2026 13:38 - WARNING - 3883906396 13441 2026-08-06T07:36:17.576296
06-08-2026 13:38 - WARNING - diff_pkt_count  , diff_gps_count ,  diff_pkt_timstamp
06-08-2026 13:38 - WARNING - 1882542 29 29207821 microseconds
06-08-2026 13:38 - WARNING - No packet loss: /data/dsp/GBD_TRANSIENT_BUFFER/J0953+0755/06_08_2026/PDR_GULP_data001.pcap_06_08_2026_13_06_1786001809.PCAP_PDR
06-08-2026 13:38 - WARNING - first_pkt_count, first_gps_count, first_pkt_Tstamp
06-08-2026 13:38 - WARNING - 3883906397 13441 2026-08-06T07:36:17.576297
06-08-2026 13:38 - WARNING - last_pkt_count, last_gps_count, last_pkt_Tstamp
06-08-2026 13:38 - WARNING - 3885788938 13470 2026-08-06T07:36:46.784117
06-08-2026 13:38 - WARNING - diff_pkt_count  , diff_gps_count ,  diff_pkt_timstamp
06-08-2026 13:38 - WARNING - 1882541 29 29207820 microseconds
06-08-2026 13:38 - WARNING - No packet loss: /data/dsp/GBD_TRANSIENT_BUFFER/J0953+0755/06_08_2026/PDR_GULP_data002.pcap_06_08_2026_13_07_1786001838.PCAP_PDR
06-08-2026 13:38 - WARNING - first_pkt_count, first_gps_count, first_pkt_Tstamp
06-08-2026 13:38 - WARNING - 3885788939 13470 2026-08-06T07:36:46.784117
06-08-2026 13:38 - WARNING - last_pkt_count, last_gps_count, last_pkt_Tstamp
06-08-2026 13:38 - WARNING - 3887671480 13499 2026-08-06T07:37:15.991977
06-08-2026 13:38 - WARNING - diff_pkt_count  , diff_gps_count ,  diff_pkt_timstamp
06-08-2026 13:38 - WARNING - 1882541 29 29207860 microseconds
06-08-2026 13:38 - WARNING - No packet loss: /data/dsp/GBD_TRANSIENT_BUFFER/J0953+0755/06_08_2026/PDR_GULP_data000.pcap_06_08_2026_13_07_1786001868.PCAP_PDR
06-08-2026 13:38 - WARNING - first_pkt_count, first_gps_count, first_pkt_Tstamp
06-08-2026 13:38 - WARNING - 3887671481 13499 2026-08-06T07:37:15.991977
06-08-2026 13:38 - WARNING - last_pkt_count, last_gps_count, last_pkt_Tstamp
06-08-2026 13:38 - WARNING - 3889554022 13529 2026-08-06T07:37:45.199794
06-08-2026 13:38 - WARNING - diff_pkt_count  , diff_gps_count ,  diff_pkt_timstamp
06-08-2026 13:38 - WARNING - 1882541 30 29207817 microseconds
06-08-2026 13:38 - WARNING - No packet loss: /data/dsp/GBD_TRANSIENT_BUFFER/J0953+0755/06_08_2026/PDR_GULP_data001.pcap_06_08_2026_13_08_1786001897.PCAP_PDR
06-08-2026 13:38 - WARNING - first_pkt_count, first_gps_count, first_pkt_Tstamp
06-08-2026 13:38 - WARNING - 3889554023 13529 2026-08-06T07:37:45.199794
06-08-2026 13:38 - WARNING - last_pkt_count, last_gps_count, last_pkt_Tstamp
06-08-2026 13:38 - WARNING - 3891436564 13558 2026-08-06T07:38:14.407630
06-08-2026 13:38 - WARNING - diff_pkt_count  , diff_gps_count ,  diff_pkt_timstamp
06-08-2026 13:38 - WARNING - 1882541 29 29207836 microseconds
06-08-2026 13:38 - WARNING - No packet loss: /data/dsp/GBD_TRANSIENT_BUFFER/J0953+0755/06_08_2026/PDR_GULP_data002.pcap_06_08_2026_13_08_1786001926.PCAP_PDR
06-08-2026 13:38 - WARNING - first_pkt_count, first_gps_count, first_pkt_Tstamp
06-08-2026 13:38 - WARNING - 3891436565 13558 2026-08-06T07:38:14.407630
06-08-2026 13:38 - WARNING - last_pkt_count, last_gps_count, last_pkt_Tstamp
06-08-2026 13:38 - WARNING - 3893319106 13587 2026-08-06T07:38:43.615506
06-08-2026 13:38 - WARNING - diff_pkt_count  , diff_gps_count ,  diff_pkt_timstamp
06-08-2026 13:38 - WARNING - 1882541 29 29207876 microseconds
06-08-2026 13:38 - WARNING - No packet loss: /data/dsp/GBD_TRANSIENT_BUFFER/J0953+0755/06_08_2026/PDR_GULP_data000.pcap_06_08_2026_13_09_1786001955.PCAP_PDR
06-08-2026 13:38 - WARNING - first_pkt_count, first_gps_count, first_pkt_Tstamp
06-08-2026 13:38 - WARNING - 3893319107 13587 2026-08-06T07:38:43.615506
06-08-2026 13:38 - WARNING - last_pkt_count, last_gps_count, last_pkt_Tstamp
06-08-2026 13:38 - WARNING - 3895201649 13616 2026-08-06T07:39:12.823291
06-08-2026 13:38 - WARNING - diff_pkt_count  , diff_gps_count ,  diff_pkt_timstamp
06-08-2026 13:38 - WARNING - 1882542 29 29207785 microseconds
06-08-2026 13:38 - WARNING - No packet loss: /data/dsp/GBD_TRANSIENT_BUFFER/J0953+0755/06_08_2026/PDR_GULP_data001.pcap_06_08_2026_13_09_1786001985.PCAP_PDR
06-08-2026 13:38 - WARNING - first_pkt_count, first_gps_count, first_pkt_Tstamp
06-08-2026 13:38 - WARNING - 3895201650 13616 2026-08-06T07:39:12.823291
06-08-2026 13:38 - WARNING - last_pkt_count, last_gps_count, last_pkt_Tstamp
06-08-2026 13:38 - WARNING - 3897084191 13646 2026-08-06T07:39:42.031143
06-08-2026 13:38 - WARNING - diff_pkt_count  , diff_gps_count ,  diff_pkt_timstamp
06-08-2026 13:38 - WARNING - 1882541 30 29207852 microseconds
06-08-2026 13:38 - WARNING - No packet loss: /data/dsp/GBD_TRANSIENT_BUFFER/J0953+0755/06_08_2026/PDR_GULP_data002.pcap_06_08_2026_13_10_1786002014.PCAP_PDR
06-08-2026 13:38 - WARNING - first_pkt_count, first_gps_count, first_pkt_Tstamp
06-08-2026 13:38 - WARNING - 3897084192 13646 2026-08-06T07:39:42.031143
06-08-2026 13:38 - WARNING - last_pkt_count, last_gps_count, last_pkt_Tstamp
06-08-2026 13:38 - WARNING - 3898966733 13675 2026-08-06T07:40:11.239007
06-08-2026 13:38 - WARNING - diff_pkt_count  , diff_gps_count ,  diff_pkt_timstamp
06-08-2026 13:38 - WARNING - 1882541 29 29207864 microseconds
06-08-2026 13:38 - WARNING - No packet loss: /data/dsp/GBD_TRANSIENT_BUFFER/J0953+0755/06_08_2026/PDR_GULP_data000.pcap_06_08_2026_13_10_1786002043.PCAP_PDR
06-08-2026 13:38 - WARNING - first_pkt_count, first_gps_count, first_pkt_Tstamp
06-08-2026 13:38 - WARNING - 3898966734 13675 2026-08-06T07:40:11.239008
06-08-2026 13:38 - WARNING - last_pkt_count, last_gps_count, last_pkt_Tstamp
06-08-2026 13:38 - WARNING - 3900849275 13704 2026-08-06T07:40:40.447160
06-08-2026 13:38 - WARNING - diff_pkt_count  , diff_gps_count ,  diff_pkt_timstamp
06-08-2026 13:38 - WARNING - 1882541 29 29208152 microseconds
06-08-2026 13:38 - WARNING - No packet loss: /data/dsp/GBD_TRANSIENT_BUFFER/J0953+0755/06_08_2026/PDR_GULP_data001.pcap_06_08_2026_13_11_1786002072.PCAP_PDR
06-08-2026 13:38 - WARNING - first_pkt_count, first_gps_count, first_pkt_Tstamp
06-08-2026 13:38 - WARNING - 3900849276 13704 2026-08-06T07:40:40.447222
06-08-2026 13:38 - WARNING - last_pkt_count, last_gps_count, last_pkt_Tstamp
06-08-2026 13:38 - WARNING - 3902731817 13733 2026-08-06T07:41:09.655378
06-08-2026 13:38 - WARNING - diff_pkt_count  , diff_gps_count ,  diff_pkt_timstamp
06-08-2026 13:38 - WARNING - 1882541 29 29208156 microseconds
06-08-2026 13:38 - WARNING - No packet loss: /data/dsp/GBD_TRANSIENT_BUFFER/J0953+0755/06_08_2026/PDR_GULP_data002.pcap_06_08_2026_13_11_1786002101.PCAP_PDR
06-08-2026 13:38 - WARNING - first_pkt_count, first_gps_count, first_pkt_Tstamp
06-08-2026 13:38 - WARNING - 3902731818 13733 2026-08-06T07:41:09.655378
06-08-2026 13:38 - WARNING - last_pkt_count, last_gps_count, last_pkt_Tstamp
06-08-2026 13:38 - WARNING - 3904614359 13762 2026-08-06T07:41:38.863500
06-08-2026 13:38 - WARNING - diff_pkt_count  , diff_gps_count ,  diff_pkt_timstamp
06-08-2026 13:38 - WARNING - 1882541 29 29208122 microseconds
06-08-2026 13:38 - WARNING - No packet loss: /data/dsp/GBD_TRANSIENT_BUFFER/J0953+0755/06_08_2026/PDR_GULP_data000.pcap_06_08_2026_13_12_1786002131.PCAP_PDR
06-08-2026 13:38 - WARNING - first_pkt_count, first_gps_count, first_pkt_Tstamp
06-08-2026 13:38 - WARNING - 3904614360 13762 2026-08-06T07:41:38.863586
06-08-2026 13:38 - WARNING - last_pkt_count, last_gps_count, last_pkt_Tstamp
06-08-2026 13:38 - WARNING - 3906496902 13792 2026-08-06T07:42:08.071733
06-08-2026 13:38 - WARNING - diff_pkt_count  , diff_gps_count ,  diff_pkt_timstamp
06-08-2026 13:38 - WARNING - 1882542 30 29208147 microseconds
06-08-2026 13:38 - WARNING - No packet loss: /data/dsp/GBD_TRANSIENT_BUFFER/J0953+0755/06_08_2026/PDR_GULP_data001.pcap_06_08_2026_13_12_1786002160.PCAP_PDR
06-08-2026 13:38 - WARNING - first_pkt_count, first_gps_count, first_pkt_Tstamp
06-08-2026 13:38 - WARNING - 3906496903 13792 2026-08-06T07:42:08.071733
06-08-2026 13:38 - WARNING - last_pkt_count, last_gps_count, last_pkt_Tstamp
06-08-2026 13:38 - WARNING - 3908379444 13821 2026-08-06T07:42:37.279789
06-08-2026 13:38 - WARNING - diff_pkt_count  , diff_gps_count ,  diff_pkt_timstamp
06-08-2026 13:38 - WARNING - 1882541 29 29208056 microseconds
06-08-2026 13:38 - WARNING - No packet loss: /data/dsp/GBD_TRANSIENT_BUFFER/J0953+0755/06_08_2026/PDR_GULP_data002.pcap_06_08_2026_13_13_1786002189.PCAP_PDR
06-08-2026 13:38 - WARNING - first_pkt_count, first_gps_count, first_pkt_Tstamp
06-08-2026 13:38 - WARNING - 3908379445 13821 2026-08-06T07:42:37.279790
06-08-2026 13:38 - WARNING - last_pkt_count, last_gps_count, last_pkt_Tstamp
06-08-2026 13:38 - WARNING - 3910261986 13850 2026-08-06T07:43:06.487886
06-08-2026 13:38 - WARNING - diff_pkt_count  , diff_gps_count ,  diff_pkt_timstamp
06-08-2026 13:38 - WARNING - 1882541 29 29208096 microseconds
06-08-2026 13:38 - WARNING - No packet loss: /data/dsp/GBD_TRANSIENT_BUFFER/J0953+0755/06_08_2026/PDR_GULP_data000.pcap_06_08_2026_13_13_1786002218.PCAP_PDR
06-08-2026 13:38 - WARNING - first_pkt_count, first_gps_count, first_pkt_Tstamp
06-08-2026 13:38 - WARNING - 3910261987 13850 2026-08-06T07:43:06.487886
06-08-2026 13:38 - WARNING - last_pkt_count, last_gps_count, last_pkt_Tstamp
06-08-2026 13:38 - WARNING - 3912144528 13879 2026-08-06T07:43:35.696011
06-08-2026 13:38 - WARNING - diff_pkt_count  , diff_gps_count ,  diff_pkt_timstamp
06-08-2026 13:38 - WARNING - 1882541 29 29208125 microseconds
06-08-2026 13:38 - WARNING - No packet loss: /data/dsp/GBD_TRANSIENT_BUFFER/J0953+0755/06_08_2026/PDR_GULP_data001.pcap_06_08_2026_13_14_1786002247.PCAP_PDR
06-08-2026 13:38 - WARNING - first_pkt_count, first_gps_count, first_pkt_Tstamp
06-08-2026 13:38 - WARNING - 3912144529 13879 2026-08-06T07:43:35.696011
06-08-2026 13:38 - WARNING - last_pkt_count, last_gps_count, last_pkt_Tstamp
06-08-2026 13:38 - WARNING - 3914027070 13908 2026-08-06T07:44:04.904101
06-08-2026 13:38 - WARNING - diff_pkt_count  , diff_gps_count ,  diff_pkt_timstamp
06-08-2026 13:38 - WARNING - 1882541 29 29208090 microseconds
06-08-2026 13:38 - WARNING - No packet loss: /data/dsp/GBD_TRANSIENT_BUFFER/J0953+0755/06_08_2026/PDR_GULP_data002.pcap_06_08_2026_13_14_1786002277.PCAP_PDR
06-08-2026 13:38 - WARNING - first_pkt_count, first_gps_count, first_pkt_Tstamp
06-08-2026 13:38 - WARNING - 3914027071 13908 2026-08-06T07:44:04.904101
06-08-2026 13:38 - WARNING - last_pkt_count, last_gps_count, last_pkt_Tstamp
06-08-2026 13:38 - WARNING - 3915909613 13938 2026-08-06T07:44:34.112246
06-08-2026 13:38 - WARNING - diff_pkt_count  , diff_gps_count ,  diff_pkt_timstamp
06-08-2026 13:38 - WARNING - 1882542 30 29208145 microseconds
06-08-2026 13:38 - WARNING - No packet loss: /data/dsp/GBD_TRANSIENT_BUFFER/J0953+0755/06_08_2026/PDR_GULP_data000.pcap_06_08_2026_13_15_1786002306.PCAP_PDR
06-08-2026 13:38 - WARNING - first_pkt_count, first_gps_count, first_pkt_Tstamp
06-08-2026 13:38 - WARNING - 3915909614 13938 2026-08-06T07:44:34.112247
06-08-2026 13:38 - WARNING - last_pkt_count, last_gps_count, last_pkt_Tstamp
06-08-2026 13:38 - WARNING - 3917792155 13967 2026-08-06T07:45:03.320291
06-08-2026 13:38 - WARNING - diff_pkt_count  , diff_gps_count ,  diff_pkt_timstamp
06-08-2026 13:38 - WARNING - 1882541 29 29208044 microseconds
06-08-2026 13:38 - WARNING - No packet loss: /data/dsp/GBD_TRANSIENT_BUFFER/J0953+0755/06_08_2026/PDR_GULP_data001.pcap_06_08_2026_13_15_1786002335.PCAP_PDR
06-08-2026 13:38 - WARNING - first_pkt_count, first_gps_count, first_pkt_Tstamp
06-08-2026 13:38 - WARNING - 3917792156 13967 2026-08-06T07:45:03.320291
06-08-2026 13:38 - WARNING - last_pkt_count, last_gps_count, last_pkt_Tstamp
06-08-2026 13:38 - WARNING - 3919674697 13996 2026-08-06T07:45:32.528331
06-08-2026 13:38 - WARNING - diff_pkt_count  , diff_gps_count ,  diff_pkt_timstamp
06-08-2026 13:38 - WARNING - 1882541 29 29208040 microseconds
06-08-2026 13:38 - WARNING - No packet loss: /data/dsp/GBD_TRANSIENT_BUFFER/J0953+0755/06_08_2026/PDR_GULP_data002.pcap_06_08_2026_13_16_1786002364.PCAP_PDR
06-08-2026 13:38 - WARNING - first_pkt_count, first_gps_count, first_pkt_Tstamp
06-08-2026 13:38 - WARNING - 3919674698 13996 2026-08-06T07:45:32.528331
06-08-2026 13:38 - WARNING - last_pkt_count, last_gps_count, last_pkt_Tstamp
06-08-2026 13:38 - WARNING - 3921557239 14025 2026-08-06T07:46:01.736390
06-08-2026 13:38 - WARNING - diff_pkt_count  , diff_gps_count ,  diff_pkt_timstamp
06-08-2026 13:38 - WARNING - 1882541 29 29208059 microseconds
06-08-2026 13:38 - WARNING - No packet loss: /data/dsp/GBD_TRANSIENT_BUFFER/J0953+0755/06_08_2026/PDR_GULP_data000.pcap_06_08_2026_13_16_1786002393.PCAP_PDR
06-08-2026 13:38 - WARNING - first_pkt_count, first_gps_count, first_pkt_Tstamp
06-08-2026 13:38 - WARNING - 3921557240 14025 2026-08-06T07:46:01.736390
06-08-2026 13:38 - WARNING - last_pkt_count, last_gps_count, last_pkt_Tstamp
06-08-2026 13:38 - WARNING - 3923439781 14054 2026-08-06T07:46:30.944421
06-08-2026 13:38 - WARNING - diff_pkt_count  , diff_gps_count ,  diff_pkt_timstamp
06-08-2026 13:38 - WARNING - 1882541 29 29208031 microseconds
06-08-2026 13:38 - WARNING - No packet loss: /data/dsp/GBD_TRANSIENT_BUFFER/J0953+0755/06_08_2026/PDR_GULP_data001.pcap_06_08_2026_13_17_1786002423.PCAP_PDR
06-08-2026 13:38 - WARNING - first_pkt_count, first_gps_count, first_pkt_Tstamp
06-08-2026 13:38 - WARNING - 3923439782 14054 2026-08-06T07:46:30.944422
06-08-2026 13:38 - WARNING - last_pkt_count, last_gps_count, last_pkt_Tstamp
06-08-2026 13:38 - WARNING - 3925322323 14084 2026-08-06T07:47:00.152433
06-08-2026 13:38 - WARNING - diff_pkt_count  , diff_gps_count ,  diff_pkt_timstamp
06-08-2026 13:38 - WARNING - 1882541 30 29208011 microseconds
06-08-2026 13:38 - WARNING - No packet loss: /data/dsp/GBD_TRANSIENT_BUFFER/J0953+0755/06_08_2026/PDR_GULP_data002.pcap_06_08_2026_13_17_1786002452.PCAP_PDR
06-08-2026 13:38 - WARNING - first_pkt_count, first_gps_count, first_pkt_Tstamp
06-08-2026 13:38 - WARNING - 3925322324 14084 2026-08-06T07:47:00.152521
06-08-2026 13:38 - WARNING - last_pkt_count, last_gps_count, last_pkt_Tstamp
06-08-2026 13:38 - WARNING - 3927204866 14113 2026-08-06T07:47:29.360449
06-08-2026 13:38 - WARNING - diff_pkt_count  , diff_gps_count ,  diff_pkt_timstamp
06-08-2026 13:38 - WARNING - 1882542 29 29207928 microseconds
06-08-2026 13:38 - WARNING - No packet loss: /data/dsp/GBD_TRANSIENT_BUFFER/J0953+0755/06_08_2026/PDR_GULP_data000.pcap_06_08_2026_13_18_1786002481.PCAP_PDR
06-08-2026 13:38 - WARNING - first_pkt_count, first_gps_count, first_pkt_Tstamp
06-08-2026 13:38 - WARNING - 3927204867 14113 2026-08-06T07:47:29.360515
06-08-2026 13:38 - WARNING - last_pkt_count, last_gps_count, last_pkt_Tstamp
06-08-2026 13:38 - WARNING - 3929087408 14142 2026-08-06T07:47:58.568500
06-08-2026 13:38 - WARNING - diff_pkt_count  , diff_gps_count ,  diff_pkt_timstamp
06-08-2026 13:38 - WARNING - 1882541 29 29207985 microseconds
06-08-2026 13:38 - WARNING - No packet loss: /data/dsp/GBD_TRANSIENT_BUFFER/J0953+0755/06_08_2026/PDR_GULP_data001.pcap_06_08_2026_13_18_1786002510.PCAP_PDR
06-08-2026 13:38 - WARNING - first_pkt_count, first_gps_count, first_pkt_Tstamp
06-08-2026 13:38 - WARNING - 3929087409 14142 2026-08-06T07:47:58.568501
06-08-2026 13:38 - WARNING - last_pkt_count, last_gps_count, last_pkt_Tstamp
06-08-2026 13:38 - WARNING - 3930969950 14171 2026-08-06T07:48:27.776487
06-08-2026 13:38 - WARNING - diff_pkt_count  , diff_gps_count ,  diff_pkt_timstamp
06-08-2026 13:38 - WARNING - 1882541 29 29207986 microseconds
06-08-2026 13:38 - WARNING - No packet loss: /data/dsp/GBD_TRANSIENT_BUFFER/J0953+0755/06_08_2026/PDR_GULP_data002.pcap_06_08_2026_13_18_1786002539.PCAP_PDR
06-08-2026 13:38 - WARNING - first_pkt_count, first_gps_count, first_pkt_Tstamp
06-08-2026 13:38 - WARNING - 3930969951 14171 2026-08-06T07:48:27.776540
06-08-2026 13:38 - WARNING - last_pkt_count, last_gps_count, last_pkt_Tstamp
06-08-2026 13:38 - WARNING - 3932852492 14200 2026-08-06T07:48:56.984494
06-08-2026 13:38 - WARNING - diff_pkt_count  , diff_gps_count ,  diff_pkt_timstamp
06-08-2026 13:38 - WARNING - 1882541 29 29207954 microseconds
06-08-2026 13:38 - WARNING - No packet loss: /data/dsp/GBD_TRANSIENT_BUFFER/J0953+0755/06_08_2026/PDR_GULP_data000.pcap_06_08_2026_13_19_1786002569.PCAP_PDR
06-08-2026 13:38 - WARNING - first_pkt_count, first_gps_count, first_pkt_Tstamp
06-08-2026 13:38 - WARNING - 3932852493 14200 2026-08-06T07:48:56.984494
06-08-2026 13:38 - WARNING - last_pkt_count, last_gps_count, last_pkt_Tstamp
06-08-2026 13:38 - WARNING - 3934735034 14230 2026-08-06T07:49:26.192475
06-08-2026 13:38 - WARNING - diff_pkt_count  , diff_gps_count ,  diff_pkt_timstamp
06-08-2026 13:38 - WARNING - 1882541 30 29207981 microseconds
06-08-2026 13:38 - WARNING - No packet loss: /data/dsp/GBD_TRANSIENT_BUFFER/J0953+0755/06_08_2026/PDR_GULP_data001.pcap_06_08_2026_13_19_1786002598.PCAP_PDR
06-08-2026 13:38 - WARNING - first_pkt_count, first_gps_count, first_pkt_Tstamp
06-08-2026 13:38 - WARNING - 3934735035 14230 2026-08-06T07:49:26.192539
06-08-2026 13:38 - WARNING - last_pkt_count, last_gps_count, last_pkt_Tstamp
06-08-2026 13:38 - WARNING - 3936617576 14259 2026-08-06T07:49:55.400478
06-08-2026 13:38 - WARNING - diff_pkt_count  , diff_gps_count ,  diff_pkt_timstamp
06-08-2026 13:38 - WARNING - 1882541 29 29207939 microseconds
06-08-2026 13:38 - WARNING - No packet loss: /data/dsp/GBD_TRANSIENT_BUFFER/J0953+0755/06_08_2026/PDR_GULP_data002.pcap_06_08_2026_13_20_1786002627.PCAP_PDR
06-08-2026 13:38 - WARNING - first_pkt_count, first_gps_count, first_pkt_Tstamp
06-08-2026 13:38 - WARNING - 3936617577 14259 2026-08-06T07:49:55.400530
06-08-2026 13:38 - WARNING - last_pkt_count, last_gps_count, last_pkt_Tstamp
06-08-2026 13:38 - WARNING - 3938500119 14288 2026-08-06T07:50:24.608475
06-08-2026 13:38 - WARNING - diff_pkt_count  , diff_gps_count ,  diff_pkt_timstamp
06-08-2026 13:38 - WARNING - 1882542 29 29207945 microseconds
06-08-2026 13:38 - WARNING - No packet loss: /data/dsp/GBD_TRANSIENT_BUFFER/J0953+0755/06_08_2026/PDR_GULP_data000.pcap_06_08_2026_13_20_1786002656.PCAP_PDR
06-08-2026 13:38 - WARNING - first_pkt_count, first_gps_count, first_pkt_Tstamp
06-08-2026 13:38 - WARNING - 3938500120 14288 2026-08-06T07:50:24.608527
06-08-2026 13:38 - WARNING - last_pkt_count, last_gps_count, last_pkt_Tstamp
06-08-2026 13:38 - WARNING - 3940382661 14317 2026-08-06T07:50:53.816506
06-08-2026 13:38 - WARNING - diff_pkt_count  , diff_gps_count ,  diff_pkt_timstamp
06-08-2026 13:38 - WARNING - 1882541 29 29207979 microseconds
06-08-2026 13:38 - WARNING - No packet loss: /data/dsp/GBD_TRANSIENT_BUFFER/J0953+0755/06_08_2026/PDR_GULP_data001.pcap_06_08_2026_13_21_1786002686.PCAP_PDR
06-08-2026 13:38 - WARNING - first_pkt_count, first_gps_count, first_pkt_Tstamp
06-08-2026 13:38 - WARNING - 3940382662 14317 2026-08-06T07:50:53.816507
06-08-2026 13:38 - WARNING - last_pkt_count, last_gps_count, last_pkt_Tstamp
06-08-2026 13:38 - WARNING - 3942265203 14347 2026-08-06T07:51:23.024465
06-08-2026 13:38 - WARNING - diff_pkt_count  , diff_gps_count ,  diff_pkt_timstamp
06-08-2026 13:38 - WARNING - 1882541 30 29207958 microseconds
06-08-2026 13:38 - WARNING - No packet loss: /data/dsp/GBD_TRANSIENT_BUFFER/J0953+0755/06_08_2026/PDR_GULP_data002.pcap_06_08_2026_13_21_1786002715.PCAP_PDR
06-08-2026 13:38 - WARNING - first_pkt_count, first_gps_count, first_pkt_Tstamp
06-08-2026 13:38 - WARNING - 3942265204 14347 2026-08-06T07:51:23.024465
06-08-2026 13:38 - WARNING - last_pkt_count, last_gps_count, last_pkt_Tstamp
06-08-2026 13:38 - WARNING - 3944147745 14376 2026-08-06T07:51:52.232431
06-08-2026 13:38 - WARNING - diff_pkt_count  , diff_gps_count ,  diff_pkt_timstamp
06-08-2026 13:38 - WARNING - 1882541 29 29207966 microseconds
06-08-2026 13:38 - WARNING - No packet loss: /data/dsp/GBD_TRANSIENT_BUFFER/J0953+0755/06_08_2026/PDR_GULP_data000.pcap_06_08_2026_13_22_1786002744.PCAP_PDR
06-08-2026 13:38 - WARNING - first_pkt_count, first_gps_count, first_pkt_Tstamp
06-08-2026 13:38 - WARNING - 3944147746 14376 2026-08-06T07:51:52.232431
06-08-2026 13:38 - WARNING - last_pkt_count, last_gps_count, last_pkt_Tstamp
06-08-2026 13:38 - WARNING - 3946030287 14405 2026-08-06T07:52:21.440355
06-08-2026 13:38 - WARNING - diff_pkt_count  , diff_gps_count ,  diff_pkt_timstamp
06-08-2026 13:38 - WARNING - 1882541 29 29207924 microseconds
06-08-2026 13:38 - WARNING - No packet loss: /data/dsp/GBD_TRANSIENT_BUFFER/J0953+0755/06_08_2026/PDR_GULP_data001.pcap_06_08_2026_13_22_1786002773.PCAP_PDR
06-08-2026 13:38 - WARNING - first_pkt_count, first_gps_count, first_pkt_Tstamp
06-08-2026 13:38 - WARNING - 3946030288 14405 2026-08-06T07:52:21.440410
06-08-2026 13:38 - WARNING - last_pkt_count, last_gps_count, last_pkt_Tstamp
06-08-2026 13:38 - WARNING - 3947912829 14434 2026-08-06T07:52:50.648377
06-08-2026 13:38 - WARNING - diff_pkt_count  , diff_gps_count ,  diff_pkt_timstamp
06-08-2026 13:38 - WARNING - 1882541 29 29207967 microseconds
06-08-2026 13:38 - WARNING - No packet loss: /data/dsp/GBD_TRANSIENT_BUFFER/J0953+0755/06_08_2026/PDR_GULP_data002.pcap_06_08_2026_13_23_1786002802.PCAP_PDR
06-08-2026 13:38 - WARNING - first_pkt_count, first_gps_count, first_pkt_Tstamp
06-08-2026 13:38 - WARNING - 3947912830 14434 2026-08-06T07:52:50.648377
06-08-2026 13:38 - WARNING - last_pkt_count, last_gps_count, last_pkt_Tstamp
06-08-2026 13:38 - WARNING - 3949795372 14463 2026-08-06T07:53:19.856318
06-08-2026 13:38 - WARNING - diff_pkt_count  , diff_gps_count ,  diff_pkt_timstamp
06-08-2026 13:38 - WARNING - 1882542 29 29207941 microseconds
06-08-2026 13:38 - WARNING - No packet loss: /data/dsp/GBD_TRANSIENT_BUFFER/J0953+0755/06_08_2026/PDR_GULP_data000.pcap_06_08_2026_13_23_1786002832.PCAP_PDR
06-08-2026 13:38 - WARNING - first_pkt_count, first_gps_count, first_pkt_Tstamp
06-08-2026 13:38 - WARNING - 3949795373 14463 2026-08-06T07:53:19.856411
06-08-2026 13:38 - WARNING - last_pkt_count, last_gps_count, last_pkt_Tstamp
06-08-2026 13:38 - WARNING - 3951677914 14493 2026-08-06T07:53:49.064337
06-08-2026 13:38 - WARNING - diff_pkt_count  , diff_gps_count ,  diff_pkt_timstamp
06-08-2026 13:38 - WARNING - 1882541 30 29207926 microseconds
06-08-2026 13:38 - WARNING - No packet loss: /data/dsp/GBD_TRANSIENT_BUFFER/J0953+0755/06_08_2026/PDR_GULP_data001.pcap_06_08_2026_13_24_1786002861.PCAP_PDR
06-08-2026 13:38 - WARNING - first_pkt_count, first_gps_count, first_pkt_Tstamp
06-08-2026 13:38 - WARNING - 3951677915 14493 2026-08-06T07:53:49.064337
06-08-2026 13:38 - WARNING - last_pkt_count, last_gps_count, last_pkt_Tstamp
06-08-2026 13:38 - WARNING - 3953560456 14522 2026-08-06T07:54:18.272220
06-08-2026 13:38 - WARNING - diff_pkt_count  , diff_gps_count ,  diff_pkt_timstamp
06-08-2026 13:38 - WARNING - 1882541 29 29207883 microseconds
06-08-2026 13:38 - WARNING - No packet loss: /data/dsp/GBD_TRANSIENT_BUFFER/J0953+0755/06_08_2026/PDR_GULP_data002.pcap_06_08_2026_13_24_1786002890.PCAP_PDR
06-08-2026 13:38 - WARNING - first_pkt_count, first_gps_count, first_pkt_Tstamp
06-08-2026 13:38 - WARNING - 3953560457 14522 2026-08-06T07:54:18.272220
06-08-2026 13:38 - WARNING - last_pkt_count, last_gps_count, last_pkt_Tstamp
06-08-2026 13:38 - WARNING - 3955442998 14551 2026-08-06T07:54:47.480146
06-08-2026 13:38 - WARNING - diff_pkt_count  , diff_gps_count ,  diff_pkt_timstamp
06-08-2026 13:38 - WARNING - 1882541 29 29207926 microseconds
06-08-2026 13:38 - WARNING - No packet loss: /data/dsp/GBD_TRANSIENT_BUFFER/J0953+0755/06_08_2026/PDR_GULP_data000.pcap_06_08_2026_13_25_1786002919.PCAP_PDR
06-08-2026 13:38 - WARNING - first_pkt_count, first_gps_count, first_pkt_Tstamp
06-08-2026 13:38 - WARNING - 3955442999 14551 2026-08-06T07:54:47.480199
06-08-2026 13:38 - WARNING - last_pkt_count, last_gps_count, last_pkt_Tstamp
06-08-2026 13:38 - WARNING - 3957325540 14580 2026-08-06T07:55:16.688172
06-08-2026 13:38 - WARNING - diff_pkt_count  , diff_gps_count ,  diff_pkt_timstamp
06-08-2026 13:38 - WARNING - 1882541 29 29207973 microseconds
06-08-2026 13:38 - WARNING - No packet loss: /data/dsp/GBD_TRANSIENT_BUFFER/J0953+0755/06_08_2026/PDR_GULP_data001.pcap_06_08_2026_13_25_1786002948.PCAP_PDR
06-08-2026 13:38 - WARNING - first_pkt_count, first_gps_count, first_pkt_Tstamp
06-08-2026 13:38 - WARNING - 3957325541 14580 2026-08-06T07:55:16.688172
06-08-2026 13:38 - WARNING - last_pkt_count, last_gps_count, last_pkt_Tstamp
06-08-2026 13:38 - WARNING - 3959208082 14609 2026-08-06T07:55:45.896017
06-08-2026 13:38 - WARNING - diff_pkt_count  , diff_gps_count ,  diff_pkt_timstamp
06-08-2026 13:38 - WARNING - 1882541 29 29207845 microseconds
06-08-2026 13:38 - WARNING - No packet loss: /data/dsp/GBD_TRANSIENT_BUFFER/J0953+0755/06_08_2026/PDR_GULP_data002.pcap_06_08_2026_13_26_1786002978.PCAP_PDR
06-08-2026 13:38 - WARNING - first_pkt_count, first_gps_count, first_pkt_Tstamp
06-08-2026 13:38 - WARNING - 3959208083 14609 2026-08-06T07:55:45.896086
06-08-2026 13:38 - WARNING - last_pkt_count, last_gps_count, last_pkt_Tstamp
06-08-2026 13:38 - WARNING - 3961090625 14639 2026-08-06T07:56:15.104012
06-08-2026 13:38 - WARNING - diff_pkt_count  , diff_gps_count ,  diff_pkt_timstamp
06-08-2026 13:38 - WARNING - 1882542 30 29207926 microseconds
06-08-2026 13:38 - WARNING - No packet loss: /data/dsp/GBD_TRANSIENT_BUFFER/J0953+0755/06_08_2026/PDR_GULP_data000.pcap_06_08_2026_13_26_1786003007.PCAP_PDR
06-08-2026 13:38 - WARNING - first_pkt_count, first_gps_count, first_pkt_Tstamp
06-08-2026 13:38 - WARNING - 3961090626 14639 2026-08-06T07:56:15.104013
06-08-2026 13:38 - WARNING - last_pkt_count, last_gps_count, last_pkt_Tstamp
06-08-2026 13:38 - WARNING - 3962973167 14668 2026-08-06T07:56:44.311904
06-08-2026 13:38 - WARNING - diff_pkt_count  , diff_gps_count ,  diff_pkt_timstamp
06-08-2026 13:38 - WARNING - 1882541 29 29207891 microseconds
06-08-2026 13:38 - WARNING - No packet loss: /data/dsp/GBD_TRANSIENT_BUFFER/J0953+0755/06_08_2026/PDR_GULP_data001.pcap_06_08_2026_13_27_1786003036.PCAP_PDR
06-08-2026 13:38 - WARNING - first_pkt_count, first_gps_count, first_pkt_Tstamp
06-08-2026 13:38 - WARNING - 3962973168 14668 2026-08-06T07:56:44.311973
06-08-2026 13:38 - WARNING - last_pkt_count, last_gps_count, last_pkt_Tstamp
06-08-2026 13:38 - WARNING - 3964855709 14697 2026-08-06T07:57:13.519920
06-08-2026 13:38 - WARNING - diff_pkt_count  , diff_gps_count ,  diff_pkt_timstamp
06-08-2026 13:38 - WARNING - 1882541 29 29207947 microseconds
06-08-2026 13:38 - WARNING - No packet loss: /data/dsp/GBD_TRANSIENT_BUFFER/J0953+0755/06_08_2026/PDR_GULP_data002.pcap_06_08_2026_13_27_1786003065.PCAP_PDR
06-08-2026 13:38 - WARNING - first_pkt_count, first_gps_count, first_pkt_Tstamp
06-08-2026 13:38 - WARNING - 3964855710 14697 2026-08-06T07:57:13.519921
06-08-2026 13:38 - WARNING - last_pkt_count, last_gps_count, last_pkt_Tstamp
06-08-2026 13:38 - WARNING - 3966738251 14726 2026-08-06T07:57:42.727790
06-08-2026 13:38 - WARNING - diff_pkt_count  , diff_gps_count ,  diff_pkt_timstamp
06-08-2026 13:38 - WARNING - 1882541 29 29207869 microseconds
06-08-2026 13:38 - WARNING - No packet loss: /data/dsp/GBD_TRANSIENT_BUFFER/J0953+0755/06_08_2026/PDR_GULP_data000.pcap_06_08_2026_13_28_1786003094.PCAP_PDR
06-08-2026 13:38 - WARNING - first_pkt_count, first_gps_count, first_pkt_Tstamp
06-08-2026 13:38 - WARNING - 3966738252 14726 2026-08-06T07:57:42.727842
06-08-2026 13:38 - WARNING - last_pkt_count, last_gps_count, last_pkt_Tstamp
06-08-2026 13:38 - WARNING - 3968620793 14755 2026-08-06T07:58:11.935695
06-08-2026 13:38 - WARNING - diff_pkt_count  , diff_gps_count ,  diff_pkt_timstamp
06-08-2026 13:38 - WARNING - 1882541 29 29207853 microseconds
06-08-2026 13:38 - WARNING - No packet loss: /data/dsp/GBD_TRANSIENT_BUFFER/J0953+0755/06_08_2026/PDR_GULP_data001.pcap_06_08_2026_13_28_1786003124.PCAP_PDR
06-08-2026 13:38 - WARNING - first_pkt_count, first_gps_count, first_pkt_Tstamp
06-08-2026 13:38 - WARNING - 3968620794 14755 2026-08-06T07:58:11.935762
06-08-2026 13:38 - WARNING - last_pkt_count, last_gps_count, last_pkt_Tstamp
06-08-2026 13:38 - WARNING - 3970503335 14785 2026-08-06T07:58:41.143632
06-08-2026 13:38 - WARNING - diff_pkt_count  , diff_gps_count ,  diff_pkt_timstamp
06-08-2026 13:38 - WARNING - 1882541 30 29207870 microseconds
06-08-2026 13:38 - WARNING - No packet loss: /data/dsp/GBD_TRANSIENT_BUFFER/J0953+0755/06_08_2026/PDR_GULP_data002.pcap_06_08_2026_13_29_1786003153.PCAP_PDR
06-08-2026 13:38 - WARNING - first_pkt_count, first_gps_count, first_pkt_Tstamp
06-08-2026 13:38 - WARNING - 3970503336 14785 2026-08-06T07:58:41.143685
06-08-2026 13:38 - WARNING - last_pkt_count, last_gps_count, last_pkt_Tstamp
06-08-2026 13:38 - WARNING - 3972385878 14814 2026-08-06T07:59:10.351581
06-08-2026 13:38 - WARNING - diff_pkt_count  , diff_gps_count ,  diff_pkt_timstamp
06-08-2026 13:38 - WARNING - 1882542 29 29207896 microseconds
06-08-2026 13:38 - WARNING - No packet loss: /data/dsp/GBD_TRANSIENT_BUFFER/J0953+0755/06_08_2026/PDR_GULP_data000.pcap_06_08_2026_13_29_1786003182.PCAP_PDR
06-08-2026 13:38 - WARNING - first_pkt_count, first_gps_count, first_pkt_Tstamp
06-08-2026 13:38 - WARNING - 3972385879 14814 2026-08-06T07:59:10.351634
06-08-2026 13:38 - WARNING - last_pkt_count, last_gps_count, last_pkt_Tstamp
06-08-2026 13:38 - WARNING - 3974268420 14843 2026-08-06T07:59:39.559525
06-08-2026 13:38 - WARNING - diff_pkt_count  , diff_gps_count ,  diff_pkt_timstamp
06-08-2026 13:38 - WARNING - 1882541 29 29207891 microseconds
06-08-2026 13:38 - WARNING - No packet loss: /data/dsp/GBD_TRANSIENT_BUFFER/J0953+0755/06_08_2026/PDR_GULP_data001.pcap_06_08_2026_13_30_1786003211.PCAP_PDR
06-08-2026 13:38 - WARNING - first_pkt_count, first_gps_count, first_pkt_Tstamp
06-08-2026 13:38 - WARNING - 3974268421 14843 2026-08-06T07:59:39.559525
06-08-2026 13:38 - WARNING - last_pkt_count, last_gps_count, last_pkt_Tstamp
06-08-2026 13:38 - WARNING - 3976150962 14872 2026-08-06T08:00:08.767438
06-08-2026 13:38 - WARNING - diff_pkt_count  , diff_gps_count ,  diff_pkt_timstamp
06-08-2026 13:38 - WARNING - 1882541 29 29207913 microseconds
06-08-2026 13:38 - WARNING - No packet loss: /data/dsp/GBD_TRANSIENT_BUFFER/J0953+0755/06_08_2026/PDR_GULP_data002.pcap_06_08_2026_13_30_1786003240.PCAP_PDR
06-08-2026 13:38 - WARNING - first_pkt_count, first_gps_count, first_pkt_Tstamp
06-08-2026 13:38 - WARNING - 3976150963 14872 2026-08-06T08:00:08.767438
06-08-2026 13:38 - WARNING - last_pkt_count, last_gps_count, last_pkt_Tstamp
06-08-2026 13:38 - WARNING - 3978033504 14901 2026-08-06T08:00:37.975322
06-08-2026 13:38 - WARNING - diff_pkt_count  , diff_gps_count ,  diff_pkt_timstamp
06-08-2026 13:38 - WARNING - 1882541 29 29207884 microseconds
06-08-2026 13:38 - WARNING - No packet loss: /data/dsp/GBD_TRANSIENT_BUFFER/J0953+0755/06_08_2026/PDR_GULP_data000.pcap_06_08_2026_13_31_1786003270.PCAP_PDR
06-08-2026 13:38 - WARNING - first_pkt_count, first_gps_count, first_pkt_Tstamp
06-08-2026 13:38 - WARNING - 3978033505 14901 2026-08-06T08:00:37.975386
06-08-2026 13:38 - WARNING - last_pkt_count, last_gps_count, last_pkt_Tstamp
06-08-2026 13:38 - WARNING - 3979916046 14931 2026-08-06T08:01:07.183270
06-08-2026 13:38 - WARNING - diff_pkt_count  , diff_gps_count ,  diff_pkt_timstamp
06-08-2026 13:38 - WARNING - 1882541 30 29207884 microseconds
06-08-2026 13:38 - WARNING - No packet loss: /data/dsp/GBD_TRANSIENT_BUFFER/J0953+0755/06_08_2026/PDR_GULP_data001.pcap_06_08_2026_13_31_1786003299.PCAP_PDR
06-08-2026 13:38 - WARNING - first_pkt_count, first_gps_count, first_pkt_Tstamp
06-08-2026 13:38 - WARNING - 3979916047 14931 2026-08-06T08:01:07.183270
06-08-2026 13:38 - WARNING - last_pkt_count, last_gps_count, last_pkt_Tstamp
06-08-2026 13:38 - WARNING - 3981798588 14960 2026-08-06T08:01:36.391223
06-08-2026 13:38 - WARNING - diff_pkt_count  , diff_gps_count ,  diff_pkt_timstamp
06-08-2026 13:38 - WARNING - 1882541 29 29207953 microseconds
06-08-2026 13:38 - WARNING - No packet loss: /data/dsp/GBD_TRANSIENT_BUFFER/J0953+0755/06_08_2026/PDR_GULP_data002.pcap_06_08_2026_13_32_1786003328.PCAP_PDR
06-08-2026 13:38 - WARNING - first_pkt_count, first_gps_count, first_pkt_Tstamp
06-08-2026 13:38 - WARNING - 3981798589 14960 2026-08-06T08:01:36.391224
06-08-2026 13:38 - WARNING - last_pkt_count, last_gps_count, last_pkt_Tstamp
06-08-2026 13:38 - WARNING - 3983681131 14989 2026-08-06T08:02:05.599163
06-08-2026 13:38 - WARNING - diff_pkt_count  , diff_gps_count ,  diff_pkt_timstamp
06-08-2026 13:38 - WARNING - 1882542 29 29207939 microseconds
06-08-2026 13:38 - WARNING - No packet loss: /data/dsp/GBD_TRANSIENT_BUFFER/J0953+0755/06_08_2026/PDR_GULP_data000.pcap_06_08_2026_13_32_1786003357.PCAP_PDR
06-08-2026 13:38 - WARNING - first_pkt_count, first_gps_count, first_pkt_Tstamp
06-08-2026 13:38 - WARNING - 3983681132 14989 2026-08-06T08:02:05.599163
06-08-2026 13:38 - WARNING - last_pkt_count, last_gps_count, last_pkt_Tstamp
06-08-2026 13:38 - WARNING - 3985563673 15018 2026-08-06T08:02:34.807015
06-08-2026 13:38 - WARNING - diff_pkt_count  , diff_gps_count ,  diff_pkt_timstamp
06-08-2026 13:38 - WARNING - 1882541 29 29207852 microseconds
06-08-2026 13:38 - WARNING - No packet loss: /data/dsp/GBD_TRANSIENT_BUFFER/J0953+0755/06_08_2026/PDR_GULP_data001.pcap_06_08_2026_13_33_1786003387.PCAP_PDR
06-08-2026 13:38 - WARNING - first_pkt_count, first_gps_count, first_pkt_Tstamp
06-08-2026 13:38 - WARNING - 3985563674 15018 2026-08-06T08:02:34.807108
06-08-2026 13:38 - WARNING - last_pkt_count, last_gps_count, last_pkt_Tstamp
06-08-2026 13:38 - WARNING - 3987446215 15047 2026-08-06T08:03:04.014926
06-08-2026 13:38 - WARNING - diff_pkt_count  , diff_gps_count ,  diff_pkt_timstamp
06-08-2026 13:38 - WARNING - 1882541 29 29207818 microseconds
06-08-2026 13:38 - WARNING - No packet loss: /data/dsp/GBD_TRANSIENT_BUFFER/J0953+0755/06_08_2026/PDR_GULP_data002.pcap_06_08_2026_13_33_1786003416.PCAP_PDR
06-08-2026 13:38 - WARNING - first_pkt_count, first_gps_count, first_pkt_Tstamp
06-08-2026 13:38 - WARNING - 3987446216 15047 2026-08-06T08:03:04.015015
06-08-2026 13:38 - WARNING - last_pkt_count, last_gps_count, last_pkt_Tstamp
06-08-2026 13:38 - WARNING - 3989328757 15077 2026-08-06T08:03:33.222855
06-08-2026 13:38 - WARNING - diff_pkt_count  , diff_gps_count ,  diff_pkt_timstamp
06-08-2026 13:38 - WARNING - 1882541 30 29207840 microseconds
06-08-2026 13:38 - WARNING - No packet loss: /data/dsp/GBD_TRANSIENT_BUFFER/J0953+0755/06_08_2026/PDR_GULP_data000.pcap_06_08_2026_13_34_1786003445.PCAP_PDR
06-08-2026 13:38 - WARNING - first_pkt_count, first_gps_count, first_pkt_Tstamp
06-08-2026 13:38 - WARNING - 3989328758 15077 2026-08-06T08:03:33.222855
06-08-2026 13:38 - WARNING - last_pkt_count, last_gps_count, last_pkt_Tstamp
06-08-2026 13:38 - WARNING - 3991211299 15106 2026-08-06T08:04:02.430731
06-08-2026 13:38 - WARNING - diff_pkt_count  , diff_gps_count ,  diff_pkt_timstamp
06-08-2026 13:38 - WARNING - 1882541 29 29207876 microseconds
06-08-2026 13:38 - WARNING - No packet loss: /data/dsp/GBD_TRANSIENT_BUFFER/J0953+0755/06_08_2026/PDR_GULP_data001.pcap_06_08_2026_13_34_1786003474.PCAP_PDR
06-08-2026 13:38 - WARNING - first_pkt_count, first_gps_count, first_pkt_Tstamp
06-08-2026 13:38 - WARNING - 3991211300 15106 2026-08-06T08:04:02.430782
06-08-2026 13:38 - WARNING - last_pkt_count, last_gps_count, last_pkt_Tstamp
06-08-2026 13:38 - WARNING - 3993093841 15135 2026-08-06T08:04:31.638656
06-08-2026 13:38 - WARNING - diff_pkt_count  , diff_gps_count ,  diff_pkt_timstamp
06-08-2026 13:38 - WARNING - 1882541 29 29207874 microseconds
06-08-2026 13:38 - WARNING - No packet loss: /data/dsp/GBD_TRANSIENT_BUFFER/J0953+0755/06_08_2026/PDR_GULP_data002.pcap_06_08_2026_13_35_1786003503.PCAP_PDR
06-08-2026 13:38 - WARNING - first_pkt_count, first_gps_count, first_pkt_Tstamp
06-08-2026 13:38 - WARNING - 3993093842 15135 2026-08-06T08:04:31.638750
06-08-2026 13:38 - WARNING - last_pkt_count, last_gps_count, last_pkt_Tstamp
06-08-2026 13:38 - WARNING - 3994976384 15164 2026-08-06T08:05:00.846606
06-08-2026 13:38 - WARNING - diff_pkt_count  , diff_gps_count ,  diff_pkt_timstamp
06-08-2026 13:38 - WARNING - 1882542 29 29207856 microseconds
06-08-2026 13:38 - WARNING - No packet loss: /data/dsp/GBD_TRANSIENT_BUFFER/J0953+0755/06_08_2026/PDR_GULP_data000.pcap_06_08_2026_13_35_1786003533.PCAP_PDR
06-08-2026 13:38 - WARNING - first_pkt_count, first_gps_count, first_pkt_Tstamp
06-08-2026 13:38 - WARNING - 3994976385 15164 2026-08-06T08:05:00.846607
06-08-2026 13:38 - WARNING - last_pkt_count, last_gps_count, last_pkt_Tstamp
06-08-2026 13:38 - WARNING - 3996858926 15194 2026-08-06T08:05:30.054532
06-08-2026 13:38 - WARNING - diff_pkt_count  , diff_gps_count ,  diff_pkt_timstamp
06-08-2026 13:38 - WARNING - 1882541 30 29207925 microseconds
06-08-2026 13:38 - WARNING - No packet loss: /data/dsp/GBD_TRANSIENT_BUFFER/J0953+0755/06_08_2026/PDR_GULP_data001.pcap_06_08_2026_13_36_1786003562.PCAP_PDR
06-08-2026 13:38 - WARNING - first_pkt_count, first_gps_count, first_pkt_Tstamp
06-08-2026 13:38 - WARNING - 3996858927 15194 2026-08-06T08:05:30.054532
06-08-2026 13:38 - WARNING - last_pkt_count, last_gps_count, last_pkt_Tstamp
06-08-2026 13:38 - WARNING - 3998741468 15223 2026-08-06T08:05:59.262370
06-08-2026 13:38 - WARNING - diff_pkt_count  , diff_gps_count ,  diff_pkt_timstamp
06-08-2026 13:38 - WARNING - 1882541 29 29207838 microseconds
06-08-2026 13:38 - WARNING - No packet loss: /data/dsp/GBD_TRANSIENT_BUFFER/J0953+0755/06_08_2026/PDR_GULP_data002.pcap_06_08_2026_13_36_1786003591.PCAP_PDR
06-08-2026 13:38 - WARNING - first_pkt_count, first_gps_count, first_pkt_Tstamp
06-08-2026 13:38 - WARNING - 3998741469 15223 2026-08-06T08:05:59.262424
06-08-2026 13:38 - WARNING - last_pkt_count, last_gps_count, last_pkt_Tstamp
06-08-2026 13:38 - WARNING - 4000624010 15252 2026-08-06T08:06:28.470356
06-08-2026 13:38 - WARNING - diff_pkt_count  , diff_gps_count ,  diff_pkt_timstamp
06-08-2026 13:38 - WARNING - 1882541 29 29207932 microseconds
06-08-2026 13:38 - WARNING - No packet loss: /data/dsp/GBD_TRANSIENT_BUFFER/J0953+0755/06_08_2026/PDR_GULP_data000.pcap_06_08_2026_13_37_1786003620.PCAP_PDR
06-08-2026 13:38 - WARNING - first_pkt_count, first_gps_count, first_pkt_Tstamp
06-08-2026 13:38 - WARNING - 4000624011 15252 2026-08-06T08:06:28.470356
06-08-2026 13:38 - WARNING - last_pkt_count, last_gps_count, last_pkt_Tstamp
06-08-2026 13:38 - WARNING - 4002506552 15281 2026-08-06T08:06:57.678201
06-08-2026 13:38 - WARNING - diff_pkt_count  , diff_gps_count ,  diff_pkt_timstamp
06-08-2026 13:38 - WARNING - 1882541 29 29207845 microseconds
06-08-2026 13:38 - WARNING - No packet loss: /data/dsp/GBD_TRANSIENT_BUFFER/J0953+0755/06_08_2026/PDR_GULP_data001.pcap_06_08_2026_13_37_1786003649.PCAP_PDR
06-08-2026 13:38 - WARNING - first_pkt_count, first_gps_count, first_pkt_Tstamp
06-08-2026 13:38 - WARNING - 4002506553 15281 2026-08-06T08:06:57.678201
06-08-2026 13:38 - WARNING - last_pkt_count, last_gps_count, last_pkt_Tstamp
06-08-2026 13:38 - WARNING - 4004389094 15310 2026-08-06T08:07:26.886096
06-08-2026 13:38 - WARNING - diff_pkt_count  , diff_gps_count ,  diff_pkt_timstamp
06-08-2026 13:38 - WARNING - 1882541 29 29207895 microseconds
06-08-2026 13:38 - WARNING - No packet loss: /data/dsp/GBD_TRANSIENT_BUFFER/J0953+0755/06_08_2026/PDR_GULP_data002.pcap_06_08_2026_13_37_1786003679.PCAP_PDR
06-08-2026 13:38 - WARNING - first_pkt_count, first_gps_count, first_pkt_Tstamp
06-08-2026 13:38 - WARNING - 4004389095 15310 2026-08-06T08:07:26.886149
06-08-2026 13:38 - WARNING - last_pkt_count, last_gps_count, last_pkt_Tstamp
06-08-2026 13:38 - WARNING - 4006271637 15340 2026-08-06T08:07:56.094032
06-08-2026 13:38 - WARNING - diff_pkt_count  , diff_gps_count ,  diff_pkt_timstamp
06-08-2026 13:38 - WARNING - 1882542 30 29207883 microseconds
06-08-2026 13:38 SLIP check Finished...
06-08-2026 13:38 Pulsar data reduction pipeline started ...
06-08-2026 13:38 - WARNING - Data Directory: /data/dsp/GBD_TRANSIENT_BUFFER/J0953+0755/06_08_2026
06-08-2026 13:38 - WARNING - Pulsar: J0953+0755
06-08-2026 13:38 - WARNING - CH selelction: 0
06-08-2026 13:38 - WARNING - Phase file: /home/dsp/PDR_acquire_setup/dada_scripts/phase/rf_path_phase.dat
06-08-2026 13:38 - WARNING - Obs. logfile: /home/dsp/PDR_acquire_setup/master_obs_log/J0953+0755_06_08_2026_observation.log
06-08-2026 13:38 - WARNING - Observation start time: 2026_08_06_12_49_44
06-08-2026 13:38 - WARNING - parfile: /home/dsp/parfiles/J0953+0755.par
06-08-2026 13:38 - WARNING - DM: 2.94368147353273
06-08-2026 13:38 - WARNING - Period: 0.2530654277592862
06-08-2026 13:38 - WARNING - RA_DEC: 09:53:09.3023078+07:55:36.65806
06-08-2026 13:38 - WARNING - out_dada_file: J0953+0755_2026_08_06_12_49_44_type_0.dada
06-08-2026 13:38 - WARNING - Number of files to process: 100
06-08-2026 13:38 - WARNING - Files per batch:  17
06-08-2026 14:05 - WARNING - Time taken for PDR2DADA convertion: 0:26:43.285854
06-08-2026 14:05 - WARNING - Center_freq: 175
06-08-2026 14:05 - WARNING - int_time: 3.0
06-08-2026 14:05 - WARNING - nbins: 256
06-08-2026 14:05 - WARNING - fil_chan: 256
06-08-2026 14:05 - WARNING - cpu: 2,3,4,5,6,7,8,9,10,11,12,13,14,15,16
06-08-2026 14:05 - WARNING - thread: 32
06-08-2026 14:05 - WARNING - nbit: 8
06-08-2026 14:05 - WARNING - time_avg: 0.000256
06-08-2026 14:05 - WARNING - MJD_START: 61258.305376294564
06-08-2026 14:05 - WARNING - output: J0953+0755_61258.31_175MHz_type_0_GBD_DART
06-08-2026 14:05 - WARNING - singularity_container: singularity exec /home/dsp/singularity_imag/pschive_py3.sif  
06-08-2026 14:05 - WARNING - ------ DIGIFITS ------
06-08-2026 14:05 - WARNING - ---- Search Mode FITS -------
06-08-2026 14:05 - WARNING - digifits_ful_stokes_cmd: singularity exec /home/dsp/singularity_imag/pschive_py3.sif  digifits  -F 256 -x 256 -b 8 -p 4 -t 0.000256 J0953+0755_2026_08_06_12_49_44_type_0.dada -o J0953+0755_2026_08_06_12_49_44_type_0.dada_stokes.fits
06-08-2026 14:38 - WARNING - ------ Total intensity FITS -------
06-08-2026 14:38 - WARNING - digifits_total_intensity_cmd: singularity exec /home/dsp/singularity_imag/pschive_py3.sif  digifits  -F 256 -x 256 -b 8 -p 1 -t 0.000256 J0953+0755_2026_08_06_12_49_44_type_0.dada -o J0953+0755_2026_08_06_12_49_44_type_0.dada_intensity.fits
06-08-2026 15:10 - WARNING - Nchan: 256
06-08-2026 15:10 - WARNING - Nbin: 256
06-08-2026 15:10 - WARNING - Tavg: 0.000256
06-08-2026 15:10 - WARNING - Time taken for DIGIFITS run: 1:05:17.975895
06-08-2026 15:10 - WARNING - ------ DSPSR ------
06-08-2026 15:10 - WARNING - ------- Coherent Dedispersion Folded archive -------
06-08-2026 15:10 - WARNING - dspsr_cmd: singularity exec /home/dsp/singularity_imag/pschive_py3.sif  dspsr J0953+0755_2026_08_06_12_49_44_type_0.dada -cpu 2,3,4,5,6,7,8,9,10,11,12,13,14,15,16 -t 32 -E /home/dsp/parfiles/J0953+0755.par -L 3.0 -b 256 -F 256:D -N J0953+0755 -a PSRFITS -A -e .fits -O J0953+0755_61258.31_175MHz_type_0_GBD_DART
06-08-2026 15:38 - WARNING - ------- Incoherent Dedispersion Folded archive -------
06-08-2026 15:38 - WARNING - Incoherent_DD_dspsr_cmd: singularity exec /home/dsp/singularity_imag/pschive_py3.sif  dspsr J0953+0755_2026_08_06_12_49_44_type_0.dada_stokes.fits -cpu 2,3,4,5,6,7,8,9,10,11,12,13,14,15,16 -t 32 -E /home/dsp/parfiles/J0953+0755.par -L 3.0 -b 256 -N J0953+0755 -A -e .fits -O J0953+0755_61258.31_175MHz_type_0_GBD_DART_stokes_Incoherent_DD
06-08-2026 15:42 - WARNING - Time taken for DSPSR run: 0:31:24.752121
06-08-2026 15:42 - WARNING - ------ PSREDIT ------
06-08-2026 15:42 - WARNING - psredit_cmd: singularity exec /home/dsp/singularity_imag/pschive_py3.sif  psredit -c name=J0953+0755,be:name=GSB,coord=09:53:09.3023078+07:55:36.65806 -m *_GBD_DART*fits
06-08-2026 15:42 - WARNING - Time taken for PSREDIT run: 0:00:25.107172
06-08-2026 15:42 - WARNING - ------ Iterative RFI Cleaner ------
06-08-2026 15:42 - WARNING - Iterative_cleaner_cmd: singularity exec /home/dsp/singularity_imag/pschive_py3.sif   python3 /home/dsp/PDR_acquire_setup/iterative_cleaner.py -s 3 -c 3 -m 10 *_GBD_DART*fits
06-08-2026 15:49 - WARNING - Time taken for Iterative_cleaner run: 0:07:05.167867
06-08-2026 15:49 - WARNING - ------ PDMP ------
06-08-2026 15:49 - WARNING - pdmp_cmd1: singularity exec /home/dsp/singularity_imag/pschive_py3.sif  pdmp -dr 2 -ds 0.05 -g J0953+0755_61258.31_175MHz_type_0_GBD_DART.fits_cleaned.ar.ps/cps J0953+0755_61258.31_175MHz_type_0_GBD_DART.fits_cleaned.ar
06-08-2026 16:27 - WARNING - pdmp_cmd2: singularity exec /home/dsp/singularity_imag/pschive_py3.sif  pdmp -dr 2 -ds 0.05 -g J0953+0755_61258.31_175MHz_type_0_GBD_DART_stokes_Incoherent_DD.fits_cleaned.ar.ps/cps J0953+0755_61258.31_175MHz_type_0_GBD_DART_stokes_Incoherent_DD.fits_cleaned.ar
06-08-2026 17:01 - WARNING - Time taken for PDMP run: 1:11:14.468638
06-08-2026 17:01 - WARNING - ------ PS2PDF ------
06-08-2026 17:01 - WARNING - ps2pdf_cmd1: singularity exec /home/dsp/singularity_imag/pschive_py3.sif  ps2pdf J0953+0755_61258.31_175MHz_type_0_GBD_DART.fits_cleaned.ar.ps J0953+0755_61258.31_175MHz_type_0_GBD_DART.fits_cleaned.ar.ps.pdf
06-08-2026 17:01 - WARNING - ps2pdf_cmd2: singularity exec /home/dsp/singularity_imag/pschive_py3.sif  ps2pdf J0953+0755_61258.31_175MHz_type_0_GBD_DART_stokes_Incoherent_DD.fits_cleaned.ar.ps J0953+0755_61258.31_175MHz_type_0_GBD_DART_stokes_Incoherent_DD.fits_cleaned.ar.ps.pdf
06-08-2026 17:01 - WARNING - Time taken for PDMP run: 0:00:01.427785
06-08-2026 17:01 - WARNING - Overall time taken for data reduction: 3:22:13.184902
06-08-2026 17:01 - WARNING - J0953+0755_2026_08_06_12_49_44_type_0.dada... file removed
06-08-2026 17:01 - WARNING - All done!
06-08-2026 17:01 --- PRESTO ---
06-08-2026 17:01 singularity_container: singularity exec /home/dsp/singularity_imag/pschive_py3.sif  
06-08-2026 17:01 Filterbank to Process for PULSAR: J0953+0755 with DM:59400 : J0953+0755_2026_08_06_12_49_44_type_0.dada_intensity.fits
06-08-2026 17:01 --- RFIFIND ---
06-08-2026 17:01 RFIFIND: singularity exec /home/dsp/singularity_imag/pschive_py3.sif   rfifind -time 2.0 -o J0953+0755 J0953+0755_2026_08_06_12_49_44_type_0.dada_intensity.fits
06-08-2026 17:02 --- PREPDATA ---
06-08-2026 17:02 PREPDATA: singularity exec /home/dsp/singularity_imag/pschive_py3.sif   prepdata -nobary -o J0953+0755_2026_08_06_12_49_44_type_0.dada_intensity.fits -dm 59400 -mask J0953+0755_rfifind.mask J0953+0755_2026_08_06_12_49_44_type_0.dada_intensity.fits
06-08-2026 17:02 --- REALFFT ---
06-08-2026 17:02 REALFFT: singularity exec /home/dsp/singularity_imag/pschive_py3.sif   realfft  J0953+0755_2026_08_06_12_49_44_type_0.dada_intensity.fits.dat
06-08-2026 17:02 --- ACCELSEARCH ---
06-08-2026 17:02 ACCELSEARCH: singularity exec /home/dsp/singularity_imag/pschive_py3.sif   accelsearch -numharm 8 -zmax 8  J0953+0755_2026_08_06_12_49_44_type_0.dada_intensity.fits.fft
06-08-2026 17:02 Observation Over.
