07-07-2026 14:46 Waiting for J0953+0755 observation...
07-07-2026 14:51 Observation started...
07-07-2026 14:51 Pulsar: J0953+0755 , parfile: /home/dsp/parfiles/J0953+0755.par , DM: 2.94368147353273
07-07-2026 14:51 Trigger sent to obs. PC [VELA].
07-07-2026 15:36 Acquired 100.
07-07-2026 15:36 ACQ over.
07-07-2026 15:36 Removing Trigger file from remote machine 
07-07-2026 15:36 Observation stoped.
-rw------- 1 dsp dsp 2.0G Jul  7 14:47 /data/TRANSIENT_BUFFER/PDR_GULP_data002.pcap_07_07_2026_14_47_1783415874.PCAP_PDR
-rw------- 1 dsp dsp 2.0G Jul  7 14:48 /data/TRANSIENT_BUFFER/PDR_GULP_data000.pcap_07_07_2026_14_48_1783415903.PCAP_PDR
-rw------- 1 dsp dsp 2.0G Jul  7 14:48 /data/TRANSIENT_BUFFER/PDR_GULP_data001.pcap_07_07_2026_14_48_1783415932.PCAP_PDR
-rw------- 1 dsp dsp 2.0G Jul  7 14:49 /data/TRANSIENT_BUFFER/PDR_GULP_data002.pcap_07_07_2026_14_49_1783415962.PCAP_PDR
-rw------- 1 dsp dsp 2.0G Jul  7 14:49 /data/TRANSIENT_BUFFER/PDR_GULP_data000.pcap_07_07_2026_14_49_1783415991.PCAP_PDR
-rw------- 1 dsp dsp 2.0G Jul  7 14:50 /data/TRANSIENT_BUFFER/PDR_GULP_data001.pcap_07_07_2026_14_50_1783416020.PCAP_PDR
-rw------- 1 dsp dsp 2.0G Jul  7 14:50 /data/TRANSIENT_BUFFER/PDR_GULP_data002.pcap_07_07_2026_14_50_1783416049.PCAP_PDR
-rw------- 1 dsp dsp 2.0G Jul  7 14:51 /data/TRANSIENT_BUFFER/PDR_GULP_data000.pcap_07_07_2026_14_51_1783416079.PCAP_PDR
-rw------- 1 dsp dsp 2.0G Jul  7 14:51 /data/TRANSIENT_BUFFER/PDR_GULP_data001.pcap_07_07_2026_14_51_1783416108.PCAP_PDR
-rw------- 1 dsp dsp 2.0G Jul  7 14:52 /data/TRANSIENT_BUFFER/PDR_GULP_data002.pcap_07_07_2026_14_52_1783416137.PCAP_PDR
-rw------- 1 dsp dsp 2.0G Jul  7 14:52 /data/TRANSIENT_BUFFER/PDR_GULP_data000.pcap_07_07_2026_14_52_1783416166.PCAP_PDR
-rw------- 1 dsp dsp 2.0G Jul  7 14:53 /data/TRANSIENT_BUFFER/PDR_GULP_data001.pcap_07_07_2026_14_53_1783416195.PCAP_PDR
-rw------- 1 dsp dsp 2.0G Jul  7 14:53 /data/TRANSIENT_BUFFER/PDR_GULP_data002.pcap_07_07_2026_14_53_1783416225.PCAP_PDR
-rw------- 1 dsp dsp 2.0G Jul  7 14:54 /data/TRANSIENT_BUFFER/PDR_GULP_data000.pcap_07_07_2026_14_54_1783416254.PCAP_PDR
-rw------- 1 dsp dsp 2.0G Jul  7 14:54 /data/TRANSIENT_BUFFER/PDR_GULP_data001.pcap_07_07_2026_14_54_1783416283.PCAP_PDR
-rw------- 1 dsp dsp 2.0G Jul  7 14:55 /data/TRANSIENT_BUFFER/PDR_GULP_data002.pcap_07_07_2026_14_55_1783416312.PCAP_PDR
-rw------- 1 dsp dsp 2.0G Jul  7 14:55 /data/TRANSIENT_BUFFER/PDR_GULP_data000.pcap_07_07_2026_14_55_1783416341.PCAP_PDR
-rw------- 1 dsp dsp 2.0G Jul  7 14:56 /data/TRANSIENT_BUFFER/PDR_GULP_data001.pcap_07_07_2026_14_56_1783416371.PCAP_PDR
-rw------- 1 dsp dsp 2.0G Jul  7 14:56 /data/TRANSIENT_BUFFER/PDR_GULP_data002.pcap_07_07_2026_14_56_1783416400.PCAP_PDR
-rw------- 1 dsp dsp 2.0G Jul  7 14:57 /data/TRANSIENT_BUFFER/PDR_GULP_data000.pcap_07_07_2026_14_57_1783416429.PCAP_PDR
-rw------- 1 dsp dsp 2.0G Jul  7 14:57 /data/TRANSIENT_BUFFER/PDR_GULP_data001.pcap_07_07_2026_14_57_1783416458.PCAP_PDR
-rw------- 1 dsp dsp 2.0G Jul  7 14:58 /data/TRANSIENT_BUFFER/PDR_GULP_data002.pcap_07_07_2026_14_58_1783416487.PCAP_PDR
-rw------- 1 dsp dsp 2.0G Jul  7 14:58 /data/TRANSIENT_BUFFER/PDR_GULP_data000.pcap_07_07_2026_14_58_1783416517.PCAP_PDR
-rw------- 1 dsp dsp 2.0G Jul  7 14:59 /data/TRANSIENT_BUFFER/PDR_GULP_data001.pcap_07_07_2026_14_59_1783416546.PCAP_PDR
-rw------- 1 dsp dsp 2.0G Jul  7 14:59 /data/TRANSIENT_BUFFER/PDR_GULP_data002.pcap_07_07_2026_14_59_1783416575.PCAP_PDR
-rw------- 1 dsp dsp 2.0G Jul  7 15:00 /data/TRANSIENT_BUFFER/PDR_GULP_data000.pcap_07_07_2026_15_00_1783416604.PCAP_PDR
-rw------- 1 dsp dsp 2.0G Jul  7 15:00 /data/TRANSIENT_BUFFER/PDR_GULP_data001.pcap_07_07_2026_15_00_1783416633.PCAP_PDR
-rw------- 1 dsp dsp 2.0G Jul  7 15:01 /data/TRANSIENT_BUFFER/PDR_GULP_data002.pcap_07_07_2026_15_01_1783416663.PCAP_PDR
-rw------- 1 dsp dsp 2.0G Jul  7 15:01 /data/TRANSIENT_BUFFER/PDR_GULP_data000.pcap_07_07_2026_15_01_1783416692.PCAP_PDR
-rw------- 1 dsp dsp 2.0G Jul  7 15:01 /data/TRANSIENT_BUFFER/PDR_GULP_data001.pcap_07_07_2026_15_02_1783416721.PCAP_PDR
-rw------- 1 dsp dsp 2.0G Jul  7 15:02 /data/TRANSIENT_BUFFER/PDR_GULP_data002.pcap_07_07_2026_15_02_1783416750.PCAP_PDR
-rw------- 1 dsp dsp 2.0G Jul  7 15:02 /data/TRANSIENT_BUFFER/PDR_GULP_data000.pcap_07_07_2026_15_03_1783416780.PCAP_PDR
-rw------- 1 dsp dsp 2.0G Jul  7 15:03 /data/TRANSIENT_BUFFER/PDR_GULP_data001.pcap_07_07_2026_15_03_1783416809.PCAP_PDR
-rw------- 1 dsp dsp 2.0G Jul  7 15:03 /data/TRANSIENT_BUFFER/PDR_GULP_data002.pcap_07_07_2026_15_03_1783416838.PCAP_PDR
-rw------- 1 dsp dsp 2.0G Jul  7 15:04 /data/TRANSIENT_BUFFER/PDR_GULP_data000.pcap_07_07_2026_15_04_1783416867.PCAP_PDR
-rw------- 1 dsp dsp 2.0G Jul  7 15:04 /data/TRANSIENT_BUFFER/PDR_GULP_data001.pcap_07_07_2026_15_04_1783416896.PCAP_PDR
-rw------- 1 dsp dsp 2.0G Jul  7 15:05 /data/TRANSIENT_BUFFER/PDR_GULP_data002.pcap_07_07_2026_15_05_1783416926.PCAP_PDR
-rw------- 1 dsp dsp 2.0G Jul  7 15:05 /data/TRANSIENT_BUFFER/PDR_GULP_data000.pcap_07_07_2026_15_05_1783416955.PCAP_PDR
-rw------- 1 dsp dsp 2.0G Jul  7 15:06 /data/TRANSIENT_BUFFER/PDR_GULP_data001.pcap_07_07_2026_15_06_1783416984.PCAP_PDR
-rw------- 1 dsp dsp 2.0G Jul  7 15:06 /data/TRANSIENT_BUFFER/PDR_GULP_data002.pcap_07_07_2026_15_06_1783417013.PCAP_PDR
-rw------- 1 dsp dsp 2.0G Jul  7 15:07 /data/TRANSIENT_BUFFER/PDR_GULP_data000.pcap_07_07_2026_15_07_1783417042.PCAP_PDR
-rw------- 1 dsp dsp 2.0G Jul  7 15:07 /data/TRANSIENT_BUFFER/PDR_GULP_data001.pcap_07_07_2026_15_07_1783417072.PCAP_PDR
-rw------- 1 dsp dsp 2.0G Jul  7 15:08 /data/TRANSIENT_BUFFER/PDR_GULP_data002.pcap_07_07_2026_15_08_1783417101.PCAP_PDR
-rw------- 1 dsp dsp 2.0G Jul  7 15:08 /data/TRANSIENT_BUFFER/PDR_GULP_data000.pcap_07_07_2026_15_08_1783417130.PCAP_PDR
-rw------- 1 dsp dsp 2.0G Jul  7 15:09 /data/TRANSIENT_BUFFER/PDR_GULP_data001.pcap_07_07_2026_15_09_1783417159.PCAP_PDR
-rw------- 1 dsp dsp 2.0G Jul  7 15:09 /data/TRANSIENT_BUFFER/PDR_GULP_data002.pcap_07_07_2026_15_09_1783417188.PCAP_PDR
-rw------- 1 dsp dsp 2.0G Jul  7 15:10 /data/TRANSIENT_BUFFER/PDR_GULP_data000.pcap_07_07_2026_15_10_1783417218.PCAP_PDR
-rw------- 1 dsp dsp 2.0G Jul  7 15:10 /data/TRANSIENT_BUFFER/PDR_GULP_data001.pcap_07_07_2026_15_10_1783417247.PCAP_PDR
-rw------- 1 dsp dsp 2.0G Jul  7 15:11 /data/TRANSIENT_BUFFER/PDR_GULP_data002.pcap_07_07_2026_15_11_1783417276.PCAP_PDR
-rw------- 1 dsp dsp 2.0G Jul  7 15:11 /data/TRANSIENT_BUFFER/PDR_GULP_data000.pcap_07_07_2026_15_11_1783417305.PCAP_PDR
-rw------- 1 dsp dsp 2.0G Jul  7 15:12 /data/TRANSIENT_BUFFER/PDR_GULP_data001.pcap_07_07_2026_15_12_1783417334.PCAP_PDR
-rw------- 1 dsp dsp 2.0G Jul  7 15:12 /data/TRANSIENT_BUFFER/PDR_GULP_data002.pcap_07_07_2026_15_12_1783417364.PCAP_PDR
-rw------- 1 dsp dsp 2.0G Jul  7 15:13 /data/TRANSIENT_BUFFER/PDR_GULP_data000.pcap_07_07_2026_15_13_1783417393.PCAP_PDR
-rw------- 1 dsp dsp 2.0G Jul  7 15:13 /data/TRANSIENT_BUFFER/PDR_GULP_data001.pcap_07_07_2026_15_13_1783417422.PCAP_PDR
-rw------- 1 dsp dsp 2.0G Jul  7 15:14 /data/TRANSIENT_BUFFER/PDR_GULP_data002.pcap_07_07_2026_15_14_1783417451.PCAP_PDR
-rw------- 1 dsp dsp 2.0G Jul  7 15:14 /data/TRANSIENT_BUFFER/PDR_GULP_data000.pcap_07_07_2026_15_14_1783417481.PCAP_PDR
-rw------- 1 dsp dsp 2.0G Jul  7 15:15 /data/TRANSIENT_BUFFER/PDR_GULP_data001.pcap_07_07_2026_15_15_1783417510.PCAP_PDR
-rw------- 1 dsp dsp 2.0G Jul  7 15:15 /data/TRANSIENT_BUFFER/PDR_GULP_data002.pcap_07_07_2026_15_15_1783417539.PCAP_PDR
-rw------- 1 dsp dsp 2.0G Jul  7 15:16 /data/TRANSIENT_BUFFER/PDR_GULP_data000.pcap_07_07_2026_15_16_1783417568.PCAP_PDR
-rw------- 1 dsp dsp 2.0G Jul  7 15:16 /data/TRANSIENT_BUFFER/PDR_GULP_data001.pcap_07_07_2026_15_16_1783417597.PCAP_PDR
-rw------- 1 dsp dsp 2.0G Jul  7 15:17 /data/TRANSIENT_BUFFER/PDR_GULP_data002.pcap_07_07_2026_15_17_1783417627.PCAP_PDR
-rw------- 1 dsp dsp 2.0G Jul  7 15:17 /data/TRANSIENT_BUFFER/PDR_GULP_data000.pcap_07_07_2026_15_17_1783417656.PCAP_PDR
-rw------- 1 dsp dsp 2.0G Jul  7 15:18 /data/TRANSIENT_BUFFER/PDR_GULP_data001.pcap_07_07_2026_15_18_1783417685.PCAP_PDR
-rw------- 1 dsp dsp 2.0G Jul  7 15:18 /data/TRANSIENT_BUFFER/PDR_GULP_data002.pcap_07_07_2026_15_18_1783417714.PCAP_PDR
-rw------- 1 dsp dsp 2.0G Jul  7 15:19 /data/TRANSIENT_BUFFER/PDR_GULP_data000.pcap_07_07_2026_15_19_1783417743.PCAP_PDR
-rw------- 1 dsp dsp 2.0G Jul  7 15:19 /data/TRANSIENT_BUFFER/PDR_GULP_data001.pcap_07_07_2026_15_19_1783417773.PCAP_PDR
-rw------- 1 dsp dsp 2.0G Jul  7 15:19 /data/TRANSIENT_BUFFER/PDR_GULP_data002.pcap_07_07_2026_15_20_1783417802.PCAP_PDR
-rw------- 1 dsp dsp 2.0G Jul  7 15:20 /data/TRANSIENT_BUFFER/PDR_GULP_data000.pcap_07_07_2026_15_20_1783417831.PCAP_PDR
-rw------- 1 dsp dsp 2.0G Jul  7 15:20 /data/TRANSIENT_BUFFER/PDR_GULP_data001.pcap_07_07_2026_15_21_1783417860.PCAP_PDR
-rw------- 1 dsp dsp 2.0G Jul  7 15:21 /data/TRANSIENT_BUFFER/PDR_GULP_data002.pcap_07_07_2026_15_21_1783417889.PCAP_PDR
-rw------- 1 dsp dsp 2.0G Jul  7 15:21 /data/TRANSIENT_BUFFER/PDR_GULP_data000.pcap_07_07_2026_15_21_1783417919.PCAP_PDR
-rw------- 1 dsp dsp 2.0G Jul  7 15:22 /data/TRANSIENT_BUFFER/PDR_GULP_data001.pcap_07_07_2026_15_22_1783417948.PCAP_PDR
-rw------- 1 dsp dsp 2.0G Jul  7 15:22 /data/TRANSIENT_BUFFER/PDR_GULP_data002.pcap_07_07_2026_15_22_1783417977.PCAP_PDR
-rw------- 1 dsp dsp 2.0G Jul  7 15:23 /data/TRANSIENT_BUFFER/PDR_GULP_data000.pcap_07_07_2026_15_23_1783418006.PCAP_PDR
-rw------- 1 dsp dsp 2.0G Jul  7 15:23 /data/TRANSIENT_BUFFER/PDR_GULP_data001.pcap_07_07_2026_15_23_1783418035.PCAP_PDR
-rw------- 1 dsp dsp 2.0G Jul  7 15:24 /data/TRANSIENT_BUFFER/PDR_GULP_data002.pcap_07_07_2026_15_24_1783418065.PCAP_PDR
-rw------- 1 dsp dsp 2.0G Jul  7 15:24 /data/TRANSIENT_BUFFER/PDR_GULP_data000.pcap_07_07_2026_15_24_1783418094.PCAP_PDR
-rw------- 1 dsp dsp 2.0G Jul  7 15:25 /data/TRANSIENT_BUFFER/PDR_GULP_data001.pcap_07_07_2026_15_25_1783418123.PCAP_PDR
-rw------- 1 dsp dsp 2.0G Jul  7 15:25 /data/TRANSIENT_BUFFER/PDR_GULP_data002.pcap_07_07_2026_15_25_1783418152.PCAP_PDR
-rw------- 1 dsp dsp 2.0G Jul  7 15:26 /data/TRANSIENT_BUFFER/PDR_GULP_data000.pcap_07_07_2026_15_26_1783418182.PCAP_PDR
-rw------- 1 dsp dsp 2.0G Jul  7 15:26 /data/TRANSIENT_BUFFER/PDR_GULP_data001.pcap_07_07_2026_15_26_1783418211.PCAP_PDR
-rw------- 1 dsp dsp 2.0G Jul  7 15:27 /data/TRANSIENT_BUFFER/PDR_GULP_data002.pcap_07_07_2026_15_27_1783418240.PCAP_PDR
-rw------- 1 dsp dsp 2.0G Jul  7 15:27 /data/TRANSIENT_BUFFER/PDR_GULP_data000.pcap_07_07_2026_15_27_1783418269.PCAP_PDR
-rw------- 1 dsp dsp 2.0G Jul  7 15:28 /data/TRANSIENT_BUFFER/PDR_GULP_data001.pcap_07_07_2026_15_28_1783418298.PCAP_PDR
-rw------- 1 dsp dsp 2.0G Jul  7 15:28 /data/TRANSIENT_BUFFER/PDR_GULP_data002.pcap_07_07_2026_15_28_1783418328.PCAP_PDR
-rw------- 1 dsp dsp 2.0G Jul  7 15:29 /data/TRANSIENT_BUFFER/PDR_GULP_data000.pcap_07_07_2026_15_29_1783418357.PCAP_PDR
-rw------- 1 dsp dsp 2.0G Jul  7 15:29 /data/TRANSIENT_BUFFER/PDR_GULP_data001.pcap_07_07_2026_15_29_1783418386.PCAP_PDR
-rw------- 1 dsp dsp 2.0G Jul  7 15:30 /data/TRANSIENT_BUFFER/PDR_GULP_data002.pcap_07_07_2026_15_30_1783418415.PCAP_PDR
-rw------- 1 dsp dsp 2.0G Jul  7 15:30 /data/TRANSIENT_BUFFER/PDR_GULP_data000.pcap_07_07_2026_15_30_1783418444.PCAP_PDR
-rw------- 1 dsp dsp 2.0G Jul  7 15:31 /data/TRANSIENT_BUFFER/PDR_GULP_data001.pcap_07_07_2026_15_31_1783418474.PCAP_PDR
-rw------- 1 dsp dsp 2.0G Jul  7 15:31 /data/TRANSIENT_BUFFER/PDR_GULP_data002.pcap_07_07_2026_15_31_1783418503.PCAP_PDR
-rw------- 1 dsp dsp 2.0G Jul  7 15:32 /data/TRANSIENT_BUFFER/PDR_GULP_data000.pcap_07_07_2026_15_32_1783418532.PCAP_PDR
-rw------- 1 dsp dsp 2.0G Jul  7 15:32 /data/TRANSIENT_BUFFER/PDR_GULP_data001.pcap_07_07_2026_15_32_1783418561.PCAP_PDR
-rw------- 1 dsp dsp 2.0G Jul  7 15:33 /data/TRANSIENT_BUFFER/PDR_GULP_data002.pcap_07_07_2026_15_33_1783418590.PCAP_PDR
-rw------- 1 dsp dsp 2.0G Jul  7 15:33 /data/TRANSIENT_BUFFER/PDR_GULP_data000.pcap_07_07_2026_15_33_1783418620.PCAP_PDR
-rw------- 1 dsp dsp 2.0G Jul  7 15:34 /data/TRANSIENT_BUFFER/PDR_GULP_data001.pcap_07_07_2026_15_34_1783418649.PCAP_PDR
-rw------- 1 dsp dsp 2.0G Jul  7 15:34 /data/TRANSIENT_BUFFER/PDR_GULP_data002.pcap_07_07_2026_15_34_1783418678.PCAP_PDR
-rw------- 1 dsp dsp 2.0G Jul  7 15:35 /data/TRANSIENT_BUFFER/PDR_GULP_data000.pcap_07_07_2026_15_35_1783418707.PCAP_PDR
-rw------- 1 dsp dsp 2.0G Jul  7 15:35 /data/TRANSIENT_BUFFER/PDR_GULP_data001.pcap_07_07_2026_15_35_1783418736.PCAP_PDR
-rw------- 1 dsp dsp 2.0G Jul  7 15:36 /data/TRANSIENT_BUFFER/PDR_GULP_data002.pcap_07_07_2026_15_36_1783418766.PCAP_PDR
07-07-2026 15:36 RAW PCAP data moved from Transient Buffer.
07-07-2026 15:36 SLIP check Started ...
07-07-2026 15:36 - WARNING - Data Directory: /data/dsp/GBD_TRANSIENT_BUFFER/J0953+0755/07_07_2026
07-07-2026 15:36 - WARNING - Number of Files: 100
07-07-2026 15:36 - WARNING - No packet loss: /data/dsp/GBD_TRANSIENT_BUFFER/J0953+0755/07_07_2026/PDR_GULP_data002.pcap_07_07_2026_14_47_1783415874.PCAP_PDR
07-07-2026 15:36 - WARNING - first_pkt_count, first_gps_count, first_pkt_Tstamp
07-07-2026 15:36 - WARNING - 606567279 47949 2026-07-07T09:17:22.363843
07-07-2026 15:36 - WARNING - last_pkt_count, last_gps_count, last_pkt_Tstamp
07-07-2026 15:36 - WARNING - 608449820 47978 2026-07-07T09:17:51.571705
07-07-2026 15:36 - WARNING - diff_pkt_count  , diff_gps_count ,  diff_pkt_timstamp
07-07-2026 15:36 - WARNING - 1882541 29 29207862 microseconds
07-07-2026 15:36 - WARNING - No packet loss: /data/dsp/GBD_TRANSIENT_BUFFER/J0953+0755/07_07_2026/PDR_GULP_data000.pcap_07_07_2026_14_48_1783415903.PCAP_PDR
07-07-2026 15:36 - WARNING - first_pkt_count, first_gps_count, first_pkt_Tstamp
07-07-2026 15:36 - WARNING - 608449821 47978 2026-07-07T09:17:51.571705
07-07-2026 15:36 - WARNING - last_pkt_count, last_gps_count, last_pkt_Tstamp
07-07-2026 15:36 - WARNING - 610332362 48007 2026-07-07T09:18:20.779597
07-07-2026 15:36 - WARNING - diff_pkt_count  , diff_gps_count ,  diff_pkt_timstamp
07-07-2026 15:36 - WARNING - 1882541 29 29207892 microseconds
07-07-2026 15:36 - WARNING - No packet loss: /data/dsp/GBD_TRANSIENT_BUFFER/J0953+0755/07_07_2026/PDR_GULP_data001.pcap_07_07_2026_14_48_1783415932.PCAP_PDR
07-07-2026 15:36 - WARNING - first_pkt_count, first_gps_count, first_pkt_Tstamp
07-07-2026 15:36 - WARNING - 610332363 48007 2026-07-07T09:18:20.779688
07-07-2026 15:36 - WARNING - last_pkt_count, last_gps_count, last_pkt_Tstamp
07-07-2026 15:36 - WARNING - 612214905 48036 2026-07-07T09:18:49.987552
07-07-2026 15:36 - WARNING - diff_pkt_count  , diff_gps_count ,  diff_pkt_timstamp
07-07-2026 15:36 - WARNING - 1882542 29 29207864 microseconds
07-07-2026 15:36 - WARNING - No packet loss: /data/dsp/GBD_TRANSIENT_BUFFER/J0953+0755/07_07_2026/PDR_GULP_data002.pcap_07_07_2026_14_49_1783415962.PCAP_PDR
07-07-2026 15:36 - WARNING - first_pkt_count, first_gps_count, first_pkt_Tstamp
07-07-2026 15:36 - WARNING - 612214906 48036 2026-07-07T09:18:49.987552
07-07-2026 15:36 - WARNING - last_pkt_count, last_gps_count, last_pkt_Tstamp
07-07-2026 15:36 - WARNING - 614097447 48066 2026-07-07T09:19:19.195493
07-07-2026 15:36 - WARNING - diff_pkt_count  , diff_gps_count ,  diff_pkt_timstamp
07-07-2026 15:36 - WARNING - 1882541 30 29207941 microseconds
07-07-2026 15:36 - WARNING - No packet loss: /data/dsp/GBD_TRANSIENT_BUFFER/J0953+0755/07_07_2026/PDR_GULP_data000.pcap_07_07_2026_14_49_1783415991.PCAP_PDR
07-07-2026 15:36 - WARNING - first_pkt_count, first_gps_count, first_pkt_Tstamp
07-07-2026 15:36 - WARNING - 614097448 48066 2026-07-07T09:19:19.195493
07-07-2026 15:36 - WARNING - last_pkt_count, last_gps_count, last_pkt_Tstamp
07-07-2026 15:36 - WARNING - 615979989 48095 2026-07-07T09:19:48.403356
07-07-2026 15:36 - WARNING - diff_pkt_count  , diff_gps_count ,  diff_pkt_timstamp
07-07-2026 15:36 - WARNING - 1882541 29 29207863 microseconds
07-07-2026 15:36 - WARNING - No packet loss: /data/dsp/GBD_TRANSIENT_BUFFER/J0953+0755/07_07_2026/PDR_GULP_data001.pcap_07_07_2026_14_50_1783416020.PCAP_PDR
07-07-2026 15:36 - WARNING - first_pkt_count, first_gps_count, first_pkt_Tstamp
07-07-2026 15:36 - WARNING - 615979990 48095 2026-07-07T09:19:48.403357
07-07-2026 15:36 - WARNING - last_pkt_count, last_gps_count, last_pkt_Tstamp
07-07-2026 15:36 - WARNING - 617862531 48124 2026-07-07T09:20:17.611281
07-07-2026 15:36 - WARNING - diff_pkt_count  , diff_gps_count ,  diff_pkt_timstamp
07-07-2026 15:36 - WARNING - 1882541 29 29207924 microseconds
07-07-2026 15:36 - WARNING - No packet loss: /data/dsp/GBD_TRANSIENT_BUFFER/J0953+0755/07_07_2026/PDR_GULP_data002.pcap_07_07_2026_14_50_1783416049.PCAP_PDR
07-07-2026 15:36 - WARNING - first_pkt_count, first_gps_count, first_pkt_Tstamp
07-07-2026 15:36 - WARNING - 617862532 48124 2026-07-07T09:20:17.611281
07-07-2026 15:36 - WARNING - last_pkt_count, last_gps_count, last_pkt_Tstamp
07-07-2026 15:36 - WARNING - 619745073 48153 2026-07-07T09:20:46.819218
07-07-2026 15:36 - WARNING - diff_pkt_count  , diff_gps_count ,  diff_pkt_timstamp
07-07-2026 15:36 - WARNING - 1882541 29 29207937 microseconds
07-07-2026 15:36 - WARNING - No packet loss: /data/dsp/GBD_TRANSIENT_BUFFER/J0953+0755/07_07_2026/PDR_GULP_data000.pcap_07_07_2026_14_51_1783416079.PCAP_PDR
07-07-2026 15:36 - WARNING - first_pkt_count, first_gps_count, first_pkt_Tstamp
07-07-2026 15:36 - WARNING - 619745074 48153 2026-07-07T09:20:46.819218
07-07-2026 15:36 - WARNING - last_pkt_count, last_gps_count, last_pkt_Tstamp
07-07-2026 15:36 - WARNING - 621627615 48183 2026-07-07T09:21:16.027125
07-07-2026 15:36 - WARNING - diff_pkt_count  , diff_gps_count ,  diff_pkt_timstamp
07-07-2026 15:36 - WARNING - 1882541 30 29207907 microseconds
07-07-2026 15:36 - WARNING - No packet loss: /data/dsp/GBD_TRANSIENT_BUFFER/J0953+0755/07_07_2026/PDR_GULP_data001.pcap_07_07_2026_14_51_1783416108.PCAP_PDR
07-07-2026 15:36 - WARNING - first_pkt_count, first_gps_count, first_pkt_Tstamp
07-07-2026 15:36 - WARNING - 621627616 48183 2026-07-07T09:21:16.027125
07-07-2026 15:36 - WARNING - last_pkt_count, last_gps_count, last_pkt_Tstamp
07-07-2026 15:36 - WARNING - 623510158 48212 2026-07-07T09:21:45.235066
07-07-2026 15:36 - WARNING - diff_pkt_count  , diff_gps_count ,  diff_pkt_timstamp
07-07-2026 15:36 - WARNING - 1882542 29 29207941 microseconds
07-07-2026 15:36 - WARNING - No packet loss: /data/dsp/GBD_TRANSIENT_BUFFER/J0953+0755/07_07_2026/PDR_GULP_data002.pcap_07_07_2026_14_52_1783416137.PCAP_PDR
07-07-2026 15:36 - WARNING - first_pkt_count, first_gps_count, first_pkt_Tstamp
07-07-2026 15:36 - WARNING - 623510159 48212 2026-07-07T09:21:45.235066
07-07-2026 15:36 - WARNING - last_pkt_count, last_gps_count, last_pkt_Tstamp
07-07-2026 15:36 - WARNING - 625392700 48241 2026-07-07T09:22:14.442910
07-07-2026 15:36 - WARNING - diff_pkt_count  , diff_gps_count ,  diff_pkt_timstamp
07-07-2026 15:36 - WARNING - 1882541 29 29207844 microseconds
07-07-2026 15:36 - WARNING - No packet loss: /data/dsp/GBD_TRANSIENT_BUFFER/J0953+0755/07_07_2026/PDR_GULP_data000.pcap_07_07_2026_14_52_1783416166.PCAP_PDR
07-07-2026 15:36 - WARNING - first_pkt_count, first_gps_count, first_pkt_Tstamp
07-07-2026 15:36 - WARNING - 625392701 48241 2026-07-07T09:22:14.442910
07-07-2026 15:36 - WARNING - last_pkt_count, last_gps_count, last_pkt_Tstamp
07-07-2026 15:36 - WARNING - 627275242 48270 2026-07-07T09:22:43.650828
07-07-2026 15:36 - WARNING - diff_pkt_count  , diff_gps_count ,  diff_pkt_timstamp
07-07-2026 15:36 - WARNING - 1882541 29 29207918 microseconds
07-07-2026 15:36 - WARNING - No packet loss: /data/dsp/GBD_TRANSIENT_BUFFER/J0953+0755/07_07_2026/PDR_GULP_data001.pcap_07_07_2026_14_53_1783416195.PCAP_PDR
07-07-2026 15:36 - WARNING - first_pkt_count, first_gps_count, first_pkt_Tstamp
07-07-2026 15:36 - WARNING - 627275243 48270 2026-07-07T09:22:43.650828
07-07-2026 15:36 - WARNING - last_pkt_count, last_gps_count, last_pkt_Tstamp
07-07-2026 15:36 - WARNING - 629157784 48299 2026-07-07T09:23:12.858731
07-07-2026 15:36 - WARNING - diff_pkt_count  , diff_gps_count ,  diff_pkt_timstamp
07-07-2026 15:36 - WARNING - 1882541 29 29207903 microseconds
07-07-2026 15:36 - WARNING - No packet loss: /data/dsp/GBD_TRANSIENT_BUFFER/J0953+0755/07_07_2026/PDR_GULP_data002.pcap_07_07_2026_14_53_1783416225.PCAP_PDR
07-07-2026 15:36 - WARNING - first_pkt_count, first_gps_count, first_pkt_Tstamp
07-07-2026 15:36 - WARNING - 629157785 48299 2026-07-07T09:23:12.858731
07-07-2026 15:36 - WARNING - last_pkt_count, last_gps_count, last_pkt_Tstamp
07-07-2026 15:36 - WARNING - 631040326 48329 2026-07-07T09:23:42.066620
07-07-2026 15:36 - WARNING - diff_pkt_count  , diff_gps_count ,  diff_pkt_timstamp
07-07-2026 15:36 - WARNING - 1882541 30 29207889 microseconds
07-07-2026 15:36 - WARNING - No packet loss: /data/dsp/GBD_TRANSIENT_BUFFER/J0953+0755/07_07_2026/PDR_GULP_data000.pcap_07_07_2026_14_54_1783416254.PCAP_PDR
07-07-2026 15:36 - WARNING - first_pkt_count, first_gps_count, first_pkt_Tstamp
07-07-2026 15:36 - WARNING - 631040327 48329 2026-07-07T09:23:42.066620
07-07-2026 15:36 - WARNING - last_pkt_count, last_gps_count, last_pkt_Tstamp
07-07-2026 15:36 - WARNING - 632922868 48358 2026-07-07T09:24:11.274524
07-07-2026 15:36 - WARNING - diff_pkt_count  , diff_gps_count ,  diff_pkt_timstamp
07-07-2026 15:36 - WARNING - 1882541 29 29207904 microseconds
07-07-2026 15:36 - WARNING - No packet loss: /data/dsp/GBD_TRANSIENT_BUFFER/J0953+0755/07_07_2026/PDR_GULP_data001.pcap_07_07_2026_14_54_1783416283.PCAP_PDR
07-07-2026 15:36 - WARNING - first_pkt_count, first_gps_count, first_pkt_Tstamp
07-07-2026 15:36 - WARNING - 632922869 48358 2026-07-07T09:24:11.274525
07-07-2026 15:36 - WARNING - last_pkt_count, last_gps_count, last_pkt_Tstamp
07-07-2026 15:36 - WARNING - 634805411 48387 2026-07-07T09:24:40.482404
07-07-2026 15:36 - WARNING - diff_pkt_count  , diff_gps_count ,  diff_pkt_timstamp
07-07-2026 15:36 - WARNING - 1882542 29 29207879 microseconds
07-07-2026 15:36 - WARNING - No packet loss: /data/dsp/GBD_TRANSIENT_BUFFER/J0953+0755/07_07_2026/PDR_GULP_data002.pcap_07_07_2026_14_55_1783416312.PCAP_PDR
07-07-2026 15:36 - WARNING - first_pkt_count, first_gps_count, first_pkt_Tstamp
07-07-2026 15:36 - WARNING - 634805412 48387 2026-07-07T09:24:40.482404
07-07-2026 15:36 - WARNING - last_pkt_count, last_gps_count, last_pkt_Tstamp
07-07-2026 15:36 - WARNING - 636687953 48416 2026-07-07T09:25:09.690297
07-07-2026 15:36 - WARNING - diff_pkt_count  , diff_gps_count ,  diff_pkt_timstamp
07-07-2026 15:36 - WARNING - 1882541 29 29207893 microseconds
07-07-2026 15:36 - WARNING - No packet loss: /data/dsp/GBD_TRANSIENT_BUFFER/J0953+0755/07_07_2026/PDR_GULP_data000.pcap_07_07_2026_14_55_1783416341.PCAP_PDR
07-07-2026 15:36 - WARNING - first_pkt_count, first_gps_count, first_pkt_Tstamp
07-07-2026 15:36 - WARNING - 636687954 48416 2026-07-07T09:25:09.690297
07-07-2026 15:36 - WARNING - last_pkt_count, last_gps_count, last_pkt_Tstamp
07-07-2026 15:36 - WARNING - 638570495 48445 2026-07-07T09:25:38.898179
07-07-2026 15:36 - WARNING - diff_pkt_count  , diff_gps_count ,  diff_pkt_timstamp
07-07-2026 15:36 - WARNING - 1882541 29 29207882 microseconds
07-07-2026 15:36 - WARNING - No packet loss: /data/dsp/GBD_TRANSIENT_BUFFER/J0953+0755/07_07_2026/PDR_GULP_data001.pcap_07_07_2026_14_56_1783416371.PCAP_PDR
07-07-2026 15:36 - WARNING - first_pkt_count, first_gps_count, first_pkt_Tstamp
07-07-2026 15:36 - WARNING - 638570496 48445 2026-07-07T09:25:38.898179
07-07-2026 15:36 - WARNING - last_pkt_count, last_gps_count, last_pkt_Tstamp
07-07-2026 15:36 - WARNING - 640453037 48475 2026-07-07T09:26:08.106102
07-07-2026 15:36 - WARNING - diff_pkt_count  , diff_gps_count ,  diff_pkt_timstamp
07-07-2026 15:36 - WARNING - 1882541 30 29207923 microseconds
07-07-2026 15:36 - WARNING - No packet loss: /data/dsp/GBD_TRANSIENT_BUFFER/J0953+0755/07_07_2026/PDR_GULP_data002.pcap_07_07_2026_14_56_1783416400.PCAP_PDR
07-07-2026 15:36 - WARNING - first_pkt_count, first_gps_count, first_pkt_Tstamp
07-07-2026 15:36 - WARNING - 640453038 48475 2026-07-07T09:26:08.106102
07-07-2026 15:36 - WARNING - last_pkt_count, last_gps_count, last_pkt_Tstamp
07-07-2026 15:36 - WARNING - 642335579 48504 2026-07-07T09:26:37.313994
07-07-2026 15:36 - WARNING - diff_pkt_count  , diff_gps_count ,  diff_pkt_timstamp
07-07-2026 15:36 - WARNING - 1882541 29 29207892 microseconds
07-07-2026 15:36 - WARNING - No packet loss: /data/dsp/GBD_TRANSIENT_BUFFER/J0953+0755/07_07_2026/PDR_GULP_data000.pcap_07_07_2026_14_57_1783416429.PCAP_PDR
07-07-2026 15:36 - WARNING - first_pkt_count, first_gps_count, first_pkt_Tstamp
07-07-2026 15:36 - WARNING - 642335580 48504 2026-07-07T09:26:37.313994
07-07-2026 15:36 - WARNING - last_pkt_count, last_gps_count, last_pkt_Tstamp
07-07-2026 15:36 - WARNING - 644218121 48533 2026-07-07T09:27:06.521882
07-07-2026 15:36 - WARNING - diff_pkt_count  , diff_gps_count ,  diff_pkt_timstamp
07-07-2026 15:36 - WARNING - 1882541 29 29207888 microseconds
07-07-2026 15:36 - WARNING - No packet loss: /data/dsp/GBD_TRANSIENT_BUFFER/J0953+0755/07_07_2026/PDR_GULP_data001.pcap_07_07_2026_14_57_1783416458.PCAP_PDR
07-07-2026 15:36 - WARNING - first_pkt_count, first_gps_count, first_pkt_Tstamp
07-07-2026 15:36 - WARNING - 644218122 48533 2026-07-07T09:27:06.521883
07-07-2026 15:36 - WARNING - last_pkt_count, last_gps_count, last_pkt_Tstamp
07-07-2026 15:36 - WARNING - 646100664 48562 2026-07-07T09:27:35.729766
07-07-2026 15:36 - WARNING - diff_pkt_count  , diff_gps_count ,  diff_pkt_timstamp
07-07-2026 15:36 - WARNING - 1882542 29 29207883 microseconds
07-07-2026 15:36 - WARNING - No packet loss: /data/dsp/GBD_TRANSIENT_BUFFER/J0953+0755/07_07_2026/PDR_GULP_data002.pcap_07_07_2026_14_58_1783416487.PCAP_PDR
07-07-2026 15:36 - WARNING - first_pkt_count, first_gps_count, first_pkt_Tstamp
07-07-2026 15:36 - WARNING - 646100665 48562 2026-07-07T09:27:35.729767
07-07-2026 15:36 - WARNING - last_pkt_count, last_gps_count, last_pkt_Tstamp
07-07-2026 15:36 - WARNING - 647983206 48591 2026-07-07T09:28:04.937650
07-07-2026 15:36 - WARNING - diff_pkt_count  , diff_gps_count ,  diff_pkt_timstamp
07-07-2026 15:36 - WARNING - 1882541 29 29207883 microseconds
07-07-2026 15:36 - WARNING - No packet loss: /data/dsp/GBD_TRANSIENT_BUFFER/J0953+0755/07_07_2026/PDR_GULP_data000.pcap_07_07_2026_14_58_1783416517.PCAP_PDR
07-07-2026 15:36 - WARNING - first_pkt_count, first_gps_count, first_pkt_Tstamp
07-07-2026 15:36 - WARNING - 647983207 48591 2026-07-07T09:28:04.937702
07-07-2026 15:36 - WARNING - last_pkt_count, last_gps_count, last_pkt_Tstamp
07-07-2026 15:36 - WARNING - 649865748 48621 2026-07-07T09:28:34.145558
07-07-2026 15:36 - WARNING - diff_pkt_count  , diff_gps_count ,  diff_pkt_timstamp
07-07-2026 15:36 - WARNING - 1882541 30 29207856 microseconds
07-07-2026 15:36 - WARNING - No packet loss: /data/dsp/GBD_TRANSIENT_BUFFER/J0953+0755/07_07_2026/PDR_GULP_data001.pcap_07_07_2026_14_59_1783416546.PCAP_PDR
07-07-2026 15:36 - WARNING - first_pkt_count, first_gps_count, first_pkt_Tstamp
07-07-2026 15:36 - WARNING - 649865749 48621 2026-07-07T09:28:34.145558
07-07-2026 15:36 - WARNING - last_pkt_count, last_gps_count, last_pkt_Tstamp
07-07-2026 15:36 - WARNING - 651748290 48650 2026-07-07T09:29:03.353408
07-07-2026 15:36 - WARNING - diff_pkt_count  , diff_gps_count ,  diff_pkt_timstamp
07-07-2026 15:36 - WARNING - 1882541 29 29207850 microseconds
07-07-2026 15:36 - WARNING - No packet loss: /data/dsp/GBD_TRANSIENT_BUFFER/J0953+0755/07_07_2026/PDR_GULP_data002.pcap_07_07_2026_14_59_1783416575.PCAP_PDR
07-07-2026 15:36 - WARNING - first_pkt_count, first_gps_count, first_pkt_Tstamp
07-07-2026 15:36 - WARNING - 651748291 48650 2026-07-07T09:29:03.353476
07-07-2026 15:36 - WARNING - last_pkt_count, last_gps_count, last_pkt_Tstamp
07-07-2026 15:36 - WARNING - 653630832 48679 2026-07-07T09:29:32.561380
07-07-2026 15:36 - WARNING - diff_pkt_count  , diff_gps_count ,  diff_pkt_timstamp
07-07-2026 15:36 - WARNING - 1882541 29 29207904 microseconds
07-07-2026 15:36 - WARNING - No packet loss: /data/dsp/GBD_TRANSIENT_BUFFER/J0953+0755/07_07_2026/PDR_GULP_data000.pcap_07_07_2026_15_00_1783416604.PCAP_PDR
07-07-2026 15:36 - WARNING - first_pkt_count, first_gps_count, first_pkt_Tstamp
07-07-2026 15:36 - WARNING - 653630833 48679 2026-07-07T09:29:32.561380
07-07-2026 15:36 - WARNING - last_pkt_count, last_gps_count, last_pkt_Tstamp
07-07-2026 15:36 - WARNING - 655513374 48708 2026-07-07T09:30:01.769249
07-07-2026 15:36 - WARNING - diff_pkt_count  , diff_gps_count ,  diff_pkt_timstamp
07-07-2026 15:36 - WARNING - 1882541 29 29207869 microseconds
07-07-2026 15:36 - WARNING - No packet loss: /data/dsp/GBD_TRANSIENT_BUFFER/J0953+0755/07_07_2026/PDR_GULP_data001.pcap_07_07_2026_15_00_1783416633.PCAP_PDR
07-07-2026 15:36 - WARNING - first_pkt_count, first_gps_count, first_pkt_Tstamp
07-07-2026 15:36 - WARNING - 655513375 48708 2026-07-07T09:30:01.769249
07-07-2026 15:36 - WARNING - last_pkt_count, last_gps_count, last_pkt_Tstamp
07-07-2026 15:36 - WARNING - 657395917 48737 2026-07-07T09:30:30.977107
07-07-2026 15:36 - WARNING - diff_pkt_count  , diff_gps_count ,  diff_pkt_timstamp
07-07-2026 15:36 - WARNING - 1882542 29 29207858 microseconds
07-07-2026 15:36 - WARNING - No packet loss: /data/dsp/GBD_TRANSIENT_BUFFER/J0953+0755/07_07_2026/PDR_GULP_data002.pcap_07_07_2026_15_01_1783416663.PCAP_PDR
07-07-2026 15:36 - WARNING - first_pkt_count, first_gps_count, first_pkt_Tstamp
07-07-2026 15:36 - WARNING - 657395918 48737 2026-07-07T09:30:30.977159
07-07-2026 15:36 - WARNING - last_pkt_count, last_gps_count, last_pkt_Tstamp
07-07-2026 15:36 - WARNING - 659278459 48767 2026-07-07T09:31:00.185037
07-07-2026 15:36 - WARNING - diff_pkt_count  , diff_gps_count ,  diff_pkt_timstamp
07-07-2026 15:36 - WARNING - 1882541 30 29207878 microseconds
07-07-2026 15:36 - WARNING - No packet loss: /data/dsp/GBD_TRANSIENT_BUFFER/J0953+0755/07_07_2026/PDR_GULP_data000.pcap_07_07_2026_15_01_1783416692.PCAP_PDR
07-07-2026 15:36 - WARNING - first_pkt_count, first_gps_count, first_pkt_Tstamp
07-07-2026 15:36 - WARNING - 659278460 48767 2026-07-07T09:31:00.185037
07-07-2026 15:36 - WARNING - last_pkt_count, last_gps_count, last_pkt_Tstamp
07-07-2026 15:36 - WARNING - 661161001 48796 2026-07-07T09:31:29.392906
07-07-2026 15:36 - WARNING - diff_pkt_count  , diff_gps_count ,  diff_pkt_timstamp
07-07-2026 15:36 - WARNING - 1882541 29 29207869 microseconds
07-07-2026 15:36 - WARNING - No packet loss: /data/dsp/GBD_TRANSIENT_BUFFER/J0953+0755/07_07_2026/PDR_GULP_data001.pcap_07_07_2026_15_02_1783416721.PCAP_PDR
07-07-2026 15:36 - WARNING - first_pkt_count, first_gps_count, first_pkt_Tstamp
07-07-2026 15:36 - WARNING - 661161002 48796 2026-07-07T09:31:29.392906
07-07-2026 15:36 - WARNING - last_pkt_count, last_gps_count, last_pkt_Tstamp
07-07-2026 15:36 - WARNING - 663043543 48825 2026-07-07T09:31:58.600834
07-07-2026 15:36 - WARNING - diff_pkt_count  , diff_gps_count ,  diff_pkt_timstamp
07-07-2026 15:36 - WARNING - 1882541 29 29207928 microseconds
07-07-2026 15:36 - WARNING - No packet loss: /data/dsp/GBD_TRANSIENT_BUFFER/J0953+0755/07_07_2026/PDR_GULP_data002.pcap_07_07_2026_15_02_1783416750.PCAP_PDR
07-07-2026 15:36 - WARNING - first_pkt_count, first_gps_count, first_pkt_Tstamp
07-07-2026 15:36 - WARNING - 663043544 48825 2026-07-07T09:31:58.600834
07-07-2026 15:36 - WARNING - last_pkt_count, last_gps_count, last_pkt_Tstamp
07-07-2026 15:36 - WARNING - 664926085 48854 2026-07-07T09:32:27.808693
07-07-2026 15:36 - WARNING - diff_pkt_count  , diff_gps_count ,  diff_pkt_timstamp
07-07-2026 15:36 - WARNING - 1882541 29 29207859 microseconds
07-07-2026 15:36 - WARNING - No packet loss: /data/dsp/GBD_TRANSIENT_BUFFER/J0953+0755/07_07_2026/PDR_GULP_data000.pcap_07_07_2026_15_03_1783416780.PCAP_PDR
07-07-2026 15:36 - WARNING - first_pkt_count, first_gps_count, first_pkt_Tstamp
07-07-2026 15:36 - WARNING - 664926086 48854 2026-07-07T09:32:27.808694
07-07-2026 15:36 - WARNING - last_pkt_count, last_gps_count, last_pkt_Tstamp
07-07-2026 15:36 - WARNING - 666808627 48884 2026-07-07T09:32:57.016571
07-07-2026 15:36 - WARNING - diff_pkt_count  , diff_gps_count ,  diff_pkt_timstamp
07-07-2026 15:36 - WARNING - 1882541 30 29207877 microseconds
07-07-2026 15:36 - WARNING - No packet loss: /data/dsp/GBD_TRANSIENT_BUFFER/J0953+0755/07_07_2026/PDR_GULP_data001.pcap_07_07_2026_15_03_1783416809.PCAP_PDR
07-07-2026 15:36 - WARNING - first_pkt_count, first_gps_count, first_pkt_Tstamp
07-07-2026 15:36 - WARNING - 666808628 48884 2026-07-07T09:32:57.016621
07-07-2026 15:36 - WARNING - last_pkt_count, last_gps_count, last_pkt_Tstamp
07-07-2026 15:36 - WARNING - 668691170 48913 2026-07-07T09:33:26.224470
07-07-2026 15:36 - WARNING - diff_pkt_count  , diff_gps_count ,  diff_pkt_timstamp
07-07-2026 15:36 - WARNING - 1882542 29 29207849 microseconds
07-07-2026 15:36 - WARNING - No packet loss: /data/dsp/GBD_TRANSIENT_BUFFER/J0953+0755/07_07_2026/PDR_GULP_data002.pcap_07_07_2026_15_03_1783416838.PCAP_PDR
07-07-2026 15:36 - WARNING - first_pkt_count, first_gps_count, first_pkt_Tstamp
07-07-2026 15:36 - WARNING - 668691171 48913 2026-07-07T09:33:26.224508
07-07-2026 15:36 - WARNING - last_pkt_count, last_gps_count, last_pkt_Tstamp
07-07-2026 15:36 - WARNING - 670573712 48942 2026-07-07T09:33:55.432406
07-07-2026 15:36 - WARNING - diff_pkt_count  , diff_gps_count ,  diff_pkt_timstamp
07-07-2026 15:36 - WARNING - 1882541 29 29207898 microseconds
07-07-2026 15:36 - WARNING - No packet loss: /data/dsp/GBD_TRANSIENT_BUFFER/J0953+0755/07_07_2026/PDR_GULP_data000.pcap_07_07_2026_15_04_1783416867.PCAP_PDR
07-07-2026 15:36 - WARNING - first_pkt_count, first_gps_count, first_pkt_Tstamp
07-07-2026 15:36 - WARNING - 670573713 48942 2026-07-07T09:33:55.432406
07-07-2026 15:36 - WARNING - last_pkt_count, last_gps_count, last_pkt_Tstamp
07-07-2026 15:36 - WARNING - 672456254 48971 2026-07-07T09:34:24.640293
07-07-2026 15:36 - WARNING - diff_pkt_count  , diff_gps_count ,  diff_pkt_timstamp
07-07-2026 15:36 - WARNING - 1882541 29 29207887 microseconds
07-07-2026 15:36 - WARNING - No packet loss: /data/dsp/GBD_TRANSIENT_BUFFER/J0953+0755/07_07_2026/PDR_GULP_data001.pcap_07_07_2026_15_04_1783416896.PCAP_PDR
07-07-2026 15:36 - WARNING - first_pkt_count, first_gps_count, first_pkt_Tstamp
07-07-2026 15:36 - WARNING - 672456255 48971 2026-07-07T09:34:24.640293
07-07-2026 15:36 - WARNING - last_pkt_count, last_gps_count, last_pkt_Tstamp
07-07-2026 15:36 - WARNING - 674338796 49000 2026-07-07T09:34:53.848169
07-07-2026 15:36 - WARNING - diff_pkt_count  , diff_gps_count ,  diff_pkt_timstamp
07-07-2026 15:36 - WARNING - 1882541 29 29207876 microseconds
07-07-2026 15:36 - WARNING - No packet loss: /data/dsp/GBD_TRANSIENT_BUFFER/J0953+0755/07_07_2026/PDR_GULP_data002.pcap_07_07_2026_15_05_1783416926.PCAP_PDR
07-07-2026 15:36 - WARNING - first_pkt_count, first_gps_count, first_pkt_Tstamp
07-07-2026 15:36 - WARNING - 674338797 49000 2026-07-07T09:34:53.848170
07-07-2026 15:36 - WARNING - last_pkt_count, last_gps_count, last_pkt_Tstamp
07-07-2026 15:36 - WARNING - 676221338 49030 2026-07-07T09:35:23.056080
07-07-2026 15:36 - WARNING - diff_pkt_count  , diff_gps_count ,  diff_pkt_timstamp
07-07-2026 15:36 - WARNING - 1882541 30 29207910 microseconds
07-07-2026 15:36 - WARNING - No packet loss: /data/dsp/GBD_TRANSIENT_BUFFER/J0953+0755/07_07_2026/PDR_GULP_data000.pcap_07_07_2026_15_05_1783416955.PCAP_PDR
07-07-2026 15:36 - WARNING - first_pkt_count, first_gps_count, first_pkt_Tstamp
07-07-2026 15:36 - WARNING - 676221339 49030 2026-07-07T09:35:23.056081
07-07-2026 15:36 - WARNING - last_pkt_count, last_gps_count, last_pkt_Tstamp
07-07-2026 15:36 - WARNING - 678103880 49059 2026-07-07T09:35:52.263925
07-07-2026 15:36 - WARNING - diff_pkt_count  , diff_gps_count ,  diff_pkt_timstamp
07-07-2026 15:36 - WARNING - 1882541 29 29207844 microseconds
07-07-2026 15:36 - WARNING - No packet loss: /data/dsp/GBD_TRANSIENT_BUFFER/J0953+0755/07_07_2026/PDR_GULP_data001.pcap_07_07_2026_15_06_1783416984.PCAP_PDR
07-07-2026 15:36 - WARNING - first_pkt_count, first_gps_count, first_pkt_Tstamp
07-07-2026 15:36 - WARNING - 678103881 49059 2026-07-07T09:35:52.263978
07-07-2026 15:36 - WARNING - last_pkt_count, last_gps_count, last_pkt_Tstamp
07-07-2026 15:36 - WARNING - 679986423 49088 2026-07-07T09:36:21.471862
07-07-2026 15:36 - WARNING - diff_pkt_count  , diff_gps_count ,  diff_pkt_timstamp
07-07-2026 15:36 - WARNING - 1882542 29 29207884 microseconds
07-07-2026 15:36 - WARNING - No packet loss: /data/dsp/GBD_TRANSIENT_BUFFER/J0953+0755/07_07_2026/PDR_GULP_data002.pcap_07_07_2026_15_06_1783417013.PCAP_PDR
07-07-2026 15:36 - WARNING - first_pkt_count, first_gps_count, first_pkt_Tstamp
07-07-2026 15:36 - WARNING - 679986424 49088 2026-07-07T09:36:21.471862
07-07-2026 15:36 - WARNING - last_pkt_count, last_gps_count, last_pkt_Tstamp
07-07-2026 15:36 - WARNING - 681868965 49117 2026-07-07T09:36:50.679795
07-07-2026 15:36 - WARNING - diff_pkt_count  , diff_gps_count ,  diff_pkt_timstamp
07-07-2026 15:36 - WARNING - 1882541 29 29207933 microseconds
07-07-2026 15:36 - WARNING - No packet loss: /data/dsp/GBD_TRANSIENT_BUFFER/J0953+0755/07_07_2026/PDR_GULP_data000.pcap_07_07_2026_15_07_1783417042.PCAP_PDR
07-07-2026 15:36 - WARNING - first_pkt_count, first_gps_count, first_pkt_Tstamp
07-07-2026 15:36 - WARNING - 681868966 49117 2026-07-07T09:36:50.679795
07-07-2026 15:36 - WARNING - last_pkt_count, last_gps_count, last_pkt_Tstamp
07-07-2026 15:36 - WARNING - 683751507 49146 2026-07-07T09:37:19.887645
07-07-2026 15:36 - WARNING - diff_pkt_count  , diff_gps_count ,  diff_pkt_timstamp
07-07-2026 15:36 - WARNING - 1882541 29 29207850 microseconds
07-07-2026 15:36 - WARNING - No packet loss: /data/dsp/GBD_TRANSIENT_BUFFER/J0953+0755/07_07_2026/PDR_GULP_data001.pcap_07_07_2026_15_07_1783417072.PCAP_PDR
07-07-2026 15:36 - WARNING - first_pkt_count, first_gps_count, first_pkt_Tstamp
07-07-2026 15:36 - WARNING - 683751508 49146 2026-07-07T09:37:19.887645
07-07-2026 15:36 - WARNING - last_pkt_count, last_gps_count, last_pkt_Tstamp
07-07-2026 15:36 - WARNING - 685634049 49176 2026-07-07T09:37:49.095572
07-07-2026 15:36 - WARNING - diff_pkt_count  , diff_gps_count ,  diff_pkt_timstamp
07-07-2026 15:36 - WARNING - 1882541 30 29207927 microseconds
07-07-2026 15:36 - WARNING - No packet loss: /data/dsp/GBD_TRANSIENT_BUFFER/J0953+0755/07_07_2026/PDR_GULP_data002.pcap_07_07_2026_15_08_1783417101.PCAP_PDR
07-07-2026 15:36 - WARNING - first_pkt_count, first_gps_count, first_pkt_Tstamp
07-07-2026 15:36 - WARNING - 685634050 49176 2026-07-07T09:37:49.095572
07-07-2026 15:36 - WARNING - last_pkt_count, last_gps_count, last_pkt_Tstamp
07-07-2026 15:36 - WARNING - 687516591 49205 2026-07-07T09:38:18.303392
07-07-2026 15:36 - WARNING - diff_pkt_count  , diff_gps_count ,  diff_pkt_timstamp
07-07-2026 15:36 - WARNING - 1882541 29 29207820 microseconds
07-07-2026 15:36 - WARNING - No packet loss: /data/dsp/GBD_TRANSIENT_BUFFER/J0953+0755/07_07_2026/PDR_GULP_data000.pcap_07_07_2026_15_08_1783417130.PCAP_PDR
07-07-2026 15:36 - WARNING - first_pkt_count, first_gps_count, first_pkt_Tstamp
07-07-2026 15:36 - WARNING - 687516592 49205 2026-07-07T09:38:18.303445
07-07-2026 15:36 - WARNING - last_pkt_count, last_gps_count, last_pkt_Tstamp
07-07-2026 15:36 - WARNING - 689399133 49234 2026-07-07T09:38:47.511321
07-07-2026 15:36 - WARNING - diff_pkt_count  , diff_gps_count ,  diff_pkt_timstamp
07-07-2026 15:36 - WARNING - 1882541 29 29207876 microseconds
07-07-2026 15:36 - WARNING - No packet loss: /data/dsp/GBD_TRANSIENT_BUFFER/J0953+0755/07_07_2026/PDR_GULP_data001.pcap_07_07_2026_15_09_1783417159.PCAP_PDR
07-07-2026 15:36 - WARNING - first_pkt_count, first_gps_count, first_pkt_Tstamp
07-07-2026 15:36 - WARNING - 689399134 49234 2026-07-07T09:38:47.511322
07-07-2026 15:36 - WARNING - last_pkt_count, last_gps_count, last_pkt_Tstamp
07-07-2026 15:36 - WARNING - 691281676 49263 2026-07-07T09:39:16.719214
07-07-2026 15:36 - WARNING - diff_pkt_count  , diff_gps_count ,  diff_pkt_timstamp
07-07-2026 15:36 - WARNING - 1882542 29 29207892 microseconds
07-07-2026 15:36 - WARNING - No packet loss: /data/dsp/GBD_TRANSIENT_BUFFER/J0953+0755/07_07_2026/PDR_GULP_data002.pcap_07_07_2026_15_09_1783417188.PCAP_PDR
07-07-2026 15:36 - WARNING - first_pkt_count, first_gps_count, first_pkt_Tstamp
07-07-2026 15:36 - WARNING - 691281677 49263 2026-07-07T09:39:16.719214
07-07-2026 15:36 - WARNING - last_pkt_count, last_gps_count, last_pkt_Tstamp
07-07-2026 15:36 - WARNING - 693164218 49292 2026-07-07T09:39:45.927131
07-07-2026 15:36 - WARNING - diff_pkt_count  , diff_gps_count ,  diff_pkt_timstamp
07-07-2026 15:36 - WARNING - 1882541 29 29207917 microseconds
07-07-2026 15:36 - WARNING - No packet loss: /data/dsp/GBD_TRANSIENT_BUFFER/J0953+0755/07_07_2026/PDR_GULP_data000.pcap_07_07_2026_15_10_1783417218.PCAP_PDR
07-07-2026 15:36 - WARNING - first_pkt_count, first_gps_count, first_pkt_Tstamp
07-07-2026 15:36 - WARNING - 693164219 49292 2026-07-07T09:39:45.927132
07-07-2026 15:36 - WARNING - last_pkt_count, last_gps_count, last_pkt_Tstamp
07-07-2026 15:36 - WARNING - 695046760 49322 2026-07-07T09:40:15.135080
07-07-2026 15:36 - WARNING - diff_pkt_count  , diff_gps_count ,  diff_pkt_timstamp
07-07-2026 15:36 - WARNING - 1882541 30 29207948 microseconds
07-07-2026 15:36 - WARNING - No packet loss: /data/dsp/GBD_TRANSIENT_BUFFER/J0953+0755/07_07_2026/PDR_GULP_data001.pcap_07_07_2026_15_10_1783417247.PCAP_PDR
07-07-2026 15:36 - WARNING - first_pkt_count, first_gps_count, first_pkt_Tstamp
07-07-2026 15:36 - WARNING - 695046761 49322 2026-07-07T09:40:15.135080
07-07-2026 15:36 - WARNING - last_pkt_count, last_gps_count, last_pkt_Tstamp
07-07-2026 15:36 - WARNING - 696929302 49351 2026-07-07T09:40:44.342922
07-07-2026 15:36 - WARNING - diff_pkt_count  , diff_gps_count ,  diff_pkt_timstamp
07-07-2026 15:36 - WARNING - 1882541 29 29207842 microseconds
07-07-2026 15:36 - WARNING - No packet loss: /data/dsp/GBD_TRANSIENT_BUFFER/J0953+0755/07_07_2026/PDR_GULP_data002.pcap_07_07_2026_15_11_1783417276.PCAP_PDR
07-07-2026 15:36 - WARNING - first_pkt_count, first_gps_count, first_pkt_Tstamp
07-07-2026 15:36 - WARNING - 696929303 49351 2026-07-07T09:40:44.342922
07-07-2026 15:36 - WARNING - last_pkt_count, last_gps_count, last_pkt_Tstamp
07-07-2026 15:36 - WARNING - 698811844 49380 2026-07-07T09:41:13.550849
07-07-2026 15:36 - WARNING - diff_pkt_count  , diff_gps_count ,  diff_pkt_timstamp
07-07-2026 15:36 - WARNING - 1882541 29 29207927 microseconds
07-07-2026 15:36 - WARNING - No packet loss: /data/dsp/GBD_TRANSIENT_BUFFER/J0953+0755/07_07_2026/PDR_GULP_data000.pcap_07_07_2026_15_11_1783417305.PCAP_PDR
07-07-2026 15:36 - WARNING - first_pkt_count, first_gps_count, first_pkt_Tstamp
07-07-2026 15:36 - WARNING - 698811845 49380 2026-07-07T09:41:13.550849
07-07-2026 15:36 - WARNING - last_pkt_count, last_gps_count, last_pkt_Tstamp
07-07-2026 15:36 - WARNING - 700694386 49409 2026-07-07T09:41:42.758677
07-07-2026 15:36 - WARNING - diff_pkt_count  , diff_gps_count ,  diff_pkt_timstamp
07-07-2026 15:36 - WARNING - 1882541 29 29207828 microseconds
07-07-2026 15:36 - WARNING - No packet loss: /data/dsp/GBD_TRANSIENT_BUFFER/J0953+0755/07_07_2026/PDR_GULP_data001.pcap_07_07_2026_15_12_1783417334.PCAP_PDR
07-07-2026 15:36 - WARNING - first_pkt_count, first_gps_count, first_pkt_Tstamp
07-07-2026 15:36 - WARNING - 700694387 49409 2026-07-07T09:41:42.758677
07-07-2026 15:36 - WARNING - last_pkt_count, last_gps_count, last_pkt_Tstamp
07-07-2026 15:36 - WARNING - 702576929 49438 2026-07-07T09:42:11.966620
07-07-2026 15:36 - WARNING - diff_pkt_count  , diff_gps_count ,  diff_pkt_timstamp
07-07-2026 15:36 - WARNING - 1882542 29 29207943 microseconds
07-07-2026 15:36 - WARNING - No packet loss: /data/dsp/GBD_TRANSIENT_BUFFER/J0953+0755/07_07_2026/PDR_GULP_data002.pcap_07_07_2026_15_12_1783417364.PCAP_PDR
07-07-2026 15:36 - WARNING - first_pkt_count, first_gps_count, first_pkt_Tstamp
07-07-2026 15:36 - WARNING - 702576930 49438 2026-07-07T09:42:11.966620
07-07-2026 15:36 - WARNING - last_pkt_count, last_gps_count, last_pkt_Tstamp
07-07-2026 15:36 - WARNING - 704459471 49468 2026-07-07T09:42:41.174511
07-07-2026 15:36 - WARNING - diff_pkt_count  , diff_gps_count ,  diff_pkt_timstamp
07-07-2026 15:36 - WARNING - 1882541 30 29207891 microseconds
07-07-2026 15:36 - WARNING - No packet loss: /data/dsp/GBD_TRANSIENT_BUFFER/J0953+0755/07_07_2026/PDR_GULP_data000.pcap_07_07_2026_15_13_1783417393.PCAP_PDR
07-07-2026 15:36 - WARNING - first_pkt_count, first_gps_count, first_pkt_Tstamp
07-07-2026 15:36 - WARNING - 704459472 49468 2026-07-07T09:42:41.174590
07-07-2026 15:36 - WARNING - last_pkt_count, last_gps_count, last_pkt_Tstamp
07-07-2026 15:36 - WARNING - 706342013 49497 2026-07-07T09:43:10.382369
07-07-2026 15:36 - WARNING - diff_pkt_count  , diff_gps_count ,  diff_pkt_timstamp
07-07-2026 15:36 - WARNING - 1882541 29 29207779 microseconds
07-07-2026 15:36 - WARNING - No packet loss: /data/dsp/GBD_TRANSIENT_BUFFER/J0953+0755/07_07_2026/PDR_GULP_data001.pcap_07_07_2026_15_13_1783417422.PCAP_PDR
07-07-2026 15:36 - WARNING - first_pkt_count, first_gps_count, first_pkt_Tstamp
07-07-2026 15:36 - WARNING - 706342014 49497 2026-07-07T09:43:10.382370
07-07-2026 15:36 - WARNING - last_pkt_count, last_gps_count, last_pkt_Tstamp
07-07-2026 15:36 - WARNING - 708224555 49526 2026-07-07T09:43:39.590302
07-07-2026 15:36 - WARNING - diff_pkt_count  , diff_gps_count ,  diff_pkt_timstamp
07-07-2026 15:36 - WARNING - 1882541 29 29207932 microseconds
07-07-2026 15:36 - WARNING - No packet loss: /data/dsp/GBD_TRANSIENT_BUFFER/J0953+0755/07_07_2026/PDR_GULP_data002.pcap_07_07_2026_15_14_1783417451.PCAP_PDR
07-07-2026 15:36 - WARNING - first_pkt_count, first_gps_count, first_pkt_Tstamp
07-07-2026 15:36 - WARNING - 708224556 49526 2026-07-07T09:43:39.590302
07-07-2026 15:36 - WARNING - last_pkt_count, last_gps_count, last_pkt_Tstamp
07-07-2026 15:36 - WARNING - 710107097 49555 2026-07-07T09:44:08.798224
07-07-2026 15:36 - WARNING - diff_pkt_count  , diff_gps_count ,  diff_pkt_timstamp
07-07-2026 15:36 - WARNING - 1882541 29 29207922 microseconds
07-07-2026 15:36 - WARNING - No packet loss: /data/dsp/GBD_TRANSIENT_BUFFER/J0953+0755/07_07_2026/PDR_GULP_data000.pcap_07_07_2026_15_14_1783417481.PCAP_PDR
07-07-2026 15:36 - WARNING - first_pkt_count, first_gps_count, first_pkt_Tstamp
07-07-2026 15:36 - WARNING - 710107098 49555 2026-07-07T09:44:08.798225
07-07-2026 15:36 - WARNING - last_pkt_count, last_gps_count, last_pkt_Tstamp
07-07-2026 15:36 - WARNING - 711989639 49585 2026-07-07T09:44:38.006094
07-07-2026 15:36 - WARNING - diff_pkt_count  , diff_gps_count ,  diff_pkt_timstamp
07-07-2026 15:36 - WARNING - 1882541 30 29207869 microseconds
07-07-2026 15:36 - WARNING - No packet loss: /data/dsp/GBD_TRANSIENT_BUFFER/J0953+0755/07_07_2026/PDR_GULP_data001.pcap_07_07_2026_15_15_1783417510.PCAP_PDR
07-07-2026 15:36 - WARNING - first_pkt_count, first_gps_count, first_pkt_Tstamp
07-07-2026 15:36 - WARNING - 711989640 49585 2026-07-07T09:44:38.006095
07-07-2026 15:36 - WARNING - last_pkt_count, last_gps_count, last_pkt_Tstamp
07-07-2026 15:36 - WARNING - 713872182 49614 2026-07-07T09:45:07.213986
07-07-2026 15:36 - WARNING - diff_pkt_count  , diff_gps_count ,  diff_pkt_timstamp
07-07-2026 15:36 - WARNING - 1882542 29 29207891 microseconds
07-07-2026 15:36 - WARNING - No packet loss: /data/dsp/GBD_TRANSIENT_BUFFER/J0953+0755/07_07_2026/PDR_GULP_data002.pcap_07_07_2026_15_15_1783417539.PCAP_PDR
07-07-2026 15:36 - WARNING - first_pkt_count, first_gps_count, first_pkt_Tstamp
07-07-2026 15:36 - WARNING - 713872183 49614 2026-07-07T09:45:07.213986
07-07-2026 15:36 - WARNING - last_pkt_count, last_gps_count, last_pkt_Tstamp
07-07-2026 15:36 - WARNING - 715754724 49643 2026-07-07T09:45:36.422101
07-07-2026 15:36 - WARNING - diff_pkt_count  , diff_gps_count ,  diff_pkt_timstamp
07-07-2026 15:36 - WARNING - 1882541 29 29208115 microseconds
07-07-2026 15:36 - WARNING - No packet loss: /data/dsp/GBD_TRANSIENT_BUFFER/J0953+0755/07_07_2026/PDR_GULP_data000.pcap_07_07_2026_15_16_1783417568.PCAP_PDR
07-07-2026 15:36 - WARNING - first_pkt_count, first_gps_count, first_pkt_Tstamp
07-07-2026 15:36 - WARNING - 715754725 49643 2026-07-07T09:45:36.422101
07-07-2026 15:36 - WARNING - last_pkt_count, last_gps_count, last_pkt_Tstamp
07-07-2026 15:36 - WARNING - 717637266 49672 2026-07-07T09:46:05.630223
07-07-2026 15:36 - WARNING - diff_pkt_count  , diff_gps_count ,  diff_pkt_timstamp
07-07-2026 15:36 - WARNING - 1882541 29 29208122 microseconds
07-07-2026 15:36 - WARNING - No packet loss: /data/dsp/GBD_TRANSIENT_BUFFER/J0953+0755/07_07_2026/PDR_GULP_data001.pcap_07_07_2026_15_16_1783417597.PCAP_PDR
07-07-2026 15:36 - WARNING - first_pkt_count, first_gps_count, first_pkt_Tstamp
07-07-2026 15:36 - WARNING - 717637267 49672 2026-07-07T09:46:05.630309
07-07-2026 15:36 - WARNING - last_pkt_count, last_gps_count, last_pkt_Tstamp
07-07-2026 15:36 - WARNING - 719519808 49701 2026-07-07T09:46:34.838386
07-07-2026 15:36 - WARNING - diff_pkt_count  , diff_gps_count ,  diff_pkt_timstamp
07-07-2026 15:36 - WARNING - 1882541 29 29208077 microseconds
07-07-2026 15:36 - WARNING - No packet loss: /data/dsp/GBD_TRANSIENT_BUFFER/J0953+0755/07_07_2026/PDR_GULP_data002.pcap_07_07_2026_15_17_1783417627.PCAP_PDR
07-07-2026 15:36 - WARNING - first_pkt_count, first_gps_count, first_pkt_Tstamp
07-07-2026 15:36 - WARNING - 719519809 49701 2026-07-07T09:46:34.838386
07-07-2026 15:36 - WARNING - last_pkt_count, last_gps_count, last_pkt_Tstamp
07-07-2026 15:36 - WARNING - 721402350 49731 2026-07-07T09:47:04.046537
07-07-2026 15:36 - WARNING - diff_pkt_count  , diff_gps_count ,  diff_pkt_timstamp
07-07-2026 15:36 - WARNING - 1882541 30 29208151 microseconds
07-07-2026 15:36 - WARNING - No packet loss: /data/dsp/GBD_TRANSIENT_BUFFER/J0953+0755/07_07_2026/PDR_GULP_data000.pcap_07_07_2026_15_17_1783417656.PCAP_PDR
07-07-2026 15:36 - WARNING - first_pkt_count, first_gps_count, first_pkt_Tstamp
07-07-2026 15:36 - WARNING - 721402351 49731 2026-07-07T09:47:04.046537
07-07-2026 15:36 - WARNING - last_pkt_count, last_gps_count, last_pkt_Tstamp
07-07-2026 15:36 - WARNING - 723284892 49760 2026-07-07T09:47:33.254644
07-07-2026 15:36 - WARNING - diff_pkt_count  , diff_gps_count ,  diff_pkt_timstamp
07-07-2026 15:36 - WARNING - 1882541 29 29208107 microseconds
07-07-2026 15:36 - WARNING - No packet loss: /data/dsp/GBD_TRANSIENT_BUFFER/J0953+0755/07_07_2026/PDR_GULP_data001.pcap_07_07_2026_15_18_1783417685.PCAP_PDR
07-07-2026 15:36 - WARNING - first_pkt_count, first_gps_count, first_pkt_Tstamp
07-07-2026 15:36 - WARNING - 723284893 49760 2026-07-07T09:47:33.254644
07-07-2026 15:36 - WARNING - last_pkt_count, last_gps_count, last_pkt_Tstamp
07-07-2026 15:36 - WARNING - 725167435 49789 2026-07-07T09:48:02.462776
07-07-2026 15:36 - WARNING - diff_pkt_count  , diff_gps_count ,  diff_pkt_timstamp
07-07-2026 15:36 - WARNING - 1882542 29 29208132 microseconds
07-07-2026 15:36 - WARNING - No packet loss: /data/dsp/GBD_TRANSIENT_BUFFER/J0953+0755/07_07_2026/PDR_GULP_data002.pcap_07_07_2026_15_18_1783417714.PCAP_PDR
07-07-2026 15:36 - WARNING - first_pkt_count, first_gps_count, first_pkt_Tstamp
07-07-2026 15:36 - WARNING - 725167436 49789 2026-07-07T09:48:02.462777
07-07-2026 15:36 - WARNING - last_pkt_count, last_gps_count, last_pkt_Tstamp
07-07-2026 15:36 - WARNING - 727049977 49818 2026-07-07T09:48:31.670859
07-07-2026 15:36 - WARNING - diff_pkt_count  , diff_gps_count ,  diff_pkt_timstamp
07-07-2026 15:36 - WARNING - 1882541 29 29208082 microseconds
07-07-2026 15:36 - WARNING - No packet loss: /data/dsp/GBD_TRANSIENT_BUFFER/J0953+0755/07_07_2026/PDR_GULP_data000.pcap_07_07_2026_15_19_1783417743.PCAP_PDR
07-07-2026 15:36 - WARNING - first_pkt_count, first_gps_count, first_pkt_Tstamp
07-07-2026 15:36 - WARNING - 727049978 49818 2026-07-07T09:48:31.670859
07-07-2026 15:36 - WARNING - last_pkt_count, last_gps_count, last_pkt_Tstamp
07-07-2026 15:36 - WARNING - 728932519 49847 2026-07-07T09:49:00.878914
07-07-2026 15:36 - WARNING - diff_pkt_count  , diff_gps_count ,  diff_pkt_timstamp
07-07-2026 15:36 - WARNING - 1882541 29 29208055 microseconds
07-07-2026 15:36 - WARNING - No packet loss: /data/dsp/GBD_TRANSIENT_BUFFER/J0953+0755/07_07_2026/PDR_GULP_data001.pcap_07_07_2026_15_19_1783417773.PCAP_PDR
07-07-2026 15:36 - WARNING - first_pkt_count, first_gps_count, first_pkt_Tstamp
07-07-2026 15:36 - WARNING - 728932520 49847 2026-07-07T09:49:00.878980
07-07-2026 15:36 - WARNING - last_pkt_count, last_gps_count, last_pkt_Tstamp
07-07-2026 15:36 - WARNING - 730815061 49877 2026-07-07T09:49:30.087013
07-07-2026 15:36 - WARNING - diff_pkt_count  , diff_gps_count ,  diff_pkt_timstamp
07-07-2026 15:36 - WARNING - 1882541 30 29208033 microseconds
07-07-2026 15:36 - WARNING - No packet loss: /data/dsp/GBD_TRANSIENT_BUFFER/J0953+0755/07_07_2026/PDR_GULP_data002.pcap_07_07_2026_15_20_1783417802.PCAP_PDR
07-07-2026 15:36 - WARNING - first_pkt_count, first_gps_count, first_pkt_Tstamp
07-07-2026 15:36 - WARNING - 730815062 49877 2026-07-07T09:49:30.087013
07-07-2026 15:36 - WARNING - last_pkt_count, last_gps_count, last_pkt_Tstamp
07-07-2026 15:36 - WARNING - 732697603 49906 2026-07-07T09:49:59.295115
07-07-2026 15:36 - WARNING - diff_pkt_count  , diff_gps_count ,  diff_pkt_timstamp
07-07-2026 15:36 - WARNING - 1882541 29 29208102 microseconds
07-07-2026 15:36 - WARNING - No packet loss: /data/dsp/GBD_TRANSIENT_BUFFER/J0953+0755/07_07_2026/PDR_GULP_data000.pcap_07_07_2026_15_20_1783417831.PCAP_PDR
07-07-2026 15:36 - WARNING - first_pkt_count, first_gps_count, first_pkt_Tstamp
07-07-2026 15:36 - WARNING - 732697604 49906 2026-07-07T09:49:59.295116
07-07-2026 15:36 - WARNING - last_pkt_count, last_gps_count, last_pkt_Tstamp
07-07-2026 15:36 - WARNING - 734580145 49935 2026-07-07T09:50:28.503175
07-07-2026 15:36 - WARNING - diff_pkt_count  , diff_gps_count ,  diff_pkt_timstamp
07-07-2026 15:36 - WARNING - 1882541 29 29208059 microseconds
07-07-2026 15:36 - WARNING - No packet loss: /data/dsp/GBD_TRANSIENT_BUFFER/J0953+0755/07_07_2026/PDR_GULP_data001.pcap_07_07_2026_15_21_1783417860.PCAP_PDR
07-07-2026 15:36 - WARNING - first_pkt_count, first_gps_count, first_pkt_Tstamp
07-07-2026 15:36 - WARNING - 734580146 49935 2026-07-07T09:50:28.503175
07-07-2026 15:36 - WARNING - last_pkt_count, last_gps_count, last_pkt_Tstamp
07-07-2026 15:36 - WARNING - 736462688 49964 2026-07-07T09:50:57.711211
07-07-2026 15:36 - WARNING - diff_pkt_count  , diff_gps_count ,  diff_pkt_timstamp
07-07-2026 15:36 - WARNING - 1882542 29 29208036 microseconds
07-07-2026 15:36 - WARNING - No packet loss: /data/dsp/GBD_TRANSIENT_BUFFER/J0953+0755/07_07_2026/PDR_GULP_data002.pcap_07_07_2026_15_21_1783417889.PCAP_PDR
07-07-2026 15:36 - WARNING - first_pkt_count, first_gps_count, first_pkt_Tstamp
07-07-2026 15:36 - WARNING - 736462689 49964 2026-07-07T09:50:57.711265
07-07-2026 15:36 - WARNING - last_pkt_count, last_gps_count, last_pkt_Tstamp
07-07-2026 15:36 - WARNING - 738345230 49993 2026-07-07T09:51:26.919290
07-07-2026 15:36 - WARNING - diff_pkt_count  , diff_gps_count ,  diff_pkt_timstamp
07-07-2026 15:36 - WARNING - 1882541 29 29208025 microseconds
07-07-2026 15:36 - WARNING - No packet loss: /data/dsp/GBD_TRANSIENT_BUFFER/J0953+0755/07_07_2026/PDR_GULP_data000.pcap_07_07_2026_15_21_1783417919.PCAP_PDR
07-07-2026 15:36 - WARNING - first_pkt_count, first_gps_count, first_pkt_Tstamp
07-07-2026 15:36 - WARNING - 738345231 49993 2026-07-07T09:51:26.919290
07-07-2026 15:36 - WARNING - last_pkt_count, last_gps_count, last_pkt_Tstamp
07-07-2026 15:36 - WARNING - 740227772 50023 2026-07-07T09:51:56.127379
07-07-2026 15:36 - WARNING - diff_pkt_count  , diff_gps_count ,  diff_pkt_timstamp
07-07-2026 15:36 - WARNING - 1882541 30 29208089 microseconds
07-07-2026 15:36 - WARNING - No packet loss: /data/dsp/GBD_TRANSIENT_BUFFER/J0953+0755/07_07_2026/PDR_GULP_data001.pcap_07_07_2026_15_22_1783417948.PCAP_PDR
07-07-2026 15:36 - WARNING - first_pkt_count, first_gps_count, first_pkt_Tstamp
07-07-2026 15:36 - WARNING - 740227773 50023 2026-07-07T09:51:56.127379
07-07-2026 15:36 - WARNING - last_pkt_count, last_gps_count, last_pkt_Tstamp
07-07-2026 15:36 - WARNING - 742110314 50052 2026-07-07T09:52:25.335377
07-07-2026 15:36 - WARNING - diff_pkt_count  , diff_gps_count ,  diff_pkt_timstamp
07-07-2026 15:36 - WARNING - 1882541 29 29207998 microseconds
07-07-2026 15:36 - WARNING - No packet loss: /data/dsp/GBD_TRANSIENT_BUFFER/J0953+0755/07_07_2026/PDR_GULP_data002.pcap_07_07_2026_15_22_1783417977.PCAP_PDR
07-07-2026 15:36 - WARNING - first_pkt_count, first_gps_count, first_pkt_Tstamp
07-07-2026 15:36 - WARNING - 742110315 50052 2026-07-07T09:52:25.335378
07-07-2026 15:36 - WARNING - last_pkt_count, last_gps_count, last_pkt_Tstamp
07-07-2026 15:36 - WARNING - 743992856 50081 2026-07-07T09:52:54.543419
07-07-2026 15:36 - WARNING - diff_pkt_count  , diff_gps_count ,  diff_pkt_timstamp
07-07-2026 15:36 - WARNING - 1882541 29 29208041 microseconds
07-07-2026 15:36 - WARNING - No packet loss: /data/dsp/GBD_TRANSIENT_BUFFER/J0953+0755/07_07_2026/PDR_GULP_data000.pcap_07_07_2026_15_23_1783418006.PCAP_PDR
07-07-2026 15:36 - WARNING - first_pkt_count, first_gps_count, first_pkt_Tstamp
07-07-2026 15:36 - WARNING - 743992857 50081 2026-07-07T09:52:54.543419
07-07-2026 15:36 - WARNING - last_pkt_count, last_gps_count, last_pkt_Tstamp
07-07-2026 15:36 - WARNING - 745875399 50110 2026-07-07T09:53:23.751481
07-07-2026 15:36 - WARNING - diff_pkt_count  , diff_gps_count ,  diff_pkt_timstamp
07-07-2026 15:36 - WARNING - 1882542 29 29208062 microseconds
07-07-2026 15:36 - WARNING - No packet loss: /data/dsp/GBD_TRANSIENT_BUFFER/J0953+0755/07_07_2026/PDR_GULP_data001.pcap_07_07_2026_15_23_1783418035.PCAP_PDR
07-07-2026 15:36 - WARNING - first_pkt_count, first_gps_count, first_pkt_Tstamp
07-07-2026 15:36 - WARNING - 745875400 50110 2026-07-07T09:53:23.751482
07-07-2026 15:36 - WARNING - last_pkt_count, last_gps_count, last_pkt_Tstamp
07-07-2026 15:36 - WARNING - 747757941 50139 2026-07-07T09:53:52.959468
07-07-2026 15:36 - WARNING - diff_pkt_count  , diff_gps_count ,  diff_pkt_timstamp
07-07-2026 15:36 - WARNING - 1882541 29 29207986 microseconds
07-07-2026 15:36 - WARNING - No packet loss: /data/dsp/GBD_TRANSIENT_BUFFER/J0953+0755/07_07_2026/PDR_GULP_data002.pcap_07_07_2026_15_24_1783418065.PCAP_PDR
07-07-2026 15:36 - WARNING - first_pkt_count, first_gps_count, first_pkt_Tstamp
07-07-2026 15:36 - WARNING - 747757942 50139 2026-07-07T09:53:52.959468
07-07-2026 15:36 - WARNING - last_pkt_count, last_gps_count, last_pkt_Tstamp
07-07-2026 15:36 - WARNING - 749640483 50169 2026-07-07T09:54:22.167475
07-07-2026 15:36 - WARNING - diff_pkt_count  , diff_gps_count ,  diff_pkt_timstamp
07-07-2026 15:36 - WARNING - 1882541 30 29208007 microseconds
07-07-2026 15:36 - WARNING - No packet loss: /data/dsp/GBD_TRANSIENT_BUFFER/J0953+0755/07_07_2026/PDR_GULP_data000.pcap_07_07_2026_15_24_1783418094.PCAP_PDR
07-07-2026 15:36 - WARNING - first_pkt_count, first_gps_count, first_pkt_Tstamp
07-07-2026 15:36 - WARNING - 749640484 50169 2026-07-07T09:54:22.167528
07-07-2026 15:36 - WARNING - last_pkt_count, last_gps_count, last_pkt_Tstamp
07-07-2026 15:36 - WARNING - 751523025 50198 2026-07-07T09:54:51.375503
07-07-2026 15:36 - WARNING - diff_pkt_count  , diff_gps_count ,  diff_pkt_timstamp
07-07-2026 15:36 - WARNING - 1882541 29 29207975 microseconds
07-07-2026 15:36 - WARNING - No packet loss: /data/dsp/GBD_TRANSIENT_BUFFER/J0953+0755/07_07_2026/PDR_GULP_data001.pcap_07_07_2026_15_25_1783418123.PCAP_PDR
07-07-2026 15:36 - WARNING - first_pkt_count, first_gps_count, first_pkt_Tstamp
07-07-2026 15:36 - WARNING - 751523026 50198 2026-07-07T09:54:51.375504
07-07-2026 15:36 - WARNING - last_pkt_count, last_gps_count, last_pkt_Tstamp
07-07-2026 15:36 - WARNING - 753405567 50227 2026-07-07T09:55:20.583571
07-07-2026 15:36 - WARNING - diff_pkt_count  , diff_gps_count ,  diff_pkt_timstamp
07-07-2026 15:36 - WARNING - 1882541 29 29208067 microseconds
07-07-2026 15:36 - WARNING - No packet loss: /data/dsp/GBD_TRANSIENT_BUFFER/J0953+0755/07_07_2026/PDR_GULP_data002.pcap_07_07_2026_15_25_1783418152.PCAP_PDR
07-07-2026 15:36 - WARNING - first_pkt_count, first_gps_count, first_pkt_Tstamp
07-07-2026 15:36 - WARNING - 753405568 50227 2026-07-07T09:55:20.583572
07-07-2026 15:36 - WARNING - last_pkt_count, last_gps_count, last_pkt_Tstamp
07-07-2026 15:36 - WARNING - 755288109 50256 2026-07-07T09:55:49.791538
07-07-2026 15:36 - WARNING - diff_pkt_count  , diff_gps_count ,  diff_pkt_timstamp
07-07-2026 15:36 - WARNING - 1882541 29 29207966 microseconds
07-07-2026 15:36 - WARNING - No packet loss: /data/dsp/GBD_TRANSIENT_BUFFER/J0953+0755/07_07_2026/PDR_GULP_data000.pcap_07_07_2026_15_26_1783418182.PCAP_PDR
07-07-2026 15:36 - WARNING - first_pkt_count, first_gps_count, first_pkt_Tstamp
07-07-2026 15:36 - WARNING - 755288110 50256 2026-07-07T09:55:49.791538
07-07-2026 15:36 - WARNING - last_pkt_count, last_gps_count, last_pkt_Tstamp
07-07-2026 15:36 - WARNING - 757170652 50286 2026-07-07T09:56:18.999529
07-07-2026 15:36 - WARNING - diff_pkt_count  , diff_gps_count ,  diff_pkt_timstamp
07-07-2026 15:36 - WARNING - 1882542 30 29207991 microseconds
07-07-2026 15:36 - WARNING - No packet loss: /data/dsp/GBD_TRANSIENT_BUFFER/J0953+0755/07_07_2026/PDR_GULP_data001.pcap_07_07_2026_15_26_1783418211.PCAP_PDR
07-07-2026 15:36 - WARNING - first_pkt_count, first_gps_count, first_pkt_Tstamp
07-07-2026 15:36 - WARNING - 757170653 50286 2026-07-07T09:56:18.999529
07-07-2026 15:36 - WARNING - last_pkt_count, last_gps_count, last_pkt_Tstamp
07-07-2026 15:36 - WARNING - 759053194 50315 2026-07-07T09:56:48.207536
07-07-2026 15:36 - WARNING - diff_pkt_count  , diff_gps_count ,  diff_pkt_timstamp
07-07-2026 15:36 - WARNING - 1882541 29 29208007 microseconds
07-07-2026 15:36 - WARNING - No packet loss: /data/dsp/GBD_TRANSIENT_BUFFER/J0953+0755/07_07_2026/PDR_GULP_data002.pcap_07_07_2026_15_27_1783418240.PCAP_PDR
07-07-2026 15:36 - WARNING - first_pkt_count, first_gps_count, first_pkt_Tstamp
07-07-2026 15:36 - WARNING - 759053195 50315 2026-07-07T09:56:48.207536
07-07-2026 15:36 - WARNING - last_pkt_count, last_gps_count, last_pkt_Tstamp
07-07-2026 15:36 - WARNING - 760935736 50344 2026-07-07T09:57:17.415518
07-07-2026 15:36 - WARNING - diff_pkt_count  , diff_gps_count ,  diff_pkt_timstamp
07-07-2026 15:36 - WARNING - 1882541 29 29207982 microseconds
07-07-2026 15:36 - WARNING - No packet loss: /data/dsp/GBD_TRANSIENT_BUFFER/J0953+0755/07_07_2026/PDR_GULP_data000.pcap_07_07_2026_15_27_1783418269.PCAP_PDR
07-07-2026 15:36 - WARNING - first_pkt_count, first_gps_count, first_pkt_Tstamp
07-07-2026 15:36 - WARNING - 760935737 50344 2026-07-07T09:57:17.415518
07-07-2026 15:36 - WARNING - last_pkt_count, last_gps_count, last_pkt_Tstamp
07-07-2026 15:36 - WARNING - 762818278 50373 2026-07-07T09:57:46.623491
07-07-2026 15:36 - WARNING - diff_pkt_count  , diff_gps_count ,  diff_pkt_timstamp
07-07-2026 15:36 - WARNING - 1882541 29 29207973 microseconds
07-07-2026 15:36 - WARNING - No packet loss: /data/dsp/GBD_TRANSIENT_BUFFER/J0953+0755/07_07_2026/PDR_GULP_data001.pcap_07_07_2026_15_28_1783418298.PCAP_PDR
07-07-2026 15:36 - WARNING - first_pkt_count, first_gps_count, first_pkt_Tstamp
07-07-2026 15:36 - WARNING - 762818279 50373 2026-07-07T09:57:46.623491
07-07-2026 15:36 - WARNING - last_pkt_count, last_gps_count, last_pkt_Tstamp
07-07-2026 15:36 - WARNING - 764700820 50402 2026-07-07T09:58:15.831504
07-07-2026 15:36 - WARNING - diff_pkt_count  , diff_gps_count ,  diff_pkt_timstamp
07-07-2026 15:36 - WARNING - 1882541 29 29208013 microseconds
07-07-2026 15:36 - WARNING - No packet loss: /data/dsp/GBD_TRANSIENT_BUFFER/J0953+0755/07_07_2026/PDR_GULP_data002.pcap_07_07_2026_15_28_1783418328.PCAP_PDR
07-07-2026 15:36 - WARNING - first_pkt_count, first_gps_count, first_pkt_Tstamp
07-07-2026 15:36 - WARNING - 764700821 50402 2026-07-07T09:58:15.831505
07-07-2026 15:36 - WARNING - last_pkt_count, last_gps_count, last_pkt_Tstamp
07-07-2026 15:36 - WARNING - 766583362 50432 2026-07-07T09:58:45.039479
07-07-2026 15:36 - WARNING - diff_pkt_count  , diff_gps_count ,  diff_pkt_timstamp
07-07-2026 15:36 - WARNING - 1882541 30 29207974 microseconds
07-07-2026 15:36 - WARNING - No packet loss: /data/dsp/GBD_TRANSIENT_BUFFER/J0953+0755/07_07_2026/PDR_GULP_data000.pcap_07_07_2026_15_29_1783418357.PCAP_PDR
07-07-2026 15:36 - WARNING - first_pkt_count, first_gps_count, first_pkt_Tstamp
07-07-2026 15:36 - WARNING - 766583363 50432 2026-07-07T09:58:45.039479
07-07-2026 15:36 - WARNING - last_pkt_count, last_gps_count, last_pkt_Tstamp
07-07-2026 15:36 - WARNING - 768465905 50461 2026-07-07T09:59:14.247476
07-07-2026 15:36 - WARNING - diff_pkt_count  , diff_gps_count ,  diff_pkt_timstamp
07-07-2026 15:36 - WARNING - 1882542 29 29207997 microseconds
07-07-2026 15:36 - WARNING - Packet loss: /data/dsp/GBD_TRANSIENT_BUFFER/J0953+0755/07_07_2026/PDR_GULP_data001.pcap_07_07_2026_15_29_1783418386.PCAP_PDR
07-07-2026 15:36 - WARNING - Packet loss found .... Being fixed ... Please wait ...
07-07-2026 15:36 - WARNING - PCAP filtering ... tcpdump -r /data/dsp/GBD_TRANSIENT_BUFFER/J0953+0755/07_07_2026/PDR_GULP_data001.pcap_07_07_2026_15_29_1783418386.PCAP_PDR.pcap -w PDR_GULP_data001.pcap_07_07_2026_15_29_1783418386_filtered.PCAP_PDR.pcap  host 172.10.10.1 and port 55000 
07-07-2026 15:37 - WARNING - Patched /data/dsp/GBD_TRANSIENT_BUFFER/J0953+0755/07_07_2026/PDR_GULP_data001.pcap_07_07_2026_15_29_1783418386.PCAP_PDR as PDR_GULP_data001.pcap_07_07_2026_15_29_1783418386_filtered.PCAP_PDR
07-07-2026 15:37 - WARNING - Gulped file moved to /data/dsp/GBD_TRANSIENT_BUFFER/J0953+0755/07_07_2026/GULPED
07-07-2026 15:37 - WARNING - first_pkt_count, first_gps_count, first_pkt_Tstamp
07-07-2026 15:37 - WARNING - 768465906 50461 2026-07-07T09:59:14.247476
07-07-2026 15:37 - WARNING - last_pkt_count, last_gps_count, last_pkt_Tstamp
07-07-2026 15:37 - WARNING - 770348447 50490 2026-07-07T09:59:43.455421
07-07-2026 15:37 - WARNING - diff_pkt_count  , diff_gps_count ,  diff_pkt_timstamp
07-07-2026 15:37 - WARNING - 1882541 29 29207945 microseconds
07-07-2026 15:37 - WARNING - No packet loss: /data/dsp/GBD_TRANSIENT_BUFFER/J0953+0755/07_07_2026/PDR_GULP_data002.pcap_07_07_2026_15_30_1783418415.PCAP_PDR
07-07-2026 15:37 - WARNING - first_pkt_count, first_gps_count, first_pkt_Tstamp
07-07-2026 15:37 - WARNING - 770348448 50490 2026-07-07T09:59:43.455488
07-07-2026 15:37 - WARNING - last_pkt_count, last_gps_count, last_pkt_Tstamp
07-07-2026 15:37 - WARNING - 772230989 50519 2026-07-07T10:00:12.663450
07-07-2026 15:37 - WARNING - diff_pkt_count  , diff_gps_count ,  diff_pkt_timstamp
07-07-2026 15:37 - WARNING - 1882541 29 29207962 microseconds
07-07-2026 15:37 - WARNING - No packet loss: /data/dsp/GBD_TRANSIENT_BUFFER/J0953+0755/07_07_2026/PDR_GULP_data000.pcap_07_07_2026_15_30_1783418444.PCAP_PDR
07-07-2026 15:37 - WARNING - first_pkt_count, first_gps_count, first_pkt_Tstamp
07-07-2026 15:37 - WARNING - 772230990 50519 2026-07-07T10:00:12.663450
07-07-2026 15:37 - WARNING - last_pkt_count, last_gps_count, last_pkt_Tstamp
07-07-2026 15:37 - WARNING - 774113531 50548 2026-07-07T10:00:41.871416
07-07-2026 15:37 - WARNING - diff_pkt_count  , diff_gps_count ,  diff_pkt_timstamp
07-07-2026 15:37 - WARNING - 1882541 29 29207966 microseconds
07-07-2026 15:37 - WARNING - No packet loss: /data/dsp/GBD_TRANSIENT_BUFFER/J0953+0755/07_07_2026/PDR_GULP_data001.pcap_07_07_2026_15_31_1783418474.PCAP_PDR
07-07-2026 15:37 - WARNING - first_pkt_count, first_gps_count, first_pkt_Tstamp
07-07-2026 15:37 - WARNING - 774113532 50548 2026-07-07T10:00:41.871416
07-07-2026 15:37 - WARNING - last_pkt_count, last_gps_count, last_pkt_Tstamp
07-07-2026 15:37 - WARNING - 775996073 50578 2026-07-07T10:01:11.079439
07-07-2026 15:37 - WARNING - diff_pkt_count  , diff_gps_count ,  diff_pkt_timstamp
07-07-2026 15:37 - WARNING - 1882541 30 29208023 microseconds
07-07-2026 15:37 - WARNING - No packet loss: /data/dsp/GBD_TRANSIENT_BUFFER/J0953+0755/07_07_2026/PDR_GULP_data002.pcap_07_07_2026_15_31_1783418503.PCAP_PDR
07-07-2026 15:37 - WARNING - first_pkt_count, first_gps_count, first_pkt_Tstamp
07-07-2026 15:37 - WARNING - 775996074 50578 2026-07-07T10:01:11.079439
07-07-2026 15:37 - WARNING - last_pkt_count, last_gps_count, last_pkt_Tstamp
07-07-2026 15:37 - WARNING - 777878615 50607 2026-07-07T10:01:40.287358
07-07-2026 15:37 - WARNING - diff_pkt_count  , diff_gps_count ,  diff_pkt_timstamp
07-07-2026 15:37 - WARNING - 1882541 29 29207919 microseconds
07-07-2026 15:37 - WARNING - No packet loss: /data/dsp/GBD_TRANSIENT_BUFFER/J0953+0755/07_07_2026/PDR_GULP_data000.pcap_07_07_2026_15_32_1783418532.PCAP_PDR
07-07-2026 15:37 - WARNING - first_pkt_count, first_gps_count, first_pkt_Tstamp
07-07-2026 15:37 - WARNING - 777878616 50607 2026-07-07T10:01:40.287438
07-07-2026 15:37 - WARNING - last_pkt_count, last_gps_count, last_pkt_Tstamp
07-07-2026 15:37 - WARNING - 779761157 50636 2026-07-07T10:02:09.495281
07-07-2026 15:37 - WARNING - diff_pkt_count  , diff_gps_count ,  diff_pkt_timstamp
07-07-2026 15:37 - WARNING - 1882541 29 29207843 microseconds
07-07-2026 15:37 - WARNING - No packet loss: /data/dsp/GBD_TRANSIENT_BUFFER/J0953+0755/07_07_2026/PDR_GULP_data001.pcap_07_07_2026_15_32_1783418561.PCAP_PDR
07-07-2026 15:37 - WARNING - first_pkt_count, first_gps_count, first_pkt_Tstamp
07-07-2026 15:37 - WARNING - 779761158 50636 2026-07-07T10:02:09.495334
07-07-2026 15:37 - WARNING - last_pkt_count, last_gps_count, last_pkt_Tstamp
07-07-2026 15:37 - WARNING - 781643700 50665 2026-07-07T10:02:38.703293
07-07-2026 15:37 - WARNING - diff_pkt_count  , diff_gps_count ,  diff_pkt_timstamp
07-07-2026 15:37 - WARNING - 1882542 29 29207959 microseconds
07-07-2026 15:37 - WARNING - No packet loss: /data/dsp/GBD_TRANSIENT_BUFFER/J0953+0755/07_07_2026/PDR_GULP_data002.pcap_07_07_2026_15_33_1783418590.PCAP_PDR
07-07-2026 15:37 - WARNING - first_pkt_count, first_gps_count, first_pkt_Tstamp
07-07-2026 15:37 - WARNING - 781643701 50665 2026-07-07T10:02:38.703294
07-07-2026 15:37 - WARNING - last_pkt_count, last_gps_count, last_pkt_Tstamp
07-07-2026 15:37 - WARNING - 783526242 50694 2026-07-07T10:03:07.911216
07-07-2026 15:37 - WARNING - diff_pkt_count  , diff_gps_count ,  diff_pkt_timstamp
07-07-2026 15:37 - WARNING - 1882541 29 29207922 microseconds
07-07-2026 15:37 - WARNING - No packet loss: /data/dsp/GBD_TRANSIENT_BUFFER/J0953+0755/07_07_2026/PDR_GULP_data000.pcap_07_07_2026_15_33_1783418620.PCAP_PDR
07-07-2026 15:37 - WARNING - first_pkt_count, first_gps_count, first_pkt_Tstamp
07-07-2026 15:37 - WARNING - 783526243 50694 2026-07-07T10:03:07.911268
07-07-2026 15:37 - WARNING - last_pkt_count, last_gps_count, last_pkt_Tstamp
07-07-2026 15:37 - WARNING - 785408784 50724 2026-07-07T10:03:37.119296
07-07-2026 15:37 - WARNING - diff_pkt_count  , diff_gps_count ,  diff_pkt_timstamp
07-07-2026 15:37 - WARNING - 1882541 30 29208028 microseconds
07-07-2026 15:37 - WARNING - No packet loss: /data/dsp/GBD_TRANSIENT_BUFFER/J0953+0755/07_07_2026/PDR_GULP_data001.pcap_07_07_2026_15_34_1783418649.PCAP_PDR
07-07-2026 15:37 - WARNING - first_pkt_count, first_gps_count, first_pkt_Tstamp
07-07-2026 15:37 - WARNING - 785408785 50724 2026-07-07T10:03:37.119296
07-07-2026 15:37 - WARNING - last_pkt_count, last_gps_count, last_pkt_Tstamp
07-07-2026 15:37 - WARNING - 787291326 50753 2026-07-07T10:04:06.327161
07-07-2026 15:37 - WARNING - diff_pkt_count  , diff_gps_count ,  diff_pkt_timstamp
07-07-2026 15:37 - WARNING - 1882541 29 29207865 microseconds
07-07-2026 15:37 - WARNING - No packet loss: /data/dsp/GBD_TRANSIENT_BUFFER/J0953+0755/07_07_2026/PDR_GULP_data002.pcap_07_07_2026_15_34_1783418678.PCAP_PDR
07-07-2026 15:37 - WARNING - first_pkt_count, first_gps_count, first_pkt_Tstamp
07-07-2026 15:37 - WARNING - 787291327 50753 2026-07-07T10:04:06.327213
07-07-2026 15:37 - WARNING - last_pkt_count, last_gps_count, last_pkt_Tstamp
07-07-2026 15:37 - WARNING - 789173868 50782 2026-07-07T10:04:35.535181
07-07-2026 15:37 - WARNING - diff_pkt_count  , diff_gps_count ,  diff_pkt_timstamp
07-07-2026 15:37 - WARNING - 1882541 29 29207968 microseconds
07-07-2026 15:37 - WARNING - No packet loss: /data/dsp/GBD_TRANSIENT_BUFFER/J0953+0755/07_07_2026/PDR_GULP_data000.pcap_07_07_2026_15_35_1783418707.PCAP_PDR
07-07-2026 15:37 - WARNING - first_pkt_count, first_gps_count, first_pkt_Tstamp
07-07-2026 15:37 - WARNING - 789173869 50782 2026-07-07T10:04:35.535182
07-07-2026 15:37 - WARNING - last_pkt_count, last_gps_count, last_pkt_Tstamp
07-07-2026 15:37 - WARNING - 791056410 50811 2026-07-07T10:05:04.743095
07-07-2026 15:37 - WARNING - diff_pkt_count  , diff_gps_count ,  diff_pkt_timstamp
07-07-2026 15:37 - WARNING - 1882541 29 29207913 microseconds
07-07-2026 15:37 - WARNING - No packet loss: /data/dsp/GBD_TRANSIENT_BUFFER/J0953+0755/07_07_2026/PDR_GULP_data001.pcap_07_07_2026_15_35_1783418736.PCAP_PDR
07-07-2026 15:37 - WARNING - first_pkt_count, first_gps_count, first_pkt_Tstamp
07-07-2026 15:37 - WARNING - 791056411 50811 2026-07-07T10:05:04.743095
07-07-2026 15:37 - WARNING - last_pkt_count, last_gps_count, last_pkt_Tstamp
07-07-2026 15:37 - WARNING - 792938953 50840 2026-07-07T10:05:33.951100
07-07-2026 15:37 - WARNING - diff_pkt_count  , diff_gps_count ,  diff_pkt_timstamp
07-07-2026 15:37 - WARNING - 1882542 29 29208005 microseconds
07-07-2026 15:37 - WARNING - No packet loss: /data/dsp/GBD_TRANSIENT_BUFFER/J0953+0755/07_07_2026/PDR_GULP_data002.pcap_07_07_2026_15_36_1783418766.PCAP_PDR
07-07-2026 15:37 - WARNING - first_pkt_count, first_gps_count, first_pkt_Tstamp
07-07-2026 15:37 - WARNING - 792938954 50840 2026-07-07T10:05:33.951100
07-07-2026 15:37 - WARNING - last_pkt_count, last_gps_count, last_pkt_Tstamp
07-07-2026 15:37 - WARNING - 794821495 50870 2026-07-07T10:06:03.159027
07-07-2026 15:37 - WARNING - diff_pkt_count  , diff_gps_count ,  diff_pkt_timstamp
07-07-2026 15:37 - WARNING - 1882541 30 29207927 microseconds
07-07-2026 15:37 SLIP check Finished...
07-07-2026 15:37 Pulsar data reduction pipeline started ...
07-07-2026 15:37 - WARNING - Data Directory: /data/dsp/GBD_TRANSIENT_BUFFER/J0953+0755/07_07_2026
07-07-2026 15:37 - WARNING - Pulsar: J0953+0755
07-07-2026 15:37 - WARNING - CH selelction: 0
07-07-2026 15:37 - WARNING - Phase file: /home/dsp/PDR_acquire_setup/dada_scripts/phase/rf_path_phase.dat
07-07-2026 15:37 - WARNING - Obs. logfile: /home/dsp/PDR_acquire_setup/master_obs_log/J0953+0755_07_07_2026_observation.log
07-07-2026 15:37 - WARNING - Observation start time: 2026_07_07_14_47_51
07-07-2026 15:37 - WARNING - parfile: /home/dsp/parfiles/J0953+0755.par
07-07-2026 15:37 - WARNING - DM: 2.94368147353273
07-07-2026 15:37 - WARNING - Period: 0.2530654277592862
07-07-2026 15:37 - WARNING - RA_DEC: 09:53:09.3023078+07:55:36.65806
07-07-2026 15:37 - WARNING - out_dada_file: J0953+0755_2026_07_07_14_47_51_type_0.dada
07-07-2026 15:37 - WARNING - Number of files to process: 100
07-07-2026 15:37 - WARNING - Files per batch:  17
07-07-2026 16:11 - WARNING - Time taken for PDR2DADA convertion: 0:34:28.681503
07-07-2026 16:11 - WARNING - Center_freq: 175
07-07-2026 16:11 - WARNING - int_time: 3.0
07-07-2026 16:11 - WARNING - nbins: 256
07-07-2026 16:11 - WARNING - fil_chan: 256
07-07-2026 16:11 - WARNING - cpu: 2,3,4,5,6,7,8,9,10,11,12,13,14,15,16
07-07-2026 16:11 - WARNING - thread: 32
07-07-2026 16:11 - WARNING - nbit: 8
07-07-2026 16:11 - WARNING - time_avg: 0.000256
07-07-2026 16:11 - WARNING - MJD_START: 61228.38740243449
07-07-2026 16:11 - WARNING - output: J0953+0755_61228.39_175MHz_type_0_GBD_DART
07-07-2026 16:11 - WARNING - singularity_container: singularity exec /home/dsp/singularity_imag/pschive_py3.sif  
07-07-2026 16:11 - WARNING - ------ DIGIFITS ------
07-07-2026 16:11 - WARNING - ---- Search Mode FITS -------
07-07-2026 16:11 - WARNING - digifits_ful_stokes_cmd: singularity exec /home/dsp/singularity_imag/pschive_py3.sif  digifits  -F 256 -x 256 -b 8 -p 4 -t 0.000256 J0953+0755_2026_07_07_14_47_51_type_0.dada -o J0953+0755_2026_07_07_14_47_51_type_0.dada_stokes.fits
07-07-2026 16:48 - WARNING - ------ Total intensity FITS -------
07-07-2026 16:48 - WARNING - digifits_total_intensity_cmd: singularity exec /home/dsp/singularity_imag/pschive_py3.sif  digifits  -F 256 -x 256 -b 8 -p 1 -t 0.000256 J0953+0755_2026_07_07_14_47_51_type_0.dada -o J0953+0755_2026_07_07_14_47_51_type_0.dada_intensity.fits
07-07-2026 17:32 - WARNING - Nchan: 256
07-07-2026 17:32 - WARNING - Nbin: 256
07-07-2026 17:32 - WARNING - Tavg: 0.000256
07-07-2026 17:32 - WARNING - Time taken for DIGIFITS run: 1:20:34.157833
07-07-2026 17:32 - WARNING - ------ DSPSR ------
07-07-2026 17:32 - WARNING - ------- Coherent Dedispersion Folded archive -------
07-07-2026 17:32 - WARNING - dspsr_cmd: singularity exec /home/dsp/singularity_imag/pschive_py3.sif  dspsr J0953+0755_2026_07_07_14_47_51_type_0.dada -cpu 2,3,4,5,6,7,8,9,10,11,12,13,14,15,16 -t 32 -E /home/dsp/parfiles/J0953+0755.par -L 3.0 -b 256 -F 256:D -N J0953+0755 -a PSRFITS -A -e .fits -O J0953+0755_61228.39_175MHz_type_0_GBD_DART
07-07-2026 17:42 - WARNING - ------- Incoherent Dedispersion Folded archive -------
07-07-2026 17:42 - WARNING - Incoherent_DD_dspsr_cmd: singularity exec /home/dsp/singularity_imag/pschive_py3.sif  dspsr J0953+0755_2026_07_07_14_47_51_type_0.dada_stokes.fits -cpu 2,3,4,5,6,7,8,9,10,11,12,13,14,15,16 -t 32 -E /home/dsp/parfiles/J0953+0755.par -L 3.0 -b 256 -N J0953+0755 -A -e .fits -O J0953+0755_61228.39_175MHz_type_0_GBD_DART_stokes_Incoherent_DD
07-07-2026 17:44 - WARNING - Time taken for DSPSR run: 0:12:18.580509
07-07-2026 17:44 - WARNING - ------ PSREDIT ------
07-07-2026 17:44 - WARNING - psredit_cmd: singularity exec /home/dsp/singularity_imag/pschive_py3.sif  psredit -c name=J0953+0755,be:name=GSB,coord=09:53:09.3023078+07:55:36.65806 -m *_GBD_DART*fits
07-07-2026 17:44 - WARNING - Time taken for PSREDIT run: 0:00:00.267765
07-07-2026 17:44 - WARNING - ------ Iterative RFI Cleaner ------
07-07-2026 17:44 - WARNING - Iterative_cleaner_cmd: singularity exec /home/dsp/singularity_imag/pschive_py3.sif   python3 /home/dsp/PDR_acquire_setup/iterative_cleaner.py -s 3 -c 3 -m 10 *_GBD_DART*fits
07-07-2026 17:44 - WARNING - Time taken for Iterative_cleaner run: 0:00:04.723715
07-07-2026 17:44 - WARNING - ------ PDMP ------
07-07-2026 17:44 --- PRESTO ---
07-07-2026 17:44 singularity_container: singularity exec /home/dsp/singularity_imag/pschive_py3.sif  
07-07-2026 17:44 Filterbank to Process for PULSAR: J0953+0755 with DM:2.94368147353273 : J0953+0755_2026_07_07_14_47_51_type_0.dada_intensity.fits
07-07-2026 17:44 --- RFIFIND ---
07-07-2026 17:44 RFIFIND: singularity exec /home/dsp/singularity_imag/pschive_py3.sif   rfifind -time 2.0 -o J0953+0755 J0953+0755_2026_07_07_14_47_51_type_0.dada_intensity.fits
07-07-2026 17:45 --- PREPDATA ---
07-07-2026 17:45 PREPDATA: singularity exec /home/dsp/singularity_imag/pschive_py3.sif   prepdata -nobary -o J0953+0755_2026_07_07_14_47_51_type_0.dada_intensity.fits -dm 2.94368147353273 -mask J0953+0755_rfifind.mask J0953+0755_2026_07_07_14_47_51_type_0.dada_intensity.fits
07-07-2026 17:45 --- REALFFT ---
07-07-2026 17:45 REALFFT: singularity exec /home/dsp/singularity_imag/pschive_py3.sif   realfft  J0953+0755_2026_07_07_14_47_51_type_0.dada_intensity.fits.dat
07-07-2026 17:45 --- ACCELSEARCH ---
07-07-2026 17:45 ACCELSEARCH: singularity exec /home/dsp/singularity_imag/pschive_py3.sif   accelsearch -numharm 8 -zmax 8  J0953+0755_2026_07_07_14_47_51_type_0.dada_intensity.fits.fft
07-07-2026 17:45 Observation Over.
