18-07-2026 14:03 Waiting for J0953+0755 observation...
18-07-2026 14:08 Observation started...
18-07-2026 14:08 Pulsar: J0953+0755 , parfile: /home/dsp/parfiles/J0953+0755.par , DM: 2.94368147353273
18-07-2026 14:08 Trigger sent to obs. PC [VELA].
18-07-2026 14:52 Acquired 100.
18-07-2026 14:52 ACQ over.
18-07-2026 14:52 Removing Trigger file from remote machine 
18-07-2026 14:52 Observation stoped.
-rw------- 1 dsp dsp 2.0G Jul 18 14:04 /data/TRANSIENT_BUFFER/PDR_GULP_data002.pcap_18_07_2026_14_04_1784363662.PCAP_PDR
-rw------- 1 dsp dsp 2.0G Jul 18 14:04 /data/TRANSIENT_BUFFER/PDR_GULP_data000.pcap_18_07_2026_14_04_1784363691.PCAP_PDR
-rw------- 1 dsp dsp 2.0G Jul 18 14:05 /data/TRANSIENT_BUFFER/PDR_GULP_data001.pcap_18_07_2026_14_05_1784363720.PCAP_PDR
-rw------- 1 dsp dsp 2.0G Jul 18 14:05 /data/TRANSIENT_BUFFER/PDR_GULP_data002.pcap_18_07_2026_14_05_1784363750.PCAP_PDR
-rw------- 1 dsp dsp 2.0G Jul 18 14:06 /data/TRANSIENT_BUFFER/PDR_GULP_data000.pcap_18_07_2026_14_06_1784363779.PCAP_PDR
-rw------- 1 dsp dsp 2.0G Jul 18 14:06 /data/TRANSIENT_BUFFER/PDR_GULP_data001.pcap_18_07_2026_14_06_1784363808.PCAP_PDR
-rw------- 1 dsp dsp 2.0G Jul 18 14:07 /data/TRANSIENT_BUFFER/PDR_GULP_data002.pcap_18_07_2026_14_07_1784363837.PCAP_PDR
-rw------- 1 dsp dsp 2.0G Jul 18 14:07 /data/TRANSIENT_BUFFER/PDR_GULP_data000.pcap_18_07_2026_14_07_1784363866.PCAP_PDR
-rw------- 1 dsp dsp 2.0G Jul 18 14:08 /data/TRANSIENT_BUFFER/PDR_GULP_data001.pcap_18_07_2026_14_08_1784363896.PCAP_PDR
-rw------- 1 dsp dsp 2.0G Jul 18 14:08 /data/TRANSIENT_BUFFER/PDR_GULP_data002.pcap_18_07_2026_14_08_1784363925.PCAP_PDR
-rw------- 1 dsp dsp 2.0G Jul 18 14:09 /data/TRANSIENT_BUFFER/PDR_GULP_data000.pcap_18_07_2026_14_09_1784363954.PCAP_PDR
-rw------- 1 dsp dsp 2.0G Jul 18 14:09 /data/TRANSIENT_BUFFER/PDR_GULP_data001.pcap_18_07_2026_14_09_1784363983.PCAP_PDR
-rw------- 1 dsp dsp 2.0G Jul 18 14:10 /data/TRANSIENT_BUFFER/PDR_GULP_data002.pcap_18_07_2026_14_10_1784364012.PCAP_PDR
-rw------- 1 dsp dsp 2.0G Jul 18 14:10 /data/TRANSIENT_BUFFER/PDR_GULP_data000.pcap_18_07_2026_14_10_1784364042.PCAP_PDR
-rw------- 1 dsp dsp 2.0G Jul 18 14:11 /data/TRANSIENT_BUFFER/PDR_GULP_data001.pcap_18_07_2026_14_11_1784364071.PCAP_PDR
-rw------- 1 dsp dsp 2.0G Jul 18 14:11 /data/TRANSIENT_BUFFER/PDR_GULP_data002.pcap_18_07_2026_14_11_1784364100.PCAP_PDR
-rw------- 1 dsp dsp 2.0G Jul 18 14:12 /data/TRANSIENT_BUFFER/PDR_GULP_data000.pcap_18_07_2026_14_12_1784364129.PCAP_PDR
-rw------- 1 dsp dsp 2.0G Jul 18 14:12 /data/TRANSIENT_BUFFER/PDR_GULP_data001.pcap_18_07_2026_14_12_1784364158.PCAP_PDR
-rw------- 1 dsp dsp 2.0G Jul 18 14:13 /data/TRANSIENT_BUFFER/PDR_GULP_data002.pcap_18_07_2026_14_13_1784364188.PCAP_PDR
-rw------- 1 dsp dsp 2.0G Jul 18 14:13 /data/TRANSIENT_BUFFER/PDR_GULP_data000.pcap_18_07_2026_14_13_1784364217.PCAP_PDR
-rw------- 1 dsp dsp 2.0G Jul 18 14:14 /data/TRANSIENT_BUFFER/PDR_GULP_data001.pcap_18_07_2026_14_14_1784364246.PCAP_PDR
-rw------- 1 dsp dsp 2.0G Jul 18 14:14 /data/TRANSIENT_BUFFER/PDR_GULP_data002.pcap_18_07_2026_14_14_1784364275.PCAP_PDR
-rw------- 1 dsp dsp 2.0G Jul 18 14:15 /data/TRANSIENT_BUFFER/PDR_GULP_data000.pcap_18_07_2026_14_15_1784364304.PCAP_PDR
-rw------- 1 dsp dsp 2.0G Jul 18 14:15 /data/TRANSIENT_BUFFER/PDR_GULP_data001.pcap_18_07_2026_14_15_1784364334.PCAP_PDR
-rw------- 1 dsp dsp 2.0G Jul 18 14:16 /data/TRANSIENT_BUFFER/PDR_GULP_data002.pcap_18_07_2026_14_16_1784364363.PCAP_PDR
-rw------- 1 dsp dsp 2.0G Jul 18 14:16 /data/TRANSIENT_BUFFER/PDR_GULP_data000.pcap_18_07_2026_14_16_1784364392.PCAP_PDR
-rw------- 1 dsp dsp 2.0G Jul 18 14:16 /data/TRANSIENT_BUFFER/PDR_GULP_data001.pcap_18_07_2026_14_17_1784364421.PCAP_PDR
-rw------- 1 dsp dsp 2.0G Jul 18 14:17 /data/TRANSIENT_BUFFER/PDR_GULP_data002.pcap_18_07_2026_14_17_1784364451.PCAP_PDR
-rw------- 1 dsp dsp 2.0G Jul 18 14:17 /data/TRANSIENT_BUFFER/PDR_GULP_data000.pcap_18_07_2026_14_18_1784364480.PCAP_PDR
-rw------- 1 dsp dsp 2.0G Jul 18 14:18 /data/TRANSIENT_BUFFER/PDR_GULP_data001.pcap_18_07_2026_14_18_1784364509.PCAP_PDR
-rw------- 1 dsp dsp 2.0G Jul 18 14:18 /data/TRANSIENT_BUFFER/PDR_GULP_data002.pcap_18_07_2026_14_18_1784364538.PCAP_PDR
-rw------- 1 dsp dsp 2.0G Jul 18 14:19 /data/TRANSIENT_BUFFER/PDR_GULP_data000.pcap_18_07_2026_14_19_1784364567.PCAP_PDR
-rw------- 1 dsp dsp 2.0G Jul 18 14:19 /data/TRANSIENT_BUFFER/PDR_GULP_data001.pcap_18_07_2026_14_19_1784364597.PCAP_PDR
-rw------- 1 dsp dsp 2.0G Jul 18 14:20 /data/TRANSIENT_BUFFER/PDR_GULP_data002.pcap_18_07_2026_14_20_1784364626.PCAP_PDR
-rw------- 1 dsp dsp 2.0G Jul 18 14:20 /data/TRANSIENT_BUFFER/PDR_GULP_data000.pcap_18_07_2026_14_20_1784364655.PCAP_PDR
-rw------- 1 dsp dsp 2.0G Jul 18 14:21 /data/TRANSIENT_BUFFER/PDR_GULP_data001.pcap_18_07_2026_14_21_1784364684.PCAP_PDR
-rw------- 1 dsp dsp 2.0G Jul 18 14:21 /data/TRANSIENT_BUFFER/PDR_GULP_data002.pcap_18_07_2026_14_21_1784364713.PCAP_PDR
-rw------- 1 dsp dsp 2.0G Jul 18 14:22 /data/TRANSIENT_BUFFER/PDR_GULP_data000.pcap_18_07_2026_14_22_1784364743.PCAP_PDR
-rw------- 1 dsp dsp 2.0G Jul 18 14:22 /data/TRANSIENT_BUFFER/PDR_GULP_data001.pcap_18_07_2026_14_22_1784364772.PCAP_PDR
-rw------- 1 dsp dsp 2.0G Jul 18 14:23 /data/TRANSIENT_BUFFER/PDR_GULP_data002.pcap_18_07_2026_14_23_1784364801.PCAP_PDR
-rw------- 1 dsp dsp 2.0G Jul 18 14:23 /data/TRANSIENT_BUFFER/PDR_GULP_data000.pcap_18_07_2026_14_23_1784364830.PCAP_PDR
-rw------- 1 dsp dsp 2.0G Jul 18 14:24 /data/TRANSIENT_BUFFER/PDR_GULP_data001.pcap_18_07_2026_14_24_1784364859.PCAP_PDR
-rw------- 1 dsp dsp 2.0G Jul 18 14:24 /data/TRANSIENT_BUFFER/PDR_GULP_data002.pcap_18_07_2026_14_24_1784364889.PCAP_PDR
-rw------- 1 dsp dsp 2.0G Jul 18 14:25 /data/TRANSIENT_BUFFER/PDR_GULP_data000.pcap_18_07_2026_14_25_1784364918.PCAP_PDR
-rw------- 1 dsp dsp 2.0G Jul 18 14:25 /data/TRANSIENT_BUFFER/PDR_GULP_data001.pcap_18_07_2026_14_25_1784364947.PCAP_PDR
-rw------- 1 dsp dsp 2.0G Jul 18 14:26 /data/TRANSIENT_BUFFER/PDR_GULP_data002.pcap_18_07_2026_14_26_1784364976.PCAP_PDR
-rw------- 1 dsp dsp 2.0G Jul 18 14:26 /data/TRANSIENT_BUFFER/PDR_GULP_data000.pcap_18_07_2026_14_26_1784365005.PCAP_PDR
-rw------- 1 dsp dsp 2.0G Jul 18 14:27 /data/TRANSIENT_BUFFER/PDR_GULP_data001.pcap_18_07_2026_14_27_1784365035.PCAP_PDR
-rw------- 1 dsp dsp 2.0G Jul 18 14:27 /data/TRANSIENT_BUFFER/PDR_GULP_data002.pcap_18_07_2026_14_27_1784365064.PCAP_PDR
-rw------- 1 dsp dsp 2.0G Jul 18 14:28 /data/TRANSIENT_BUFFER/PDR_GULP_data000.pcap_18_07_2026_14_28_1784365093.PCAP_PDR
-rw------- 1 dsp dsp 2.0G Jul 18 14:28 /data/TRANSIENT_BUFFER/PDR_GULP_data001.pcap_18_07_2026_14_28_1784365122.PCAP_PDR
-rw------- 1 dsp dsp 2.0G Jul 18 14:29 /data/TRANSIENT_BUFFER/PDR_GULP_data002.pcap_18_07_2026_14_29_1784365152.PCAP_PDR
-rw------- 1 dsp dsp 2.0G Jul 18 14:29 /data/TRANSIENT_BUFFER/PDR_GULP_data000.pcap_18_07_2026_14_29_1784365181.PCAP_PDR
-rw------- 1 dsp dsp 2.0G Jul 18 14:30 /data/TRANSIENT_BUFFER/PDR_GULP_data001.pcap_18_07_2026_14_30_1784365210.PCAP_PDR
-rw------- 1 dsp dsp 2.0G Jul 18 14:30 /data/TRANSIENT_BUFFER/PDR_GULP_data002.pcap_18_07_2026_14_30_1784365239.PCAP_PDR
-rw------- 1 dsp dsp 2.0G Jul 18 14:31 /data/TRANSIENT_BUFFER/PDR_GULP_data000.pcap_18_07_2026_14_31_1784365268.PCAP_PDR
-rw------- 1 dsp dsp 2.0G Jul 18 14:31 /data/TRANSIENT_BUFFER/PDR_GULP_data001.pcap_18_07_2026_14_31_1784365298.PCAP_PDR
-rw------- 1 dsp dsp 2.0G Jul 18 14:32 /data/TRANSIENT_BUFFER/PDR_GULP_data002.pcap_18_07_2026_14_32_1784365327.PCAP_PDR
-rw------- 1 dsp dsp 2.0G Jul 18 14:32 /data/TRANSIENT_BUFFER/PDR_GULP_data000.pcap_18_07_2026_14_32_1784365356.PCAP_PDR
-rw------- 1 dsp dsp 2.0G Jul 18 14:33 /data/TRANSIENT_BUFFER/PDR_GULP_data001.pcap_18_07_2026_14_33_1784365385.PCAP_PDR
-rw------- 1 dsp dsp 2.0G Jul 18 14:33 /data/TRANSIENT_BUFFER/PDR_GULP_data002.pcap_18_07_2026_14_33_1784365414.PCAP_PDR
-rw------- 1 dsp dsp 2.0G Jul 18 14:34 /data/TRANSIENT_BUFFER/PDR_GULP_data000.pcap_18_07_2026_14_34_1784365444.PCAP_PDR
-rw------- 1 dsp dsp 2.0G Jul 18 14:34 /data/TRANSIENT_BUFFER/PDR_GULP_data001.pcap_18_07_2026_14_34_1784365473.PCAP_PDR
-rw------- 1 dsp dsp 2.0G Jul 18 14:34 /data/TRANSIENT_BUFFER/PDR_GULP_data002.pcap_18_07_2026_14_35_1784365502.PCAP_PDR
-rw------- 1 dsp dsp 2.0G Jul 18 14:35 /data/TRANSIENT_BUFFER/PDR_GULP_data000.pcap_18_07_2026_14_35_1784365531.PCAP_PDR
-rw------- 1 dsp dsp 2.0G Jul 18 14:35 /data/TRANSIENT_BUFFER/PDR_GULP_data001.pcap_18_07_2026_14_36_1784365560.PCAP_PDR
-rw------- 1 dsp dsp 2.0G Jul 18 14:36 /data/TRANSIENT_BUFFER/PDR_GULP_data002.pcap_18_07_2026_14_36_1784365590.PCAP_PDR
-rw------- 1 dsp dsp 2.0G Jul 18 14:36 /data/TRANSIENT_BUFFER/PDR_GULP_data000.pcap_18_07_2026_14_36_1784365619.PCAP_PDR
-rw------- 1 dsp dsp 2.0G Jul 18 14:37 /data/TRANSIENT_BUFFER/PDR_GULP_data001.pcap_18_07_2026_14_37_1784365648.PCAP_PDR
-rw------- 1 dsp dsp 2.0G Jul 18 14:37 /data/TRANSIENT_BUFFER/PDR_GULP_data002.pcap_18_07_2026_14_37_1784365677.PCAP_PDR
-rw------- 1 dsp dsp 2.0G Jul 18 14:38 /data/TRANSIENT_BUFFER/PDR_GULP_data000.pcap_18_07_2026_14_38_1784365706.PCAP_PDR
-rw------- 1 dsp dsp 2.0G Jul 18 14:38 /data/TRANSIENT_BUFFER/PDR_GULP_data001.pcap_18_07_2026_14_38_1784365736.PCAP_PDR
-rw------- 1 dsp dsp 2.0G Jul 18 14:39 /data/TRANSIENT_BUFFER/PDR_GULP_data002.pcap_18_07_2026_14_39_1784365765.PCAP_PDR
-rw------- 1 dsp dsp 2.0G Jul 18 14:39 /data/TRANSIENT_BUFFER/PDR_GULP_data000.pcap_18_07_2026_14_39_1784365794.PCAP_PDR
-rw------- 1 dsp dsp 2.0G Jul 18 14:40 /data/TRANSIENT_BUFFER/PDR_GULP_data001.pcap_18_07_2026_14_40_1784365823.PCAP_PDR
-rw------- 1 dsp dsp 2.0G Jul 18 14:40 /data/TRANSIENT_BUFFER/PDR_GULP_data002.pcap_18_07_2026_14_40_1784365852.PCAP_PDR
-rw------- 1 dsp dsp 2.0G Jul 18 14:41 /data/TRANSIENT_BUFFER/PDR_GULP_data000.pcap_18_07_2026_14_41_1784365882.PCAP_PDR
-rw------- 1 dsp dsp 2.0G Jul 18 14:41 /data/TRANSIENT_BUFFER/PDR_GULP_data001.pcap_18_07_2026_14_41_1784365911.PCAP_PDR
-rw------- 1 dsp dsp 2.0G Jul 18 14:42 /data/TRANSIENT_BUFFER/PDR_GULP_data002.pcap_18_07_2026_14_42_1784365940.PCAP_PDR
-rw------- 1 dsp dsp 2.0G Jul 18 14:42 /data/TRANSIENT_BUFFER/PDR_GULP_data000.pcap_18_07_2026_14_42_1784365969.PCAP_PDR
-rw------- 1 dsp dsp 2.0G Jul 18 14:43 /data/TRANSIENT_BUFFER/PDR_GULP_data001.pcap_18_07_2026_14_43_1784365999.PCAP_PDR
-rw------- 1 dsp dsp 2.0G Jul 18 14:43 /data/TRANSIENT_BUFFER/PDR_GULP_data002.pcap_18_07_2026_14_43_1784366028.PCAP_PDR
-rw------- 1 dsp dsp 2.0G Jul 18 14:44 /data/TRANSIENT_BUFFER/PDR_GULP_data000.pcap_18_07_2026_14_44_1784366057.PCAP_PDR
-rw------- 1 dsp dsp 2.0G Jul 18 14:44 /data/TRANSIENT_BUFFER/PDR_GULP_data001.pcap_18_07_2026_14_44_1784366086.PCAP_PDR
-rw------- 1 dsp dsp 2.0G Jul 18 14:45 /data/TRANSIENT_BUFFER/PDR_GULP_data002.pcap_18_07_2026_14_45_1784366115.PCAP_PDR
-rw------- 1 dsp dsp 2.0G Jul 18 14:45 /data/TRANSIENT_BUFFER/PDR_GULP_data000.pcap_18_07_2026_14_45_1784366145.PCAP_PDR
-rw------- 1 dsp dsp 2.0G Jul 18 14:46 /data/TRANSIENT_BUFFER/PDR_GULP_data001.pcap_18_07_2026_14_46_1784366174.PCAP_PDR
-rw------- 1 dsp dsp 2.0G Jul 18 14:46 /data/TRANSIENT_BUFFER/PDR_GULP_data002.pcap_18_07_2026_14_46_1784366203.PCAP_PDR
-rw------- 1 dsp dsp 2.0G Jul 18 14:47 /data/TRANSIENT_BUFFER/PDR_GULP_data000.pcap_18_07_2026_14_47_1784366232.PCAP_PDR
-rw------- 1 dsp dsp 2.0G Jul 18 14:47 /data/TRANSIENT_BUFFER/PDR_GULP_data001.pcap_18_07_2026_14_47_1784366261.PCAP_PDR
-rw------- 1 dsp dsp 2.0G Jul 18 14:48 /data/TRANSIENT_BUFFER/PDR_GULP_data002.pcap_18_07_2026_14_48_1784366291.PCAP_PDR
-rw------- 1 dsp dsp 2.0G Jul 18 14:48 /data/TRANSIENT_BUFFER/PDR_GULP_data000.pcap_18_07_2026_14_48_1784366320.PCAP_PDR
-rw------- 1 dsp dsp 2.0G Jul 18 14:49 /data/TRANSIENT_BUFFER/PDR_GULP_data001.pcap_18_07_2026_14_49_1784366349.PCAP_PDR
-rw------- 1 dsp dsp 2.0G Jul 18 14:49 /data/TRANSIENT_BUFFER/PDR_GULP_data002.pcap_18_07_2026_14_49_1784366378.PCAP_PDR
-rw------- 1 dsp dsp 2.0G Jul 18 14:50 /data/TRANSIENT_BUFFER/PDR_GULP_data000.pcap_18_07_2026_14_50_1784366407.PCAP_PDR
-rw------- 1 dsp dsp 2.0G Jul 18 14:50 /data/TRANSIENT_BUFFER/PDR_GULP_data001.pcap_18_07_2026_14_50_1784366437.PCAP_PDR
-rw------- 1 dsp dsp 2.0G Jul 18 14:51 /data/TRANSIENT_BUFFER/PDR_GULP_data002.pcap_18_07_2026_14_51_1784366466.PCAP_PDR
-rw------- 1 dsp dsp 2.0G Jul 18 14:51 /data/TRANSIENT_BUFFER/PDR_GULP_data000.pcap_18_07_2026_14_51_1784366495.PCAP_PDR
-rw------- 1 dsp dsp 2.0G Jul 18 14:52 /data/TRANSIENT_BUFFER/PDR_GULP_data001.pcap_18_07_2026_14_52_1784366524.PCAP_PDR
-rw------- 1 dsp dsp 2.0G Jul 18 14:52 /data/TRANSIENT_BUFFER/PDR_GULP_data002.pcap_18_07_2026_14_52_1784366553.PCAP_PDR
18-07-2026 14:53 RAW PCAP data moved from Transient Buffer.
18-07-2026 14:53 SLIP check Started ...
18-07-2026 14:53 - WARNING - Data Directory: /data/dsp/GBD_TRANSIENT_BUFFER/J0953+0755/18_07_2026
18-07-2026 14:53 - WARNING - Number of Files: 100
18-07-2026 14:53 - WARNING - No packet loss: /data/dsp/GBD_TRANSIENT_BUFFER/J0953+0755/18_07_2026/PDR_GULP_data002.pcap_18_07_2026_14_04_1784363662.PCAP_PDR
18-07-2026 14:53 - WARNING - first_pkt_count, first_gps_count, first_pkt_Tstamp
18-07-2026 14:53 - WARNING - 1564912030 12697 2026-07-18T08:33:50.186034
18-07-2026 14:53 - WARNING - last_pkt_count, last_gps_count, last_pkt_Tstamp
18-07-2026 14:53 - WARNING - 1566794571 12726 2026-07-18T08:34:19.393951
18-07-2026 14:53 - WARNING - diff_pkt_count  , diff_gps_count ,  diff_pkt_timstamp
18-07-2026 14:53 - WARNING - 1882541 29 29207917 microseconds
18-07-2026 14:53 - WARNING - No packet loss: /data/dsp/GBD_TRANSIENT_BUFFER/J0953+0755/18_07_2026/PDR_GULP_data000.pcap_18_07_2026_14_04_1784363691.PCAP_PDR
18-07-2026 14:53 - WARNING - first_pkt_count, first_gps_count, first_pkt_Tstamp
18-07-2026 14:53 - WARNING - 1566794572 12726 2026-07-18T08:34:19.393952
18-07-2026 14:53 - WARNING - last_pkt_count, last_gps_count, last_pkt_Tstamp
18-07-2026 14:53 - WARNING - 1568677113 12755 2026-07-18T08:34:48.601809
18-07-2026 14:53 - WARNING - diff_pkt_count  , diff_gps_count ,  diff_pkt_timstamp
18-07-2026 14:53 - WARNING - 1882541 29 29207857 microseconds
18-07-2026 14:53 - WARNING - No packet loss: /data/dsp/GBD_TRANSIENT_BUFFER/J0953+0755/18_07_2026/PDR_GULP_data001.pcap_18_07_2026_14_05_1784363720.PCAP_PDR
18-07-2026 14:53 - WARNING - first_pkt_count, first_gps_count, first_pkt_Tstamp
18-07-2026 14:53 - WARNING - 1568677114 12755 2026-07-18T08:34:48.601897
18-07-2026 14:53 - WARNING - last_pkt_count, last_gps_count, last_pkt_Tstamp
18-07-2026 14:53 - WARNING - 1570559655 12784 2026-07-18T08:35:17.809819
18-07-2026 14:53 - WARNING - diff_pkt_count  , diff_gps_count ,  diff_pkt_timstamp
18-07-2026 14:53 - WARNING - 1882541 29 29207922 microseconds
18-07-2026 14:53 - WARNING - Packet loss: /data/dsp/GBD_TRANSIENT_BUFFER/J0953+0755/18_07_2026/PDR_GULP_data002.pcap_18_07_2026_14_05_1784363750.PCAP_PDR
18-07-2026 14:53 - WARNING - Packet loss found .... Being fixed ... Please wait ...
18-07-2026 14:53 - WARNING - PCAP filtering ... tcpdump -r /data/dsp/GBD_TRANSIENT_BUFFER/J0953+0755/18_07_2026/PDR_GULP_data002.pcap_18_07_2026_14_05_1784363750.PCAP_PDR.pcap -w PDR_GULP_data002.pcap_18_07_2026_14_05_1784363750_filtered.PCAP_PDR.pcap  host 172.10.10.1 and port 55000 
18-07-2026 14:53 - WARNING - Patched /data/dsp/GBD_TRANSIENT_BUFFER/J0953+0755/18_07_2026/PDR_GULP_data002.pcap_18_07_2026_14_05_1784363750.PCAP_PDR as PDR_GULP_data002.pcap_18_07_2026_14_05_1784363750_filtered.PCAP_PDR
18-07-2026 14:53 - WARNING - Gulped file moved to /data/dsp/GBD_TRANSIENT_BUFFER/J0953+0755/18_07_2026/GULPED
18-07-2026 14:53 - WARNING - first_pkt_count, first_gps_count, first_pkt_Tstamp
18-07-2026 14:53 - WARNING - 1570559656 12784 2026-07-18T08:35:17.809819
18-07-2026 14:53 - WARNING - last_pkt_count, last_gps_count, last_pkt_Tstamp
18-07-2026 14:53 - WARNING - 1572442197 12814 2026-07-18T08:35:47.017705
18-07-2026 14:53 - WARNING - diff_pkt_count  , diff_gps_count ,  diff_pkt_timstamp
18-07-2026 14:53 - WARNING - 1882541 30 29207886 microseconds
18-07-2026 14:53 - WARNING - No packet loss: /data/dsp/GBD_TRANSIENT_BUFFER/J0953+0755/18_07_2026/PDR_GULP_data000.pcap_18_07_2026_14_06_1784363779.PCAP_PDR
18-07-2026 14:53 - WARNING - first_pkt_count, first_gps_count, first_pkt_Tstamp
18-07-2026 14:53 - WARNING - 1572442198 12814 2026-07-18T08:35:47.017705
18-07-2026 14:53 - WARNING - last_pkt_count, last_gps_count, last_pkt_Tstamp
18-07-2026 14:53 - WARNING - 1574324740 12843 2026-07-18T08:36:16.225632
18-07-2026 14:53 - WARNING - diff_pkt_count  , diff_gps_count ,  diff_pkt_timstamp
18-07-2026 14:53 - WARNING - 1882542 29 29207927 microseconds
18-07-2026 14:53 - WARNING - No packet loss: /data/dsp/GBD_TRANSIENT_BUFFER/J0953+0755/18_07_2026/PDR_GULP_data001.pcap_18_07_2026_14_06_1784363808.PCAP_PDR
18-07-2026 14:53 - WARNING - first_pkt_count, first_gps_count, first_pkt_Tstamp
18-07-2026 14:53 - WARNING - 1574324741 12843 2026-07-18T08:36:16.225720
18-07-2026 14:53 - WARNING - last_pkt_count, last_gps_count, last_pkt_Tstamp
18-07-2026 14:53 - WARNING - 1576207282 12872 2026-07-18T08:36:45.433564
18-07-2026 14:53 - WARNING - diff_pkt_count  , diff_gps_count ,  diff_pkt_timstamp
18-07-2026 14:53 - WARNING - 1882541 29 29207844 microseconds
18-07-2026 14:53 - WARNING - No packet loss: /data/dsp/GBD_TRANSIENT_BUFFER/J0953+0755/18_07_2026/PDR_GULP_data002.pcap_18_07_2026_14_07_1784363837.PCAP_PDR
18-07-2026 14:53 - WARNING - first_pkt_count, first_gps_count, first_pkt_Tstamp
18-07-2026 14:53 - WARNING - 1576207283 12872 2026-07-18T08:36:45.433653
18-07-2026 14:53 - WARNING - last_pkt_count, last_gps_count, last_pkt_Tstamp
18-07-2026 14:53 - WARNING - 1578089824 12901 2026-07-18T08:37:14.641561
18-07-2026 14:53 - WARNING - diff_pkt_count  , diff_gps_count ,  diff_pkt_timstamp
18-07-2026 14:53 - WARNING - 1882541 29 29207908 microseconds
18-07-2026 14:53 - WARNING - No packet loss: /data/dsp/GBD_TRANSIENT_BUFFER/J0953+0755/18_07_2026/PDR_GULP_data000.pcap_18_07_2026_14_07_1784363866.PCAP_PDR
18-07-2026 14:53 - WARNING - first_pkt_count, first_gps_count, first_pkt_Tstamp
18-07-2026 14:53 - WARNING - 1578089825 12901 2026-07-18T08:37:14.641561
18-07-2026 14:53 - WARNING - last_pkt_count, last_gps_count, last_pkt_Tstamp
18-07-2026 14:53 - WARNING - 1579972366 12930 2026-07-18T08:37:43.849450
18-07-2026 14:53 - WARNING - diff_pkt_count  , diff_gps_count ,  diff_pkt_timstamp
18-07-2026 14:53 - WARNING - 1882541 29 29207889 microseconds
18-07-2026 14:53 - WARNING - No packet loss: /data/dsp/GBD_TRANSIENT_BUFFER/J0953+0755/18_07_2026/PDR_GULP_data001.pcap_18_07_2026_14_08_1784363896.PCAP_PDR
18-07-2026 14:53 - WARNING - first_pkt_count, first_gps_count, first_pkt_Tstamp
18-07-2026 14:53 - WARNING - 1579972367 12930 2026-07-18T08:37:43.849529
18-07-2026 14:53 - WARNING - last_pkt_count, last_gps_count, last_pkt_Tstamp
18-07-2026 14:53 - WARNING - 1581854908 12960 2026-07-18T08:38:13.057433
18-07-2026 14:53 - WARNING - diff_pkt_count  , diff_gps_count ,  diff_pkt_timstamp
18-07-2026 14:53 - WARNING - 1882541 30 29207904 microseconds
18-07-2026 14:53 - WARNING - No packet loss: /data/dsp/GBD_TRANSIENT_BUFFER/J0953+0755/18_07_2026/PDR_GULP_data002.pcap_18_07_2026_14_08_1784363925.PCAP_PDR
18-07-2026 14:53 - WARNING - first_pkt_count, first_gps_count, first_pkt_Tstamp
18-07-2026 14:53 - WARNING - 1581854909 12960 2026-07-18T08:38:13.057433
18-07-2026 14:53 - WARNING - last_pkt_count, last_gps_count, last_pkt_Tstamp
18-07-2026 14:53 - WARNING - 1583737450 12989 2026-07-18T08:38:42.265357
18-07-2026 14:53 - WARNING - diff_pkt_count  , diff_gps_count ,  diff_pkt_timstamp
18-07-2026 14:53 - WARNING - 1882541 29 29207924 microseconds
18-07-2026 14:53 - WARNING - No packet loss: /data/dsp/GBD_TRANSIENT_BUFFER/J0953+0755/18_07_2026/PDR_GULP_data000.pcap_18_07_2026_14_09_1784363954.PCAP_PDR
18-07-2026 14:53 - WARNING - first_pkt_count, first_gps_count, first_pkt_Tstamp
18-07-2026 14:53 - WARNING - 1583737451 12989 2026-07-18T08:38:42.265357
18-07-2026 14:53 - WARNING - last_pkt_count, last_gps_count, last_pkt_Tstamp
18-07-2026 14:53 - WARNING - 1585619993 13018 2026-07-18T08:39:11.473274
18-07-2026 14:53 - WARNING - diff_pkt_count  , diff_gps_count ,  diff_pkt_timstamp
18-07-2026 14:53 - WARNING - 1882542 29 29207917 microseconds
18-07-2026 14:53 - WARNING - No packet loss: /data/dsp/GBD_TRANSIENT_BUFFER/J0953+0755/18_07_2026/PDR_GULP_data001.pcap_18_07_2026_14_09_1784363983.PCAP_PDR
18-07-2026 14:53 - WARNING - first_pkt_count, first_gps_count, first_pkt_Tstamp
18-07-2026 14:53 - WARNING - 1585619994 13018 2026-07-18T08:39:11.473275
18-07-2026 14:53 - WARNING - last_pkt_count, last_gps_count, last_pkt_Tstamp
18-07-2026 14:53 - WARNING - 1587502535 13047 2026-07-18T08:39:40.681210
18-07-2026 14:53 - WARNING - diff_pkt_count  , diff_gps_count ,  diff_pkt_timstamp
18-07-2026 14:53 - WARNING - 1882541 29 29207935 microseconds
18-07-2026 14:53 - WARNING - No packet loss: /data/dsp/GBD_TRANSIENT_BUFFER/J0953+0755/18_07_2026/PDR_GULP_data002.pcap_18_07_2026_14_10_1784364012.PCAP_PDR
18-07-2026 14:53 - WARNING - first_pkt_count, first_gps_count, first_pkt_Tstamp
18-07-2026 14:53 - WARNING - 1587502536 13047 2026-07-18T08:39:40.681210
18-07-2026 14:53 - WARNING - last_pkt_count, last_gps_count, last_pkt_Tstamp
18-07-2026 14:53 - WARNING - 1589385077 13076 2026-07-18T08:40:09.889128
18-07-2026 14:53 - WARNING - diff_pkt_count  , diff_gps_count ,  diff_pkt_timstamp
18-07-2026 14:53 - WARNING - 1882541 29 29207918 microseconds
18-07-2026 14:53 - WARNING - No packet loss: /data/dsp/GBD_TRANSIENT_BUFFER/J0953+0755/18_07_2026/PDR_GULP_data000.pcap_18_07_2026_14_10_1784364042.PCAP_PDR
18-07-2026 14:53 - WARNING - first_pkt_count, first_gps_count, first_pkt_Tstamp
18-07-2026 14:53 - WARNING - 1589385078 13076 2026-07-18T08:40:09.889128
18-07-2026 14:53 - WARNING - last_pkt_count, last_gps_count, last_pkt_Tstamp
18-07-2026 14:53 - WARNING - 1591267619 13106 2026-07-18T08:40:39.097048
18-07-2026 14:53 - WARNING - diff_pkt_count  , diff_gps_count ,  diff_pkt_timstamp
18-07-2026 14:53 - WARNING - 1882541 30 29207920 microseconds
18-07-2026 14:53 - WARNING - No packet loss: /data/dsp/GBD_TRANSIENT_BUFFER/J0953+0755/18_07_2026/PDR_GULP_data001.pcap_18_07_2026_14_11_1784364071.PCAP_PDR
18-07-2026 14:53 - WARNING - first_pkt_count, first_gps_count, first_pkt_Tstamp
18-07-2026 14:53 - WARNING - 1591267620 13106 2026-07-18T08:40:39.097049
18-07-2026 14:53 - WARNING - last_pkt_count, last_gps_count, last_pkt_Tstamp
18-07-2026 14:53 - WARNING - 1593150161 13135 2026-07-18T08:41:08.305004
18-07-2026 14:53 - WARNING - diff_pkt_count  , diff_gps_count ,  diff_pkt_timstamp
18-07-2026 14:53 - WARNING - 1882541 29 29207955 microseconds
18-07-2026 14:53 - WARNING - No packet loss: /data/dsp/GBD_TRANSIENT_BUFFER/J0953+0755/18_07_2026/PDR_GULP_data002.pcap_18_07_2026_14_11_1784364100.PCAP_PDR
18-07-2026 14:53 - WARNING - first_pkt_count, first_gps_count, first_pkt_Tstamp
18-07-2026 14:53 - WARNING - 1593150162 13135 2026-07-18T08:41:08.305004
18-07-2026 14:53 - WARNING - last_pkt_count, last_gps_count, last_pkt_Tstamp
18-07-2026 14:53 - WARNING - 1595032703 13164 2026-07-18T08:41:37.512918
18-07-2026 14:53 - WARNING - diff_pkt_count  , diff_gps_count ,  diff_pkt_timstamp
18-07-2026 14:53 - WARNING - 1882541 29 29207914 microseconds
18-07-2026 14:53 - WARNING - No packet loss: /data/dsp/GBD_TRANSIENT_BUFFER/J0953+0755/18_07_2026/PDR_GULP_data000.pcap_18_07_2026_14_12_1784364129.PCAP_PDR
18-07-2026 14:53 - WARNING - first_pkt_count, first_gps_count, first_pkt_Tstamp
18-07-2026 14:53 - WARNING - 1595032704 13164 2026-07-18T08:41:37.512918
18-07-2026 14:53 - WARNING - last_pkt_count, last_gps_count, last_pkt_Tstamp
18-07-2026 14:53 - WARNING - 1596915246 13193 2026-07-18T08:42:06.720860
18-07-2026 14:53 - WARNING - diff_pkt_count  , diff_gps_count ,  diff_pkt_timstamp
18-07-2026 14:53 - WARNING - 1882542 29 29207942 microseconds
18-07-2026 14:53 - WARNING - No packet loss: /data/dsp/GBD_TRANSIENT_BUFFER/J0953+0755/18_07_2026/PDR_GULP_data001.pcap_18_07_2026_14_12_1784364158.PCAP_PDR
18-07-2026 14:53 - WARNING - first_pkt_count, first_gps_count, first_pkt_Tstamp
18-07-2026 14:53 - WARNING - 1596915247 13193 2026-07-18T08:42:06.720861
18-07-2026 14:53 - WARNING - last_pkt_count, last_gps_count, last_pkt_Tstamp
18-07-2026 14:53 - WARNING - 1598797788 13222 2026-07-18T08:42:35.928817
18-07-2026 14:53 - WARNING - diff_pkt_count  , diff_gps_count ,  diff_pkt_timstamp
18-07-2026 14:53 - WARNING - 1882541 29 29207956 microseconds
18-07-2026 14:53 - WARNING - No packet loss: /data/dsp/GBD_TRANSIENT_BUFFER/J0953+0755/18_07_2026/PDR_GULP_data002.pcap_18_07_2026_14_13_1784364188.PCAP_PDR
18-07-2026 14:53 - WARNING - first_pkt_count, first_gps_count, first_pkt_Tstamp
18-07-2026 14:53 - WARNING - 1598797789 13222 2026-07-18T08:42:35.928817
18-07-2026 14:53 - WARNING - last_pkt_count, last_gps_count, last_pkt_Tstamp
18-07-2026 14:53 - WARNING - 1600680330 13252 2026-07-18T08:43:05.136704
18-07-2026 14:53 - WARNING - diff_pkt_count  , diff_gps_count ,  diff_pkt_timstamp
18-07-2026 14:53 - WARNING - 1882541 30 29207887 microseconds
18-07-2026 14:53 - WARNING - No packet loss: /data/dsp/GBD_TRANSIENT_BUFFER/J0953+0755/18_07_2026/PDR_GULP_data000.pcap_18_07_2026_14_13_1784364217.PCAP_PDR
18-07-2026 14:53 - WARNING - first_pkt_count, first_gps_count, first_pkt_Tstamp
18-07-2026 14:53 - WARNING - 1600680331 13252 2026-07-18T08:43:05.136758
18-07-2026 14:53 - WARNING - last_pkt_count, last_gps_count, last_pkt_Tstamp
18-07-2026 14:53 - WARNING - 1602562872 13281 2026-07-18T08:43:34.344641
18-07-2026 14:53 - WARNING - diff_pkt_count  , diff_gps_count ,  diff_pkt_timstamp
18-07-2026 14:53 - WARNING - 1882541 29 29207883 microseconds
18-07-2026 14:53 - WARNING - No packet loss: /data/dsp/GBD_TRANSIENT_BUFFER/J0953+0755/18_07_2026/PDR_GULP_data001.pcap_18_07_2026_14_14_1784364246.PCAP_PDR
18-07-2026 14:53 - WARNING - first_pkt_count, first_gps_count, first_pkt_Tstamp
18-07-2026 14:53 - WARNING - 1602562873 13281 2026-07-18T08:43:34.344641
18-07-2026 14:53 - WARNING - last_pkt_count, last_gps_count, last_pkt_Tstamp
18-07-2026 14:53 - WARNING - 1604445414 13310 2026-07-18T08:44:03.552571
18-07-2026 14:53 - WARNING - diff_pkt_count  , diff_gps_count ,  diff_pkt_timstamp
18-07-2026 14:53 - WARNING - 1882541 29 29207930 microseconds
18-07-2026 14:53 - WARNING - No packet loss: /data/dsp/GBD_TRANSIENT_BUFFER/J0953+0755/18_07_2026/PDR_GULP_data002.pcap_18_07_2026_14_14_1784364275.PCAP_PDR
18-07-2026 14:53 - WARNING - first_pkt_count, first_gps_count, first_pkt_Tstamp
18-07-2026 14:53 - WARNING - 1604445415 13310 2026-07-18T08:44:03.552571
18-07-2026 14:53 - WARNING - last_pkt_count, last_gps_count, last_pkt_Tstamp
18-07-2026 14:53 - WARNING - 1606327956 13339 2026-07-18T08:44:32.760488
18-07-2026 14:53 - WARNING - diff_pkt_count  , diff_gps_count ,  diff_pkt_timstamp
18-07-2026 14:53 - WARNING - 1882541 29 29207917 microseconds
18-07-2026 14:53 - WARNING - No packet loss: /data/dsp/GBD_TRANSIENT_BUFFER/J0953+0755/18_07_2026/PDR_GULP_data000.pcap_18_07_2026_14_15_1784364304.PCAP_PDR
18-07-2026 14:53 - WARNING - first_pkt_count, first_gps_count, first_pkt_Tstamp
18-07-2026 14:53 - WARNING - 1606327957 13339 2026-07-18T08:44:32.760541
18-07-2026 14:53 - WARNING - last_pkt_count, last_gps_count, last_pkt_Tstamp
18-07-2026 14:53 - WARNING - 1608210499 13368 2026-07-18T08:45:01.968431
18-07-2026 14:53 - WARNING - diff_pkt_count  , diff_gps_count ,  diff_pkt_timstamp
18-07-2026 14:53 - WARNING - 1882542 29 29207890 microseconds
18-07-2026 14:53 - WARNING - No packet loss: /data/dsp/GBD_TRANSIENT_BUFFER/J0953+0755/18_07_2026/PDR_GULP_data001.pcap_18_07_2026_14_15_1784364334.PCAP_PDR
18-07-2026 14:53 - WARNING - first_pkt_count, first_gps_count, first_pkt_Tstamp
18-07-2026 14:53 - WARNING - 1608210500 13368 2026-07-18T08:45:01.968482
18-07-2026 14:53 - WARNING - last_pkt_count, last_gps_count, last_pkt_Tstamp
18-07-2026 14:53 - WARNING - 1610093041 13398 2026-07-18T08:45:31.176364
18-07-2026 14:53 - WARNING - diff_pkt_count  , diff_gps_count ,  diff_pkt_timstamp
18-07-2026 14:53 - WARNING - 1882541 30 29207882 microseconds
18-07-2026 14:53 - WARNING - No packet loss: /data/dsp/GBD_TRANSIENT_BUFFER/J0953+0755/18_07_2026/PDR_GULP_data002.pcap_18_07_2026_14_16_1784364363.PCAP_PDR
18-07-2026 14:53 - WARNING - first_pkt_count, first_gps_count, first_pkt_Tstamp
18-07-2026 14:53 - WARNING - 1610093042 13398 2026-07-18T08:45:31.176364
18-07-2026 14:53 - WARNING - last_pkt_count, last_gps_count, last_pkt_Tstamp
18-07-2026 14:53 - WARNING - 1611975583 13427 2026-07-18T08:46:00.384279
18-07-2026 14:53 - WARNING - diff_pkt_count  , diff_gps_count ,  diff_pkt_timstamp
18-07-2026 14:53 - WARNING - 1882541 29 29207915 microseconds
18-07-2026 14:53 - WARNING - No packet loss: /data/dsp/GBD_TRANSIENT_BUFFER/J0953+0755/18_07_2026/PDR_GULP_data000.pcap_18_07_2026_14_16_1784364392.PCAP_PDR
18-07-2026 14:53 - WARNING - first_pkt_count, first_gps_count, first_pkt_Tstamp
18-07-2026 14:53 - WARNING - 1611975584 13427 2026-07-18T08:46:00.384280
18-07-2026 14:53 - WARNING - last_pkt_count, last_gps_count, last_pkt_Tstamp
18-07-2026 14:53 - WARNING - 1613858125 13456 2026-07-18T08:46:29.592203
18-07-2026 14:53 - WARNING - diff_pkt_count  , diff_gps_count ,  diff_pkt_timstamp
18-07-2026 14:53 - WARNING - 1882541 29 29207923 microseconds
18-07-2026 14:53 - WARNING - No packet loss: /data/dsp/GBD_TRANSIENT_BUFFER/J0953+0755/18_07_2026/PDR_GULP_data001.pcap_18_07_2026_14_17_1784364421.PCAP_PDR
18-07-2026 14:53 - WARNING - first_pkt_count, first_gps_count, first_pkt_Tstamp
18-07-2026 14:53 - WARNING - 1613858126 13456 2026-07-18T08:46:29.592256
18-07-2026 14:53 - WARNING - last_pkt_count, last_gps_count, last_pkt_Tstamp
18-07-2026 14:53 - WARNING - 1615740667 13485 2026-07-18T08:46:58.800130
18-07-2026 14:53 - WARNING - diff_pkt_count  , diff_gps_count ,  diff_pkt_timstamp
18-07-2026 14:53 - WARNING - 1882541 29 29207874 microseconds
18-07-2026 14:53 - WARNING - No packet loss: /data/dsp/GBD_TRANSIENT_BUFFER/J0953+0755/18_07_2026/PDR_GULP_data002.pcap_18_07_2026_14_17_1784364451.PCAP_PDR
18-07-2026 14:53 - WARNING - first_pkt_count, first_gps_count, first_pkt_Tstamp
18-07-2026 14:53 - WARNING - 1615740668 13485 2026-07-18T08:46:58.800181
18-07-2026 14:53 - WARNING - last_pkt_count, last_gps_count, last_pkt_Tstamp
18-07-2026 14:53 - WARNING - 1617623209 13515 2026-07-18T08:47:28.008128
18-07-2026 14:53 - WARNING - diff_pkt_count  , diff_gps_count ,  diff_pkt_timstamp
18-07-2026 14:53 - WARNING - 1882541 30 29207947 microseconds
18-07-2026 14:53 - WARNING - No packet loss: /data/dsp/GBD_TRANSIENT_BUFFER/J0953+0755/18_07_2026/PDR_GULP_data000.pcap_18_07_2026_14_18_1784364480.PCAP_PDR
18-07-2026 14:53 - WARNING - first_pkt_count, first_gps_count, first_pkt_Tstamp
18-07-2026 14:53 - WARNING - 1617623210 13515 2026-07-18T08:47:28.008128
18-07-2026 14:53 - WARNING - last_pkt_count, last_gps_count, last_pkt_Tstamp
18-07-2026 14:53 - WARNING - 1619505752 13544 2026-07-18T08:47:57.216042
18-07-2026 14:53 - WARNING - diff_pkt_count  , diff_gps_count ,  diff_pkt_timstamp
18-07-2026 14:53 - WARNING - 1882542 29 29207914 microseconds
18-07-2026 14:53 - WARNING - No packet loss: /data/dsp/GBD_TRANSIENT_BUFFER/J0953+0755/18_07_2026/PDR_GULP_data001.pcap_18_07_2026_14_18_1784364509.PCAP_PDR
18-07-2026 14:53 - WARNING - first_pkt_count, first_gps_count, first_pkt_Tstamp
18-07-2026 14:53 - WARNING - 1619505753 13544 2026-07-18T08:47:57.216042
18-07-2026 14:53 - WARNING - last_pkt_count, last_gps_count, last_pkt_Tstamp
18-07-2026 14:53 - WARNING - 1621388294 13573 2026-07-18T08:48:26.423954
18-07-2026 14:53 - WARNING - diff_pkt_count  , diff_gps_count ,  diff_pkt_timstamp
18-07-2026 14:53 - WARNING - 1882541 29 29207912 microseconds
18-07-2026 14:53 - WARNING - No packet loss: /data/dsp/GBD_TRANSIENT_BUFFER/J0953+0755/18_07_2026/PDR_GULP_data002.pcap_18_07_2026_14_18_1784364538.PCAP_PDR
18-07-2026 14:53 - WARNING - first_pkt_count, first_gps_count, first_pkt_Tstamp
18-07-2026 14:53 - WARNING - 1621388295 13573 2026-07-18T08:48:26.424032
18-07-2026 14:53 - WARNING - last_pkt_count, last_gps_count, last_pkt_Tstamp
18-07-2026 14:53 - WARNING - 1623270836 13602 2026-07-18T08:48:55.631892
18-07-2026 14:53 - WARNING - diff_pkt_count  , diff_gps_count ,  diff_pkt_timstamp
18-07-2026 14:53 - WARNING - 1882541 29 29207860 microseconds
18-07-2026 14:53 - WARNING - No packet loss: /data/dsp/GBD_TRANSIENT_BUFFER/J0953+0755/18_07_2026/PDR_GULP_data000.pcap_18_07_2026_14_19_1784364567.PCAP_PDR
18-07-2026 14:53 - WARNING - first_pkt_count, first_gps_count, first_pkt_Tstamp
18-07-2026 14:53 - WARNING - 1623270837 13602 2026-07-18T08:48:55.631892
18-07-2026 14:53 - WARNING - last_pkt_count, last_gps_count, last_pkt_Tstamp
18-07-2026 14:53 - WARNING - 1625153378 13631 2026-07-18T08:49:24.839815
18-07-2026 14:53 - WARNING - diff_pkt_count  , diff_gps_count ,  diff_pkt_timstamp
18-07-2026 14:53 - WARNING - 1882541 29 29207923 microseconds
18-07-2026 14:53 - WARNING - No packet loss: /data/dsp/GBD_TRANSIENT_BUFFER/J0953+0755/18_07_2026/PDR_GULP_data001.pcap_18_07_2026_14_19_1784364597.PCAP_PDR
18-07-2026 14:53 - WARNING - first_pkt_count, first_gps_count, first_pkt_Tstamp
18-07-2026 14:53 - WARNING - 1625153379 13631 2026-07-18T08:49:24.839815
18-07-2026 14:53 - WARNING - last_pkt_count, last_gps_count, last_pkt_Tstamp
18-07-2026 14:53 - WARNING - 1627035920 13661 2026-07-18T08:49:54.047761
18-07-2026 14:53 - WARNING - diff_pkt_count  , diff_gps_count ,  diff_pkt_timstamp
18-07-2026 14:53 - WARNING - 1882541 30 29207946 microseconds
18-07-2026 14:53 - WARNING - No packet loss: /data/dsp/GBD_TRANSIENT_BUFFER/J0953+0755/18_07_2026/PDR_GULP_data002.pcap_18_07_2026_14_20_1784364626.PCAP_PDR
18-07-2026 14:53 - WARNING - first_pkt_count, first_gps_count, first_pkt_Tstamp
18-07-2026 14:53 - WARNING - 1627035921 13661 2026-07-18T08:49:54.047761
18-07-2026 14:53 - WARNING - last_pkt_count, last_gps_count, last_pkt_Tstamp
18-07-2026 14:53 - WARNING - 1628918462 13690 2026-07-18T08:50:23.255778
18-07-2026 14:53 - WARNING - diff_pkt_count  , diff_gps_count ,  diff_pkt_timstamp
18-07-2026 14:53 - WARNING - 1882541 29 29208017 microseconds
18-07-2026 14:53 - WARNING - No packet loss: /data/dsp/GBD_TRANSIENT_BUFFER/J0953+0755/18_07_2026/PDR_GULP_data000.pcap_18_07_2026_14_20_1784364655.PCAP_PDR
18-07-2026 14:53 - WARNING - first_pkt_count, first_gps_count, first_pkt_Tstamp
18-07-2026 14:53 - WARNING - 1628918463 13690 2026-07-18T08:50:23.255842
18-07-2026 14:53 - WARNING - last_pkt_count, last_gps_count, last_pkt_Tstamp
18-07-2026 14:53 - WARNING - 1630801005 13719 2026-07-18T08:50:52.463890
18-07-2026 14:53 - WARNING - diff_pkt_count  , diff_gps_count ,  diff_pkt_timstamp
18-07-2026 14:53 - WARNING - 1882542 29 29208048 microseconds
18-07-2026 14:53 - WARNING - No packet loss: /data/dsp/GBD_TRANSIENT_BUFFER/J0953+0755/18_07_2026/PDR_GULP_data001.pcap_18_07_2026_14_21_1784364684.PCAP_PDR
18-07-2026 14:53 - WARNING - first_pkt_count, first_gps_count, first_pkt_Tstamp
18-07-2026 14:53 - WARNING - 1630801006 13719 2026-07-18T08:50:52.463890
18-07-2026 14:53 - WARNING - last_pkt_count, last_gps_count, last_pkt_Tstamp
18-07-2026 14:53 - WARNING - 1632683547 13748 2026-07-18T08:51:21.671950
18-07-2026 14:53 - WARNING - diff_pkt_count  , diff_gps_count ,  diff_pkt_timstamp
18-07-2026 14:53 - WARNING - 1882541 29 29208060 microseconds
18-07-2026 14:53 - WARNING - No packet loss: /data/dsp/GBD_TRANSIENT_BUFFER/J0953+0755/18_07_2026/PDR_GULP_data002.pcap_18_07_2026_14_21_1784364713.PCAP_PDR
18-07-2026 14:53 - WARNING - first_pkt_count, first_gps_count, first_pkt_Tstamp
18-07-2026 14:53 - WARNING - 1632683548 13748 2026-07-18T08:51:21.671950
18-07-2026 14:53 - WARNING - last_pkt_count, last_gps_count, last_pkt_Tstamp
18-07-2026 14:53 - WARNING - 1634566089 13777 2026-07-18T08:51:50.879996
18-07-2026 14:53 - WARNING - diff_pkt_count  , diff_gps_count ,  diff_pkt_timstamp
18-07-2026 14:53 - WARNING - 1882541 29 29208046 microseconds
18-07-2026 14:53 - WARNING - No packet loss: /data/dsp/GBD_TRANSIENT_BUFFER/J0953+0755/18_07_2026/PDR_GULP_data000.pcap_18_07_2026_14_22_1784364743.PCAP_PDR
18-07-2026 14:53 - WARNING - first_pkt_count, first_gps_count, first_pkt_Tstamp
18-07-2026 14:53 - WARNING - 1634566090 13777 2026-07-18T08:51:50.879996
18-07-2026 14:53 - WARNING - last_pkt_count, last_gps_count, last_pkt_Tstamp
18-07-2026 14:53 - WARNING - 1636448631 13807 2026-07-18T08:52:20.088002
18-07-2026 14:53 - WARNING - diff_pkt_count  , diff_gps_count ,  diff_pkt_timstamp
18-07-2026 14:53 - WARNING - 1882541 30 29208006 microseconds
18-07-2026 14:53 - WARNING - No packet loss: /data/dsp/GBD_TRANSIENT_BUFFER/J0953+0755/18_07_2026/PDR_GULP_data001.pcap_18_07_2026_14_22_1784364772.PCAP_PDR
18-07-2026 14:53 - WARNING - first_pkt_count, first_gps_count, first_pkt_Tstamp
18-07-2026 14:53 - WARNING - 1636448632 13807 2026-07-18T08:52:20.088002
18-07-2026 14:53 - WARNING - last_pkt_count, last_gps_count, last_pkt_Tstamp
18-07-2026 14:53 - WARNING - 1638331173 13836 2026-07-18T08:52:49.296033
18-07-2026 14:53 - WARNING - diff_pkt_count  , diff_gps_count ,  diff_pkt_timstamp
18-07-2026 14:53 - WARNING - 1882541 29 29208031 microseconds
18-07-2026 14:53 - WARNING - No packet loss: /data/dsp/GBD_TRANSIENT_BUFFER/J0953+0755/18_07_2026/PDR_GULP_data002.pcap_18_07_2026_14_23_1784364801.PCAP_PDR
18-07-2026 14:53 - WARNING - first_pkt_count, first_gps_count, first_pkt_Tstamp
18-07-2026 14:53 - WARNING - 1638331174 13836 2026-07-18T08:52:49.296033
18-07-2026 14:53 - WARNING - last_pkt_count, last_gps_count, last_pkt_Tstamp
18-07-2026 14:53 - WARNING - 1640213715 13865 2026-07-18T08:53:18.504143
18-07-2026 14:53 - WARNING - diff_pkt_count  , diff_gps_count ,  diff_pkt_timstamp
18-07-2026 14:53 - WARNING - 1882541 29 29208110 microseconds
18-07-2026 14:53 - WARNING - No packet loss: /data/dsp/GBD_TRANSIENT_BUFFER/J0953+0755/18_07_2026/PDR_GULP_data000.pcap_18_07_2026_14_23_1784364830.PCAP_PDR
18-07-2026 14:53 - WARNING - first_pkt_count, first_gps_count, first_pkt_Tstamp
18-07-2026 14:53 - WARNING - 1640213716 13865 2026-07-18T08:53:18.504143
18-07-2026 14:53 - WARNING - last_pkt_count, last_gps_count, last_pkt_Tstamp
18-07-2026 14:53 - WARNING - 1642096258 13894 2026-07-18T08:53:47.712132
18-07-2026 14:53 - WARNING - diff_pkt_count  , diff_gps_count ,  diff_pkt_timstamp
18-07-2026 14:53 - WARNING - 1882542 29 29207989 microseconds
18-07-2026 14:53 - WARNING - No packet loss: /data/dsp/GBD_TRANSIENT_BUFFER/J0953+0755/18_07_2026/PDR_GULP_data001.pcap_18_07_2026_14_24_1784364859.PCAP_PDR
18-07-2026 14:53 - WARNING - first_pkt_count, first_gps_count, first_pkt_Tstamp
18-07-2026 14:53 - WARNING - 1642096259 13894 2026-07-18T08:53:47.712132
18-07-2026 14:53 - WARNING - last_pkt_count, last_gps_count, last_pkt_Tstamp
18-07-2026 14:53 - WARNING - 1643978800 13923 2026-07-18T08:54:16.920132
18-07-2026 14:53 - WARNING - diff_pkt_count  , diff_gps_count ,  diff_pkt_timstamp
18-07-2026 14:53 - WARNING - 1882541 29 29208000 microseconds
18-07-2026 14:53 - WARNING - No packet loss: /data/dsp/GBD_TRANSIENT_BUFFER/J0953+0755/18_07_2026/PDR_GULP_data002.pcap_18_07_2026_14_24_1784364889.PCAP_PDR
18-07-2026 14:53 - WARNING - first_pkt_count, first_gps_count, first_pkt_Tstamp
18-07-2026 14:53 - WARNING - 1643978801 13923 2026-07-18T08:54:16.920185
18-07-2026 14:53 - WARNING - last_pkt_count, last_gps_count, last_pkt_Tstamp
18-07-2026 14:53 - WARNING - 1645861342 13953 2026-07-18T08:54:46.128160
18-07-2026 14:53 - WARNING - diff_pkt_count  , diff_gps_count ,  diff_pkt_timstamp
18-07-2026 14:53 - WARNING - 1882541 30 29207975 microseconds
18-07-2026 14:53 - WARNING - No packet loss: /data/dsp/GBD_TRANSIENT_BUFFER/J0953+0755/18_07_2026/PDR_GULP_data000.pcap_18_07_2026_14_25_1784364918.PCAP_PDR
18-07-2026 14:53 - WARNING - first_pkt_count, first_gps_count, first_pkt_Tstamp
18-07-2026 14:53 - WARNING - 1645861343 13953 2026-07-18T08:54:46.128161
18-07-2026 14:53 - WARNING - last_pkt_count, last_gps_count, last_pkt_Tstamp
18-07-2026 14:53 - WARNING - 1647743884 13982 2026-07-18T08:55:15.336190
18-07-2026 14:53 - WARNING - diff_pkt_count  , diff_gps_count ,  diff_pkt_timstamp
18-07-2026 14:53 - WARNING - 1882541 29 29208029 microseconds
18-07-2026 14:53 - WARNING - No packet loss: /data/dsp/GBD_TRANSIENT_BUFFER/J0953+0755/18_07_2026/PDR_GULP_data001.pcap_18_07_2026_14_25_1784364947.PCAP_PDR
18-07-2026 14:53 - WARNING - first_pkt_count, first_gps_count, first_pkt_Tstamp
18-07-2026 14:53 - WARNING - 1647743885 13982 2026-07-18T08:55:15.336190
18-07-2026 14:53 - WARNING - last_pkt_count, last_gps_count, last_pkt_Tstamp
18-07-2026 14:53 - WARNING - 1649626426 14011 2026-07-18T08:55:44.544244
18-07-2026 14:53 - WARNING - diff_pkt_count  , diff_gps_count ,  diff_pkt_timstamp
18-07-2026 14:53 - WARNING - 1882541 29 29208054 microseconds
18-07-2026 14:53 - WARNING - No packet loss: /data/dsp/GBD_TRANSIENT_BUFFER/J0953+0755/18_07_2026/PDR_GULP_data002.pcap_18_07_2026_14_26_1784364976.PCAP_PDR
18-07-2026 14:53 - WARNING - first_pkt_count, first_gps_count, first_pkt_Tstamp
18-07-2026 14:53 - WARNING - 1649626427 14011 2026-07-18T08:55:44.544244
18-07-2026 14:53 - WARNING - last_pkt_count, last_gps_count, last_pkt_Tstamp
18-07-2026 14:53 - WARNING - 1651508968 14040 2026-07-18T08:56:13.752167
18-07-2026 14:53 - WARNING - diff_pkt_count  , diff_gps_count ,  diff_pkt_timstamp
18-07-2026 14:53 - WARNING - 1882541 29 29207923 microseconds
18-07-2026 14:53 - WARNING - No packet loss: /data/dsp/GBD_TRANSIENT_BUFFER/J0953+0755/18_07_2026/PDR_GULP_data000.pcap_18_07_2026_14_26_1784365005.PCAP_PDR
18-07-2026 14:53 - WARNING - first_pkt_count, first_gps_count, first_pkt_Tstamp
18-07-2026 14:53 - WARNING - 1651508969 14040 2026-07-18T08:56:13.752167
18-07-2026 14:53 - WARNING - last_pkt_count, last_gps_count, last_pkt_Tstamp
18-07-2026 14:53 - WARNING - 1653391511 14069 2026-07-18T08:56:42.960254
18-07-2026 14:53 - WARNING - diff_pkt_count  , diff_gps_count ,  diff_pkt_timstamp
18-07-2026 14:53 - WARNING - 1882542 29 29208087 microseconds
18-07-2026 14:53 - WARNING - No packet loss: /data/dsp/GBD_TRANSIENT_BUFFER/J0953+0755/18_07_2026/PDR_GULP_data001.pcap_18_07_2026_14_27_1784365035.PCAP_PDR
18-07-2026 14:53 - WARNING - first_pkt_count, first_gps_count, first_pkt_Tstamp
18-07-2026 14:53 - WARNING - 1653391512 14069 2026-07-18T08:56:42.960254
18-07-2026 14:53 - WARNING - last_pkt_count, last_gps_count, last_pkt_Tstamp
18-07-2026 14:53 - WARNING - 1655274053 14099 2026-07-18T08:57:12.168203
18-07-2026 14:53 - WARNING - diff_pkt_count  , diff_gps_count ,  diff_pkt_timstamp
18-07-2026 14:53 - WARNING - 1882541 30 29207949 microseconds
18-07-2026 14:53 - WARNING - No packet loss: /data/dsp/GBD_TRANSIENT_BUFFER/J0953+0755/18_07_2026/PDR_GULP_data002.pcap_18_07_2026_14_27_1784365064.PCAP_PDR
18-07-2026 14:53 - WARNING - first_pkt_count, first_gps_count, first_pkt_Tstamp
18-07-2026 14:53 - WARNING - 1655274054 14099 2026-07-18T08:57:12.168203
18-07-2026 14:53 - WARNING - last_pkt_count, last_gps_count, last_pkt_Tstamp
18-07-2026 14:53 - WARNING - 1657156595 14128 2026-07-18T08:57:41.376202
18-07-2026 14:53 - WARNING - diff_pkt_count  , diff_gps_count ,  diff_pkt_timstamp
18-07-2026 14:53 - WARNING - 1882541 29 29207999 microseconds
18-07-2026 14:53 - WARNING - No packet loss: /data/dsp/GBD_TRANSIENT_BUFFER/J0953+0755/18_07_2026/PDR_GULP_data000.pcap_18_07_2026_14_28_1784365093.PCAP_PDR
18-07-2026 14:53 - WARNING - first_pkt_count, first_gps_count, first_pkt_Tstamp
18-07-2026 14:53 - WARNING - 1657156596 14128 2026-07-18T08:57:41.376203
18-07-2026 14:53 - WARNING - last_pkt_count, last_gps_count, last_pkt_Tstamp
18-07-2026 14:53 - WARNING - 1659039137 14157 2026-07-18T08:58:10.584227
18-07-2026 14:53 - WARNING - diff_pkt_count  , diff_gps_count ,  diff_pkt_timstamp
18-07-2026 14:53 - WARNING - 1882541 29 29208024 microseconds
18-07-2026 14:53 - WARNING - No packet loss: /data/dsp/GBD_TRANSIENT_BUFFER/J0953+0755/18_07_2026/PDR_GULP_data001.pcap_18_07_2026_14_28_1784365122.PCAP_PDR
18-07-2026 14:53 - WARNING - first_pkt_count, first_gps_count, first_pkt_Tstamp
18-07-2026 14:53 - WARNING - 1659039138 14157 2026-07-18T08:58:10.584227
18-07-2026 14:53 - WARNING - last_pkt_count, last_gps_count, last_pkt_Tstamp
18-07-2026 14:53 - WARNING - 1660921679 14186 2026-07-18T08:58:39.792168
18-07-2026 14:53 - WARNING - diff_pkt_count  , diff_gps_count ,  diff_pkt_timstamp
18-07-2026 14:53 - WARNING - 1882541 29 29207941 microseconds
18-07-2026 14:53 - WARNING - No packet loss: /data/dsp/GBD_TRANSIENT_BUFFER/J0953+0755/18_07_2026/PDR_GULP_data002.pcap_18_07_2026_14_29_1784365152.PCAP_PDR
18-07-2026 14:53 - WARNING - first_pkt_count, first_gps_count, first_pkt_Tstamp
18-07-2026 14:53 - WARNING - 1660921680 14186 2026-07-18T08:58:39.792169
18-07-2026 14:53 - WARNING - last_pkt_count, last_gps_count, last_pkt_Tstamp
18-07-2026 14:53 - WARNING - 1662804221 14216 2026-07-18T08:59:09.000160
18-07-2026 14:53 - WARNING - diff_pkt_count  , diff_gps_count ,  diff_pkt_timstamp
18-07-2026 14:53 - WARNING - 1882541 30 29207991 microseconds
18-07-2026 14:53 - WARNING - No packet loss: /data/dsp/GBD_TRANSIENT_BUFFER/J0953+0755/18_07_2026/PDR_GULP_data000.pcap_18_07_2026_14_29_1784365181.PCAP_PDR
18-07-2026 14:53 - WARNING - first_pkt_count, first_gps_count, first_pkt_Tstamp
18-07-2026 14:53 - WARNING - 1662804222 14216 2026-07-18T08:59:09.000250
18-07-2026 14:53 - WARNING - last_pkt_count, last_gps_count, last_pkt_Tstamp
18-07-2026 14:53 - WARNING - 1664686764 14245 2026-07-18T08:59:38.208180
18-07-2026 14:53 - WARNING - diff_pkt_count  , diff_gps_count ,  diff_pkt_timstamp
18-07-2026 14:53 - WARNING - 1882542 29 29207930 microseconds
18-07-2026 14:53 - WARNING - No packet loss: /data/dsp/GBD_TRANSIENT_BUFFER/J0953+0755/18_07_2026/PDR_GULP_data001.pcap_18_07_2026_14_30_1784365210.PCAP_PDR
18-07-2026 14:53 - WARNING - first_pkt_count, first_gps_count, first_pkt_Tstamp
18-07-2026 14:53 - WARNING - 1664686765 14245 2026-07-18T08:59:38.208181
18-07-2026 14:53 - WARNING - last_pkt_count, last_gps_count, last_pkt_Tstamp
18-07-2026 14:53 - WARNING - 1666569306 14274 2026-07-18T09:00:07.416149
18-07-2026 14:53 - WARNING - diff_pkt_count  , diff_gps_count ,  diff_pkt_timstamp
18-07-2026 14:53 - WARNING - 1882541 29 29207968 microseconds
18-07-2026 14:53 - WARNING - No packet loss: /data/dsp/GBD_TRANSIENT_BUFFER/J0953+0755/18_07_2026/PDR_GULP_data002.pcap_18_07_2026_14_30_1784365239.PCAP_PDR
18-07-2026 14:53 - WARNING - first_pkt_count, first_gps_count, first_pkt_Tstamp
18-07-2026 14:53 - WARNING - 1666569307 14274 2026-07-18T09:00:07.416149
18-07-2026 14:53 - WARNING - last_pkt_count, last_gps_count, last_pkt_Tstamp
18-07-2026 14:53 - WARNING - 1668451848 14303 2026-07-18T09:00:36.624136
18-07-2026 14:53 - WARNING - diff_pkt_count  , diff_gps_count ,  diff_pkt_timstamp
18-07-2026 14:53 - WARNING - 1882541 29 29207987 microseconds
18-07-2026 14:53 - WARNING - No packet loss: /data/dsp/GBD_TRANSIENT_BUFFER/J0953+0755/18_07_2026/PDR_GULP_data000.pcap_18_07_2026_14_31_1784365268.PCAP_PDR
18-07-2026 14:53 - WARNING - first_pkt_count, first_gps_count, first_pkt_Tstamp
18-07-2026 14:53 - WARNING - 1668451849 14303 2026-07-18T09:00:36.624136
18-07-2026 14:53 - WARNING - last_pkt_count, last_gps_count, last_pkt_Tstamp
18-07-2026 14:53 - WARNING - 1670334390 14332 2026-07-18T09:01:05.832114
18-07-2026 14:53 - WARNING - diff_pkt_count  , diff_gps_count ,  diff_pkt_timstamp
18-07-2026 14:53 - WARNING - 1882541 29 29207978 microseconds
18-07-2026 14:53 - WARNING - No packet loss: /data/dsp/GBD_TRANSIENT_BUFFER/J0953+0755/18_07_2026/PDR_GULP_data001.pcap_18_07_2026_14_31_1784365298.PCAP_PDR
18-07-2026 14:53 - WARNING - first_pkt_count, first_gps_count, first_pkt_Tstamp
18-07-2026 14:53 - WARNING - 1670334391 14332 2026-07-18T09:01:05.832115
18-07-2026 14:53 - WARNING - last_pkt_count, last_gps_count, last_pkt_Tstamp
18-07-2026 14:53 - WARNING - 1672216932 14362 2026-07-18T09:01:35.040102
18-07-2026 14:53 - WARNING - diff_pkt_count  , diff_gps_count ,  diff_pkt_timstamp
18-07-2026 14:53 - WARNING - 1882541 30 29207987 microseconds
18-07-2026 14:53 - WARNING - No packet loss: /data/dsp/GBD_TRANSIENT_BUFFER/J0953+0755/18_07_2026/PDR_GULP_data002.pcap_18_07_2026_14_32_1784365327.PCAP_PDR
18-07-2026 14:53 - WARNING - first_pkt_count, first_gps_count, first_pkt_Tstamp
18-07-2026 14:53 - WARNING - 1672216933 14362 2026-07-18T09:01:35.040102
18-07-2026 14:53 - WARNING - last_pkt_count, last_gps_count, last_pkt_Tstamp
18-07-2026 14:53 - WARNING - 1674099474 14391 2026-07-18T09:02:04.248062
18-07-2026 14:53 - WARNING - diff_pkt_count  , diff_gps_count ,  diff_pkt_timstamp
18-07-2026 14:53 - WARNING - 1882541 29 29207960 microseconds
18-07-2026 14:53 - WARNING - No packet loss: /data/dsp/GBD_TRANSIENT_BUFFER/J0953+0755/18_07_2026/PDR_GULP_data000.pcap_18_07_2026_14_32_1784365356.PCAP_PDR
18-07-2026 14:53 - WARNING - first_pkt_count, first_gps_count, first_pkt_Tstamp
18-07-2026 14:53 - WARNING - 1674099475 14391 2026-07-18T09:02:04.248063
18-07-2026 14:53 - WARNING - last_pkt_count, last_gps_count, last_pkt_Tstamp
18-07-2026 14:53 - WARNING - 1675982017 14420 2026-07-18T09:02:33.456083
18-07-2026 14:53 - WARNING - diff_pkt_count  , diff_gps_count ,  diff_pkt_timstamp
18-07-2026 14:53 - WARNING - 1882542 29 29208020 microseconds
18-07-2026 14:53 - WARNING - No packet loss: /data/dsp/GBD_TRANSIENT_BUFFER/J0953+0755/18_07_2026/PDR_GULP_data001.pcap_18_07_2026_14_33_1784365385.PCAP_PDR
18-07-2026 14:53 - WARNING - first_pkt_count, first_gps_count, first_pkt_Tstamp
18-07-2026 14:53 - WARNING - 1675982018 14420 2026-07-18T09:02:33.456083
18-07-2026 14:53 - WARNING - last_pkt_count, last_gps_count, last_pkt_Tstamp
18-07-2026 14:53 - WARNING - 1677864559 14449 2026-07-18T09:03:02.664009
18-07-2026 14:53 - WARNING - diff_pkt_count  , diff_gps_count ,  diff_pkt_timstamp
18-07-2026 14:53 - WARNING - 1882541 29 29207926 microseconds
18-07-2026 14:53 - WARNING - No packet loss: /data/dsp/GBD_TRANSIENT_BUFFER/J0953+0755/18_07_2026/PDR_GULP_data002.pcap_18_07_2026_14_33_1784365414.PCAP_PDR
18-07-2026 14:53 - WARNING - first_pkt_count, first_gps_count, first_pkt_Tstamp
18-07-2026 14:53 - WARNING - 1677864560 14449 2026-07-18T09:03:02.664074
18-07-2026 14:53 - WARNING - last_pkt_count, last_gps_count, last_pkt_Tstamp
18-07-2026 14:53 - WARNING - 1679747101 14478 2026-07-18T09:03:31.871997
18-07-2026 14:53 - WARNING - diff_pkt_count  , diff_gps_count ,  diff_pkt_timstamp
18-07-2026 14:53 - WARNING - 1882541 29 29207923 microseconds
18-07-2026 14:53 - WARNING - No packet loss: /data/dsp/GBD_TRANSIENT_BUFFER/J0953+0755/18_07_2026/PDR_GULP_data000.pcap_18_07_2026_14_34_1784365444.PCAP_PDR
18-07-2026 14:53 - WARNING - first_pkt_count, first_gps_count, first_pkt_Tstamp
18-07-2026 14:53 - WARNING - 1679747102 14478 2026-07-18T09:03:31.872050
18-07-2026 14:53 - WARNING - last_pkt_count, last_gps_count, last_pkt_Tstamp
18-07-2026 14:53 - WARNING - 1681629643 14508 2026-07-18T09:04:01.079981
18-07-2026 14:53 - WARNING - diff_pkt_count  , diff_gps_count ,  diff_pkt_timstamp
18-07-2026 14:53 - WARNING - 1882541 30 29207931 microseconds
18-07-2026 14:53 - WARNING - No packet loss: /data/dsp/GBD_TRANSIENT_BUFFER/J0953+0755/18_07_2026/PDR_GULP_data001.pcap_18_07_2026_14_34_1784365473.PCAP_PDR
18-07-2026 14:53 - WARNING - first_pkt_count, first_gps_count, first_pkt_Tstamp
18-07-2026 14:53 - WARNING - 1681629644 14508 2026-07-18T09:04:01.079982
18-07-2026 14:53 - WARNING - last_pkt_count, last_gps_count, last_pkt_Tstamp
18-07-2026 14:53 - WARNING - 1683512185 14537 2026-07-18T09:04:30.287969
18-07-2026 14:53 - WARNING - diff_pkt_count  , diff_gps_count ,  diff_pkt_timstamp
18-07-2026 14:53 - WARNING - 1882541 29 29207987 microseconds
18-07-2026 14:53 - WARNING - No packet loss: /data/dsp/GBD_TRANSIENT_BUFFER/J0953+0755/18_07_2026/PDR_GULP_data002.pcap_18_07_2026_14_35_1784365502.PCAP_PDR
18-07-2026 14:53 - WARNING - first_pkt_count, first_gps_count, first_pkt_Tstamp
18-07-2026 14:53 - WARNING - 1683512186 14537 2026-07-18T09:04:30.287970
18-07-2026 14:53 - WARNING - last_pkt_count, last_gps_count, last_pkt_Tstamp
18-07-2026 14:53 - WARNING - 1685394727 14566 2026-07-18T09:04:59.495999
18-07-2026 14:53 - WARNING - diff_pkt_count  , diff_gps_count ,  diff_pkt_timstamp
18-07-2026 14:53 - WARNING - 1882541 29 29208029 microseconds
18-07-2026 14:53 - WARNING - No packet loss: /data/dsp/GBD_TRANSIENT_BUFFER/J0953+0755/18_07_2026/PDR_GULP_data000.pcap_18_07_2026_14_35_1784365531.PCAP_PDR
18-07-2026 14:53 - WARNING - first_pkt_count, first_gps_count, first_pkt_Tstamp
18-07-2026 14:53 - WARNING - 1685394728 14566 2026-07-18T09:04:59.496000
18-07-2026 14:53 - WARNING - last_pkt_count, last_gps_count, last_pkt_Tstamp
18-07-2026 14:53 - WARNING - 1687277270 14595 2026-07-18T09:05:28.703881
18-07-2026 14:53 - WARNING - diff_pkt_count  , diff_gps_count ,  diff_pkt_timstamp
18-07-2026 14:53 - WARNING - 1882542 29 29207881 microseconds
18-07-2026 14:53 - WARNING - No packet loss: /data/dsp/GBD_TRANSIENT_BUFFER/J0953+0755/18_07_2026/PDR_GULP_data001.pcap_18_07_2026_14_36_1784365560.PCAP_PDR
18-07-2026 14:53 - WARNING - first_pkt_count, first_gps_count, first_pkt_Tstamp
18-07-2026 14:53 - WARNING - 1687277271 14595 2026-07-18T09:05:28.703934
18-07-2026 14:53 - WARNING - last_pkt_count, last_gps_count, last_pkt_Tstamp
18-07-2026 14:53 - WARNING - 1689159812 14624 2026-07-18T09:05:57.911868
18-07-2026 14:53 - WARNING - diff_pkt_count  , diff_gps_count ,  diff_pkt_timstamp
18-07-2026 14:53 - WARNING - 1882541 29 29207934 microseconds
18-07-2026 14:53 - WARNING - No packet loss: /data/dsp/GBD_TRANSIENT_BUFFER/J0953+0755/18_07_2026/PDR_GULP_data002.pcap_18_07_2026_14_36_1784365590.PCAP_PDR
18-07-2026 14:53 - WARNING - first_pkt_count, first_gps_count, first_pkt_Tstamp
18-07-2026 14:53 - WARNING - 1689159813 14624 2026-07-18T09:05:57.911868
18-07-2026 14:53 - WARNING - last_pkt_count, last_gps_count, last_pkt_Tstamp
18-07-2026 14:53 - WARNING - 1691042354 14654 2026-07-18T09:06:27.119817
18-07-2026 14:53 - WARNING - diff_pkt_count  , diff_gps_count ,  diff_pkt_timstamp
18-07-2026 14:53 - WARNING - 1882541 30 29207949 microseconds
18-07-2026 14:53 - WARNING - No packet loss: /data/dsp/GBD_TRANSIENT_BUFFER/J0953+0755/18_07_2026/PDR_GULP_data000.pcap_18_07_2026_14_36_1784365619.PCAP_PDR
18-07-2026 14:53 - WARNING - first_pkt_count, first_gps_count, first_pkt_Tstamp
18-07-2026 14:53 - WARNING - 1691042355 14654 2026-07-18T09:06:27.119903
18-07-2026 14:53 - WARNING - last_pkt_count, last_gps_count, last_pkt_Tstamp
18-07-2026 14:53 - WARNING - 1692924896 14683 2026-07-18T09:06:56.327762
18-07-2026 14:53 - WARNING - diff_pkt_count  , diff_gps_count ,  diff_pkt_timstamp
18-07-2026 14:53 - WARNING - 1882541 29 29207859 microseconds
18-07-2026 14:53 - WARNING - No packet loss: /data/dsp/GBD_TRANSIENT_BUFFER/J0953+0755/18_07_2026/PDR_GULP_data001.pcap_18_07_2026_14_37_1784365648.PCAP_PDR
18-07-2026 14:53 - WARNING - first_pkt_count, first_gps_count, first_pkt_Tstamp
18-07-2026 14:53 - WARNING - 1692924897 14683 2026-07-18T09:06:56.327828
18-07-2026 14:53 - WARNING - last_pkt_count, last_gps_count, last_pkt_Tstamp
18-07-2026 14:53 - WARNING - 1694807438 14712 2026-07-18T09:07:25.535754
18-07-2026 14:53 - WARNING - diff_pkt_count  , diff_gps_count ,  diff_pkt_timstamp
18-07-2026 14:53 - WARNING - 1882541 29 29207926 microseconds
18-07-2026 14:53 - WARNING - No packet loss: /data/dsp/GBD_TRANSIENT_BUFFER/J0953+0755/18_07_2026/PDR_GULP_data002.pcap_18_07_2026_14_37_1784365677.PCAP_PDR
18-07-2026 14:53 - WARNING - first_pkt_count, first_gps_count, first_pkt_Tstamp
18-07-2026 14:53 - WARNING - 1694807439 14712 2026-07-18T09:07:25.535835
18-07-2026 14:53 - WARNING - last_pkt_count, last_gps_count, last_pkt_Tstamp
18-07-2026 14:53 - WARNING - 1696689981 14741 2026-07-18T09:07:54.743730
18-07-2026 14:53 - WARNING - diff_pkt_count  , diff_gps_count ,  diff_pkt_timstamp
18-07-2026 14:53 - WARNING - 1882542 29 29207895 microseconds
18-07-2026 14:53 - WARNING - No packet loss: /data/dsp/GBD_TRANSIENT_BUFFER/J0953+0755/18_07_2026/PDR_GULP_data000.pcap_18_07_2026_14_38_1784365706.PCAP_PDR
18-07-2026 14:53 - WARNING - first_pkt_count, first_gps_count, first_pkt_Tstamp
18-07-2026 14:53 - WARNING - 1696689982 14741 2026-07-18T09:07:54.743730
18-07-2026 14:53 - WARNING - last_pkt_count, last_gps_count, last_pkt_Tstamp
18-07-2026 14:53 - WARNING - 1698572523 14770 2026-07-18T09:08:23.951661
18-07-2026 14:53 - WARNING - diff_pkt_count  , diff_gps_count ,  diff_pkt_timstamp
18-07-2026 14:53 - WARNING - 1882541 29 29207931 microseconds
18-07-2026 14:53 - WARNING - No packet loss: /data/dsp/GBD_TRANSIENT_BUFFER/J0953+0755/18_07_2026/PDR_GULP_data001.pcap_18_07_2026_14_38_1784365736.PCAP_PDR
18-07-2026 14:53 - WARNING - first_pkt_count, first_gps_count, first_pkt_Tstamp
18-07-2026 14:53 - WARNING - 1698572524 14770 2026-07-18T09:08:23.951712
18-07-2026 14:53 - WARNING - last_pkt_count, last_gps_count, last_pkt_Tstamp
18-07-2026 14:53 - WARNING - 1700455065 14800 2026-07-18T09:08:53.159638
18-07-2026 14:53 - WARNING - diff_pkt_count  , diff_gps_count ,  diff_pkt_timstamp
18-07-2026 14:53 - WARNING - 1882541 30 29207926 microseconds
18-07-2026 14:53 - WARNING - No packet loss: /data/dsp/GBD_TRANSIENT_BUFFER/J0953+0755/18_07_2026/PDR_GULP_data002.pcap_18_07_2026_14_39_1784365765.PCAP_PDR
18-07-2026 14:53 - WARNING - first_pkt_count, first_gps_count, first_pkt_Tstamp
18-07-2026 14:53 - WARNING - 1700455066 14800 2026-07-18T09:08:53.159728
18-07-2026 14:53 - WARNING - last_pkt_count, last_gps_count, last_pkt_Tstamp
18-07-2026 14:53 - WARNING - 1702337607 14829 2026-07-18T09:09:22.367628
18-07-2026 14:53 - WARNING - diff_pkt_count  , diff_gps_count ,  diff_pkt_timstamp
18-07-2026 14:53 - WARNING - 1882541 29 29207900 microseconds
18-07-2026 14:53 - WARNING - No packet loss: /data/dsp/GBD_TRANSIENT_BUFFER/J0953+0755/18_07_2026/PDR_GULP_data000.pcap_18_07_2026_14_39_1784365794.PCAP_PDR
18-07-2026 14:53 - WARNING - first_pkt_count, first_gps_count, first_pkt_Tstamp
18-07-2026 14:53 - WARNING - 1702337608 14829 2026-07-18T09:09:22.367628
18-07-2026 14:53 - WARNING - last_pkt_count, last_gps_count, last_pkt_Tstamp
18-07-2026 14:53 - WARNING - 1704220149 14858 2026-07-18T09:09:51.575559
18-07-2026 14:53 - WARNING - diff_pkt_count  , diff_gps_count ,  diff_pkt_timstamp
18-07-2026 14:53 - WARNING - 1882541 29 29207931 microseconds
18-07-2026 14:53 - WARNING - No packet loss: /data/dsp/GBD_TRANSIENT_BUFFER/J0953+0755/18_07_2026/PDR_GULP_data001.pcap_18_07_2026_14_40_1784365823.PCAP_PDR
18-07-2026 14:53 - WARNING - first_pkt_count, first_gps_count, first_pkt_Tstamp
18-07-2026 14:53 - WARNING - 1704220150 14858 2026-07-18T09:09:51.575649
18-07-2026 14:53 - WARNING - last_pkt_count, last_gps_count, last_pkt_Tstamp
18-07-2026 14:53 - WARNING - 1706102691 14887 2026-07-18T09:10:20.783501
18-07-2026 14:53 - WARNING - diff_pkt_count  , diff_gps_count ,  diff_pkt_timstamp
18-07-2026 14:53 - WARNING - 1882541 29 29207852 microseconds
18-07-2026 14:53 - WARNING - No packet loss: /data/dsp/GBD_TRANSIENT_BUFFER/J0953+0755/18_07_2026/PDR_GULP_data002.pcap_18_07_2026_14_40_1784365852.PCAP_PDR
18-07-2026 14:53 - WARNING - first_pkt_count, first_gps_count, first_pkt_Tstamp
18-07-2026 14:53 - WARNING - 1706102692 14887 2026-07-18T09:10:20.783554
18-07-2026 14:53 - WARNING - last_pkt_count, last_gps_count, last_pkt_Tstamp
18-07-2026 14:53 - WARNING - 1707985234 14916 2026-07-18T09:10:49.991517
18-07-2026 14:53 - WARNING - diff_pkt_count  , diff_gps_count ,  diff_pkt_timstamp
18-07-2026 14:53 - WARNING - 1882542 29 29207963 microseconds
18-07-2026 14:53 - WARNING - No packet loss: /data/dsp/GBD_TRANSIENT_BUFFER/J0953+0755/18_07_2026/PDR_GULP_data000.pcap_18_07_2026_14_41_1784365882.PCAP_PDR
18-07-2026 14:53 - WARNING - first_pkt_count, first_gps_count, first_pkt_Tstamp
18-07-2026 14:53 - WARNING - 1707985235 14916 2026-07-18T09:10:49.991517
18-07-2026 14:53 - WARNING - last_pkt_count, last_gps_count, last_pkt_Tstamp
18-07-2026 14:53 - WARNING - 1709867776 14946 2026-07-18T09:11:19.199460
18-07-2026 14:53 - WARNING - diff_pkt_count  , diff_gps_count ,  diff_pkt_timstamp
18-07-2026 14:53 - WARNING - 1882541 30 29207943 microseconds
18-07-2026 14:53 - WARNING - No packet loss: /data/dsp/GBD_TRANSIENT_BUFFER/J0953+0755/18_07_2026/PDR_GULP_data001.pcap_18_07_2026_14_41_1784365911.PCAP_PDR
18-07-2026 14:53 - WARNING - first_pkt_count, first_gps_count, first_pkt_Tstamp
18-07-2026 14:53 - WARNING - 1709867777 14946 2026-07-18T09:11:19.199460
18-07-2026 14:53 - WARNING - last_pkt_count, last_gps_count, last_pkt_Tstamp
18-07-2026 14:53 - WARNING - 1711750318 14975 2026-07-18T09:11:48.407400
18-07-2026 14:53 - WARNING - diff_pkt_count  , diff_gps_count ,  diff_pkt_timstamp
18-07-2026 14:53 - WARNING - 1882541 29 29207940 microseconds
18-07-2026 14:53 - WARNING - No packet loss: /data/dsp/GBD_TRANSIENT_BUFFER/J0953+0755/18_07_2026/PDR_GULP_data002.pcap_18_07_2026_14_42_1784365940.PCAP_PDR
18-07-2026 14:53 - WARNING - first_pkt_count, first_gps_count, first_pkt_Tstamp
18-07-2026 14:53 - WARNING - 1711750319 14975 2026-07-18T09:11:48.407401
18-07-2026 14:53 - WARNING - last_pkt_count, last_gps_count, last_pkt_Tstamp
18-07-2026 14:53 - WARNING - 1713632860 15004 2026-07-18T09:12:17.615375
18-07-2026 14:53 - WARNING - diff_pkt_count  , diff_gps_count ,  diff_pkt_timstamp
18-07-2026 14:53 - WARNING - 1882541 29 29207974 microseconds
18-07-2026 14:53 - WARNING - No packet loss: /data/dsp/GBD_TRANSIENT_BUFFER/J0953+0755/18_07_2026/PDR_GULP_data000.pcap_18_07_2026_14_42_1784365969.PCAP_PDR
18-07-2026 14:53 - WARNING - first_pkt_count, first_gps_count, first_pkt_Tstamp
18-07-2026 14:53 - WARNING - 1713632861 15004 2026-07-18T09:12:17.615376
18-07-2026 14:53 - WARNING - last_pkt_count, last_gps_count, last_pkt_Tstamp
18-07-2026 14:53 - WARNING - 1715515402 15033 2026-07-18T09:12:46.823357
18-07-2026 14:53 - WARNING - diff_pkt_count  , diff_gps_count ,  diff_pkt_timstamp
18-07-2026 14:53 - WARNING - 1882541 29 29207981 microseconds
18-07-2026 14:53 - WARNING - No packet loss: /data/dsp/GBD_TRANSIENT_BUFFER/J0953+0755/18_07_2026/PDR_GULP_data001.pcap_18_07_2026_14_43_1784365999.PCAP_PDR
18-07-2026 14:53 - WARNING - first_pkt_count, first_gps_count, first_pkt_Tstamp
18-07-2026 14:53 - WARNING - 1715515403 15033 2026-07-18T09:12:46.823357
18-07-2026 14:53 - WARNING - last_pkt_count, last_gps_count, last_pkt_Tstamp
18-07-2026 14:53 - WARNING - 1717397944 15063 2026-07-18T09:13:16.031283
18-07-2026 14:53 - WARNING - diff_pkt_count  , diff_gps_count ,  diff_pkt_timstamp
18-07-2026 14:53 - WARNING - 1882541 30 29207926 microseconds
18-07-2026 14:53 - WARNING - No packet loss: /data/dsp/GBD_TRANSIENT_BUFFER/J0953+0755/18_07_2026/PDR_GULP_data002.pcap_18_07_2026_14_43_1784366028.PCAP_PDR
18-07-2026 14:53 - WARNING - first_pkt_count, first_gps_count, first_pkt_Tstamp
18-07-2026 14:53 - WARNING - 1717397945 15063 2026-07-18T09:13:16.031283
18-07-2026 14:53 - WARNING - last_pkt_count, last_gps_count, last_pkt_Tstamp
18-07-2026 14:53 - WARNING - 1719280487 15092 2026-07-18T09:13:45.239232
18-07-2026 14:53 - WARNING - diff_pkt_count  , diff_gps_count ,  diff_pkt_timstamp
18-07-2026 14:53 - WARNING - 1882542 29 29207949 microseconds
18-07-2026 14:53 - WARNING - No packet loss: /data/dsp/GBD_TRANSIENT_BUFFER/J0953+0755/18_07_2026/PDR_GULP_data000.pcap_18_07_2026_14_44_1784366057.PCAP_PDR
18-07-2026 14:53 - WARNING - first_pkt_count, first_gps_count, first_pkt_Tstamp
18-07-2026 14:53 - WARNING - 1719280488 15092 2026-07-18T09:13:45.239232
18-07-2026 14:53 - WARNING - last_pkt_count, last_gps_count, last_pkt_Tstamp
18-07-2026 14:53 - WARNING - 1721163029 15121 2026-07-18T09:14:14.447186
18-07-2026 14:53 - WARNING - diff_pkt_count  , diff_gps_count ,  diff_pkt_timstamp
18-07-2026 14:53 - WARNING - 1882541 29 29207954 microseconds
18-07-2026 14:53 - WARNING - No packet loss: /data/dsp/GBD_TRANSIENT_BUFFER/J0953+0755/18_07_2026/PDR_GULP_data001.pcap_18_07_2026_14_44_1784366086.PCAP_PDR
18-07-2026 14:53 - WARNING - first_pkt_count, first_gps_count, first_pkt_Tstamp
18-07-2026 14:53 - WARNING - 1721163030 15121 2026-07-18T09:14:14.447186
18-07-2026 14:53 - WARNING - last_pkt_count, last_gps_count, last_pkt_Tstamp
18-07-2026 14:53 - WARNING - 1723045571 15150 2026-07-18T09:14:43.655200
18-07-2026 14:53 - WARNING - diff_pkt_count  , diff_gps_count ,  diff_pkt_timstamp
18-07-2026 14:53 - WARNING - 1882541 29 29208014 microseconds
18-07-2026 14:53 - WARNING - No packet loss: /data/dsp/GBD_TRANSIENT_BUFFER/J0953+0755/18_07_2026/PDR_GULP_data002.pcap_18_07_2026_14_45_1784366115.PCAP_PDR
18-07-2026 14:53 - WARNING - first_pkt_count, first_gps_count, first_pkt_Tstamp
18-07-2026 14:53 - WARNING - 1723045572 15150 2026-07-18T09:14:43.655200
18-07-2026 14:53 - WARNING - last_pkt_count, last_gps_count, last_pkt_Tstamp
18-07-2026 14:53 - WARNING - 1724928113 15179 2026-07-18T09:15:12.863089
18-07-2026 14:53 - WARNING - diff_pkt_count  , diff_gps_count ,  diff_pkt_timstamp
18-07-2026 14:53 - WARNING - 1882541 29 29207889 microseconds
18-07-2026 14:53 - WARNING - No packet loss: /data/dsp/GBD_TRANSIENT_BUFFER/J0953+0755/18_07_2026/PDR_GULP_data000.pcap_18_07_2026_14_45_1784366145.PCAP_PDR
18-07-2026 14:53 - WARNING - first_pkt_count, first_gps_count, first_pkt_Tstamp
18-07-2026 14:53 - WARNING - 1724928114 15179 2026-07-18T09:15:12.863141
18-07-2026 14:53 - WARNING - last_pkt_count, last_gps_count, last_pkt_Tstamp
18-07-2026 14:53 - WARNING - 1726810655 15209 2026-07-18T09:15:42.071110
18-07-2026 14:53 - WARNING - diff_pkt_count  , diff_gps_count ,  diff_pkt_timstamp
18-07-2026 14:53 - WARNING - 1882541 30 29207969 microseconds
18-07-2026 14:53 - WARNING - No packet loss: /data/dsp/GBD_TRANSIENT_BUFFER/J0953+0755/18_07_2026/PDR_GULP_data001.pcap_18_07_2026_14_46_1784366174.PCAP_PDR
18-07-2026 14:53 - WARNING - first_pkt_count, first_gps_count, first_pkt_Tstamp
18-07-2026 14:53 - WARNING - 1726810656 15209 2026-07-18T09:15:42.071110
18-07-2026 14:53 - WARNING - last_pkt_count, last_gps_count, last_pkt_Tstamp
18-07-2026 14:53 - WARNING - 1728693197 15238 2026-07-18T09:16:11.278984
18-07-2026 14:53 - WARNING - diff_pkt_count  , diff_gps_count ,  diff_pkt_timstamp
18-07-2026 14:53 - WARNING - 1882541 29 29207874 microseconds
18-07-2026 14:53 - WARNING - No packet loss: /data/dsp/GBD_TRANSIENT_BUFFER/J0953+0755/18_07_2026/PDR_GULP_data002.pcap_18_07_2026_14_46_1784366203.PCAP_PDR
18-07-2026 14:53 - WARNING - first_pkt_count, first_gps_count, first_pkt_Tstamp
18-07-2026 14:53 - WARNING - 1728693198 15238 2026-07-18T09:16:11.279036
18-07-2026 14:53 - WARNING - last_pkt_count, last_gps_count, last_pkt_Tstamp
18-07-2026 14:53 - WARNING - 1730575740 15267 2026-07-18T09:16:40.486961
18-07-2026 14:53 - WARNING - diff_pkt_count  , diff_gps_count ,  diff_pkt_timstamp
18-07-2026 14:53 - WARNING - 1882542 29 29207925 microseconds
18-07-2026 14:53 - WARNING - No packet loss: /data/dsp/GBD_TRANSIENT_BUFFER/J0953+0755/18_07_2026/PDR_GULP_data000.pcap_18_07_2026_14_47_1784366232.PCAP_PDR
18-07-2026 14:53 - WARNING - first_pkt_count, first_gps_count, first_pkt_Tstamp
18-07-2026 14:53 - WARNING - 1730575741 15267 2026-07-18T09:16:40.487014
18-07-2026 14:53 - WARNING - last_pkt_count, last_gps_count, last_pkt_Tstamp
18-07-2026 14:53 - WARNING - 1732458282 15296 2026-07-18T09:17:09.694995
18-07-2026 14:53 - WARNING - diff_pkt_count  , diff_gps_count ,  diff_pkt_timstamp
18-07-2026 14:53 - WARNING - 1882541 29 29207981 microseconds
18-07-2026 14:53 - WARNING - No packet loss: /data/dsp/GBD_TRANSIENT_BUFFER/J0953+0755/18_07_2026/PDR_GULP_data001.pcap_18_07_2026_14_47_1784366261.PCAP_PDR
18-07-2026 14:53 - WARNING - first_pkt_count, first_gps_count, first_pkt_Tstamp
18-07-2026 14:53 - WARNING - 1732458283 15296 2026-07-18T09:17:09.694996
18-07-2026 14:53 - WARNING - last_pkt_count, last_gps_count, last_pkt_Tstamp
18-07-2026 14:53 - WARNING - 1734340824 15325 2026-07-18T09:17:38.902884
18-07-2026 14:53 - WARNING - diff_pkt_count  , diff_gps_count ,  diff_pkt_timstamp
18-07-2026 14:53 - WARNING - 1882541 29 29207888 microseconds
18-07-2026 14:53 - WARNING - No packet loss: /data/dsp/GBD_TRANSIENT_BUFFER/J0953+0755/18_07_2026/PDR_GULP_data002.pcap_18_07_2026_14_48_1784366291.PCAP_PDR
18-07-2026 14:53 - WARNING - first_pkt_count, first_gps_count, first_pkt_Tstamp
18-07-2026 14:53 - WARNING - 1734340825 15325 2026-07-18T09:17:38.902884
18-07-2026 14:53 - WARNING - last_pkt_count, last_gps_count, last_pkt_Tstamp
18-07-2026 14:53 - WARNING - 1736223366 15355 2026-07-18T09:18:08.110851
18-07-2026 14:53 - WARNING - diff_pkt_count  , diff_gps_count ,  diff_pkt_timstamp
18-07-2026 14:53 - WARNING - 1882541 30 29207967 microseconds
18-07-2026 14:53 - WARNING - No packet loss: /data/dsp/GBD_TRANSIENT_BUFFER/J0953+0755/18_07_2026/PDR_GULP_data000.pcap_18_07_2026_14_48_1784366320.PCAP_PDR
18-07-2026 14:53 - WARNING - first_pkt_count, first_gps_count, first_pkt_Tstamp
18-07-2026 14:53 - WARNING - 1736223367 15355 2026-07-18T09:18:08.110935
18-07-2026 14:53 - WARNING - last_pkt_count, last_gps_count, last_pkt_Tstamp
18-07-2026 14:53 - WARNING - 1738105908 15384 2026-07-18T09:18:37.318793
18-07-2026 14:53 - WARNING - diff_pkt_count  , diff_gps_count ,  diff_pkt_timstamp
18-07-2026 14:53 - WARNING - 1882541 29 29207858 microseconds
18-07-2026 14:53 - WARNING - No packet loss: /data/dsp/GBD_TRANSIENT_BUFFER/J0953+0755/18_07_2026/PDR_GULP_data001.pcap_18_07_2026_14_49_1784366349.PCAP_PDR
18-07-2026 14:53 - WARNING - first_pkt_count, first_gps_count, first_pkt_Tstamp
18-07-2026 14:53 - WARNING - 1738105909 15384 2026-07-18T09:18:37.318793
18-07-2026 14:53 - WARNING - last_pkt_count, last_gps_count, last_pkt_Tstamp
18-07-2026 14:53 - WARNING - 1739988450 15413 2026-07-18T09:19:06.526733
18-07-2026 14:53 - WARNING - diff_pkt_count  , diff_gps_count ,  diff_pkt_timstamp
18-07-2026 14:53 - WARNING - 1882541 29 29207940 microseconds
18-07-2026 14:53 - WARNING - No packet loss: /data/dsp/GBD_TRANSIENT_BUFFER/J0953+0755/18_07_2026/PDR_GULP_data002.pcap_18_07_2026_14_49_1784366378.PCAP_PDR
18-07-2026 14:53 - WARNING - first_pkt_count, first_gps_count, first_pkt_Tstamp
18-07-2026 14:53 - WARNING - 1739988451 15413 2026-07-18T09:19:06.526734
18-07-2026 14:53 - WARNING - last_pkt_count, last_gps_count, last_pkt_Tstamp
18-07-2026 14:53 - WARNING - 1741870993 15442 2026-07-18T09:19:35.734700
18-07-2026 14:53 - WARNING - diff_pkt_count  , diff_gps_count ,  diff_pkt_timstamp
18-07-2026 14:53 - WARNING - 1882542 29 29207966 microseconds
18-07-2026 14:53 - WARNING - No packet loss: /data/dsp/GBD_TRANSIENT_BUFFER/J0953+0755/18_07_2026/PDR_GULP_data000.pcap_18_07_2026_14_50_1784366407.PCAP_PDR
18-07-2026 14:53 - WARNING - first_pkt_count, first_gps_count, first_pkt_Tstamp
18-07-2026 14:53 - WARNING - 1741870994 15442 2026-07-18T09:19:35.734701
18-07-2026 14:53 - WARNING - last_pkt_count, last_gps_count, last_pkt_Tstamp
18-07-2026 14:53 - WARNING - 1743753535 15471 2026-07-18T09:20:04.942646
18-07-2026 14:53 - WARNING - diff_pkt_count  , diff_gps_count ,  diff_pkt_timstamp
18-07-2026 14:53 - WARNING - 1882541 29 29207945 microseconds
18-07-2026 14:53 - WARNING - No packet loss: /data/dsp/GBD_TRANSIENT_BUFFER/J0953+0755/18_07_2026/PDR_GULP_data001.pcap_18_07_2026_14_50_1784366437.PCAP_PDR
18-07-2026 14:53 - WARNING - first_pkt_count, first_gps_count, first_pkt_Tstamp
18-07-2026 14:53 - WARNING - 1743753536 15471 2026-07-18T09:20:04.942701
18-07-2026 14:53 - WARNING - last_pkt_count, last_gps_count, last_pkt_Tstamp
18-07-2026 14:53 - WARNING - 1745636077 15501 2026-07-18T09:20:34.150596
18-07-2026 14:53 - WARNING - diff_pkt_count  , diff_gps_count ,  diff_pkt_timstamp
18-07-2026 14:53 - WARNING - 1882541 30 29207895 microseconds
18-07-2026 14:53 - WARNING - No packet loss: /data/dsp/GBD_TRANSIENT_BUFFER/J0953+0755/18_07_2026/PDR_GULP_data002.pcap_18_07_2026_14_51_1784366466.PCAP_PDR
18-07-2026 14:53 - WARNING - first_pkt_count, first_gps_count, first_pkt_Tstamp
18-07-2026 14:53 - WARNING - 1745636078 15501 2026-07-18T09:20:34.150649
18-07-2026 14:53 - WARNING - last_pkt_count, last_gps_count, last_pkt_Tstamp
18-07-2026 14:53 - WARNING - 1747518619 15530 2026-07-18T09:21:03.358559
18-07-2026 14:53 - WARNING - diff_pkt_count  , diff_gps_count ,  diff_pkt_timstamp
18-07-2026 14:53 - WARNING - 1882541 29 29207910 microseconds
18-07-2026 14:53 - WARNING - No packet loss: /data/dsp/GBD_TRANSIENT_BUFFER/J0953+0755/18_07_2026/PDR_GULP_data000.pcap_18_07_2026_14_51_1784366495.PCAP_PDR
18-07-2026 14:53 - WARNING - first_pkt_count, first_gps_count, first_pkt_Tstamp
18-07-2026 14:53 - WARNING - 1747518620 15530 2026-07-18T09:21:03.358559
18-07-2026 14:53 - WARNING - last_pkt_count, last_gps_count, last_pkt_Tstamp
18-07-2026 14:53 - WARNING - 1749401161 15559 2026-07-18T09:21:32.566516
18-07-2026 14:53 - WARNING - diff_pkt_count  , diff_gps_count ,  diff_pkt_timstamp
18-07-2026 14:53 - WARNING - 1882541 29 29207957 microseconds
18-07-2026 14:53 - WARNING - No packet loss: /data/dsp/GBD_TRANSIENT_BUFFER/J0953+0755/18_07_2026/PDR_GULP_data001.pcap_18_07_2026_14_52_1784366524.PCAP_PDR
18-07-2026 14:53 - WARNING - first_pkt_count, first_gps_count, first_pkt_Tstamp
18-07-2026 14:53 - WARNING - 1749401162 15559 2026-07-18T09:21:32.566516
18-07-2026 14:53 - WARNING - last_pkt_count, last_gps_count, last_pkt_Tstamp
18-07-2026 14:53 - WARNING - 1751283703 15588 2026-07-18T09:22:01.774439
18-07-2026 14:53 - WARNING - diff_pkt_count  , diff_gps_count ,  diff_pkt_timstamp
18-07-2026 14:53 - WARNING - 1882541 29 29207923 microseconds
18-07-2026 14:53 - WARNING - No packet loss: /data/dsp/GBD_TRANSIENT_BUFFER/J0953+0755/18_07_2026/PDR_GULP_data002.pcap_18_07_2026_14_52_1784366553.PCAP_PDR
18-07-2026 14:53 - WARNING - first_pkt_count, first_gps_count, first_pkt_Tstamp
18-07-2026 14:53 - WARNING - 1751283704 15588 2026-07-18T09:22:01.774439
18-07-2026 14:53 - WARNING - last_pkt_count, last_gps_count, last_pkt_Tstamp
18-07-2026 14:53 - WARNING - 1753166246 15617 2026-07-18T09:22:30.982422
18-07-2026 14:53 - WARNING - diff_pkt_count  , diff_gps_count ,  diff_pkt_timstamp
18-07-2026 14:53 - WARNING - 1882542 29 29207983 microseconds
18-07-2026 14:53 SLIP check Finished...
18-07-2026 14:53 Pulsar data reduction pipeline started ...
18-07-2026 14:53 - WARNING - Data Directory: /data/dsp/GBD_TRANSIENT_BUFFER/J0953+0755/18_07_2026
18-07-2026 14:53 - WARNING - Pulsar: J0953+0755
18-07-2026 14:53 - WARNING - CH selelction: 0
18-07-2026 14:53 - WARNING - Phase file: /home/dsp/PDR_acquire_setup/dada_scripts/phase/rf_path_phase.dat
18-07-2026 14:53 - WARNING - Obs. logfile: /home/dsp/PDR_acquire_setup/master_obs_log/J0953+0755_18_07_2026_observation.log
18-07-2026 14:53 - WARNING - Observation start time: 2026_07_18_14_04_19
18-07-2026 14:53 - WARNING - parfile: /home/dsp/parfiles/J0953+0755.par
18-07-2026 14:53 - WARNING - DM: 2.94368147353273
18-07-2026 14:53 - WARNING - Period: 0.2530654277592862
18-07-2026 14:53 - WARNING - RA_DEC: 09:53:09.3023078+07:55:36.65806
18-07-2026 14:53 - WARNING - out_dada_file: J0953+0755_2026_07_18_14_04_19_type_0.dada
18-07-2026 14:53 - WARNING - Number of files to process: 100
18-07-2026 14:53 - WARNING - Files per batch:  17
18-07-2026 15:23 - WARNING - Time taken for PDR2DADA convertion: 0:29:50.279982
18-07-2026 15:23 - WARNING - Center_freq: 175
18-07-2026 15:23 - WARNING - int_time: 3.0
18-07-2026 15:23 - WARNING - nbins: 256
18-07-2026 15:23 - WARNING - fil_chan: 256
18-07-2026 15:23 - WARNING - cpu: 2,3,4,5,6,7,8,9,10,11,12,13,14,15,16
18-07-2026 15:23 - WARNING - thread: 32
18-07-2026 15:23 - WARNING - nbit: 8
18-07-2026 15:23 - WARNING - time_avg: 0.000256
18-07-2026 15:23 - WARNING - MJD_START: 61239.35716888917
18-07-2026 15:23 - WARNING - output: J0953+0755_61239.36_175MHz_type_0_GBD_DART
18-07-2026 15:23 - WARNING - singularity_container: singularity exec /home/dsp/singularity_imag/pschive_py3.sif  
18-07-2026 15:23 - WARNING - ------ DIGIFITS ------
18-07-2026 15:23 - WARNING - ---- Search Mode FITS -------
18-07-2026 15:23 - WARNING - digifits_ful_stokes_cmd: singularity exec /home/dsp/singularity_imag/pschive_py3.sif  digifits  -F 256 -x 256 -b 8 -p 4 -t 0.000256 J0953+0755_2026_07_18_14_04_19_type_0.dada -o J0953+0755_2026_07_18_14_04_19_type_0.dada_stokes.fits
18-07-2026 15:56 - WARNING - ------ Total intensity FITS -------
18-07-2026 15:56 - WARNING - digifits_total_intensity_cmd: singularity exec /home/dsp/singularity_imag/pschive_py3.sif  digifits  -F 256 -x 256 -b 8 -p 1 -t 0.000256 J0953+0755_2026_07_18_14_04_19_type_0.dada -o J0953+0755_2026_07_18_14_04_19_type_0.dada_intensity.fits
18-07-2026 16:28 - WARNING - Nchan: 256
18-07-2026 16:28 - WARNING - Nbin: 256
18-07-2026 16:28 - WARNING - Tavg: 0.000256
18-07-2026 16:28 - WARNING - Time taken for DIGIFITS run: 1:05:22.140252
18-07-2026 16:28 - WARNING - ------ DSPSR ------
18-07-2026 16:28 - WARNING - ------- Coherent Dedispersion Folded archive -------
18-07-2026 16:28 - WARNING - dspsr_cmd: singularity exec /home/dsp/singularity_imag/pschive_py3.sif  dspsr J0953+0755_2026_07_18_14_04_19_type_0.dada -cpu 2,3,4,5,6,7,8,9,10,11,12,13,14,15,16 -t 32 -E /home/dsp/parfiles/J0953+0755.par -L 3.0 -b 256 -F 256:D -N J0953+0755 -a PSRFITS -A -e .fits -O J0953+0755_61239.36_175MHz_type_0_GBD_DART
18-07-2026 17:02 - WARNING - ------- Incoherent Dedispersion Folded archive -------
18-07-2026 17:02 - WARNING - Incoherent_DD_dspsr_cmd: singularity exec /home/dsp/singularity_imag/pschive_py3.sif  dspsr J0953+0755_2026_07_18_14_04_19_type_0.dada_stokes.fits -cpu 2,3,4,5,6,7,8,9,10,11,12,13,14,15,16 -t 32 -E /home/dsp/parfiles/J0953+0755.par -L 3.0 -b 256 -N J0953+0755 -A -e .fits -O J0953+0755_61239.36_175MHz_type_0_GBD_DART_stokes_Incoherent_DD
18-07-2026 17:04 - WARNING - Time taken for DSPSR run: 0:35:22.086836
18-07-2026 17:04 - WARNING - ------ PSREDIT ------
18-07-2026 17:04 - WARNING - psredit_cmd: singularity exec /home/dsp/singularity_imag/pschive_py3.sif  psredit -c name=J0953+0755,be:name=GSB,coord=09:53:09.3023078+07:55:36.65806 -m *_GBD_DART*fits
18-07-2026 17:04 - WARNING - Time taken for PSREDIT run: 0:00:11.596706
18-07-2026 17:04 - WARNING - ------ Iterative RFI Cleaner ------
18-07-2026 17:04 - WARNING - Iterative_cleaner_cmd: singularity exec /home/dsp/singularity_imag/pschive_py3.sif   python3 /home/dsp/PDR_acquire_setup/iterative_cleaner.py -s 3 -c 3 -m 10 *_GBD_DART*fits
18-07-2026 17:11 - WARNING - Time taken for Iterative_cleaner run: 0:06:55.240063
18-07-2026 17:11 - WARNING - ------ PDMP ------
18-07-2026 17:11 - WARNING - pdmp_cmd1: singularity exec /home/dsp/singularity_imag/pschive_py3.sif  pdmp -dr 2 -ds 0.05 -g J0953+0755_61239.36_175MHz_type_0_GBD_DART.fits_cleaned.ar.ps/cps J0953+0755_61239.36_175MHz_type_0_GBD_DART.fits_cleaned.ar
18-07-2026 17:27 - WARNING - pdmp_cmd2: singularity exec /home/dsp/singularity_imag/pschive_py3.sif  pdmp -dr 2 -ds 0.05 -g J0953+0755_61239.36_175MHz_type_0_GBD_DART_stokes_Incoherent_DD.fits_cleaned.ar.ps/cps J0953+0755_61239.36_175MHz_type_0_GBD_DART_stokes_Incoherent_DD.fits_cleaned.ar
18-07-2026 17:38 - WARNING - Time taken for PDMP run: 0:27:43.493277
18-07-2026 17:38 - WARNING - ------ PS2PDF ------
18-07-2026 17:38 - WARNING - ps2pdf_cmd1: singularity exec /home/dsp/singularity_imag/pschive_py3.sif  ps2pdf J0953+0755_61239.36_175MHz_type_0_GBD_DART.fits_cleaned.ar.ps J0953+0755_61239.36_175MHz_type_0_GBD_DART.fits_cleaned.ar.ps.pdf
18-07-2026 17:38 - WARNING - ps2pdf_cmd2: singularity exec /home/dsp/singularity_imag/pschive_py3.sif  ps2pdf J0953+0755_61239.36_175MHz_type_0_GBD_DART_stokes_Incoherent_DD.fits_cleaned.ar.ps J0953+0755_61239.36_175MHz_type_0_GBD_DART_stokes_Incoherent_DD.fits_cleaned.ar.ps.pdf
18-07-2026 17:38 - WARNING - Time taken for PDMP run: 0:00:01.373082
18-07-2026 17:38 - WARNING - Overall time taken for data reduction: 2:45:27.103097
18-07-2026 17:38 - WARNING - J0953+0755_2026_07_18_14_04_19_type_0.dada... file removed
18-07-2026 17:38 - WARNING - All done!
18-07-2026 17:39 --- PRESTO ---
18-07-2026 17:39 singularity_container: singularity exec /home/dsp/singularity_imag/pschive_py3.sif  
18-07-2026 17:39 Filterbank to Process for PULSAR: J0953+0755 with DM:2.94368147353273 : J0953+0755_2026_07_18_14_04_19_type_0.dada_intensity.fits
18-07-2026 17:39 --- RFIFIND ---
18-07-2026 17:39 RFIFIND: singularity exec /home/dsp/singularity_imag/pschive_py3.sif   rfifind -time 2.0 -o J0953+0755 J0953+0755_2026_07_18_14_04_19_type_0.dada_intensity.fits
18-07-2026 17:40 --- PREPDATA ---
18-07-2026 17:40 PREPDATA: singularity exec /home/dsp/singularity_imag/pschive_py3.sif   prepdata -nobary -o J0953+0755_2026_07_18_14_04_19_type_0.dada_intensity.fits -dm 2.94368147353273 -mask J0953+0755_rfifind.mask J0953+0755_2026_07_18_14_04_19_type_0.dada_intensity.fits
18-07-2026 17:40 --- REALFFT ---
18-07-2026 17:40 REALFFT: singularity exec /home/dsp/singularity_imag/pschive_py3.sif   realfft  J0953+0755_2026_07_18_14_04_19_type_0.dada_intensity.fits.dat
18-07-2026 17:40 --- ACCELSEARCH ---
18-07-2026 17:40 ACCELSEARCH: singularity exec /home/dsp/singularity_imag/pschive_py3.sif   accelsearch -numharm 8 -zmax 8  J0953+0755_2026_07_18_14_04_19_type_0.dada_intensity.fits.fft
18-07-2026 17:40 Observation Over.
