13-07-2026 14:23 Waiting for J0953+0755 observation...
13-07-2026 14:28 Observation started...
13-07-2026 14:28 Pulsar: J0953+0755 , parfile: /home/dsp/parfiles/J0953+0755.par , DM: 2.94368147353273
13-07-2026 14:28 Trigger sent to obs. PC [VELA].
13-07-2026 15:12 Acquired 100.
13-07-2026 15:12 ACQ over.
13-07-2026 15:12 Removing Trigger file from remote machine 
13-07-2026 15:12 Observation stoped.
-rw------- 1 dsp dsp 2.0G Jul 13 14:24 /data/TRANSIENT_BUFFER/PDR_GULP_data000.pcap_13_07_2026_14_24_1783932845.PCAP_PDR
-rw------- 1 dsp dsp 2.0G Jul 13 14:24 /data/TRANSIENT_BUFFER/PDR_GULP_data001.pcap_13_07_2026_14_24_1783932874.PCAP_PDR
-rw------- 1 dsp dsp 2.0G Jul 13 14:25 /data/TRANSIENT_BUFFER/PDR_GULP_data002.pcap_13_07_2026_14_25_1783932903.PCAP_PDR
-rw------- 1 dsp dsp 2.0G Jul 13 14:25 /data/TRANSIENT_BUFFER/PDR_GULP_data000.pcap_13_07_2026_14_25_1783932933.PCAP_PDR
-rw------- 1 dsp dsp 2.0G Jul 13 14:25 /data/TRANSIENT_BUFFER/PDR_GULP_data001.pcap_13_07_2026_14_26_1783932962.PCAP_PDR
-rw------- 1 dsp dsp 2.0G Jul 13 14:26 /data/TRANSIENT_BUFFER/PDR_GULP_data002.pcap_13_07_2026_14_26_1783932991.PCAP_PDR
-rw------- 1 dsp dsp 2.0G Jul 13 14:26 /data/TRANSIENT_BUFFER/PDR_GULP_data000.pcap_13_07_2026_14_27_1783933020.PCAP_PDR
-rw------- 1 dsp dsp 2.0G Jul 13 14:27 /data/TRANSIENT_BUFFER/PDR_GULP_data001.pcap_13_07_2026_14_27_1783933049.PCAP_PDR
-rw------- 1 dsp dsp 2.0G Jul 13 14:27 /data/TRANSIENT_BUFFER/PDR_GULP_data002.pcap_13_07_2026_14_27_1783933079.PCAP_PDR
-rw------- 1 dsp dsp 2.0G Jul 13 14:28 /data/TRANSIENT_BUFFER/PDR_GULP_data000.pcap_13_07_2026_14_28_1783933108.PCAP_PDR
-rw------- 1 dsp dsp 2.0G Jul 13 14:28 /data/TRANSIENT_BUFFER/PDR_GULP_data001.pcap_13_07_2026_14_28_1783933137.PCAP_PDR
-rw------- 1 dsp dsp 2.0G Jul 13 14:29 /data/TRANSIENT_BUFFER/PDR_GULP_data002.pcap_13_07_2026_14_29_1783933166.PCAP_PDR
-rw------- 1 dsp dsp 2.0G Jul 13 14:29 /data/TRANSIENT_BUFFER/PDR_GULP_data000.pcap_13_07_2026_14_29_1783933195.PCAP_PDR
-rw------- 1 dsp dsp 2.0G Jul 13 14:30 /data/TRANSIENT_BUFFER/PDR_GULP_data001.pcap_13_07_2026_14_30_1783933225.PCAP_PDR
-rw------- 1 dsp dsp 2.0G Jul 13 14:30 /data/TRANSIENT_BUFFER/PDR_GULP_data002.pcap_13_07_2026_14_30_1783933254.PCAP_PDR
-rw------- 1 dsp dsp 2.0G Jul 13 14:31 /data/TRANSIENT_BUFFER/PDR_GULP_data000.pcap_13_07_2026_14_31_1783933283.PCAP_PDR
-rw------- 1 dsp dsp 2.0G Jul 13 14:31 /data/TRANSIENT_BUFFER/PDR_GULP_data001.pcap_13_07_2026_14_31_1783933312.PCAP_PDR
-rw------- 1 dsp dsp 2.0G Jul 13 14:32 /data/TRANSIENT_BUFFER/PDR_GULP_data002.pcap_13_07_2026_14_32_1783933342.PCAP_PDR
-rw------- 1 dsp dsp 2.0G Jul 13 14:32 /data/TRANSIENT_BUFFER/PDR_GULP_data000.pcap_13_07_2026_14_32_1783933371.PCAP_PDR
-rw------- 1 dsp dsp 2.0G Jul 13 14:33 /data/TRANSIENT_BUFFER/PDR_GULP_data001.pcap_13_07_2026_14_33_1783933400.PCAP_PDR
-rw------- 1 dsp dsp 2.0G Jul 13 14:33 /data/TRANSIENT_BUFFER/PDR_GULP_data002.pcap_13_07_2026_14_33_1783933429.PCAP_PDR
-rw------- 1 dsp dsp 2.0G Jul 13 14:34 /data/TRANSIENT_BUFFER/PDR_GULP_data000.pcap_13_07_2026_14_34_1783933458.PCAP_PDR
-rw------- 1 dsp dsp 2.0G Jul 13 14:34 /data/TRANSIENT_BUFFER/PDR_GULP_data001.pcap_13_07_2026_14_34_1783933488.PCAP_PDR
-rw------- 1 dsp dsp 2.0G Jul 13 14:35 /data/TRANSIENT_BUFFER/PDR_GULP_data002.pcap_13_07_2026_14_35_1783933517.PCAP_PDR
-rw------- 1 dsp dsp 2.0G Jul 13 14:35 /data/TRANSIENT_BUFFER/PDR_GULP_data000.pcap_13_07_2026_14_35_1783933546.PCAP_PDR
-rw------- 1 dsp dsp 2.0G Jul 13 14:36 /data/TRANSIENT_BUFFER/PDR_GULP_data001.pcap_13_07_2026_14_36_1783933575.PCAP_PDR
-rw------- 1 dsp dsp 2.0G Jul 13 14:36 /data/TRANSIENT_BUFFER/PDR_GULP_data002.pcap_13_07_2026_14_36_1783933604.PCAP_PDR
-rw------- 1 dsp dsp 2.0G Jul 13 14:37 /data/TRANSIENT_BUFFER/PDR_GULP_data000.pcap_13_07_2026_14_37_1783933634.PCAP_PDR
-rw------- 1 dsp dsp 2.0G Jul 13 14:37 /data/TRANSIENT_BUFFER/PDR_GULP_data001.pcap_13_07_2026_14_37_1783933663.PCAP_PDR
-rw------- 1 dsp dsp 2.0G Jul 13 14:38 /data/TRANSIENT_BUFFER/PDR_GULP_data002.pcap_13_07_2026_14_38_1783933692.PCAP_PDR
-rw------- 1 dsp dsp 2.0G Jul 13 14:38 /data/TRANSIENT_BUFFER/PDR_GULP_data000.pcap_13_07_2026_14_38_1783933721.PCAP_PDR
-rw------- 1 dsp dsp 2.0G Jul 13 14:39 /data/TRANSIENT_BUFFER/PDR_GULP_data001.pcap_13_07_2026_14_39_1783933750.PCAP_PDR
-rw------- 1 dsp dsp 2.0G Jul 13 14:39 /data/TRANSIENT_BUFFER/PDR_GULP_data002.pcap_13_07_2026_14_39_1783933780.PCAP_PDR
-rw------- 1 dsp dsp 2.0G Jul 13 14:40 /data/TRANSIENT_BUFFER/PDR_GULP_data000.pcap_13_07_2026_14_40_1783933809.PCAP_PDR
-rw------- 1 dsp dsp 2.0G Jul 13 14:40 /data/TRANSIENT_BUFFER/PDR_GULP_data001.pcap_13_07_2026_14_40_1783933838.PCAP_PDR
-rw------- 1 dsp dsp 2.0G Jul 13 14:41 /data/TRANSIENT_BUFFER/PDR_GULP_data002.pcap_13_07_2026_14_41_1783933867.PCAP_PDR
-rw------- 1 dsp dsp 2.0G Jul 13 14:41 /data/TRANSIENT_BUFFER/PDR_GULP_data000.pcap_13_07_2026_14_41_1783933896.PCAP_PDR
-rw------- 1 dsp dsp 2.0G Jul 13 14:42 /data/TRANSIENT_BUFFER/PDR_GULP_data001.pcap_13_07_2026_14_42_1783933926.PCAP_PDR
-rw------- 1 dsp dsp 2.0G Jul 13 14:42 /data/TRANSIENT_BUFFER/PDR_GULP_data002.pcap_13_07_2026_14_42_1783933955.PCAP_PDR
-rw------- 1 dsp dsp 2.0G Jul 13 14:43 /data/TRANSIENT_BUFFER/PDR_GULP_data000.pcap_13_07_2026_14_43_1783933984.PCAP_PDR
-rw------- 1 dsp dsp 2.0G Jul 13 14:43 /data/TRANSIENT_BUFFER/PDR_GULP_data001.pcap_13_07_2026_14_43_1783934013.PCAP_PDR
-rw------- 1 dsp dsp 2.0G Jul 13 14:43 /data/TRANSIENT_BUFFER/PDR_GULP_data002.pcap_13_07_2026_14_44_1783934043.PCAP_PDR
-rw------- 1 dsp dsp 2.0G Jul 13 14:44 /data/TRANSIENT_BUFFER/PDR_GULP_data000.pcap_13_07_2026_14_44_1783934072.PCAP_PDR
-rw------- 1 dsp dsp 2.0G Jul 13 14:44 /data/TRANSIENT_BUFFER/PDR_GULP_data001.pcap_13_07_2026_14_45_1783934101.PCAP_PDR
-rw------- 1 dsp dsp 2.0G Jul 13 14:45 /data/TRANSIENT_BUFFER/PDR_GULP_data002.pcap_13_07_2026_14_45_1783934130.PCAP_PDR
-rw------- 1 dsp dsp 2.0G Jul 13 14:45 /data/TRANSIENT_BUFFER/PDR_GULP_data000.pcap_13_07_2026_14_45_1783934159.PCAP_PDR
-rw------- 1 dsp dsp 2.0G Jul 13 14:46 /data/TRANSIENT_BUFFER/PDR_GULP_data001.pcap_13_07_2026_14_46_1783934189.PCAP_PDR
-rw------- 1 dsp dsp 2.0G Jul 13 14:46 /data/TRANSIENT_BUFFER/PDR_GULP_data002.pcap_13_07_2026_14_46_1783934218.PCAP_PDR
-rw------- 1 dsp dsp 2.0G Jul 13 14:47 /data/TRANSIENT_BUFFER/PDR_GULP_data000.pcap_13_07_2026_14_47_1783934247.PCAP_PDR
-rw------- 1 dsp dsp 2.0G Jul 13 14:47 /data/TRANSIENT_BUFFER/PDR_GULP_data001.pcap_13_07_2026_14_47_1783934276.PCAP_PDR
-rw------- 1 dsp dsp 2.0G Jul 13 14:48 /data/TRANSIENT_BUFFER/PDR_GULP_data002.pcap_13_07_2026_14_48_1783934305.PCAP_PDR
-rw------- 1 dsp dsp 2.0G Jul 13 14:48 /data/TRANSIENT_BUFFER/PDR_GULP_data000.pcap_13_07_2026_14_48_1783934335.PCAP_PDR
-rw------- 1 dsp dsp 2.0G Jul 13 14:49 /data/TRANSIENT_BUFFER/PDR_GULP_data001.pcap_13_07_2026_14_49_1783934364.PCAP_PDR
-rw------- 1 dsp dsp 2.0G Jul 13 14:49 /data/TRANSIENT_BUFFER/PDR_GULP_data002.pcap_13_07_2026_14_49_1783934393.PCAP_PDR
-rw------- 1 dsp dsp 2.0G Jul 13 14:50 /data/TRANSIENT_BUFFER/PDR_GULP_data000.pcap_13_07_2026_14_50_1783934422.PCAP_PDR
-rw------- 1 dsp dsp 2.0G Jul 13 14:50 /data/TRANSIENT_BUFFER/PDR_GULP_data001.pcap_13_07_2026_14_50_1783934451.PCAP_PDR
-rw------- 1 dsp dsp 2.0G Jul 13 14:51 /data/TRANSIENT_BUFFER/PDR_GULP_data002.pcap_13_07_2026_14_51_1783934481.PCAP_PDR
-rw------- 1 dsp dsp 2.0G Jul 13 14:51 /data/TRANSIENT_BUFFER/PDR_GULP_data000.pcap_13_07_2026_14_51_1783934510.PCAP_PDR
-rw------- 1 dsp dsp 2.0G Jul 13 14:52 /data/TRANSIENT_BUFFER/PDR_GULP_data001.pcap_13_07_2026_14_52_1783934539.PCAP_PDR
-rw------- 1 dsp dsp 2.0G Jul 13 14:52 /data/TRANSIENT_BUFFER/PDR_GULP_data002.pcap_13_07_2026_14_52_1783934568.PCAP_PDR
-rw------- 1 dsp dsp 2.0G Jul 13 14:53 /data/TRANSIENT_BUFFER/PDR_GULP_data000.pcap_13_07_2026_14_53_1783934597.PCAP_PDR
-rw------- 1 dsp dsp 2.0G Jul 13 14:53 /data/TRANSIENT_BUFFER/PDR_GULP_data001.pcap_13_07_2026_14_53_1783934627.PCAP_PDR
-rw------- 1 dsp dsp 2.0G Jul 13 14:54 /data/TRANSIENT_BUFFER/PDR_GULP_data002.pcap_13_07_2026_14_54_1783934656.PCAP_PDR
-rw------- 1 dsp dsp 2.0G Jul 13 14:54 /data/TRANSIENT_BUFFER/PDR_GULP_data000.pcap_13_07_2026_14_54_1783934685.PCAP_PDR
-rw------- 1 dsp dsp 2.0G Jul 13 14:55 /data/TRANSIENT_BUFFER/PDR_GULP_data001.pcap_13_07_2026_14_55_1783934714.PCAP_PDR
-rw------- 1 dsp dsp 2.0G Jul 13 14:55 /data/TRANSIENT_BUFFER/PDR_GULP_data002.pcap_13_07_2026_14_55_1783934743.PCAP_PDR
-rw------- 1 dsp dsp 2.0G Jul 13 14:56 /data/TRANSIENT_BUFFER/PDR_GULP_data000.pcap_13_07_2026_14_56_1783934773.PCAP_PDR
-rw------- 1 dsp dsp 2.0G Jul 13 14:56 /data/TRANSIENT_BUFFER/PDR_GULP_data001.pcap_13_07_2026_14_56_1783934802.PCAP_PDR
-rw------- 1 dsp dsp 2.0G Jul 13 14:57 /data/TRANSIENT_BUFFER/PDR_GULP_data002.pcap_13_07_2026_14_57_1783934831.PCAP_PDR
-rw------- 1 dsp dsp 2.0G Jul 13 14:57 /data/TRANSIENT_BUFFER/PDR_GULP_data000.pcap_13_07_2026_14_57_1783934860.PCAP_PDR
-rw------- 1 dsp dsp 2.0G Jul 13 14:58 /data/TRANSIENT_BUFFER/PDR_GULP_data001.pcap_13_07_2026_14_58_1783934890.PCAP_PDR
-rw------- 1 dsp dsp 2.0G Jul 13 14:58 /data/TRANSIENT_BUFFER/PDR_GULP_data002.pcap_13_07_2026_14_58_1783934919.PCAP_PDR
-rw------- 1 dsp dsp 2.0G Jul 13 14:59 /data/TRANSIENT_BUFFER/PDR_GULP_data000.pcap_13_07_2026_14_59_1783934948.PCAP_PDR
-rw------- 1 dsp dsp 2.0G Jul 13 14:59 /data/TRANSIENT_BUFFER/PDR_GULP_data001.pcap_13_07_2026_14_59_1783934977.PCAP_PDR
-rw------- 1 dsp dsp 2.0G Jul 13 15:00 /data/TRANSIENT_BUFFER/PDR_GULP_data002.pcap_13_07_2026_15_00_1783935006.PCAP_PDR
-rw------- 1 dsp dsp 2.0G Jul 13 15:00 /data/TRANSIENT_BUFFER/PDR_GULP_data000.pcap_13_07_2026_15_00_1783935036.PCAP_PDR
-rw------- 1 dsp dsp 2.0G Jul 13 15:01 /data/TRANSIENT_BUFFER/PDR_GULP_data001.pcap_13_07_2026_15_01_1783935065.PCAP_PDR
-rw------- 1 dsp dsp 2.0G Jul 13 15:01 /data/TRANSIENT_BUFFER/PDR_GULP_data002.pcap_13_07_2026_15_01_1783935094.PCAP_PDR
-rw------- 1 dsp dsp 2.0G Jul 13 15:02 /data/TRANSIENT_BUFFER/PDR_GULP_data000.pcap_13_07_2026_15_02_1783935123.PCAP_PDR
-rw------- 1 dsp dsp 2.0G Jul 13 15:02 /data/TRANSIENT_BUFFER/PDR_GULP_data001.pcap_13_07_2026_15_02_1783935152.PCAP_PDR
-rw------- 1 dsp dsp 2.0G Jul 13 15:02 /data/TRANSIENT_BUFFER/PDR_GULP_data002.pcap_13_07_2026_15_03_1783935182.PCAP_PDR
-rw------- 1 dsp dsp 2.0G Jul 13 15:03 /data/TRANSIENT_BUFFER/PDR_GULP_data000.pcap_13_07_2026_15_03_1783935211.PCAP_PDR
-rw------- 1 dsp dsp 2.0G Jul 13 15:03 /data/TRANSIENT_BUFFER/PDR_GULP_data001.pcap_13_07_2026_15_04_1783935240.PCAP_PDR
-rw------- 1 dsp dsp 2.0G Jul 13 15:04 /data/TRANSIENT_BUFFER/PDR_GULP_data002.pcap_13_07_2026_15_04_1783935269.PCAP_PDR
-rw------- 1 dsp dsp 2.0G Jul 13 15:04 /data/TRANSIENT_BUFFER/PDR_GULP_data000.pcap_13_07_2026_15_04_1783935298.PCAP_PDR
-rw------- 1 dsp dsp 2.0G Jul 13 15:05 /data/TRANSIENT_BUFFER/PDR_GULP_data001.pcap_13_07_2026_15_05_1783935328.PCAP_PDR
-rw------- 1 dsp dsp 2.0G Jul 13 15:05 /data/TRANSIENT_BUFFER/PDR_GULP_data002.pcap_13_07_2026_15_05_1783935357.PCAP_PDR
-rw------- 1 dsp dsp 2.0G Jul 13 15:06 /data/TRANSIENT_BUFFER/PDR_GULP_data000.pcap_13_07_2026_15_06_1783935386.PCAP_PDR
-rw------- 1 dsp dsp 2.0G Jul 13 15:06 /data/TRANSIENT_BUFFER/PDR_GULP_data001.pcap_13_07_2026_15_06_1783935415.PCAP_PDR
-rw------- 1 dsp dsp 2.0G Jul 13 15:07 /data/TRANSIENT_BUFFER/PDR_GULP_data002.pcap_13_07_2026_15_07_1783935444.PCAP_PDR
-rw------- 1 dsp dsp 2.0G Jul 13 15:07 /data/TRANSIENT_BUFFER/PDR_GULP_data000.pcap_13_07_2026_15_07_1783935474.PCAP_PDR
-rw------- 1 dsp dsp 2.0G Jul 13 15:08 /data/TRANSIENT_BUFFER/PDR_GULP_data001.pcap_13_07_2026_15_08_1783935503.PCAP_PDR
-rw------- 1 dsp dsp 2.0G Jul 13 15:08 /data/TRANSIENT_BUFFER/PDR_GULP_data002.pcap_13_07_2026_15_08_1783935532.PCAP_PDR
-rw------- 1 dsp dsp 2.0G Jul 13 15:09 /data/TRANSIENT_BUFFER/PDR_GULP_data000.pcap_13_07_2026_15_09_1783935561.PCAP_PDR
-rw------- 1 dsp dsp 2.0G Jul 13 15:09 /data/TRANSIENT_BUFFER/PDR_GULP_data001.pcap_13_07_2026_15_09_1783935591.PCAP_PDR
-rw------- 1 dsp dsp 2.0G Jul 13 15:10 /data/TRANSIENT_BUFFER/PDR_GULP_data002.pcap_13_07_2026_15_10_1783935620.PCAP_PDR
-rw------- 1 dsp dsp 2.0G Jul 13 15:10 /data/TRANSIENT_BUFFER/PDR_GULP_data000.pcap_13_07_2026_15_10_1783935649.PCAP_PDR
-rw------- 1 dsp dsp 2.0G Jul 13 15:11 /data/TRANSIENT_BUFFER/PDR_GULP_data001.pcap_13_07_2026_15_11_1783935678.PCAP_PDR
-rw------- 1 dsp dsp 2.0G Jul 13 15:11 /data/TRANSIENT_BUFFER/PDR_GULP_data002.pcap_13_07_2026_15_11_1783935707.PCAP_PDR
-rw------- 1 dsp dsp 2.0G Jul 13 15:12 /data/TRANSIENT_BUFFER/PDR_GULP_data000.pcap_13_07_2026_15_12_1783935737.PCAP_PDR
13-07-2026 15:12 RAW PCAP data moved from Transient Buffer.
13-07-2026 15:12 SLIP check Started ...
13-07-2026 15:12 - WARNING - Data Directory: /data/dsp/GBD_TRANSIENT_BUFFER/J0953+0755/13_07_2026
13-07-2026 15:12 - WARNING - Number of Files: 100
13-07-2026 15:12 - WARNING - No packet loss: /data/dsp/GBD_TRANSIENT_BUFFER/J0953+0755/13_07_2026/PDR_GULP_data000.pcap_13_07_2026_14_24_1783932845.PCAP_PDR
13-07-2026 15:12 - WARNING - first_pkt_count, first_gps_count, first_pkt_Tstamp
13-07-2026 15:12 - WARNING - 3862186113 40632 2026-07-13T08:53:33.261719
13-07-2026 15:12 - WARNING - last_pkt_count, last_gps_count, last_pkt_Tstamp
13-07-2026 15:12 - WARNING - 3864068654 40661 2026-07-13T08:54:02.469503
13-07-2026 15:12 - WARNING - diff_pkt_count  , diff_gps_count ,  diff_pkt_timstamp
13-07-2026 15:12 - WARNING - 1882541 29 29207784 microseconds
13-07-2026 15:12 - WARNING - No packet loss: /data/dsp/GBD_TRANSIENT_BUFFER/J0953+0755/13_07_2026/PDR_GULP_data001.pcap_13_07_2026_14_24_1783932874.PCAP_PDR
13-07-2026 15:12 - WARNING - first_pkt_count, first_gps_count, first_pkt_Tstamp
13-07-2026 15:12 - WARNING - 3864068655 40661 2026-07-13T08:54:02.469503
13-07-2026 15:12 - WARNING - last_pkt_count, last_gps_count, last_pkt_Tstamp
13-07-2026 15:12 - WARNING - 3865951196 40690 2026-07-13T08:54:31.677255
13-07-2026 15:12 - WARNING - diff_pkt_count  , diff_gps_count ,  diff_pkt_timstamp
13-07-2026 15:12 - WARNING - 1882541 29 29207752 microseconds
13-07-2026 15:12 - WARNING - No packet loss: /data/dsp/GBD_TRANSIENT_BUFFER/J0953+0755/13_07_2026/PDR_GULP_data002.pcap_13_07_2026_14_25_1783932903.PCAP_PDR
13-07-2026 15:12 - WARNING - first_pkt_count, first_gps_count, first_pkt_Tstamp
13-07-2026 15:12 - WARNING - 3865951197 40690 2026-07-13T08:54:31.677255
13-07-2026 15:12 - WARNING - last_pkt_count, last_gps_count, last_pkt_Tstamp
13-07-2026 15:12 - WARNING - 3867833738 40719 2026-07-13T08:55:00.884983
13-07-2026 15:12 - WARNING - diff_pkt_count  , diff_gps_count ,  diff_pkt_timstamp
13-07-2026 15:12 - WARNING - 1882541 29 29207728 microseconds
13-07-2026 15:12 - WARNING - No packet loss: /data/dsp/GBD_TRANSIENT_BUFFER/J0953+0755/13_07_2026/PDR_GULP_data000.pcap_13_07_2026_14_25_1783932933.PCAP_PDR
13-07-2026 15:12 - WARNING - first_pkt_count, first_gps_count, first_pkt_Tstamp
13-07-2026 15:12 - WARNING - 3867833739 40719 2026-07-13T08:55:00.885077
13-07-2026 15:12 - WARNING - last_pkt_count, last_gps_count, last_pkt_Tstamp
13-07-2026 15:12 - WARNING - 3869716280 40749 2026-07-13T08:55:30.092768
13-07-2026 15:12 - WARNING - diff_pkt_count  , diff_gps_count ,  diff_pkt_timstamp
13-07-2026 15:12 - WARNING - 1882541 30 29207691 microseconds
13-07-2026 15:12 - WARNING - No packet loss: /data/dsp/GBD_TRANSIENT_BUFFER/J0953+0755/13_07_2026/PDR_GULP_data001.pcap_13_07_2026_14_26_1783932962.PCAP_PDR
13-07-2026 15:12 - WARNING - first_pkt_count, first_gps_count, first_pkt_Tstamp
13-07-2026 15:12 - WARNING - 3869716281 40749 2026-07-13T08:55:30.092860
13-07-2026 15:12 - WARNING - last_pkt_count, last_gps_count, last_pkt_Tstamp
13-07-2026 15:12 - WARNING - 3871598822 40778 2026-07-13T08:55:59.300582
13-07-2026 15:12 - WARNING - diff_pkt_count  , diff_gps_count ,  diff_pkt_timstamp
13-07-2026 15:12 - WARNING - 1882541 29 29207722 microseconds
13-07-2026 15:12 - WARNING - No packet loss: /data/dsp/GBD_TRANSIENT_BUFFER/J0953+0755/13_07_2026/PDR_GULP_data002.pcap_13_07_2026_14_26_1783932991.PCAP_PDR
13-07-2026 15:12 - WARNING - first_pkt_count, first_gps_count, first_pkt_Tstamp
13-07-2026 15:12 - WARNING - 3871598823 40778 2026-07-13T08:55:59.300583
13-07-2026 15:12 - WARNING - last_pkt_count, last_gps_count, last_pkt_Tstamp
13-07-2026 15:12 - WARNING - 3873481365 40807 2026-07-13T08:56:28.508379
13-07-2026 15:12 - WARNING - diff_pkt_count  , diff_gps_count ,  diff_pkt_timstamp
13-07-2026 15:12 - WARNING - 1882542 29 29207796 microseconds
13-07-2026 15:12 - WARNING - No packet loss: /data/dsp/GBD_TRANSIENT_BUFFER/J0953+0755/13_07_2026/PDR_GULP_data000.pcap_13_07_2026_14_27_1783933020.PCAP_PDR
13-07-2026 15:12 - WARNING - first_pkt_count, first_gps_count, first_pkt_Tstamp
13-07-2026 15:12 - WARNING - 3873481366 40807 2026-07-13T08:56:28.508379
13-07-2026 15:12 - WARNING - last_pkt_count, last_gps_count, last_pkt_Tstamp
13-07-2026 15:12 - WARNING - 3875363907 40836 2026-07-13T08:56:57.716213
13-07-2026 15:12 - WARNING - diff_pkt_count  , diff_gps_count ,  diff_pkt_timstamp
13-07-2026 15:12 - WARNING - 1882541 29 29207834 microseconds
13-07-2026 15:12 - WARNING - No packet loss: /data/dsp/GBD_TRANSIENT_BUFFER/J0953+0755/13_07_2026/PDR_GULP_data001.pcap_13_07_2026_14_27_1783933049.PCAP_PDR
13-07-2026 15:12 - WARNING - first_pkt_count, first_gps_count, first_pkt_Tstamp
13-07-2026 15:12 - WARNING - 3875363908 40836 2026-07-13T08:56:57.716213
13-07-2026 15:12 - WARNING - last_pkt_count, last_gps_count, last_pkt_Tstamp
13-07-2026 15:12 - WARNING - 3877246449 40865 2026-07-13T08:57:26.924032
13-07-2026 15:12 - WARNING - diff_pkt_count  , diff_gps_count ,  diff_pkt_timstamp
13-07-2026 15:12 - WARNING - 1882541 29 29207819 microseconds
13-07-2026 15:12 - WARNING - No packet loss: /data/dsp/GBD_TRANSIENT_BUFFER/J0953+0755/13_07_2026/PDR_GULP_data002.pcap_13_07_2026_14_27_1783933079.PCAP_PDR
13-07-2026 15:12 - WARNING - first_pkt_count, first_gps_count, first_pkt_Tstamp
13-07-2026 15:12 - WARNING - 3877246450 40865 2026-07-13T08:57:26.924032
13-07-2026 15:12 - WARNING - last_pkt_count, last_gps_count, last_pkt_Tstamp
13-07-2026 15:12 - WARNING - 3879128991 40895 2026-07-13T08:57:56.131818
13-07-2026 15:12 - WARNING - diff_pkt_count  , diff_gps_count ,  diff_pkt_timstamp
13-07-2026 15:12 - WARNING - 1882541 30 29207786 microseconds
13-07-2026 15:12 - WARNING - No packet loss: /data/dsp/GBD_TRANSIENT_BUFFER/J0953+0755/13_07_2026/PDR_GULP_data000.pcap_13_07_2026_14_28_1783933108.PCAP_PDR
13-07-2026 15:12 - WARNING - first_pkt_count, first_gps_count, first_pkt_Tstamp
13-07-2026 15:12 - WARNING - 3879128992 40895 2026-07-13T08:57:56.131818
13-07-2026 15:12 - WARNING - last_pkt_count, last_gps_count, last_pkt_Tstamp
13-07-2026 15:12 - WARNING - 3881011533 40924 2026-07-13T08:58:25.339626
13-07-2026 15:12 - WARNING - diff_pkt_count  , diff_gps_count ,  diff_pkt_timstamp
13-07-2026 15:12 - WARNING - 1882541 29 29207808 microseconds
13-07-2026 15:12 - WARNING - No packet loss: /data/dsp/GBD_TRANSIENT_BUFFER/J0953+0755/13_07_2026/PDR_GULP_data001.pcap_13_07_2026_14_28_1783933137.PCAP_PDR
13-07-2026 15:12 - WARNING - first_pkt_count, first_gps_count, first_pkt_Tstamp
13-07-2026 15:12 - WARNING - 3881011534 40924 2026-07-13T08:58:25.339626
13-07-2026 15:12 - WARNING - last_pkt_count, last_gps_count, last_pkt_Tstamp
13-07-2026 15:12 - WARNING - 3882894075 40953 2026-07-13T08:58:54.547401
13-07-2026 15:12 - WARNING - diff_pkt_count  , diff_gps_count ,  diff_pkt_timstamp
13-07-2026 15:12 - WARNING - 1882541 29 29207775 microseconds
13-07-2026 15:12 - WARNING - No packet loss: /data/dsp/GBD_TRANSIENT_BUFFER/J0953+0755/13_07_2026/PDR_GULP_data002.pcap_13_07_2026_14_29_1783933166.PCAP_PDR
13-07-2026 15:12 - WARNING - first_pkt_count, first_gps_count, first_pkt_Tstamp
13-07-2026 15:12 - WARNING - 3882894076 40953 2026-07-13T08:58:54.547453
13-07-2026 15:12 - WARNING - last_pkt_count, last_gps_count, last_pkt_Tstamp
13-07-2026 15:12 - WARNING - 3884776618 40982 2026-07-13T08:59:23.755299
13-07-2026 15:12 - WARNING - diff_pkt_count  , diff_gps_count ,  diff_pkt_timstamp
13-07-2026 15:12 - WARNING - 1882542 29 29207846 microseconds
13-07-2026 15:12 - WARNING - No packet loss: /data/dsp/GBD_TRANSIENT_BUFFER/J0953+0755/13_07_2026/PDR_GULP_data000.pcap_13_07_2026_14_29_1783933195.PCAP_PDR
13-07-2026 15:12 - WARNING - first_pkt_count, first_gps_count, first_pkt_Tstamp
13-07-2026 15:12 - WARNING - 3884776619 40982 2026-07-13T08:59:23.755299
13-07-2026 15:12 - WARNING - last_pkt_count, last_gps_count, last_pkt_Tstamp
13-07-2026 15:12 - WARNING - 3886659160 41011 2026-07-13T08:59:52.963109
13-07-2026 15:12 - WARNING - diff_pkt_count  , diff_gps_count ,  diff_pkt_timstamp
13-07-2026 15:12 - WARNING - 1882541 29 29207810 microseconds
13-07-2026 15:12 - WARNING - No packet loss: /data/dsp/GBD_TRANSIENT_BUFFER/J0953+0755/13_07_2026/PDR_GULP_data001.pcap_13_07_2026_14_30_1783933225.PCAP_PDR
13-07-2026 15:12 - WARNING - first_pkt_count, first_gps_count, first_pkt_Tstamp
13-07-2026 15:12 - WARNING - 3886659161 41011 2026-07-13T08:59:52.963109
13-07-2026 15:12 - WARNING - last_pkt_count, last_gps_count, last_pkt_Tstamp
13-07-2026 15:12 - WARNING - 3888541702 41041 2026-07-13T09:00:22.170915
13-07-2026 15:12 - WARNING - diff_pkt_count  , diff_gps_count ,  diff_pkt_timstamp
13-07-2026 15:12 - WARNING - 1882541 30 29207806 microseconds
13-07-2026 15:12 - WARNING - No packet loss: /data/dsp/GBD_TRANSIENT_BUFFER/J0953+0755/13_07_2026/PDR_GULP_data002.pcap_13_07_2026_14_30_1783933254.PCAP_PDR
13-07-2026 15:12 - WARNING - first_pkt_count, first_gps_count, first_pkt_Tstamp
13-07-2026 15:12 - WARNING - 3888541703 41041 2026-07-13T09:00:22.170915
13-07-2026 15:12 - WARNING - last_pkt_count, last_gps_count, last_pkt_Tstamp
13-07-2026 15:12 - WARNING - 3890424244 41070 2026-07-13T09:00:51.378729
13-07-2026 15:12 - WARNING - diff_pkt_count  , diff_gps_count ,  diff_pkt_timstamp
13-07-2026 15:12 - WARNING - 1882541 29 29207814 microseconds
13-07-2026 15:12 - WARNING - No packet loss: /data/dsp/GBD_TRANSIENT_BUFFER/J0953+0755/13_07_2026/PDR_GULP_data000.pcap_13_07_2026_14_31_1783933283.PCAP_PDR
13-07-2026 15:12 - WARNING - first_pkt_count, first_gps_count, first_pkt_Tstamp
13-07-2026 15:12 - WARNING - 3890424245 41070 2026-07-13T09:00:51.378782
13-07-2026 15:12 - WARNING - last_pkt_count, last_gps_count, last_pkt_Tstamp
13-07-2026 15:12 - WARNING - 3892306786 41099 2026-07-13T09:01:20.586571
13-07-2026 15:12 - WARNING - diff_pkt_count  , diff_gps_count ,  diff_pkt_timstamp
13-07-2026 15:12 - WARNING - 1882541 29 29207789 microseconds
13-07-2026 15:12 - WARNING - No packet loss: /data/dsp/GBD_TRANSIENT_BUFFER/J0953+0755/13_07_2026/PDR_GULP_data001.pcap_13_07_2026_14_31_1783933312.PCAP_PDR
13-07-2026 15:12 - WARNING - first_pkt_count, first_gps_count, first_pkt_Tstamp
13-07-2026 15:12 - WARNING - 3892306787 41099 2026-07-13T09:01:20.586571
13-07-2026 15:12 - WARNING - last_pkt_count, last_gps_count, last_pkt_Tstamp
13-07-2026 15:12 - WARNING - 3894189328 41128 2026-07-13T09:01:49.794411
13-07-2026 15:12 - WARNING - diff_pkt_count  , diff_gps_count ,  diff_pkt_timstamp
13-07-2026 15:12 - WARNING - 1882541 29 29207840 microseconds
13-07-2026 15:12 - WARNING - No packet loss: /data/dsp/GBD_TRANSIENT_BUFFER/J0953+0755/13_07_2026/PDR_GULP_data002.pcap_13_07_2026_14_32_1783933342.PCAP_PDR
13-07-2026 15:12 - WARNING - first_pkt_count, first_gps_count, first_pkt_Tstamp
13-07-2026 15:12 - WARNING - 3894189329 41128 2026-07-13T09:01:49.794411
13-07-2026 15:12 - WARNING - last_pkt_count, last_gps_count, last_pkt_Tstamp
13-07-2026 15:12 - WARNING - 3896071871 41158 2026-07-13T09:02:19.002258
13-07-2026 15:12 - WARNING - diff_pkt_count  , diff_gps_count ,  diff_pkt_timstamp
13-07-2026 15:12 - WARNING - 1882542 30 29207847 microseconds
13-07-2026 15:12 - WARNING - No packet loss: /data/dsp/GBD_TRANSIENT_BUFFER/J0953+0755/13_07_2026/PDR_GULP_data000.pcap_13_07_2026_14_32_1783933371.PCAP_PDR
13-07-2026 15:12 - WARNING - first_pkt_count, first_gps_count, first_pkt_Tstamp
13-07-2026 15:12 - WARNING - 3896071872 41158 2026-07-13T09:02:19.002311
13-07-2026 15:12 - WARNING - last_pkt_count, last_gps_count, last_pkt_Tstamp
13-07-2026 15:12 - WARNING - 3897954413 41187 2026-07-13T09:02:48.210103
13-07-2026 15:12 - WARNING - diff_pkt_count  , diff_gps_count ,  diff_pkt_timstamp
13-07-2026 15:12 - WARNING - 1882541 29 29207792 microseconds
13-07-2026 15:12 - WARNING - No packet loss: /data/dsp/GBD_TRANSIENT_BUFFER/J0953+0755/13_07_2026/PDR_GULP_data001.pcap_13_07_2026_14_33_1783933400.PCAP_PDR
13-07-2026 15:12 - WARNING - first_pkt_count, first_gps_count, first_pkt_Tstamp
13-07-2026 15:12 - WARNING - 3897954414 41187 2026-07-13T09:02:48.210104
13-07-2026 15:12 - WARNING - last_pkt_count, last_gps_count, last_pkt_Tstamp
13-07-2026 15:12 - WARNING - 3899836955 41216 2026-07-13T09:03:17.417970
13-07-2026 15:12 - WARNING - diff_pkt_count  , diff_gps_count ,  diff_pkt_timstamp
13-07-2026 15:12 - WARNING - 1882541 29 29207866 microseconds
13-07-2026 15:12 - WARNING - No packet loss: /data/dsp/GBD_TRANSIENT_BUFFER/J0953+0755/13_07_2026/PDR_GULP_data002.pcap_13_07_2026_14_33_1783933429.PCAP_PDR
13-07-2026 15:12 - WARNING - first_pkt_count, first_gps_count, first_pkt_Tstamp
13-07-2026 15:12 - WARNING - 3899836956 41216 2026-07-13T09:03:17.417970
13-07-2026 15:12 - WARNING - last_pkt_count, last_gps_count, last_pkt_Tstamp
13-07-2026 15:12 - WARNING - 3901719497 41245 2026-07-13T09:03:46.625786
13-07-2026 15:12 - WARNING - diff_pkt_count  , diff_gps_count ,  diff_pkt_timstamp
13-07-2026 15:12 - WARNING - 1882541 29 29207816 microseconds
13-07-2026 15:12 - WARNING - No packet loss: /data/dsp/GBD_TRANSIENT_BUFFER/J0953+0755/13_07_2026/PDR_GULP_data000.pcap_13_07_2026_14_34_1783933458.PCAP_PDR
13-07-2026 15:12 - WARNING - first_pkt_count, first_gps_count, first_pkt_Tstamp
13-07-2026 15:12 - WARNING - 3901719498 41245 2026-07-13T09:03:46.625839
13-07-2026 15:12 - WARNING - last_pkt_count, last_gps_count, last_pkt_Tstamp
13-07-2026 15:12 - WARNING - 3903602039 41274 2026-07-13T09:04:15.833651
13-07-2026 15:12 - WARNING - diff_pkt_count  , diff_gps_count ,  diff_pkt_timstamp
13-07-2026 15:12 - WARNING - 1882541 29 29207812 microseconds
13-07-2026 15:12 - WARNING - No packet loss: /data/dsp/GBD_TRANSIENT_BUFFER/J0953+0755/13_07_2026/PDR_GULP_data001.pcap_13_07_2026_14_34_1783933488.PCAP_PDR
13-07-2026 15:12 - WARNING - first_pkt_count, first_gps_count, first_pkt_Tstamp
13-07-2026 15:12 - WARNING - 3903602040 41274 2026-07-13T09:04:15.833651
13-07-2026 15:12 - WARNING - last_pkt_count, last_gps_count, last_pkt_Tstamp
13-07-2026 15:12 - WARNING - 3905484581 41304 2026-07-13T09:04:45.041494
13-07-2026 15:12 - WARNING - diff_pkt_count  , diff_gps_count ,  diff_pkt_timstamp
13-07-2026 15:12 - WARNING - 1882541 30 29207843 microseconds
13-07-2026 15:12 - WARNING - No packet loss: /data/dsp/GBD_TRANSIENT_BUFFER/J0953+0755/13_07_2026/PDR_GULP_data002.pcap_13_07_2026_14_35_1783933517.PCAP_PDR
13-07-2026 15:12 - WARNING - first_pkt_count, first_gps_count, first_pkt_Tstamp
13-07-2026 15:12 - WARNING - 3905484582 41304 2026-07-13T09:04:45.041547
13-07-2026 15:12 - WARNING - last_pkt_count, last_gps_count, last_pkt_Tstamp
13-07-2026 15:12 - WARNING - 3907367124 41333 2026-07-13T09:05:14.249382
13-07-2026 15:12 - WARNING - diff_pkt_count  , diff_gps_count ,  diff_pkt_timstamp
13-07-2026 15:12 - WARNING - 1882542 29 29207835 microseconds
13-07-2026 15:12 - WARNING - No packet loss: /data/dsp/GBD_TRANSIENT_BUFFER/J0953+0755/13_07_2026/PDR_GULP_data000.pcap_13_07_2026_14_35_1783933546.PCAP_PDR
13-07-2026 15:12 - WARNING - first_pkt_count, first_gps_count, first_pkt_Tstamp
13-07-2026 15:12 - WARNING - 3907367125 41333 2026-07-13T09:05:14.249382
13-07-2026 15:12 - WARNING - last_pkt_count, last_gps_count, last_pkt_Tstamp
13-07-2026 15:12 - WARNING - 3909249666 41362 2026-07-13T09:05:43.457234
13-07-2026 15:12 - WARNING - diff_pkt_count  , diff_gps_count ,  diff_pkt_timstamp
13-07-2026 15:12 - WARNING - 1882541 29 29207852 microseconds
13-07-2026 15:12 - WARNING - No packet loss: /data/dsp/GBD_TRANSIENT_BUFFER/J0953+0755/13_07_2026/PDR_GULP_data001.pcap_13_07_2026_14_36_1783933575.PCAP_PDR
13-07-2026 15:12 - WARNING - first_pkt_count, first_gps_count, first_pkt_Tstamp
13-07-2026 15:12 - WARNING - 3909249667 41362 2026-07-13T09:05:43.457235
13-07-2026 15:12 - WARNING - last_pkt_count, last_gps_count, last_pkt_Tstamp
13-07-2026 15:12 - WARNING - 3911132208 41391 2026-07-13T09:06:12.665101
13-07-2026 15:12 - WARNING - diff_pkt_count  , diff_gps_count ,  diff_pkt_timstamp
13-07-2026 15:12 - WARNING - 1882541 29 29207866 microseconds
13-07-2026 15:12 - WARNING - No packet loss: /data/dsp/GBD_TRANSIENT_BUFFER/J0953+0755/13_07_2026/PDR_GULP_data002.pcap_13_07_2026_14_36_1783933604.PCAP_PDR
13-07-2026 15:12 - WARNING - first_pkt_count, first_gps_count, first_pkt_Tstamp
13-07-2026 15:12 - WARNING - 3911132209 41391 2026-07-13T09:06:12.665101
13-07-2026 15:12 - WARNING - last_pkt_count, last_gps_count, last_pkt_Tstamp
13-07-2026 15:12 - WARNING - 3913014750 41420 2026-07-13T09:06:41.872968
13-07-2026 15:12 - WARNING - diff_pkt_count  , diff_gps_count ,  diff_pkt_timstamp
13-07-2026 15:12 - WARNING - 1882541 29 29207867 microseconds
13-07-2026 15:12 - WARNING - No packet loss: /data/dsp/GBD_TRANSIENT_BUFFER/J0953+0755/13_07_2026/PDR_GULP_data000.pcap_13_07_2026_14_37_1783933634.PCAP_PDR
13-07-2026 15:12 - WARNING - first_pkt_count, first_gps_count, first_pkt_Tstamp
13-07-2026 15:12 - WARNING - 3913014751 41420 2026-07-13T09:06:41.872968
13-07-2026 15:12 - WARNING - last_pkt_count, last_gps_count, last_pkt_Tstamp
13-07-2026 15:12 - WARNING - 3914897292 41450 2026-07-13T09:07:11.080777
13-07-2026 15:12 - WARNING - diff_pkt_count  , diff_gps_count ,  diff_pkt_timstamp
13-07-2026 15:12 - WARNING - 1882541 30 29207809 microseconds
13-07-2026 15:12 - WARNING - No packet loss: /data/dsp/GBD_TRANSIENT_BUFFER/J0953+0755/13_07_2026/PDR_GULP_data001.pcap_13_07_2026_14_37_1783933663.PCAP_PDR
13-07-2026 15:12 - WARNING - first_pkt_count, first_gps_count, first_pkt_Tstamp
13-07-2026 15:12 - WARNING - 3914897293 41450 2026-07-13T09:07:11.080830
13-07-2026 15:12 - WARNING - last_pkt_count, last_gps_count, last_pkt_Tstamp
13-07-2026 15:12 - WARNING - 3916779834 41479 2026-07-13T09:07:40.288671
13-07-2026 15:12 - WARNING - diff_pkt_count  , diff_gps_count ,  diff_pkt_timstamp
13-07-2026 15:12 - WARNING - 1882541 29 29207841 microseconds
13-07-2026 15:12 - WARNING - No packet loss: /data/dsp/GBD_TRANSIENT_BUFFER/J0953+0755/13_07_2026/PDR_GULP_data002.pcap_13_07_2026_14_38_1783933692.PCAP_PDR
13-07-2026 15:12 - WARNING - first_pkt_count, first_gps_count, first_pkt_Tstamp
13-07-2026 15:12 - WARNING - 3916779835 41479 2026-07-13T09:07:40.288671
13-07-2026 15:12 - WARNING - last_pkt_count, last_gps_count, last_pkt_Tstamp
13-07-2026 15:12 - WARNING - 3918662377 41508 2026-07-13T09:08:09.496570
13-07-2026 15:12 - WARNING - diff_pkt_count  , diff_gps_count ,  diff_pkt_timstamp
13-07-2026 15:12 - WARNING - 1882542 29 29207899 microseconds
13-07-2026 15:12 - WARNING - No packet loss: /data/dsp/GBD_TRANSIENT_BUFFER/J0953+0755/13_07_2026/PDR_GULP_data000.pcap_13_07_2026_14_38_1783933721.PCAP_PDR
13-07-2026 15:12 - WARNING - first_pkt_count, first_gps_count, first_pkt_Tstamp
13-07-2026 15:12 - WARNING - 3918662378 41508 2026-07-13T09:08:09.496571
13-07-2026 15:12 - WARNING - last_pkt_count, last_gps_count, last_pkt_Tstamp
13-07-2026 15:12 - WARNING - 3920544919 41537 2026-07-13T09:08:38.704490
13-07-2026 15:12 - WARNING - diff_pkt_count  , diff_gps_count ,  diff_pkt_timstamp
13-07-2026 15:12 - WARNING - 1882541 29 29207919 microseconds
13-07-2026 15:12 - WARNING - No packet loss: /data/dsp/GBD_TRANSIENT_BUFFER/J0953+0755/13_07_2026/PDR_GULP_data001.pcap_13_07_2026_14_39_1783933750.PCAP_PDR
13-07-2026 15:12 - WARNING - first_pkt_count, first_gps_count, first_pkt_Tstamp
13-07-2026 15:12 - WARNING - 3920544920 41537 2026-07-13T09:08:38.704491
13-07-2026 15:12 - WARNING - last_pkt_count, last_gps_count, last_pkt_Tstamp
13-07-2026 15:12 - WARNING - 3922427461 41566 2026-07-13T09:09:07.912284
13-07-2026 15:12 - WARNING - diff_pkt_count  , diff_gps_count ,  diff_pkt_timstamp
13-07-2026 15:12 - WARNING - 1882541 29 29207793 microseconds
13-07-2026 15:12 - WARNING - No packet loss: /data/dsp/GBD_TRANSIENT_BUFFER/J0953+0755/13_07_2026/PDR_GULP_data002.pcap_13_07_2026_14_39_1783933780.PCAP_PDR
13-07-2026 15:12 - WARNING - first_pkt_count, first_gps_count, first_pkt_Tstamp
13-07-2026 15:12 - WARNING - 3922427462 41566 2026-07-13T09:09:07.912284
13-07-2026 15:12 - WARNING - last_pkt_count, last_gps_count, last_pkt_Tstamp
13-07-2026 15:12 - WARNING - 3924310003 41596 2026-07-13T09:09:37.120168
13-07-2026 15:12 - WARNING - diff_pkt_count  , diff_gps_count ,  diff_pkt_timstamp
13-07-2026 15:12 - WARNING - 1882541 30 29207884 microseconds
13-07-2026 15:12 - WARNING - No packet loss: /data/dsp/GBD_TRANSIENT_BUFFER/J0953+0755/13_07_2026/PDR_GULP_data000.pcap_13_07_2026_14_40_1783933809.PCAP_PDR
13-07-2026 15:12 - WARNING - first_pkt_count, first_gps_count, first_pkt_Tstamp
13-07-2026 15:12 - WARNING - 3924310004 41596 2026-07-13T09:09:37.120249
13-07-2026 15:12 - WARNING - last_pkt_count, last_gps_count, last_pkt_Tstamp
13-07-2026 15:12 - WARNING - 3926192545 41625 2026-07-13T09:10:06.328066
13-07-2026 15:12 - WARNING - diff_pkt_count  , diff_gps_count ,  diff_pkt_timstamp
13-07-2026 15:12 - WARNING - 1882541 29 29207817 microseconds
13-07-2026 15:12 - WARNING - No packet loss: /data/dsp/GBD_TRANSIENT_BUFFER/J0953+0755/13_07_2026/PDR_GULP_data001.pcap_13_07_2026_14_40_1783933838.PCAP_PDR
13-07-2026 15:12 - WARNING - first_pkt_count, first_gps_count, first_pkt_Tstamp
13-07-2026 15:12 - WARNING - 3926192546 41625 2026-07-13T09:10:06.328066
13-07-2026 15:12 - WARNING - last_pkt_count, last_gps_count, last_pkt_Tstamp
13-07-2026 15:12 - WARNING - 3928075087 41654 2026-07-13T09:10:35.535928
13-07-2026 15:12 - WARNING - diff_pkt_count  , diff_gps_count ,  diff_pkt_timstamp
13-07-2026 15:12 - WARNING - 1882541 29 29207862 microseconds
13-07-2026 15:12 - WARNING - No packet loss: /data/dsp/GBD_TRANSIENT_BUFFER/J0953+0755/13_07_2026/PDR_GULP_data002.pcap_13_07_2026_14_41_1783933867.PCAP_PDR
13-07-2026 15:12 - WARNING - first_pkt_count, first_gps_count, first_pkt_Tstamp
13-07-2026 15:12 - WARNING - 3928075088 41654 2026-07-13T09:10:35.535928
13-07-2026 15:12 - WARNING - last_pkt_count, last_gps_count, last_pkt_Tstamp
13-07-2026 15:12 - WARNING - 3929957630 41683 2026-07-13T09:11:04.743804
13-07-2026 15:12 - WARNING - diff_pkt_count  , diff_gps_count ,  diff_pkt_timstamp
13-07-2026 15:12 - WARNING - 1882542 29 29207876 microseconds
13-07-2026 15:12 - WARNING - No packet loss: /data/dsp/GBD_TRANSIENT_BUFFER/J0953+0755/13_07_2026/PDR_GULP_data000.pcap_13_07_2026_14_41_1783933896.PCAP_PDR
13-07-2026 15:12 - WARNING - first_pkt_count, first_gps_count, first_pkt_Tstamp
13-07-2026 15:12 - WARNING - 3929957631 41683 2026-07-13T09:11:04.743804
13-07-2026 15:12 - WARNING - last_pkt_count, last_gps_count, last_pkt_Tstamp
13-07-2026 15:12 - WARNING - 3931840172 41712 2026-07-13T09:11:33.951658
13-07-2026 15:12 - WARNING - diff_pkt_count  , diff_gps_count ,  diff_pkt_timstamp
13-07-2026 15:12 - WARNING - 1882541 29 29207854 microseconds
13-07-2026 15:12 - WARNING - No packet loss: /data/dsp/GBD_TRANSIENT_BUFFER/J0953+0755/13_07_2026/PDR_GULP_data001.pcap_13_07_2026_14_42_1783933926.PCAP_PDR
13-07-2026 15:12 - WARNING - first_pkt_count, first_gps_count, first_pkt_Tstamp
13-07-2026 15:12 - WARNING - 3931840173 41712 2026-07-13T09:11:33.951710
13-07-2026 15:12 - WARNING - last_pkt_count, last_gps_count, last_pkt_Tstamp
13-07-2026 15:12 - WARNING - 3933722714 41742 2026-07-13T09:12:03.159535
13-07-2026 15:12 - WARNING - diff_pkt_count  , diff_gps_count ,  diff_pkt_timstamp
13-07-2026 15:12 - WARNING - 1882541 30 29207825 microseconds
13-07-2026 15:12 - WARNING - No packet loss: /data/dsp/GBD_TRANSIENT_BUFFER/J0953+0755/13_07_2026/PDR_GULP_data002.pcap_13_07_2026_14_42_1783933955.PCAP_PDR
13-07-2026 15:12 - WARNING - first_pkt_count, first_gps_count, first_pkt_Tstamp
13-07-2026 15:12 - WARNING - 3933722715 41742 2026-07-13T09:12:03.159587
13-07-2026 15:12 - WARNING - last_pkt_count, last_gps_count, last_pkt_Tstamp
13-07-2026 15:12 - WARNING - 3935605256 41771 2026-07-13T09:12:32.367438
13-07-2026 15:12 - WARNING - diff_pkt_count  , diff_gps_count ,  diff_pkt_timstamp
13-07-2026 15:12 - WARNING - 1882541 29 29207851 microseconds
13-07-2026 15:12 - WARNING - No packet loss: /data/dsp/GBD_TRANSIENT_BUFFER/J0953+0755/13_07_2026/PDR_GULP_data000.pcap_13_07_2026_14_43_1783933984.PCAP_PDR
13-07-2026 15:12 - WARNING - first_pkt_count, first_gps_count, first_pkt_Tstamp
13-07-2026 15:12 - WARNING - 3935605257 41771 2026-07-13T09:12:32.367438
13-07-2026 15:12 - WARNING - last_pkt_count, last_gps_count, last_pkt_Tstamp
13-07-2026 15:12 - WARNING - 3937487798 41800 2026-07-13T09:13:01.575306
13-07-2026 15:12 - WARNING - diff_pkt_count  , diff_gps_count ,  diff_pkt_timstamp
13-07-2026 15:12 - WARNING - 1882541 29 29207868 microseconds
13-07-2026 15:12 - WARNING - No packet loss: /data/dsp/GBD_TRANSIENT_BUFFER/J0953+0755/13_07_2026/PDR_GULP_data001.pcap_13_07_2026_14_43_1783934013.PCAP_PDR
13-07-2026 15:12 - WARNING - first_pkt_count, first_gps_count, first_pkt_Tstamp
13-07-2026 15:12 - WARNING - 3937487799 41800 2026-07-13T09:13:01.575306
13-07-2026 15:12 - WARNING - last_pkt_count, last_gps_count, last_pkt_Tstamp
13-07-2026 15:12 - WARNING - 3939370340 41829 2026-07-13T09:13:30.783250
13-07-2026 15:12 - WARNING - diff_pkt_count  , diff_gps_count ,  diff_pkt_timstamp
13-07-2026 15:12 - WARNING - 1882541 29 29207944 microseconds
13-07-2026 15:12 - WARNING - No packet loss: /data/dsp/GBD_TRANSIENT_BUFFER/J0953+0755/13_07_2026/PDR_GULP_data002.pcap_13_07_2026_14_44_1783934043.PCAP_PDR
13-07-2026 15:12 - WARNING - first_pkt_count, first_gps_count, first_pkt_Tstamp
13-07-2026 15:12 - WARNING - 3939370341 41829 2026-07-13T09:13:30.783250
13-07-2026 15:12 - WARNING - last_pkt_count, last_gps_count, last_pkt_Tstamp
13-07-2026 15:12 - WARNING - 3941252883 41858 2026-07-13T09:13:59.991105
13-07-2026 15:12 - WARNING - diff_pkt_count  , diff_gps_count ,  diff_pkt_timstamp
13-07-2026 15:12 - WARNING - 1882542 29 29207855 microseconds
13-07-2026 15:12 - WARNING - No packet loss: /data/dsp/GBD_TRANSIENT_BUFFER/J0953+0755/13_07_2026/PDR_GULP_data000.pcap_13_07_2026_14_44_1783934072.PCAP_PDR
13-07-2026 15:12 - WARNING - first_pkt_count, first_gps_count, first_pkt_Tstamp
13-07-2026 15:12 - WARNING - 3941252884 41858 2026-07-13T09:13:59.991105
13-07-2026 15:12 - WARNING - last_pkt_count, last_gps_count, last_pkt_Tstamp
13-07-2026 15:12 - WARNING - 3943135425 41888 2026-07-13T09:14:29.198968
13-07-2026 15:12 - WARNING - diff_pkt_count  , diff_gps_count ,  diff_pkt_timstamp
13-07-2026 15:12 - WARNING - 1882541 30 29207863 microseconds
13-07-2026 15:12 - WARNING - No packet loss: /data/dsp/GBD_TRANSIENT_BUFFER/J0953+0755/13_07_2026/PDR_GULP_data001.pcap_13_07_2026_14_45_1783934101.PCAP_PDR
13-07-2026 15:12 - WARNING - first_pkt_count, first_gps_count, first_pkt_Tstamp
13-07-2026 15:12 - WARNING - 3943135426 41888 2026-07-13T09:14:29.198969
13-07-2026 15:12 - WARNING - last_pkt_count, last_gps_count, last_pkt_Tstamp
13-07-2026 15:12 - WARNING - 3945017967 41917 2026-07-13T09:14:58.406874
13-07-2026 15:12 - WARNING - diff_pkt_count  , diff_gps_count ,  diff_pkt_timstamp
13-07-2026 15:12 - WARNING - 1882541 29 29207905 microseconds
13-07-2026 15:12 - WARNING - No packet loss: /data/dsp/GBD_TRANSIENT_BUFFER/J0953+0755/13_07_2026/PDR_GULP_data002.pcap_13_07_2026_14_45_1783934130.PCAP_PDR
13-07-2026 15:12 - WARNING - first_pkt_count, first_gps_count, first_pkt_Tstamp
13-07-2026 15:12 - WARNING - 3945017968 41917 2026-07-13T09:14:58.406874
13-07-2026 15:12 - WARNING - last_pkt_count, last_gps_count, last_pkt_Tstamp
13-07-2026 15:12 - WARNING - 3946900509 41946 2026-07-13T09:15:27.614716
13-07-2026 15:12 - WARNING - diff_pkt_count  , diff_gps_count ,  diff_pkt_timstamp
13-07-2026 15:12 - WARNING - 1882541 29 29207842 microseconds
13-07-2026 15:12 - WARNING - No packet loss: /data/dsp/GBD_TRANSIENT_BUFFER/J0953+0755/13_07_2026/PDR_GULP_data000.pcap_13_07_2026_14_45_1783934159.PCAP_PDR
13-07-2026 15:12 - WARNING - first_pkt_count, first_gps_count, first_pkt_Tstamp
13-07-2026 15:12 - WARNING - 3946900510 41946 2026-07-13T09:15:27.614716
13-07-2026 15:12 - WARNING - last_pkt_count, last_gps_count, last_pkt_Tstamp
13-07-2026 15:12 - WARNING - 3948783051 41975 2026-07-13T09:15:56.822589
13-07-2026 15:12 - WARNING - diff_pkt_count  , diff_gps_count ,  diff_pkt_timstamp
13-07-2026 15:12 - WARNING - 1882541 29 29207873 microseconds
13-07-2026 15:12 - WARNING - No packet loss: /data/dsp/GBD_TRANSIENT_BUFFER/J0953+0755/13_07_2026/PDR_GULP_data001.pcap_13_07_2026_14_46_1783934189.PCAP_PDR
13-07-2026 15:12 - WARNING - first_pkt_count, first_gps_count, first_pkt_Tstamp
13-07-2026 15:12 - WARNING - 3948783052 41975 2026-07-13T09:15:56.822590
13-07-2026 15:12 - WARNING - last_pkt_count, last_gps_count, last_pkt_Tstamp
13-07-2026 15:12 - WARNING - 3950665593 42005 2026-07-13T09:16:26.030493
13-07-2026 15:12 - WARNING - diff_pkt_count  , diff_gps_count ,  diff_pkt_timstamp
13-07-2026 15:12 - WARNING - 1882541 30 29207903 microseconds
13-07-2026 15:12 - WARNING - No packet loss: /data/dsp/GBD_TRANSIENT_BUFFER/J0953+0755/13_07_2026/PDR_GULP_data002.pcap_13_07_2026_14_46_1783934218.PCAP_PDR
13-07-2026 15:12 - WARNING - first_pkt_count, first_gps_count, first_pkt_Tstamp
13-07-2026 15:12 - WARNING - 3950665594 42005 2026-07-13T09:16:26.030493
13-07-2026 15:12 - WARNING - last_pkt_count, last_gps_count, last_pkt_Tstamp
13-07-2026 15:12 - WARNING - 3952548136 42034 2026-07-13T09:16:55.238386
13-07-2026 15:12 - WARNING - diff_pkt_count  , diff_gps_count ,  diff_pkt_timstamp
13-07-2026 15:12 - WARNING - 1882542 29 29207893 microseconds
13-07-2026 15:12 - WARNING - No packet loss: /data/dsp/GBD_TRANSIENT_BUFFER/J0953+0755/13_07_2026/PDR_GULP_data000.pcap_13_07_2026_14_47_1783934247.PCAP_PDR
13-07-2026 15:12 - WARNING - first_pkt_count, first_gps_count, first_pkt_Tstamp
13-07-2026 15:12 - WARNING - 3952548137 42034 2026-07-13T09:16:55.238436
13-07-2026 15:12 - WARNING - last_pkt_count, last_gps_count, last_pkt_Tstamp
13-07-2026 15:12 - WARNING - 3954430678 42063 2026-07-13T09:17:24.446288
13-07-2026 15:12 - WARNING - diff_pkt_count  , diff_gps_count ,  diff_pkt_timstamp
13-07-2026 15:12 - WARNING - 1882541 29 29207852 microseconds
13-07-2026 15:12 - WARNING - No packet loss: /data/dsp/GBD_TRANSIENT_BUFFER/J0953+0755/13_07_2026/PDR_GULP_data001.pcap_13_07_2026_14_47_1783934276.PCAP_PDR
13-07-2026 15:12 - WARNING - first_pkt_count, first_gps_count, first_pkt_Tstamp
13-07-2026 15:12 - WARNING - 3954430679 42063 2026-07-13T09:17:24.446289
13-07-2026 15:12 - WARNING - last_pkt_count, last_gps_count, last_pkt_Tstamp
13-07-2026 15:12 - WARNING - 3956313220 42092 2026-07-13T09:17:53.654304
13-07-2026 15:12 - WARNING - diff_pkt_count  , diff_gps_count ,  diff_pkt_timstamp
13-07-2026 15:12 - WARNING - 1882541 29 29208015 microseconds
13-07-2026 15:12 - WARNING - No packet loss: /data/dsp/GBD_TRANSIENT_BUFFER/J0953+0755/13_07_2026/PDR_GULP_data002.pcap_13_07_2026_14_48_1783934305.PCAP_PDR
13-07-2026 15:12 - WARNING - first_pkt_count, first_gps_count, first_pkt_Tstamp
13-07-2026 15:12 - WARNING - 3956313221 42092 2026-07-13T09:17:53.654305
13-07-2026 15:12 - WARNING - last_pkt_count, last_gps_count, last_pkt_Tstamp
13-07-2026 15:12 - WARNING - 3958195762 42121 2026-07-13T09:18:22.862240
13-07-2026 15:12 - WARNING - diff_pkt_count  , diff_gps_count ,  diff_pkt_timstamp
13-07-2026 15:12 - WARNING - 1882541 29 29207935 microseconds
13-07-2026 15:12 - WARNING - No packet loss: /data/dsp/GBD_TRANSIENT_BUFFER/J0953+0755/13_07_2026/PDR_GULP_data000.pcap_13_07_2026_14_48_1783934335.PCAP_PDR
13-07-2026 15:12 - WARNING - first_pkt_count, first_gps_count, first_pkt_Tstamp
13-07-2026 15:12 - WARNING - 3958195763 42121 2026-07-13T09:18:22.862293
13-07-2026 15:12 - WARNING - last_pkt_count, last_gps_count, last_pkt_Tstamp
13-07-2026 15:12 - WARNING - 3960078304 42151 2026-07-13T09:18:52.070285
13-07-2026 15:12 - WARNING - diff_pkt_count  , diff_gps_count ,  diff_pkt_timstamp
13-07-2026 15:12 - WARNING - 1882541 30 29207992 microseconds
13-07-2026 15:12 - WARNING - No packet loss: /data/dsp/GBD_TRANSIENT_BUFFER/J0953+0755/13_07_2026/PDR_GULP_data001.pcap_13_07_2026_14_49_1783934364.PCAP_PDR
13-07-2026 15:12 - WARNING - first_pkt_count, first_gps_count, first_pkt_Tstamp
13-07-2026 15:12 - WARNING - 3960078305 42151 2026-07-13T09:18:52.070285
13-07-2026 15:12 - WARNING - last_pkt_count, last_gps_count, last_pkt_Tstamp
13-07-2026 15:12 - WARNING - 3961960846 42180 2026-07-13T09:19:21.278306
13-07-2026 15:12 - WARNING - diff_pkt_count  , diff_gps_count ,  diff_pkt_timstamp
13-07-2026 15:12 - WARNING - 1882541 29 29208021 microseconds
13-07-2026 15:12 - WARNING - No packet loss: /data/dsp/GBD_TRANSIENT_BUFFER/J0953+0755/13_07_2026/PDR_GULP_data002.pcap_13_07_2026_14_49_1783934393.PCAP_PDR
13-07-2026 15:12 - WARNING - first_pkt_count, first_gps_count, first_pkt_Tstamp
13-07-2026 15:12 - WARNING - 3961960847 42180 2026-07-13T09:19:21.278306
13-07-2026 15:12 - WARNING - last_pkt_count, last_gps_count, last_pkt_Tstamp
13-07-2026 15:12 - WARNING - 3963843389 42209 2026-07-13T09:19:50.486276
13-07-2026 15:12 - WARNING - diff_pkt_count  , diff_gps_count ,  diff_pkt_timstamp
13-07-2026 15:12 - WARNING - 1882542 29 29207970 microseconds
13-07-2026 15:12 - WARNING - No packet loss: /data/dsp/GBD_TRANSIENT_BUFFER/J0953+0755/13_07_2026/PDR_GULP_data000.pcap_13_07_2026_14_50_1783934422.PCAP_PDR
13-07-2026 15:12 - WARNING - first_pkt_count, first_gps_count, first_pkt_Tstamp
13-07-2026 15:12 - WARNING - 3963843390 42209 2026-07-13T09:19:50.486329
13-07-2026 15:12 - WARNING - last_pkt_count, last_gps_count, last_pkt_Tstamp
13-07-2026 15:12 - WARNING - 3965725931 42238 2026-07-13T09:20:19.694317
13-07-2026 15:12 - WARNING - diff_pkt_count  , diff_gps_count ,  diff_pkt_timstamp
13-07-2026 15:12 - WARNING - 1882541 29 29207988 microseconds
13-07-2026 15:12 - WARNING - No packet loss: /data/dsp/GBD_TRANSIENT_BUFFER/J0953+0755/13_07_2026/PDR_GULP_data001.pcap_13_07_2026_14_50_1783934451.PCAP_PDR
13-07-2026 15:12 - WARNING - first_pkt_count, first_gps_count, first_pkt_Tstamp
13-07-2026 15:12 - WARNING - 3965725932 42238 2026-07-13T09:20:19.694317
13-07-2026 15:12 - WARNING - last_pkt_count, last_gps_count, last_pkt_Tstamp
13-07-2026 15:12 - WARNING - 3967608473 42267 2026-07-13T09:20:48.902300
13-07-2026 15:12 - WARNING - diff_pkt_count  , diff_gps_count ,  diff_pkt_timstamp
13-07-2026 15:12 - WARNING - 1882541 29 29207983 microseconds
13-07-2026 15:12 - WARNING - No packet loss: /data/dsp/GBD_TRANSIENT_BUFFER/J0953+0755/13_07_2026/PDR_GULP_data002.pcap_13_07_2026_14_51_1783934481.PCAP_PDR
13-07-2026 15:12 - WARNING - first_pkt_count, first_gps_count, first_pkt_Tstamp
13-07-2026 15:12 - WARNING - 3967608474 42267 2026-07-13T09:20:48.902392
13-07-2026 15:12 - WARNING - last_pkt_count, last_gps_count, last_pkt_Tstamp
13-07-2026 15:12 - WARNING - 3969491015 42297 2026-07-13T09:21:18.110295
13-07-2026 15:12 - WARNING - diff_pkt_count  , diff_gps_count ,  diff_pkt_timstamp
13-07-2026 15:12 - WARNING - 1882541 30 29207903 microseconds
13-07-2026 15:12 - WARNING - No packet loss: /data/dsp/GBD_TRANSIENT_BUFFER/J0953+0755/13_07_2026/PDR_GULP_data000.pcap_13_07_2026_14_51_1783934510.PCAP_PDR
13-07-2026 15:12 - WARNING - first_pkt_count, first_gps_count, first_pkt_Tstamp
13-07-2026 15:12 - WARNING - 3969491016 42297 2026-07-13T09:21:18.110295
13-07-2026 15:12 - WARNING - last_pkt_count, last_gps_count, last_pkt_Tstamp
13-07-2026 15:12 - WARNING - 3971373557 42326 2026-07-13T09:21:47.318269
13-07-2026 15:12 - WARNING - diff_pkt_count  , diff_gps_count ,  diff_pkt_timstamp
13-07-2026 15:12 - WARNING - 1882541 29 29207974 microseconds
13-07-2026 15:12 - WARNING - No packet loss: /data/dsp/GBD_TRANSIENT_BUFFER/J0953+0755/13_07_2026/PDR_GULP_data001.pcap_13_07_2026_14_52_1783934539.PCAP_PDR
13-07-2026 15:12 - WARNING - first_pkt_count, first_gps_count, first_pkt_Tstamp
13-07-2026 15:12 - WARNING - 3971373558 42326 2026-07-13T09:21:47.318333
13-07-2026 15:12 - WARNING - last_pkt_count, last_gps_count, last_pkt_Tstamp
13-07-2026 15:12 - WARNING - 3973256100 42355 2026-07-13T09:22:16.526282
13-07-2026 15:12 - WARNING - diff_pkt_count  , diff_gps_count ,  diff_pkt_timstamp
13-07-2026 15:12 - WARNING - 1882542 29 29207949 microseconds
13-07-2026 15:12 - WARNING - No packet loss: /data/dsp/GBD_TRANSIENT_BUFFER/J0953+0755/13_07_2026/PDR_GULP_data002.pcap_13_07_2026_14_52_1783934568.PCAP_PDR
13-07-2026 15:12 - WARNING - first_pkt_count, first_gps_count, first_pkt_Tstamp
13-07-2026 15:12 - WARNING - 3973256101 42355 2026-07-13T09:22:16.526282
13-07-2026 15:12 - WARNING - last_pkt_count, last_gps_count, last_pkt_Tstamp
13-07-2026 15:12 - WARNING - 3975138642 42384 2026-07-13T09:22:45.734288
13-07-2026 15:12 - WARNING - diff_pkt_count  , diff_gps_count ,  diff_pkt_timstamp
13-07-2026 15:12 - WARNING - 1882541 29 29208006 microseconds
13-07-2026 15:12 - WARNING - No packet loss: /data/dsp/GBD_TRANSIENT_BUFFER/J0953+0755/13_07_2026/PDR_GULP_data000.pcap_13_07_2026_14_53_1783934597.PCAP_PDR
13-07-2026 15:12 - WARNING - first_pkt_count, first_gps_count, first_pkt_Tstamp
13-07-2026 15:12 - WARNING - 3975138643 42384 2026-07-13T09:22:45.734289
13-07-2026 15:12 - WARNING - last_pkt_count, last_gps_count, last_pkt_Tstamp
13-07-2026 15:12 - WARNING - 3977021184 42413 2026-07-13T09:23:14.942236
13-07-2026 15:12 - WARNING - diff_pkt_count  , diff_gps_count ,  diff_pkt_timstamp
13-07-2026 15:12 - WARNING - 1882541 29 29207947 microseconds
13-07-2026 15:12 - WARNING - No packet loss: /data/dsp/GBD_TRANSIENT_BUFFER/J0953+0755/13_07_2026/PDR_GULP_data001.pcap_13_07_2026_14_53_1783934627.PCAP_PDR
13-07-2026 15:12 - WARNING - first_pkt_count, first_gps_count, first_pkt_Tstamp
13-07-2026 15:12 - WARNING - 3977021185 42413 2026-07-13T09:23:14.942236
13-07-2026 15:12 - WARNING - last_pkt_count, last_gps_count, last_pkt_Tstamp
13-07-2026 15:12 - WARNING - 3978903726 42443 2026-07-13T09:23:44.150193
13-07-2026 15:12 - WARNING - diff_pkt_count  , diff_gps_count ,  diff_pkt_timstamp
13-07-2026 15:12 - WARNING - 1882541 30 29207957 microseconds
13-07-2026 15:12 - WARNING - No packet loss: /data/dsp/GBD_TRANSIENT_BUFFER/J0953+0755/13_07_2026/PDR_GULP_data002.pcap_13_07_2026_14_54_1783934656.PCAP_PDR
13-07-2026 15:12 - WARNING - first_pkt_count, first_gps_count, first_pkt_Tstamp
13-07-2026 15:12 - WARNING - 3978903727 42443 2026-07-13T09:23:44.150260
13-07-2026 15:12 - WARNING - last_pkt_count, last_gps_count, last_pkt_Tstamp
13-07-2026 15:12 - WARNING - 3980786268 42472 2026-07-13T09:24:13.358195
13-07-2026 15:12 - WARNING - diff_pkt_count  , diff_gps_count ,  diff_pkt_timstamp
13-07-2026 15:12 - WARNING - 1882541 29 29207935 microseconds
13-07-2026 15:12 - WARNING - No packet loss: /data/dsp/GBD_TRANSIENT_BUFFER/J0953+0755/13_07_2026/PDR_GULP_data000.pcap_13_07_2026_14_54_1783934685.PCAP_PDR
13-07-2026 15:12 - WARNING - first_pkt_count, first_gps_count, first_pkt_Tstamp
13-07-2026 15:12 - WARNING - 3980786269 42472 2026-07-13T09:24:13.358195
13-07-2026 15:12 - WARNING - last_pkt_count, last_gps_count, last_pkt_Tstamp
13-07-2026 15:12 - WARNING - 3982668810 42501 2026-07-13T09:24:42.566174
13-07-2026 15:12 - WARNING - diff_pkt_count  , diff_gps_count ,  diff_pkt_timstamp
13-07-2026 15:12 - WARNING - 1882541 29 29207979 microseconds
13-07-2026 15:12 - WARNING - No packet loss: /data/dsp/GBD_TRANSIENT_BUFFER/J0953+0755/13_07_2026/PDR_GULP_data001.pcap_13_07_2026_14_55_1783934714.PCAP_PDR
13-07-2026 15:12 - WARNING - first_pkt_count, first_gps_count, first_pkt_Tstamp
13-07-2026 15:12 - WARNING - 3982668811 42501 2026-07-13T09:24:42.566174
13-07-2026 15:12 - WARNING - last_pkt_count, last_gps_count, last_pkt_Tstamp
13-07-2026 15:12 - WARNING - 3984551353 42530 2026-07-13T09:25:11.774122
13-07-2026 15:12 - WARNING - diff_pkt_count  , diff_gps_count ,  diff_pkt_timstamp
13-07-2026 15:12 - WARNING - 1882542 29 29207948 microseconds
13-07-2026 15:12 - WARNING - No packet loss: /data/dsp/GBD_TRANSIENT_BUFFER/J0953+0755/13_07_2026/PDR_GULP_data002.pcap_13_07_2026_14_55_1783934743.PCAP_PDR
13-07-2026 15:12 - WARNING - first_pkt_count, first_gps_count, first_pkt_Tstamp
13-07-2026 15:12 - WARNING - 3984551354 42530 2026-07-13T09:25:11.774123
13-07-2026 15:12 - WARNING - last_pkt_count, last_gps_count, last_pkt_Tstamp
13-07-2026 15:12 - WARNING - 3986433895 42559 2026-07-13T09:25:40.982064
13-07-2026 15:12 - WARNING - diff_pkt_count  , diff_gps_count ,  diff_pkt_timstamp
13-07-2026 15:12 - WARNING - 1882541 29 29207941 microseconds
13-07-2026 15:12 - WARNING - No packet loss: /data/dsp/GBD_TRANSIENT_BUFFER/J0953+0755/13_07_2026/PDR_GULP_data000.pcap_13_07_2026_14_56_1783934773.PCAP_PDR
13-07-2026 15:12 - WARNING - first_pkt_count, first_gps_count, first_pkt_Tstamp
13-07-2026 15:12 - WARNING - 3986433896 42559 2026-07-13T09:25:40.982131
13-07-2026 15:12 - WARNING - last_pkt_count, last_gps_count, last_pkt_Tstamp
13-07-2026 15:12 - WARNING - 3988316437 42589 2026-07-13T09:26:10.190031
13-07-2026 15:12 - WARNING - diff_pkt_count  , diff_gps_count ,  diff_pkt_timstamp
13-07-2026 15:12 - WARNING - 1882541 30 29207900 microseconds
13-07-2026 15:12 - WARNING - No packet loss: /data/dsp/GBD_TRANSIENT_BUFFER/J0953+0755/13_07_2026/PDR_GULP_data001.pcap_13_07_2026_14_56_1783934802.PCAP_PDR
13-07-2026 15:12 - WARNING - first_pkt_count, first_gps_count, first_pkt_Tstamp
13-07-2026 15:12 - WARNING - 3988316438 42589 2026-07-13T09:26:10.190032
13-07-2026 15:12 - WARNING - last_pkt_count, last_gps_count, last_pkt_Tstamp
13-07-2026 15:12 - WARNING - 3990198979 42618 2026-07-13T09:26:39.398001
13-07-2026 15:12 - WARNING - diff_pkt_count  , diff_gps_count ,  diff_pkt_timstamp
13-07-2026 15:12 - WARNING - 1882541 29 29207969 microseconds
13-07-2026 15:12 - WARNING - No packet loss: /data/dsp/GBD_TRANSIENT_BUFFER/J0953+0755/13_07_2026/PDR_GULP_data002.pcap_13_07_2026_14_57_1783934831.PCAP_PDR
13-07-2026 15:12 - WARNING - first_pkt_count, first_gps_count, first_pkt_Tstamp
13-07-2026 15:12 - WARNING - 3990198980 42618 2026-07-13T09:26:39.398001
13-07-2026 15:12 - WARNING - last_pkt_count, last_gps_count, last_pkt_Tstamp
13-07-2026 15:12 - WARNING - 3992081521 42647 2026-07-13T09:27:08.605944
13-07-2026 15:12 - WARNING - diff_pkt_count  , diff_gps_count ,  diff_pkt_timstamp
13-07-2026 15:12 - WARNING - 1882541 29 29207943 microseconds
13-07-2026 15:12 - WARNING - No packet loss: /data/dsp/GBD_TRANSIENT_BUFFER/J0953+0755/13_07_2026/PDR_GULP_data000.pcap_13_07_2026_14_57_1783934860.PCAP_PDR
13-07-2026 15:12 - WARNING - first_pkt_count, first_gps_count, first_pkt_Tstamp
13-07-2026 15:12 - WARNING - 3992081522 42647 2026-07-13T09:27:08.605944
13-07-2026 15:12 - WARNING - last_pkt_count, last_gps_count, last_pkt_Tstamp
13-07-2026 15:12 - WARNING - 3993964063 42676 2026-07-13T09:27:37.813895
13-07-2026 15:12 - WARNING - diff_pkt_count  , diff_gps_count ,  diff_pkt_timstamp
13-07-2026 15:12 - WARNING - 1882541 29 29207951 microseconds
13-07-2026 15:12 - WARNING - No packet loss: /data/dsp/GBD_TRANSIENT_BUFFER/J0953+0755/13_07_2026/PDR_GULP_data001.pcap_13_07_2026_14_58_1783934890.PCAP_PDR
13-07-2026 15:12 - WARNING - first_pkt_count, first_gps_count, first_pkt_Tstamp
13-07-2026 15:12 - WARNING - 3993964064 42676 2026-07-13T09:27:37.813895
13-07-2026 15:12 - WARNING - last_pkt_count, last_gps_count, last_pkt_Tstamp
13-07-2026 15:12 - WARNING - 3995846606 42706 2026-07-13T09:28:07.021861
13-07-2026 15:12 - WARNING - diff_pkt_count  , diff_gps_count ,  diff_pkt_timstamp
13-07-2026 15:12 - WARNING - 1882542 30 29207966 microseconds
13-07-2026 15:12 - WARNING - No packet loss: /data/dsp/GBD_TRANSIENT_BUFFER/J0953+0755/13_07_2026/PDR_GULP_data002.pcap_13_07_2026_14_58_1783934919.PCAP_PDR
13-07-2026 15:12 - WARNING - first_pkt_count, first_gps_count, first_pkt_Tstamp
13-07-2026 15:12 - WARNING - 3995846607 42706 2026-07-13T09:28:07.021915
13-07-2026 15:12 - WARNING - last_pkt_count, last_gps_count, last_pkt_Tstamp
13-07-2026 15:12 - WARNING - 3997729148 42735 2026-07-13T09:28:36.229880
13-07-2026 15:12 - WARNING - diff_pkt_count  , diff_gps_count ,  diff_pkt_timstamp
13-07-2026 15:12 - WARNING - 1882541 29 29207965 microseconds
13-07-2026 15:12 - WARNING - No packet loss: /data/dsp/GBD_TRANSIENT_BUFFER/J0953+0755/13_07_2026/PDR_GULP_data000.pcap_13_07_2026_14_59_1783934948.PCAP_PDR
13-07-2026 15:12 - WARNING - first_pkt_count, first_gps_count, first_pkt_Tstamp
13-07-2026 15:12 - WARNING - 3997729149 42735 2026-07-13T09:28:36.229880
13-07-2026 15:12 - WARNING - last_pkt_count, last_gps_count, last_pkt_Tstamp
13-07-2026 15:12 - WARNING - 3999611690 42764 2026-07-13T09:29:05.437774
13-07-2026 15:12 - WARNING - diff_pkt_count  , diff_gps_count ,  diff_pkt_timstamp
13-07-2026 15:12 - WARNING - 1882541 29 29207894 microseconds
13-07-2026 15:12 - WARNING - No packet loss: /data/dsp/GBD_TRANSIENT_BUFFER/J0953+0755/13_07_2026/PDR_GULP_data001.pcap_13_07_2026_14_59_1783934977.PCAP_PDR
13-07-2026 15:12 - WARNING - first_pkt_count, first_gps_count, first_pkt_Tstamp
13-07-2026 15:12 - WARNING - 3999611691 42764 2026-07-13T09:29:05.437774
13-07-2026 15:12 - WARNING - last_pkt_count, last_gps_count, last_pkt_Tstamp
13-07-2026 15:12 - WARNING - 4001494232 42793 2026-07-13T09:29:34.645710
13-07-2026 15:12 - WARNING - diff_pkt_count  , diff_gps_count ,  diff_pkt_timstamp
13-07-2026 15:12 - WARNING - 1882541 29 29207936 microseconds
13-07-2026 15:12 - WARNING - No packet loss: /data/dsp/GBD_TRANSIENT_BUFFER/J0953+0755/13_07_2026/PDR_GULP_data002.pcap_13_07_2026_15_00_1783935006.PCAP_PDR
13-07-2026 15:12 - WARNING - first_pkt_count, first_gps_count, first_pkt_Tstamp
13-07-2026 15:12 - WARNING - 4001494233 42793 2026-07-13T09:29:34.645710
13-07-2026 15:12 - WARNING - last_pkt_count, last_gps_count, last_pkt_Tstamp
13-07-2026 15:12 - WARNING - 4003376774 42822 2026-07-13T09:30:03.853606
13-07-2026 15:12 - WARNING - diff_pkt_count  , diff_gps_count ,  diff_pkt_timstamp
13-07-2026 15:12 - WARNING - 1882541 29 29207896 microseconds
13-07-2026 15:12 - WARNING - No packet loss: /data/dsp/GBD_TRANSIENT_BUFFER/J0953+0755/13_07_2026/PDR_GULP_data000.pcap_13_07_2026_15_00_1783935036.PCAP_PDR
13-07-2026 15:12 - WARNING - first_pkt_count, first_gps_count, first_pkt_Tstamp
13-07-2026 15:12 - WARNING - 4003376775 42822 2026-07-13T09:30:03.853659
13-07-2026 15:12 - WARNING - last_pkt_count, last_gps_count, last_pkt_Tstamp
13-07-2026 15:12 - WARNING - 4005259316 42852 2026-07-13T09:30:33.061562
13-07-2026 15:12 - WARNING - diff_pkt_count  , diff_gps_count ,  diff_pkt_timstamp
13-07-2026 15:12 - WARNING - 1882541 30 29207903 microseconds
13-07-2026 15:12 - WARNING - No packet loss: /data/dsp/GBD_TRANSIENT_BUFFER/J0953+0755/13_07_2026/PDR_GULP_data001.pcap_13_07_2026_15_01_1783935065.PCAP_PDR
13-07-2026 15:12 - WARNING - first_pkt_count, first_gps_count, first_pkt_Tstamp
13-07-2026 15:12 - WARNING - 4005259317 42852 2026-07-13T09:30:33.061563
13-07-2026 15:12 - WARNING - last_pkt_count, last_gps_count, last_pkt_Tstamp
13-07-2026 15:12 - WARNING - 4007141859 42881 2026-07-13T09:31:02.269595
13-07-2026 15:12 - WARNING - diff_pkt_count  , diff_gps_count ,  diff_pkt_timstamp
13-07-2026 15:12 - WARNING - 1882542 29 29208032 microseconds
13-07-2026 15:12 - WARNING - No packet loss: /data/dsp/GBD_TRANSIENT_BUFFER/J0953+0755/13_07_2026/PDR_GULP_data002.pcap_13_07_2026_15_01_1783935094.PCAP_PDR
13-07-2026 15:12 - WARNING - first_pkt_count, first_gps_count, first_pkt_Tstamp
13-07-2026 15:12 - WARNING - 4007141860 42881 2026-07-13T09:31:02.269595
13-07-2026 15:12 - WARNING - last_pkt_count, last_gps_count, last_pkt_Tstamp
13-07-2026 15:12 - WARNING - 4009024401 42910 2026-07-13T09:31:31.477474
13-07-2026 15:12 - WARNING - diff_pkt_count  , diff_gps_count ,  diff_pkt_timstamp
13-07-2026 15:12 - WARNING - 1882541 29 29207879 microseconds
13-07-2026 15:12 - WARNING - No packet loss: /data/dsp/GBD_TRANSIENT_BUFFER/J0953+0755/13_07_2026/PDR_GULP_data000.pcap_13_07_2026_15_02_1783935123.PCAP_PDR
13-07-2026 15:12 - WARNING - first_pkt_count, first_gps_count, first_pkt_Tstamp
13-07-2026 15:12 - WARNING - 4009024402 42910 2026-07-13T09:31:31.477475
13-07-2026 15:12 - WARNING - last_pkt_count, last_gps_count, last_pkt_Tstamp
13-07-2026 15:12 - WARNING - 4010906943 42939 2026-07-13T09:32:00.685459
13-07-2026 15:12 - WARNING - diff_pkt_count  , diff_gps_count ,  diff_pkt_timstamp
13-07-2026 15:12 - WARNING - 1882541 29 29207984 microseconds
13-07-2026 15:12 - WARNING - No packet loss: /data/dsp/GBD_TRANSIENT_BUFFER/J0953+0755/13_07_2026/PDR_GULP_data001.pcap_13_07_2026_15_02_1783935152.PCAP_PDR
13-07-2026 15:12 - WARNING - first_pkt_count, first_gps_count, first_pkt_Tstamp
13-07-2026 15:12 - WARNING - 4010906944 42939 2026-07-13T09:32:00.685459
13-07-2026 15:12 - WARNING - last_pkt_count, last_gps_count, last_pkt_Tstamp
13-07-2026 15:12 - WARNING - 4012789485 42968 2026-07-13T09:32:29.893382
13-07-2026 15:12 - WARNING - diff_pkt_count  , diff_gps_count ,  diff_pkt_timstamp
13-07-2026 15:12 - WARNING - 1882541 29 29207923 microseconds
13-07-2026 15:12 - WARNING - No packet loss: /data/dsp/GBD_TRANSIENT_BUFFER/J0953+0755/13_07_2026/PDR_GULP_data002.pcap_13_07_2026_15_03_1783935182.PCAP_PDR
13-07-2026 15:12 - WARNING - first_pkt_count, first_gps_count, first_pkt_Tstamp
13-07-2026 15:12 - WARNING - 4012789486 42968 2026-07-13T09:32:29.893382
13-07-2026 15:12 - WARNING - last_pkt_count, last_gps_count, last_pkt_Tstamp
13-07-2026 15:12 - WARNING - 4014672027 42998 2026-07-13T09:32:59.101237
13-07-2026 15:12 - WARNING - diff_pkt_count  , diff_gps_count ,  diff_pkt_timstamp
13-07-2026 15:12 - WARNING - 1882541 30 29207855 microseconds
13-07-2026 15:12 - WARNING - No packet loss: /data/dsp/GBD_TRANSIENT_BUFFER/J0953+0755/13_07_2026/PDR_GULP_data000.pcap_13_07_2026_15_03_1783935211.PCAP_PDR
13-07-2026 15:12 - WARNING - first_pkt_count, first_gps_count, first_pkt_Tstamp
13-07-2026 15:12 - WARNING - 4014672028 42998 2026-07-13T09:32:59.101300
13-07-2026 15:12 - WARNING - last_pkt_count, last_gps_count, last_pkt_Tstamp
13-07-2026 15:12 - WARNING - 4016554569 43027 2026-07-13T09:33:28.309174
13-07-2026 15:12 - WARNING - diff_pkt_count  , diff_gps_count ,  diff_pkt_timstamp
13-07-2026 15:12 - WARNING - 1882541 29 29207874 microseconds
13-07-2026 15:12 - WARNING - No packet loss: /data/dsp/GBD_TRANSIENT_BUFFER/J0953+0755/13_07_2026/PDR_GULP_data001.pcap_13_07_2026_15_04_1783935240.PCAP_PDR
13-07-2026 15:12 - WARNING - first_pkt_count, first_gps_count, first_pkt_Tstamp
13-07-2026 15:12 - WARNING - 4016554570 43027 2026-07-13T09:33:28.309226
13-07-2026 15:12 - WARNING - last_pkt_count, last_gps_count, last_pkt_Tstamp
13-07-2026 15:12 - WARNING - 4018437112 43056 2026-07-13T09:33:57.517150
13-07-2026 15:12 - WARNING - diff_pkt_count  , diff_gps_count ,  diff_pkt_timstamp
13-07-2026 15:12 - WARNING - 1882542 29 29207924 microseconds
13-07-2026 15:12 - WARNING - No packet loss: /data/dsp/GBD_TRANSIENT_BUFFER/J0953+0755/13_07_2026/PDR_GULP_data002.pcap_13_07_2026_15_04_1783935269.PCAP_PDR
13-07-2026 15:12 - WARNING - first_pkt_count, first_gps_count, first_pkt_Tstamp
13-07-2026 15:12 - WARNING - 4018437113 43056 2026-07-13T09:33:57.517150
13-07-2026 15:12 - WARNING - last_pkt_count, last_gps_count, last_pkt_Tstamp
13-07-2026 15:12 - WARNING - 4020319654 43085 2026-07-13T09:34:26.725077
13-07-2026 15:12 - WARNING - diff_pkt_count  , diff_gps_count ,  diff_pkt_timstamp
13-07-2026 15:12 - WARNING - 1882541 29 29207927 microseconds
13-07-2026 15:12 - WARNING - No packet loss: /data/dsp/GBD_TRANSIENT_BUFFER/J0953+0755/13_07_2026/PDR_GULP_data000.pcap_13_07_2026_15_04_1783935298.PCAP_PDR
13-07-2026 15:12 - WARNING - first_pkt_count, first_gps_count, first_pkt_Tstamp
13-07-2026 15:12 - WARNING - 4020319655 43085 2026-07-13T09:34:26.725077
13-07-2026 15:12 - WARNING - last_pkt_count, last_gps_count, last_pkt_Tstamp
13-07-2026 15:12 - WARNING - 4022202196 43114 2026-07-13T09:34:55.932984
13-07-2026 15:12 - WARNING - diff_pkt_count  , diff_gps_count ,  diff_pkt_timstamp
13-07-2026 15:12 - WARNING - 1882541 29 29207907 microseconds
13-07-2026 15:12 - WARNING - No packet loss: /data/dsp/GBD_TRANSIENT_BUFFER/J0953+0755/13_07_2026/PDR_GULP_data001.pcap_13_07_2026_15_05_1783935328.PCAP_PDR
13-07-2026 15:12 - WARNING - first_pkt_count, first_gps_count, first_pkt_Tstamp
13-07-2026 15:12 - WARNING - 4022202197 43114 2026-07-13T09:34:55.932984
13-07-2026 15:12 - WARNING - last_pkt_count, last_gps_count, last_pkt_Tstamp
13-07-2026 15:12 - WARNING - 4024084738 43144 2026-07-13T09:35:25.140900
13-07-2026 15:12 - WARNING - diff_pkt_count  , diff_gps_count ,  diff_pkt_timstamp
13-07-2026 15:12 - WARNING - 1882541 30 29207916 microseconds
13-07-2026 15:12 - WARNING - Packet loss: /data/dsp/GBD_TRANSIENT_BUFFER/J0953+0755/13_07_2026/PDR_GULP_data002.pcap_13_07_2026_15_05_1783935357.PCAP_PDR
13-07-2026 15:12 - WARNING - Packet loss found .... Being fixed ... Please wait ...
13-07-2026 15:12 - WARNING - PCAP filtering ... tcpdump -r /data/dsp/GBD_TRANSIENT_BUFFER/J0953+0755/13_07_2026/PDR_GULP_data002.pcap_13_07_2026_15_05_1783935357.PCAP_PDR.pcap -w PDR_GULP_data002.pcap_13_07_2026_15_05_1783935357_filtered.PCAP_PDR.pcap  host 172.10.10.1 and port 55000 
13-07-2026 15:13 - WARNING - Patched /data/dsp/GBD_TRANSIENT_BUFFER/J0953+0755/13_07_2026/PDR_GULP_data002.pcap_13_07_2026_15_05_1783935357.PCAP_PDR as PDR_GULP_data002.pcap_13_07_2026_15_05_1783935357_filtered.PCAP_PDR
13-07-2026 15:13 - WARNING - Gulped file moved to /data/dsp/GBD_TRANSIENT_BUFFER/J0953+0755/13_07_2026/GULPED
13-07-2026 15:13 - WARNING - first_pkt_count, first_gps_count, first_pkt_Tstamp
13-07-2026 15:13 - WARNING - 4024084739 43144 2026-07-13T09:35:25.140901
13-07-2026 15:13 - WARNING - last_pkt_count, last_gps_count, last_pkt_Tstamp
13-07-2026 15:13 - WARNING - 4025967280 43173 2026-07-13T09:35:54.348824
13-07-2026 15:13 - WARNING - diff_pkt_count  , diff_gps_count ,  diff_pkt_timstamp
13-07-2026 15:13 - WARNING - 1882541 29 29207923 microseconds
13-07-2026 15:13 - WARNING - No packet loss: /data/dsp/GBD_TRANSIENT_BUFFER/J0953+0755/13_07_2026/PDR_GULP_data000.pcap_13_07_2026_15_06_1783935386.PCAP_PDR
13-07-2026 15:13 - WARNING - first_pkt_count, first_gps_count, first_pkt_Tstamp
13-07-2026 15:13 - WARNING - 4025967281 43173 2026-07-13T09:35:54.348876
13-07-2026 15:13 - WARNING - last_pkt_count, last_gps_count, last_pkt_Tstamp
13-07-2026 15:13 - WARNING - 4027849822 43202 2026-07-13T09:36:23.556766
13-07-2026 15:13 - WARNING - diff_pkt_count  , diff_gps_count ,  diff_pkt_timstamp
13-07-2026 15:13 - WARNING - 1882541 29 29207890 microseconds
13-07-2026 15:13 - WARNING - No packet loss: /data/dsp/GBD_TRANSIENT_BUFFER/J0953+0755/13_07_2026/PDR_GULP_data001.pcap_13_07_2026_15_06_1783935415.PCAP_PDR
13-07-2026 15:13 - WARNING - first_pkt_count, first_gps_count, first_pkt_Tstamp
13-07-2026 15:13 - WARNING - 4027849823 43202 2026-07-13T09:36:23.556766
13-07-2026 15:13 - WARNING - last_pkt_count, last_gps_count, last_pkt_Tstamp
13-07-2026 15:13 - WARNING - 4029732364 43231 2026-07-13T09:36:52.764674
13-07-2026 15:13 - WARNING - diff_pkt_count  , diff_gps_count ,  diff_pkt_timstamp
13-07-2026 15:13 - WARNING - 1882541 29 29207908 microseconds
13-07-2026 15:13 - WARNING - No packet loss: /data/dsp/GBD_TRANSIENT_BUFFER/J0953+0755/13_07_2026/PDR_GULP_data002.pcap_13_07_2026_15_07_1783935444.PCAP_PDR
13-07-2026 15:13 - WARNING - first_pkt_count, first_gps_count, first_pkt_Tstamp
13-07-2026 15:13 - WARNING - 4029732365 43231 2026-07-13T09:36:52.764675
13-07-2026 15:13 - WARNING - last_pkt_count, last_gps_count, last_pkt_Tstamp
13-07-2026 15:13 - WARNING - 4031614907 43260 2026-07-13T09:37:21.972654
13-07-2026 15:13 - WARNING - diff_pkt_count  , diff_gps_count ,  diff_pkt_timstamp
13-07-2026 15:13 - WARNING - 1882542 29 29207979 microseconds
13-07-2026 15:13 - WARNING - No packet loss: /data/dsp/GBD_TRANSIENT_BUFFER/J0953+0755/13_07_2026/PDR_GULP_data000.pcap_13_07_2026_15_07_1783935474.PCAP_PDR
13-07-2026 15:13 - WARNING - first_pkt_count, first_gps_count, first_pkt_Tstamp
13-07-2026 15:13 - WARNING - 4031614908 43260 2026-07-13T09:37:21.972655
13-07-2026 15:13 - WARNING - last_pkt_count, last_gps_count, last_pkt_Tstamp
13-07-2026 15:13 - WARNING - 4033497449 43290 2026-07-13T09:37:51.180598
13-07-2026 15:13 - WARNING - diff_pkt_count  , diff_gps_count ,  diff_pkt_timstamp
13-07-2026 15:13 - WARNING - 1882541 30 29207943 microseconds
13-07-2026 15:13 - WARNING - No packet loss: /data/dsp/GBD_TRANSIENT_BUFFER/J0953+0755/13_07_2026/PDR_GULP_data001.pcap_13_07_2026_15_08_1783935503.PCAP_PDR
13-07-2026 15:13 - WARNING - first_pkt_count, first_gps_count, first_pkt_Tstamp
13-07-2026 15:13 - WARNING - 4033497450 43290 2026-07-13T09:37:51.180598
13-07-2026 15:13 - WARNING - last_pkt_count, last_gps_count, last_pkt_Tstamp
13-07-2026 15:13 - WARNING - 4035379991 43319 2026-07-13T09:38:20.388478
13-07-2026 15:13 - WARNING - diff_pkt_count  , diff_gps_count ,  diff_pkt_timstamp
13-07-2026 15:13 - WARNING - 1882541 29 29207880 microseconds
13-07-2026 15:13 - WARNING - No packet loss: /data/dsp/GBD_TRANSIENT_BUFFER/J0953+0755/13_07_2026/PDR_GULP_data002.pcap_13_07_2026_15_08_1783935532.PCAP_PDR
13-07-2026 15:13 - WARNING - first_pkt_count, first_gps_count, first_pkt_Tstamp
13-07-2026 15:13 - WARNING - 4035379992 43319 2026-07-13T09:38:20.388478
13-07-2026 15:13 - WARNING - last_pkt_count, last_gps_count, last_pkt_Tstamp
13-07-2026 15:13 - WARNING - 4037262533 43348 2026-07-13T09:38:49.596355
13-07-2026 15:13 - WARNING - diff_pkt_count  , diff_gps_count ,  diff_pkt_timstamp
13-07-2026 15:13 - WARNING - 1882541 29 29207877 microseconds
13-07-2026 15:13 - WARNING - No packet loss: /data/dsp/GBD_TRANSIENT_BUFFER/J0953+0755/13_07_2026/PDR_GULP_data000.pcap_13_07_2026_15_09_1783935561.PCAP_PDR
13-07-2026 15:13 - WARNING - first_pkt_count, first_gps_count, first_pkt_Tstamp
13-07-2026 15:13 - WARNING - 4037262534 43348 2026-07-13T09:38:49.596408
13-07-2026 15:13 - WARNING - last_pkt_count, last_gps_count, last_pkt_Tstamp
13-07-2026 15:13 - WARNING - 4039145075 43377 2026-07-13T09:39:18.804325
13-07-2026 15:13 - WARNING - diff_pkt_count  , diff_gps_count ,  diff_pkt_timstamp
13-07-2026 15:13 - WARNING - 1882541 29 29207917 microseconds
13-07-2026 15:13 - WARNING - No packet loss: /data/dsp/GBD_TRANSIENT_BUFFER/J0953+0755/13_07_2026/PDR_GULP_data001.pcap_13_07_2026_15_09_1783935591.PCAP_PDR
13-07-2026 15:13 - WARNING - first_pkt_count, first_gps_count, first_pkt_Tstamp
13-07-2026 15:13 - WARNING - 4039145076 43377 2026-07-13T09:39:18.804408
13-07-2026 15:13 - WARNING - last_pkt_count, last_gps_count, last_pkt_Tstamp
13-07-2026 15:13 - WARNING - 4041027617 43407 2026-07-13T09:39:48.012237
13-07-2026 15:13 - WARNING - diff_pkt_count  , diff_gps_count ,  diff_pkt_timstamp
13-07-2026 15:13 - WARNING - 1882541 30 29207829 microseconds
13-07-2026 15:13 - WARNING - No packet loss: /data/dsp/GBD_TRANSIENT_BUFFER/J0953+0755/13_07_2026/PDR_GULP_data002.pcap_13_07_2026_15_10_1783935620.PCAP_PDR
13-07-2026 15:13 - WARNING - first_pkt_count, first_gps_count, first_pkt_Tstamp
13-07-2026 15:13 - WARNING - 4041027618 43407 2026-07-13T09:39:48.012237
13-07-2026 15:13 - WARNING - last_pkt_count, last_gps_count, last_pkt_Tstamp
13-07-2026 15:13 - WARNING - 4042910160 43436 2026-07-13T09:40:17.220210
13-07-2026 15:13 - WARNING - diff_pkt_count  , diff_gps_count ,  diff_pkt_timstamp
13-07-2026 15:13 - WARNING - 1882542 29 29207973 microseconds
13-07-2026 15:13 - WARNING - No packet loss: /data/dsp/GBD_TRANSIENT_BUFFER/J0953+0755/13_07_2026/PDR_GULP_data000.pcap_13_07_2026_15_10_1783935649.PCAP_PDR
13-07-2026 15:13 - WARNING - first_pkt_count, first_gps_count, first_pkt_Tstamp
13-07-2026 15:13 - WARNING - 4042910161 43436 2026-07-13T09:40:17.220210
13-07-2026 15:13 - WARNING - last_pkt_count, last_gps_count, last_pkt_Tstamp
13-07-2026 15:13 - WARNING - 4044792702 43465 2026-07-13T09:40:46.428088
13-07-2026 15:13 - WARNING - diff_pkt_count  , diff_gps_count ,  diff_pkt_timstamp
13-07-2026 15:13 - WARNING - 1882541 29 29207878 microseconds
13-07-2026 15:13 - WARNING - No packet loss: /data/dsp/GBD_TRANSIENT_BUFFER/J0953+0755/13_07_2026/PDR_GULP_data001.pcap_13_07_2026_15_11_1783935678.PCAP_PDR
13-07-2026 15:13 - WARNING - first_pkt_count, first_gps_count, first_pkt_Tstamp
13-07-2026 15:13 - WARNING - 4044792703 43465 2026-07-13T09:40:46.428089
13-07-2026 15:13 - WARNING - last_pkt_count, last_gps_count, last_pkt_Tstamp
13-07-2026 15:13 - WARNING - 4046675244 43494 2026-07-13T09:41:15.636069
13-07-2026 15:13 - WARNING - diff_pkt_count  , diff_gps_count ,  diff_pkt_timstamp
13-07-2026 15:13 - WARNING - 1882541 29 29207980 microseconds
13-07-2026 15:13 - WARNING - No packet loss: /data/dsp/GBD_TRANSIENT_BUFFER/J0953+0755/13_07_2026/PDR_GULP_data002.pcap_13_07_2026_15_11_1783935707.PCAP_PDR
13-07-2026 15:13 - WARNING - first_pkt_count, first_gps_count, first_pkt_Tstamp
13-07-2026 15:13 - WARNING - 4046675245 43494 2026-07-13T09:41:15.636069
13-07-2026 15:13 - WARNING - last_pkt_count, last_gps_count, last_pkt_Tstamp
13-07-2026 15:13 - WARNING - 4048557786 43523 2026-07-13T09:41:44.843903
13-07-2026 15:13 - WARNING - diff_pkt_count  , diff_gps_count ,  diff_pkt_timstamp
13-07-2026 15:13 - WARNING - 1882541 29 29207834 microseconds
13-07-2026 15:13 - WARNING - No packet loss: /data/dsp/GBD_TRANSIENT_BUFFER/J0953+0755/13_07_2026/PDR_GULP_data000.pcap_13_07_2026_15_12_1783935737.PCAP_PDR
13-07-2026 15:13 - WARNING - first_pkt_count, first_gps_count, first_pkt_Tstamp
13-07-2026 15:13 - WARNING - 4048557787 43523 2026-07-13T09:41:44.843955
13-07-2026 15:13 - WARNING - last_pkt_count, last_gps_count, last_pkt_Tstamp
13-07-2026 15:13 - WARNING - 4050440328 43553 2026-07-13T09:42:14.051827
13-07-2026 15:13 - WARNING - diff_pkt_count  , diff_gps_count ,  diff_pkt_timstamp
13-07-2026 15:13 - WARNING - 1882541 30 29207872 microseconds
13-07-2026 15:13 SLIP check Finished...
13-07-2026 15:13 Pulsar data reduction pipeline started ...
13-07-2026 15:13 - WARNING - Data Directory: /data/dsp/GBD_TRANSIENT_BUFFER/J0953+0755/13_07_2026
13-07-2026 15:13 - WARNING - Pulsar: J0953+0755
13-07-2026 15:13 - WARNING - CH selelction: 0
13-07-2026 15:13 - WARNING - Phase file: /home/dsp/PDR_acquire_setup/dada_scripts/phase/rf_path_phase.dat
13-07-2026 15:13 - WARNING - Obs. logfile: /home/dsp/PDR_acquire_setup/master_obs_log/J0953+0755_13_07_2026_observation.log
13-07-2026 15:13 - WARNING - Observation start time: 2026_07_13_14_24_02
13-07-2026 15:13 - WARNING - parfile: /home/dsp/parfiles/J0953+0755.par
13-07-2026 15:13 - WARNING - DM: 2.94368147353273
13-07-2026 15:13 - WARNING - Period: 0.2530654277592862
13-07-2026 15:13 - WARNING - RA_DEC: 09:53:09.3023078+07:55:36.65806
13-07-2026 15:13 - WARNING - out_dada_file: J0953+0755_2026_07_13_14_24_02_type_0.dada
13-07-2026 15:13 - WARNING - Number of files to process: 100
13-07-2026 15:13 - WARNING - Files per batch:  17
13-07-2026 15:42 - WARNING - Time taken for PDR2DADA convertion: 0:29:19.159678
13-07-2026 15:42 - WARNING - Center_freq: 175
13-07-2026 15:42 - WARNING - int_time: 3.0
13-07-2026 15:42 - WARNING - nbins: 256
13-07-2026 15:42 - WARNING - fil_chan: 256
13-07-2026 15:42 - WARNING - cpu: 2,3,4,5,6,7,8,9,10,11,12,13,14,15,16
13-07-2026 15:42 - WARNING - thread: 32
13-07-2026 15:42 - WARNING - nbit: 8
13-07-2026 15:42 - WARNING - time_avg: 0.000256
13-07-2026 15:42 - WARNING - MJD_START: 61234.37086191824
13-07-2026 15:42 - WARNING - output: J0953+0755_61234.37_175MHz_type_0_GBD_DART
13-07-2026 15:42 - WARNING - singularity_container: singularity exec /home/dsp/singularity_imag/pschive_py3.sif  
13-07-2026 15:42 - WARNING - ------ DIGIFITS ------
13-07-2026 15:42 - WARNING - ---- Search Mode FITS -------
13-07-2026 15:42 - WARNING - digifits_ful_stokes_cmd: singularity exec /home/dsp/singularity_imag/pschive_py3.sif  digifits  -F 256 -x 256 -b 8 -p 4 -t 0.000256 J0953+0755_2026_07_13_14_24_02_type_0.dada -o J0953+0755_2026_07_13_14_24_02_type_0.dada_stokes.fits
13-07-2026 16:15 - WARNING - ------ Total intensity FITS -------
13-07-2026 16:15 - WARNING - digifits_total_intensity_cmd: singularity exec /home/dsp/singularity_imag/pschive_py3.sif  digifits  -F 256 -x 256 -b 8 -p 1 -t 0.000256 J0953+0755_2026_07_13_14_24_02_type_0.dada -o J0953+0755_2026_07_13_14_24_02_type_0.dada_intensity.fits
13-07-2026 16:47 - WARNING - Nchan: 256
13-07-2026 16:47 - WARNING - Nbin: 256
13-07-2026 16:47 - WARNING - Tavg: 0.000256
13-07-2026 16:47 - WARNING - Time taken for DIGIFITS run: 1:04:54.928443
13-07-2026 16:47 - WARNING - ------ DSPSR ------
13-07-2026 16:47 - WARNING - ------- Coherent Dedispersion Folded archive -------
13-07-2026 16:47 - WARNING - dspsr_cmd: singularity exec /home/dsp/singularity_imag/pschive_py3.sif  dspsr J0953+0755_2026_07_13_14_24_02_type_0.dada -cpu 2,3,4,5,6,7,8,9,10,11,12,13,14,15,16 -t 32 -E /home/dsp/parfiles/J0953+0755.par -L 3.0 -b 256 -F 256:D -N J0953+0755 -a PSRFITS -A -e .fits -O J0953+0755_61234.37_175MHz_type_0_GBD_DART
13-07-2026 17:18 - WARNING - ------- Incoherent Dedispersion Folded archive -------
13-07-2026 17:18 - WARNING - Incoherent_DD_dspsr_cmd: singularity exec /home/dsp/singularity_imag/pschive_py3.sif  dspsr J0953+0755_2026_07_13_14_24_02_type_0.dada_stokes.fits -cpu 2,3,4,5,6,7,8,9,10,11,12,13,14,15,16 -t 32 -E /home/dsp/parfiles/J0953+0755.par -L 3.0 -b 256 -N J0953+0755 -A -e .fits -O J0953+0755_61234.37_175MHz_type_0_GBD_DART_stokes_Incoherent_DD
13-07-2026 17:21 - WARNING - Time taken for DSPSR run: 0:33:59.306558
13-07-2026 17:21 - WARNING - ------ PSREDIT ------
13-07-2026 17:21 - WARNING - psredit_cmd: singularity exec /home/dsp/singularity_imag/pschive_py3.sif  psredit -c name=J0953+0755,be:name=GSB,coord=09:53:09.3023078+07:55:36.65806 -m *_GBD_DART*fits
13-07-2026 17:21 - WARNING - Time taken for PSREDIT run: 0:00:12.192765
13-07-2026 17:21 - WARNING - ------ Iterative RFI Cleaner ------
13-07-2026 17:21 - WARNING - Iterative_cleaner_cmd: singularity exec /home/dsp/singularity_imag/pschive_py3.sif   python3 /home/dsp/PDR_acquire_setup/iterative_cleaner.py -s 3 -c 3 -m 10 *_GBD_DART*fits
13-07-2026 17:28 - WARNING - Time taken for Iterative_cleaner run: 0:06:57.667321
13-07-2026 17:28 - WARNING - ------ PDMP ------
13-07-2026 17:28 - WARNING - pdmp_cmd1: singularity exec /home/dsp/singularity_imag/pschive_py3.sif  pdmp -dr 2 -ds 0.05 -g J0953+0755_61234.37_175MHz_type_0_GBD_DART.fits_cleaned.ar.ps/cps J0953+0755_61234.37_175MHz_type_0_GBD_DART.fits_cleaned.ar
13-07-2026 18:04 - WARNING - pdmp_cmd2: singularity exec /home/dsp/singularity_imag/pschive_py3.sif  pdmp -dr 2 -ds 0.05 -g J0953+0755_61234.37_175MHz_type_0_GBD_DART_stokes_Incoherent_DD.fits_cleaned.ar.ps/cps J0953+0755_61234.37_175MHz_type_0_GBD_DART_stokes_Incoherent_DD.fits_cleaned.ar
13-07-2026 18:35 - WARNING - Time taken for PDMP run: 1:07:13.675105
13-07-2026 18:35 - WARNING - ------ PS2PDF ------
13-07-2026 18:35 - WARNING - ps2pdf_cmd1: singularity exec /home/dsp/singularity_imag/pschive_py3.sif  ps2pdf J0953+0755_61234.37_175MHz_type_0_GBD_DART.fits_cleaned.ar.ps J0953+0755_61234.37_175MHz_type_0_GBD_DART.fits_cleaned.ar.ps.pdf
13-07-2026 18:35 - WARNING - ps2pdf_cmd2: singularity exec /home/dsp/singularity_imag/pschive_py3.sif  ps2pdf J0953+0755_61234.37_175MHz_type_0_GBD_DART_stokes_Incoherent_DD.fits_cleaned.ar.ps J0953+0755_61234.37_175MHz_type_0_GBD_DART_stokes_Incoherent_DD.fits_cleaned.ar.ps.pdf
13-07-2026 18:35 - WARNING - Time taken for PDMP run: 0:00:01.411551
13-07-2026 18:35 - WARNING - Overall time taken for data reduction: 3:22:39.404223
13-07-2026 18:35 - WARNING - J0953+0755_2026_07_13_14_24_02_type_0.dada... file removed
13-07-2026 18:35 - WARNING - All done!
13-07-2026 18:36 --- PRESTO ---
13-07-2026 18:36 singularity_container: singularity exec /home/dsp/singularity_imag/pschive_py3.sif  
13-07-2026 18:36 Filterbank to Process for PULSAR: J0953+0755 with DM:2.94368147353273 : J0953+0755_2026_07_13_14_24_02_type_0.dada_intensity.fits
13-07-2026 18:36 --- RFIFIND ---
13-07-2026 18:36 RFIFIND: singularity exec /home/dsp/singularity_imag/pschive_py3.sif   rfifind -time 2.0 -o J0953+0755 J0953+0755_2026_07_13_14_24_02_type_0.dada_intensity.fits
13-07-2026 18:37 --- PREPDATA ---
13-07-2026 18:37 PREPDATA: singularity exec /home/dsp/singularity_imag/pschive_py3.sif   prepdata -nobary -o J0953+0755_2026_07_13_14_24_02_type_0.dada_intensity.fits -dm 2.94368147353273 -mask J0953+0755_rfifind.mask J0953+0755_2026_07_13_14_24_02_type_0.dada_intensity.fits
13-07-2026 18:37 --- REALFFT ---
13-07-2026 18:37 REALFFT: singularity exec /home/dsp/singularity_imag/pschive_py3.sif   realfft  J0953+0755_2026_07_13_14_24_02_type_0.dada_intensity.fits.dat
13-07-2026 18:37 --- ACCELSEARCH ---
13-07-2026 18:37 ACCELSEARCH: singularity exec /home/dsp/singularity_imag/pschive_py3.sif   accelsearch -numharm 8 -zmax 8  J0953+0755_2026_07_13_14_24_02_type_0.dada_intensity.fits.fft
13-07-2026 18:37 Observation Over.
