28-07-2026 13:24 Waiting for J0953+0755 observation...
28-07-2026 13:29 Observation started...
28-07-2026 13:29 Pulsar: J0953+0755 , parfile: /home/dsp/parfiles/J0953+0755.par , DM: 59400
28-07-2026 13:29 Trigger sent to obs. PC [VELA].
28-07-2026 14:13 Acquired 100.
28-07-2026 14:13 ACQ over.
28-07-2026 14:13 Removing Trigger file from remote machine 
28-07-2026 14:13 Observation stoped.
-rw------- 1 dsp dsp 2.0G Jul 28 13:25 /data/TRANSIENT_BUFFER/PDR_GULP_data002.pcap_28_07_2026_13_25_1785225317.PCAP_PDR
-rw------- 1 dsp dsp 2.0G Jul 28 13:25 /data/TRANSIENT_BUFFER/PDR_GULP_data000.pcap_28_07_2026_13_25_1785225346.PCAP_PDR
-rw------- 1 dsp dsp 2.0G Jul 28 13:26 /data/TRANSIENT_BUFFER/PDR_GULP_data001.pcap_28_07_2026_13_26_1785225375.PCAP_PDR
-rw------- 1 dsp dsp 2.0G Jul 28 13:26 /data/TRANSIENT_BUFFER/PDR_GULP_data002.pcap_28_07_2026_13_26_1785225404.PCAP_PDR
-rw------- 1 dsp dsp 2.0G Jul 28 13:27 /data/TRANSIENT_BUFFER/PDR_GULP_data000.pcap_28_07_2026_13_27_1785225433.PCAP_PDR
-rw------- 1 dsp dsp 2.0G Jul 28 13:27 /data/TRANSIENT_BUFFER/PDR_GULP_data001.pcap_28_07_2026_13_27_1785225463.PCAP_PDR
-rw------- 1 dsp dsp 2.0G Jul 28 13:28 /data/TRANSIENT_BUFFER/PDR_GULP_data002.pcap_28_07_2026_13_28_1785225492.PCAP_PDR
-rw------- 1 dsp dsp 2.0G Jul 28 13:28 /data/TRANSIENT_BUFFER/PDR_GULP_data000.pcap_28_07_2026_13_28_1785225521.PCAP_PDR
-rw------- 1 dsp dsp 2.0G Jul 28 13:29 /data/TRANSIENT_BUFFER/PDR_GULP_data001.pcap_28_07_2026_13_29_1785225550.PCAP_PDR
-rw------- 1 dsp dsp 2.0G Jul 28 13:29 /data/TRANSIENT_BUFFER/PDR_GULP_data002.pcap_28_07_2026_13_29_1785225579.PCAP_PDR
-rw------- 1 dsp dsp 2.0G Jul 28 13:30 /data/TRANSIENT_BUFFER/PDR_GULP_data000.pcap_28_07_2026_13_30_1785225609.PCAP_PDR
-rw------- 1 dsp dsp 2.0G Jul 28 13:30 /data/TRANSIENT_BUFFER/PDR_GULP_data001.pcap_28_07_2026_13_30_1785225638.PCAP_PDR
-rw------- 1 dsp dsp 2.0G Jul 28 13:31 /data/TRANSIENT_BUFFER/PDR_GULP_data002.pcap_28_07_2026_13_31_1785225667.PCAP_PDR
-rw------- 1 dsp dsp 2.0G Jul 28 13:31 /data/TRANSIENT_BUFFER/PDR_GULP_data000.pcap_28_07_2026_13_31_1785225696.PCAP_PDR
-rw------- 1 dsp dsp 2.0G Jul 28 13:32 /data/TRANSIENT_BUFFER/PDR_GULP_data001.pcap_28_07_2026_13_32_1785225725.PCAP_PDR
-rw------- 1 dsp dsp 2.0G Jul 28 13:32 /data/TRANSIENT_BUFFER/PDR_GULP_data002.pcap_28_07_2026_13_32_1785225755.PCAP_PDR
-rw------- 1 dsp dsp 2.0G Jul 28 13:33 /data/TRANSIENT_BUFFER/PDR_GULP_data000.pcap_28_07_2026_13_33_1785225784.PCAP_PDR
-rw------- 1 dsp dsp 2.0G Jul 28 13:33 /data/TRANSIENT_BUFFER/PDR_GULP_data001.pcap_28_07_2026_13_33_1785225813.PCAP_PDR
-rw------- 1 dsp dsp 2.0G Jul 28 13:33 /data/TRANSIENT_BUFFER/PDR_GULP_data002.pcap_28_07_2026_13_34_1785225842.PCAP_PDR
-rw------- 1 dsp dsp 2.0G Jul 28 13:34 /data/TRANSIENT_BUFFER/PDR_GULP_data000.pcap_28_07_2026_13_34_1785225871.PCAP_PDR
-rw------- 1 dsp dsp 2.0G Jul 28 13:34 /data/TRANSIENT_BUFFER/PDR_GULP_data001.pcap_28_07_2026_13_35_1785225901.PCAP_PDR
-rw------- 1 dsp dsp 2.0G Jul 28 13:35 /data/TRANSIENT_BUFFER/PDR_GULP_data002.pcap_28_07_2026_13_35_1785225930.PCAP_PDR
-rw------- 1 dsp dsp 2.0G Jul 28 13:35 /data/TRANSIENT_BUFFER/PDR_GULP_data000.pcap_28_07_2026_13_35_1785225959.PCAP_PDR
-rw------- 1 dsp dsp 2.0G Jul 28 13:36 /data/TRANSIENT_BUFFER/PDR_GULP_data001.pcap_28_07_2026_13_36_1785225988.PCAP_PDR
-rw------- 1 dsp dsp 2.0G Jul 28 13:36 /data/TRANSIENT_BUFFER/PDR_GULP_data002.pcap_28_07_2026_13_36_1785226018.PCAP_PDR
-rw------- 1 dsp dsp 2.0G Jul 28 13:37 /data/TRANSIENT_BUFFER/PDR_GULP_data000.pcap_28_07_2026_13_37_1785226047.PCAP_PDR
-rw------- 1 dsp dsp 2.0G Jul 28 13:37 /data/TRANSIENT_BUFFER/PDR_GULP_data001.pcap_28_07_2026_13_37_1785226076.PCAP_PDR
-rw------- 1 dsp dsp 2.0G Jul 28 13:38 /data/TRANSIENT_BUFFER/PDR_GULP_data002.pcap_28_07_2026_13_38_1785226105.PCAP_PDR
-rw------- 1 dsp dsp 2.0G Jul 28 13:38 /data/TRANSIENT_BUFFER/PDR_GULP_data000.pcap_28_07_2026_13_38_1785226134.PCAP_PDR
-rw------- 1 dsp dsp 2.0G Jul 28 13:39 /data/TRANSIENT_BUFFER/PDR_GULP_data001.pcap_28_07_2026_13_39_1785226164.PCAP_PDR
-rw------- 1 dsp dsp 2.0G Jul 28 13:39 /data/TRANSIENT_BUFFER/PDR_GULP_data002.pcap_28_07_2026_13_39_1785226193.PCAP_PDR
-rw------- 1 dsp dsp 2.0G Jul 28 13:40 /data/TRANSIENT_BUFFER/PDR_GULP_data000.pcap_28_07_2026_13_40_1785226222.PCAP_PDR
-rw------- 1 dsp dsp 2.0G Jul 28 13:40 /data/TRANSIENT_BUFFER/PDR_GULP_data001.pcap_28_07_2026_13_40_1785226251.PCAP_PDR
-rw------- 1 dsp dsp 2.0G Jul 28 13:41 /data/TRANSIENT_BUFFER/PDR_GULP_data002.pcap_28_07_2026_13_41_1785226280.PCAP_PDR
-rw------- 1 dsp dsp 2.0G Jul 28 13:41 /data/TRANSIENT_BUFFER/PDR_GULP_data000.pcap_28_07_2026_13_41_1785226310.PCAP_PDR
-rw------- 1 dsp dsp 2.0G Jul 28 13:42 /data/TRANSIENT_BUFFER/PDR_GULP_data001.pcap_28_07_2026_13_42_1785226339.PCAP_PDR
-rw------- 1 dsp dsp 2.0G Jul 28 13:42 /data/TRANSIENT_BUFFER/PDR_GULP_data002.pcap_28_07_2026_13_42_1785226368.PCAP_PDR
-rw------- 1 dsp dsp 2.0G Jul 28 13:43 /data/TRANSIENT_BUFFER/PDR_GULP_data000.pcap_28_07_2026_13_43_1785226397.PCAP_PDR
-rw------- 1 dsp dsp 2.0G Jul 28 13:43 /data/TRANSIENT_BUFFER/PDR_GULP_data001.pcap_28_07_2026_13_43_1785226426.PCAP_PDR
-rw------- 1 dsp dsp 2.0G Jul 28 13:44 /data/TRANSIENT_BUFFER/PDR_GULP_data002.pcap_28_07_2026_13_44_1785226456.PCAP_PDR
-rw------- 1 dsp dsp 2.0G Jul 28 13:44 /data/TRANSIENT_BUFFER/PDR_GULP_data000.pcap_28_07_2026_13_44_1785226485.PCAP_PDR
-rw------- 1 dsp dsp 2.0G Jul 28 13:45 /data/TRANSIENT_BUFFER/PDR_GULP_data001.pcap_28_07_2026_13_45_1785226514.PCAP_PDR
-rw------- 1 dsp dsp 2.0G Jul 28 13:45 /data/TRANSIENT_BUFFER/PDR_GULP_data002.pcap_28_07_2026_13_45_1785226543.PCAP_PDR
-rw------- 1 dsp dsp 2.0G Jul 28 13:46 /data/TRANSIENT_BUFFER/PDR_GULP_data000.pcap_28_07_2026_13_46_1785226572.PCAP_PDR
-rw------- 1 dsp dsp 2.0G Jul 28 13:46 /data/TRANSIENT_BUFFER/PDR_GULP_data001.pcap_28_07_2026_13_46_1785226602.PCAP_PDR
-rw------- 1 dsp dsp 2.0G Jul 28 13:47 /data/TRANSIENT_BUFFER/PDR_GULP_data002.pcap_28_07_2026_13_47_1785226631.PCAP_PDR
-rw------- 1 dsp dsp 2.0G Jul 28 13:47 /data/TRANSIENT_BUFFER/PDR_GULP_data000.pcap_28_07_2026_13_47_1785226660.PCAP_PDR
-rw------- 1 dsp dsp 2.0G Jul 28 13:48 /data/TRANSIENT_BUFFER/PDR_GULP_data001.pcap_28_07_2026_13_48_1785226689.PCAP_PDR
-rw------- 1 dsp dsp 2.0G Jul 28 13:48 /data/TRANSIENT_BUFFER/PDR_GULP_data002.pcap_28_07_2026_13_48_1785226719.PCAP_PDR
-rw------- 1 dsp dsp 2.0G Jul 28 13:49 /data/TRANSIENT_BUFFER/PDR_GULP_data000.pcap_28_07_2026_13_49_1785226748.PCAP_PDR
-rw------- 1 dsp dsp 2.0G Jul 28 13:49 /data/TRANSIENT_BUFFER/PDR_GULP_data001.pcap_28_07_2026_13_49_1785226777.PCAP_PDR
-rw------- 1 dsp dsp 2.0G Jul 28 13:50 /data/TRANSIENT_BUFFER/PDR_GULP_data002.pcap_28_07_2026_13_50_1785226806.PCAP_PDR
-rw------- 1 dsp dsp 2.0G Jul 28 13:50 /data/TRANSIENT_BUFFER/PDR_GULP_data000.pcap_28_07_2026_13_50_1785226835.PCAP_PDR
-rw------- 1 dsp dsp 2.0G Jul 28 13:51 /data/TRANSIENT_BUFFER/PDR_GULP_data001.pcap_28_07_2026_13_51_1785226865.PCAP_PDR
-rw------- 1 dsp dsp 2.0G Jul 28 13:51 /data/TRANSIENT_BUFFER/PDR_GULP_data002.pcap_28_07_2026_13_51_1785226894.PCAP_PDR
-rw------- 1 dsp dsp 2.0G Jul 28 13:52 /data/TRANSIENT_BUFFER/PDR_GULP_data000.pcap_28_07_2026_13_52_1785226923.PCAP_PDR
-rw------- 1 dsp dsp 2.0G Jul 28 13:52 /data/TRANSIENT_BUFFER/PDR_GULP_data001.pcap_28_07_2026_13_52_1785226952.PCAP_PDR
-rw------- 1 dsp dsp 2.0G Jul 28 13:52 /data/TRANSIENT_BUFFER/PDR_GULP_data002.pcap_28_07_2026_13_53_1785226981.PCAP_PDR
-rw------- 1 dsp dsp 2.0G Jul 28 13:53 /data/TRANSIENT_BUFFER/PDR_GULP_data000.pcap_28_07_2026_13_53_1785227011.PCAP_PDR
-rw------- 1 dsp dsp 2.0G Jul 28 13:53 /data/TRANSIENT_BUFFER/PDR_GULP_data001.pcap_28_07_2026_13_54_1785227040.PCAP_PDR
-rw------- 1 dsp dsp 2.0G Jul 28 13:54 /data/TRANSIENT_BUFFER/PDR_GULP_data002.pcap_28_07_2026_13_54_1785227069.PCAP_PDR
-rw------- 1 dsp dsp 2.0G Jul 28 13:54 /data/TRANSIENT_BUFFER/PDR_GULP_data000.pcap_28_07_2026_13_54_1785227098.PCAP_PDR
-rw------- 1 dsp dsp 2.0G Jul 28 13:55 /data/TRANSIENT_BUFFER/PDR_GULP_data001.pcap_28_07_2026_13_55_1785227127.PCAP_PDR
-rw------- 1 dsp dsp 2.0G Jul 28 13:55 /data/TRANSIENT_BUFFER/PDR_GULP_data002.pcap_28_07_2026_13_55_1785227157.PCAP_PDR
-rw------- 1 dsp dsp 2.0G Jul 28 13:56 /data/TRANSIENT_BUFFER/PDR_GULP_data000.pcap_28_07_2026_13_56_1785227186.PCAP_PDR
-rw------- 1 dsp dsp 2.0G Jul 28 13:56 /data/TRANSIENT_BUFFER/PDR_GULP_data001.pcap_28_07_2026_13_56_1785227215.PCAP_PDR
-rw------- 1 dsp dsp 2.0G Jul 28 13:57 /data/TRANSIENT_BUFFER/PDR_GULP_data002.pcap_28_07_2026_13_57_1785227244.PCAP_PDR
-rw------- 1 dsp dsp 2.0G Jul 28 13:57 /data/TRANSIENT_BUFFER/PDR_GULP_data000.pcap_28_07_2026_13_57_1785227273.PCAP_PDR
-rw------- 1 dsp dsp 2.0G Jul 28 13:58 /data/TRANSIENT_BUFFER/PDR_GULP_data001.pcap_28_07_2026_13_58_1785227303.PCAP_PDR
-rw------- 1 dsp dsp 2.0G Jul 28 13:58 /data/TRANSIENT_BUFFER/PDR_GULP_data002.pcap_28_07_2026_13_58_1785227332.PCAP_PDR
-rw------- 1 dsp dsp 2.0G Jul 28 13:59 /data/TRANSIENT_BUFFER/PDR_GULP_data000.pcap_28_07_2026_13_59_1785227361.PCAP_PDR
-rw------- 1 dsp dsp 2.0G Jul 28 13:59 /data/TRANSIENT_BUFFER/PDR_GULP_data001.pcap_28_07_2026_13_59_1785227390.PCAP_PDR
-rw------- 1 dsp dsp 2.0G Jul 28 14:00 /data/TRANSIENT_BUFFER/PDR_GULP_data002.pcap_28_07_2026_14_00_1785227420.PCAP_PDR
-rw------- 1 dsp dsp 2.0G Jul 28 14:00 /data/TRANSIENT_BUFFER/PDR_GULP_data000.pcap_28_07_2026_14_00_1785227449.PCAP_PDR
-rw------- 1 dsp dsp 2.0G Jul 28 14:01 /data/TRANSIENT_BUFFER/PDR_GULP_data001.pcap_28_07_2026_14_01_1785227478.PCAP_PDR
-rw------- 1 dsp dsp 2.0G Jul 28 14:01 /data/TRANSIENT_BUFFER/PDR_GULP_data002.pcap_28_07_2026_14_01_1785227507.PCAP_PDR
-rw------- 1 dsp dsp 2.0G Jul 28 14:02 /data/TRANSIENT_BUFFER/PDR_GULP_data000.pcap_28_07_2026_14_02_1785227536.PCAP_PDR
-rw------- 1 dsp dsp 2.0G Jul 28 14:02 /data/TRANSIENT_BUFFER/PDR_GULP_data001.pcap_28_07_2026_14_02_1785227566.PCAP_PDR
-rw------- 1 dsp dsp 2.0G Jul 28 14:03 /data/TRANSIENT_BUFFER/PDR_GULP_data002.pcap_28_07_2026_14_03_1785227595.PCAP_PDR
-rw------- 1 dsp dsp 2.0G Jul 28 14:03 /data/TRANSIENT_BUFFER/PDR_GULP_data000.pcap_28_07_2026_14_03_1785227624.PCAP_PDR
-rw------- 1 dsp dsp 2.0G Jul 28 14:04 /data/TRANSIENT_BUFFER/PDR_GULP_data001.pcap_28_07_2026_14_04_1785227653.PCAP_PDR
-rw------- 1 dsp dsp 2.0G Jul 28 14:04 /data/TRANSIENT_BUFFER/PDR_GULP_data002.pcap_28_07_2026_14_04_1785227682.PCAP_PDR
-rw------- 1 dsp dsp 2.0G Jul 28 14:05 /data/TRANSIENT_BUFFER/PDR_GULP_data000.pcap_28_07_2026_14_05_1785227712.PCAP_PDR
-rw------- 1 dsp dsp 2.0G Jul 28 14:05 /data/TRANSIENT_BUFFER/PDR_GULP_data001.pcap_28_07_2026_14_05_1785227741.PCAP_PDR
-rw------- 1 dsp dsp 2.0G Jul 28 14:06 /data/TRANSIENT_BUFFER/PDR_GULP_data002.pcap_28_07_2026_14_06_1785227770.PCAP_PDR
-rw------- 1 dsp dsp 2.0G Jul 28 14:06 /data/TRANSIENT_BUFFER/PDR_GULP_data000.pcap_28_07_2026_14_06_1785227799.PCAP_PDR
-rw------- 1 dsp dsp 2.0G Jul 28 14:07 /data/TRANSIENT_BUFFER/PDR_GULP_data001.pcap_28_07_2026_14_07_1785227828.PCAP_PDR
-rw------- 1 dsp dsp 2.0G Jul 28 14:07 /data/TRANSIENT_BUFFER/PDR_GULP_data002.pcap_28_07_2026_14_07_1785227858.PCAP_PDR
-rw------- 1 dsp dsp 2.0G Jul 28 14:08 /data/TRANSIENT_BUFFER/PDR_GULP_data000.pcap_28_07_2026_14_08_1785227887.PCAP_PDR
-rw------- 1 dsp dsp 2.0G Jul 28 14:08 /data/TRANSIENT_BUFFER/PDR_GULP_data001.pcap_28_07_2026_14_08_1785227916.PCAP_PDR
-rw------- 1 dsp dsp 2.0G Jul 28 14:09 /data/TRANSIENT_BUFFER/PDR_GULP_data002.pcap_28_07_2026_14_09_1785227945.PCAP_PDR
-rw------- 1 dsp dsp 2.0G Jul 28 14:09 /data/TRANSIENT_BUFFER/PDR_GULP_data000.pcap_28_07_2026_14_09_1785227974.PCAP_PDR
-rw------- 1 dsp dsp 2.0G Jul 28 14:10 /data/TRANSIENT_BUFFER/PDR_GULP_data001.pcap_28_07_2026_14_10_1785228004.PCAP_PDR
-rw------- 1 dsp dsp 2.0G Jul 28 14:10 /data/TRANSIENT_BUFFER/PDR_GULP_data002.pcap_28_07_2026_14_10_1785228033.PCAP_PDR
-rw------- 1 dsp dsp 2.0G Jul 28 14:10 /data/TRANSIENT_BUFFER/PDR_GULP_data000.pcap_28_07_2026_14_11_1785228062.PCAP_PDR
-rw------- 1 dsp dsp 2.0G Jul 28 14:11 /data/TRANSIENT_BUFFER/PDR_GULP_data001.pcap_28_07_2026_14_11_1785228091.PCAP_PDR
-rw------- 1 dsp dsp 2.0G Jul 28 14:11 /data/TRANSIENT_BUFFER/PDR_GULP_data002.pcap_28_07_2026_14_12_1785228120.PCAP_PDR
-rw------- 1 dsp dsp 2.0G Jul 28 14:12 /data/TRANSIENT_BUFFER/PDR_GULP_data000.pcap_28_07_2026_14_12_1785228150.PCAP_PDR
-rw------- 1 dsp dsp 2.0G Jul 28 14:12 /data/TRANSIENT_BUFFER/PDR_GULP_data001.pcap_28_07_2026_14_12_1785228179.PCAP_PDR
-rw------- 1 dsp dsp 2.0G Jul 28 14:13 /data/TRANSIENT_BUFFER/PDR_GULP_data002.pcap_28_07_2026_14_13_1785228208.PCAP_PDR
28-07-2026 14:13 RAW PCAP data moved from Transient Buffer.
28-07-2026 14:13 SLIP check Started ...
28-07-2026 14:13 - WARNING - Data Directory: /data/dsp/GBD_TRANSIENT_BUFFER/J0953+0755/28_07_2026
28-07-2026 14:13 - WARNING - Number of Files: 100
28-07-2026 14:13 - WARNING - No packet loss: /data/dsp/GBD_TRANSIENT_BUFFER/J0953+0755/28_07_2026/PDR_GULP_data002.pcap_28_07_2026_13_25_1785225317.PCAP_PDR
28-07-2026 14:13 - WARNING - first_pkt_count, first_gps_count, first_pkt_Tstamp
28-07-2026 14:13 - WARNING - 1081163098 23380 2026-07-28T07:54:44.829983
28-07-2026 14:13 - WARNING - last_pkt_count, last_gps_count, last_pkt_Tstamp
28-07-2026 14:13 - WARNING - 1083045639 23410 2026-07-28T07:55:14.037854
28-07-2026 14:13 - WARNING - diff_pkt_count  , diff_gps_count ,  diff_pkt_timstamp
28-07-2026 14:13 - WARNING - 1882541 30 29207871 microseconds
28-07-2026 14:13 - WARNING - No packet loss: /data/dsp/GBD_TRANSIENT_BUFFER/J0953+0755/28_07_2026/PDR_GULP_data000.pcap_28_07_2026_13_25_1785225346.PCAP_PDR
28-07-2026 14:13 - WARNING - first_pkt_count, first_gps_count, first_pkt_Tstamp
28-07-2026 14:13 - WARNING - 1083045640 23410 2026-07-28T07:55:14.037855
28-07-2026 14:13 - WARNING - last_pkt_count, last_gps_count, last_pkt_Tstamp
28-07-2026 14:13 - WARNING - 1084928181 23439 2026-07-28T07:55:43.245776
28-07-2026 14:13 - WARNING - diff_pkt_count  , diff_gps_count ,  diff_pkt_timstamp
28-07-2026 14:13 - WARNING - 1882541 29 29207921 microseconds
28-07-2026 14:13 - WARNING - No packet loss: /data/dsp/GBD_TRANSIENT_BUFFER/J0953+0755/28_07_2026/PDR_GULP_data001.pcap_28_07_2026_13_26_1785225375.PCAP_PDR
28-07-2026 14:13 - WARNING - first_pkt_count, first_gps_count, first_pkt_Tstamp
28-07-2026 14:13 - WARNING - 1084928182 23439 2026-07-28T07:55:43.245863
28-07-2026 14:13 - WARNING - last_pkt_count, last_gps_count, last_pkt_Tstamp
28-07-2026 14:13 - WARNING - 1086810724 23468 2026-07-28T07:56:12.453796
28-07-2026 14:13 - WARNING - diff_pkt_count  , diff_gps_count ,  diff_pkt_timstamp
28-07-2026 14:13 - WARNING - 1882542 29 29207933 microseconds
28-07-2026 14:13 - WARNING - No packet loss: /data/dsp/GBD_TRANSIENT_BUFFER/J0953+0755/28_07_2026/PDR_GULP_data002.pcap_28_07_2026_13_26_1785225404.PCAP_PDR
28-07-2026 14:13 - WARNING - first_pkt_count, first_gps_count, first_pkt_Tstamp
28-07-2026 14:13 - WARNING - 1086810725 23468 2026-07-28T07:56:12.453796
28-07-2026 14:13 - WARNING - last_pkt_count, last_gps_count, last_pkt_Tstamp
28-07-2026 14:13 - WARNING - 1088693266 23497 2026-07-28T07:56:41.661733
28-07-2026 14:13 - WARNING - diff_pkt_count  , diff_gps_count ,  diff_pkt_timstamp
28-07-2026 14:13 - WARNING - 1882541 29 29207937 microseconds
28-07-2026 14:13 - WARNING - No packet loss: /data/dsp/GBD_TRANSIENT_BUFFER/J0953+0755/28_07_2026/PDR_GULP_data000.pcap_28_07_2026_13_27_1785225433.PCAP_PDR
28-07-2026 14:13 - WARNING - first_pkt_count, first_gps_count, first_pkt_Tstamp
28-07-2026 14:13 - WARNING - 1088693267 23497 2026-07-28T07:56:41.661734
28-07-2026 14:13 - WARNING - last_pkt_count, last_gps_count, last_pkt_Tstamp
28-07-2026 14:13 - WARNING - 1090575808 23526 2026-07-28T07:57:10.869613
28-07-2026 14:13 - WARNING - diff_pkt_count  , diff_gps_count ,  diff_pkt_timstamp
28-07-2026 14:13 - WARNING - 1882541 29 29207879 microseconds
28-07-2026 14:13 - WARNING - No packet loss: /data/dsp/GBD_TRANSIENT_BUFFER/J0953+0755/28_07_2026/PDR_GULP_data001.pcap_28_07_2026_13_27_1785225463.PCAP_PDR
28-07-2026 14:13 - WARNING - first_pkt_count, first_gps_count, first_pkt_Tstamp
28-07-2026 14:13 - WARNING - 1090575809 23526 2026-07-28T07:57:10.869704
28-07-2026 14:13 - WARNING - last_pkt_count, last_gps_count, last_pkt_Tstamp
28-07-2026 14:13 - WARNING - 1092458350 23556 2026-07-28T07:57:40.077554
28-07-2026 14:13 - WARNING - diff_pkt_count  , diff_gps_count ,  diff_pkt_timstamp
28-07-2026 14:13 - WARNING - 1882541 30 29207850 microseconds
28-07-2026 14:13 - WARNING - No packet loss: /data/dsp/GBD_TRANSIENT_BUFFER/J0953+0755/28_07_2026/PDR_GULP_data002.pcap_28_07_2026_13_28_1785225492.PCAP_PDR
28-07-2026 14:13 - WARNING - first_pkt_count, first_gps_count, first_pkt_Tstamp
28-07-2026 14:13 - WARNING - 1092458351 23556 2026-07-28T07:57:40.077642
28-07-2026 14:13 - WARNING - last_pkt_count, last_gps_count, last_pkt_Tstamp
28-07-2026 14:13 - WARNING - 1094340892 23585 2026-07-28T07:58:09.285574
28-07-2026 14:13 - WARNING - diff_pkt_count  , diff_gps_count ,  diff_pkt_timstamp
28-07-2026 14:13 - WARNING - 1882541 29 29207932 microseconds
28-07-2026 14:13 - WARNING - No packet loss: /data/dsp/GBD_TRANSIENT_BUFFER/J0953+0755/28_07_2026/PDR_GULP_data000.pcap_28_07_2026_13_28_1785225521.PCAP_PDR
28-07-2026 14:13 - WARNING - first_pkt_count, first_gps_count, first_pkt_Tstamp
28-07-2026 14:13 - WARNING - 1094340893 23585 2026-07-28T07:58:09.285574
28-07-2026 14:13 - WARNING - last_pkt_count, last_gps_count, last_pkt_Tstamp
28-07-2026 14:13 - WARNING - 1096223434 23614 2026-07-28T07:58:38.493447
28-07-2026 14:13 - WARNING - diff_pkt_count  , diff_gps_count ,  diff_pkt_timstamp
28-07-2026 14:13 - WARNING - 1882541 29 29207873 microseconds
28-07-2026 14:13 - WARNING - No packet loss: /data/dsp/GBD_TRANSIENT_BUFFER/J0953+0755/28_07_2026/PDR_GULP_data001.pcap_28_07_2026_13_29_1785225550.PCAP_PDR
28-07-2026 14:13 - WARNING - first_pkt_count, first_gps_count, first_pkt_Tstamp
28-07-2026 14:13 - WARNING - 1096223435 23614 2026-07-28T07:58:38.493530
28-07-2026 14:13 - WARNING - last_pkt_count, last_gps_count, last_pkt_Tstamp
28-07-2026 14:13 - WARNING - 1098105977 23643 2026-07-28T07:59:07.701449
28-07-2026 14:13 - WARNING - diff_pkt_count  , diff_gps_count ,  diff_pkt_timstamp
28-07-2026 14:13 - WARNING - 1882542 29 29207919 microseconds
28-07-2026 14:13 - WARNING - No packet loss: /data/dsp/GBD_TRANSIENT_BUFFER/J0953+0755/28_07_2026/PDR_GULP_data002.pcap_28_07_2026_13_29_1785225579.PCAP_PDR
28-07-2026 14:13 - WARNING - first_pkt_count, first_gps_count, first_pkt_Tstamp
28-07-2026 14:13 - WARNING - 1098105978 23643 2026-07-28T07:59:07.701449
28-07-2026 14:13 - WARNING - last_pkt_count, last_gps_count, last_pkt_Tstamp
28-07-2026 14:13 - WARNING - 1099988519 23672 2026-07-28T07:59:36.909315
28-07-2026 14:13 - WARNING - diff_pkt_count  , diff_gps_count ,  diff_pkt_timstamp
28-07-2026 14:13 - WARNING - 1882541 29 29207866 microseconds
28-07-2026 14:13 - WARNING - No packet loss: /data/dsp/GBD_TRANSIENT_BUFFER/J0953+0755/28_07_2026/PDR_GULP_data000.pcap_28_07_2026_13_30_1785225609.PCAP_PDR
28-07-2026 14:13 - WARNING - first_pkt_count, first_gps_count, first_pkt_Tstamp
28-07-2026 14:13 - WARNING - 1099988520 23672 2026-07-28T07:59:36.909368
28-07-2026 14:13 - WARNING - last_pkt_count, last_gps_count, last_pkt_Tstamp
28-07-2026 14:13 - WARNING - 1101871061 23702 2026-07-28T08:00:06.117276
28-07-2026 14:13 - WARNING - diff_pkt_count  , diff_gps_count ,  diff_pkt_timstamp
28-07-2026 14:13 - WARNING - 1882541 30 29207908 microseconds
28-07-2026 14:13 - WARNING - No packet loss: /data/dsp/GBD_TRANSIENT_BUFFER/J0953+0755/28_07_2026/PDR_GULP_data001.pcap_28_07_2026_13_30_1785225638.PCAP_PDR
28-07-2026 14:13 - WARNING - first_pkt_count, first_gps_count, first_pkt_Tstamp
28-07-2026 14:13 - WARNING - 1101871062 23702 2026-07-28T08:00:06.117276
28-07-2026 14:13 - WARNING - last_pkt_count, last_gps_count, last_pkt_Tstamp
28-07-2026 14:13 - WARNING - 1103753603 23731 2026-07-28T08:00:35.325180
28-07-2026 14:13 - WARNING - diff_pkt_count  , diff_gps_count ,  diff_pkt_timstamp
28-07-2026 14:13 - WARNING - 1882541 29 29207904 microseconds
28-07-2026 14:13 - WARNING - No packet loss: /data/dsp/GBD_TRANSIENT_BUFFER/J0953+0755/28_07_2026/PDR_GULP_data002.pcap_28_07_2026_13_31_1785225667.PCAP_PDR
28-07-2026 14:13 - WARNING - first_pkt_count, first_gps_count, first_pkt_Tstamp
28-07-2026 14:13 - WARNING - 1103753604 23731 2026-07-28T08:00:35.325233
28-07-2026 14:13 - WARNING - last_pkt_count, last_gps_count, last_pkt_Tstamp
28-07-2026 14:13 - WARNING - 1105636145 23760 2026-07-28T08:01:04.533129
28-07-2026 14:13 - WARNING - diff_pkt_count  , diff_gps_count ,  diff_pkt_timstamp
28-07-2026 14:13 - WARNING - 1882541 29 29207896 microseconds
28-07-2026 14:13 - WARNING - No packet loss: /data/dsp/GBD_TRANSIENT_BUFFER/J0953+0755/28_07_2026/PDR_GULP_data000.pcap_28_07_2026_13_31_1785225696.PCAP_PDR
28-07-2026 14:13 - WARNING - first_pkt_count, first_gps_count, first_pkt_Tstamp
28-07-2026 14:13 - WARNING - 1105636146 23760 2026-07-28T08:01:04.533129
28-07-2026 14:13 - WARNING - last_pkt_count, last_gps_count, last_pkt_Tstamp
28-07-2026 14:13 - WARNING - 1107518687 23789 2026-07-28T08:01:33.741055
28-07-2026 14:13 - WARNING - diff_pkt_count  , diff_gps_count ,  diff_pkt_timstamp
28-07-2026 14:13 - WARNING - 1882541 29 29207926 microseconds
28-07-2026 14:13 - WARNING - No packet loss: /data/dsp/GBD_TRANSIENT_BUFFER/J0953+0755/28_07_2026/PDR_GULP_data001.pcap_28_07_2026_13_32_1785225725.PCAP_PDR
28-07-2026 14:13 - WARNING - first_pkt_count, first_gps_count, first_pkt_Tstamp
28-07-2026 14:13 - WARNING - 1107518688 23789 2026-07-28T08:01:33.741056
28-07-2026 14:13 - WARNING - last_pkt_count, last_gps_count, last_pkt_Tstamp
28-07-2026 14:13 - WARNING - 1109401230 23818 2026-07-28T08:02:02.949027
28-07-2026 14:13 - WARNING - diff_pkt_count  , diff_gps_count ,  diff_pkt_timstamp
28-07-2026 14:13 - WARNING - 1882542 29 29207971 microseconds
28-07-2026 14:13 - WARNING - No packet loss: /data/dsp/GBD_TRANSIENT_BUFFER/J0953+0755/28_07_2026/PDR_GULP_data002.pcap_28_07_2026_13_32_1785225755.PCAP_PDR
28-07-2026 14:13 - WARNING - first_pkt_count, first_gps_count, first_pkt_Tstamp
28-07-2026 14:13 - WARNING - 1109401231 23818 2026-07-28T08:02:02.949027
28-07-2026 14:13 - WARNING - last_pkt_count, last_gps_count, last_pkt_Tstamp
28-07-2026 14:13 - WARNING - 1111283772 23848 2026-07-28T08:02:32.156940
28-07-2026 14:13 - WARNING - diff_pkt_count  , diff_gps_count ,  diff_pkt_timstamp
28-07-2026 14:13 - WARNING - 1882541 30 29207913 microseconds
28-07-2026 14:13 - WARNING - No packet loss: /data/dsp/GBD_TRANSIENT_BUFFER/J0953+0755/28_07_2026/PDR_GULP_data000.pcap_28_07_2026_13_33_1785225784.PCAP_PDR
28-07-2026 14:13 - WARNING - first_pkt_count, first_gps_count, first_pkt_Tstamp
28-07-2026 14:13 - WARNING - 1111283773 23848 2026-07-28T08:02:32.156941
28-07-2026 14:13 - WARNING - last_pkt_count, last_gps_count, last_pkt_Tstamp
28-07-2026 14:13 - WARNING - 1113166314 23877 2026-07-28T08:03:01.364843
28-07-2026 14:13 - WARNING - diff_pkt_count  , diff_gps_count ,  diff_pkt_timstamp
28-07-2026 14:13 - WARNING - 1882541 29 29207902 microseconds
28-07-2026 14:13 - WARNING - No packet loss: /data/dsp/GBD_TRANSIENT_BUFFER/J0953+0755/28_07_2026/PDR_GULP_data001.pcap_28_07_2026_13_33_1785225813.PCAP_PDR
28-07-2026 14:13 - WARNING - first_pkt_count, first_gps_count, first_pkt_Tstamp
28-07-2026 14:13 - WARNING - 1113166315 23877 2026-07-28T08:03:01.364843
28-07-2026 14:13 - WARNING - last_pkt_count, last_gps_count, last_pkt_Tstamp
28-07-2026 14:13 - WARNING - 1115048856 23906 2026-07-28T08:03:30.572758
28-07-2026 14:13 - WARNING - diff_pkt_count  , diff_gps_count ,  diff_pkt_timstamp
28-07-2026 14:13 - WARNING - 1882541 29 29207915 microseconds
28-07-2026 14:13 - WARNING - No packet loss: /data/dsp/GBD_TRANSIENT_BUFFER/J0953+0755/28_07_2026/PDR_GULP_data002.pcap_28_07_2026_13_34_1785225842.PCAP_PDR
28-07-2026 14:13 - WARNING - first_pkt_count, first_gps_count, first_pkt_Tstamp
28-07-2026 14:13 - WARNING - 1115048857 23906 2026-07-28T08:03:30.572758
28-07-2026 14:13 - WARNING - last_pkt_count, last_gps_count, last_pkt_Tstamp
28-07-2026 14:13 - WARNING - 1116931398 23935 2026-07-28T08:03:59.780666
28-07-2026 14:13 - WARNING - diff_pkt_count  , diff_gps_count ,  diff_pkt_timstamp
28-07-2026 14:13 - WARNING - 1882541 29 29207908 microseconds
28-07-2026 14:13 - WARNING - No packet loss: /data/dsp/GBD_TRANSIENT_BUFFER/J0953+0755/28_07_2026/PDR_GULP_data000.pcap_28_07_2026_13_34_1785225871.PCAP_PDR
28-07-2026 14:13 - WARNING - first_pkt_count, first_gps_count, first_pkt_Tstamp
28-07-2026 14:13 - WARNING - 1116931399 23935 2026-07-28T08:03:59.780718
28-07-2026 14:13 - WARNING - last_pkt_count, last_gps_count, last_pkt_Tstamp
28-07-2026 14:13 - WARNING - 1118813940 23964 2026-07-28T08:04:28.988617
28-07-2026 14:13 - WARNING - diff_pkt_count  , diff_gps_count ,  diff_pkt_timstamp
28-07-2026 14:13 - WARNING - 1882541 29 29207899 microseconds
28-07-2026 14:13 - WARNING - No packet loss: /data/dsp/GBD_TRANSIENT_BUFFER/J0953+0755/28_07_2026/PDR_GULP_data001.pcap_28_07_2026_13_35_1785225901.PCAP_PDR
28-07-2026 14:13 - WARNING - first_pkt_count, first_gps_count, first_pkt_Tstamp
28-07-2026 14:13 - WARNING - 1118813941 23964 2026-07-28T08:04:28.988617
28-07-2026 14:13 - WARNING - last_pkt_count, last_gps_count, last_pkt_Tstamp
28-07-2026 14:13 - WARNING - 1120696483 23994 2026-07-28T08:04:58.196520
28-07-2026 14:13 - WARNING - diff_pkt_count  , diff_gps_count ,  diff_pkt_timstamp
28-07-2026 14:13 - WARNING - 1882542 30 29207903 microseconds
28-07-2026 14:13 - WARNING - No packet loss: /data/dsp/GBD_TRANSIENT_BUFFER/J0953+0755/28_07_2026/PDR_GULP_data002.pcap_28_07_2026_13_35_1785225930.PCAP_PDR
28-07-2026 14:13 - WARNING - first_pkt_count, first_gps_count, first_pkt_Tstamp
28-07-2026 14:13 - WARNING - 1120696484 23994 2026-07-28T08:04:58.196574
28-07-2026 14:13 - WARNING - last_pkt_count, last_gps_count, last_pkt_Tstamp
28-07-2026 14:13 - WARNING - 1122579025 24023 2026-07-28T08:05:27.404485
28-07-2026 14:13 - WARNING - diff_pkt_count  , diff_gps_count ,  diff_pkt_timstamp
28-07-2026 14:13 - WARNING - 1882541 29 29207911 microseconds
28-07-2026 14:13 - WARNING - No packet loss: /data/dsp/GBD_TRANSIENT_BUFFER/J0953+0755/28_07_2026/PDR_GULP_data000.pcap_28_07_2026_13_35_1785225959.PCAP_PDR
28-07-2026 14:13 - WARNING - first_pkt_count, first_gps_count, first_pkt_Tstamp
28-07-2026 14:13 - WARNING - 1122579026 24023 2026-07-28T08:05:27.404485
28-07-2026 14:13 - WARNING - last_pkt_count, last_gps_count, last_pkt_Tstamp
28-07-2026 14:13 - WARNING - 1124461567 24052 2026-07-28T08:05:56.612391
28-07-2026 14:13 - WARNING - diff_pkt_count  , diff_gps_count ,  diff_pkt_timstamp
28-07-2026 14:13 - WARNING - 1882541 29 29207906 microseconds
28-07-2026 14:13 - WARNING - No packet loss: /data/dsp/GBD_TRANSIENT_BUFFER/J0953+0755/28_07_2026/PDR_GULP_data001.pcap_28_07_2026_13_36_1785225988.PCAP_PDR
28-07-2026 14:13 - WARNING - first_pkt_count, first_gps_count, first_pkt_Tstamp
28-07-2026 14:13 - WARNING - 1124461568 24052 2026-07-28T08:05:56.612391
28-07-2026 14:13 - WARNING - last_pkt_count, last_gps_count, last_pkt_Tstamp
28-07-2026 14:13 - WARNING - 1126344109 24081 2026-07-28T08:06:25.820298
28-07-2026 14:13 - WARNING - diff_pkt_count  , diff_gps_count ,  diff_pkt_timstamp
28-07-2026 14:13 - WARNING - 1882541 29 29207907 microseconds
28-07-2026 14:13 - WARNING - No packet loss: /data/dsp/GBD_TRANSIENT_BUFFER/J0953+0755/28_07_2026/PDR_GULP_data002.pcap_28_07_2026_13_36_1785226018.PCAP_PDR
28-07-2026 14:13 - WARNING - first_pkt_count, first_gps_count, first_pkt_Tstamp
28-07-2026 14:13 - WARNING - 1126344110 24081 2026-07-28T08:06:25.820298
28-07-2026 14:13 - WARNING - last_pkt_count, last_gps_count, last_pkt_Tstamp
28-07-2026 14:13 - WARNING - 1128226651 24111 2026-07-28T08:06:55.028298
28-07-2026 14:13 - WARNING - diff_pkt_count  , diff_gps_count ,  diff_pkt_timstamp
28-07-2026 14:13 - WARNING - 1882541 30 29208000 microseconds
28-07-2026 14:13 - WARNING - No packet loss: /data/dsp/GBD_TRANSIENT_BUFFER/J0953+0755/28_07_2026/PDR_GULP_data000.pcap_28_07_2026_13_37_1785226047.PCAP_PDR
28-07-2026 14:13 - WARNING - first_pkt_count, first_gps_count, first_pkt_Tstamp
28-07-2026 14:13 - WARNING - 1128226652 24111 2026-07-28T08:06:55.028298
28-07-2026 14:13 - WARNING - last_pkt_count, last_gps_count, last_pkt_Tstamp
28-07-2026 14:13 - WARNING - 1130109193 24140 2026-07-28T08:07:24.236121
28-07-2026 14:13 - WARNING - diff_pkt_count  , diff_gps_count ,  diff_pkt_timstamp
28-07-2026 14:13 - WARNING - 1882541 29 29207823 microseconds
28-07-2026 14:14 - WARNING - No packet loss: /data/dsp/GBD_TRANSIENT_BUFFER/J0953+0755/28_07_2026/PDR_GULP_data001.pcap_28_07_2026_13_37_1785226076.PCAP_PDR
28-07-2026 14:14 - WARNING - first_pkt_count, first_gps_count, first_pkt_Tstamp
28-07-2026 14:14 - WARNING - 1130109194 24140 2026-07-28T08:07:24.236214
28-07-2026 14:14 - WARNING - last_pkt_count, last_gps_count, last_pkt_Tstamp
28-07-2026 14:14 - WARNING - 1131991736 24169 2026-07-28T08:07:53.444097
28-07-2026 14:14 - WARNING - diff_pkt_count  , diff_gps_count ,  diff_pkt_timstamp
28-07-2026 14:14 - WARNING - 1882542 29 29207883 microseconds
28-07-2026 14:14 - WARNING - No packet loss: /data/dsp/GBD_TRANSIENT_BUFFER/J0953+0755/28_07_2026/PDR_GULP_data002.pcap_28_07_2026_13_38_1785226105.PCAP_PDR
28-07-2026 14:14 - WARNING - first_pkt_count, first_gps_count, first_pkt_Tstamp
28-07-2026 14:14 - WARNING - 1131991737 24169 2026-07-28T08:07:53.444098
28-07-2026 14:14 - WARNING - last_pkt_count, last_gps_count, last_pkt_Tstamp
28-07-2026 14:14 - WARNING - 1133874278 24198 2026-07-28T08:08:22.651955
28-07-2026 14:14 - WARNING - diff_pkt_count  , diff_gps_count ,  diff_pkt_timstamp
28-07-2026 14:14 - WARNING - 1882541 29 29207857 microseconds
28-07-2026 14:14 - WARNING - No packet loss: /data/dsp/GBD_TRANSIENT_BUFFER/J0953+0755/28_07_2026/PDR_GULP_data000.pcap_28_07_2026_13_38_1785226134.PCAP_PDR
28-07-2026 14:14 - WARNING - first_pkt_count, first_gps_count, first_pkt_Tstamp
28-07-2026 14:14 - WARNING - 1133874279 24198 2026-07-28T08:08:22.652022
28-07-2026 14:14 - WARNING - last_pkt_count, last_gps_count, last_pkt_Tstamp
28-07-2026 14:14 - WARNING - 1135756820 24227 2026-07-28T08:08:51.859899
28-07-2026 14:14 - WARNING - diff_pkt_count  , diff_gps_count ,  diff_pkt_timstamp
28-07-2026 14:14 - WARNING - 1882541 29 29207877 microseconds
28-07-2026 14:14 - WARNING - No packet loss: /data/dsp/GBD_TRANSIENT_BUFFER/J0953+0755/28_07_2026/PDR_GULP_data001.pcap_28_07_2026_13_39_1785226164.PCAP_PDR
28-07-2026 14:14 - WARNING - first_pkt_count, first_gps_count, first_pkt_Tstamp
28-07-2026 14:14 - WARNING - 1135756821 24227 2026-07-28T08:08:51.859899
28-07-2026 14:14 - WARNING - last_pkt_count, last_gps_count, last_pkt_Tstamp
28-07-2026 14:14 - WARNING - 1137639362 24257 2026-07-28T08:09:21.067818
28-07-2026 14:14 - WARNING - diff_pkt_count  , diff_gps_count ,  diff_pkt_timstamp
28-07-2026 14:14 - WARNING - 1882541 30 29207919 microseconds
28-07-2026 14:14 - WARNING - No packet loss: /data/dsp/GBD_TRANSIENT_BUFFER/J0953+0755/28_07_2026/PDR_GULP_data002.pcap_28_07_2026_13_39_1785226193.PCAP_PDR
28-07-2026 14:14 - WARNING - first_pkt_count, first_gps_count, first_pkt_Tstamp
28-07-2026 14:14 - WARNING - 1137639363 24257 2026-07-28T08:09:21.067901
28-07-2026 14:14 - WARNING - last_pkt_count, last_gps_count, last_pkt_Tstamp
28-07-2026 14:14 - WARNING - 1139521904 24286 2026-07-28T08:09:50.275739
28-07-2026 14:14 - WARNING - diff_pkt_count  , diff_gps_count ,  diff_pkt_timstamp
28-07-2026 14:14 - WARNING - 1882541 29 29207838 microseconds
28-07-2026 14:14 - WARNING - No packet loss: /data/dsp/GBD_TRANSIENT_BUFFER/J0953+0755/28_07_2026/PDR_GULP_data000.pcap_28_07_2026_13_40_1785226222.PCAP_PDR
28-07-2026 14:14 - WARNING - first_pkt_count, first_gps_count, first_pkt_Tstamp
28-07-2026 14:14 - WARNING - 1139521905 24286 2026-07-28T08:09:50.275739
28-07-2026 14:14 - WARNING - last_pkt_count, last_gps_count, last_pkt_Tstamp
28-07-2026 14:14 - WARNING - 1141404446 24315 2026-07-28T08:10:19.483643
28-07-2026 14:14 - WARNING - diff_pkt_count  , diff_gps_count ,  diff_pkt_timstamp
28-07-2026 14:14 - WARNING - 1882541 29 29207904 microseconds
28-07-2026 14:14 - WARNING - No packet loss: /data/dsp/GBD_TRANSIENT_BUFFER/J0953+0755/28_07_2026/PDR_GULP_data001.pcap_28_07_2026_13_40_1785226251.PCAP_PDR
28-07-2026 14:14 - WARNING - first_pkt_count, first_gps_count, first_pkt_Tstamp
28-07-2026 14:14 - WARNING - 1141404447 24315 2026-07-28T08:10:19.483643
28-07-2026 14:14 - WARNING - last_pkt_count, last_gps_count, last_pkt_Tstamp
28-07-2026 14:14 - WARNING - 1143286989 24344 2026-07-28T08:10:48.691607
28-07-2026 14:14 - WARNING - diff_pkt_count  , diff_gps_count ,  diff_pkt_timstamp
28-07-2026 14:14 - WARNING - 1882542 29 29207964 microseconds
28-07-2026 14:14 - WARNING - No packet loss: /data/dsp/GBD_TRANSIENT_BUFFER/J0953+0755/28_07_2026/PDR_GULP_data002.pcap_28_07_2026_13_41_1785226280.PCAP_PDR
28-07-2026 14:14 - WARNING - first_pkt_count, first_gps_count, first_pkt_Tstamp
28-07-2026 14:14 - WARNING - 1143286990 24344 2026-07-28T08:10:48.691607
28-07-2026 14:14 - WARNING - last_pkt_count, last_gps_count, last_pkt_Tstamp
28-07-2026 14:14 - WARNING - 1145169531 24373 2026-07-28T08:11:17.899494
28-07-2026 14:14 - WARNING - diff_pkt_count  , diff_gps_count ,  diff_pkt_timstamp
28-07-2026 14:14 - WARNING - 1882541 29 29207887 microseconds
28-07-2026 14:14 - WARNING - No packet loss: /data/dsp/GBD_TRANSIENT_BUFFER/J0953+0755/28_07_2026/PDR_GULP_data000.pcap_28_07_2026_13_41_1785226310.PCAP_PDR
28-07-2026 14:14 - WARNING - first_pkt_count, first_gps_count, first_pkt_Tstamp
28-07-2026 14:14 - WARNING - 1145169532 24373 2026-07-28T08:11:17.899547
28-07-2026 14:14 - WARNING - last_pkt_count, last_gps_count, last_pkt_Tstamp
28-07-2026 14:14 - WARNING - 1147052073 24403 2026-07-28T08:11:47.107415
28-07-2026 14:14 - WARNING - diff_pkt_count  , diff_gps_count ,  diff_pkt_timstamp
28-07-2026 14:14 - WARNING - 1882541 30 29207868 microseconds
28-07-2026 14:14 - WARNING - No packet loss: /data/dsp/GBD_TRANSIENT_BUFFER/J0953+0755/28_07_2026/PDR_GULP_data001.pcap_28_07_2026_13_42_1785226339.PCAP_PDR
28-07-2026 14:14 - WARNING - first_pkt_count, first_gps_count, first_pkt_Tstamp
28-07-2026 14:14 - WARNING - 1147052074 24403 2026-07-28T08:11:47.107415
28-07-2026 14:14 - WARNING - last_pkt_count, last_gps_count, last_pkt_Tstamp
28-07-2026 14:14 - WARNING - 1148934615 24432 2026-07-28T08:12:16.315327
28-07-2026 14:14 - WARNING - diff_pkt_count  , diff_gps_count ,  diff_pkt_timstamp
28-07-2026 14:14 - WARNING - 1882541 29 29207912 microseconds
28-07-2026 14:14 - WARNING - No packet loss: /data/dsp/GBD_TRANSIENT_BUFFER/J0953+0755/28_07_2026/PDR_GULP_data002.pcap_28_07_2026_13_42_1785226368.PCAP_PDR
28-07-2026 14:14 - WARNING - first_pkt_count, first_gps_count, first_pkt_Tstamp
28-07-2026 14:14 - WARNING - 1148934616 24432 2026-07-28T08:12:16.315327
28-07-2026 14:14 - WARNING - last_pkt_count, last_gps_count, last_pkt_Tstamp
28-07-2026 14:14 - WARNING - 1150817157 24461 2026-07-28T08:12:45.523249
28-07-2026 14:14 - WARNING - diff_pkt_count  , diff_gps_count ,  diff_pkt_timstamp
28-07-2026 14:14 - WARNING - 1882541 29 29207922 microseconds
28-07-2026 14:14 - WARNING - No packet loss: /data/dsp/GBD_TRANSIENT_BUFFER/J0953+0755/28_07_2026/PDR_GULP_data000.pcap_28_07_2026_13_43_1785226397.PCAP_PDR
28-07-2026 14:14 - WARNING - first_pkt_count, first_gps_count, first_pkt_Tstamp
28-07-2026 14:14 - WARNING - 1150817158 24461 2026-07-28T08:12:45.523337
28-07-2026 14:14 - WARNING - last_pkt_count, last_gps_count, last_pkt_Tstamp
28-07-2026 14:14 - WARNING - 1152699700 24490 2026-07-28T08:13:14.731180
28-07-2026 14:14 - WARNING - diff_pkt_count  , diff_gps_count ,  diff_pkt_timstamp
28-07-2026 14:14 - WARNING - 1882542 29 29207843 microseconds
28-07-2026 14:14 - WARNING - No packet loss: /data/dsp/GBD_TRANSIENT_BUFFER/J0953+0755/28_07_2026/PDR_GULP_data001.pcap_28_07_2026_13_43_1785226426.PCAP_PDR
28-07-2026 14:14 - WARNING - first_pkt_count, first_gps_count, first_pkt_Tstamp
28-07-2026 14:14 - WARNING - 1152699701 24490 2026-07-28T08:13:14.731180
28-07-2026 14:14 - WARNING - last_pkt_count, last_gps_count, last_pkt_Tstamp
28-07-2026 14:14 - WARNING - 1154582242 24519 2026-07-28T08:13:43.939176
28-07-2026 14:14 - WARNING - diff_pkt_count  , diff_gps_count ,  diff_pkt_timstamp
28-07-2026 14:14 - WARNING - 1882541 29 29207996 microseconds
28-07-2026 14:14 - WARNING - No packet loss: /data/dsp/GBD_TRANSIENT_BUFFER/J0953+0755/28_07_2026/PDR_GULP_data002.pcap_28_07_2026_13_44_1785226456.PCAP_PDR
28-07-2026 14:14 - WARNING - first_pkt_count, first_gps_count, first_pkt_Tstamp
28-07-2026 14:14 - WARNING - 1154582243 24519 2026-07-28T08:13:43.939176
28-07-2026 14:14 - WARNING - last_pkt_count, last_gps_count, last_pkt_Tstamp
28-07-2026 14:14 - WARNING - 1156464784 24549 2026-07-28T08:14:13.147050
28-07-2026 14:14 - WARNING - diff_pkt_count  , diff_gps_count ,  diff_pkt_timstamp
28-07-2026 14:14 - WARNING - 1882541 30 29207874 microseconds
28-07-2026 14:14 - WARNING - No packet loss: /data/dsp/GBD_TRANSIENT_BUFFER/J0953+0755/28_07_2026/PDR_GULP_data000.pcap_28_07_2026_13_44_1785226485.PCAP_PDR
28-07-2026 14:14 - WARNING - first_pkt_count, first_gps_count, first_pkt_Tstamp
28-07-2026 14:14 - WARNING - 1156464785 24549 2026-07-28T08:14:13.147050
28-07-2026 14:14 - WARNING - last_pkt_count, last_gps_count, last_pkt_Tstamp
28-07-2026 14:14 - WARNING - 1158347326 24578 2026-07-28T08:14:42.354918
28-07-2026 14:14 - WARNING - diff_pkt_count  , diff_gps_count ,  diff_pkt_timstamp
28-07-2026 14:14 - WARNING - 1882541 29 29207868 microseconds
28-07-2026 14:14 - WARNING - No packet loss: /data/dsp/GBD_TRANSIENT_BUFFER/J0953+0755/28_07_2026/PDR_GULP_data001.pcap_28_07_2026_13_45_1785226514.PCAP_PDR
28-07-2026 14:14 - WARNING - first_pkt_count, first_gps_count, first_pkt_Tstamp
28-07-2026 14:14 - WARNING - 1158347327 24578 2026-07-28T08:14:42.354970
28-07-2026 14:14 - WARNING - last_pkt_count, last_gps_count, last_pkt_Tstamp
28-07-2026 14:14 - WARNING - 1160229868 24607 2026-07-28T08:15:11.562928
28-07-2026 14:14 - WARNING - diff_pkt_count  , diff_gps_count ,  diff_pkt_timstamp
28-07-2026 14:14 - WARNING - 1882541 29 29207958 microseconds
28-07-2026 14:14 - WARNING - No packet loss: /data/dsp/GBD_TRANSIENT_BUFFER/J0953+0755/28_07_2026/PDR_GULP_data002.pcap_28_07_2026_13_45_1785226543.PCAP_PDR
28-07-2026 14:14 - WARNING - first_pkt_count, first_gps_count, first_pkt_Tstamp
28-07-2026 14:14 - WARNING - 1160229869 24607 2026-07-28T08:15:11.562928
28-07-2026 14:14 - WARNING - last_pkt_count, last_gps_count, last_pkt_Tstamp
28-07-2026 14:14 - WARNING - 1162112410 24636 2026-07-28T08:15:40.770766
28-07-2026 14:14 - WARNING - diff_pkt_count  , diff_gps_count ,  diff_pkt_timstamp
28-07-2026 14:14 - WARNING - 1882541 29 29207838 microseconds
28-07-2026 14:14 - WARNING - No packet loss: /data/dsp/GBD_TRANSIENT_BUFFER/J0953+0755/28_07_2026/PDR_GULP_data000.pcap_28_07_2026_13_46_1785226572.PCAP_PDR
28-07-2026 14:14 - WARNING - first_pkt_count, first_gps_count, first_pkt_Tstamp
28-07-2026 14:14 - WARNING - 1162112411 24636 2026-07-28T08:15:40.770822
28-07-2026 14:14 - WARNING - last_pkt_count, last_gps_count, last_pkt_Tstamp
28-07-2026 14:14 - WARNING - 1163994953 24665 2026-07-28T08:16:09.978783
28-07-2026 14:14 - WARNING - diff_pkt_count  , diff_gps_count ,  diff_pkt_timstamp
28-07-2026 14:14 - WARNING - 1882542 29 29207961 microseconds
28-07-2026 14:14 - WARNING - No packet loss: /data/dsp/GBD_TRANSIENT_BUFFER/J0953+0755/28_07_2026/PDR_GULP_data001.pcap_28_07_2026_13_46_1785226602.PCAP_PDR
28-07-2026 14:14 - WARNING - first_pkt_count, first_gps_count, first_pkt_Tstamp
28-07-2026 14:14 - WARNING - 1163994954 24665 2026-07-28T08:16:09.978783
28-07-2026 14:14 - WARNING - last_pkt_count, last_gps_count, last_pkt_Tstamp
28-07-2026 14:14 - WARNING - 1165877495 24695 2026-07-28T08:16:39.186637
28-07-2026 14:14 - WARNING - diff_pkt_count  , diff_gps_count ,  diff_pkt_timstamp
28-07-2026 14:14 - WARNING - 1882541 30 29207854 microseconds
28-07-2026 14:14 - WARNING - No packet loss: /data/dsp/GBD_TRANSIENT_BUFFER/J0953+0755/28_07_2026/PDR_GULP_data002.pcap_28_07_2026_13_47_1785226631.PCAP_PDR
28-07-2026 14:14 - WARNING - first_pkt_count, first_gps_count, first_pkt_Tstamp
28-07-2026 14:14 - WARNING - 1165877496 24695 2026-07-28T08:16:39.186637
28-07-2026 14:14 - WARNING - last_pkt_count, last_gps_count, last_pkt_Tstamp
28-07-2026 14:14 - WARNING - 1167760037 24724 2026-07-28T08:17:08.394586
28-07-2026 14:14 - WARNING - diff_pkt_count  , diff_gps_count ,  diff_pkt_timstamp
28-07-2026 14:14 - WARNING - 1882541 29 29207949 microseconds
28-07-2026 14:14 - WARNING - No packet loss: /data/dsp/GBD_TRANSIENT_BUFFER/J0953+0755/28_07_2026/PDR_GULP_data000.pcap_28_07_2026_13_47_1785226660.PCAP_PDR
28-07-2026 14:14 - WARNING - first_pkt_count, first_gps_count, first_pkt_Tstamp
28-07-2026 14:14 - WARNING - 1167760038 24724 2026-07-28T08:17:08.394586
28-07-2026 14:14 - WARNING - last_pkt_count, last_gps_count, last_pkt_Tstamp
28-07-2026 14:14 - WARNING - 1169642579 24753 2026-07-28T08:17:37.602477
28-07-2026 14:14 - WARNING - diff_pkt_count  , diff_gps_count ,  diff_pkt_timstamp
28-07-2026 14:14 - WARNING - 1882541 29 29207891 microseconds
28-07-2026 14:14 - WARNING - No packet loss: /data/dsp/GBD_TRANSIENT_BUFFER/J0953+0755/28_07_2026/PDR_GULP_data001.pcap_28_07_2026_13_48_1785226689.PCAP_PDR
28-07-2026 14:14 - WARNING - first_pkt_count, first_gps_count, first_pkt_Tstamp
28-07-2026 14:14 - WARNING - 1169642580 24753 2026-07-28T08:17:37.602478
28-07-2026 14:14 - WARNING - last_pkt_count, last_gps_count, last_pkt_Tstamp
28-07-2026 14:14 - WARNING - 1171525121 24782 2026-07-28T08:18:06.810370
28-07-2026 14:14 - WARNING - diff_pkt_count  , diff_gps_count ,  diff_pkt_timstamp
28-07-2026 14:14 - WARNING - 1882541 29 29207892 microseconds
28-07-2026 14:14 - WARNING - No packet loss: /data/dsp/GBD_TRANSIENT_BUFFER/J0953+0755/28_07_2026/PDR_GULP_data002.pcap_28_07_2026_13_48_1785226719.PCAP_PDR
28-07-2026 14:14 - WARNING - first_pkt_count, first_gps_count, first_pkt_Tstamp
28-07-2026 14:14 - WARNING - 1171525122 24782 2026-07-28T08:18:06.810424
28-07-2026 14:14 - WARNING - last_pkt_count, last_gps_count, last_pkt_Tstamp
28-07-2026 14:14 - WARNING - 1173407663 24812 2026-07-28T08:18:36.018311
28-07-2026 14:14 - WARNING - diff_pkt_count  , diff_gps_count ,  diff_pkt_timstamp
28-07-2026 14:14 - WARNING - 1882541 30 29207887 microseconds
28-07-2026 14:14 - WARNING - No packet loss: /data/dsp/GBD_TRANSIENT_BUFFER/J0953+0755/28_07_2026/PDR_GULP_data000.pcap_28_07_2026_13_49_1785226748.PCAP_PDR
28-07-2026 14:14 - WARNING - first_pkt_count, first_gps_count, first_pkt_Tstamp
28-07-2026 14:14 - WARNING - 1173407664 24812 2026-07-28T08:18:36.018312
28-07-2026 14:14 - WARNING - last_pkt_count, last_gps_count, last_pkt_Tstamp
28-07-2026 14:14 - WARNING - 1175290206 24841 2026-07-28T08:19:05.226246
28-07-2026 14:14 - WARNING - diff_pkt_count  , diff_gps_count ,  diff_pkt_timstamp
28-07-2026 14:14 - WARNING - 1882542 29 29207934 microseconds
28-07-2026 14:14 - WARNING - No packet loss: /data/dsp/GBD_TRANSIENT_BUFFER/J0953+0755/28_07_2026/PDR_GULP_data001.pcap_28_07_2026_13_49_1785226777.PCAP_PDR
28-07-2026 14:14 - WARNING - first_pkt_count, first_gps_count, first_pkt_Tstamp
28-07-2026 14:14 - WARNING - 1175290207 24841 2026-07-28T08:19:05.226246
28-07-2026 14:14 - WARNING - last_pkt_count, last_gps_count, last_pkt_Tstamp
28-07-2026 14:14 - WARNING - 1177172748 24870 2026-07-28T08:19:34.434158
28-07-2026 14:14 - WARNING - diff_pkt_count  , diff_gps_count ,  diff_pkt_timstamp
28-07-2026 14:14 - WARNING - 1882541 29 29207912 microseconds
28-07-2026 14:14 - WARNING - No packet loss: /data/dsp/GBD_TRANSIENT_BUFFER/J0953+0755/28_07_2026/PDR_GULP_data002.pcap_28_07_2026_13_50_1785226806.PCAP_PDR
28-07-2026 14:14 - WARNING - first_pkt_count, first_gps_count, first_pkt_Tstamp
28-07-2026 14:14 - WARNING - 1177172749 24870 2026-07-28T08:19:34.434158
28-07-2026 14:14 - WARNING - last_pkt_count, last_gps_count, last_pkt_Tstamp
28-07-2026 14:14 - WARNING - 1179055290 24899 2026-07-28T08:20:03.642059
28-07-2026 14:14 - WARNING - diff_pkt_count  , diff_gps_count ,  diff_pkt_timstamp
28-07-2026 14:14 - WARNING - 1882541 29 29207901 microseconds
28-07-2026 14:14 - WARNING - No packet loss: /data/dsp/GBD_TRANSIENT_BUFFER/J0953+0755/28_07_2026/PDR_GULP_data000.pcap_28_07_2026_13_50_1785226835.PCAP_PDR
28-07-2026 14:14 - WARNING - first_pkt_count, first_gps_count, first_pkt_Tstamp
28-07-2026 14:14 - WARNING - 1179055291 24899 2026-07-28T08:20:03.642059
28-07-2026 14:14 - WARNING - last_pkt_count, last_gps_count, last_pkt_Tstamp
28-07-2026 14:14 - WARNING - 1180937832 24928 2026-07-28T08:20:32.849980
28-07-2026 14:14 - WARNING - diff_pkt_count  , diff_gps_count ,  diff_pkt_timstamp
28-07-2026 14:14 - WARNING - 1882541 29 29207921 microseconds
28-07-2026 14:14 - WARNING - No packet loss: /data/dsp/GBD_TRANSIENT_BUFFER/J0953+0755/28_07_2026/PDR_GULP_data001.pcap_28_07_2026_13_51_1785226865.PCAP_PDR
28-07-2026 14:14 - WARNING - first_pkt_count, first_gps_count, first_pkt_Tstamp
28-07-2026 14:14 - WARNING - 1180937833 24928 2026-07-28T08:20:32.850033
28-07-2026 14:14 - WARNING - last_pkt_count, last_gps_count, last_pkt_Tstamp
28-07-2026 14:14 - WARNING - 1182820374 24958 2026-07-28T08:21:02.057919
28-07-2026 14:14 - WARNING - diff_pkt_count  , diff_gps_count ,  diff_pkt_timstamp
28-07-2026 14:14 - WARNING - 1882541 30 29207886 microseconds
28-07-2026 14:14 - WARNING - No packet loss: /data/dsp/GBD_TRANSIENT_BUFFER/J0953+0755/28_07_2026/PDR_GULP_data002.pcap_28_07_2026_13_51_1785226894.PCAP_PDR
28-07-2026 14:14 - WARNING - first_pkt_count, first_gps_count, first_pkt_Tstamp
28-07-2026 14:14 - WARNING - 1182820375 24958 2026-07-28T08:21:02.057919
28-07-2026 14:14 - WARNING - last_pkt_count, last_gps_count, last_pkt_Tstamp
28-07-2026 14:14 - WARNING - 1184702916 24987 2026-07-28T08:21:31.265826
28-07-2026 14:14 - WARNING - diff_pkt_count  , diff_gps_count ,  diff_pkt_timstamp
28-07-2026 14:14 - WARNING - 1882541 29 29207907 microseconds
28-07-2026 14:14 - WARNING - No packet loss: /data/dsp/GBD_TRANSIENT_BUFFER/J0953+0755/28_07_2026/PDR_GULP_data000.pcap_28_07_2026_13_52_1785226923.PCAP_PDR
28-07-2026 14:14 - WARNING - first_pkt_count, first_gps_count, first_pkt_Tstamp
28-07-2026 14:14 - WARNING - 1184702917 24987 2026-07-28T08:21:31.265879
28-07-2026 14:14 - WARNING - last_pkt_count, last_gps_count, last_pkt_Tstamp
28-07-2026 14:14 - WARNING - 1186585459 25016 2026-07-28T08:22:00.473851
28-07-2026 14:14 - WARNING - diff_pkt_count  , diff_gps_count ,  diff_pkt_timstamp
28-07-2026 14:14 - WARNING - 1882542 29 29207972 microseconds
28-07-2026 14:14 - WARNING - Packet loss: /data/dsp/GBD_TRANSIENT_BUFFER/J0953+0755/28_07_2026/PDR_GULP_data001.pcap_28_07_2026_13_52_1785226952.PCAP_PDR
28-07-2026 14:14 - WARNING - Packet loss found .... Being fixed ... Please wait ...
28-07-2026 14:14 - WARNING - PCAP filtering ... tcpdump -r /data/dsp/GBD_TRANSIENT_BUFFER/J0953+0755/28_07_2026/PDR_GULP_data001.pcap_28_07_2026_13_52_1785226952.PCAP_PDR.pcap -w PDR_GULP_data001.pcap_28_07_2026_13_52_1785226952_filtered.PCAP_PDR.pcap  host 172.10.10.1 and port 55000 
28-07-2026 14:14 - WARNING - Patched /data/dsp/GBD_TRANSIENT_BUFFER/J0953+0755/28_07_2026/PDR_GULP_data001.pcap_28_07_2026_13_52_1785226952.PCAP_PDR as PDR_GULP_data001.pcap_28_07_2026_13_52_1785226952_filtered.PCAP_PDR
28-07-2026 14:14 - WARNING - Gulped file moved to /data/dsp/GBD_TRANSIENT_BUFFER/J0953+0755/28_07_2026/GULPED
28-07-2026 14:14 - WARNING - first_pkt_count, first_gps_count, first_pkt_Tstamp
28-07-2026 14:14 - WARNING - 1186585460 25016 2026-07-28T08:22:00.473851
28-07-2026 14:14 - WARNING - last_pkt_count, last_gps_count, last_pkt_Tstamp
28-07-2026 14:14 - WARNING - 1188468001 25045 2026-07-28T08:22:29.681670
28-07-2026 14:14 - WARNING - diff_pkt_count  , diff_gps_count ,  diff_pkt_timstamp
28-07-2026 14:14 - WARNING - 1882541 29 29207819 microseconds
28-07-2026 14:14 - WARNING - No packet loss: /data/dsp/GBD_TRANSIENT_BUFFER/J0953+0755/28_07_2026/PDR_GULP_data002.pcap_28_07_2026_13_53_1785226981.PCAP_PDR
28-07-2026 14:14 - WARNING - first_pkt_count, first_gps_count, first_pkt_Tstamp
28-07-2026 14:14 - WARNING - 1188468002 25045 2026-07-28T08:22:29.681724
28-07-2026 14:14 - WARNING - last_pkt_count, last_gps_count, last_pkt_Tstamp
28-07-2026 14:14 - WARNING - 1190350543 25074 2026-07-28T08:22:58.889610
28-07-2026 14:14 - WARNING - diff_pkt_count  , diff_gps_count ,  diff_pkt_timstamp
28-07-2026 14:14 - WARNING - 1882541 29 29207886 microseconds
28-07-2026 14:14 - WARNING - No packet loss: /data/dsp/GBD_TRANSIENT_BUFFER/J0953+0755/28_07_2026/PDR_GULP_data000.pcap_28_07_2026_13_53_1785227011.PCAP_PDR
28-07-2026 14:14 - WARNING - first_pkt_count, first_gps_count, first_pkt_Tstamp
28-07-2026 14:14 - WARNING - 1190350544 25074 2026-07-28T08:22:58.889610
28-07-2026 14:14 - WARNING - last_pkt_count, last_gps_count, last_pkt_Tstamp
28-07-2026 14:14 - WARNING - 1192233085 25104 2026-07-28T08:23:28.097512
28-07-2026 14:14 - WARNING - diff_pkt_count  , diff_gps_count ,  diff_pkt_timstamp
28-07-2026 14:14 - WARNING - 1882541 30 29207902 microseconds
28-07-2026 14:14 - WARNING - No packet loss: /data/dsp/GBD_TRANSIENT_BUFFER/J0953+0755/28_07_2026/PDR_GULP_data001.pcap_28_07_2026_13_54_1785227040.PCAP_PDR
28-07-2026 14:14 - WARNING - first_pkt_count, first_gps_count, first_pkt_Tstamp
28-07-2026 14:14 - WARNING - 1192233086 25104 2026-07-28T08:23:28.097512
28-07-2026 14:14 - WARNING - last_pkt_count, last_gps_count, last_pkt_Tstamp
28-07-2026 14:14 - WARNING - 1194115627 25133 2026-07-28T08:23:57.305299
28-07-2026 14:14 - WARNING - diff_pkt_count  , diff_gps_count ,  diff_pkt_timstamp
28-07-2026 14:14 - WARNING - 1882541 29 29207787 microseconds
28-07-2026 14:14 - WARNING - No packet loss: /data/dsp/GBD_TRANSIENT_BUFFER/J0953+0755/28_07_2026/PDR_GULP_data002.pcap_28_07_2026_13_54_1785227069.PCAP_PDR
28-07-2026 14:14 - WARNING - first_pkt_count, first_gps_count, first_pkt_Tstamp
28-07-2026 14:14 - WARNING - 1194115628 25133 2026-07-28T08:23:57.305300
28-07-2026 14:14 - WARNING - last_pkt_count, last_gps_count, last_pkt_Tstamp
28-07-2026 14:14 - WARNING - 1195998169 25162 2026-07-28T08:24:26.512404
28-07-2026 14:14 - WARNING - diff_pkt_count  , diff_gps_count ,  diff_pkt_timstamp
28-07-2026 14:14 - WARNING - 1882541 29 29207104 microseconds
28-07-2026 14:14 - WARNING - No packet loss: /data/dsp/GBD_TRANSIENT_BUFFER/J0953+0755/28_07_2026/PDR_GULP_data000.pcap_28_07_2026_13_54_1785227098.PCAP_PDR
28-07-2026 14:14 - WARNING - first_pkt_count, first_gps_count, first_pkt_Tstamp
28-07-2026 14:14 - WARNING - 1195998170 25162 2026-07-28T08:24:26.512405
28-07-2026 14:14 - WARNING - last_pkt_count, last_gps_count, last_pkt_Tstamp
28-07-2026 14:14 - WARNING - 1197880711 25191 2026-07-28T08:24:55.719383
28-07-2026 14:14 - WARNING - diff_pkt_count  , diff_gps_count ,  diff_pkt_timstamp
28-07-2026 14:14 - WARNING - 1882541 29 29206978 microseconds
28-07-2026 14:14 - WARNING - No packet loss: /data/dsp/GBD_TRANSIENT_BUFFER/J0953+0755/28_07_2026/PDR_GULP_data001.pcap_28_07_2026_13_55_1785227127.PCAP_PDR
28-07-2026 14:14 - WARNING - first_pkt_count, first_gps_count, first_pkt_Tstamp
28-07-2026 14:14 - WARNING - 1197880712 25191 2026-07-28T08:24:55.719435
28-07-2026 14:14 - WARNING - last_pkt_count, last_gps_count, last_pkt_Tstamp
28-07-2026 14:14 - WARNING - 1199763254 25220 2026-07-28T08:25:24.926528
28-07-2026 14:14 - WARNING - diff_pkt_count  , diff_gps_count ,  diff_pkt_timstamp
28-07-2026 14:14 - WARNING - 1882542 29 29207093 microseconds
28-07-2026 14:14 - WARNING - No packet loss: /data/dsp/GBD_TRANSIENT_BUFFER/J0953+0755/28_07_2026/PDR_GULP_data002.pcap_28_07_2026_13_55_1785227157.PCAP_PDR
28-07-2026 14:14 - WARNING - first_pkt_count, first_gps_count, first_pkt_Tstamp
28-07-2026 14:14 - WARNING - 1199763255 25220 2026-07-28T08:25:24.926619
28-07-2026 14:14 - WARNING - last_pkt_count, last_gps_count, last_pkt_Tstamp
28-07-2026 14:14 - WARNING - 1201645796 25250 2026-07-28T08:25:54.133704
28-07-2026 14:14 - WARNING - diff_pkt_count  , diff_gps_count ,  diff_pkt_timstamp
28-07-2026 14:14 - WARNING - 1882541 30 29207085 microseconds
28-07-2026 14:14 - WARNING - No packet loss: /data/dsp/GBD_TRANSIENT_BUFFER/J0953+0755/28_07_2026/PDR_GULP_data000.pcap_28_07_2026_13_56_1785227186.PCAP_PDR
28-07-2026 14:14 - WARNING - first_pkt_count, first_gps_count, first_pkt_Tstamp
28-07-2026 14:14 - WARNING - 1201645797 25250 2026-07-28T08:25:54.133704
28-07-2026 14:14 - WARNING - last_pkt_count, last_gps_count, last_pkt_Tstamp
28-07-2026 14:14 - WARNING - 1203528338 25279 2026-07-28T08:26:23.340869
28-07-2026 14:14 - WARNING - diff_pkt_count  , diff_gps_count ,  diff_pkt_timstamp
28-07-2026 14:14 - WARNING - 1882541 29 29207165 microseconds
28-07-2026 14:14 - WARNING - No packet loss: /data/dsp/GBD_TRANSIENT_BUFFER/J0953+0755/28_07_2026/PDR_GULP_data001.pcap_28_07_2026_13_56_1785227215.PCAP_PDR
28-07-2026 14:14 - WARNING - first_pkt_count, first_gps_count, first_pkt_Tstamp
28-07-2026 14:14 - WARNING - 1203528339 25279 2026-07-28T08:26:23.340869
28-07-2026 14:14 - WARNING - last_pkt_count, last_gps_count, last_pkt_Tstamp
28-07-2026 14:14 - WARNING - 1205410880 25308 2026-07-28T08:26:52.548094
28-07-2026 14:14 - WARNING - diff_pkt_count  , diff_gps_count ,  diff_pkt_timstamp
28-07-2026 14:14 - WARNING - 1882541 29 29207225 microseconds
28-07-2026 14:14 - WARNING - No packet loss: /data/dsp/GBD_TRANSIENT_BUFFER/J0953+0755/28_07_2026/PDR_GULP_data002.pcap_28_07_2026_13_57_1785227244.PCAP_PDR
28-07-2026 14:14 - WARNING - first_pkt_count, first_gps_count, first_pkt_Tstamp
28-07-2026 14:14 - WARNING - 1205410881 25308 2026-07-28T08:26:52.548094
28-07-2026 14:14 - WARNING - last_pkt_count, last_gps_count, last_pkt_Tstamp
28-07-2026 14:14 - WARNING - 1207293422 25337 2026-07-28T08:27:21.755302
28-07-2026 14:14 - WARNING - diff_pkt_count  , diff_gps_count ,  diff_pkt_timstamp
28-07-2026 14:14 - WARNING - 1882541 29 29207208 microseconds
28-07-2026 14:14 - WARNING - No packet loss: /data/dsp/GBD_TRANSIENT_BUFFER/J0953+0755/28_07_2026/PDR_GULP_data000.pcap_28_07_2026_13_57_1785227273.PCAP_PDR
28-07-2026 14:14 - WARNING - first_pkt_count, first_gps_count, first_pkt_Tstamp
28-07-2026 14:14 - WARNING - 1207293423 25337 2026-07-28T08:27:21.755371
28-07-2026 14:14 - WARNING - last_pkt_count, last_gps_count, last_pkt_Tstamp
28-07-2026 14:14 - WARNING - 1209175964 25366 2026-07-28T08:27:50.962629
28-07-2026 14:14 - WARNING - diff_pkt_count  , diff_gps_count ,  diff_pkt_timstamp
28-07-2026 14:14 - WARNING - 1882541 29 29207258 microseconds
28-07-2026 14:14 - WARNING - No packet loss: /data/dsp/GBD_TRANSIENT_BUFFER/J0953+0755/28_07_2026/PDR_GULP_data001.pcap_28_07_2026_13_58_1785227303.PCAP_PDR
28-07-2026 14:14 - WARNING - first_pkt_count, first_gps_count, first_pkt_Tstamp
28-07-2026 14:14 - WARNING - 1209175965 25366 2026-07-28T08:27:50.962630
28-07-2026 14:14 - WARNING - last_pkt_count, last_gps_count, last_pkt_Tstamp
28-07-2026 14:14 - WARNING - 1211058507 25396 2026-07-28T08:28:20.169953
28-07-2026 14:14 - WARNING - diff_pkt_count  , diff_gps_count ,  diff_pkt_timstamp
28-07-2026 14:14 - WARNING - 1882542 30 29207323 microseconds
28-07-2026 14:14 - WARNING - No packet loss: /data/dsp/GBD_TRANSIENT_BUFFER/J0953+0755/28_07_2026/PDR_GULP_data002.pcap_28_07_2026_13_58_1785227332.PCAP_PDR
28-07-2026 14:14 - WARNING - first_pkt_count, first_gps_count, first_pkt_Tstamp
28-07-2026 14:14 - WARNING - 1211058508 25396 2026-07-28T08:28:20.169953
28-07-2026 14:14 - WARNING - last_pkt_count, last_gps_count, last_pkt_Tstamp
28-07-2026 14:14 - WARNING - 1212941049 25425 2026-07-28T08:28:49.377267
28-07-2026 14:14 - WARNING - diff_pkt_count  , diff_gps_count ,  diff_pkt_timstamp
28-07-2026 14:14 - WARNING - 1882541 29 29207314 microseconds
28-07-2026 14:14 - WARNING - No packet loss: /data/dsp/GBD_TRANSIENT_BUFFER/J0953+0755/28_07_2026/PDR_GULP_data000.pcap_28_07_2026_13_59_1785227361.PCAP_PDR
28-07-2026 14:14 - WARNING - first_pkt_count, first_gps_count, first_pkt_Tstamp
28-07-2026 14:14 - WARNING - 1212941050 25425 2026-07-28T08:28:49.377267
28-07-2026 14:14 - WARNING - last_pkt_count, last_gps_count, last_pkt_Tstamp
28-07-2026 14:14 - WARNING - 1214823591 25454 2026-07-28T08:29:18.584676
28-07-2026 14:14 - WARNING - diff_pkt_count  , diff_gps_count ,  diff_pkt_timstamp
28-07-2026 14:14 - WARNING - 1882541 29 29207409 microseconds
28-07-2026 14:14 - WARNING - No packet loss: /data/dsp/GBD_TRANSIENT_BUFFER/J0953+0755/28_07_2026/PDR_GULP_data001.pcap_28_07_2026_13_59_1785227390.PCAP_PDR
28-07-2026 14:14 - WARNING - first_pkt_count, first_gps_count, first_pkt_Tstamp
28-07-2026 14:14 - WARNING - 1214823592 25454 2026-07-28T08:29:18.584677
28-07-2026 14:14 - WARNING - last_pkt_count, last_gps_count, last_pkt_Tstamp
28-07-2026 14:14 - WARNING - 1216706133 25483 2026-07-28T08:29:47.791980
28-07-2026 14:14 - WARNING - diff_pkt_count  , diff_gps_count ,  diff_pkt_timstamp
28-07-2026 14:14 - WARNING - 1882541 29 29207303 microseconds
28-07-2026 14:14 - WARNING - No packet loss: /data/dsp/GBD_TRANSIENT_BUFFER/J0953+0755/28_07_2026/PDR_GULP_data002.pcap_28_07_2026_14_00_1785227420.PCAP_PDR
28-07-2026 14:14 - WARNING - first_pkt_count, first_gps_count, first_pkt_Tstamp
28-07-2026 14:14 - WARNING - 1216706134 25483 2026-07-28T08:29:47.791980
28-07-2026 14:14 - WARNING - last_pkt_count, last_gps_count, last_pkt_Tstamp
28-07-2026 14:14 - WARNING - 1218588675 25512 2026-07-28T08:30:16.999440
28-07-2026 14:14 - WARNING - diff_pkt_count  , diff_gps_count ,  diff_pkt_timstamp
28-07-2026 14:14 - WARNING - 1882541 29 29207460 microseconds
28-07-2026 14:14 - WARNING - No packet loss: /data/dsp/GBD_TRANSIENT_BUFFER/J0953+0755/28_07_2026/PDR_GULP_data000.pcap_28_07_2026_14_00_1785227449.PCAP_PDR
28-07-2026 14:14 - WARNING - first_pkt_count, first_gps_count, first_pkt_Tstamp
28-07-2026 14:14 - WARNING - 1218588676 25512 2026-07-28T08:30:16.999441
28-07-2026 14:14 - WARNING - last_pkt_count, last_gps_count, last_pkt_Tstamp
28-07-2026 14:14 - WARNING - 1220471217 25542 2026-07-28T08:30:46.206816
28-07-2026 14:14 - WARNING - diff_pkt_count  , diff_gps_count ,  diff_pkt_timstamp
28-07-2026 14:14 - WARNING - 1882541 30 29207375 microseconds
28-07-2026 14:14 - WARNING - No packet loss: /data/dsp/GBD_TRANSIENT_BUFFER/J0953+0755/28_07_2026/PDR_GULP_data001.pcap_28_07_2026_14_01_1785227478.PCAP_PDR
28-07-2026 14:14 - WARNING - first_pkt_count, first_gps_count, first_pkt_Tstamp
28-07-2026 14:14 - WARNING - 1220471218 25542 2026-07-28T08:30:46.206817
28-07-2026 14:14 - WARNING - last_pkt_count, last_gps_count, last_pkt_Tstamp
28-07-2026 14:14 - WARNING - 1222353760 25571 2026-07-28T08:31:15.414255
28-07-2026 14:14 - WARNING - diff_pkt_count  , diff_gps_count ,  diff_pkt_timstamp
28-07-2026 14:14 - WARNING - 1882542 29 29207438 microseconds
28-07-2026 14:14 - WARNING - No packet loss: /data/dsp/GBD_TRANSIENT_BUFFER/J0953+0755/28_07_2026/PDR_GULP_data002.pcap_28_07_2026_14_01_1785227507.PCAP_PDR
28-07-2026 14:14 - WARNING - first_pkt_count, first_gps_count, first_pkt_Tstamp
28-07-2026 14:14 - WARNING - 1222353761 25571 2026-07-28T08:31:15.414352
28-07-2026 14:14 - WARNING - last_pkt_count, last_gps_count, last_pkt_Tstamp
28-07-2026 14:14 - WARNING - 1224236302 25600 2026-07-28T08:31:44.621714
28-07-2026 14:14 - WARNING - diff_pkt_count  , diff_gps_count ,  diff_pkt_timstamp
28-07-2026 14:14 - WARNING - 1882541 29 29207362 microseconds
28-07-2026 14:14 - WARNING - No packet loss: /data/dsp/GBD_TRANSIENT_BUFFER/J0953+0755/28_07_2026/PDR_GULP_data000.pcap_28_07_2026_14_02_1785227536.PCAP_PDR
28-07-2026 14:14 - WARNING - first_pkt_count, first_gps_count, first_pkt_Tstamp
28-07-2026 14:14 - WARNING - 1224236303 25600 2026-07-28T08:31:44.621715
28-07-2026 14:14 - WARNING - last_pkt_count, last_gps_count, last_pkt_Tstamp
28-07-2026 14:14 - WARNING - 1226118844 25629 2026-07-28T08:32:13.829174
28-07-2026 14:14 - WARNING - diff_pkt_count  , diff_gps_count ,  diff_pkt_timstamp
28-07-2026 14:14 - WARNING - 1882541 29 29207459 microseconds
28-07-2026 14:14 - WARNING - No packet loss: /data/dsp/GBD_TRANSIENT_BUFFER/J0953+0755/28_07_2026/PDR_GULP_data001.pcap_28_07_2026_14_02_1785227566.PCAP_PDR
28-07-2026 14:14 - WARNING - first_pkt_count, first_gps_count, first_pkt_Tstamp
28-07-2026 14:14 - WARNING - 1226118845 25629 2026-07-28T08:32:13.829239
28-07-2026 14:14 - WARNING - last_pkt_count, last_gps_count, last_pkt_Tstamp
28-07-2026 14:14 - WARNING - 1228001386 25659 2026-07-28T08:32:43.036714
28-07-2026 14:14 - WARNING - diff_pkt_count  , diff_gps_count ,  diff_pkt_timstamp
28-07-2026 14:14 - WARNING - 1882541 30 29207475 microseconds
28-07-2026 14:14 - WARNING - No packet loss: /data/dsp/GBD_TRANSIENT_BUFFER/J0953+0755/28_07_2026/PDR_GULP_data002.pcap_28_07_2026_14_03_1785227595.PCAP_PDR
28-07-2026 14:14 - WARNING - first_pkt_count, first_gps_count, first_pkt_Tstamp
28-07-2026 14:14 - WARNING - 1228001387 25659 2026-07-28T08:32:43.036714
28-07-2026 14:14 - WARNING - last_pkt_count, last_gps_count, last_pkt_Tstamp
28-07-2026 14:14 - WARNING - 1229883928 25688 2026-07-28T08:33:12.244200
28-07-2026 14:14 - WARNING - diff_pkt_count  , diff_gps_count ,  diff_pkt_timstamp
28-07-2026 14:14 - WARNING - 1882541 29 29207486 microseconds
28-07-2026 14:14 - WARNING - No packet loss: /data/dsp/GBD_TRANSIENT_BUFFER/J0953+0755/28_07_2026/PDR_GULP_data000.pcap_28_07_2026_14_03_1785227624.PCAP_PDR
28-07-2026 14:14 - WARNING - first_pkt_count, first_gps_count, first_pkt_Tstamp
28-07-2026 14:14 - WARNING - 1229883929 25688 2026-07-28T08:33:12.244201
28-07-2026 14:14 - WARNING - last_pkt_count, last_gps_count, last_pkt_Tstamp
28-07-2026 14:14 - WARNING - 1231766471 25717 2026-07-28T08:33:41.451751
28-07-2026 14:14 - WARNING - diff_pkt_count  , diff_gps_count ,  diff_pkt_timstamp
28-07-2026 14:14 - WARNING - 1882542 29 29207550 microseconds
28-07-2026 14:14 - WARNING - No packet loss: /data/dsp/GBD_TRANSIENT_BUFFER/J0953+0755/28_07_2026/PDR_GULP_data001.pcap_28_07_2026_14_04_1785227653.PCAP_PDR
28-07-2026 14:14 - WARNING - first_pkt_count, first_gps_count, first_pkt_Tstamp
28-07-2026 14:14 - WARNING - 1231766472 25717 2026-07-28T08:33:41.451752
28-07-2026 14:14 - WARNING - last_pkt_count, last_gps_count, last_pkt_Tstamp
28-07-2026 14:14 - WARNING - 1233649013 25746 2026-07-28T08:34:10.659269
28-07-2026 14:14 - WARNING - diff_pkt_count  , diff_gps_count ,  diff_pkt_timstamp
28-07-2026 14:14 - WARNING - 1882541 29 29207517 microseconds
28-07-2026 14:14 - WARNING - No packet loss: /data/dsp/GBD_TRANSIENT_BUFFER/J0953+0755/28_07_2026/PDR_GULP_data002.pcap_28_07_2026_14_04_1785227682.PCAP_PDR
28-07-2026 14:14 - WARNING - first_pkt_count, first_gps_count, first_pkt_Tstamp
28-07-2026 14:14 - WARNING - 1233649014 25746 2026-07-28T08:34:10.659356
28-07-2026 14:14 - WARNING - last_pkt_count, last_gps_count, last_pkt_Tstamp
28-07-2026 14:14 - WARNING - 1235531555 25775 2026-07-28T08:34:39.866847
28-07-2026 14:14 - WARNING - diff_pkt_count  , diff_gps_count ,  diff_pkt_timstamp
28-07-2026 14:14 - WARNING - 1882541 29 29207491 microseconds
28-07-2026 14:14 - WARNING - No packet loss: /data/dsp/GBD_TRANSIENT_BUFFER/J0953+0755/28_07_2026/PDR_GULP_data000.pcap_28_07_2026_14_05_1785227712.PCAP_PDR
28-07-2026 14:14 - WARNING - first_pkt_count, first_gps_count, first_pkt_Tstamp
28-07-2026 14:14 - WARNING - 1235531556 25775 2026-07-28T08:34:39.866847
28-07-2026 14:14 - WARNING - last_pkt_count, last_gps_count, last_pkt_Tstamp
28-07-2026 14:14 - WARNING - 1237414097 25805 2026-07-28T08:35:09.074399
28-07-2026 14:14 - WARNING - diff_pkt_count  , diff_gps_count ,  diff_pkt_timstamp
28-07-2026 14:14 - WARNING - 1882541 30 29207552 microseconds
28-07-2026 14:14 - WARNING - No packet loss: /data/dsp/GBD_TRANSIENT_BUFFER/J0953+0755/28_07_2026/PDR_GULP_data001.pcap_28_07_2026_14_05_1785227741.PCAP_PDR
28-07-2026 14:14 - WARNING - first_pkt_count, first_gps_count, first_pkt_Tstamp
28-07-2026 14:14 - WARNING - 1237414098 25805 2026-07-28T08:35:09.074399
28-07-2026 14:14 - WARNING - last_pkt_count, last_gps_count, last_pkt_Tstamp
28-07-2026 14:14 - WARNING - 1239296639 25834 2026-07-28T08:35:38.281985
28-07-2026 14:14 - WARNING - diff_pkt_count  , diff_gps_count ,  diff_pkt_timstamp
28-07-2026 14:14 - WARNING - 1882541 29 29207586 microseconds
28-07-2026 14:14 - WARNING - No packet loss: /data/dsp/GBD_TRANSIENT_BUFFER/J0953+0755/28_07_2026/PDR_GULP_data002.pcap_28_07_2026_14_06_1785227770.PCAP_PDR
28-07-2026 14:14 - WARNING - first_pkt_count, first_gps_count, first_pkt_Tstamp
28-07-2026 14:14 - WARNING - 1239296640 25834 2026-07-28T08:35:38.281985
28-07-2026 14:14 - WARNING - last_pkt_count, last_gps_count, last_pkt_Tstamp
28-07-2026 14:14 - WARNING - 1241179181 25863 2026-07-28T08:36:07.489585
28-07-2026 14:14 - WARNING - diff_pkt_count  , diff_gps_count ,  diff_pkt_timstamp
28-07-2026 14:14 - WARNING - 1882541 29 29207600 microseconds
28-07-2026 14:14 - WARNING - No packet loss: /data/dsp/GBD_TRANSIENT_BUFFER/J0953+0755/28_07_2026/PDR_GULP_data000.pcap_28_07_2026_14_06_1785227799.PCAP_PDR
28-07-2026 14:14 - WARNING - first_pkt_count, first_gps_count, first_pkt_Tstamp
28-07-2026 14:14 - WARNING - 1241179182 25863 2026-07-28T08:36:07.489586
28-07-2026 14:14 - WARNING - last_pkt_count, last_gps_count, last_pkt_Tstamp
28-07-2026 14:14 - WARNING - 1243061724 25892 2026-07-28T08:36:36.697229
28-07-2026 14:14 - WARNING - diff_pkt_count  , diff_gps_count ,  diff_pkt_timstamp
28-07-2026 14:14 - WARNING - 1882542 29 29207643 microseconds
28-07-2026 14:14 - WARNING - No packet loss: /data/dsp/GBD_TRANSIENT_BUFFER/J0953+0755/28_07_2026/PDR_GULP_data001.pcap_28_07_2026_14_07_1785227828.PCAP_PDR
28-07-2026 14:14 - WARNING - first_pkt_count, first_gps_count, first_pkt_Tstamp
28-07-2026 14:14 - WARNING - 1243061725 25892 2026-07-28T08:36:36.697229
28-07-2026 14:14 - WARNING - last_pkt_count, last_gps_count, last_pkt_Tstamp
28-07-2026 14:14 - WARNING - 1244944266 25921 2026-07-28T08:37:05.904787
28-07-2026 14:14 - WARNING - diff_pkt_count  , diff_gps_count ,  diff_pkt_timstamp
28-07-2026 14:14 - WARNING - 1882541 29 29207558 microseconds
28-07-2026 14:14 - WARNING - No packet loss: /data/dsp/GBD_TRANSIENT_BUFFER/J0953+0755/28_07_2026/PDR_GULP_data002.pcap_28_07_2026_14_07_1785227858.PCAP_PDR
28-07-2026 14:14 - WARNING - first_pkt_count, first_gps_count, first_pkt_Tstamp
28-07-2026 14:14 - WARNING - 1244944267 25921 2026-07-28T08:37:05.904865
28-07-2026 14:14 - WARNING - last_pkt_count, last_gps_count, last_pkt_Tstamp
28-07-2026 14:14 - WARNING - 1246826808 25951 2026-07-28T08:37:35.112351
28-07-2026 14:14 - WARNING - diff_pkt_count  , diff_gps_count ,  diff_pkt_timstamp
28-07-2026 14:14 - WARNING - 1882541 30 29207486 microseconds
28-07-2026 14:14 - WARNING - No packet loss: /data/dsp/GBD_TRANSIENT_BUFFER/J0953+0755/28_07_2026/PDR_GULP_data000.pcap_28_07_2026_14_08_1785227887.PCAP_PDR
28-07-2026 14:14 - WARNING - first_pkt_count, first_gps_count, first_pkt_Tstamp
28-07-2026 14:14 - WARNING - 1246826809 25951 2026-07-28T08:37:35.112404
28-07-2026 14:14 - WARNING - last_pkt_count, last_gps_count, last_pkt_Tstamp
28-07-2026 14:14 - WARNING - 1248709350 25980 2026-07-28T08:38:04.319997
28-07-2026 14:14 - WARNING - diff_pkt_count  , diff_gps_count ,  diff_pkt_timstamp
28-07-2026 14:14 - WARNING - 1882541 29 29207593 microseconds
28-07-2026 14:14 - WARNING - No packet loss: /data/dsp/GBD_TRANSIENT_BUFFER/J0953+0755/28_07_2026/PDR_GULP_data001.pcap_28_07_2026_14_08_1785227916.PCAP_PDR
28-07-2026 14:14 - WARNING - first_pkt_count, first_gps_count, first_pkt_Tstamp
28-07-2026 14:14 - WARNING - 1248709351 25980 2026-07-28T08:38:04.319997
28-07-2026 14:14 - WARNING - last_pkt_count, last_gps_count, last_pkt_Tstamp
28-07-2026 14:14 - WARNING - 1250591892 26009 2026-07-28T08:38:33.527646
28-07-2026 14:14 - WARNING - diff_pkt_count  , diff_gps_count ,  diff_pkt_timstamp
28-07-2026 14:14 - WARNING - 1882541 29 29207649 microseconds
28-07-2026 14:14 - WARNING - No packet loss: /data/dsp/GBD_TRANSIENT_BUFFER/J0953+0755/28_07_2026/PDR_GULP_data002.pcap_28_07_2026_14_09_1785227945.PCAP_PDR
28-07-2026 14:14 - WARNING - first_pkt_count, first_gps_count, first_pkt_Tstamp
28-07-2026 14:14 - WARNING - 1250591893 26009 2026-07-28T08:38:33.527646
28-07-2026 14:14 - WARNING - last_pkt_count, last_gps_count, last_pkt_Tstamp
28-07-2026 14:14 - WARNING - 1252474434 26038 2026-07-28T08:39:02.735298
28-07-2026 14:14 - WARNING - diff_pkt_count  , diff_gps_count ,  diff_pkt_timstamp
28-07-2026 14:14 - WARNING - 1882541 29 29207652 microseconds
28-07-2026 14:14 - WARNING - No packet loss: /data/dsp/GBD_TRANSIENT_BUFFER/J0953+0755/28_07_2026/PDR_GULP_data000.pcap_28_07_2026_14_09_1785227974.PCAP_PDR
28-07-2026 14:14 - WARNING - first_pkt_count, first_gps_count, first_pkt_Tstamp
28-07-2026 14:14 - WARNING - 1252474435 26038 2026-07-28T08:39:02.735298
28-07-2026 14:14 - WARNING - last_pkt_count, last_gps_count, last_pkt_Tstamp
28-07-2026 14:14 - WARNING - 1254356977 26067 2026-07-28T08:39:31.942962
28-07-2026 14:14 - WARNING - diff_pkt_count  , diff_gps_count ,  diff_pkt_timstamp
28-07-2026 14:14 - WARNING - 1882542 29 29207664 microseconds
28-07-2026 14:14 - WARNING - No packet loss: /data/dsp/GBD_TRANSIENT_BUFFER/J0953+0755/28_07_2026/PDR_GULP_data001.pcap_28_07_2026_14_10_1785228004.PCAP_PDR
28-07-2026 14:14 - WARNING - first_pkt_count, first_gps_count, first_pkt_Tstamp
28-07-2026 14:14 - WARNING - 1254356978 26067 2026-07-28T08:39:31.942962
28-07-2026 14:14 - WARNING - last_pkt_count, last_gps_count, last_pkt_Tstamp
28-07-2026 14:14 - WARNING - 1256239519 26097 2026-07-28T08:40:01.150628
28-07-2026 14:14 - WARNING - diff_pkt_count  , diff_gps_count ,  diff_pkt_timstamp
28-07-2026 14:14 - WARNING - 1882541 30 29207666 microseconds
28-07-2026 14:14 - WARNING - No packet loss: /data/dsp/GBD_TRANSIENT_BUFFER/J0953+0755/28_07_2026/PDR_GULP_data002.pcap_28_07_2026_14_10_1785228033.PCAP_PDR
28-07-2026 14:14 - WARNING - first_pkt_count, first_gps_count, first_pkt_Tstamp
28-07-2026 14:14 - WARNING - 1256239520 26097 2026-07-28T08:40:01.150628
28-07-2026 14:14 - WARNING - last_pkt_count, last_gps_count, last_pkt_Tstamp
28-07-2026 14:14 - WARNING - 1258122061 26126 2026-07-28T08:40:30.358254
28-07-2026 14:14 - WARNING - diff_pkt_count  , diff_gps_count ,  diff_pkt_timstamp
28-07-2026 14:14 - WARNING - 1882541 29 29207626 microseconds
28-07-2026 14:14 - WARNING - No packet loss: /data/dsp/GBD_TRANSIENT_BUFFER/J0953+0755/28_07_2026/PDR_GULP_data000.pcap_28_07_2026_14_11_1785228062.PCAP_PDR
28-07-2026 14:14 - WARNING - first_pkt_count, first_gps_count, first_pkt_Tstamp
28-07-2026 14:14 - WARNING - 1258122062 26126 2026-07-28T08:40:30.358344
28-07-2026 14:14 - WARNING - last_pkt_count, last_gps_count, last_pkt_Tstamp
28-07-2026 14:14 - WARNING - 1260004603 26155 2026-07-28T08:40:59.565936
28-07-2026 14:14 - WARNING - diff_pkt_count  , diff_gps_count ,  diff_pkt_timstamp
28-07-2026 14:14 - WARNING - 1882541 29 29207592 microseconds
28-07-2026 14:14 - WARNING - No packet loss: /data/dsp/GBD_TRANSIENT_BUFFER/J0953+0755/28_07_2026/PDR_GULP_data001.pcap_28_07_2026_14_11_1785228091.PCAP_PDR
28-07-2026 14:14 - WARNING - first_pkt_count, first_gps_count, first_pkt_Tstamp
28-07-2026 14:14 - WARNING - 1260004604 26155 2026-07-28T08:40:59.565936
28-07-2026 14:14 - WARNING - last_pkt_count, last_gps_count, last_pkt_Tstamp
28-07-2026 14:14 - WARNING - 1261887145 26184 2026-07-28T08:41:28.773611
28-07-2026 14:14 - WARNING - diff_pkt_count  , diff_gps_count ,  diff_pkt_timstamp
28-07-2026 14:14 - WARNING - 1882541 29 29207675 microseconds
28-07-2026 14:14 - WARNING - No packet loss: /data/dsp/GBD_TRANSIENT_BUFFER/J0953+0755/28_07_2026/PDR_GULP_data002.pcap_28_07_2026_14_12_1785228120.PCAP_PDR
28-07-2026 14:14 - WARNING - first_pkt_count, first_gps_count, first_pkt_Tstamp
28-07-2026 14:14 - WARNING - 1261887146 26184 2026-07-28T08:41:28.773611
28-07-2026 14:14 - WARNING - last_pkt_count, last_gps_count, last_pkt_Tstamp
28-07-2026 14:14 - WARNING - 1263769687 26213 2026-07-28T08:41:57.981283
28-07-2026 14:14 - WARNING - diff_pkt_count  , diff_gps_count ,  diff_pkt_timstamp
28-07-2026 14:14 - WARNING - 1882541 29 29207672 microseconds
28-07-2026 14:14 - WARNING - No packet loss: /data/dsp/GBD_TRANSIENT_BUFFER/J0953+0755/28_07_2026/PDR_GULP_data000.pcap_28_07_2026_14_12_1785228150.PCAP_PDR
28-07-2026 14:14 - WARNING - first_pkt_count, first_gps_count, first_pkt_Tstamp
28-07-2026 14:14 - WARNING - 1263769688 26213 2026-07-28T08:41:57.981283
28-07-2026 14:14 - WARNING - last_pkt_count, last_gps_count, last_pkt_Tstamp
28-07-2026 14:14 - WARNING - 1265652230 26243 2026-07-28T08:42:27.188994
28-07-2026 14:14 - WARNING - diff_pkt_count  , diff_gps_count ,  diff_pkt_timstamp
28-07-2026 14:14 - WARNING - 1882542 30 29207711 microseconds
28-07-2026 14:14 - WARNING - No packet loss: /data/dsp/GBD_TRANSIENT_BUFFER/J0953+0755/28_07_2026/PDR_GULP_data001.pcap_28_07_2026_14_12_1785228179.PCAP_PDR
28-07-2026 14:14 - WARNING - first_pkt_count, first_gps_count, first_pkt_Tstamp
28-07-2026 14:14 - WARNING - 1265652231 26243 2026-07-28T08:42:27.188994
28-07-2026 14:14 - WARNING - last_pkt_count, last_gps_count, last_pkt_Tstamp
28-07-2026 14:14 - WARNING - 1267534772 26272 2026-07-28T08:42:56.396653
28-07-2026 14:14 - WARNING - diff_pkt_count  , diff_gps_count ,  diff_pkt_timstamp
28-07-2026 14:14 - WARNING - 1882541 29 29207659 microseconds
28-07-2026 14:14 - WARNING - No packet loss: /data/dsp/GBD_TRANSIENT_BUFFER/J0953+0755/28_07_2026/PDR_GULP_data002.pcap_28_07_2026_14_13_1785228208.PCAP_PDR
28-07-2026 14:14 - WARNING - first_pkt_count, first_gps_count, first_pkt_Tstamp
28-07-2026 14:14 - WARNING - 1267534773 26272 2026-07-28T08:42:56.396706
28-07-2026 14:14 - WARNING - last_pkt_count, last_gps_count, last_pkt_Tstamp
28-07-2026 14:14 - WARNING - 1269417314 26301 2026-07-28T08:43:25.604404
28-07-2026 14:14 - WARNING - diff_pkt_count  , diff_gps_count ,  diff_pkt_timstamp
28-07-2026 14:14 - WARNING - 1882541 29 29207698 microseconds
28-07-2026 14:14 SLIP check Finished...
28-07-2026 14:14 Pulsar data reduction pipeline started ...
28-07-2026 14:14 - WARNING - Data Directory: /data/dsp/GBD_TRANSIENT_BUFFER/J0953+0755/28_07_2026
28-07-2026 14:14 - WARNING - Pulsar: J0953+0755
28-07-2026 14:14 - WARNING - CH selelction: 0
28-07-2026 14:14 - WARNING - Phase file: /home/dsp/PDR_acquire_setup/dada_scripts/phase/rf_path_phase.dat
28-07-2026 14:14 - WARNING - Obs. logfile: /home/dsp/PDR_acquire_setup/master_obs_log/J0953+0755_28_07_2026_observation.log
28-07-2026 14:14 - WARNING - Observation start time: 2026_07_28_13_25_14
28-07-2026 14:14 - WARNING - parfile: /home/dsp/parfiles/J0953+0755.par
28-07-2026 14:14 - WARNING - DM: 2.94368147353273
28-07-2026 14:14 - WARNING - Period: 0.2530654277592862
28-07-2026 14:14 - WARNING - RA_DEC: 09:53:09.3023078+07:55:36.65806
28-07-2026 14:14 - WARNING - out_dada_file: J0953+0755_2026_07_28_13_25_14_type_0.dada
28-07-2026 14:14 - WARNING - Number of files to process: 100
28-07-2026 14:14 - WARNING - Files per batch:  17
28-07-2026 14:46 - WARNING - Time taken for PDR2DADA convertion: 0:32:11.786976
28-07-2026 14:46 - WARNING - Center_freq: 175
28-07-2026 14:46 - WARNING - int_time: 3.0
28-07-2026 14:46 - WARNING - nbins: 256
28-07-2026 14:46 - WARNING - fil_chan: 256
28-07-2026 14:46 - WARNING - cpu: 2,3,4,5,6,7,8,9,10,11,12,13,14,15,16
28-07-2026 14:46 - WARNING - thread: 32
28-07-2026 14:46 - WARNING - nbit: 8
28-07-2026 14:46 - WARNING - time_avg: 0.000256
28-07-2026 14:46 - WARNING - MJD_START: 61249.33002358538
28-07-2026 14:46 - WARNING - output: J0953+0755_61249.33_175MHz_type_0_GBD_DART
28-07-2026 14:46 - WARNING - singularity_container: singularity exec /home/dsp/singularity_imag/pschive_py3.sif  
28-07-2026 14:46 - WARNING - ------ DIGIFITS ------
28-07-2026 14:46 - WARNING - ---- Search Mode FITS -------
28-07-2026 14:46 - WARNING - digifits_ful_stokes_cmd: singularity exec /home/dsp/singularity_imag/pschive_py3.sif  digifits  -F 256 -x 256 -b 8 -p 4 -t 0.000256 J0953+0755_2026_07_28_13_25_14_type_0.dada -o J0953+0755_2026_07_28_13_25_14_type_0.dada_stokes.fits
28-07-2026 15:20 - WARNING - ------ Total intensity FITS -------
28-07-2026 15:20 - WARNING - digifits_total_intensity_cmd: singularity exec /home/dsp/singularity_imag/pschive_py3.sif  digifits  -F 256 -x 256 -b 8 -p 1 -t 0.000256 J0953+0755_2026_07_28_13_25_14_type_0.dada -o J0953+0755_2026_07_28_13_25_14_type_0.dada_intensity.fits
28-07-2026 15:54 - WARNING - Nchan: 256
28-07-2026 15:54 - WARNING - Nbin: 256
28-07-2026 15:54 - WARNING - Tavg: 0.000256
28-07-2026 15:54 - WARNING - Time taken for DIGIFITS run: 1:07:30.385421
28-07-2026 15:54 - WARNING - ------ DSPSR ------
28-07-2026 15:54 - WARNING - ------- Coherent Dedispersion Folded archive -------
28-07-2026 15:54 - WARNING - dspsr_cmd: singularity exec /home/dsp/singularity_imag/pschive_py3.sif  dspsr J0953+0755_2026_07_28_13_25_14_type_0.dada -cpu 2,3,4,5,6,7,8,9,10,11,12,13,14,15,16 -t 32 -E /home/dsp/parfiles/J0953+0755.par -L 3.0 -b 256 -F 256:D -N J0953+0755 -a PSRFITS -A -e .fits -O J0953+0755_61249.33_175MHz_type_0_GBD_DART
28-07-2026 16:25 - WARNING - ------- Incoherent Dedispersion Folded archive -------
28-07-2026 16:25 - WARNING - Incoherent_DD_dspsr_cmd: singularity exec /home/dsp/singularity_imag/pschive_py3.sif  dspsr J0953+0755_2026_07_28_13_25_14_type_0.dada_stokes.fits -cpu 2,3,4,5,6,7,8,9,10,11,12,13,14,15,16 -t 32 -E /home/dsp/parfiles/J0953+0755.par -L 3.0 -b 256 -N J0953+0755 -A -e .fits -O J0953+0755_61249.33_175MHz_type_0_GBD_DART_stokes_Incoherent_DD
28-07-2026 16:27 - WARNING - Time taken for DSPSR run: 0:32:39.612153
28-07-2026 16:27 - WARNING - ------ PSREDIT ------
28-07-2026 16:27 - WARNING - psredit_cmd: singularity exec /home/dsp/singularity_imag/pschive_py3.sif  psredit -c name=J0953+0755,be:name=GSB,coord=09:53:09.3023078+07:55:36.65806 -m *_GBD_DART*fits
28-07-2026 16:27 - WARNING - Time taken for PSREDIT run: 0:00:12.563156
28-07-2026 16:27 - WARNING - ------ Iterative RFI Cleaner ------
28-07-2026 16:27 - WARNING - Iterative_cleaner_cmd: singularity exec /home/dsp/singularity_imag/pschive_py3.sif   python3 /home/dsp/PDR_acquire_setup/iterative_cleaner.py -s 3 -c 3 -m 10 *_GBD_DART*fits
28-07-2026 16:34 - WARNING - Time taken for Iterative_cleaner run: 0:07:11.244101
28-07-2026 16:34 - WARNING - ------ PDMP ------
28-07-2026 16:34 - WARNING - pdmp_cmd1: singularity exec /home/dsp/singularity_imag/pschive_py3.sif  pdmp -dr 2 -ds 0.05 -g J0953+0755_61249.33_175MHz_type_0_GBD_DART.fits_cleaned.ar.ps/cps J0953+0755_61249.33_175MHz_type_0_GBD_DART.fits_cleaned.ar
28-07-2026 16:54 - WARNING - pdmp_cmd2: singularity exec /home/dsp/singularity_imag/pschive_py3.sif  pdmp -dr 2 -ds 0.05 -g J0953+0755_61249.33_175MHz_type_0_GBD_DART_stokes_Incoherent_DD.fits_cleaned.ar.ps/cps J0953+0755_61249.33_175MHz_type_0_GBD_DART_stokes_Incoherent_DD.fits_cleaned.ar
28-07-2026 17:12 - WARNING - Time taken for PDMP run: 0:38:17.307855
28-07-2026 17:12 - WARNING - ------ PS2PDF ------
28-07-2026 17:12 - WARNING - ps2pdf_cmd1: singularity exec /home/dsp/singularity_imag/pschive_py3.sif  ps2pdf J0953+0755_61249.33_175MHz_type_0_GBD_DART.fits_cleaned.ar.ps J0953+0755_61249.33_175MHz_type_0_GBD_DART.fits_cleaned.ar.ps.pdf
28-07-2026 17:12 - WARNING - ps2pdf_cmd2: singularity exec /home/dsp/singularity_imag/pschive_py3.sif  ps2pdf J0953+0755_61249.33_175MHz_type_0_GBD_DART_stokes_Incoherent_DD.fits_cleaned.ar.ps J0953+0755_61249.33_175MHz_type_0_GBD_DART_stokes_Incoherent_DD.fits_cleaned.ar.ps.pdf
28-07-2026 17:12 - WARNING - Time taken for PDMP run: 0:00:02.365185
28-07-2026 17:12 - WARNING - Overall time taken for data reduction: 2:58:08.334773
28-07-2026 17:12 - WARNING - J0953+0755_2026_07_28_13_25_14_type_0.dada... file removed
28-07-2026 17:12 - WARNING - All done!
28-07-2026 17:13 --- PRESTO ---
28-07-2026 17:13 singularity_container: singularity exec /home/dsp/singularity_imag/pschive_py3.sif  
28-07-2026 17:13 Filterbank to Process for PULSAR: J0953+0755 with DM:59400 : J0953+0755_2026_07_28_13_25_14_type_0.dada_intensity.fits
28-07-2026 17:13 --- RFIFIND ---
28-07-2026 17:13 RFIFIND: singularity exec /home/dsp/singularity_imag/pschive_py3.sif   rfifind -time 2.0 -o J0953+0755 J0953+0755_2026_07_28_13_25_14_type_0.dada_intensity.fits
28-07-2026 17:14 --- PREPDATA ---
28-07-2026 17:14 PREPDATA: singularity exec /home/dsp/singularity_imag/pschive_py3.sif   prepdata -nobary -o J0953+0755_2026_07_28_13_25_14_type_0.dada_intensity.fits -dm 59400 -mask J0953+0755_rfifind.mask J0953+0755_2026_07_28_13_25_14_type_0.dada_intensity.fits
28-07-2026 17:15 --- REALFFT ---
28-07-2026 17:15 REALFFT: singularity exec /home/dsp/singularity_imag/pschive_py3.sif   realfft  J0953+0755_2026_07_28_13_25_14_type_0.dada_intensity.fits.dat
28-07-2026 17:15 --- ACCELSEARCH ---
28-07-2026 17:15 ACCELSEARCH: singularity exec /home/dsp/singularity_imag/pschive_py3.sif   accelsearch -numharm 8 -zmax 8  J0953+0755_2026_07_28_13_25_14_type_0.dada_intensity.fits.fft
28-07-2026 17:15 Observation Over.
