12-07-2026 14:27 Waiting for J0953+0755 observation...
12-07-2026 14:32 Observation started...
12-07-2026 14:32 Pulsar: J0953+0755 , parfile: /home/dsp/parfiles/J0953+0755.par , DM: 2.94368147353273
12-07-2026 14:32 Trigger sent to obs. PC [VELA].
12-07-2026 15:16 Acquired 100.
12-07-2026 15:16 ACQ over.
12-07-2026 15:16 Removing Trigger file from remote machine 
12-07-2026 15:16 Observation stoped.
-rw------- 1 dsp dsp 2.0G Jul 12 14:27 /data/TRANSIENT_BUFFER/PDR_GULP_data002.pcap_12_07_2026_14_28_1783846682.PCAP_PDR
-rw------- 1 dsp dsp 2.0G Jul 12 14:28 /data/TRANSIENT_BUFFER/PDR_GULP_data000.pcap_12_07_2026_14_28_1783846711.PCAP_PDR
-rw------- 1 dsp dsp 2.0G Jul 12 14:28 /data/TRANSIENT_BUFFER/PDR_GULP_data001.pcap_12_07_2026_14_29_1783846740.PCAP_PDR
-rw------- 1 dsp dsp 2.0G Jul 12 14:29 /data/TRANSIENT_BUFFER/PDR_GULP_data002.pcap_12_07_2026_14_29_1783846769.PCAP_PDR
-rw------- 1 dsp dsp 2.0G Jul 12 14:29 /data/TRANSIENT_BUFFER/PDR_GULP_data000.pcap_12_07_2026_14_29_1783846798.PCAP_PDR
-rw------- 1 dsp dsp 2.0G Jul 12 14:30 /data/TRANSIENT_BUFFER/PDR_GULP_data001.pcap_12_07_2026_14_30_1783846828.PCAP_PDR
-rw------- 1 dsp dsp 2.0G Jul 12 14:30 /data/TRANSIENT_BUFFER/PDR_GULP_data002.pcap_12_07_2026_14_30_1783846857.PCAP_PDR
-rw------- 1 dsp dsp 2.0G Jul 12 14:31 /data/TRANSIENT_BUFFER/PDR_GULP_data000.pcap_12_07_2026_14_31_1783846886.PCAP_PDR
-rw------- 1 dsp dsp 2.0G Jul 12 14:31 /data/TRANSIENT_BUFFER/PDR_GULP_data001.pcap_12_07_2026_14_31_1783846915.PCAP_PDR
-rw------- 1 dsp dsp 2.0G Jul 12 14:32 /data/TRANSIENT_BUFFER/PDR_GULP_data002.pcap_12_07_2026_14_32_1783846944.PCAP_PDR
-rw------- 1 dsp dsp 2.0G Jul 12 14:32 /data/TRANSIENT_BUFFER/PDR_GULP_data000.pcap_12_07_2026_14_32_1783846974.PCAP_PDR
-rw------- 1 dsp dsp 2.0G Jul 12 14:33 /data/TRANSIENT_BUFFER/PDR_GULP_data001.pcap_12_07_2026_14_33_1783847003.PCAP_PDR
-rw------- 1 dsp dsp 2.0G Jul 12 14:33 /data/TRANSIENT_BUFFER/PDR_GULP_data002.pcap_12_07_2026_14_33_1783847032.PCAP_PDR
-rw------- 1 dsp dsp 2.0G Jul 12 14:34 /data/TRANSIENT_BUFFER/PDR_GULP_data000.pcap_12_07_2026_14_34_1783847061.PCAP_PDR
-rw------- 1 dsp dsp 2.0G Jul 12 14:34 /data/TRANSIENT_BUFFER/PDR_GULP_data001.pcap_12_07_2026_14_34_1783847090.PCAP_PDR
-rw------- 1 dsp dsp 2.0G Jul 12 14:35 /data/TRANSIENT_BUFFER/PDR_GULP_data002.pcap_12_07_2026_14_35_1783847120.PCAP_PDR
-rw------- 1 dsp dsp 2.0G Jul 12 14:35 /data/TRANSIENT_BUFFER/PDR_GULP_data000.pcap_12_07_2026_14_35_1783847149.PCAP_PDR
-rw------- 1 dsp dsp 2.0G Jul 12 14:36 /data/TRANSIENT_BUFFER/PDR_GULP_data001.pcap_12_07_2026_14_36_1783847178.PCAP_PDR
-rw------- 1 dsp dsp 2.0G Jul 12 14:36 /data/TRANSIENT_BUFFER/PDR_GULP_data002.pcap_12_07_2026_14_36_1783847207.PCAP_PDR
-rw------- 1 dsp dsp 2.0G Jul 12 14:37 /data/TRANSIENT_BUFFER/PDR_GULP_data000.pcap_12_07_2026_14_37_1783847237.PCAP_PDR
-rw------- 1 dsp dsp 2.0G Jul 12 14:37 /data/TRANSIENT_BUFFER/PDR_GULP_data001.pcap_12_07_2026_14_37_1783847266.PCAP_PDR
-rw------- 1 dsp dsp 2.0G Jul 12 14:38 /data/TRANSIENT_BUFFER/PDR_GULP_data002.pcap_12_07_2026_14_38_1783847295.PCAP_PDR
-rw------- 1 dsp dsp 2.0G Jul 12 14:38 /data/TRANSIENT_BUFFER/PDR_GULP_data000.pcap_12_07_2026_14_38_1783847324.PCAP_PDR
-rw------- 1 dsp dsp 2.0G Jul 12 14:39 /data/TRANSIENT_BUFFER/PDR_GULP_data001.pcap_12_07_2026_14_39_1783847353.PCAP_PDR
-rw------- 1 dsp dsp 2.0G Jul 12 14:39 /data/TRANSIENT_BUFFER/PDR_GULP_data002.pcap_12_07_2026_14_39_1783847383.PCAP_PDR
-rw------- 1 dsp dsp 2.0G Jul 12 14:40 /data/TRANSIENT_BUFFER/PDR_GULP_data000.pcap_12_07_2026_14_40_1783847412.PCAP_PDR
-rw------- 1 dsp dsp 2.0G Jul 12 14:40 /data/TRANSIENT_BUFFER/PDR_GULP_data001.pcap_12_07_2026_14_40_1783847441.PCAP_PDR
-rw------- 1 dsp dsp 2.0G Jul 12 14:41 /data/TRANSIENT_BUFFER/PDR_GULP_data002.pcap_12_07_2026_14_41_1783847470.PCAP_PDR
-rw------- 1 dsp dsp 2.0G Jul 12 14:41 /data/TRANSIENT_BUFFER/PDR_GULP_data000.pcap_12_07_2026_14_41_1783847499.PCAP_PDR
-rw------- 1 dsp dsp 2.0G Jul 12 14:42 /data/TRANSIENT_BUFFER/PDR_GULP_data001.pcap_12_07_2026_14_42_1783847529.PCAP_PDR
-rw------- 1 dsp dsp 2.0G Jul 12 14:42 /data/TRANSIENT_BUFFER/PDR_GULP_data002.pcap_12_07_2026_14_42_1783847558.PCAP_PDR
-rw------- 1 dsp dsp 2.0G Jul 12 14:43 /data/TRANSIENT_BUFFER/PDR_GULP_data000.pcap_12_07_2026_14_43_1783847587.PCAP_PDR
-rw------- 1 dsp dsp 2.0G Jul 12 14:43 /data/TRANSIENT_BUFFER/PDR_GULP_data001.pcap_12_07_2026_14_43_1783847616.PCAP_PDR
-rw------- 1 dsp dsp 2.0G Jul 12 14:44 /data/TRANSIENT_BUFFER/PDR_GULP_data002.pcap_12_07_2026_14_44_1783847645.PCAP_PDR
-rw------- 1 dsp dsp 2.0G Jul 12 14:44 /data/TRANSIENT_BUFFER/PDR_GULP_data000.pcap_12_07_2026_14_44_1783847675.PCAP_PDR
-rw------- 1 dsp dsp 2.0G Jul 12 14:45 /data/TRANSIENT_BUFFER/PDR_GULP_data001.pcap_12_07_2026_14_45_1783847704.PCAP_PDR
-rw------- 1 dsp dsp 2.0G Jul 12 14:45 /data/TRANSIENT_BUFFER/PDR_GULP_data002.pcap_12_07_2026_14_45_1783847733.PCAP_PDR
-rw------- 1 dsp dsp 2.0G Jul 12 14:45 /data/TRANSIENT_BUFFER/PDR_GULP_data000.pcap_12_07_2026_14_46_1783847762.PCAP_PDR
-rw------- 1 dsp dsp 2.0G Jul 12 14:46 /data/TRANSIENT_BUFFER/PDR_GULP_data001.pcap_12_07_2026_14_46_1783847791.PCAP_PDR
-rw------- 1 dsp dsp 2.0G Jul 12 14:46 /data/TRANSIENT_BUFFER/PDR_GULP_data002.pcap_12_07_2026_14_47_1783847821.PCAP_PDR
-rw------- 1 dsp dsp 2.0G Jul 12 14:47 /data/TRANSIENT_BUFFER/PDR_GULP_data000.pcap_12_07_2026_14_47_1783847850.PCAP_PDR
-rw------- 1 dsp dsp 2.0G Jul 12 14:47 /data/TRANSIENT_BUFFER/PDR_GULP_data001.pcap_12_07_2026_14_47_1783847879.PCAP_PDR
-rw------- 1 dsp dsp 2.0G Jul 12 14:48 /data/TRANSIENT_BUFFER/PDR_GULP_data002.pcap_12_07_2026_14_48_1783847908.PCAP_PDR
-rw------- 1 dsp dsp 2.0G Jul 12 14:48 /data/TRANSIENT_BUFFER/PDR_GULP_data000.pcap_12_07_2026_14_48_1783847938.PCAP_PDR
-rw------- 1 dsp dsp 2.0G Jul 12 14:49 /data/TRANSIENT_BUFFER/PDR_GULP_data001.pcap_12_07_2026_14_49_1783847967.PCAP_PDR
-rw------- 1 dsp dsp 2.0G Jul 12 14:49 /data/TRANSIENT_BUFFER/PDR_GULP_data002.pcap_12_07_2026_14_49_1783847996.PCAP_PDR
-rw------- 1 dsp dsp 2.0G Jul 12 14:50 /data/TRANSIENT_BUFFER/PDR_GULP_data000.pcap_12_07_2026_14_50_1783848025.PCAP_PDR
-rw------- 1 dsp dsp 2.0G Jul 12 14:50 /data/TRANSIENT_BUFFER/PDR_GULP_data001.pcap_12_07_2026_14_50_1783848054.PCAP_PDR
-rw------- 1 dsp dsp 2.0G Jul 12 14:51 /data/TRANSIENT_BUFFER/PDR_GULP_data002.pcap_12_07_2026_14_51_1783848084.PCAP_PDR
-rw------- 1 dsp dsp 2.0G Jul 12 14:51 /data/TRANSIENT_BUFFER/PDR_GULP_data000.pcap_12_07_2026_14_51_1783848113.PCAP_PDR
-rw------- 1 dsp dsp 2.0G Jul 12 14:52 /data/TRANSIENT_BUFFER/PDR_GULP_data001.pcap_12_07_2026_14_52_1783848142.PCAP_PDR
-rw------- 1 dsp dsp 2.0G Jul 12 14:52 /data/TRANSIENT_BUFFER/PDR_GULP_data002.pcap_12_07_2026_14_52_1783848171.PCAP_PDR
-rw------- 1 dsp dsp 2.0G Jul 12 14:53 /data/TRANSIENT_BUFFER/PDR_GULP_data000.pcap_12_07_2026_14_53_1783848200.PCAP_PDR
-rw------- 1 dsp dsp 2.0G Jul 12 14:53 /data/TRANSIENT_BUFFER/PDR_GULP_data001.pcap_12_07_2026_14_53_1783848230.PCAP_PDR
-rw------- 1 dsp dsp 2.0G Jul 12 14:54 /data/TRANSIENT_BUFFER/PDR_GULP_data002.pcap_12_07_2026_14_54_1783848259.PCAP_PDR
-rw------- 1 dsp dsp 2.0G Jul 12 14:54 /data/TRANSIENT_BUFFER/PDR_GULP_data000.pcap_12_07_2026_14_54_1783848288.PCAP_PDR
-rw------- 1 dsp dsp 2.0G Jul 12 14:55 /data/TRANSIENT_BUFFER/PDR_GULP_data001.pcap_12_07_2026_14_55_1783848317.PCAP_PDR
-rw------- 1 dsp dsp 2.0G Jul 12 14:55 /data/TRANSIENT_BUFFER/PDR_GULP_data002.pcap_12_07_2026_14_55_1783848346.PCAP_PDR
-rw------- 1 dsp dsp 2.0G Jul 12 14:56 /data/TRANSIENT_BUFFER/PDR_GULP_data000.pcap_12_07_2026_14_56_1783848376.PCAP_PDR
-rw------- 1 dsp dsp 2.0G Jul 12 14:56 /data/TRANSIENT_BUFFER/PDR_GULP_data001.pcap_12_07_2026_14_56_1783848405.PCAP_PDR
-rw------- 1 dsp dsp 2.0G Jul 12 14:57 /data/TRANSIENT_BUFFER/PDR_GULP_data002.pcap_12_07_2026_14_57_1783848434.PCAP_PDR
-rw------- 1 dsp dsp 2.0G Jul 12 14:57 /data/TRANSIENT_BUFFER/PDR_GULP_data000.pcap_12_07_2026_14_57_1783848463.PCAP_PDR
-rw------- 1 dsp dsp 2.0G Jul 12 14:58 /data/TRANSIENT_BUFFER/PDR_GULP_data001.pcap_12_07_2026_14_58_1783848492.PCAP_PDR
-rw------- 1 dsp dsp 2.0G Jul 12 14:58 /data/TRANSIENT_BUFFER/PDR_GULP_data002.pcap_12_07_2026_14_58_1783848522.PCAP_PDR
-rw------- 1 dsp dsp 2.0G Jul 12 14:59 /data/TRANSIENT_BUFFER/PDR_GULP_data000.pcap_12_07_2026_14_59_1783848551.PCAP_PDR
-rw------- 1 dsp dsp 2.0G Jul 12 14:59 /data/TRANSIENT_BUFFER/PDR_GULP_data001.pcap_12_07_2026_14_59_1783848580.PCAP_PDR
-rw------- 1 dsp dsp 2.0G Jul 12 15:00 /data/TRANSIENT_BUFFER/PDR_GULP_data002.pcap_12_07_2026_15_00_1783848609.PCAP_PDR
-rw------- 1 dsp dsp 2.0G Jul 12 15:00 /data/TRANSIENT_BUFFER/PDR_GULP_data000.pcap_12_07_2026_15_00_1783848639.PCAP_PDR
-rw------- 1 dsp dsp 2.0G Jul 12 15:01 /data/TRANSIENT_BUFFER/PDR_GULP_data001.pcap_12_07_2026_15_01_1783848668.PCAP_PDR
-rw------- 1 dsp dsp 2.0G Jul 12 15:01 /data/TRANSIENT_BUFFER/PDR_GULP_data002.pcap_12_07_2026_15_01_1783848697.PCAP_PDR
-rw------- 1 dsp dsp 2.0G Jul 12 15:02 /data/TRANSIENT_BUFFER/PDR_GULP_data000.pcap_12_07_2026_15_02_1783848726.PCAP_PDR
-rw------- 1 dsp dsp 2.0G Jul 12 15:02 /data/TRANSIENT_BUFFER/PDR_GULP_data001.pcap_12_07_2026_15_02_1783848755.PCAP_PDR
-rw------- 1 dsp dsp 2.0G Jul 12 15:03 /data/TRANSIENT_BUFFER/PDR_GULP_data002.pcap_12_07_2026_15_03_1783848785.PCAP_PDR
-rw------- 1 dsp dsp 2.0G Jul 12 15:03 /data/TRANSIENT_BUFFER/PDR_GULP_data000.pcap_12_07_2026_15_03_1783848814.PCAP_PDR
-rw------- 1 dsp dsp 2.0G Jul 12 15:04 /data/TRANSIENT_BUFFER/PDR_GULP_data001.pcap_12_07_2026_15_04_1783848843.PCAP_PDR
-rw------- 1 dsp dsp 2.0G Jul 12 15:04 /data/TRANSIENT_BUFFER/PDR_GULP_data002.pcap_12_07_2026_15_04_1783848872.PCAP_PDR
-rw------- 1 dsp dsp 2.0G Jul 12 15:04 /data/TRANSIENT_BUFFER/PDR_GULP_data000.pcap_12_07_2026_15_05_1783848901.PCAP_PDR
-rw------- 1 dsp dsp 2.0G Jul 12 15:05 /data/TRANSIENT_BUFFER/PDR_GULP_data001.pcap_12_07_2026_15_05_1783848931.PCAP_PDR
-rw------- 1 dsp dsp 2.0G Jul 12 15:05 /data/TRANSIENT_BUFFER/PDR_GULP_data002.pcap_12_07_2026_15_06_1783848960.PCAP_PDR
-rw------- 1 dsp dsp 2.0G Jul 12 15:06 /data/TRANSIENT_BUFFER/PDR_GULP_data000.pcap_12_07_2026_15_06_1783848989.PCAP_PDR
-rw------- 1 dsp dsp 2.0G Jul 12 15:06 /data/TRANSIENT_BUFFER/PDR_GULP_data001.pcap_12_07_2026_15_06_1783849018.PCAP_PDR
-rw------- 1 dsp dsp 2.0G Jul 12 15:07 /data/TRANSIENT_BUFFER/PDR_GULP_data002.pcap_12_07_2026_15_07_1783849047.PCAP_PDR
-rw------- 1 dsp dsp 2.0G Jul 12 15:07 /data/TRANSIENT_BUFFER/PDR_GULP_data000.pcap_12_07_2026_15_07_1783849077.PCAP_PDR
-rw------- 1 dsp dsp 2.0G Jul 12 15:08 /data/TRANSIENT_BUFFER/PDR_GULP_data001.pcap_12_07_2026_15_08_1783849106.PCAP_PDR
-rw------- 1 dsp dsp 2.0G Jul 12 15:08 /data/TRANSIENT_BUFFER/PDR_GULP_data002.pcap_12_07_2026_15_08_1783849135.PCAP_PDR
-rw------- 1 dsp dsp 2.0G Jul 12 15:09 /data/TRANSIENT_BUFFER/PDR_GULP_data000.pcap_12_07_2026_15_09_1783849164.PCAP_PDR
-rw------- 1 dsp dsp 2.0G Jul 12 15:09 /data/TRANSIENT_BUFFER/PDR_GULP_data001.pcap_12_07_2026_15_09_1783849193.PCAP_PDR
-rw------- 1 dsp dsp 2.0G Jul 12 15:10 /data/TRANSIENT_BUFFER/PDR_GULP_data002.pcap_12_07_2026_15_10_1783849223.PCAP_PDR
-rw------- 1 dsp dsp 2.0G Jul 12 15:10 /data/TRANSIENT_BUFFER/PDR_GULP_data000.pcap_12_07_2026_15_10_1783849252.PCAP_PDR
-rw------- 1 dsp dsp 2.0G Jul 12 15:11 /data/TRANSIENT_BUFFER/PDR_GULP_data001.pcap_12_07_2026_15_11_1783849281.PCAP_PDR
-rw------- 1 dsp dsp 2.0G Jul 12 15:11 /data/TRANSIENT_BUFFER/PDR_GULP_data002.pcap_12_07_2026_15_11_1783849310.PCAP_PDR
-rw------- 1 dsp dsp 2.0G Jul 12 15:12 /data/TRANSIENT_BUFFER/PDR_GULP_data000.pcap_12_07_2026_15_12_1783849340.PCAP_PDR
-rw------- 1 dsp dsp 2.0G Jul 12 15:12 /data/TRANSIENT_BUFFER/PDR_GULP_data001.pcap_12_07_2026_15_12_1783849369.PCAP_PDR
-rw------- 1 dsp dsp 2.0G Jul 12 15:13 /data/TRANSIENT_BUFFER/PDR_GULP_data002.pcap_12_07_2026_15_13_1783849398.PCAP_PDR
-rw------- 1 dsp dsp 2.0G Jul 12 15:13 /data/TRANSIENT_BUFFER/PDR_GULP_data000.pcap_12_07_2026_15_13_1783849427.PCAP_PDR
-rw------- 1 dsp dsp 2.0G Jul 12 15:14 /data/TRANSIENT_BUFFER/PDR_GULP_data001.pcap_12_07_2026_15_14_1783849456.PCAP_PDR
-rw------- 1 dsp dsp 2.0G Jul 12 15:14 /data/TRANSIENT_BUFFER/PDR_GULP_data002.pcap_12_07_2026_15_14_1783849486.PCAP_PDR
-rw------- 1 dsp dsp 2.0G Jul 12 15:15 /data/TRANSIENT_BUFFER/PDR_GULP_data000.pcap_12_07_2026_15_15_1783849515.PCAP_PDR
-rw------- 1 dsp dsp 2.0G Jul 12 15:15 /data/TRANSIENT_BUFFER/PDR_GULP_data001.pcap_12_07_2026_15_15_1783849544.PCAP_PDR
-rw------- 1 dsp dsp 2.0G Jul 12 15:16 /data/TRANSIENT_BUFFER/PDR_GULP_data002.pcap_12_07_2026_15_16_1783849573.PCAP_PDR
12-07-2026 15:16 RAW PCAP data moved from Transient Buffer.
12-07-2026 15:16 SLIP check Started ...
12-07-2026 15:16 - WARNING - Data Directory: /data/dsp/GBD_TRANSIENT_BUFFER/J0953+0755/12_07_2026
12-07-2026 15:16 - WARNING - Number of Files: 100
12-07-2026 15:16 - WARNING - No packet loss: /data/dsp/GBD_TRANSIENT_BUFFER/J0953+0755/12_07_2026/PDR_GULP_data002.pcap_12_07_2026_14_28_1783846682.PCAP_PDR
12-07-2026 15:16 - WARNING - first_pkt_count, first_gps_count, first_pkt_Tstamp
12-07-2026 15:16 - WARNING - 2603654010 20004 2026-07-12T08:57:29.877139
12-07-2026 15:16 - WARNING - last_pkt_count, last_gps_count, last_pkt_Tstamp
12-07-2026 15:16 - WARNING - 2605536551 20034 2026-07-12T08:57:59.084988
12-07-2026 15:16 - WARNING - diff_pkt_count  , diff_gps_count ,  diff_pkt_timstamp
12-07-2026 15:16 - WARNING - 1882541 30 29207849 microseconds
12-07-2026 15:16 - WARNING - No packet loss: /data/dsp/GBD_TRANSIENT_BUFFER/J0953+0755/12_07_2026/PDR_GULP_data000.pcap_12_07_2026_14_28_1783846711.PCAP_PDR
12-07-2026 15:16 - WARNING - first_pkt_count, first_gps_count, first_pkt_Tstamp
12-07-2026 15:16 - WARNING - 2605536552 20034 2026-07-12T08:57:59.084988
12-07-2026 15:16 - WARNING - last_pkt_count, last_gps_count, last_pkt_Tstamp
12-07-2026 15:16 - WARNING - 2607419093 20063 2026-07-12T08:58:28.292853
12-07-2026 15:16 - WARNING - diff_pkt_count  , diff_gps_count ,  diff_pkt_timstamp
12-07-2026 15:16 - WARNING - 1882541 29 29207865 microseconds
12-07-2026 15:16 - WARNING - No packet loss: /data/dsp/GBD_TRANSIENT_BUFFER/J0953+0755/12_07_2026/PDR_GULP_data001.pcap_12_07_2026_14_29_1783846740.PCAP_PDR
12-07-2026 15:16 - WARNING - first_pkt_count, first_gps_count, first_pkt_Tstamp
12-07-2026 15:16 - WARNING - 2607419094 20063 2026-07-12T08:58:28.292853
12-07-2026 15:16 - WARNING - last_pkt_count, last_gps_count, last_pkt_Tstamp
12-07-2026 15:16 - WARNING - 2609301635 20092 2026-07-12T08:58:57.500792
12-07-2026 15:16 - WARNING - diff_pkt_count  , diff_gps_count ,  diff_pkt_timstamp
12-07-2026 15:16 - WARNING - 1882541 29 29207939 microseconds
12-07-2026 15:16 - WARNING - No packet loss: /data/dsp/GBD_TRANSIENT_BUFFER/J0953+0755/12_07_2026/PDR_GULP_data002.pcap_12_07_2026_14_29_1783846769.PCAP_PDR
12-07-2026 15:16 - WARNING - first_pkt_count, first_gps_count, first_pkt_Tstamp
12-07-2026 15:16 - WARNING - 2609301636 20092 2026-07-12T08:58:57.500792
12-07-2026 15:16 - WARNING - last_pkt_count, last_gps_count, last_pkt_Tstamp
12-07-2026 15:16 - WARNING - 2611184178 20121 2026-07-12T08:59:26.708715
12-07-2026 15:16 - WARNING - diff_pkt_count  , diff_gps_count ,  diff_pkt_timstamp
12-07-2026 15:16 - WARNING - 1882542 29 29207923 microseconds
12-07-2026 15:16 - WARNING - No packet loss: /data/dsp/GBD_TRANSIENT_BUFFER/J0953+0755/12_07_2026/PDR_GULP_data000.pcap_12_07_2026_14_29_1783846798.PCAP_PDR
12-07-2026 15:16 - WARNING - first_pkt_count, first_gps_count, first_pkt_Tstamp
12-07-2026 15:16 - WARNING - 2611184179 20121 2026-07-12T08:59:26.708715
12-07-2026 15:16 - WARNING - last_pkt_count, last_gps_count, last_pkt_Tstamp
12-07-2026 15:16 - WARNING - 2613066720 20150 2026-07-12T08:59:55.916593
12-07-2026 15:16 - WARNING - diff_pkt_count  , diff_gps_count ,  diff_pkt_timstamp
12-07-2026 15:16 - WARNING - 1882541 29 29207878 microseconds
12-07-2026 15:16 - WARNING - No packet loss: /data/dsp/GBD_TRANSIENT_BUFFER/J0953+0755/12_07_2026/PDR_GULP_data001.pcap_12_07_2026_14_30_1783846828.PCAP_PDR
12-07-2026 15:16 - WARNING - first_pkt_count, first_gps_count, first_pkt_Tstamp
12-07-2026 15:16 - WARNING - 2613066721 20150 2026-07-12T08:59:55.916593
12-07-2026 15:16 - WARNING - last_pkt_count, last_gps_count, last_pkt_Tstamp
12-07-2026 15:16 - WARNING - 2614949262 20180 2026-07-12T09:00:25.124443
12-07-2026 15:16 - WARNING - diff_pkt_count  , diff_gps_count ,  diff_pkt_timstamp
12-07-2026 15:16 - WARNING - 1882541 30 29207850 microseconds
12-07-2026 15:16 - WARNING - No packet loss: /data/dsp/GBD_TRANSIENT_BUFFER/J0953+0755/12_07_2026/PDR_GULP_data002.pcap_12_07_2026_14_30_1783846857.PCAP_PDR
12-07-2026 15:16 - WARNING - first_pkt_count, first_gps_count, first_pkt_Tstamp
12-07-2026 15:16 - WARNING - 2614949263 20180 2026-07-12T09:00:25.124444
12-07-2026 15:16 - WARNING - last_pkt_count, last_gps_count, last_pkt_Tstamp
12-07-2026 15:16 - WARNING - 2616831804 20209 2026-07-12T09:00:54.332367
12-07-2026 15:16 - WARNING - diff_pkt_count  , diff_gps_count ,  diff_pkt_timstamp
12-07-2026 15:16 - WARNING - 1882541 29 29207923 microseconds
12-07-2026 15:16 - WARNING - No packet loss: /data/dsp/GBD_TRANSIENT_BUFFER/J0953+0755/12_07_2026/PDR_GULP_data000.pcap_12_07_2026_14_31_1783846886.PCAP_PDR
12-07-2026 15:16 - WARNING - first_pkt_count, first_gps_count, first_pkt_Tstamp
12-07-2026 15:16 - WARNING - 2616831805 20209 2026-07-12T09:00:54.332367
12-07-2026 15:16 - WARNING - last_pkt_count, last_gps_count, last_pkt_Tstamp
12-07-2026 15:16 - WARNING - 2618714346 20238 2026-07-12T09:01:23.540303
12-07-2026 15:16 - WARNING - diff_pkt_count  , diff_gps_count ,  diff_pkt_timstamp
12-07-2026 15:16 - WARNING - 1882541 29 29207936 microseconds
12-07-2026 15:16 - WARNING - No packet loss: /data/dsp/GBD_TRANSIENT_BUFFER/J0953+0755/12_07_2026/PDR_GULP_data001.pcap_12_07_2026_14_31_1783846915.PCAP_PDR
12-07-2026 15:16 - WARNING - first_pkt_count, first_gps_count, first_pkt_Tstamp
12-07-2026 15:16 - WARNING - 2618714347 20238 2026-07-12T09:01:23.540303
12-07-2026 15:16 - WARNING - last_pkt_count, last_gps_count, last_pkt_Tstamp
12-07-2026 15:16 - WARNING - 2620596888 20267 2026-07-12T09:01:52.748154
12-07-2026 15:16 - WARNING - diff_pkt_count  , diff_gps_count ,  diff_pkt_timstamp
12-07-2026 15:16 - WARNING - 1882541 29 29207851 microseconds
12-07-2026 15:16 - WARNING - No packet loss: /data/dsp/GBD_TRANSIENT_BUFFER/J0953+0755/12_07_2026/PDR_GULP_data002.pcap_12_07_2026_14_32_1783846944.PCAP_PDR
12-07-2026 15:16 - WARNING - first_pkt_count, first_gps_count, first_pkt_Tstamp
12-07-2026 15:16 - WARNING - 2620596889 20267 2026-07-12T09:01:52.748235
12-07-2026 15:16 - WARNING - last_pkt_count, last_gps_count, last_pkt_Tstamp
12-07-2026 15:16 - WARNING - 2622479431 20296 2026-07-12T09:02:21.956048
12-07-2026 15:16 - WARNING - diff_pkt_count  , diff_gps_count ,  diff_pkt_timstamp
12-07-2026 15:16 - WARNING - 1882542 29 29207813 microseconds
12-07-2026 15:16 - WARNING - No packet loss: /data/dsp/GBD_TRANSIENT_BUFFER/J0953+0755/12_07_2026/PDR_GULP_data000.pcap_12_07_2026_14_32_1783846974.PCAP_PDR
12-07-2026 15:16 - WARNING - first_pkt_count, first_gps_count, first_pkt_Tstamp
12-07-2026 15:16 - WARNING - 2622479432 20296 2026-07-12T09:02:21.956048
12-07-2026 15:16 - WARNING - last_pkt_count, last_gps_count, last_pkt_Tstamp
12-07-2026 15:16 - WARNING - 2624361973 20326 2026-07-12T09:02:51.163934
12-07-2026 15:16 - WARNING - diff_pkt_count  , diff_gps_count ,  diff_pkt_timstamp
12-07-2026 15:16 - WARNING - 1882541 30 29207886 microseconds
12-07-2026 15:16 - WARNING - No packet loss: /data/dsp/GBD_TRANSIENT_BUFFER/J0953+0755/12_07_2026/PDR_GULP_data001.pcap_12_07_2026_14_33_1783847003.PCAP_PDR
12-07-2026 15:16 - WARNING - first_pkt_count, first_gps_count, first_pkt_Tstamp
12-07-2026 15:16 - WARNING - 2624361974 20326 2026-07-12T09:02:51.163934
12-07-2026 15:16 - WARNING - last_pkt_count, last_gps_count, last_pkt_Tstamp
12-07-2026 15:16 - WARNING - 2626244515 20355 2026-07-12T09:03:20.371861
12-07-2026 15:16 - WARNING - diff_pkt_count  , diff_gps_count ,  diff_pkt_timstamp
12-07-2026 15:16 - WARNING - 1882541 29 29207927 microseconds
12-07-2026 15:16 - WARNING - No packet loss: /data/dsp/GBD_TRANSIENT_BUFFER/J0953+0755/12_07_2026/PDR_GULP_data002.pcap_12_07_2026_14_33_1783847032.PCAP_PDR
12-07-2026 15:16 - WARNING - first_pkt_count, first_gps_count, first_pkt_Tstamp
12-07-2026 15:16 - WARNING - 2626244516 20355 2026-07-12T09:03:20.371861
12-07-2026 15:16 - WARNING - last_pkt_count, last_gps_count, last_pkt_Tstamp
12-07-2026 15:16 - WARNING - 2628127057 20384 2026-07-12T09:03:49.579759
12-07-2026 15:16 - WARNING - diff_pkt_count  , diff_gps_count ,  diff_pkt_timstamp
12-07-2026 15:16 - WARNING - 1882541 29 29207898 microseconds
12-07-2026 15:16 - WARNING - No packet loss: /data/dsp/GBD_TRANSIENT_BUFFER/J0953+0755/12_07_2026/PDR_GULP_data000.pcap_12_07_2026_14_34_1783847061.PCAP_PDR
12-07-2026 15:16 - WARNING - first_pkt_count, first_gps_count, first_pkt_Tstamp
12-07-2026 15:16 - WARNING - 2628127058 20384 2026-07-12T09:03:49.579759
12-07-2026 15:16 - WARNING - last_pkt_count, last_gps_count, last_pkt_Tstamp
12-07-2026 15:16 - WARNING - 2630009599 20413 2026-07-12T09:04:18.787638
12-07-2026 15:16 - WARNING - diff_pkt_count  , diff_gps_count ,  diff_pkt_timstamp
12-07-2026 15:16 - WARNING - 1882541 29 29207879 microseconds
12-07-2026 15:16 - WARNING - No packet loss: /data/dsp/GBD_TRANSIENT_BUFFER/J0953+0755/12_07_2026/PDR_GULP_data001.pcap_12_07_2026_14_34_1783847090.PCAP_PDR
12-07-2026 15:16 - WARNING - first_pkt_count, first_gps_count, first_pkt_Tstamp
12-07-2026 15:16 - WARNING - 2630009600 20413 2026-07-12T09:04:18.787639
12-07-2026 15:16 - WARNING - last_pkt_count, last_gps_count, last_pkt_Tstamp
12-07-2026 15:16 - WARNING - 2631892141 20443 2026-07-12T09:04:47.995502
12-07-2026 15:16 - WARNING - diff_pkt_count  , diff_gps_count ,  diff_pkt_timstamp
12-07-2026 15:16 - WARNING - 1882541 30 29207863 microseconds
12-07-2026 15:16 - WARNING - No packet loss: /data/dsp/GBD_TRANSIENT_BUFFER/J0953+0755/12_07_2026/PDR_GULP_data002.pcap_12_07_2026_14_35_1783847120.PCAP_PDR
12-07-2026 15:16 - WARNING - first_pkt_count, first_gps_count, first_pkt_Tstamp
12-07-2026 15:16 - WARNING - 2631892142 20443 2026-07-12T09:04:47.995555
12-07-2026 15:16 - WARNING - last_pkt_count, last_gps_count, last_pkt_Tstamp
12-07-2026 15:16 - WARNING - 2633774684 20472 2026-07-12T09:05:17.203406
12-07-2026 15:16 - WARNING - diff_pkt_count  , diff_gps_count ,  diff_pkt_timstamp
12-07-2026 15:16 - WARNING - 1882542 29 29207851 microseconds
12-07-2026 15:16 - WARNING - No packet loss: /data/dsp/GBD_TRANSIENT_BUFFER/J0953+0755/12_07_2026/PDR_GULP_data000.pcap_12_07_2026_14_35_1783847149.PCAP_PDR
12-07-2026 15:16 - WARNING - first_pkt_count, first_gps_count, first_pkt_Tstamp
12-07-2026 15:16 - WARNING - 2633774685 20472 2026-07-12T09:05:17.203459
12-07-2026 15:16 - WARNING - last_pkt_count, last_gps_count, last_pkt_Tstamp
12-07-2026 15:16 - WARNING - 2635657226 20501 2026-07-12T09:05:46.411311
12-07-2026 15:16 - WARNING - diff_pkt_count  , diff_gps_count ,  diff_pkt_timstamp
12-07-2026 15:16 - WARNING - 1882541 29 29207852 microseconds
12-07-2026 15:16 - WARNING - No packet loss: /data/dsp/GBD_TRANSIENT_BUFFER/J0953+0755/12_07_2026/PDR_GULP_data001.pcap_12_07_2026_14_36_1783847178.PCAP_PDR
12-07-2026 15:16 - WARNING - first_pkt_count, first_gps_count, first_pkt_Tstamp
12-07-2026 15:16 - WARNING - 2635657227 20501 2026-07-12T09:05:46.411312
12-07-2026 15:16 - WARNING - last_pkt_count, last_gps_count, last_pkt_Tstamp
12-07-2026 15:16 - WARNING - 2637539768 20530 2026-07-12T09:06:15.619233
12-07-2026 15:16 - WARNING - diff_pkt_count  , diff_gps_count ,  diff_pkt_timstamp
12-07-2026 15:16 - WARNING - 1882541 29 29207921 microseconds
12-07-2026 15:16 - WARNING - No packet loss: /data/dsp/GBD_TRANSIENT_BUFFER/J0953+0755/12_07_2026/PDR_GULP_data002.pcap_12_07_2026_14_36_1783847207.PCAP_PDR
12-07-2026 15:16 - WARNING - first_pkt_count, first_gps_count, first_pkt_Tstamp
12-07-2026 15:16 - WARNING - 2637539769 20530 2026-07-12T09:06:15.619234
12-07-2026 15:16 - WARNING - last_pkt_count, last_gps_count, last_pkt_Tstamp
12-07-2026 15:16 - WARNING - 2639422310 20559 2026-07-12T09:06:44.827082
12-07-2026 15:16 - WARNING - diff_pkt_count  , diff_gps_count ,  diff_pkt_timstamp
12-07-2026 15:16 - WARNING - 1882541 29 29207848 microseconds
12-07-2026 15:16 - WARNING - No packet loss: /data/dsp/GBD_TRANSIENT_BUFFER/J0953+0755/12_07_2026/PDR_GULP_data000.pcap_12_07_2026_14_37_1783847237.PCAP_PDR
12-07-2026 15:16 - WARNING - first_pkt_count, first_gps_count, first_pkt_Tstamp
12-07-2026 15:16 - WARNING - 2639422311 20559 2026-07-12T09:06:44.827134
12-07-2026 15:16 - WARNING - last_pkt_count, last_gps_count, last_pkt_Tstamp
12-07-2026 15:16 - WARNING - 2641304852 20589 2026-07-12T09:07:14.035244
12-07-2026 15:16 - WARNING - diff_pkt_count  , diff_gps_count ,  diff_pkt_timstamp
12-07-2026 15:16 - WARNING - 1882541 30 29208110 microseconds
12-07-2026 15:16 - WARNING - No packet loss: /data/dsp/GBD_TRANSIENT_BUFFER/J0953+0755/12_07_2026/PDR_GULP_data001.pcap_12_07_2026_14_37_1783847266.PCAP_PDR
12-07-2026 15:16 - WARNING - first_pkt_count, first_gps_count, first_pkt_Tstamp
12-07-2026 15:16 - WARNING - 2641304853 20589 2026-07-12T09:07:14.035297
12-07-2026 15:16 - WARNING - last_pkt_count, last_gps_count, last_pkt_Tstamp
12-07-2026 15:16 - WARNING - 2643187394 20618 2026-07-12T09:07:43.243522
12-07-2026 15:16 - WARNING - diff_pkt_count  , diff_gps_count ,  diff_pkt_timstamp
12-07-2026 15:16 - WARNING - 1882541 29 29208225 microseconds
12-07-2026 15:16 - WARNING - No packet loss: /data/dsp/GBD_TRANSIENT_BUFFER/J0953+0755/12_07_2026/PDR_GULP_data002.pcap_12_07_2026_14_38_1783847295.PCAP_PDR
12-07-2026 15:16 - WARNING - first_pkt_count, first_gps_count, first_pkt_Tstamp
12-07-2026 15:16 - WARNING - 2643187395 20618 2026-07-12T09:07:43.243522
12-07-2026 15:16 - WARNING - last_pkt_count, last_gps_count, last_pkt_Tstamp
12-07-2026 15:16 - WARNING - 2645069937 20647 2026-07-12T09:08:12.451718
12-07-2026 15:16 - WARNING - diff_pkt_count  , diff_gps_count ,  diff_pkt_timstamp
12-07-2026 15:16 - WARNING - 1882542 29 29208196 microseconds
12-07-2026 15:16 - WARNING - No packet loss: /data/dsp/GBD_TRANSIENT_BUFFER/J0953+0755/12_07_2026/PDR_GULP_data000.pcap_12_07_2026_14_38_1783847324.PCAP_PDR
12-07-2026 15:16 - WARNING - first_pkt_count, first_gps_count, first_pkt_Tstamp
12-07-2026 15:16 - WARNING - 2645069938 20647 2026-07-12T09:08:12.451718
12-07-2026 15:16 - WARNING - last_pkt_count, last_gps_count, last_pkt_Tstamp
12-07-2026 15:16 - WARNING - 2646952479 20676 2026-07-12T09:08:41.659897
12-07-2026 15:16 - WARNING - diff_pkt_count  , diff_gps_count ,  diff_pkt_timstamp
12-07-2026 15:16 - WARNING - 1882541 29 29208179 microseconds
12-07-2026 15:16 - WARNING - No packet loss: /data/dsp/GBD_TRANSIENT_BUFFER/J0953+0755/12_07_2026/PDR_GULP_data001.pcap_12_07_2026_14_39_1783847353.PCAP_PDR
12-07-2026 15:16 - WARNING - first_pkt_count, first_gps_count, first_pkt_Tstamp
12-07-2026 15:16 - WARNING - 2646952480 20676 2026-07-12T09:08:41.659950
12-07-2026 15:16 - WARNING - last_pkt_count, last_gps_count, last_pkt_Tstamp
12-07-2026 15:16 - WARNING - 2648835021 20705 2026-07-12T09:09:10.868076
12-07-2026 15:16 - WARNING - diff_pkt_count  , diff_gps_count ,  diff_pkt_timstamp
12-07-2026 15:16 - WARNING - 1882541 29 29208126 microseconds
12-07-2026 15:16 - WARNING - No packet loss: /data/dsp/GBD_TRANSIENT_BUFFER/J0953+0755/12_07_2026/PDR_GULP_data002.pcap_12_07_2026_14_39_1783847383.PCAP_PDR
12-07-2026 15:16 - WARNING - first_pkt_count, first_gps_count, first_pkt_Tstamp
12-07-2026 15:16 - WARNING - 2648835022 20705 2026-07-12T09:09:10.868076
12-07-2026 15:16 - WARNING - last_pkt_count, last_gps_count, last_pkt_Tstamp
12-07-2026 15:16 - WARNING - 2650717563 20735 2026-07-12T09:09:40.076284
12-07-2026 15:16 - WARNING - diff_pkt_count  , diff_gps_count ,  diff_pkt_timstamp
12-07-2026 15:16 - WARNING - 1882541 30 29208208 microseconds
12-07-2026 15:16 - WARNING - No packet loss: /data/dsp/GBD_TRANSIENT_BUFFER/J0953+0755/12_07_2026/PDR_GULP_data000.pcap_12_07_2026_14_40_1783847412.PCAP_PDR
12-07-2026 15:16 - WARNING - first_pkt_count, first_gps_count, first_pkt_Tstamp
12-07-2026 15:16 - WARNING - 2650717564 20735 2026-07-12T09:09:40.076284
12-07-2026 15:16 - WARNING - last_pkt_count, last_gps_count, last_pkt_Tstamp
12-07-2026 15:16 - WARNING - 2652600105 20764 2026-07-12T09:10:09.284470
12-07-2026 15:16 - WARNING - diff_pkt_count  , diff_gps_count ,  diff_pkt_timstamp
12-07-2026 15:16 - WARNING - 1882541 29 29208186 microseconds
12-07-2026 15:16 - WARNING - No packet loss: /data/dsp/GBD_TRANSIENT_BUFFER/J0953+0755/12_07_2026/PDR_GULP_data001.pcap_12_07_2026_14_40_1783847441.PCAP_PDR
12-07-2026 15:16 - WARNING - first_pkt_count, first_gps_count, first_pkt_Tstamp
12-07-2026 15:16 - WARNING - 2652600106 20764 2026-07-12T09:10:09.284470
12-07-2026 15:16 - WARNING - last_pkt_count, last_gps_count, last_pkt_Tstamp
12-07-2026 15:16 - WARNING - 2654482647 20793 2026-07-12T09:10:38.492534
12-07-2026 15:16 - WARNING - diff_pkt_count  , diff_gps_count ,  diff_pkt_timstamp
12-07-2026 15:16 - WARNING - 1882541 29 29208064 microseconds
12-07-2026 15:16 - WARNING - No packet loss: /data/dsp/GBD_TRANSIENT_BUFFER/J0953+0755/12_07_2026/PDR_GULP_data002.pcap_12_07_2026_14_41_1783847470.PCAP_PDR
12-07-2026 15:16 - WARNING - first_pkt_count, first_gps_count, first_pkt_Tstamp
12-07-2026 15:16 - WARNING - 2654482648 20793 2026-07-12T09:10:38.492586
12-07-2026 15:16 - WARNING - last_pkt_count, last_gps_count, last_pkt_Tstamp
12-07-2026 15:16 - WARNING - 2656365190 20822 2026-07-12T09:11:07.700713
12-07-2026 15:16 - WARNING - diff_pkt_count  , diff_gps_count ,  diff_pkt_timstamp
12-07-2026 15:16 - WARNING - 1882542 29 29208127 microseconds
12-07-2026 15:16 - WARNING - No packet loss: /data/dsp/GBD_TRANSIENT_BUFFER/J0953+0755/12_07_2026/PDR_GULP_data000.pcap_12_07_2026_14_41_1783847499.PCAP_PDR
12-07-2026 15:16 - WARNING - first_pkt_count, first_gps_count, first_pkt_Tstamp
12-07-2026 15:16 - WARNING - 2656365191 20822 2026-07-12T09:11:07.700713
12-07-2026 15:16 - WARNING - last_pkt_count, last_gps_count, last_pkt_Tstamp
12-07-2026 15:16 - WARNING - 2658247732 20851 2026-07-12T09:11:36.908868
12-07-2026 15:16 - WARNING - diff_pkt_count  , diff_gps_count ,  diff_pkt_timstamp
12-07-2026 15:16 - WARNING - 1882541 29 29208155 microseconds
12-07-2026 15:16 - WARNING - No packet loss: /data/dsp/GBD_TRANSIENT_BUFFER/J0953+0755/12_07_2026/PDR_GULP_data001.pcap_12_07_2026_14_42_1783847529.PCAP_PDR
12-07-2026 15:16 - WARNING - first_pkt_count, first_gps_count, first_pkt_Tstamp
12-07-2026 15:16 - WARNING - 2658247733 20851 2026-07-12T09:11:36.908868
12-07-2026 15:16 - WARNING - last_pkt_count, last_gps_count, last_pkt_Tstamp
12-07-2026 15:16 - WARNING - 2660130274 20881 2026-07-12T09:12:06.116942
12-07-2026 15:16 - WARNING - diff_pkt_count  , diff_gps_count ,  diff_pkt_timstamp
12-07-2026 15:16 - WARNING - 1882541 30 29208074 microseconds
12-07-2026 15:16 - WARNING - No packet loss: /data/dsp/GBD_TRANSIENT_BUFFER/J0953+0755/12_07_2026/PDR_GULP_data002.pcap_12_07_2026_14_42_1783847558.PCAP_PDR
12-07-2026 15:16 - WARNING - first_pkt_count, first_gps_count, first_pkt_Tstamp
12-07-2026 15:16 - WARNING - 2660130275 20881 2026-07-12T09:12:06.116942
12-07-2026 15:16 - WARNING - last_pkt_count, last_gps_count, last_pkt_Tstamp
12-07-2026 15:16 - WARNING - 2662012816 20910 2026-07-12T09:12:35.325060
12-07-2026 15:16 - WARNING - diff_pkt_count  , diff_gps_count ,  diff_pkt_timstamp
12-07-2026 15:16 - WARNING - 1882541 29 29208118 microseconds
12-07-2026 15:16 - WARNING - No packet loss: /data/dsp/GBD_TRANSIENT_BUFFER/J0953+0755/12_07_2026/PDR_GULP_data000.pcap_12_07_2026_14_43_1783847587.PCAP_PDR
12-07-2026 15:16 - WARNING - first_pkt_count, first_gps_count, first_pkt_Tstamp
12-07-2026 15:16 - WARNING - 2662012817 20910 2026-07-12T09:12:35.325141
12-07-2026 15:16 - WARNING - last_pkt_count, last_gps_count, last_pkt_Tstamp
12-07-2026 15:16 - WARNING - 2663895358 20939 2026-07-12T09:13:04.533140
12-07-2026 15:16 - WARNING - diff_pkt_count  , diff_gps_count ,  diff_pkt_timstamp
12-07-2026 15:16 - WARNING - 1882541 29 29207999 microseconds
12-07-2026 15:16 - WARNING - No packet loss: /data/dsp/GBD_TRANSIENT_BUFFER/J0953+0755/12_07_2026/PDR_GULP_data001.pcap_12_07_2026_14_43_1783847616.PCAP_PDR
12-07-2026 15:16 - WARNING - first_pkt_count, first_gps_count, first_pkt_Tstamp
12-07-2026 15:16 - WARNING - 2663895359 20939 2026-07-12T09:13:04.533140
12-07-2026 15:16 - WARNING - last_pkt_count, last_gps_count, last_pkt_Tstamp
12-07-2026 15:16 - WARNING - 2665777900 20968 2026-07-12T09:13:33.741213
12-07-2026 15:16 - WARNING - diff_pkt_count  , diff_gps_count ,  diff_pkt_timstamp
12-07-2026 15:16 - WARNING - 1882541 29 29208073 microseconds
12-07-2026 15:16 - WARNING - No packet loss: /data/dsp/GBD_TRANSIENT_BUFFER/J0953+0755/12_07_2026/PDR_GULP_data002.pcap_12_07_2026_14_44_1783847645.PCAP_PDR
12-07-2026 15:16 - WARNING - first_pkt_count, first_gps_count, first_pkt_Tstamp
12-07-2026 15:16 - WARNING - 2665777901 20968 2026-07-12T09:13:33.741302
12-07-2026 15:16 - WARNING - last_pkt_count, last_gps_count, last_pkt_Tstamp
12-07-2026 15:16 - WARNING - 2667660443 20997 2026-07-12T09:14:02.949303
12-07-2026 15:16 - WARNING - diff_pkt_count  , diff_gps_count ,  diff_pkt_timstamp
12-07-2026 15:16 - WARNING - 1882542 29 29208001 microseconds
12-07-2026 15:16 - WARNING - No packet loss: /data/dsp/GBD_TRANSIENT_BUFFER/J0953+0755/12_07_2026/PDR_GULP_data000.pcap_12_07_2026_14_44_1783847675.PCAP_PDR
12-07-2026 15:16 - WARNING - first_pkt_count, first_gps_count, first_pkt_Tstamp
12-07-2026 15:16 - WARNING - 2667660444 20997 2026-07-12T09:14:02.949303
12-07-2026 15:16 - WARNING - last_pkt_count, last_gps_count, last_pkt_Tstamp
12-07-2026 15:16 - WARNING - 2669542985 21027 2026-07-12T09:14:32.157397
12-07-2026 15:16 - WARNING - diff_pkt_count  , diff_gps_count ,  diff_pkt_timstamp
12-07-2026 15:16 - WARNING - 1882541 30 29208094 microseconds
12-07-2026 15:16 - WARNING - No packet loss: /data/dsp/GBD_TRANSIENT_BUFFER/J0953+0755/12_07_2026/PDR_GULP_data001.pcap_12_07_2026_14_45_1783847704.PCAP_PDR
12-07-2026 15:16 - WARNING - first_pkt_count, first_gps_count, first_pkt_Tstamp
12-07-2026 15:16 - WARNING - 2669542986 21027 2026-07-12T09:14:32.157398
12-07-2026 15:16 - WARNING - last_pkt_count, last_gps_count, last_pkt_Tstamp
12-07-2026 15:16 - WARNING - 2671425527 21056 2026-07-12T09:15:01.365433
12-07-2026 15:16 - WARNING - diff_pkt_count  , diff_gps_count ,  diff_pkt_timstamp
12-07-2026 15:16 - WARNING - 1882541 29 29208035 microseconds
12-07-2026 15:16 - WARNING - No packet loss: /data/dsp/GBD_TRANSIENT_BUFFER/J0953+0755/12_07_2026/PDR_GULP_data002.pcap_12_07_2026_14_45_1783847733.PCAP_PDR
12-07-2026 15:16 - WARNING - first_pkt_count, first_gps_count, first_pkt_Tstamp
12-07-2026 15:16 - WARNING - 2671425528 21056 2026-07-12T09:15:01.365527
12-07-2026 15:16 - WARNING - last_pkt_count, last_gps_count, last_pkt_Tstamp
12-07-2026 15:16 - WARNING - 2673308069 21085 2026-07-12T09:15:30.573493
12-07-2026 15:16 - WARNING - diff_pkt_count  , diff_gps_count ,  diff_pkt_timstamp
12-07-2026 15:16 - WARNING - 1882541 29 29207966 microseconds
12-07-2026 15:16 - WARNING - No packet loss: /data/dsp/GBD_TRANSIENT_BUFFER/J0953+0755/12_07_2026/PDR_GULP_data000.pcap_12_07_2026_14_46_1783847762.PCAP_PDR
12-07-2026 15:16 - WARNING - first_pkt_count, first_gps_count, first_pkt_Tstamp
12-07-2026 15:16 - WARNING - 2673308070 21085 2026-07-12T09:15:30.573493
12-07-2026 15:16 - WARNING - last_pkt_count, last_gps_count, last_pkt_Tstamp
12-07-2026 15:16 - WARNING - 2675190611 21114 2026-07-12T09:15:59.781524
12-07-2026 15:16 - WARNING - diff_pkt_count  , diff_gps_count ,  diff_pkt_timstamp
12-07-2026 15:16 - WARNING - 1882541 29 29208031 microseconds
12-07-2026 15:16 - WARNING - No packet loss: /data/dsp/GBD_TRANSIENT_BUFFER/J0953+0755/12_07_2026/PDR_GULP_data001.pcap_12_07_2026_14_46_1783847791.PCAP_PDR
12-07-2026 15:16 - WARNING - first_pkt_count, first_gps_count, first_pkt_Tstamp
12-07-2026 15:16 - WARNING - 2675190612 21114 2026-07-12T09:15:59.781576
12-07-2026 15:16 - WARNING - last_pkt_count, last_gps_count, last_pkt_Tstamp
12-07-2026 15:16 - WARNING - 2677073154 21143 2026-07-12T09:16:28.989578
12-07-2026 15:16 - WARNING - diff_pkt_count  , diff_gps_count ,  diff_pkt_timstamp
12-07-2026 15:16 - WARNING - 1882542 29 29208002 microseconds
12-07-2026 15:16 - WARNING - No packet loss: /data/dsp/GBD_TRANSIENT_BUFFER/J0953+0755/12_07_2026/PDR_GULP_data002.pcap_12_07_2026_14_47_1783847821.PCAP_PDR
12-07-2026 15:16 - WARNING - first_pkt_count, first_gps_count, first_pkt_Tstamp
12-07-2026 15:16 - WARNING - 2677073155 21143 2026-07-12T09:16:28.989642
12-07-2026 15:16 - WARNING - last_pkt_count, last_gps_count, last_pkt_Tstamp
12-07-2026 15:16 - WARNING - 2678955696 21173 2026-07-12T09:16:58.197646
12-07-2026 15:16 - WARNING - diff_pkt_count  , diff_gps_count ,  diff_pkt_timstamp
12-07-2026 15:16 - WARNING - 1882541 30 29208004 microseconds
12-07-2026 15:16 - WARNING - No packet loss: /data/dsp/GBD_TRANSIENT_BUFFER/J0953+0755/12_07_2026/PDR_GULP_data000.pcap_12_07_2026_14_47_1783847850.PCAP_PDR
12-07-2026 15:16 - WARNING - first_pkt_count, first_gps_count, first_pkt_Tstamp
12-07-2026 15:16 - WARNING - 2678955697 21173 2026-07-12T09:16:58.197646
12-07-2026 15:16 - WARNING - last_pkt_count, last_gps_count, last_pkt_Tstamp
12-07-2026 15:16 - WARNING - 2680838238 21202 2026-07-12T09:17:27.405658
12-07-2026 15:16 - WARNING - diff_pkt_count  , diff_gps_count ,  diff_pkt_timstamp
12-07-2026 15:16 - WARNING - 1882541 29 29208012 microseconds
12-07-2026 15:16 - WARNING - No packet loss: /data/dsp/GBD_TRANSIENT_BUFFER/J0953+0755/12_07_2026/PDR_GULP_data001.pcap_12_07_2026_14_47_1783847879.PCAP_PDR
12-07-2026 15:16 - WARNING - first_pkt_count, first_gps_count, first_pkt_Tstamp
12-07-2026 15:16 - WARNING - 2680838239 21202 2026-07-12T09:17:27.405752
12-07-2026 15:16 - WARNING - last_pkt_count, last_gps_count, last_pkt_Tstamp
12-07-2026 15:16 - WARNING - 2682720780 21231 2026-07-12T09:17:56.613698
12-07-2026 15:16 - WARNING - diff_pkt_count  , diff_gps_count ,  diff_pkt_timstamp
12-07-2026 15:16 - WARNING - 1882541 29 29207946 microseconds
12-07-2026 15:16 - WARNING - No packet loss: /data/dsp/GBD_TRANSIENT_BUFFER/J0953+0755/12_07_2026/PDR_GULP_data002.pcap_12_07_2026_14_48_1783847908.PCAP_PDR
12-07-2026 15:16 - WARNING - first_pkt_count, first_gps_count, first_pkt_Tstamp
12-07-2026 15:16 - WARNING - 2682720781 21231 2026-07-12T09:17:56.613698
12-07-2026 15:16 - WARNING - last_pkt_count, last_gps_count, last_pkt_Tstamp
12-07-2026 15:16 - WARNING - 2684603322 21260 2026-07-12T09:18:25.821721
12-07-2026 15:16 - WARNING - diff_pkt_count  , diff_gps_count ,  diff_pkt_timstamp
12-07-2026 15:16 - WARNING - 1882541 29 29208023 microseconds
12-07-2026 15:16 - WARNING - No packet loss: /data/dsp/GBD_TRANSIENT_BUFFER/J0953+0755/12_07_2026/PDR_GULP_data000.pcap_12_07_2026_14_48_1783847938.PCAP_PDR
12-07-2026 15:16 - WARNING - first_pkt_count, first_gps_count, first_pkt_Tstamp
12-07-2026 15:16 - WARNING - 2684603323 21260 2026-07-12T09:18:25.821721
12-07-2026 15:16 - WARNING - last_pkt_count, last_gps_count, last_pkt_Tstamp
12-07-2026 15:16 - WARNING - 2686485864 21290 2026-07-12T09:18:55.029760
12-07-2026 15:16 - WARNING - diff_pkt_count  , diff_gps_count ,  diff_pkt_timstamp
12-07-2026 15:16 - WARNING - 1882541 30 29208039 microseconds
12-07-2026 15:16 - WARNING - No packet loss: /data/dsp/GBD_TRANSIENT_BUFFER/J0953+0755/12_07_2026/PDR_GULP_data001.pcap_12_07_2026_14_49_1783847967.PCAP_PDR
12-07-2026 15:16 - WARNING - first_pkt_count, first_gps_count, first_pkt_Tstamp
12-07-2026 15:16 - WARNING - 2686485865 21290 2026-07-12T09:18:55.029760
12-07-2026 15:16 - WARNING - last_pkt_count, last_gps_count, last_pkt_Tstamp
12-07-2026 15:16 - WARNING - 2688368407 21319 2026-07-12T09:19:24.237731
12-07-2026 15:16 - WARNING - diff_pkt_count  , diff_gps_count ,  diff_pkt_timstamp
12-07-2026 15:16 - WARNING - 1882542 29 29207971 microseconds
12-07-2026 15:16 - WARNING - No packet loss: /data/dsp/GBD_TRANSIENT_BUFFER/J0953+0755/12_07_2026/PDR_GULP_data002.pcap_12_07_2026_14_49_1783847996.PCAP_PDR
12-07-2026 15:16 - WARNING - first_pkt_count, first_gps_count, first_pkt_Tstamp
12-07-2026 15:16 - WARNING - 2688368408 21319 2026-07-12T09:19:24.237797
12-07-2026 15:16 - WARNING - last_pkt_count, last_gps_count, last_pkt_Tstamp
12-07-2026 15:16 - WARNING - 2690250949 21348 2026-07-12T09:19:53.445757
12-07-2026 15:16 - WARNING - diff_pkt_count  , diff_gps_count ,  diff_pkt_timstamp
12-07-2026 15:16 - WARNING - 1882541 29 29207960 microseconds
12-07-2026 15:16 - WARNING - No packet loss: /data/dsp/GBD_TRANSIENT_BUFFER/J0953+0755/12_07_2026/PDR_GULP_data000.pcap_12_07_2026_14_50_1783848025.PCAP_PDR
12-07-2026 15:16 - WARNING - first_pkt_count, first_gps_count, first_pkt_Tstamp
12-07-2026 15:16 - WARNING - 2690250950 21348 2026-07-12T09:19:53.445758
12-07-2026 15:16 - WARNING - last_pkt_count, last_gps_count, last_pkt_Tstamp
12-07-2026 15:16 - WARNING - 2692133491 21377 2026-07-12T09:20:22.653747
12-07-2026 15:16 - WARNING - diff_pkt_count  , diff_gps_count ,  diff_pkt_timstamp
12-07-2026 15:16 - WARNING - 1882541 29 29207989 microseconds
12-07-2026 15:16 - WARNING - No packet loss: /data/dsp/GBD_TRANSIENT_BUFFER/J0953+0755/12_07_2026/PDR_GULP_data001.pcap_12_07_2026_14_50_1783848054.PCAP_PDR
12-07-2026 15:16 - WARNING - first_pkt_count, first_gps_count, first_pkt_Tstamp
12-07-2026 15:16 - WARNING - 2692133492 21377 2026-07-12T09:20:22.653799
12-07-2026 15:16 - WARNING - last_pkt_count, last_gps_count, last_pkt_Tstamp
12-07-2026 15:16 - WARNING - 2694016033 21406 2026-07-12T09:20:51.861854
12-07-2026 15:16 - WARNING - diff_pkt_count  , diff_gps_count ,  diff_pkt_timstamp
12-07-2026 15:16 - WARNING - 1882541 29 29208055 microseconds
12-07-2026 15:16 - WARNING - No packet loss: /data/dsp/GBD_TRANSIENT_BUFFER/J0953+0755/12_07_2026/PDR_GULP_data002.pcap_12_07_2026_14_51_1783848084.PCAP_PDR
12-07-2026 15:16 - WARNING - first_pkt_count, first_gps_count, first_pkt_Tstamp
12-07-2026 15:16 - WARNING - 2694016034 21406 2026-07-12T09:20:51.861854
12-07-2026 15:16 - WARNING - last_pkt_count, last_gps_count, last_pkt_Tstamp
12-07-2026 15:16 - WARNING - 2695898575 21436 2026-07-12T09:21:21.069786
12-07-2026 15:16 - WARNING - diff_pkt_count  , diff_gps_count ,  diff_pkt_timstamp
12-07-2026 15:16 - WARNING - 1882541 30 29207932 microseconds
12-07-2026 15:16 - WARNING - No packet loss: /data/dsp/GBD_TRANSIENT_BUFFER/J0953+0755/12_07_2026/PDR_GULP_data000.pcap_12_07_2026_14_51_1783848113.PCAP_PDR
12-07-2026 15:16 - WARNING - first_pkt_count, first_gps_count, first_pkt_Tstamp
12-07-2026 15:16 - WARNING - 2695898576 21436 2026-07-12T09:21:21.069786
12-07-2026 15:16 - WARNING - last_pkt_count, last_gps_count, last_pkt_Tstamp
12-07-2026 15:16 - WARNING - 2697781117 21465 2026-07-12T09:21:50.277754
12-07-2026 15:16 - WARNING - diff_pkt_count  , diff_gps_count ,  diff_pkt_timstamp
12-07-2026 15:16 - WARNING - 1882541 29 29207968 microseconds
12-07-2026 15:16 - WARNING - No packet loss: /data/dsp/GBD_TRANSIENT_BUFFER/J0953+0755/12_07_2026/PDR_GULP_data001.pcap_12_07_2026_14_52_1783848142.PCAP_PDR
12-07-2026 15:16 - WARNING - first_pkt_count, first_gps_count, first_pkt_Tstamp
12-07-2026 15:16 - WARNING - 2697781118 21465 2026-07-12T09:21:50.277846
12-07-2026 15:16 - WARNING - last_pkt_count, last_gps_count, last_pkt_Tstamp
12-07-2026 15:16 - WARNING - 2699663660 21494 2026-07-12T09:22:19.485784
12-07-2026 15:16 - WARNING - diff_pkt_count  , diff_gps_count ,  diff_pkt_timstamp
12-07-2026 15:16 - WARNING - 1882542 29 29207938 microseconds
12-07-2026 15:16 - WARNING - No packet loss: /data/dsp/GBD_TRANSIENT_BUFFER/J0953+0755/12_07_2026/PDR_GULP_data002.pcap_12_07_2026_14_52_1783848171.PCAP_PDR
12-07-2026 15:16 - WARNING - first_pkt_count, first_gps_count, first_pkt_Tstamp
12-07-2026 15:16 - WARNING - 2699663661 21494 2026-07-12T09:22:19.485784
12-07-2026 15:16 - WARNING - last_pkt_count, last_gps_count, last_pkt_Tstamp
12-07-2026 15:16 - WARNING - 2701546202 21523 2026-07-12T09:22:48.693751
12-07-2026 15:16 - WARNING - diff_pkt_count  , diff_gps_count ,  diff_pkt_timstamp
12-07-2026 15:16 - WARNING - 1882541 29 29207967 microseconds
12-07-2026 15:16 - WARNING - No packet loss: /data/dsp/GBD_TRANSIENT_BUFFER/J0953+0755/12_07_2026/PDR_GULP_data000.pcap_12_07_2026_14_53_1783848200.PCAP_PDR
12-07-2026 15:16 - WARNING - first_pkt_count, first_gps_count, first_pkt_Tstamp
12-07-2026 15:16 - WARNING - 2701546203 21523 2026-07-12T09:22:48.693752
12-07-2026 15:16 - WARNING - last_pkt_count, last_gps_count, last_pkt_Tstamp
12-07-2026 15:16 - WARNING - 2703428744 21552 2026-07-12T09:23:17.901741
12-07-2026 15:16 - WARNING - diff_pkt_count  , diff_gps_count ,  diff_pkt_timstamp
12-07-2026 15:16 - WARNING - 1882541 29 29207989 microseconds
12-07-2026 15:16 - WARNING - No packet loss: /data/dsp/GBD_TRANSIENT_BUFFER/J0953+0755/12_07_2026/PDR_GULP_data001.pcap_12_07_2026_14_53_1783848230.PCAP_PDR
12-07-2026 15:16 - WARNING - first_pkt_count, first_gps_count, first_pkt_Tstamp
12-07-2026 15:16 - WARNING - 2703428745 21552 2026-07-12T09:23:17.901823
12-07-2026 15:16 - WARNING - last_pkt_count, last_gps_count, last_pkt_Tstamp
12-07-2026 15:16 - WARNING - 2705311286 21582 2026-07-12T09:23:47.109772
12-07-2026 15:16 - WARNING - diff_pkt_count  , diff_gps_count ,  diff_pkt_timstamp
12-07-2026 15:16 - WARNING - 1882541 30 29207949 microseconds
12-07-2026 15:16 - WARNING - No packet loss: /data/dsp/GBD_TRANSIENT_BUFFER/J0953+0755/12_07_2026/PDR_GULP_data002.pcap_12_07_2026_14_54_1783848259.PCAP_PDR
12-07-2026 15:16 - WARNING - first_pkt_count, first_gps_count, first_pkt_Tstamp
12-07-2026 15:16 - WARNING - 2705311287 21582 2026-07-12T09:23:47.109772
12-07-2026 15:16 - WARNING - last_pkt_count, last_gps_count, last_pkt_Tstamp
12-07-2026 15:16 - WARNING - 2707193828 21611 2026-07-12T09:24:16.317713
12-07-2026 15:16 - WARNING - diff_pkt_count  , diff_gps_count ,  diff_pkt_timstamp
12-07-2026 15:16 - WARNING - 1882541 29 29207941 microseconds
12-07-2026 15:16 - WARNING - No packet loss: /data/dsp/GBD_TRANSIENT_BUFFER/J0953+0755/12_07_2026/PDR_GULP_data000.pcap_12_07_2026_14_54_1783848288.PCAP_PDR
12-07-2026 15:16 - WARNING - first_pkt_count, first_gps_count, first_pkt_Tstamp
12-07-2026 15:16 - WARNING - 2707193829 21611 2026-07-12T09:24:16.317713
12-07-2026 15:16 - WARNING - last_pkt_count, last_gps_count, last_pkt_Tstamp
12-07-2026 15:16 - WARNING - 2709076370 21640 2026-07-12T09:24:45.525695
12-07-2026 15:16 - WARNING - diff_pkt_count  , diff_gps_count ,  diff_pkt_timstamp
12-07-2026 15:16 - WARNING - 1882541 29 29207982 microseconds
12-07-2026 15:16 - WARNING - No packet loss: /data/dsp/GBD_TRANSIENT_BUFFER/J0953+0755/12_07_2026/PDR_GULP_data001.pcap_12_07_2026_14_55_1783848317.PCAP_PDR
12-07-2026 15:16 - WARNING - first_pkt_count, first_gps_count, first_pkt_Tstamp
12-07-2026 15:16 - WARNING - 2709076371 21640 2026-07-12T09:24:45.525695
12-07-2026 15:16 - WARNING - last_pkt_count, last_gps_count, last_pkt_Tstamp
12-07-2026 15:16 - WARNING - 2710958913 21669 2026-07-12T09:25:14.733684
12-07-2026 15:16 - WARNING - diff_pkt_count  , diff_gps_count ,  diff_pkt_timstamp
12-07-2026 15:16 - WARNING - 1882542 29 29207989 microseconds
12-07-2026 15:16 - WARNING - No packet loss: /data/dsp/GBD_TRANSIENT_BUFFER/J0953+0755/12_07_2026/PDR_GULP_data002.pcap_12_07_2026_14_55_1783848346.PCAP_PDR
12-07-2026 15:16 - WARNING - first_pkt_count, first_gps_count, first_pkt_Tstamp
12-07-2026 15:16 - WARNING - 2710958914 21669 2026-07-12T09:25:14.733684
12-07-2026 15:16 - WARNING - last_pkt_count, last_gps_count, last_pkt_Tstamp
12-07-2026 15:16 - WARNING - 2712841455 21698 2026-07-12T09:25:43.941698
12-07-2026 15:16 - WARNING - diff_pkt_count  , diff_gps_count ,  diff_pkt_timstamp
12-07-2026 15:16 - WARNING - 1882541 29 29208014 microseconds
12-07-2026 15:16 - WARNING - No packet loss: /data/dsp/GBD_TRANSIENT_BUFFER/J0953+0755/12_07_2026/PDR_GULP_data000.pcap_12_07_2026_14_56_1783848376.PCAP_PDR
12-07-2026 15:16 - WARNING - first_pkt_count, first_gps_count, first_pkt_Tstamp
12-07-2026 15:16 - WARNING - 2712841456 21698 2026-07-12T09:25:43.941698
12-07-2026 15:16 - WARNING - last_pkt_count, last_gps_count, last_pkt_Tstamp
12-07-2026 15:16 - WARNING - 2714723997 21728 2026-07-12T09:26:13.149620
12-07-2026 15:16 - WARNING - diff_pkt_count  , diff_gps_count ,  diff_pkt_timstamp
12-07-2026 15:16 - WARNING - 1882541 30 29207922 microseconds
12-07-2026 15:16 - WARNING - No packet loss: /data/dsp/GBD_TRANSIENT_BUFFER/J0953+0755/12_07_2026/PDR_GULP_data001.pcap_12_07_2026_14_56_1783848405.PCAP_PDR
12-07-2026 15:16 - WARNING - first_pkt_count, first_gps_count, first_pkt_Tstamp
12-07-2026 15:16 - WARNING - 2714723998 21728 2026-07-12T09:26:13.149620
12-07-2026 15:16 - WARNING - last_pkt_count, last_gps_count, last_pkt_Tstamp
12-07-2026 15:16 - WARNING - 2716606539 21757 2026-07-12T09:26:42.357623
12-07-2026 15:16 - WARNING - diff_pkt_count  , diff_gps_count ,  diff_pkt_timstamp
12-07-2026 15:16 - WARNING - 1882541 29 29208003 microseconds
12-07-2026 15:16 - WARNING - No packet loss: /data/dsp/GBD_TRANSIENT_BUFFER/J0953+0755/12_07_2026/PDR_GULP_data002.pcap_12_07_2026_14_57_1783848434.PCAP_PDR
12-07-2026 15:16 - WARNING - first_pkt_count, first_gps_count, first_pkt_Tstamp
12-07-2026 15:16 - WARNING - 2716606540 21757 2026-07-12T09:26:42.357623
12-07-2026 15:16 - WARNING - last_pkt_count, last_gps_count, last_pkt_Tstamp
12-07-2026 15:16 - WARNING - 2718489081 21786 2026-07-12T09:27:11.565560
12-07-2026 15:16 - WARNING - diff_pkt_count  , diff_gps_count ,  diff_pkt_timstamp
12-07-2026 15:16 - WARNING - 1882541 29 29207937 microseconds
12-07-2026 15:16 - WARNING - No packet loss: /data/dsp/GBD_TRANSIENT_BUFFER/J0953+0755/12_07_2026/PDR_GULP_data000.pcap_12_07_2026_14_57_1783848463.PCAP_PDR
12-07-2026 15:16 - WARNING - first_pkt_count, first_gps_count, first_pkt_Tstamp
12-07-2026 15:16 - WARNING - 2718489082 21786 2026-07-12T09:27:11.565561
12-07-2026 15:16 - WARNING - last_pkt_count, last_gps_count, last_pkt_Tstamp
12-07-2026 15:16 - WARNING - 2720371623 21815 2026-07-12T09:27:40.773533
12-07-2026 15:16 - WARNING - diff_pkt_count  , diff_gps_count ,  diff_pkt_timstamp
12-07-2026 15:16 - WARNING - 1882541 29 29207972 microseconds
12-07-2026 15:16 - WARNING - No packet loss: /data/dsp/GBD_TRANSIENT_BUFFER/J0953+0755/12_07_2026/PDR_GULP_data001.pcap_12_07_2026_14_58_1783848492.PCAP_PDR
12-07-2026 15:16 - WARNING - first_pkt_count, first_gps_count, first_pkt_Tstamp
12-07-2026 15:16 - WARNING - 2720371624 21815 2026-07-12T09:27:40.773533
12-07-2026 15:16 - WARNING - last_pkt_count, last_gps_count, last_pkt_Tstamp
12-07-2026 15:16 - WARNING - 2722254166 21844 2026-07-12T09:28:09.981489
12-07-2026 15:16 - WARNING - diff_pkt_count  , diff_gps_count ,  diff_pkt_timstamp
12-07-2026 15:16 - WARNING - 1882542 29 29207956 microseconds
12-07-2026 15:16 - WARNING - No packet loss: /data/dsp/GBD_TRANSIENT_BUFFER/J0953+0755/12_07_2026/PDR_GULP_data002.pcap_12_07_2026_14_58_1783848522.PCAP_PDR
12-07-2026 15:16 - WARNING - first_pkt_count, first_gps_count, first_pkt_Tstamp
12-07-2026 15:16 - WARNING - 2722254167 21844 2026-07-12T09:28:09.981489
12-07-2026 15:16 - WARNING - last_pkt_count, last_gps_count, last_pkt_Tstamp
12-07-2026 15:16 - WARNING - 2724136708 21874 2026-07-12T09:28:39.189449
12-07-2026 15:16 - WARNING - diff_pkt_count  , diff_gps_count ,  diff_pkt_timstamp
12-07-2026 15:16 - WARNING - 1882541 30 29207960 microseconds
12-07-2026 15:16 - WARNING - No packet loss: /data/dsp/GBD_TRANSIENT_BUFFER/J0953+0755/12_07_2026/PDR_GULP_data000.pcap_12_07_2026_14_59_1783848551.PCAP_PDR
12-07-2026 15:16 - WARNING - first_pkt_count, first_gps_count, first_pkt_Tstamp
12-07-2026 15:16 - WARNING - 2724136709 21874 2026-07-12T09:28:39.189500
12-07-2026 15:16 - WARNING - last_pkt_count, last_gps_count, last_pkt_Tstamp
12-07-2026 15:16 - WARNING - 2726019250 21903 2026-07-12T09:29:08.397422
12-07-2026 15:16 - WARNING - diff_pkt_count  , diff_gps_count ,  diff_pkt_timstamp
12-07-2026 15:16 - WARNING - 1882541 29 29207922 microseconds
12-07-2026 15:16 - WARNING - No packet loss: /data/dsp/GBD_TRANSIENT_BUFFER/J0953+0755/12_07_2026/PDR_GULP_data001.pcap_12_07_2026_14_59_1783848580.PCAP_PDR
12-07-2026 15:16 - WARNING - first_pkt_count, first_gps_count, first_pkt_Tstamp
12-07-2026 15:16 - WARNING - 2726019251 21903 2026-07-12T09:29:08.397422
12-07-2026 15:16 - WARNING - last_pkt_count, last_gps_count, last_pkt_Tstamp
12-07-2026 15:16 - WARNING - 2727901792 21932 2026-07-12T09:29:37.605415
12-07-2026 15:16 - WARNING - diff_pkt_count  , diff_gps_count ,  diff_pkt_timstamp
12-07-2026 15:16 - WARNING - 1882541 29 29207993 microseconds
12-07-2026 15:16 - WARNING - No packet loss: /data/dsp/GBD_TRANSIENT_BUFFER/J0953+0755/12_07_2026/PDR_GULP_data002.pcap_12_07_2026_15_00_1783848609.PCAP_PDR
12-07-2026 15:16 - WARNING - first_pkt_count, first_gps_count, first_pkt_Tstamp
12-07-2026 15:16 - WARNING - 2727901793 21932 2026-07-12T09:29:37.605415
12-07-2026 15:16 - WARNING - last_pkt_count, last_gps_count, last_pkt_Tstamp
12-07-2026 15:16 - WARNING - 2729784334 21961 2026-07-12T09:30:06.813359
12-07-2026 15:16 - WARNING - diff_pkt_count  , diff_gps_count ,  diff_pkt_timstamp
12-07-2026 15:16 - WARNING - 1882541 29 29207944 microseconds
12-07-2026 15:16 - WARNING - No packet loss: /data/dsp/GBD_TRANSIENT_BUFFER/J0953+0755/12_07_2026/PDR_GULP_data000.pcap_12_07_2026_15_00_1783848639.PCAP_PDR
12-07-2026 15:16 - WARNING - first_pkt_count, first_gps_count, first_pkt_Tstamp
12-07-2026 15:16 - WARNING - 2729784335 21961 2026-07-12T09:30:06.813359
12-07-2026 15:16 - WARNING - last_pkt_count, last_gps_count, last_pkt_Tstamp
12-07-2026 15:16 - WARNING - 2731666876 21991 2026-07-12T09:30:36.021271
12-07-2026 15:16 - WARNING - diff_pkt_count  , diff_gps_count ,  diff_pkt_timstamp
12-07-2026 15:16 - WARNING - 1882541 30 29207912 microseconds
12-07-2026 15:16 - WARNING - No packet loss: /data/dsp/GBD_TRANSIENT_BUFFER/J0953+0755/12_07_2026/PDR_GULP_data001.pcap_12_07_2026_15_01_1783848668.PCAP_PDR
12-07-2026 15:16 - WARNING - first_pkt_count, first_gps_count, first_pkt_Tstamp
12-07-2026 15:16 - WARNING - 2731666877 21991 2026-07-12T09:30:36.021323
12-07-2026 15:16 - WARNING - last_pkt_count, last_gps_count, last_pkt_Tstamp
12-07-2026 15:16 - WARNING - 2733549419 22020 2026-07-12T09:31:05.229241
12-07-2026 15:16 - WARNING - diff_pkt_count  , diff_gps_count ,  diff_pkt_timstamp
12-07-2026 15:16 - WARNING - 1882542 29 29207918 microseconds
12-07-2026 15:16 - WARNING - No packet loss: /data/dsp/GBD_TRANSIENT_BUFFER/J0953+0755/12_07_2026/PDR_GULP_data002.pcap_12_07_2026_15_01_1783848697.PCAP_PDR
12-07-2026 15:16 - WARNING - first_pkt_count, first_gps_count, first_pkt_Tstamp
12-07-2026 15:16 - WARNING - 2733549420 22020 2026-07-12T09:31:05.229292
12-07-2026 15:16 - WARNING - last_pkt_count, last_gps_count, last_pkt_Tstamp
12-07-2026 15:16 - WARNING - 2735431961 22049 2026-07-12T09:31:34.437280
12-07-2026 15:16 - WARNING - diff_pkt_count  , diff_gps_count ,  diff_pkt_timstamp
12-07-2026 15:16 - WARNING - 1882541 29 29207988 microseconds
12-07-2026 15:16 - WARNING - No packet loss: /data/dsp/GBD_TRANSIENT_BUFFER/J0953+0755/12_07_2026/PDR_GULP_data000.pcap_12_07_2026_15_02_1783848726.PCAP_PDR
12-07-2026 15:16 - WARNING - first_pkt_count, first_gps_count, first_pkt_Tstamp
12-07-2026 15:16 - WARNING - 2735431962 22049 2026-07-12T09:31:34.437280
12-07-2026 15:16 - WARNING - last_pkt_count, last_gps_count, last_pkt_Tstamp
12-07-2026 15:16 - WARNING - 2737314503 22078 2026-07-12T09:32:03.645202
12-07-2026 15:16 - WARNING - diff_pkt_count  , diff_gps_count ,  diff_pkt_timstamp
12-07-2026 15:16 - WARNING - 1882541 29 29207922 microseconds
12-07-2026 15:16 - WARNING - No packet loss: /data/dsp/GBD_TRANSIENT_BUFFER/J0953+0755/12_07_2026/PDR_GULP_data001.pcap_12_07_2026_15_02_1783848755.PCAP_PDR
12-07-2026 15:16 - WARNING - first_pkt_count, first_gps_count, first_pkt_Tstamp
12-07-2026 15:16 - WARNING - 2737314504 22078 2026-07-12T09:32:03.645202
12-07-2026 15:16 - WARNING - last_pkt_count, last_gps_count, last_pkt_Tstamp
12-07-2026 15:16 - WARNING - 2739197045 22107 2026-07-12T09:32:32.853202
12-07-2026 15:16 - WARNING - diff_pkt_count  , diff_gps_count ,  diff_pkt_timstamp
12-07-2026 15:16 - WARNING - 1882541 29 29208000 microseconds
12-07-2026 15:16 - WARNING - No packet loss: /data/dsp/GBD_TRANSIENT_BUFFER/J0953+0755/12_07_2026/PDR_GULP_data002.pcap_12_07_2026_15_03_1783848785.PCAP_PDR
12-07-2026 15:16 - WARNING - first_pkt_count, first_gps_count, first_pkt_Tstamp
12-07-2026 15:16 - WARNING - 2739197046 22107 2026-07-12T09:32:32.853202
12-07-2026 15:16 - WARNING - last_pkt_count, last_gps_count, last_pkt_Tstamp
12-07-2026 15:16 - WARNING - 2741079587 22137 2026-07-12T09:33:02.061075
12-07-2026 15:16 - WARNING - diff_pkt_count  , diff_gps_count ,  diff_pkt_timstamp
12-07-2026 15:16 - WARNING - 1882541 30 29207873 microseconds
12-07-2026 15:16 - WARNING - No packet loss: /data/dsp/GBD_TRANSIENT_BUFFER/J0953+0755/12_07_2026/PDR_GULP_data000.pcap_12_07_2026_15_03_1783848814.PCAP_PDR
12-07-2026 15:16 - WARNING - first_pkt_count, first_gps_count, first_pkt_Tstamp
12-07-2026 15:16 - WARNING - 2741079588 22137 2026-07-12T09:33:02.061128
12-07-2026 15:16 - WARNING - last_pkt_count, last_gps_count, last_pkt_Tstamp
12-07-2026 15:16 - WARNING - 2742962129 22166 2026-07-12T09:33:31.269010
12-07-2026 15:16 - WARNING - diff_pkt_count  , diff_gps_count ,  diff_pkt_timstamp
12-07-2026 15:16 - WARNING - 1882541 29 29207882 microseconds
12-07-2026 15:16 - WARNING - No packet loss: /data/dsp/GBD_TRANSIENT_BUFFER/J0953+0755/12_07_2026/PDR_GULP_data001.pcap_12_07_2026_15_04_1783848843.PCAP_PDR
12-07-2026 15:16 - WARNING - first_pkt_count, first_gps_count, first_pkt_Tstamp
12-07-2026 15:16 - WARNING - 2742962130 22166 2026-07-12T09:33:31.269061
12-07-2026 15:16 - WARNING - last_pkt_count, last_gps_count, last_pkt_Tstamp
12-07-2026 15:16 - WARNING - 2744844672 22195 2026-07-12T09:34:00.477080
12-07-2026 15:16 - WARNING - diff_pkt_count  , diff_gps_count ,  diff_pkt_timstamp
12-07-2026 15:16 - WARNING - 1882542 29 29208019 microseconds
12-07-2026 15:16 - WARNING - No packet loss: /data/dsp/GBD_TRANSIENT_BUFFER/J0953+0755/12_07_2026/PDR_GULP_data002.pcap_12_07_2026_15_04_1783848872.PCAP_PDR
12-07-2026 15:16 - WARNING - first_pkt_count, first_gps_count, first_pkt_Tstamp
12-07-2026 15:16 - WARNING - 2744844673 22195 2026-07-12T09:34:00.477081
12-07-2026 15:16 - WARNING - last_pkt_count, last_gps_count, last_pkt_Tstamp
12-07-2026 15:16 - WARNING - 2746727214 22224 2026-07-12T09:34:29.684937
12-07-2026 15:16 - WARNING - diff_pkt_count  , diff_gps_count ,  diff_pkt_timstamp
12-07-2026 15:16 - WARNING - 1882541 29 29207856 microseconds
12-07-2026 15:16 - WARNING - No packet loss: /data/dsp/GBD_TRANSIENT_BUFFER/J0953+0755/12_07_2026/PDR_GULP_data000.pcap_12_07_2026_15_05_1783848901.PCAP_PDR
12-07-2026 15:16 - WARNING - first_pkt_count, first_gps_count, first_pkt_Tstamp
12-07-2026 15:16 - WARNING - 2746727215 22224 2026-07-12T09:34:29.684988
12-07-2026 15:16 - WARNING - last_pkt_count, last_gps_count, last_pkt_Tstamp
12-07-2026 15:16 - WARNING - 2748609756 22253 2026-07-12T09:34:58.892931
12-07-2026 15:16 - WARNING - diff_pkt_count  , diff_gps_count ,  diff_pkt_timstamp
12-07-2026 15:16 - WARNING - 1882541 29 29207943 microseconds
12-07-2026 15:16 - WARNING - Packet loss: /data/dsp/GBD_TRANSIENT_BUFFER/J0953+0755/12_07_2026/PDR_GULP_data001.pcap_12_07_2026_15_05_1783848931.PCAP_PDR
12-07-2026 15:16 - WARNING - Packet loss found .... Being fixed ... Please wait ...
12-07-2026 15:16 - WARNING - PCAP filtering ... tcpdump -r /data/dsp/GBD_TRANSIENT_BUFFER/J0953+0755/12_07_2026/PDR_GULP_data001.pcap_12_07_2026_15_05_1783848931.PCAP_PDR.pcap -w PDR_GULP_data001.pcap_12_07_2026_15_05_1783848931_filtered.PCAP_PDR.pcap  host 172.10.10.1 and port 55000 
12-07-2026 15:16 - WARNING - Patched /data/dsp/GBD_TRANSIENT_BUFFER/J0953+0755/12_07_2026/PDR_GULP_data001.pcap_12_07_2026_15_05_1783848931.PCAP_PDR as PDR_GULP_data001.pcap_12_07_2026_15_05_1783848931_filtered.PCAP_PDR
12-07-2026 15:16 - WARNING - Gulped file moved to /data/dsp/GBD_TRANSIENT_BUFFER/J0953+0755/12_07_2026/GULPED
12-07-2026 15:16 - WARNING - first_pkt_count, first_gps_count, first_pkt_Tstamp
12-07-2026 15:16 - WARNING - 2748609757 22253 2026-07-12T09:34:58.892931
12-07-2026 15:16 - WARNING - last_pkt_count, last_gps_count, last_pkt_Tstamp
12-07-2026 15:16 - WARNING - 2750492298 22283 2026-07-12T09:35:28.100840
12-07-2026 15:16 - WARNING - diff_pkt_count  , diff_gps_count ,  diff_pkt_timstamp
12-07-2026 15:16 - WARNING - 1882541 30 29207909 microseconds
12-07-2026 15:16 - WARNING - No packet loss: /data/dsp/GBD_TRANSIENT_BUFFER/J0953+0755/12_07_2026/PDR_GULP_data002.pcap_12_07_2026_15_06_1783848960.PCAP_PDR
12-07-2026 15:16 - WARNING - first_pkt_count, first_gps_count, first_pkt_Tstamp
12-07-2026 15:16 - WARNING - 2750492299 22283 2026-07-12T09:35:28.100890
12-07-2026 15:16 - WARNING - last_pkt_count, last_gps_count, last_pkt_Tstamp
12-07-2026 15:16 - WARNING - 2752374840 22312 2026-07-12T09:35:57.308806
12-07-2026 15:16 - WARNING - diff_pkt_count  , diff_gps_count ,  diff_pkt_timstamp
12-07-2026 15:16 - WARNING - 1882541 29 29207916 microseconds
12-07-2026 15:16 - WARNING - No packet loss: /data/dsp/GBD_TRANSIENT_BUFFER/J0953+0755/12_07_2026/PDR_GULP_data000.pcap_12_07_2026_15_06_1783848989.PCAP_PDR
12-07-2026 15:16 - WARNING - first_pkt_count, first_gps_count, first_pkt_Tstamp
12-07-2026 15:16 - WARNING - 2752374841 22312 2026-07-12T09:35:57.308860
12-07-2026 15:16 - WARNING - last_pkt_count, last_gps_count, last_pkt_Tstamp
12-07-2026 15:16 - WARNING - 2754257382 22341 2026-07-12T09:36:26.516739
12-07-2026 15:16 - WARNING - diff_pkt_count  , diff_gps_count ,  diff_pkt_timstamp
12-07-2026 15:16 - WARNING - 1882541 29 29207879 microseconds
12-07-2026 15:16 - WARNING - No packet loss: /data/dsp/GBD_TRANSIENT_BUFFER/J0953+0755/12_07_2026/PDR_GULP_data001.pcap_12_07_2026_15_06_1783849018.PCAP_PDR
12-07-2026 15:16 - WARNING - first_pkt_count, first_gps_count, first_pkt_Tstamp
12-07-2026 15:16 - WARNING - 2754257383 22341 2026-07-12T09:36:26.516739
12-07-2026 15:16 - WARNING - last_pkt_count, last_gps_count, last_pkt_Tstamp
12-07-2026 15:16 - WARNING - 2756139925 22370 2026-07-12T09:36:55.724718
12-07-2026 15:16 - WARNING - diff_pkt_count  , diff_gps_count ,  diff_pkt_timstamp
12-07-2026 15:16 - WARNING - 1882542 29 29207979 microseconds
12-07-2026 15:16 - WARNING - No packet loss: /data/dsp/GBD_TRANSIENT_BUFFER/J0953+0755/12_07_2026/PDR_GULP_data002.pcap_12_07_2026_15_07_1783849047.PCAP_PDR
12-07-2026 15:16 - WARNING - first_pkt_count, first_gps_count, first_pkt_Tstamp
12-07-2026 15:16 - WARNING - 2756139926 22370 2026-07-12T09:36:55.724718
12-07-2026 15:16 - WARNING - last_pkt_count, last_gps_count, last_pkt_Tstamp
12-07-2026 15:16 - WARNING - 2758022467 22399 2026-07-12T09:37:24.932671
12-07-2026 15:16 - WARNING - diff_pkt_count  , diff_gps_count ,  diff_pkt_timstamp
12-07-2026 15:16 - WARNING - 1882541 29 29207953 microseconds
12-07-2026 15:16 - WARNING - No packet loss: /data/dsp/GBD_TRANSIENT_BUFFER/J0953+0755/12_07_2026/PDR_GULP_data000.pcap_12_07_2026_15_07_1783849077.PCAP_PDR
12-07-2026 15:16 - WARNING - first_pkt_count, first_gps_count, first_pkt_Tstamp
12-07-2026 15:16 - WARNING - 2758022468 22399 2026-07-12T09:37:24.932671
12-07-2026 15:16 - WARNING - last_pkt_count, last_gps_count, last_pkt_Tstamp
12-07-2026 15:16 - WARNING - 2759905009 22429 2026-07-12T09:37:54.140646
12-07-2026 15:16 - WARNING - diff_pkt_count  , diff_gps_count ,  diff_pkt_timstamp
12-07-2026 15:16 - WARNING - 1882541 30 29207975 microseconds
12-07-2026 15:16 - WARNING - No packet loss: /data/dsp/GBD_TRANSIENT_BUFFER/J0953+0755/12_07_2026/PDR_GULP_data001.pcap_12_07_2026_15_08_1783849106.PCAP_PDR
12-07-2026 15:16 - WARNING - first_pkt_count, first_gps_count, first_pkt_Tstamp
12-07-2026 15:16 - WARNING - 2759905010 22429 2026-07-12T09:37:54.140646
12-07-2026 15:16 - WARNING - last_pkt_count, last_gps_count, last_pkt_Tstamp
12-07-2026 15:16 - WARNING - 2761787551 22458 2026-07-12T09:38:23.348566
12-07-2026 15:16 - WARNING - diff_pkt_count  , diff_gps_count ,  diff_pkt_timstamp
12-07-2026 15:16 - WARNING - 1882541 29 29207920 microseconds
12-07-2026 15:16 - WARNING - No packet loss: /data/dsp/GBD_TRANSIENT_BUFFER/J0953+0755/12_07_2026/PDR_GULP_data002.pcap_12_07_2026_15_08_1783849135.PCAP_PDR
12-07-2026 15:16 - WARNING - first_pkt_count, first_gps_count, first_pkt_Tstamp
12-07-2026 15:16 - WARNING - 2761787552 22458 2026-07-12T09:38:23.348567
12-07-2026 15:16 - WARNING - last_pkt_count, last_gps_count, last_pkt_Tstamp
12-07-2026 15:16 - WARNING - 2763670093 22487 2026-07-12T09:38:52.556512
12-07-2026 15:16 - WARNING - diff_pkt_count  , diff_gps_count ,  diff_pkt_timstamp
12-07-2026 15:16 - WARNING - 1882541 29 29207945 microseconds
12-07-2026 15:16 - WARNING - No packet loss: /data/dsp/GBD_TRANSIENT_BUFFER/J0953+0755/12_07_2026/PDR_GULP_data000.pcap_12_07_2026_15_09_1783849164.PCAP_PDR
12-07-2026 15:16 - WARNING - first_pkt_count, first_gps_count, first_pkt_Tstamp
12-07-2026 15:16 - WARNING - 2763670094 22487 2026-07-12T09:38:52.556513
12-07-2026 15:16 - WARNING - last_pkt_count, last_gps_count, last_pkt_Tstamp
12-07-2026 15:16 - WARNING - 2765552635 22516 2026-07-12T09:39:21.764449
12-07-2026 15:16 - WARNING - diff_pkt_count  , diff_gps_count ,  diff_pkt_timstamp
12-07-2026 15:16 - WARNING - 1882541 29 29207936 microseconds
12-07-2026 15:16 - WARNING - No packet loss: /data/dsp/GBD_TRANSIENT_BUFFER/J0953+0755/12_07_2026/PDR_GULP_data001.pcap_12_07_2026_15_09_1783849193.PCAP_PDR
12-07-2026 15:16 - WARNING - first_pkt_count, first_gps_count, first_pkt_Tstamp
12-07-2026 15:16 - WARNING - 2765552636 22516 2026-07-12T09:39:21.764449
12-07-2026 15:16 - WARNING - last_pkt_count, last_gps_count, last_pkt_Tstamp
12-07-2026 15:16 - WARNING - 2767435178 22545 2026-07-12T09:39:50.972478
12-07-2026 15:16 - WARNING - diff_pkt_count  , diff_gps_count ,  diff_pkt_timstamp
12-07-2026 15:16 - WARNING - 1882542 29 29208029 microseconds
12-07-2026 15:16 - WARNING - No packet loss: /data/dsp/GBD_TRANSIENT_BUFFER/J0953+0755/12_07_2026/PDR_GULP_data002.pcap_12_07_2026_15_10_1783849223.PCAP_PDR
12-07-2026 15:16 - WARNING - first_pkt_count, first_gps_count, first_pkt_Tstamp
12-07-2026 15:16 - WARNING - 2767435179 22545 2026-07-12T09:39:50.972479
12-07-2026 15:16 - WARNING - last_pkt_count, last_gps_count, last_pkt_Tstamp
12-07-2026 15:16 - WARNING - 2769317720 22575 2026-07-12T09:40:20.180380
12-07-2026 15:16 - WARNING - diff_pkt_count  , diff_gps_count ,  diff_pkt_timstamp
12-07-2026 15:16 - WARNING - 1882541 30 29207901 microseconds
12-07-2026 15:16 - WARNING - No packet loss: /data/dsp/GBD_TRANSIENT_BUFFER/J0953+0755/12_07_2026/PDR_GULP_data000.pcap_12_07_2026_15_10_1783849252.PCAP_PDR
12-07-2026 15:16 - WARNING - first_pkt_count, first_gps_count, first_pkt_Tstamp
12-07-2026 15:16 - WARNING - 2769317721 22575 2026-07-12T09:40:20.180380
12-07-2026 15:16 - WARNING - last_pkt_count, last_gps_count, last_pkt_Tstamp
12-07-2026 15:16 - WARNING - 2771200262 22604 2026-07-12T09:40:49.388305
12-07-2026 15:16 - WARNING - diff_pkt_count  , diff_gps_count ,  diff_pkt_timstamp
12-07-2026 15:16 - WARNING - 1882541 29 29207925 microseconds
12-07-2026 15:16 - WARNING - No packet loss: /data/dsp/GBD_TRANSIENT_BUFFER/J0953+0755/12_07_2026/PDR_GULP_data001.pcap_12_07_2026_15_11_1783849281.PCAP_PDR
12-07-2026 15:16 - WARNING - first_pkt_count, first_gps_count, first_pkt_Tstamp
12-07-2026 15:16 - WARNING - 2771200263 22604 2026-07-12T09:40:49.388305
12-07-2026 15:16 - WARNING - last_pkt_count, last_gps_count, last_pkt_Tstamp
12-07-2026 15:16 - WARNING - 2773082804 22633 2026-07-12T09:41:18.595989
12-07-2026 15:16 - WARNING - diff_pkt_count  , diff_gps_count ,  diff_pkt_timstamp
12-07-2026 15:16 - WARNING - 1882541 29 29207684 microseconds
12-07-2026 15:16 - WARNING - No packet loss: /data/dsp/GBD_TRANSIENT_BUFFER/J0953+0755/12_07_2026/PDR_GULP_data002.pcap_12_07_2026_15_11_1783849310.PCAP_PDR
12-07-2026 15:16 - WARNING - first_pkt_count, first_gps_count, first_pkt_Tstamp
12-07-2026 15:16 - WARNING - 2773082805 22633 2026-07-12T09:41:18.595989
12-07-2026 15:16 - WARNING - last_pkt_count, last_gps_count, last_pkt_Tstamp
12-07-2026 15:16 - WARNING - 2774965346 22662 2026-07-12T09:41:47.803545
12-07-2026 15:16 - WARNING - diff_pkt_count  , diff_gps_count ,  diff_pkt_timstamp
12-07-2026 15:16 - WARNING - 1882541 29 29207556 microseconds
12-07-2026 15:16 - WARNING - No packet loss: /data/dsp/GBD_TRANSIENT_BUFFER/J0953+0755/12_07_2026/PDR_GULP_data000.pcap_12_07_2026_15_12_1783849340.PCAP_PDR
12-07-2026 15:16 - WARNING - first_pkt_count, first_gps_count, first_pkt_Tstamp
12-07-2026 15:16 - WARNING - 2774965347 22662 2026-07-12T09:41:47.803546
12-07-2026 15:16 - WARNING - last_pkt_count, last_gps_count, last_pkt_Tstamp
12-07-2026 15:16 - WARNING - 2776847888 22692 2026-07-12T09:42:17.011092
12-07-2026 15:16 - WARNING - diff_pkt_count  , diff_gps_count ,  diff_pkt_timstamp
12-07-2026 15:16 - WARNING - 1882541 30 29207546 microseconds
12-07-2026 15:16 - WARNING - No packet loss: /data/dsp/GBD_TRANSIENT_BUFFER/J0953+0755/12_07_2026/PDR_GULP_data001.pcap_12_07_2026_15_12_1783849369.PCAP_PDR
12-07-2026 15:16 - WARNING - first_pkt_count, first_gps_count, first_pkt_Tstamp
12-07-2026 15:16 - WARNING - 2776847889 22692 2026-07-12T09:42:17.011093
12-07-2026 15:16 - WARNING - last_pkt_count, last_gps_count, last_pkt_Tstamp
12-07-2026 15:16 - WARNING - 2778730431 22721 2026-07-12T09:42:46.218704
12-07-2026 15:16 - WARNING - diff_pkt_count  , diff_gps_count ,  diff_pkt_timstamp
12-07-2026 15:16 - WARNING - 1882542 29 29207611 microseconds
12-07-2026 15:16 - WARNING - No packet loss: /data/dsp/GBD_TRANSIENT_BUFFER/J0953+0755/12_07_2026/PDR_GULP_data002.pcap_12_07_2026_15_13_1783849398.PCAP_PDR
12-07-2026 15:16 - WARNING - first_pkt_count, first_gps_count, first_pkt_Tstamp
12-07-2026 15:16 - WARNING - 2778730432 22721 2026-07-12T09:42:46.218704
12-07-2026 15:16 - WARNING - last_pkt_count, last_gps_count, last_pkt_Tstamp
12-07-2026 15:16 - WARNING - 2780612973 22750 2026-07-12T09:43:15.426333
12-07-2026 15:16 - WARNING - diff_pkt_count  , diff_gps_count ,  diff_pkt_timstamp
12-07-2026 15:16 - WARNING - 1882541 29 29207629 microseconds
12-07-2026 15:16 - WARNING - No packet loss: /data/dsp/GBD_TRANSIENT_BUFFER/J0953+0755/12_07_2026/PDR_GULP_data000.pcap_12_07_2026_15_13_1783849427.PCAP_PDR
12-07-2026 15:16 - WARNING - first_pkt_count, first_gps_count, first_pkt_Tstamp
12-07-2026 15:16 - WARNING - 2780612974 22750 2026-07-12T09:43:15.426334
12-07-2026 15:16 - WARNING - last_pkt_count, last_gps_count, last_pkt_Tstamp
12-07-2026 15:16 - WARNING - 2782495515 22779 2026-07-12T09:43:44.633899
12-07-2026 15:16 - WARNING - diff_pkt_count  , diff_gps_count ,  diff_pkt_timstamp
12-07-2026 15:16 - WARNING - 1882541 29 29207565 microseconds
12-07-2026 15:16 - WARNING - No packet loss: /data/dsp/GBD_TRANSIENT_BUFFER/J0953+0755/12_07_2026/PDR_GULP_data001.pcap_12_07_2026_15_14_1783849456.PCAP_PDR
12-07-2026 15:16 - WARNING - first_pkt_count, first_gps_count, first_pkt_Tstamp
12-07-2026 15:16 - WARNING - 2782495516 22779 2026-07-12T09:43:44.633900
12-07-2026 15:16 - WARNING - last_pkt_count, last_gps_count, last_pkt_Tstamp
12-07-2026 15:16 - WARNING - 2784378057 22808 2026-07-12T09:44:13.841558
12-07-2026 15:16 - WARNING - diff_pkt_count  , diff_gps_count ,  diff_pkt_timstamp
12-07-2026 15:16 - WARNING - 1882541 29 29207658 microseconds
12-07-2026 15:16 - WARNING - No packet loss: /data/dsp/GBD_TRANSIENT_BUFFER/J0953+0755/12_07_2026/PDR_GULP_data002.pcap_12_07_2026_15_14_1783849486.PCAP_PDR
12-07-2026 15:16 - WARNING - first_pkt_count, first_gps_count, first_pkt_Tstamp
12-07-2026 15:16 - WARNING - 2784378058 22808 2026-07-12T09:44:13.841558
12-07-2026 15:16 - WARNING - last_pkt_count, last_gps_count, last_pkt_Tstamp
12-07-2026 15:16 - WARNING - 2786260599 22838 2026-07-12T09:44:43.049177
12-07-2026 15:16 - WARNING - diff_pkt_count  , diff_gps_count ,  diff_pkt_timstamp
12-07-2026 15:16 - WARNING - 1882541 30 29207619 microseconds
12-07-2026 15:16 - WARNING - No packet loss: /data/dsp/GBD_TRANSIENT_BUFFER/J0953+0755/12_07_2026/PDR_GULP_data000.pcap_12_07_2026_15_15_1783849515.PCAP_PDR
12-07-2026 15:16 - WARNING - first_pkt_count, first_gps_count, first_pkt_Tstamp
12-07-2026 15:16 - WARNING - 2786260600 22838 2026-07-12T09:44:43.049177
12-07-2026 15:16 - WARNING - last_pkt_count, last_gps_count, last_pkt_Tstamp
12-07-2026 15:16 - WARNING - 2788143141 22867 2026-07-12T09:45:12.256842
12-07-2026 15:16 - WARNING - diff_pkt_count  , diff_gps_count ,  diff_pkt_timstamp
12-07-2026 15:16 - WARNING - 1882541 29 29207665 microseconds
12-07-2026 15:16 - WARNING - No packet loss: /data/dsp/GBD_TRANSIENT_BUFFER/J0953+0755/12_07_2026/PDR_GULP_data001.pcap_12_07_2026_15_15_1783849544.PCAP_PDR
12-07-2026 15:16 - WARNING - first_pkt_count, first_gps_count, first_pkt_Tstamp
12-07-2026 15:16 - WARNING - 2788143142 22867 2026-07-12T09:45:12.256842
12-07-2026 15:16 - WARNING - last_pkt_count, last_gps_count, last_pkt_Tstamp
12-07-2026 15:16 - WARNING - 2790025684 22896 2026-07-12T09:45:41.464539
12-07-2026 15:16 - WARNING - diff_pkt_count  , diff_gps_count ,  diff_pkt_timstamp
12-07-2026 15:16 - WARNING - 1882542 29 29207697 microseconds
12-07-2026 15:16 - WARNING - No packet loss: /data/dsp/GBD_TRANSIENT_BUFFER/J0953+0755/12_07_2026/PDR_GULP_data002.pcap_12_07_2026_15_16_1783849573.PCAP_PDR
12-07-2026 15:16 - WARNING - first_pkt_count, first_gps_count, first_pkt_Tstamp
12-07-2026 15:16 - WARNING - 2790025685 22896 2026-07-12T09:45:41.464540
12-07-2026 15:16 - WARNING - last_pkt_count, last_gps_count, last_pkt_Tstamp
12-07-2026 15:16 - WARNING - 2791908226 22925 2026-07-12T09:46:10.672224
12-07-2026 15:16 - WARNING - diff_pkt_count  , diff_gps_count ,  diff_pkt_timstamp
12-07-2026 15:16 - WARNING - 1882541 29 29207684 microseconds
12-07-2026 15:16 SLIP check Finished...
12-07-2026 15:16 Pulsar data reduction pipeline started ...
12-07-2026 15:16 - WARNING - Data Directory: /data/dsp/GBD_TRANSIENT_BUFFER/J0953+0755/12_07_2026
12-07-2026 15:16 - WARNING - Pulsar: J0953+0755
12-07-2026 15:16 - WARNING - CH selelction: 0
12-07-2026 15:16 - WARNING - Phase file: /home/dsp/PDR_acquire_setup/dada_scripts/phase/rf_path_phase.dat
12-07-2026 15:16 - WARNING - Obs. logfile: /home/dsp/PDR_acquire_setup/master_obs_log/J0953+0755_12_07_2026_observation.log
12-07-2026 15:16 - WARNING - Observation start time: 2026_07_12_14_27_59
12-07-2026 15:16 - WARNING - parfile: /home/dsp/parfiles/J0953+0755.par
12-07-2026 15:16 - WARNING - DM: 2.94368147353273
12-07-2026 15:16 - WARNING - Period: 0.2530654277592862
12-07-2026 15:16 - WARNING - RA_DEC: 09:53:09.3023078+07:55:36.65806
12-07-2026 15:16 - WARNING - out_dada_file: J0953+0755_2026_07_12_14_27_59_type_0.dada
12-07-2026 15:16 - WARNING - Number of files to process: 100
12-07-2026 15:16 - WARNING - Files per batch:  17
12-07-2026 15:43 - WARNING - Time taken for PDR2DADA convertion: 0:27:05.381689
12-07-2026 15:43 - WARNING - Center_freq: 175
12-07-2026 15:43 - WARNING - int_time: 3.0
12-07-2026 15:43 - WARNING - nbins: 256
12-07-2026 15:43 - WARNING - fil_chan: 256
12-07-2026 15:43 - WARNING - cpu: 2,3,4,5,6,7,8,9,10,11,12,13,14,15,16
12-07-2026 15:43 - WARNING - thread: 32
12-07-2026 15:43 - WARNING - nbit: 8
12-07-2026 15:43 - WARNING - time_avg: 0.000256
12-07-2026 15:43 - WARNING - MJD_START: 61233.37360050933
12-07-2026 15:43 - WARNING - output: J0953+0755_61233.37_175MHz_type_0_GBD_DART
12-07-2026 15:43 - WARNING - singularity_container: singularity exec /home/dsp/singularity_imag/pschive_py3.sif  
12-07-2026 15:43 - WARNING - ------ DIGIFITS ------
12-07-2026 15:43 - WARNING - ---- Search Mode FITS -------
12-07-2026 15:43 - WARNING - digifits_ful_stokes_cmd: singularity exec /home/dsp/singularity_imag/pschive_py3.sif  digifits  -F 256 -x 256 -b 8 -p 4 -t 0.000256 J0953+0755_2026_07_12_14_27_59_type_0.dada -o J0953+0755_2026_07_12_14_27_59_type_0.dada_stokes.fits
12-07-2026 16:16 - WARNING - ------ Total intensity FITS -------
12-07-2026 16:16 - WARNING - digifits_total_intensity_cmd: singularity exec /home/dsp/singularity_imag/pschive_py3.sif  digifits  -F 256 -x 256 -b 8 -p 1 -t 0.000256 J0953+0755_2026_07_12_14_27_59_type_0.dada -o J0953+0755_2026_07_12_14_27_59_type_0.dada_intensity.fits
12-07-2026 16:47 - WARNING - Nchan: 256
12-07-2026 16:47 - WARNING - Nbin: 256
12-07-2026 16:47 - WARNING - Tavg: 0.000256
12-07-2026 16:47 - WARNING - Time taken for DIGIFITS run: 1:03:54.825439
12-07-2026 16:47 - WARNING - ------ DSPSR ------
12-07-2026 16:47 - WARNING - ------- Coherent Dedispersion Folded archive -------
12-07-2026 16:47 - WARNING - dspsr_cmd: singularity exec /home/dsp/singularity_imag/pschive_py3.sif  dspsr J0953+0755_2026_07_12_14_27_59_type_0.dada -cpu 2,3,4,5,6,7,8,9,10,11,12,13,14,15,16 -t 32 -E /home/dsp/parfiles/J0953+0755.par -L 3.0 -b 256 -F 256:D -N J0953+0755 -a PSRFITS -A -e .fits -O J0953+0755_61233.37_175MHz_type_0_GBD_DART
12-07-2026 17:10 - WARNING - ------- Incoherent Dedispersion Folded archive -------
12-07-2026 17:10 - WARNING - Incoherent_DD_dspsr_cmd: singularity exec /home/dsp/singularity_imag/pschive_py3.sif  dspsr J0953+0755_2026_07_12_14_27_59_type_0.dada_stokes.fits -cpu 2,3,4,5,6,7,8,9,10,11,12,13,14,15,16 -t 32 -E /home/dsp/parfiles/J0953+0755.par -L 3.0 -b 256 -N J0953+0755 -A -e .fits -O J0953+0755_61233.37_175MHz_type_0_GBD_DART_stokes_Incoherent_DD
12-07-2026 17:14 - WARNING - Time taken for DSPSR run: 0:26:58.607323
12-07-2026 17:14 - WARNING - ------ PSREDIT ------
12-07-2026 17:14 - WARNING - psredit_cmd: singularity exec /home/dsp/singularity_imag/pschive_py3.sif  psredit -c name=J0953+0755,be:name=GSB,coord=09:53:09.3023078+07:55:36.65806 -m *_GBD_DART*fits
12-07-2026 17:15 - WARNING - Time taken for PSREDIT run: 0:00:13.168446
12-07-2026 17:15 - WARNING - ------ Iterative RFI Cleaner ------
12-07-2026 17:15 - WARNING - Iterative_cleaner_cmd: singularity exec /home/dsp/singularity_imag/pschive_py3.sif   python3 /home/dsp/PDR_acquire_setup/iterative_cleaner.py -s 3 -c 3 -m 10 *_GBD_DART*fits
12-07-2026 17:22 - WARNING - Time taken for Iterative_cleaner run: 0:07:54.908382
12-07-2026 17:22 - WARNING - ------ PDMP ------
12-07-2026 17:22 - WARNING - pdmp_cmd1: singularity exec /home/dsp/singularity_imag/pschive_py3.sif  pdmp -dr 2 -ds 0.05 -g J0953+0755_61233.37_175MHz_type_0_GBD_DART.fits_cleaned.ar.ps/cps J0953+0755_61233.37_175MHz_type_0_GBD_DART.fits_cleaned.ar
12-07-2026 17:43 - WARNING - pdmp_cmd2: singularity exec /home/dsp/singularity_imag/pschive_py3.sif  pdmp -dr 2 -ds 0.05 -g J0953+0755_61233.37_175MHz_type_0_GBD_DART_stokes_Incoherent_DD.fits_cleaned.ar.ps/cps J0953+0755_61233.37_175MHz_type_0_GBD_DART_stokes_Incoherent_DD.fits_cleaned.ar
12-07-2026 18:01 - WARNING - Time taken for PDMP run: 0:38:36.779817
12-07-2026 18:01 - WARNING - ------ PS2PDF ------
12-07-2026 18:01 - WARNING - ps2pdf_cmd1: singularity exec /home/dsp/singularity_imag/pschive_py3.sif  ps2pdf J0953+0755_61233.37_175MHz_type_0_GBD_DART.fits_cleaned.ar.ps J0953+0755_61233.37_175MHz_type_0_GBD_DART.fits_cleaned.ar.ps.pdf
12-07-2026 18:01 - WARNING - ps2pdf_cmd2: singularity exec /home/dsp/singularity_imag/pschive_py3.sif  ps2pdf J0953+0755_61233.37_175MHz_type_0_GBD_DART_stokes_Incoherent_DD.fits_cleaned.ar.ps J0953+0755_61233.37_175MHz_type_0_GBD_DART_stokes_Incoherent_DD.fits_cleaned.ar.ps.pdf
12-07-2026 18:01 - WARNING - Time taken for PDMP run: 0:00:01.363954
12-07-2026 18:01 - WARNING - Overall time taken for data reduction: 2:44:46.073383
12-07-2026 18:01 - WARNING - J0953+0755_2026_07_12_14_27_59_type_0.dada... file removed
12-07-2026 18:01 - WARNING - All done!
12-07-2026 18:01 --- PRESTO ---
12-07-2026 18:01 singularity_container: singularity exec /home/dsp/singularity_imag/pschive_py3.sif  
12-07-2026 18:01 Filterbank to Process for PULSAR: J0953+0755 with DM:2.94368147353273 : J0953+0755_2026_07_12_14_27_59_type_0.dada_intensity.fits
12-07-2026 18:01 --- RFIFIND ---
12-07-2026 18:01 RFIFIND: singularity exec /home/dsp/singularity_imag/pschive_py3.sif   rfifind -time 2.0 -o J0953+0755 J0953+0755_2026_07_12_14_27_59_type_0.dada_intensity.fits
12-07-2026 18:02 --- PREPDATA ---
12-07-2026 18:02 PREPDATA: singularity exec /home/dsp/singularity_imag/pschive_py3.sif   prepdata -nobary -o J0953+0755_2026_07_12_14_27_59_type_0.dada_intensity.fits -dm 2.94368147353273 -mask J0953+0755_rfifind.mask J0953+0755_2026_07_12_14_27_59_type_0.dada_intensity.fits
12-07-2026 18:03 --- REALFFT ---
12-07-2026 18:03 REALFFT: singularity exec /home/dsp/singularity_imag/pschive_py3.sif   realfft  J0953+0755_2026_07_12_14_27_59_type_0.dada_intensity.fits.dat
12-07-2026 18:03 --- ACCELSEARCH ---
12-07-2026 18:03 ACCELSEARCH: singularity exec /home/dsp/singularity_imag/pschive_py3.sif   accelsearch -numharm 8 -zmax 8  J0953+0755_2026_07_12_14_27_59_type_0.dada_intensity.fits.fft
12-07-2026 18:03 Observation Over.
