06-08-2026 14:36 Waiting for J1136+1551 observation...
06-08-2026 14:41 Observation started...
06-08-2026 14:41 Pulsar: J1136+1551 , parfile: /home/dsp/parfiles/J1136+1551.par , DM: 59400
06-08-2026 14:41 Trigger sent to obs. PC [VELA].
06-08-2026 15:16 Acquired 80.
06-08-2026 15:16 ACQ over.
06-08-2026 15:16 Removing Trigger file from remote machine 
06-08-2026 15:16 Observation stoped.
-rw------- 1 dsp dsp 2.0G Aug  6 14:37 /data/TRANSIENT_BUFFER/PDR_GULP_data001.pcap_06_08_2026_14_37_1786007242.PCAP_PDR
-rw------- 1 dsp dsp 2.0G Aug  6 14:37 /data/TRANSIENT_BUFFER/PDR_GULP_data002.pcap_06_08_2026_14_37_1786007271.PCAP_PDR
-rw------- 1 dsp dsp 2.0G Aug  6 14:38 /data/TRANSIENT_BUFFER/PDR_GULP_data000.pcap_06_08_2026_14_38_1786007300.PCAP_PDR
-rw------- 1 dsp dsp 2.0G Aug  6 14:38 /data/TRANSIENT_BUFFER/PDR_GULP_data001.pcap_06_08_2026_14_38_1786007330.PCAP_PDR
-rw------- 1 dsp dsp 2.0G Aug  6 14:39 /data/TRANSIENT_BUFFER/PDR_GULP_data002.pcap_06_08_2026_14_39_1786007359.PCAP_PDR
-rw------- 1 dsp dsp 2.0G Aug  6 14:39 /data/TRANSIENT_BUFFER/PDR_GULP_data000.pcap_06_08_2026_14_39_1786007388.PCAP_PDR
-rw------- 1 dsp dsp 2.0G Aug  6 14:40 /data/TRANSIENT_BUFFER/PDR_GULP_data001.pcap_06_08_2026_14_40_1786007417.PCAP_PDR
-rw------- 1 dsp dsp 2.0G Aug  6 14:40 /data/TRANSIENT_BUFFER/PDR_GULP_data002.pcap_06_08_2026_14_40_1786007446.PCAP_PDR
-rw------- 1 dsp dsp 2.0G Aug  6 14:41 /data/TRANSIENT_BUFFER/PDR_GULP_data000.pcap_06_08_2026_14_41_1786007476.PCAP_PDR
-rw------- 1 dsp dsp 2.0G Aug  6 14:41 /data/TRANSIENT_BUFFER/PDR_GULP_data001.pcap_06_08_2026_14_41_1786007505.PCAP_PDR
-rw------- 1 dsp dsp 2.0G Aug  6 14:42 /data/TRANSIENT_BUFFER/PDR_GULP_data002.pcap_06_08_2026_14_42_1786007534.PCAP_PDR
-rw------- 1 dsp dsp 2.0G Aug  6 14:42 /data/TRANSIENT_BUFFER/PDR_GULP_data000.pcap_06_08_2026_14_42_1786007563.PCAP_PDR
-rw------- 1 dsp dsp 2.0G Aug  6 14:43 /data/TRANSIENT_BUFFER/PDR_GULP_data001.pcap_06_08_2026_14_43_1786007592.PCAP_PDR
-rw------- 1 dsp dsp 2.0G Aug  6 14:43 /data/TRANSIENT_BUFFER/PDR_GULP_data002.pcap_06_08_2026_14_43_1786007622.PCAP_PDR
-rw------- 1 dsp dsp 2.0G Aug  6 14:44 /data/TRANSIENT_BUFFER/PDR_GULP_data000.pcap_06_08_2026_14_44_1786007651.PCAP_PDR
-rw------- 1 dsp dsp 2.0G Aug  6 14:44 /data/TRANSIENT_BUFFER/PDR_GULP_data001.pcap_06_08_2026_14_44_1786007680.PCAP_PDR
-rw------- 1 dsp dsp 2.0G Aug  6 14:45 /data/TRANSIENT_BUFFER/PDR_GULP_data002.pcap_06_08_2026_14_45_1786007709.PCAP_PDR
-rw------- 1 dsp dsp 2.0G Aug  6 14:45 /data/TRANSIENT_BUFFER/PDR_GULP_data000.pcap_06_08_2026_14_45_1786007738.PCAP_PDR
-rw------- 1 dsp dsp 2.0G Aug  6 14:46 /data/TRANSIENT_BUFFER/PDR_GULP_data001.pcap_06_08_2026_14_46_1786007768.PCAP_PDR
-rw------- 1 dsp dsp 2.0G Aug  6 14:46 /data/TRANSIENT_BUFFER/PDR_GULP_data002.pcap_06_08_2026_14_46_1786007797.PCAP_PDR
-rw------- 1 dsp dsp 2.0G Aug  6 14:47 /data/TRANSIENT_BUFFER/PDR_GULP_data000.pcap_06_08_2026_14_47_1786007826.PCAP_PDR
-rw------- 1 dsp dsp 2.0G Aug  6 14:47 /data/TRANSIENT_BUFFER/PDR_GULP_data001.pcap_06_08_2026_14_47_1786007855.PCAP_PDR
-rw------- 1 dsp dsp 2.0G Aug  6 14:48 /data/TRANSIENT_BUFFER/PDR_GULP_data002.pcap_06_08_2026_14_48_1786007885.PCAP_PDR
-rw------- 1 dsp dsp 2.0G Aug  6 14:48 /data/TRANSIENT_BUFFER/PDR_GULP_data000.pcap_06_08_2026_14_48_1786007914.PCAP_PDR
-rw------- 1 dsp dsp 2.0G Aug  6 14:49 /data/TRANSIENT_BUFFER/PDR_GULP_data001.pcap_06_08_2026_14_49_1786007943.PCAP_PDR
-rw------- 1 dsp dsp 2.0G Aug  6 14:49 /data/TRANSIENT_BUFFER/PDR_GULP_data002.pcap_06_08_2026_14_49_1786007972.PCAP_PDR
-rw------- 1 dsp dsp 2.0G Aug  6 14:49 /data/TRANSIENT_BUFFER/PDR_GULP_data000.pcap_06_08_2026_14_50_1786008001.PCAP_PDR
-rw------- 1 dsp dsp 2.0G Aug  6 14:50 /data/TRANSIENT_BUFFER/PDR_GULP_data001.pcap_06_08_2026_14_50_1786008031.PCAP_PDR
-rw------- 1 dsp dsp 2.0G Aug  6 14:50 /data/TRANSIENT_BUFFER/PDR_GULP_data002.pcap_06_08_2026_14_51_1786008060.PCAP_PDR
-rw------- 1 dsp dsp 2.0G Aug  6 14:51 /data/TRANSIENT_BUFFER/PDR_GULP_data000.pcap_06_08_2026_14_51_1786008089.PCAP_PDR
-rw------- 1 dsp dsp 2.0G Aug  6 14:51 /data/TRANSIENT_BUFFER/PDR_GULP_data001.pcap_06_08_2026_14_51_1786008118.PCAP_PDR
-rw------- 1 dsp dsp 2.0G Aug  6 14:52 /data/TRANSIENT_BUFFER/PDR_GULP_data002.pcap_06_08_2026_14_52_1786008147.PCAP_PDR
-rw------- 1 dsp dsp 2.0G Aug  6 14:52 /data/TRANSIENT_BUFFER/PDR_GULP_data000.pcap_06_08_2026_14_52_1786008177.PCAP_PDR
-rw------- 1 dsp dsp 2.0G Aug  6 14:53 /data/TRANSIENT_BUFFER/PDR_GULP_data001.pcap_06_08_2026_14_53_1786008206.PCAP_PDR
-rw------- 1 dsp dsp 2.0G Aug  6 14:53 /data/TRANSIENT_BUFFER/PDR_GULP_data002.pcap_06_08_2026_14_53_1786008235.PCAP_PDR
-rw------- 1 dsp dsp 2.0G Aug  6 14:54 /data/TRANSIENT_BUFFER/PDR_GULP_data000.pcap_06_08_2026_14_54_1786008264.PCAP_PDR
-rw------- 1 dsp dsp 2.0G Aug  6 14:54 /data/TRANSIENT_BUFFER/PDR_GULP_data001.pcap_06_08_2026_14_54_1786008293.PCAP_PDR
-rw------- 1 dsp dsp 2.0G Aug  6 14:55 /data/TRANSIENT_BUFFER/PDR_GULP_data002.pcap_06_08_2026_14_55_1786008323.PCAP_PDR
-rw------- 1 dsp dsp 2.0G Aug  6 14:55 /data/TRANSIENT_BUFFER/PDR_GULP_data000.pcap_06_08_2026_14_55_1786008352.PCAP_PDR
-rw------- 1 dsp dsp 2.0G Aug  6 14:56 /data/TRANSIENT_BUFFER/PDR_GULP_data001.pcap_06_08_2026_14_56_1786008381.PCAP_PDR
-rw------- 1 dsp dsp 2.0G Aug  6 14:56 /data/TRANSIENT_BUFFER/PDR_GULP_data002.pcap_06_08_2026_14_56_1786008410.PCAP_PDR
-rw------- 1 dsp dsp 2.0G Aug  6 14:57 /data/TRANSIENT_BUFFER/PDR_GULP_data000.pcap_06_08_2026_14_57_1786008439.PCAP_PDR
-rw------- 1 dsp dsp 2.0G Aug  6 14:57 /data/TRANSIENT_BUFFER/PDR_GULP_data001.pcap_06_08_2026_14_57_1786008469.PCAP_PDR
-rw------- 1 dsp dsp 2.0G Aug  6 14:58 /data/TRANSIENT_BUFFER/PDR_GULP_data002.pcap_06_08_2026_14_58_1786008498.PCAP_PDR
-rw------- 1 dsp dsp 2.0G Aug  6 14:58 /data/TRANSIENT_BUFFER/PDR_GULP_data000.pcap_06_08_2026_14_58_1786008527.PCAP_PDR
-rw------- 1 dsp dsp 2.0G Aug  6 14:59 /data/TRANSIENT_BUFFER/PDR_GULP_data001.pcap_06_08_2026_14_59_1786008556.PCAP_PDR
-rw------- 1 dsp dsp 2.0G Aug  6 14:59 /data/TRANSIENT_BUFFER/PDR_GULP_data002.pcap_06_08_2026_14_59_1786008586.PCAP_PDR
-rw------- 1 dsp dsp 2.0G Aug  6 15:00 /data/TRANSIENT_BUFFER/PDR_GULP_data000.pcap_06_08_2026_15_00_1786008615.PCAP_PDR
-rw------- 1 dsp dsp 2.0G Aug  6 15:00 /data/TRANSIENT_BUFFER/PDR_GULP_data001.pcap_06_08_2026_15_00_1786008644.PCAP_PDR
-rw------- 1 dsp dsp 2.0G Aug  6 15:01 /data/TRANSIENT_BUFFER/PDR_GULP_data002.pcap_06_08_2026_15_01_1786008673.PCAP_PDR
-rw------- 1 dsp dsp 2.0G Aug  6 15:01 /data/TRANSIENT_BUFFER/PDR_GULP_data000.pcap_06_08_2026_15_01_1786008702.PCAP_PDR
-rw------- 1 dsp dsp 2.0G Aug  6 15:02 /data/TRANSIENT_BUFFER/PDR_GULP_data001.pcap_06_08_2026_15_02_1786008732.PCAP_PDR
-rw------- 1 dsp dsp 2.0G Aug  6 15:02 /data/TRANSIENT_BUFFER/PDR_GULP_data002.pcap_06_08_2026_15_02_1786008761.PCAP_PDR
-rw------- 1 dsp dsp 2.0G Aug  6 15:03 /data/TRANSIENT_BUFFER/PDR_GULP_data000.pcap_06_08_2026_15_03_1786008790.PCAP_PDR
-rw------- 1 dsp dsp 2.0G Aug  6 15:03 /data/TRANSIENT_BUFFER/PDR_GULP_data001.pcap_06_08_2026_15_03_1786008819.PCAP_PDR
-rw------- 1 dsp dsp 2.0G Aug  6 15:04 /data/TRANSIENT_BUFFER/PDR_GULP_data002.pcap_06_08_2026_15_04_1786008848.PCAP_PDR
-rw------- 1 dsp dsp 2.0G Aug  6 15:04 /data/TRANSIENT_BUFFER/PDR_GULP_data000.pcap_06_08_2026_15_04_1786008878.PCAP_PDR
-rw------- 1 dsp dsp 2.0G Aug  6 15:05 /data/TRANSIENT_BUFFER/PDR_GULP_data001.pcap_06_08_2026_15_05_1786008907.PCAP_PDR
-rw------- 1 dsp dsp 2.0G Aug  6 15:05 /data/TRANSIENT_BUFFER/PDR_GULP_data002.pcap_06_08_2026_15_05_1786008936.PCAP_PDR
-rw------- 1 dsp dsp 2.0G Aug  6 15:06 /data/TRANSIENT_BUFFER/PDR_GULP_data000.pcap_06_08_2026_15_06_1786008965.PCAP_PDR
-rw------- 1 dsp dsp 2.0G Aug  6 15:06 /data/TRANSIENT_BUFFER/PDR_GULP_data001.pcap_06_08_2026_15_06_1786008994.PCAP_PDR
-rw------- 1 dsp dsp 2.0G Aug  6 15:07 /data/TRANSIENT_BUFFER/PDR_GULP_data002.pcap_06_08_2026_15_07_1786009024.PCAP_PDR
-rw------- 1 dsp dsp 2.0G Aug  6 15:07 /data/TRANSIENT_BUFFER/PDR_GULP_data000.pcap_06_08_2026_15_07_1786009053.PCAP_PDR
-rw------- 1 dsp dsp 2.0G Aug  6 15:07 /data/TRANSIENT_BUFFER/PDR_GULP_data001.pcap_06_08_2026_15_08_1786009082.PCAP_PDR
-rw------- 1 dsp dsp 2.0G Aug  6 15:08 /data/TRANSIENT_BUFFER/PDR_GULP_data002.pcap_06_08_2026_15_08_1786009111.PCAP_PDR
-rw------- 1 dsp dsp 2.0G Aug  6 15:08 /data/TRANSIENT_BUFFER/PDR_GULP_data000.pcap_06_08_2026_15_09_1786009140.PCAP_PDR
-rw------- 1 dsp dsp 2.0G Aug  6 15:09 /data/TRANSIENT_BUFFER/PDR_GULP_data001.pcap_06_08_2026_15_09_1786009170.PCAP_PDR
-rw------- 1 dsp dsp 2.0G Aug  6 15:09 /data/TRANSIENT_BUFFER/PDR_GULP_data002.pcap_06_08_2026_15_09_1786009199.PCAP_PDR
-rw------- 1 dsp dsp 2.0G Aug  6 15:10 /data/TRANSIENT_BUFFER/PDR_GULP_data000.pcap_06_08_2026_15_10_1786009228.PCAP_PDR
-rw------- 1 dsp dsp 2.0G Aug  6 15:10 /data/TRANSIENT_BUFFER/PDR_GULP_data001.pcap_06_08_2026_15_10_1786009257.PCAP_PDR
-rw------- 1 dsp dsp 2.0G Aug  6 15:11 /data/TRANSIENT_BUFFER/PDR_GULP_data002.pcap_06_08_2026_15_11_1786009286.PCAP_PDR
-rw------- 1 dsp dsp 2.0G Aug  6 15:11 /data/TRANSIENT_BUFFER/PDR_GULP_data000.pcap_06_08_2026_15_11_1786009316.PCAP_PDR
-rw------- 1 dsp dsp 2.0G Aug  6 15:12 /data/TRANSIENT_BUFFER/PDR_GULP_data001.pcap_06_08_2026_15_12_1786009345.PCAP_PDR
-rw------- 1 dsp dsp 2.0G Aug  6 15:12 /data/TRANSIENT_BUFFER/PDR_GULP_data002.pcap_06_08_2026_15_12_1786009374.PCAP_PDR
-rw------- 1 dsp dsp 2.0G Aug  6 15:13 /data/TRANSIENT_BUFFER/PDR_GULP_data000.pcap_06_08_2026_15_13_1786009403.PCAP_PDR
-rw------- 1 dsp dsp 2.0G Aug  6 15:13 /data/TRANSIENT_BUFFER/PDR_GULP_data001.pcap_06_08_2026_15_13_1786009433.PCAP_PDR
-rw------- 1 dsp dsp 2.0G Aug  6 15:14 /data/TRANSIENT_BUFFER/PDR_GULP_data002.pcap_06_08_2026_15_14_1786009462.PCAP_PDR
-rw------- 1 dsp dsp 2.0G Aug  6 15:14 /data/TRANSIENT_BUFFER/PDR_GULP_data000.pcap_06_08_2026_15_14_1786009491.PCAP_PDR
-rw------- 1 dsp dsp 2.0G Aug  6 15:15 /data/TRANSIENT_BUFFER/PDR_GULP_data001.pcap_06_08_2026_15_15_1786009520.PCAP_PDR
-rw------- 1 dsp dsp 2.0G Aug  6 15:15 /data/TRANSIENT_BUFFER/PDR_GULP_data002.pcap_06_08_2026_15_15_1786009549.PCAP_PDR
06-08-2026 15:16 RAW PCAP data moved from Transient Buffer.
06-08-2026 15:16 SLIP check Started ...
06-08-2026 15:16 - WARNING - Data Directory: /data/dsp/GBD_TRANSIENT_BUFFER/J1136+1551/06_08_2026
06-08-2026 15:16 - WARNING - Number of Files: 80
06-08-2026 15:16 - WARNING - No packet loss: /data/dsp/GBD_TRANSIENT_BUFFER/J1136+1551/06_08_2026/PDR_GULP_data001.pcap_06_08_2026_14_37_1786007242.PCAP_PDR
06-08-2026 15:16 - WARNING - first_pkt_count, first_gps_count, first_pkt_Tstamp
06-08-2026 15:16 - WARNING - 4234059240 18874 2026-08-06T09:06:50.232812
06-08-2026 15:16 - WARNING - last_pkt_count, last_gps_count, last_pkt_Tstamp
06-08-2026 15:16 - WARNING - 4235941781 18903 2026-08-06T09:07:19.440276
06-08-2026 15:16 - WARNING - diff_pkt_count  , diff_gps_count ,  diff_pkt_timstamp
06-08-2026 15:16 - WARNING - 1882541 29 29207464 microseconds
06-08-2026 15:16 - WARNING - No packet loss: /data/dsp/GBD_TRANSIENT_BUFFER/J1136+1551/06_08_2026/PDR_GULP_data002.pcap_06_08_2026_14_37_1786007271.PCAP_PDR
06-08-2026 15:16 - WARNING - first_pkt_count, first_gps_count, first_pkt_Tstamp
06-08-2026 15:16 - WARNING - 4235941782 18903 2026-08-06T09:07:19.440276
06-08-2026 15:16 - WARNING - last_pkt_count, last_gps_count, last_pkt_Tstamp
06-08-2026 15:16 - WARNING - 4237824323 18932 2026-08-06T09:07:48.647749
06-08-2026 15:16 - WARNING - diff_pkt_count  , diff_gps_count ,  diff_pkt_timstamp
06-08-2026 15:16 - WARNING - 1882541 29 29207473 microseconds
06-08-2026 15:16 - WARNING - No packet loss: /data/dsp/GBD_TRANSIENT_BUFFER/J1136+1551/06_08_2026/PDR_GULP_data000.pcap_06_08_2026_14_38_1786007300.PCAP_PDR
06-08-2026 15:16 - WARNING - first_pkt_count, first_gps_count, first_pkt_Tstamp
06-08-2026 15:16 - WARNING - 4237824324 18932 2026-08-06T09:07:48.647749
06-08-2026 15:16 - WARNING - last_pkt_count, last_gps_count, last_pkt_Tstamp
06-08-2026 15:16 - WARNING - 4239706865 18961 2026-08-06T09:08:17.855143
06-08-2026 15:16 - WARNING - diff_pkt_count  , diff_gps_count ,  diff_pkt_timstamp
06-08-2026 15:16 - WARNING - 1882541 29 29207394 microseconds
06-08-2026 15:16 - WARNING - No packet loss: /data/dsp/GBD_TRANSIENT_BUFFER/J1136+1551/06_08_2026/PDR_GULP_data001.pcap_06_08_2026_14_38_1786007330.PCAP_PDR
06-08-2026 15:16 - WARNING - first_pkt_count, first_gps_count, first_pkt_Tstamp
06-08-2026 15:16 - WARNING - 4239706866 18961 2026-08-06T09:08:17.855237
06-08-2026 15:16 - WARNING - last_pkt_count, last_gps_count, last_pkt_Tstamp
06-08-2026 15:16 - WARNING - 4241589408 18991 2026-08-06T09:08:47.062656
06-08-2026 15:16 - WARNING - diff_pkt_count  , diff_gps_count ,  diff_pkt_timstamp
06-08-2026 15:16 - WARNING - 1882542 30 29207419 microseconds
06-08-2026 15:16 - WARNING - No packet loss: /data/dsp/GBD_TRANSIENT_BUFFER/J1136+1551/06_08_2026/PDR_GULP_data002.pcap_06_08_2026_14_39_1786007359.PCAP_PDR
06-08-2026 15:16 - WARNING - first_pkt_count, first_gps_count, first_pkt_Tstamp
06-08-2026 15:16 - WARNING - 4241589409 18991 2026-08-06T09:08:47.062657
06-08-2026 15:16 - WARNING - last_pkt_count, last_gps_count, last_pkt_Tstamp
06-08-2026 15:16 - WARNING - 4243471950 19020 2026-08-06T09:09:16.270179
06-08-2026 15:16 - WARNING - diff_pkt_count  , diff_gps_count ,  diff_pkt_timstamp
06-08-2026 15:16 - WARNING - 1882541 29 29207522 microseconds
06-08-2026 15:16 - WARNING - No packet loss: /data/dsp/GBD_TRANSIENT_BUFFER/J1136+1551/06_08_2026/PDR_GULP_data000.pcap_06_08_2026_14_39_1786007388.PCAP_PDR
06-08-2026 15:16 - WARNING - first_pkt_count, first_gps_count, first_pkt_Tstamp
06-08-2026 15:16 - WARNING - 4243471951 19020 2026-08-06T09:09:16.270179
06-08-2026 15:16 - WARNING - last_pkt_count, last_gps_count, last_pkt_Tstamp
06-08-2026 15:16 - WARNING - 4245354492 19049 2026-08-06T09:09:45.477649
06-08-2026 15:16 - WARNING - diff_pkt_count  , diff_gps_count ,  diff_pkt_timstamp
06-08-2026 15:16 - WARNING - 1882541 29 29207470 microseconds
06-08-2026 15:16 - WARNING - No packet loss: /data/dsp/GBD_TRANSIENT_BUFFER/J1136+1551/06_08_2026/PDR_GULP_data001.pcap_06_08_2026_14_40_1786007417.PCAP_PDR
06-08-2026 15:16 - WARNING - first_pkt_count, first_gps_count, first_pkt_Tstamp
06-08-2026 15:16 - WARNING - 4245354493 19049 2026-08-06T09:09:45.477728
06-08-2026 15:16 - WARNING - last_pkt_count, last_gps_count, last_pkt_Tstamp
06-08-2026 15:16 - WARNING - 4247237034 19078 2026-08-06T09:10:14.685144
06-08-2026 15:16 - WARNING - diff_pkt_count  , diff_gps_count ,  diff_pkt_timstamp
06-08-2026 15:16 - WARNING - 1882541 29 29207416 microseconds
06-08-2026 15:16 - WARNING - No packet loss: /data/dsp/GBD_TRANSIENT_BUFFER/J1136+1551/06_08_2026/PDR_GULP_data002.pcap_06_08_2026_14_40_1786007446.PCAP_PDR
06-08-2026 15:16 - WARNING - first_pkt_count, first_gps_count, first_pkt_Tstamp
06-08-2026 15:16 - WARNING - 4247237035 19078 2026-08-06T09:10:14.685234
06-08-2026 15:16 - WARNING - last_pkt_count, last_gps_count, last_pkt_Tstamp
06-08-2026 15:16 - WARNING - 4249119576 19107 2026-08-06T09:10:43.892711
06-08-2026 15:16 - WARNING - diff_pkt_count  , diff_gps_count ,  diff_pkt_timstamp
06-08-2026 15:16 - WARNING - 1882541 29 29207477 microseconds
06-08-2026 15:16 - WARNING - No packet loss: /data/dsp/GBD_TRANSIENT_BUFFER/J1136+1551/06_08_2026/PDR_GULP_data000.pcap_06_08_2026_14_41_1786007476.PCAP_PDR
06-08-2026 15:16 - WARNING - first_pkt_count, first_gps_count, first_pkt_Tstamp
06-08-2026 15:16 - WARNING - 4249119577 19107 2026-08-06T09:10:43.892711
06-08-2026 15:16 - WARNING - last_pkt_count, last_gps_count, last_pkt_Tstamp
06-08-2026 15:16 - WARNING - 4251002118 19137 2026-08-06T09:11:13.100272
06-08-2026 15:16 - WARNING - diff_pkt_count  , diff_gps_count ,  diff_pkt_timstamp
06-08-2026 15:16 - WARNING - 1882541 30 29207561 microseconds
06-08-2026 15:16 - WARNING - No packet loss: /data/dsp/GBD_TRANSIENT_BUFFER/J1136+1551/06_08_2026/PDR_GULP_data001.pcap_06_08_2026_14_41_1786007505.PCAP_PDR
06-08-2026 15:16 - WARNING - first_pkt_count, first_gps_count, first_pkt_Tstamp
06-08-2026 15:16 - WARNING - 4251002119 19137 2026-08-06T09:11:13.100272
06-08-2026 15:16 - WARNING - last_pkt_count, last_gps_count, last_pkt_Tstamp
06-08-2026 15:16 - WARNING - 4252884661 19166 2026-08-06T09:11:42.307758
06-08-2026 15:16 - WARNING - diff_pkt_count  , diff_gps_count ,  diff_pkt_timstamp
06-08-2026 15:16 - WARNING - 1882542 29 29207486 microseconds
06-08-2026 15:16 - WARNING - No packet loss: /data/dsp/GBD_TRANSIENT_BUFFER/J1136+1551/06_08_2026/PDR_GULP_data002.pcap_06_08_2026_14_42_1786007534.PCAP_PDR
06-08-2026 15:16 - WARNING - first_pkt_count, first_gps_count, first_pkt_Tstamp
06-08-2026 15:16 - WARNING - 4252884662 19166 2026-08-06T09:11:42.307758
06-08-2026 15:16 - WARNING - last_pkt_count, last_gps_count, last_pkt_Tstamp
06-08-2026 15:16 - WARNING - 4254767203 19195 2026-08-06T09:12:11.515294
06-08-2026 15:16 - WARNING - diff_pkt_count  , diff_gps_count ,  diff_pkt_timstamp
06-08-2026 15:16 - WARNING - 1882541 29 29207536 microseconds
06-08-2026 15:16 - WARNING - No packet loss: /data/dsp/GBD_TRANSIENT_BUFFER/J1136+1551/06_08_2026/PDR_GULP_data000.pcap_06_08_2026_14_42_1786007563.PCAP_PDR
06-08-2026 15:16 - WARNING - first_pkt_count, first_gps_count, first_pkt_Tstamp
06-08-2026 15:16 - WARNING - 4254767204 19195 2026-08-06T09:12:11.515294
06-08-2026 15:16 - WARNING - last_pkt_count, last_gps_count, last_pkt_Tstamp
06-08-2026 15:16 - WARNING - 4256649745 19224 2026-08-06T09:12:40.722812
06-08-2026 15:16 - WARNING - diff_pkt_count  , diff_gps_count ,  diff_pkt_timstamp
06-08-2026 15:16 - WARNING - 1882541 29 29207518 microseconds
06-08-2026 15:16 - WARNING - No packet loss: /data/dsp/GBD_TRANSIENT_BUFFER/J1136+1551/06_08_2026/PDR_GULP_data001.pcap_06_08_2026_14_43_1786007592.PCAP_PDR
06-08-2026 15:16 - WARNING - first_pkt_count, first_gps_count, first_pkt_Tstamp
06-08-2026 15:16 - WARNING - 4256649746 19224 2026-08-06T09:12:40.722865
06-08-2026 15:16 - WARNING - last_pkt_count, last_gps_count, last_pkt_Tstamp
06-08-2026 15:16 - WARNING - 4258532287 19253 2026-08-06T09:13:09.930365
06-08-2026 15:16 - WARNING - diff_pkt_count  , diff_gps_count ,  diff_pkt_timstamp
06-08-2026 15:16 - WARNING - 1882541 29 29207500 microseconds
06-08-2026 15:16 - WARNING - No packet loss: /data/dsp/GBD_TRANSIENT_BUFFER/J1136+1551/06_08_2026/PDR_GULP_data002.pcap_06_08_2026_14_43_1786007622.PCAP_PDR
06-08-2026 15:16 - WARNING - first_pkt_count, first_gps_count, first_pkt_Tstamp
06-08-2026 15:16 - WARNING - 4258532288 19253 2026-08-06T09:13:09.930415
06-08-2026 15:16 - WARNING - last_pkt_count, last_gps_count, last_pkt_Tstamp
06-08-2026 15:16 - WARNING - 4260414829 19283 2026-08-06T09:13:39.137941
06-08-2026 15:16 - WARNING - diff_pkt_count  , diff_gps_count ,  diff_pkt_timstamp
06-08-2026 15:16 - WARNING - 1882541 30 29207526 microseconds
06-08-2026 15:16 - WARNING - No packet loss: /data/dsp/GBD_TRANSIENT_BUFFER/J1136+1551/06_08_2026/PDR_GULP_data000.pcap_06_08_2026_14_44_1786007651.PCAP_PDR
06-08-2026 15:16 - WARNING - first_pkt_count, first_gps_count, first_pkt_Tstamp
06-08-2026 15:16 - WARNING - 4260414830 19283 2026-08-06T09:13:39.137941
06-08-2026 15:16 - WARNING - last_pkt_count, last_gps_count, last_pkt_Tstamp
06-08-2026 15:16 - WARNING - 4262297371 19312 2026-08-06T09:14:08.345465
06-08-2026 15:16 - WARNING - diff_pkt_count  , diff_gps_count ,  diff_pkt_timstamp
06-08-2026 15:16 - WARNING - 1882541 29 29207524 microseconds
06-08-2026 15:16 - WARNING - No packet loss: /data/dsp/GBD_TRANSIENT_BUFFER/J1136+1551/06_08_2026/PDR_GULP_data001.pcap_06_08_2026_14_44_1786007680.PCAP_PDR
06-08-2026 15:16 - WARNING - first_pkt_count, first_gps_count, first_pkt_Tstamp
06-08-2026 15:16 - WARNING - 4262297372 19312 2026-08-06T09:14:08.345519
06-08-2026 15:16 - WARNING - last_pkt_count, last_gps_count, last_pkt_Tstamp
06-08-2026 15:16 - WARNING - 4264179914 19341 2026-08-06T09:14:37.553075
06-08-2026 15:16 - WARNING - diff_pkt_count  , diff_gps_count ,  diff_pkt_timstamp
06-08-2026 15:16 - WARNING - 1882542 29 29207556 microseconds
06-08-2026 15:16 - WARNING - No packet loss: /data/dsp/GBD_TRANSIENT_BUFFER/J1136+1551/06_08_2026/PDR_GULP_data002.pcap_06_08_2026_14_45_1786007709.PCAP_PDR
06-08-2026 15:16 - WARNING - first_pkt_count, first_gps_count, first_pkt_Tstamp
06-08-2026 15:16 - WARNING - 4264179915 19341 2026-08-06T09:14:37.553075
06-08-2026 15:16 - WARNING - last_pkt_count, last_gps_count, last_pkt_Tstamp
06-08-2026 15:16 - WARNING - 4266062456 19370 2026-08-06T09:15:06.760643
06-08-2026 15:16 - WARNING - diff_pkt_count  , diff_gps_count ,  diff_pkt_timstamp
06-08-2026 15:16 - WARNING - 1882541 29 29207568 microseconds
06-08-2026 15:16 - WARNING - No packet loss: /data/dsp/GBD_TRANSIENT_BUFFER/J1136+1551/06_08_2026/PDR_GULP_data000.pcap_06_08_2026_14_45_1786007738.PCAP_PDR
06-08-2026 15:16 - WARNING - first_pkt_count, first_gps_count, first_pkt_Tstamp
06-08-2026 15:16 - WARNING - 4266062457 19370 2026-08-06T09:15:06.760643
06-08-2026 15:16 - WARNING - last_pkt_count, last_gps_count, last_pkt_Tstamp
06-08-2026 15:16 - WARNING - 4267944998 19399 2026-08-06T09:15:35.968179
06-08-2026 15:16 - WARNING - diff_pkt_count  , diff_gps_count ,  diff_pkt_timstamp
06-08-2026 15:16 - WARNING - 1882541 29 29207536 microseconds
06-08-2026 15:16 - WARNING - No packet loss: /data/dsp/GBD_TRANSIENT_BUFFER/J1136+1551/06_08_2026/PDR_GULP_data001.pcap_06_08_2026_14_46_1786007768.PCAP_PDR
06-08-2026 15:16 - WARNING - first_pkt_count, first_gps_count, first_pkt_Tstamp
06-08-2026 15:16 - WARNING - 4267944999 19399 2026-08-06T09:15:35.968232
06-08-2026 15:16 - WARNING - last_pkt_count, last_gps_count, last_pkt_Tstamp
06-08-2026 15:16 - WARNING - 4269827540 19429 2026-08-06T09:16:05.175786
06-08-2026 15:16 - WARNING - diff_pkt_count  , diff_gps_count ,  diff_pkt_timstamp
06-08-2026 15:16 - WARNING - 1882541 30 29207554 microseconds
06-08-2026 15:16 - WARNING - No packet loss: /data/dsp/GBD_TRANSIENT_BUFFER/J1136+1551/06_08_2026/PDR_GULP_data002.pcap_06_08_2026_14_46_1786007797.PCAP_PDR
06-08-2026 15:16 - WARNING - first_pkt_count, first_gps_count, first_pkt_Tstamp
06-08-2026 15:16 - WARNING - 4269827541 19429 2026-08-06T09:16:05.175787
06-08-2026 15:16 - WARNING - last_pkt_count, last_gps_count, last_pkt_Tstamp
06-08-2026 15:16 - WARNING - 4271710082 19458 2026-08-06T09:16:34.383379
06-08-2026 15:16 - WARNING - diff_pkt_count  , diff_gps_count ,  diff_pkt_timstamp
06-08-2026 15:16 - WARNING - 1882541 29 29207592 microseconds
06-08-2026 15:16 - WARNING - No packet loss: /data/dsp/GBD_TRANSIENT_BUFFER/J1136+1551/06_08_2026/PDR_GULP_data000.pcap_06_08_2026_14_47_1786007826.PCAP_PDR
06-08-2026 15:16 - WARNING - first_pkt_count, first_gps_count, first_pkt_Tstamp
06-08-2026 15:16 - WARNING - 4271710083 19458 2026-08-06T09:16:34.383380
06-08-2026 15:16 - WARNING - last_pkt_count, last_gps_count, last_pkt_Tstamp
06-08-2026 15:16 - WARNING - 4273592624 19487 2026-08-06T09:17:03.590949
06-08-2026 15:16 - WARNING - diff_pkt_count  , diff_gps_count ,  diff_pkt_timstamp
06-08-2026 15:16 - WARNING - 1882541 29 29207569 microseconds
06-08-2026 15:16 - WARNING - No packet loss: /data/dsp/GBD_TRANSIENT_BUFFER/J1136+1551/06_08_2026/PDR_GULP_data001.pcap_06_08_2026_14_47_1786007855.PCAP_PDR
06-08-2026 15:16 - WARNING - first_pkt_count, first_gps_count, first_pkt_Tstamp
06-08-2026 15:16 - WARNING - 4273592625 19487 2026-08-06T09:17:03.590950
06-08-2026 15:16 - WARNING - last_pkt_count, last_gps_count, last_pkt_Tstamp
06-08-2026 15:16 - WARNING - 4275475167 19516 2026-08-06T09:17:32.798564
06-08-2026 15:16 - WARNING - diff_pkt_count  , diff_gps_count ,  diff_pkt_timstamp
06-08-2026 15:16 - WARNING - 1882542 29 29207614 microseconds
06-08-2026 15:16 - WARNING - No packet loss: /data/dsp/GBD_TRANSIENT_BUFFER/J1136+1551/06_08_2026/PDR_GULP_data002.pcap_06_08_2026_14_48_1786007885.PCAP_PDR
06-08-2026 15:16 - WARNING - first_pkt_count, first_gps_count, first_pkt_Tstamp
06-08-2026 15:16 - WARNING - 4275475168 19516 2026-08-06T09:17:32.798564
06-08-2026 15:16 - WARNING - last_pkt_count, last_gps_count, last_pkt_Tstamp
06-08-2026 15:16 - WARNING - 4277357709 19546 2026-08-06T09:18:02.006139
06-08-2026 15:16 - WARNING - diff_pkt_count  , diff_gps_count ,  diff_pkt_timstamp
06-08-2026 15:16 - WARNING - 1882541 30 29207575 microseconds
06-08-2026 15:16 - WARNING - No packet loss: /data/dsp/GBD_TRANSIENT_BUFFER/J1136+1551/06_08_2026/PDR_GULP_data000.pcap_06_08_2026_14_48_1786007914.PCAP_PDR
06-08-2026 15:16 - WARNING - first_pkt_count, first_gps_count, first_pkt_Tstamp
06-08-2026 15:16 - WARNING - 4277357710 19546 2026-08-06T09:18:02.006139
06-08-2026 15:16 - WARNING - last_pkt_count, last_gps_count, last_pkt_Tstamp
06-08-2026 15:16 - WARNING - 4279240251 19575 2026-08-06T09:18:31.213723
06-08-2026 15:16 - WARNING - diff_pkt_count  , diff_gps_count ,  diff_pkt_timstamp
06-08-2026 15:16 - WARNING - 1882541 29 29207584 microseconds
06-08-2026 15:16 - WARNING - No packet loss: /data/dsp/GBD_TRANSIENT_BUFFER/J1136+1551/06_08_2026/PDR_GULP_data001.pcap_06_08_2026_14_49_1786007943.PCAP_PDR
06-08-2026 15:16 - WARNING - first_pkt_count, first_gps_count, first_pkt_Tstamp
06-08-2026 15:16 - WARNING - 4279240252 19575 2026-08-06T09:18:31.213724
06-08-2026 15:16 - WARNING - last_pkt_count, last_gps_count, last_pkt_Tstamp
06-08-2026 15:16 - WARNING - 4281122793 19604 2026-08-06T09:19:00.421372
06-08-2026 15:16 - WARNING - diff_pkt_count  , diff_gps_count ,  diff_pkt_timstamp
06-08-2026 15:16 - WARNING - 1882541 29 29207648 microseconds
06-08-2026 15:16 - WARNING - No packet loss: /data/dsp/GBD_TRANSIENT_BUFFER/J1136+1551/06_08_2026/PDR_GULP_data002.pcap_06_08_2026_14_49_1786007972.PCAP_PDR
06-08-2026 15:16 - WARNING - first_pkt_count, first_gps_count, first_pkt_Tstamp
06-08-2026 15:16 - WARNING - 4281122794 19604 2026-08-06T09:19:00.421372
06-08-2026 15:16 - WARNING - last_pkt_count, last_gps_count, last_pkt_Tstamp
06-08-2026 15:16 - WARNING - 4283005335 19633 2026-08-06T09:19:29.628924
06-08-2026 15:16 - WARNING - diff_pkt_count  , diff_gps_count ,  diff_pkt_timstamp
06-08-2026 15:16 - WARNING - 1882541 29 29207552 microseconds
06-08-2026 15:16 - WARNING - No packet loss: /data/dsp/GBD_TRANSIENT_BUFFER/J1136+1551/06_08_2026/PDR_GULP_data000.pcap_06_08_2026_14_50_1786008001.PCAP_PDR
06-08-2026 15:16 - WARNING - first_pkt_count, first_gps_count, first_pkt_Tstamp
06-08-2026 15:16 - WARNING - 4283005336 19633 2026-08-06T09:19:29.628924
06-08-2026 15:16 - WARNING - last_pkt_count, last_gps_count, last_pkt_Tstamp
06-08-2026 15:16 - WARNING - 4284887877 19662 2026-08-06T09:19:58.836526
06-08-2026 15:16 - WARNING - diff_pkt_count  , diff_gps_count ,  diff_pkt_timstamp
06-08-2026 15:16 - WARNING - 1882541 29 29207602 microseconds
06-08-2026 15:16 - WARNING - No packet loss: /data/dsp/GBD_TRANSIENT_BUFFER/J1136+1551/06_08_2026/PDR_GULP_data001.pcap_06_08_2026_14_50_1786008031.PCAP_PDR
06-08-2026 15:16 - WARNING - first_pkt_count, first_gps_count, first_pkt_Tstamp
06-08-2026 15:16 - WARNING - 4284887878 19662 2026-08-06T09:19:58.836526
06-08-2026 15:16 - WARNING - last_pkt_count, last_gps_count, last_pkt_Tstamp
06-08-2026 15:16 - WARNING - 4286770420 19692 2026-08-06T09:20:28.044182
06-08-2026 15:16 - WARNING - diff_pkt_count  , diff_gps_count ,  diff_pkt_timstamp
06-08-2026 15:16 - WARNING - 1882542 30 29207656 microseconds
06-08-2026 15:16 - WARNING - No packet loss: /data/dsp/GBD_TRANSIENT_BUFFER/J1136+1551/06_08_2026/PDR_GULP_data002.pcap_06_08_2026_14_51_1786008060.PCAP_PDR
06-08-2026 15:16 - WARNING - first_pkt_count, first_gps_count, first_pkt_Tstamp
06-08-2026 15:16 - WARNING - 4286770421 19692 2026-08-06T09:20:28.044182
06-08-2026 15:16 - WARNING - last_pkt_count, last_gps_count, last_pkt_Tstamp
06-08-2026 15:16 - WARNING - 4288652962 19721 2026-08-06T09:20:57.251773
06-08-2026 15:16 - WARNING - diff_pkt_count  , diff_gps_count ,  diff_pkt_timstamp
06-08-2026 15:16 - WARNING - 1882541 29 29207591 microseconds
06-08-2026 15:16 - WARNING - No packet loss: /data/dsp/GBD_TRANSIENT_BUFFER/J1136+1551/06_08_2026/PDR_GULP_data000.pcap_06_08_2026_14_51_1786008089.PCAP_PDR
06-08-2026 15:16 - WARNING - first_pkt_count, first_gps_count, first_pkt_Tstamp
06-08-2026 15:16 - WARNING - 4288652963 19721 2026-08-06T09:20:57.251773
06-08-2026 15:16 - WARNING - last_pkt_count, last_gps_count, last_pkt_Tstamp
06-08-2026 15:16 - WARNING - 4290535504 19750 2026-08-06T09:21:26.459400
06-08-2026 15:16 - WARNING - diff_pkt_count  , diff_gps_count ,  diff_pkt_timstamp
06-08-2026 15:16 - WARNING - 1882541 29 29207627 microseconds
06-08-2026 15:16 - WARNING - No packet loss: /data/dsp/GBD_TRANSIENT_BUFFER/J1136+1551/06_08_2026/PDR_GULP_data001.pcap_06_08_2026_14_51_1786008118.PCAP_PDR
06-08-2026 15:16 - WARNING - first_pkt_count, first_gps_count, first_pkt_Tstamp
06-08-2026 15:16 - WARNING - 4290535505 19750 2026-08-06T09:21:26.459401
06-08-2026 15:16 - WARNING - last_pkt_count, last_gps_count, last_pkt_Tstamp
06-08-2026 15:16 - WARNING - 4292418046 19779 2026-08-06T09:21:55.666993
06-08-2026 15:16 - WARNING - diff_pkt_count  , diff_gps_count ,  diff_pkt_timstamp
06-08-2026 15:16 - WARNING - 1882541 29 29207592 microseconds
06-08-2026 15:16 - WARNING - No packet loss: /data/dsp/GBD_TRANSIENT_BUFFER/J1136+1551/06_08_2026/PDR_GULP_data002.pcap_06_08_2026_14_52_1786008147.PCAP_PDR
06-08-2026 15:16 - WARNING - first_pkt_count, first_gps_count, first_pkt_Tstamp
06-08-2026 15:16 - WARNING - 4292418047 19779 2026-08-06T09:21:55.666993
06-08-2026 15:16 - WARNING - last_pkt_count, last_gps_count, last_pkt_Tstamp
06-08-2026 15:16 - WARNING - 4294300588 19808 2026-08-06T09:22:24.874593
06-08-2026 15:16 - WARNING - diff_pkt_count  , diff_gps_count ,  diff_pkt_timstamp
06-08-2026 15:16 - WARNING - 1882541 29 29207600 microseconds
06-08-2026 15:16 - WARNING - Packet loss: /data/dsp/GBD_TRANSIENT_BUFFER/J1136+1551/06_08_2026/PDR_GULP_data000.pcap_06_08_2026_14_52_1786008177.PCAP_PDR
06-08-2026 15:16 - WARNING - Packet loss found .... Being fixed ... Please wait ...
06-08-2026 15:16 - WARNING - PCAP filtering ... tcpdump -r /data/dsp/GBD_TRANSIENT_BUFFER/J1136+1551/06_08_2026/PDR_GULP_data000.pcap_06_08_2026_14_52_1786008177.PCAP_PDR.pcap -w PDR_GULP_data000.pcap_06_08_2026_14_52_1786008177_filtered.PCAP_PDR.pcap  host 172.10.10.1 and port 55000 
06-08-2026 15:16 - WARNING - Patched /data/dsp/GBD_TRANSIENT_BUFFER/J1136+1551/06_08_2026/PDR_GULP_data000.pcap_06_08_2026_14_52_1786008177.PCAP_PDR as PDR_GULP_data000.pcap_06_08_2026_14_52_1786008177_filtered.PCAP_PDR
06-08-2026 15:16 - WARNING - Gulped file moved to /data/dsp/GBD_TRANSIENT_BUFFER/J1136+1551/06_08_2026/GULPED
06-08-2026 15:16 - WARNING - first_pkt_count, first_gps_count, first_pkt_Tstamp
06-08-2026 15:16 - WARNING - 4294300589 19808 2026-08-06T09:22:24.874593
06-08-2026 15:16 - WARNING - last_pkt_count, last_gps_count, last_pkt_Tstamp
06-08-2026 15:16 - WARNING - 1215834 19838 2026-08-06T09:22:54.082241
06-08-2026 15:16 - WARNING - diff_pkt_count  , diff_gps_count ,  diff_pkt_timstamp
06-08-2026 15:16 - WARNING - -4293084755 30 29207648 microseconds
06-08-2026 15:16 - WARNING - No packet loss: /data/dsp/GBD_TRANSIENT_BUFFER/J1136+1551/06_08_2026/PDR_GULP_data001.pcap_06_08_2026_14_53_1786008206.PCAP_PDR
06-08-2026 15:16 - WARNING - first_pkt_count, first_gps_count, first_pkt_Tstamp
06-08-2026 15:16 - WARNING - 1215835 19838 2026-08-06T09:22:54.082241
06-08-2026 15:16 - WARNING - last_pkt_count, last_gps_count, last_pkt_Tstamp
06-08-2026 15:16 - WARNING - 3098377 19867 2026-08-06T09:23:23.290484
06-08-2026 15:16 - WARNING - diff_pkt_count  , diff_gps_count ,  diff_pkt_timstamp
06-08-2026 15:16 - WARNING - 1882542 29 29208243 microseconds
06-08-2026 15:16 - WARNING - No packet loss: /data/dsp/GBD_TRANSIENT_BUFFER/J1136+1551/06_08_2026/PDR_GULP_data002.pcap_06_08_2026_14_53_1786008235.PCAP_PDR
06-08-2026 15:16 - WARNING - first_pkt_count, first_gps_count, first_pkt_Tstamp
06-08-2026 15:16 - WARNING - 3098378 19867 2026-08-06T09:23:23.290485
06-08-2026 15:16 - WARNING - last_pkt_count, last_gps_count, last_pkt_Tstamp
06-08-2026 15:16 - WARNING - 4980919 19896 2026-08-06T09:23:52.499290
06-08-2026 15:16 - WARNING - diff_pkt_count  , diff_gps_count ,  diff_pkt_timstamp
06-08-2026 15:16 - WARNING - 1882541 29 29208805 microseconds
06-08-2026 15:16 - WARNING - No packet loss: /data/dsp/GBD_TRANSIENT_BUFFER/J1136+1551/06_08_2026/PDR_GULP_data000.pcap_06_08_2026_14_54_1786008264.PCAP_PDR
06-08-2026 15:16 - WARNING - first_pkt_count, first_gps_count, first_pkt_Tstamp
06-08-2026 15:16 - WARNING - 4980920 19896 2026-08-06T09:23:52.499290
06-08-2026 15:16 - WARNING - last_pkt_count, last_gps_count, last_pkt_Tstamp
06-08-2026 15:16 - WARNING - 6863461 19925 2026-08-06T09:24:21.707983
06-08-2026 15:16 - WARNING - diff_pkt_count  , diff_gps_count ,  diff_pkt_timstamp
06-08-2026 15:16 - WARNING - 1882541 29 29208693 microseconds
06-08-2026 15:16 - WARNING - No packet loss: /data/dsp/GBD_TRANSIENT_BUFFER/J1136+1551/06_08_2026/PDR_GULP_data001.pcap_06_08_2026_14_54_1786008293.PCAP_PDR
06-08-2026 15:16 - WARNING - first_pkt_count, first_gps_count, first_pkt_Tstamp
06-08-2026 15:16 - WARNING - 6863462 19925 2026-08-06T09:24:21.707983
06-08-2026 15:16 - WARNING - last_pkt_count, last_gps_count, last_pkt_Tstamp
06-08-2026 15:16 - WARNING - 8746003 19954 2026-08-06T09:24:50.916688
06-08-2026 15:16 - WARNING - diff_pkt_count  , diff_gps_count ,  diff_pkt_timstamp
06-08-2026 15:16 - WARNING - 1882541 29 29208705 microseconds
06-08-2026 15:16 - WARNING - No packet loss: /data/dsp/GBD_TRANSIENT_BUFFER/J1136+1551/06_08_2026/PDR_GULP_data002.pcap_06_08_2026_14_55_1786008323.PCAP_PDR
06-08-2026 15:16 - WARNING - first_pkt_count, first_gps_count, first_pkt_Tstamp
06-08-2026 15:16 - WARNING - 8746004 19954 2026-08-06T09:24:50.916688
06-08-2026 15:16 - WARNING - last_pkt_count, last_gps_count, last_pkt_Tstamp
06-08-2026 15:16 - WARNING - 10628545 19984 2026-08-06T09:25:20.125233
06-08-2026 15:16 - WARNING - diff_pkt_count  , diff_gps_count ,  diff_pkt_timstamp
06-08-2026 15:16 - WARNING - 1882541 30 29208545 microseconds
06-08-2026 15:16 - WARNING - No packet loss: /data/dsp/GBD_TRANSIENT_BUFFER/J1136+1551/06_08_2026/PDR_GULP_data000.pcap_06_08_2026_14_55_1786008352.PCAP_PDR
06-08-2026 15:16 - WARNING - first_pkt_count, first_gps_count, first_pkt_Tstamp
06-08-2026 15:16 - WARNING - 10628546 19984 2026-08-06T09:25:20.125233
06-08-2026 15:16 - WARNING - last_pkt_count, last_gps_count, last_pkt_Tstamp
06-08-2026 15:16 - WARNING - 12511087 20013 2026-08-06T09:25:49.333807
06-08-2026 15:16 - WARNING - diff_pkt_count  , diff_gps_count ,  diff_pkt_timstamp
06-08-2026 15:16 - WARNING - 1882541 29 29208574 microseconds
06-08-2026 15:16 - WARNING - No packet loss: /data/dsp/GBD_TRANSIENT_BUFFER/J1136+1551/06_08_2026/PDR_GULP_data001.pcap_06_08_2026_14_56_1786008381.PCAP_PDR
06-08-2026 15:16 - WARNING - first_pkt_count, first_gps_count, first_pkt_Tstamp
06-08-2026 15:16 - WARNING - 12511088 20013 2026-08-06T09:25:49.333807
06-08-2026 15:16 - WARNING - last_pkt_count, last_gps_count, last_pkt_Tstamp
06-08-2026 15:16 - WARNING - 14393630 20042 2026-08-06T09:26:18.542311
06-08-2026 15:16 - WARNING - diff_pkt_count  , diff_gps_count ,  diff_pkt_timstamp
06-08-2026 15:16 - WARNING - 1882542 29 29208504 microseconds
06-08-2026 15:16 - WARNING - No packet loss: /data/dsp/GBD_TRANSIENT_BUFFER/J1136+1551/06_08_2026/PDR_GULP_data002.pcap_06_08_2026_14_56_1786008410.PCAP_PDR
06-08-2026 15:16 - WARNING - first_pkt_count, first_gps_count, first_pkt_Tstamp
06-08-2026 15:16 - WARNING - 14393631 20042 2026-08-06T09:26:18.542311
06-08-2026 15:16 - WARNING - last_pkt_count, last_gps_count, last_pkt_Tstamp
06-08-2026 15:16 - WARNING - 16276172 20071 2026-08-06T09:26:47.750833
06-08-2026 15:16 - WARNING - diff_pkt_count  , diff_gps_count ,  diff_pkt_timstamp
06-08-2026 15:16 - WARNING - 1882541 29 29208522 microseconds
06-08-2026 15:16 - WARNING - No packet loss: /data/dsp/GBD_TRANSIENT_BUFFER/J1136+1551/06_08_2026/PDR_GULP_data000.pcap_06_08_2026_14_57_1786008439.PCAP_PDR
06-08-2026 15:16 - WARNING - first_pkt_count, first_gps_count, first_pkt_Tstamp
06-08-2026 15:16 - WARNING - 16276173 20071 2026-08-06T09:26:47.750834
06-08-2026 15:16 - WARNING - last_pkt_count, last_gps_count, last_pkt_Tstamp
06-08-2026 15:16 - WARNING - 18158714 20100 2026-08-06T09:27:16.959237
06-08-2026 15:16 - WARNING - diff_pkt_count  , diff_gps_count ,  diff_pkt_timstamp
06-08-2026 15:16 - WARNING - 1882541 29 29208403 microseconds
06-08-2026 15:16 - WARNING - No packet loss: /data/dsp/GBD_TRANSIENT_BUFFER/J1136+1551/06_08_2026/PDR_GULP_data001.pcap_06_08_2026_14_57_1786008469.PCAP_PDR
06-08-2026 15:16 - WARNING - first_pkt_count, first_gps_count, first_pkt_Tstamp
06-08-2026 15:16 - WARNING - 18158715 20100 2026-08-06T09:27:16.959327
06-08-2026 15:16 - WARNING - last_pkt_count, last_gps_count, last_pkt_Tstamp
06-08-2026 15:16 - WARNING - 20041256 20130 2026-08-06T09:27:46.167714
06-08-2026 15:16 - WARNING - diff_pkt_count  , diff_gps_count ,  diff_pkt_timstamp
06-08-2026 15:16 - WARNING - 1882541 30 29208387 microseconds
06-08-2026 15:16 - WARNING - No packet loss: /data/dsp/GBD_TRANSIENT_BUFFER/J1136+1551/06_08_2026/PDR_GULP_data002.pcap_06_08_2026_14_58_1786008498.PCAP_PDR
06-08-2026 15:16 - WARNING - first_pkt_count, first_gps_count, first_pkt_Tstamp
06-08-2026 15:16 - WARNING - 20041257 20130 2026-08-06T09:27:46.167714
06-08-2026 15:16 - WARNING - last_pkt_count, last_gps_count, last_pkt_Tstamp
06-08-2026 15:16 - WARNING - 21923798 20159 2026-08-06T09:28:15.376043
06-08-2026 15:16 - WARNING - diff_pkt_count  , diff_gps_count ,  diff_pkt_timstamp
06-08-2026 15:16 - WARNING - 1882541 29 29208329 microseconds
06-08-2026 15:16 - WARNING - No packet loss: /data/dsp/GBD_TRANSIENT_BUFFER/J1136+1551/06_08_2026/PDR_GULP_data000.pcap_06_08_2026_14_58_1786008527.PCAP_PDR
06-08-2026 15:16 - WARNING - first_pkt_count, first_gps_count, first_pkt_Tstamp
06-08-2026 15:16 - WARNING - 21923799 20159 2026-08-06T09:28:15.376044
06-08-2026 15:16 - WARNING - last_pkt_count, last_gps_count, last_pkt_Tstamp
06-08-2026 15:16 - WARNING - 23806340 20188 2026-08-06T09:28:44.584336
06-08-2026 15:16 - WARNING - diff_pkt_count  , diff_gps_count ,  diff_pkt_timstamp
06-08-2026 15:16 - WARNING - 1882541 29 29208292 microseconds
06-08-2026 15:16 - WARNING - No packet loss: /data/dsp/GBD_TRANSIENT_BUFFER/J1136+1551/06_08_2026/PDR_GULP_data001.pcap_06_08_2026_14_59_1786008556.PCAP_PDR
06-08-2026 15:16 - WARNING - first_pkt_count, first_gps_count, first_pkt_Tstamp
06-08-2026 15:16 - WARNING - 23806341 20188 2026-08-06T09:28:44.584391
06-08-2026 15:16 - WARNING - last_pkt_count, last_gps_count, last_pkt_Tstamp
06-08-2026 15:16 - WARNING - 25688883 20217 2026-08-06T09:29:13.792672
06-08-2026 15:16 - WARNING - diff_pkt_count  , diff_gps_count ,  diff_pkt_timstamp
06-08-2026 15:16 - WARNING - 1882542 29 29208281 microseconds
06-08-2026 15:16 - WARNING - No packet loss: /data/dsp/GBD_TRANSIENT_BUFFER/J1136+1551/06_08_2026/PDR_GULP_data002.pcap_06_08_2026_14_59_1786008586.PCAP_PDR
06-08-2026 15:16 - WARNING - first_pkt_count, first_gps_count, first_pkt_Tstamp
06-08-2026 15:16 - WARNING - 25688884 20217 2026-08-06T09:29:13.792724
06-08-2026 15:16 - WARNING - last_pkt_count, last_gps_count, last_pkt_Tstamp
06-08-2026 15:16 - WARNING - 27571425 20247 2026-08-06T09:29:43.000963
06-08-2026 15:16 - WARNING - diff_pkt_count  , diff_gps_count ,  diff_pkt_timstamp
06-08-2026 15:16 - WARNING - 1882541 30 29208239 microseconds
06-08-2026 15:16 - WARNING - No packet loss: /data/dsp/GBD_TRANSIENT_BUFFER/J1136+1551/06_08_2026/PDR_GULP_data000.pcap_06_08_2026_15_00_1786008615.PCAP_PDR
06-08-2026 15:16 - WARNING - first_pkt_count, first_gps_count, first_pkt_Tstamp
06-08-2026 15:16 - WARNING - 27571426 20247 2026-08-06T09:29:43.000963
06-08-2026 15:16 - WARNING - last_pkt_count, last_gps_count, last_pkt_Tstamp
06-08-2026 15:16 - WARNING - 29453967 20276 2026-08-06T09:30:12.209212
06-08-2026 15:16 - WARNING - diff_pkt_count  , diff_gps_count ,  diff_pkt_timstamp
06-08-2026 15:16 - WARNING - 1882541 29 29208249 microseconds
06-08-2026 15:16 - WARNING - No packet loss: /data/dsp/GBD_TRANSIENT_BUFFER/J1136+1551/06_08_2026/PDR_GULP_data001.pcap_06_08_2026_15_00_1786008644.PCAP_PDR
06-08-2026 15:16 - WARNING - first_pkt_count, first_gps_count, first_pkt_Tstamp
06-08-2026 15:16 - WARNING - 29453968 20276 2026-08-06T09:30:12.209212
06-08-2026 15:16 - WARNING - last_pkt_count, last_gps_count, last_pkt_Tstamp
06-08-2026 15:16 - WARNING - 31336509 20305 2026-08-06T09:30:41.417441
06-08-2026 15:16 - WARNING - diff_pkt_count  , diff_gps_count ,  diff_pkt_timstamp
06-08-2026 15:16 - WARNING - 1882541 29 29208229 microseconds
06-08-2026 15:16 - WARNING - No packet loss: /data/dsp/GBD_TRANSIENT_BUFFER/J1136+1551/06_08_2026/PDR_GULP_data002.pcap_06_08_2026_15_01_1786008673.PCAP_PDR
06-08-2026 15:16 - WARNING - first_pkt_count, first_gps_count, first_pkt_Tstamp
06-08-2026 15:16 - WARNING - 31336510 20305 2026-08-06T09:30:41.417441
06-08-2026 15:16 - WARNING - last_pkt_count, last_gps_count, last_pkt_Tstamp
06-08-2026 15:16 - WARNING - 33219051 20334 2026-08-06T09:31:10.625621
06-08-2026 15:16 - WARNING - diff_pkt_count  , diff_gps_count ,  diff_pkt_timstamp
06-08-2026 15:16 - WARNING - 1882541 29 29208180 microseconds
06-08-2026 15:16 - WARNING - No packet loss: /data/dsp/GBD_TRANSIENT_BUFFER/J1136+1551/06_08_2026/PDR_GULP_data000.pcap_06_08_2026_15_01_1786008702.PCAP_PDR
06-08-2026 15:16 - WARNING - first_pkt_count, first_gps_count, first_pkt_Tstamp
06-08-2026 15:16 - WARNING - 33219052 20334 2026-08-06T09:31:10.625622
06-08-2026 15:16 - WARNING - last_pkt_count, last_gps_count, last_pkt_Tstamp
06-08-2026 15:16 - WARNING - 35101593 20363 2026-08-06T09:31:39.833829
06-08-2026 15:16 - WARNING - diff_pkt_count  , diff_gps_count ,  diff_pkt_timstamp
06-08-2026 15:16 - WARNING - 1882541 29 29208207 microseconds
06-08-2026 15:16 - WARNING - No packet loss: /data/dsp/GBD_TRANSIENT_BUFFER/J1136+1551/06_08_2026/PDR_GULP_data001.pcap_06_08_2026_15_02_1786008732.PCAP_PDR
06-08-2026 15:16 - WARNING - first_pkt_count, first_gps_count, first_pkt_Tstamp
06-08-2026 15:16 - WARNING - 35101594 20363 2026-08-06T09:31:39.833829
06-08-2026 15:16 - WARNING - last_pkt_count, last_gps_count, last_pkt_Tstamp
06-08-2026 15:16 - WARNING - 36984136 20393 2026-08-06T09:32:09.042017
06-08-2026 15:16 - WARNING - diff_pkt_count  , diff_gps_count ,  diff_pkt_timstamp
06-08-2026 15:16 - WARNING - 1882542 30 29208188 microseconds
06-08-2026 15:16 - WARNING - No packet loss: /data/dsp/GBD_TRANSIENT_BUFFER/J1136+1551/06_08_2026/PDR_GULP_data002.pcap_06_08_2026_15_02_1786008761.PCAP_PDR
06-08-2026 15:16 - WARNING - first_pkt_count, first_gps_count, first_pkt_Tstamp
06-08-2026 15:16 - WARNING - 36984137 20393 2026-08-06T09:32:09.042017
06-08-2026 15:16 - WARNING - last_pkt_count, last_gps_count, last_pkt_Tstamp
06-08-2026 15:16 - WARNING - 38866678 20422 2026-08-06T09:32:38.250110
06-08-2026 15:16 - WARNING - diff_pkt_count  , diff_gps_count ,  diff_pkt_timstamp
06-08-2026 15:16 - WARNING - 1882541 29 29208093 microseconds
06-08-2026 15:16 - WARNING - No packet loss: /data/dsp/GBD_TRANSIENT_BUFFER/J1136+1551/06_08_2026/PDR_GULP_data000.pcap_06_08_2026_15_03_1786008790.PCAP_PDR
06-08-2026 15:16 - WARNING - first_pkt_count, first_gps_count, first_pkt_Tstamp
06-08-2026 15:16 - WARNING - 38866679 20422 2026-08-06T09:32:38.250110
06-08-2026 15:16 - WARNING - last_pkt_count, last_gps_count, last_pkt_Tstamp
06-08-2026 15:16 - WARNING - 40749220 20451 2026-08-06T09:33:07.458298
06-08-2026 15:16 - WARNING - diff_pkt_count  , diff_gps_count ,  diff_pkt_timstamp
06-08-2026 15:16 - WARNING - 1882541 29 29208188 microseconds
06-08-2026 15:16 - WARNING - No packet loss: /data/dsp/GBD_TRANSIENT_BUFFER/J1136+1551/06_08_2026/PDR_GULP_data001.pcap_06_08_2026_15_03_1786008819.PCAP_PDR
06-08-2026 15:16 - WARNING - first_pkt_count, first_gps_count, first_pkt_Tstamp
06-08-2026 15:16 - WARNING - 40749221 20451 2026-08-06T09:33:07.458298
06-08-2026 15:16 - WARNING - last_pkt_count, last_gps_count, last_pkt_Tstamp
06-08-2026 15:16 - WARNING - 42631762 20480 2026-08-06T09:33:36.666326
06-08-2026 15:16 - WARNING - diff_pkt_count  , diff_gps_count ,  diff_pkt_timstamp
06-08-2026 15:16 - WARNING - 1882541 29 29208028 microseconds
06-08-2026 15:16 - WARNING - No packet loss: /data/dsp/GBD_TRANSIENT_BUFFER/J1136+1551/06_08_2026/PDR_GULP_data002.pcap_06_08_2026_15_04_1786008848.PCAP_PDR
06-08-2026 15:16 - WARNING - first_pkt_count, first_gps_count, first_pkt_Tstamp
06-08-2026 15:16 - WARNING - 42631763 20480 2026-08-06T09:33:36.666327
06-08-2026 15:16 - WARNING - last_pkt_count, last_gps_count, last_pkt_Tstamp
06-08-2026 15:16 - WARNING - 44514304 20509 2026-08-06T09:34:05.874414
06-08-2026 15:16 - WARNING - diff_pkt_count  , diff_gps_count ,  diff_pkt_timstamp
06-08-2026 15:16 - WARNING - 1882541 29 29208087 microseconds
06-08-2026 15:16 - WARNING - No packet loss: /data/dsp/GBD_TRANSIENT_BUFFER/J1136+1551/06_08_2026/PDR_GULP_data000.pcap_06_08_2026_15_04_1786008878.PCAP_PDR
06-08-2026 15:16 - WARNING - first_pkt_count, first_gps_count, first_pkt_Tstamp
06-08-2026 15:16 - WARNING - 44514305 20509 2026-08-06T09:34:05.874414
06-08-2026 15:16 - WARNING - last_pkt_count, last_gps_count, last_pkt_Tstamp
06-08-2026 15:16 - WARNING - 46396846 20539 2026-08-06T09:34:35.082454
06-08-2026 15:16 - WARNING - diff_pkt_count  , diff_gps_count ,  diff_pkt_timstamp
06-08-2026 15:16 - WARNING - 1882541 30 29208040 microseconds
06-08-2026 15:16 - WARNING - No packet loss: /data/dsp/GBD_TRANSIENT_BUFFER/J1136+1551/06_08_2026/PDR_GULP_data001.pcap_06_08_2026_15_05_1786008907.PCAP_PDR
06-08-2026 15:16 - WARNING - first_pkt_count, first_gps_count, first_pkt_Tstamp
06-08-2026 15:16 - WARNING - 46396847 20539 2026-08-06T09:34:35.082455
06-08-2026 15:16 - WARNING - last_pkt_count, last_gps_count, last_pkt_Tstamp
06-08-2026 15:16 - WARNING - 48279389 20568 2026-08-06T09:35:04.290520
06-08-2026 15:16 - WARNING - diff_pkt_count  , diff_gps_count ,  diff_pkt_timstamp
06-08-2026 15:16 - WARNING - 1882542 29 29208065 microseconds
06-08-2026 15:16 - WARNING - No packet loss: /data/dsp/GBD_TRANSIENT_BUFFER/J1136+1551/06_08_2026/PDR_GULP_data002.pcap_06_08_2026_15_05_1786008936.PCAP_PDR
06-08-2026 15:16 - WARNING - first_pkt_count, first_gps_count, first_pkt_Tstamp
06-08-2026 15:16 - WARNING - 48279390 20568 2026-08-06T09:35:04.290521
06-08-2026 15:16 - WARNING - last_pkt_count, last_gps_count, last_pkt_Tstamp
06-08-2026 15:16 - WARNING - 50161931 20597 2026-08-06T09:35:33.498551
06-08-2026 15:16 - WARNING - diff_pkt_count  , diff_gps_count ,  diff_pkt_timstamp
06-08-2026 15:16 - WARNING - 1882541 29 29208030 microseconds
06-08-2026 15:16 - WARNING - No packet loss: /data/dsp/GBD_TRANSIENT_BUFFER/J1136+1551/06_08_2026/PDR_GULP_data000.pcap_06_08_2026_15_06_1786008965.PCAP_PDR
06-08-2026 15:16 - WARNING - first_pkt_count, first_gps_count, first_pkt_Tstamp
06-08-2026 15:16 - WARNING - 50161932 20597 2026-08-06T09:35:33.498609
06-08-2026 15:16 - WARNING - last_pkt_count, last_gps_count, last_pkt_Tstamp
06-08-2026 15:16 - WARNING - 52044473 20626 2026-08-06T09:36:02.706565
06-08-2026 15:16 - WARNING - diff_pkt_count  , diff_gps_count ,  diff_pkt_timstamp
06-08-2026 15:16 - WARNING - 1882541 29 29207956 microseconds
06-08-2026 15:16 - WARNING - No packet loss: /data/dsp/GBD_TRANSIENT_BUFFER/J1136+1551/06_08_2026/PDR_GULP_data001.pcap_06_08_2026_15_06_1786008994.PCAP_PDR
06-08-2026 15:16 - WARNING - first_pkt_count, first_gps_count, first_pkt_Tstamp
06-08-2026 15:16 - WARNING - 52044474 20626 2026-08-06T09:36:02.706566
06-08-2026 15:16 - WARNING - last_pkt_count, last_gps_count, last_pkt_Tstamp
06-08-2026 15:16 - WARNING - 53927015 20655 2026-08-06T09:36:31.914628
06-08-2026 15:16 - WARNING - diff_pkt_count  , diff_gps_count ,  diff_pkt_timstamp
06-08-2026 15:16 - WARNING - 1882541 29 29208062 microseconds
06-08-2026 15:16 - WARNING - No packet loss: /data/dsp/GBD_TRANSIENT_BUFFER/J1136+1551/06_08_2026/PDR_GULP_data002.pcap_06_08_2026_15_07_1786009024.PCAP_PDR
06-08-2026 15:16 - WARNING - first_pkt_count, first_gps_count, first_pkt_Tstamp
06-08-2026 15:16 - WARNING - 53927016 20655 2026-08-06T09:36:31.914628
06-08-2026 15:16 - WARNING - last_pkt_count, last_gps_count, last_pkt_Tstamp
06-08-2026 15:16 - WARNING - 55809557 20685 2026-08-06T09:37:01.122668
06-08-2026 15:16 - WARNING - diff_pkt_count  , diff_gps_count ,  diff_pkt_timstamp
06-08-2026 15:16 - WARNING - 1882541 30 29208040 microseconds
06-08-2026 15:16 - WARNING - No packet loss: /data/dsp/GBD_TRANSIENT_BUFFER/J1136+1551/06_08_2026/PDR_GULP_data000.pcap_06_08_2026_15_07_1786009053.PCAP_PDR
06-08-2026 15:16 - WARNING - first_pkt_count, first_gps_count, first_pkt_Tstamp
06-08-2026 15:16 - WARNING - 55809558 20685 2026-08-06T09:37:01.122669
06-08-2026 15:16 - WARNING - last_pkt_count, last_gps_count, last_pkt_Tstamp
06-08-2026 15:16 - WARNING - 57692099 20714 2026-08-06T09:37:30.330634
06-08-2026 15:16 - WARNING - diff_pkt_count  , diff_gps_count ,  diff_pkt_timstamp
06-08-2026 15:16 - WARNING - 1882541 29 29207965 microseconds
06-08-2026 15:16 - WARNING - No packet loss: /data/dsp/GBD_TRANSIENT_BUFFER/J1136+1551/06_08_2026/PDR_GULP_data001.pcap_06_08_2026_15_08_1786009082.PCAP_PDR
06-08-2026 15:16 - WARNING - first_pkt_count, first_gps_count, first_pkt_Tstamp
06-08-2026 15:16 - WARNING - 57692100 20714 2026-08-06T09:37:30.330634
06-08-2026 15:16 - WARNING - last_pkt_count, last_gps_count, last_pkt_Tstamp
06-08-2026 15:16 - WARNING - 59574642 20743 2026-08-06T09:37:59.538535
06-08-2026 15:16 - WARNING - diff_pkt_count  , diff_gps_count ,  diff_pkt_timstamp
06-08-2026 15:16 - WARNING - 1882542 29 29207901 microseconds
06-08-2026 15:16 - WARNING - No packet loss: /data/dsp/GBD_TRANSIENT_BUFFER/J1136+1551/06_08_2026/PDR_GULP_data002.pcap_06_08_2026_15_08_1786009111.PCAP_PDR
06-08-2026 15:16 - WARNING - first_pkt_count, first_gps_count, first_pkt_Tstamp
06-08-2026 15:16 - WARNING - 59574643 20743 2026-08-06T09:37:59.538588
06-08-2026 15:16 - WARNING - last_pkt_count, last_gps_count, last_pkt_Tstamp
06-08-2026 15:16 - WARNING - 61457184 20772 2026-08-06T09:38:28.746531
06-08-2026 15:16 - WARNING - diff_pkt_count  , diff_gps_count ,  diff_pkt_timstamp
06-08-2026 15:16 - WARNING - 1882541 29 29207943 microseconds
06-08-2026 15:16 - WARNING - No packet loss: /data/dsp/GBD_TRANSIENT_BUFFER/J1136+1551/06_08_2026/PDR_GULP_data000.pcap_06_08_2026_15_09_1786009140.PCAP_PDR
06-08-2026 15:16 - WARNING - first_pkt_count, first_gps_count, first_pkt_Tstamp
06-08-2026 15:16 - WARNING - 61457185 20772 2026-08-06T09:38:28.746532
06-08-2026 15:16 - WARNING - last_pkt_count, last_gps_count, last_pkt_Tstamp
06-08-2026 15:16 - WARNING - 63339726 20801 2026-08-06T09:38:57.954517
06-08-2026 15:16 - WARNING - diff_pkt_count  , diff_gps_count ,  diff_pkt_timstamp
06-08-2026 15:16 - WARNING - 1882541 29 29207985 microseconds
06-08-2026 15:16 - WARNING - No packet loss: /data/dsp/GBD_TRANSIENT_BUFFER/J1136+1551/06_08_2026/PDR_GULP_data001.pcap_06_08_2026_15_09_1786009170.PCAP_PDR
06-08-2026 15:16 - WARNING - first_pkt_count, first_gps_count, first_pkt_Tstamp
06-08-2026 15:16 - WARNING - 63339727 20801 2026-08-06T09:38:57.954518
06-08-2026 15:16 - WARNING - last_pkt_count, last_gps_count, last_pkt_Tstamp
06-08-2026 15:16 - WARNING - 65222268 20831 2026-08-06T09:39:27.162476
06-08-2026 15:16 - WARNING - diff_pkt_count  , diff_gps_count ,  diff_pkt_timstamp
06-08-2026 15:16 - WARNING - 1882541 30 29207958 microseconds
06-08-2026 15:16 - WARNING - No packet loss: /data/dsp/GBD_TRANSIENT_BUFFER/J1136+1551/06_08_2026/PDR_GULP_data002.pcap_06_08_2026_15_09_1786009199.PCAP_PDR
06-08-2026 15:16 - WARNING - first_pkt_count, first_gps_count, first_pkt_Tstamp
06-08-2026 15:16 - WARNING - 65222269 20831 2026-08-06T09:39:27.162476
06-08-2026 15:16 - WARNING - last_pkt_count, last_gps_count, last_pkt_Tstamp
06-08-2026 15:16 - WARNING - 67104810 20860 2026-08-06T09:39:56.370363
06-08-2026 15:16 - WARNING - diff_pkt_count  , diff_gps_count ,  diff_pkt_timstamp
06-08-2026 15:16 - WARNING - 1882541 29 29207887 microseconds
06-08-2026 15:16 - WARNING - No packet loss: /data/dsp/GBD_TRANSIENT_BUFFER/J1136+1551/06_08_2026/PDR_GULP_data000.pcap_06_08_2026_15_10_1786009228.PCAP_PDR
06-08-2026 15:16 - WARNING - first_pkt_count, first_gps_count, first_pkt_Tstamp
06-08-2026 15:16 - WARNING - 67104811 20860 2026-08-06T09:39:56.370363
06-08-2026 15:16 - WARNING - last_pkt_count, last_gps_count, last_pkt_Tstamp
06-08-2026 15:16 - WARNING - 68987352 20889 2026-08-06T09:40:25.578253
06-08-2026 15:16 - WARNING - diff_pkt_count  , diff_gps_count ,  diff_pkt_timstamp
06-08-2026 15:16 - WARNING - 1882541 29 29207890 microseconds
06-08-2026 15:16 - WARNING - No packet loss: /data/dsp/GBD_TRANSIENT_BUFFER/J1136+1551/06_08_2026/PDR_GULP_data001.pcap_06_08_2026_15_10_1786009257.PCAP_PDR
06-08-2026 15:16 - WARNING - first_pkt_count, first_gps_count, first_pkt_Tstamp
06-08-2026 15:16 - WARNING - 68987353 20889 2026-08-06T09:40:25.578306
06-08-2026 15:16 - WARNING - last_pkt_count, last_gps_count, last_pkt_Tstamp
06-08-2026 15:16 - WARNING - 70869895 20918 2026-08-06T09:40:54.786182
06-08-2026 15:16 - WARNING - diff_pkt_count  , diff_gps_count ,  diff_pkt_timstamp
06-08-2026 15:16 - WARNING - 1882542 29 29207876 microseconds
06-08-2026 15:16 - WARNING - No packet loss: /data/dsp/GBD_TRANSIENT_BUFFER/J1136+1551/06_08_2026/PDR_GULP_data002.pcap_06_08_2026_15_11_1786009286.PCAP_PDR
06-08-2026 15:16 - WARNING - first_pkt_count, first_gps_count, first_pkt_Tstamp
06-08-2026 15:16 - WARNING - 70869896 20918 2026-08-06T09:40:54.786235
06-08-2026 15:16 - WARNING - last_pkt_count, last_gps_count, last_pkt_Tstamp
06-08-2026 15:16 - WARNING - 72752437 20947 2026-08-06T09:41:23.994131
06-08-2026 15:16 - WARNING - diff_pkt_count  , diff_gps_count ,  diff_pkt_timstamp
06-08-2026 15:16 - WARNING - 1882541 29 29207896 microseconds
06-08-2026 15:16 - WARNING - No packet loss: /data/dsp/GBD_TRANSIENT_BUFFER/J1136+1551/06_08_2026/PDR_GULP_data000.pcap_06_08_2026_15_11_1786009316.PCAP_PDR
06-08-2026 15:16 - WARNING - first_pkt_count, first_gps_count, first_pkt_Tstamp
06-08-2026 15:16 - WARNING - 72752438 20947 2026-08-06T09:41:23.994132
06-08-2026 15:16 - WARNING - last_pkt_count, last_gps_count, last_pkt_Tstamp
06-08-2026 15:16 - WARNING - 74634979 20977 2026-08-06T09:41:53.202042
06-08-2026 15:16 - WARNING - diff_pkt_count  , diff_gps_count ,  diff_pkt_timstamp
06-08-2026 15:16 - WARNING - 1882541 30 29207910 microseconds
06-08-2026 15:16 - WARNING - No packet loss: /data/dsp/GBD_TRANSIENT_BUFFER/J1136+1551/06_08_2026/PDR_GULP_data001.pcap_06_08_2026_15_12_1786009345.PCAP_PDR
06-08-2026 15:16 - WARNING - first_pkt_count, first_gps_count, first_pkt_Tstamp
06-08-2026 15:16 - WARNING - 74634980 20977 2026-08-06T09:41:53.202043
06-08-2026 15:16 - WARNING - last_pkt_count, last_gps_count, last_pkt_Tstamp
06-08-2026 15:16 - WARNING - 76517521 21006 2026-08-06T09:42:22.409961
06-08-2026 15:16 - WARNING - diff_pkt_count  , diff_gps_count ,  diff_pkt_timstamp
06-08-2026 15:16 - WARNING - 1882541 29 29207918 microseconds
06-08-2026 15:16 - WARNING - No packet loss: /data/dsp/GBD_TRANSIENT_BUFFER/J1136+1551/06_08_2026/PDR_GULP_data002.pcap_06_08_2026_15_12_1786009374.PCAP_PDR
06-08-2026 15:16 - WARNING - first_pkt_count, first_gps_count, first_pkt_Tstamp
06-08-2026 15:16 - WARNING - 76517522 21006 2026-08-06T09:42:22.409961
06-08-2026 15:16 - WARNING - last_pkt_count, last_gps_count, last_pkt_Tstamp
06-08-2026 15:16 - WARNING - 78400063 21035 2026-08-06T09:42:51.617797
06-08-2026 15:16 - WARNING - diff_pkt_count  , diff_gps_count ,  diff_pkt_timstamp
06-08-2026 15:16 - WARNING - 1882541 29 29207836 microseconds
06-08-2026 15:16 - WARNING - No packet loss: /data/dsp/GBD_TRANSIENT_BUFFER/J1136+1551/06_08_2026/PDR_GULP_data000.pcap_06_08_2026_15_13_1786009403.PCAP_PDR
06-08-2026 15:16 - WARNING - first_pkt_count, first_gps_count, first_pkt_Tstamp
06-08-2026 15:16 - WARNING - 78400064 21035 2026-08-06T09:42:51.617850
06-08-2026 15:16 - WARNING - last_pkt_count, last_gps_count, last_pkt_Tstamp
06-08-2026 15:16 - WARNING - 80282606 21064 2026-08-06T09:43:20.825743
06-08-2026 15:16 - WARNING - diff_pkt_count  , diff_gps_count ,  diff_pkt_timstamp
06-08-2026 15:16 - WARNING - 1882542 29 29207893 microseconds
06-08-2026 15:16 - WARNING - No packet loss: /data/dsp/GBD_TRANSIENT_BUFFER/J1136+1551/06_08_2026/PDR_GULP_data001.pcap_06_08_2026_15_13_1786009433.PCAP_PDR
06-08-2026 15:16 - WARNING - first_pkt_count, first_gps_count, first_pkt_Tstamp
06-08-2026 15:16 - WARNING - 80282607 21064 2026-08-06T09:43:20.825744
06-08-2026 15:16 - WARNING - last_pkt_count, last_gps_count, last_pkt_Tstamp
06-08-2026 15:16 - WARNING - 82165148 21094 2026-08-06T09:43:50.033594
06-08-2026 15:16 - WARNING - diff_pkt_count  , diff_gps_count ,  diff_pkt_timstamp
06-08-2026 15:16 - WARNING - 1882541 30 29207850 microseconds
06-08-2026 15:16 - WARNING - No packet loss: /data/dsp/GBD_TRANSIENT_BUFFER/J1136+1551/06_08_2026/PDR_GULP_data002.pcap_06_08_2026_15_14_1786009462.PCAP_PDR
06-08-2026 15:16 - WARNING - first_pkt_count, first_gps_count, first_pkt_Tstamp
06-08-2026 15:16 - WARNING - 82165149 21094 2026-08-06T09:43:50.033594
06-08-2026 15:16 - WARNING - last_pkt_count, last_gps_count, last_pkt_Tstamp
06-08-2026 15:16 - WARNING - 84047690 21123 2026-08-06T09:44:19.241473
06-08-2026 15:16 - WARNING - diff_pkt_count  , diff_gps_count ,  diff_pkt_timstamp
06-08-2026 15:16 - WARNING - 1882541 29 29207879 microseconds
06-08-2026 15:16 - WARNING - No packet loss: /data/dsp/GBD_TRANSIENT_BUFFER/J1136+1551/06_08_2026/PDR_GULP_data000.pcap_06_08_2026_15_14_1786009491.PCAP_PDR
06-08-2026 15:16 - WARNING - first_pkt_count, first_gps_count, first_pkt_Tstamp
06-08-2026 15:16 - WARNING - 84047691 21123 2026-08-06T09:44:19.241474
06-08-2026 15:16 - WARNING - last_pkt_count, last_gps_count, last_pkt_Tstamp
06-08-2026 15:16 - WARNING - 85930232 21152 2026-08-06T09:44:48.449303
06-08-2026 15:16 - WARNING - diff_pkt_count  , diff_gps_count ,  diff_pkt_timstamp
06-08-2026 15:16 - WARNING - 1882541 29 29207829 microseconds
06-08-2026 15:16 - WARNING - No packet loss: /data/dsp/GBD_TRANSIENT_BUFFER/J1136+1551/06_08_2026/PDR_GULP_data001.pcap_06_08_2026_15_15_1786009520.PCAP_PDR
06-08-2026 15:16 - WARNING - first_pkt_count, first_gps_count, first_pkt_Tstamp
06-08-2026 15:16 - WARNING - 85930233 21152 2026-08-06T09:44:48.449366
06-08-2026 15:16 - WARNING - last_pkt_count, last_gps_count, last_pkt_Tstamp
06-08-2026 15:16 - WARNING - 87812774 21181 2026-08-06T09:45:17.657247
06-08-2026 15:16 - WARNING - diff_pkt_count  , diff_gps_count ,  diff_pkt_timstamp
06-08-2026 15:16 - WARNING - 1882541 29 29207881 microseconds
06-08-2026 15:16 - WARNING - No packet loss: /data/dsp/GBD_TRANSIENT_BUFFER/J1136+1551/06_08_2026/PDR_GULP_data002.pcap_06_08_2026_15_15_1786009549.PCAP_PDR
06-08-2026 15:16 - WARNING - first_pkt_count, first_gps_count, first_pkt_Tstamp
06-08-2026 15:16 - WARNING - 87812775 21181 2026-08-06T09:45:17.657247
06-08-2026 15:16 - WARNING - last_pkt_count, last_gps_count, last_pkt_Tstamp
06-08-2026 15:16 - WARNING - 89695316 21210 2026-08-06T09:45:46.865041
06-08-2026 15:16 - WARNING - diff_pkt_count  , diff_gps_count ,  diff_pkt_timstamp
06-08-2026 15:16 - WARNING - 1882541 29 29207794 microseconds
06-08-2026 15:16 SLIP check Finished...
06-08-2026 15:16 Pulsar data reduction pipeline started ...
06-08-2026 15:16 - WARNING - Data Directory: /data/dsp/GBD_TRANSIENT_BUFFER/J1136+1551/06_08_2026
06-08-2026 15:16 - WARNING - Pulsar: J1136+1551
06-08-2026 15:16 - WARNING - CH selelction: 0
06-08-2026 15:16 - WARNING - Phase file: /home/dsp/PDR_acquire_setup/dada_scripts/phase/rf_path_phase.dat
06-08-2026 15:16 - WARNING - Obs. logfile: /home/dsp/PDR_acquire_setup/master_obs_log/J1136+1551_06_08_2026_observation.log
06-08-2026 15:16 - WARNING - Observation start time: 2026_08_06_14_37_19
06-08-2026 15:16 - WARNING - parfile: /home/dsp/parfiles/J1136+1551.par
06-08-2026 15:16 - WARNING - DM: 4.7839708
06-08-2026 15:16 - WARNING - Period: 1.1879172746306588
06-08-2026 15:16 - WARNING - RA_DEC: 11:36:03.0688639+15:51:17.49387
06-08-2026 15:16 - WARNING - out_dada_file: J1136+1551_2026_08_06_14_37_19_type_0.dada
06-08-2026 15:16 - WARNING - Number of files to process: 80
06-08-2026 15:16 - WARNING - Files per batch:  17
06-08-2026 15:43 - WARNING - Time taken for PDR2DADA convertion: 0:26:31.708575
06-08-2026 15:43 - WARNING - Center_freq: 175
06-08-2026 15:43 - WARNING - int_time: 3.0
06-08-2026 15:43 - WARNING - nbins: 256
06-08-2026 15:43 - WARNING - fil_chan: 256
06-08-2026 15:43 - WARNING - cpu: 2,3,4,5,6,7,8,9,10,11,12,13,14,15,16
06-08-2026 15:43 - WARNING - thread: 32
06-08-2026 15:43 - WARNING - nbit: 8
06-08-2026 15:43 - WARNING - time_avg: 0.000256
06-08-2026 15:43 - WARNING - MJD_START: 61258.38008612602
06-08-2026 15:43 - WARNING - output: J1136+1551_61258.38_175MHz_type_0_GBD_DART
06-08-2026 15:43 - WARNING - singularity_container: singularity exec /home/dsp/singularity_imag/pschive_py3.sif  
06-08-2026 15:43 - WARNING - ------ DIGIFITS ------
06-08-2026 15:43 - WARNING - ---- Search Mode FITS -------
06-08-2026 15:43 - WARNING - digifits_ful_stokes_cmd: singularity exec /home/dsp/singularity_imag/pschive_py3.sif  digifits  -F 256 -x 256 -b 8 -p 4 -t 0.000256 J1136+1551_2026_08_06_14_37_19_type_0.dada -o J1136+1551_2026_08_06_14_37_19_type_0.dada_stokes.fits
06-08-2026 16:09 - WARNING - ------ Total intensity FITS -------
06-08-2026 16:09 - WARNING - digifits_total_intensity_cmd: singularity exec /home/dsp/singularity_imag/pschive_py3.sif  digifits  -F 256 -x 256 -b 8 -p 1 -t 0.000256 J1136+1551_2026_08_06_14_37_19_type_0.dada -o J1136+1551_2026_08_06_14_37_19_type_0.dada_intensity.fits
06-08-2026 16:31 - WARNING - Nchan: 256
06-08-2026 16:31 - WARNING - Nbin: 256
06-08-2026 16:31 - WARNING - Tavg: 0.000256
06-08-2026 16:31 - WARNING - Time taken for DIGIFITS run: 0:48:11.258050
06-08-2026 16:31 - WARNING - ------ DSPSR ------
06-08-2026 16:31 - WARNING - ------- Coherent Dedispersion Folded archive -------
06-08-2026 16:31 - WARNING - dspsr_cmd: singularity exec /home/dsp/singularity_imag/pschive_py3.sif  dspsr J1136+1551_2026_08_06_14_37_19_type_0.dada -cpu 2,3,4,5,6,7,8,9,10,11,12,13,14,15,16 -t 32 -E /home/dsp/parfiles/J1136+1551.par -L 3.0 -b 256 -F 256:D -N J1136+1551 -a PSRFITS -A -e .fits -O J1136+1551_61258.38_175MHz_type_0_GBD_DART
06-08-2026 16:40 - WARNING - ------- Incoherent Dedispersion Folded archive -------
06-08-2026 16:40 - WARNING - Incoherent_DD_dspsr_cmd: singularity exec /home/dsp/singularity_imag/pschive_py3.sif  dspsr J1136+1551_2026_08_06_14_37_19_type_0.dada_stokes.fits -cpu 2,3,4,5,6,7,8,9,10,11,12,13,14,15,16 -t 32 -E /home/dsp/parfiles/J1136+1551.par -L 3.0 -b 256 -N J1136+1551 -A -e .fits -O J1136+1551_61258.38_175MHz_type_0_GBD_DART_stokes_Incoherent_DD
06-08-2026 16:41 - WARNING - Time taken for DSPSR run: 0:09:32.473315
06-08-2026 16:41 - WARNING - ------ PSREDIT ------
06-08-2026 16:41 - WARNING - psredit_cmd: singularity exec /home/dsp/singularity_imag/pschive_py3.sif  psredit -c name=J1136+1551,be:name=GSB,coord=11:36:03.0688639+15:51:17.49387 -m *_GBD_DART*fits
06-08-2026 16:41 - WARNING - Time taken for PSREDIT run: 0:00:08.619416
06-08-2026 16:41 - WARNING - ------ Iterative RFI Cleaner ------
06-08-2026 16:41 - WARNING - Iterative_cleaner_cmd: singularity exec /home/dsp/singularity_imag/pschive_py3.sif   python3 /home/dsp/PDR_acquire_setup/iterative_cleaner.py -s 3 -c 3 -m 10 *_GBD_DART*fits
06-08-2026 16:46 - WARNING - Time taken for Iterative_cleaner run: 0:05:26.127999
06-08-2026 16:46 - WARNING - ------ PDMP ------
06-08-2026 16:46 - WARNING - pdmp_cmd1: singularity exec /home/dsp/singularity_imag/pschive_py3.sif  pdmp -dr 2 -ds 0.05 -g J1136+1551_61258.38_175MHz_type_0_GBD_DART.fits_cleaned.ar.ps/cps J1136+1551_61258.38_175MHz_type_0_GBD_DART.fits_cleaned.ar
06-08-2026 16:55 - WARNING - pdmp_cmd2: singularity exec /home/dsp/singularity_imag/pschive_py3.sif  pdmp -dr 2 -ds 0.05 -g J1136+1551_61258.38_175MHz_type_0_GBD_DART_stokes_Incoherent_DD.fits_cleaned.ar.ps/cps J1136+1551_61258.38_175MHz_type_0_GBD_DART_stokes_Incoherent_DD.fits_cleaned.ar
06-08-2026 17:03 - WARNING - Time taken for PDMP run: 0:16:28.081353
06-08-2026 17:03 - WARNING - ------ PS2PDF ------
06-08-2026 17:03 - WARNING - ps2pdf_cmd1: singularity exec /home/dsp/singularity_imag/pschive_py3.sif  ps2pdf J1136+1551_61258.38_175MHz_type_0_GBD_DART.fits_cleaned.ar.ps J1136+1551_61258.38_175MHz_type_0_GBD_DART.fits_cleaned.ar.ps.pdf
06-08-2026 17:03 - WARNING - ps2pdf_cmd2: singularity exec /home/dsp/singularity_imag/pschive_py3.sif  ps2pdf J1136+1551_61258.38_175MHz_type_0_GBD_DART_stokes_Incoherent_DD.fits_cleaned.ar.ps J1136+1551_61258.38_175MHz_type_0_GBD_DART_stokes_Incoherent_DD.fits_cleaned.ar.ps.pdf
06-08-2026 17:03 - WARNING - Time taken for PDMP run: 0:00:00.851700
06-08-2026 17:03 - WARNING - Overall time taken for data reduction: 1:46:19.788103
06-08-2026 17:03 - WARNING - J1136+1551_2026_08_06_14_37_19_type_0.dada... file removed
06-08-2026 17:03 - WARNING - All done!
06-08-2026 17:03 --- PRESTO ---
06-08-2026 17:03 singularity_container: singularity exec /home/dsp/singularity_imag/pschive_py3.sif  
06-08-2026 17:03 Filterbank to Process for PULSAR: J1136+1551 with DM:59400 : J1136+1551_2026_08_06_14_37_19_type_0.dada_intensity.fits
06-08-2026 17:03 --- RFIFIND ---
06-08-2026 17:03 RFIFIND: singularity exec /home/dsp/singularity_imag/pschive_py3.sif   rfifind -time 2.0 -o J1136+1551 J1136+1551_2026_08_06_14_37_19_type_0.dada_intensity.fits
06-08-2026 17:04 --- PREPDATA ---
06-08-2026 17:04 PREPDATA: singularity exec /home/dsp/singularity_imag/pschive_py3.sif   prepdata -nobary -o J1136+1551_2026_08_06_14_37_19_type_0.dada_intensity.fits -dm 59400 -mask J1136+1551_rfifind.mask J1136+1551_2026_08_06_14_37_19_type_0.dada_intensity.fits
06-08-2026 17:04 --- REALFFT ---
06-08-2026 17:04 REALFFT: singularity exec /home/dsp/singularity_imag/pschive_py3.sif   realfft  J1136+1551_2026_08_06_14_37_19_type_0.dada_intensity.fits.dat
06-08-2026 17:04 --- ACCELSEARCH ---
06-08-2026 17:04 ACCELSEARCH: singularity exec /home/dsp/singularity_imag/pschive_py3.sif   accelsearch -numharm 8 -zmax 8  J1136+1551_2026_08_06_14_37_19_type_0.dada_intensity.fits.fft
06-08-2026 17:04 Observation Over.
