09-07-2026 16:26 Waiting for J1136+1551 observation...
09-07-2026 16:31 Observation started...
09-07-2026 16:31 Pulsar: J1136+1551 , parfile: /home/dsp/parfiles/J1136+1551.par , DM: 4.7839708
09-07-2026 16:31 Trigger sent to obs. PC [VELA].
09-07-2026 17:00 Waiting for J1136+1551 observation...
09-07-2026 17:00 Observation started...
09-07-2026 17:00 Pulsar: J1136+1551 , parfile: /home/dsp/parfiles/J1136+1551.par , DM: 4.7839708
09-07-2026 17:00 Trigger sent to obs. PC [VELA].
09-07-2026 17:12 Acquired 30.
09-07-2026 17:12 ACQ over.
09-07-2026 17:12 Removing Trigger file from remote machine 
09-07-2026 17:12 Observation stoped.
-rw------- 1 dsp dsp 2.0G Jul  9 16:57 /data/TRANSIENT_BUFFER/PDR_GULP_data000.pcap_09_07_2026_16_57_1783596457.PCAP_PDR
-rw------- 1 dsp dsp 2.0G Jul  9 16:58 /data/TRANSIENT_BUFFER/PDR_GULP_data001.pcap_09_07_2026_16_58_1783596486.PCAP_PDR
-rw------- 1 dsp dsp 2.0G Jul  9 16:58 /data/TRANSIENT_BUFFER/PDR_GULP_data002.pcap_09_07_2026_16_58_1783596516.PCAP_PDR
-rw------- 1 dsp dsp 2.0G Jul  9 16:59 /data/TRANSIENT_BUFFER/PDR_GULP_data000.pcap_09_07_2026_16_59_1783596545.PCAP_PDR
-rw------- 1 dsp dsp 2.0G Jul  9 16:59 /data/TRANSIENT_BUFFER/PDR_GULP_data001.pcap_09_07_2026_16_59_1783596574.PCAP_PDR
-rw------- 1 dsp dsp 2.0G Jul  9 17:00 /data/TRANSIENT_BUFFER/PDR_GULP_data002.pcap_09_07_2026_17_00_1783596603.PCAP_PDR
-rw------- 1 dsp dsp 2.0G Jul  9 17:00 /data/TRANSIENT_BUFFER/PDR_GULP_data000.pcap_09_07_2026_17_00_1783596633.PCAP_PDR
-rw------- 1 dsp dsp 2.0G Jul  9 17:00 /data/TRANSIENT_BUFFER/PDR_GULP_data001.pcap_09_07_2026_17_01_1783596662.PCAP_PDR
-rw------- 1 dsp dsp 2.0G Jul  9 17:01 /data/TRANSIENT_BUFFER/PDR_GULP_data002.pcap_09_07_2026_17_01_1783596691.PCAP_PDR
-rw------- 1 dsp dsp 2.0G Jul  9 17:01 /data/TRANSIENT_BUFFER/PDR_GULP_data000.pcap_09_07_2026_17_02_1783596720.PCAP_PDR
-rw------- 1 dsp dsp 2.0G Jul  9 17:02 /data/TRANSIENT_BUFFER/PDR_GULP_data001.pcap_09_07_2026_17_02_1783596749.PCAP_PDR
-rw------- 1 dsp dsp 2.0G Jul  9 17:02 /data/TRANSIENT_BUFFER/PDR_GULP_data002.pcap_09_07_2026_17_02_1783596779.PCAP_PDR
-rw------- 1 dsp dsp 2.0G Jul  9 17:03 /data/TRANSIENT_BUFFER/PDR_GULP_data000.pcap_09_07_2026_17_03_1783596808.PCAP_PDR
-rw------- 1 dsp dsp 2.0G Jul  9 17:03 /data/TRANSIENT_BUFFER/PDR_GULP_data001.pcap_09_07_2026_17_03_1783596837.PCAP_PDR
-rw------- 1 dsp dsp 2.0G Jul  9 17:04 /data/TRANSIENT_BUFFER/PDR_GULP_data002.pcap_09_07_2026_17_04_1783596866.PCAP_PDR
-rw------- 1 dsp dsp 2.0G Jul  9 17:04 /data/TRANSIENT_BUFFER/PDR_GULP_data000.pcap_09_07_2026_17_04_1783596895.PCAP_PDR
-rw------- 1 dsp dsp 2.0G Jul  9 17:05 /data/TRANSIENT_BUFFER/PDR_GULP_data001.pcap_09_07_2026_17_05_1783596925.PCAP_PDR
-rw------- 1 dsp dsp 2.0G Jul  9 17:05 /data/TRANSIENT_BUFFER/PDR_GULP_data002.pcap_09_07_2026_17_05_1783596954.PCAP_PDR
-rw------- 1 dsp dsp 2.0G Jul  9 17:06 /data/TRANSIENT_BUFFER/PDR_GULP_data000.pcap_09_07_2026_17_06_1783596983.PCAP_PDR
-rw------- 1 dsp dsp 2.0G Jul  9 17:06 /data/TRANSIENT_BUFFER/PDR_GULP_data001.pcap_09_07_2026_17_06_1783597012.PCAP_PDR
-rw------- 1 dsp dsp 2.0G Jul  9 17:07 /data/TRANSIENT_BUFFER/PDR_GULP_data002.pcap_09_07_2026_17_07_1783597041.PCAP_PDR
-rw------- 1 dsp dsp 2.0G Jul  9 17:07 /data/TRANSIENT_BUFFER/PDR_GULP_data000.pcap_09_07_2026_17_07_1783597071.PCAP_PDR
-rw------- 1 dsp dsp 2.0G Jul  9 17:08 /data/TRANSIENT_BUFFER/PDR_GULP_data001.pcap_09_07_2026_17_08_1783597100.PCAP_PDR
-rw------- 1 dsp dsp 2.0G Jul  9 17:08 /data/TRANSIENT_BUFFER/PDR_GULP_data002.pcap_09_07_2026_17_08_1783597129.PCAP_PDR
-rw------- 1 dsp dsp 2.0G Jul  9 17:09 /data/TRANSIENT_BUFFER/PDR_GULP_data000.pcap_09_07_2026_17_09_1783597158.PCAP_PDR
-rw------- 1 dsp dsp 2.0G Jul  9 17:09 /data/TRANSIENT_BUFFER/PDR_GULP_data001.pcap_09_07_2026_17_09_1783597187.PCAP_PDR
-rw------- 1 dsp dsp 2.0G Jul  9 17:10 /data/TRANSIENT_BUFFER/PDR_GULP_data002.pcap_09_07_2026_17_10_1783597217.PCAP_PDR
-rw------- 1 dsp dsp 2.0G Jul  9 17:10 /data/TRANSIENT_BUFFER/PDR_GULP_data000.pcap_09_07_2026_17_10_1783597246.PCAP_PDR
-rw------- 1 dsp dsp 2.0G Jul  9 17:11 /data/TRANSIENT_BUFFER/PDR_GULP_data001.pcap_09_07_2026_17_11_1783597275.PCAP_PDR
-rw------- 1 dsp dsp 2.0G Jul  9 17:11 /data/TRANSIENT_BUFFER/PDR_GULP_data002.pcap_09_07_2026_17_11_1783597304.PCAP_PDR
09-07-2026 17:12 RAW PCAP data moved from Transient Buffer.
09-07-2026 17:12 SLIP check Started ...
09-07-2026 17:12 - WARNING - Data Directory: /data/dsp/GBD_TRANSIENT_BUFFER/J1136+1551/09_07_2026
09-07-2026 17:12 - WARNING - Number of Files: 30
09-07-2026 17:12 - WARNING - Packet loss: /data/dsp/GBD_TRANSIENT_BUFFER/J1136+1551/09_07_2026/PDR_GULP_data000.pcap_09_07_2026_16_57_1783596457.PCAP_PDR
09-07-2026 17:12 - WARNING - Packet loss found .... Being fixed ... Please wait ...
09-07-2026 17:12 - WARNING - PCAP filtering ... tcpdump -r /data/dsp/GBD_TRANSIENT_BUFFER/J1136+1551/09_07_2026/PDR_GULP_data000.pcap_09_07_2026_16_57_1783596457.PCAP_PDR.pcap -w PDR_GULP_data000.pcap_09_07_2026_16_57_1783596457_filtered.PCAP_PDR.pcap  host 172.10.10.1 and port 55000 
09-07-2026 17:12 - WARNING - Patched /data/dsp/GBD_TRANSIENT_BUFFER/J1136+1551/09_07_2026/PDR_GULP_data000.pcap_09_07_2026_16_57_1783596457.PCAP_PDR as PDR_GULP_data000.pcap_09_07_2026_16_57_1783596457_filtered.PCAP_PDR
09-07-2026 17:12 - WARNING - Gulped file moved to /data/dsp/GBD_TRANSIENT_BUFFER/J1136+1551/09_07_2026/GULPED
09-07-2026 17:12 - WARNING - first_pkt_count, first_gps_count, first_pkt_Tstamp
09-07-2026 17:12 - WARNING - 3655784435 31924 2026-07-09T11:27:05.573143
09-07-2026 17:12 - WARNING - last_pkt_count, last_gps_count, last_pkt_Tstamp
09-07-2026 17:12 - WARNING - 3657666976 31953 2026-07-09T11:27:34.780421
09-07-2026 17:12 - WARNING - diff_pkt_count  , diff_gps_count ,  diff_pkt_timstamp
09-07-2026 17:12 - WARNING - 1882541 29 29207278 microseconds
09-07-2026 17:12 - WARNING - No packet loss: /data/dsp/GBD_TRANSIENT_BUFFER/J1136+1551/09_07_2026/PDR_GULP_data001.pcap_09_07_2026_16_58_1783596486.PCAP_PDR
09-07-2026 17:12 - WARNING - first_pkt_count, first_gps_count, first_pkt_Tstamp
09-07-2026 17:12 - WARNING - 3657666977 31953 2026-07-09T11:27:34.780421
09-07-2026 17:12 - WARNING - last_pkt_count, last_gps_count, last_pkt_Tstamp
09-07-2026 17:12 - WARNING - 3659549518 31982 2026-07-09T11:28:03.987946
09-07-2026 17:12 - WARNING - diff_pkt_count  , diff_gps_count ,  diff_pkt_timstamp
09-07-2026 17:12 - WARNING - 1882541 29 29207525 microseconds
09-07-2026 17:12 - WARNING - Packet loss: /data/dsp/GBD_TRANSIENT_BUFFER/J1136+1551/09_07_2026/PDR_GULP_data002.pcap_09_07_2026_16_58_1783596516.PCAP_PDR
09-07-2026 17:12 - WARNING - Packet loss found .... Being fixed ... Please wait ...
09-07-2026 17:12 - WARNING - PCAP filtering ... tcpdump -r /data/dsp/GBD_TRANSIENT_BUFFER/J1136+1551/09_07_2026/PDR_GULP_data002.pcap_09_07_2026_16_58_1783596516.PCAP_PDR.pcap -w PDR_GULP_data002.pcap_09_07_2026_16_58_1783596516_filtered.PCAP_PDR.pcap  host 172.10.10.1 and port 55000 
09-07-2026 17:12 - WARNING - Patched /data/dsp/GBD_TRANSIENT_BUFFER/J1136+1551/09_07_2026/PDR_GULP_data002.pcap_09_07_2026_16_58_1783596516.PCAP_PDR as PDR_GULP_data002.pcap_09_07_2026_16_58_1783596516_filtered.PCAP_PDR
09-07-2026 17:12 - WARNING - Gulped file moved to /data/dsp/GBD_TRANSIENT_BUFFER/J1136+1551/09_07_2026/GULPED
09-07-2026 17:12 - WARNING - first_pkt_count, first_gps_count, first_pkt_Tstamp
09-07-2026 17:12 - WARNING - 3659549519 31982 2026-07-09T11:28:03.987946
09-07-2026 17:12 - WARNING - last_pkt_count, last_gps_count, last_pkt_Tstamp
09-07-2026 17:12 - WARNING - 3661432060 32012 2026-07-09T11:28:33.195432
09-07-2026 17:12 - WARNING - diff_pkt_count  , diff_gps_count ,  diff_pkt_timstamp
09-07-2026 17:12 - WARNING - 1882541 30 29207486 microseconds
09-07-2026 17:12 - WARNING - No packet loss: /data/dsp/GBD_TRANSIENT_BUFFER/J1136+1551/09_07_2026/PDR_GULP_data000.pcap_09_07_2026_16_59_1783596545.PCAP_PDR
09-07-2026 17:12 - WARNING - first_pkt_count, first_gps_count, first_pkt_Tstamp
09-07-2026 17:12 - WARNING - 3661432061 32012 2026-07-09T11:28:33.195432
09-07-2026 17:12 - WARNING - last_pkt_count, last_gps_count, last_pkt_Tstamp
09-07-2026 17:12 - WARNING - 3663314603 32041 2026-07-09T11:29:02.403115
09-07-2026 17:12 - WARNING - diff_pkt_count  , diff_gps_count ,  diff_pkt_timstamp
09-07-2026 17:12 - WARNING - 1882542 29 29207683 microseconds
09-07-2026 17:12 - WARNING - Packet loss: /data/dsp/GBD_TRANSIENT_BUFFER/J1136+1551/09_07_2026/PDR_GULP_data001.pcap_09_07_2026_16_59_1783596574.PCAP_PDR
09-07-2026 17:12 - WARNING - Packet loss found .... Being fixed ... Please wait ...
09-07-2026 17:12 - WARNING - PCAP filtering ... tcpdump -r /data/dsp/GBD_TRANSIENT_BUFFER/J1136+1551/09_07_2026/PDR_GULP_data001.pcap_09_07_2026_16_59_1783596574.PCAP_PDR.pcap -w PDR_GULP_data001.pcap_09_07_2026_16_59_1783596574_filtered.PCAP_PDR.pcap  host 172.10.10.1 and port 55000 
09-07-2026 17:12 - WARNING - Patched /data/dsp/GBD_TRANSIENT_BUFFER/J1136+1551/09_07_2026/PDR_GULP_data001.pcap_09_07_2026_16_59_1783596574.PCAP_PDR as PDR_GULP_data001.pcap_09_07_2026_16_59_1783596574_filtered.PCAP_PDR
09-07-2026 17:12 - WARNING - Gulped file moved to /data/dsp/GBD_TRANSIENT_BUFFER/J1136+1551/09_07_2026/GULPED
09-07-2026 17:12 - WARNING - first_pkt_count, first_gps_count, first_pkt_Tstamp
09-07-2026 17:12 - WARNING - 3663314604 32041 2026-07-09T11:29:02.403115
09-07-2026 17:12 - WARNING - last_pkt_count, last_gps_count, last_pkt_Tstamp
09-07-2026 17:12 - WARNING - 3665197145 32070 2026-07-09T11:29:31.610767
09-07-2026 17:12 - WARNING - diff_pkt_count  , diff_gps_count ,  diff_pkt_timstamp
09-07-2026 17:12 - WARNING - 1882541 29 29207652 microseconds
09-07-2026 17:12 - WARNING - No packet loss: /data/dsp/GBD_TRANSIENT_BUFFER/J1136+1551/09_07_2026/PDR_GULP_data002.pcap_09_07_2026_17_00_1783596603.PCAP_PDR
09-07-2026 17:12 - WARNING - first_pkt_count, first_gps_count, first_pkt_Tstamp
09-07-2026 17:12 - WARNING - 3665197146 32070 2026-07-09T11:29:31.610767
09-07-2026 17:12 - WARNING - last_pkt_count, last_gps_count, last_pkt_Tstamp
09-07-2026 17:12 - WARNING - 3667079687 32099 2026-07-09T11:30:00.818491
09-07-2026 17:12 - WARNING - diff_pkt_count  , diff_gps_count ,  diff_pkt_timstamp
09-07-2026 17:12 - WARNING - 1882541 29 29207724 microseconds
09-07-2026 17:12 - WARNING - No packet loss: /data/dsp/GBD_TRANSIENT_BUFFER/J1136+1551/09_07_2026/PDR_GULP_data000.pcap_09_07_2026_17_00_1783596633.PCAP_PDR
09-07-2026 17:12 - WARNING - first_pkt_count, first_gps_count, first_pkt_Tstamp
09-07-2026 17:12 - WARNING - 3667079688 32099 2026-07-09T11:30:00.818492
09-07-2026 17:12 - WARNING - last_pkt_count, last_gps_count, last_pkt_Tstamp
09-07-2026 17:12 - WARNING - 3668962229 32129 2026-07-09T11:30:30.026260
09-07-2026 17:12 - WARNING - diff_pkt_count  , diff_gps_count ,  diff_pkt_timstamp
09-07-2026 17:12 - WARNING - 1882541 30 29207768 microseconds
09-07-2026 17:12 - WARNING - No packet loss: /data/dsp/GBD_TRANSIENT_BUFFER/J1136+1551/09_07_2026/PDR_GULP_data001.pcap_09_07_2026_17_01_1783596662.PCAP_PDR
09-07-2026 17:12 - WARNING - first_pkt_count, first_gps_count, first_pkt_Tstamp
09-07-2026 17:12 - WARNING - 3668962230 32129 2026-07-09T11:30:30.026260
09-07-2026 17:12 - WARNING - last_pkt_count, last_gps_count, last_pkt_Tstamp
09-07-2026 17:12 - WARNING - 3670844771 32158 2026-07-09T11:30:59.234013
09-07-2026 17:12 - WARNING - diff_pkt_count  , diff_gps_count ,  diff_pkt_timstamp
09-07-2026 17:12 - WARNING - 1882541 29 29207753 microseconds
09-07-2026 17:12 - WARNING - Packet loss: /data/dsp/GBD_TRANSIENT_BUFFER/J1136+1551/09_07_2026/PDR_GULP_data002.pcap_09_07_2026_17_01_1783596691.PCAP_PDR
09-07-2026 17:12 - WARNING - Packet loss found .... Being fixed ... Please wait ...
09-07-2026 17:12 - WARNING - PCAP filtering ... tcpdump -r /data/dsp/GBD_TRANSIENT_BUFFER/J1136+1551/09_07_2026/PDR_GULP_data002.pcap_09_07_2026_17_01_1783596691.PCAP_PDR.pcap -w PDR_GULP_data002.pcap_09_07_2026_17_01_1783596691_filtered.PCAP_PDR.pcap  host 172.10.10.1 and port 55000 
09-07-2026 17:12 - WARNING - Patched /data/dsp/GBD_TRANSIENT_BUFFER/J1136+1551/09_07_2026/PDR_GULP_data002.pcap_09_07_2026_17_01_1783596691.PCAP_PDR as PDR_GULP_data002.pcap_09_07_2026_17_01_1783596691_filtered.PCAP_PDR
09-07-2026 17:12 - WARNING - Gulped file moved to /data/dsp/GBD_TRANSIENT_BUFFER/J1136+1551/09_07_2026/GULPED
09-07-2026 17:12 - WARNING - first_pkt_count, first_gps_count, first_pkt_Tstamp
09-07-2026 17:12 - WARNING - 3670844772 32158 2026-07-09T11:30:59.234065
09-07-2026 17:12 - WARNING - last_pkt_count, last_gps_count, last_pkt_Tstamp
09-07-2026 17:12 - WARNING - 3672727313 32187 2026-07-09T11:31:28.441904
09-07-2026 17:12 - WARNING - diff_pkt_count  , diff_gps_count ,  diff_pkt_timstamp
09-07-2026 17:12 - WARNING - 1882541 29 29207839 microseconds
09-07-2026 17:12 - WARNING - No packet loss: /data/dsp/GBD_TRANSIENT_BUFFER/J1136+1551/09_07_2026/PDR_GULP_data000.pcap_09_07_2026_17_02_1783596720.PCAP_PDR
09-07-2026 17:12 - WARNING - first_pkt_count, first_gps_count, first_pkt_Tstamp
09-07-2026 17:12 - WARNING - 3672727314 32187 2026-07-09T11:31:28.441905
09-07-2026 17:12 - WARNING - last_pkt_count, last_gps_count, last_pkt_Tstamp
09-07-2026 17:12 - WARNING - 3674609855 32216 2026-07-09T11:31:57.649754
09-07-2026 17:12 - WARNING - diff_pkt_count  , diff_gps_count ,  diff_pkt_timstamp
09-07-2026 17:12 - WARNING - 1882541 29 29207849 microseconds
09-07-2026 17:12 - WARNING - No packet loss: /data/dsp/GBD_TRANSIENT_BUFFER/J1136+1551/09_07_2026/PDR_GULP_data001.pcap_09_07_2026_17_02_1783596749.PCAP_PDR
09-07-2026 17:12 - WARNING - first_pkt_count, first_gps_count, first_pkt_Tstamp
09-07-2026 17:12 - WARNING - 3674609856 32216 2026-07-09T11:31:57.649807
09-07-2026 17:12 - WARNING - last_pkt_count, last_gps_count, last_pkt_Tstamp
09-07-2026 17:12 - WARNING - 3676492398 32245 2026-07-09T11:32:26.857697
09-07-2026 17:12 - WARNING - diff_pkt_count  , diff_gps_count ,  diff_pkt_timstamp
09-07-2026 17:12 - WARNING - 1882542 29 29207890 microseconds
09-07-2026 17:12 - WARNING - No packet loss: /data/dsp/GBD_TRANSIENT_BUFFER/J1136+1551/09_07_2026/PDR_GULP_data002.pcap_09_07_2026_17_02_1783596779.PCAP_PDR
09-07-2026 17:12 - WARNING - first_pkt_count, first_gps_count, first_pkt_Tstamp
09-07-2026 17:12 - WARNING - 3676492399 32245 2026-07-09T11:32:26.857749
09-07-2026 17:12 - WARNING - last_pkt_count, last_gps_count, last_pkt_Tstamp
09-07-2026 17:12 - WARNING - 3678374940 32275 2026-07-09T11:32:56.065662
09-07-2026 17:12 - WARNING - diff_pkt_count  , diff_gps_count ,  diff_pkt_timstamp
09-07-2026 17:12 - WARNING - 1882541 30 29207913 microseconds
09-07-2026 17:12 - WARNING - No packet loss: /data/dsp/GBD_TRANSIENT_BUFFER/J1136+1551/09_07_2026/PDR_GULP_data000.pcap_09_07_2026_17_03_1783596808.PCAP_PDR
09-07-2026 17:12 - WARNING - first_pkt_count, first_gps_count, first_pkt_Tstamp
09-07-2026 17:12 - WARNING - 3678374941 32275 2026-07-09T11:32:56.065662
09-07-2026 17:12 - WARNING - last_pkt_count, last_gps_count, last_pkt_Tstamp
09-07-2026 17:12 - WARNING - 3680257482 32304 2026-07-09T11:33:25.273616
09-07-2026 17:12 - WARNING - diff_pkt_count  , diff_gps_count ,  diff_pkt_timstamp
09-07-2026 17:12 - WARNING - 1882541 29 29207954 microseconds
09-07-2026 17:12 - WARNING - No packet loss: /data/dsp/GBD_TRANSIENT_BUFFER/J1136+1551/09_07_2026/PDR_GULP_data001.pcap_09_07_2026_17_03_1783596837.PCAP_PDR
09-07-2026 17:12 - WARNING - first_pkt_count, first_gps_count, first_pkt_Tstamp
09-07-2026 17:12 - WARNING - 3680257483 32304 2026-07-09T11:33:25.273671
09-07-2026 17:12 - WARNING - last_pkt_count, last_gps_count, last_pkt_Tstamp
09-07-2026 17:12 - WARNING - 3682140024 32333 2026-07-09T11:33:54.481592
09-07-2026 17:12 - WARNING - diff_pkt_count  , diff_gps_count ,  diff_pkt_timstamp
09-07-2026 17:12 - WARNING - 1882541 29 29207921 microseconds
09-07-2026 17:12 - WARNING - No packet loss: /data/dsp/GBD_TRANSIENT_BUFFER/J1136+1551/09_07_2026/PDR_GULP_data002.pcap_09_07_2026_17_04_1783596866.PCAP_PDR
09-07-2026 17:12 - WARNING - first_pkt_count, first_gps_count, first_pkt_Tstamp
09-07-2026 17:12 - WARNING - 3682140025 32333 2026-07-09T11:33:54.481645
09-07-2026 17:12 - WARNING - last_pkt_count, last_gps_count, last_pkt_Tstamp
09-07-2026 17:12 - WARNING - 3684022566 32362 2026-07-09T11:34:23.689638
09-07-2026 17:12 - WARNING - diff_pkt_count  , diff_gps_count ,  diff_pkt_timstamp
09-07-2026 17:12 - WARNING - 1882541 29 29207993 microseconds
09-07-2026 17:12 - WARNING - No packet loss: /data/dsp/GBD_TRANSIENT_BUFFER/J1136+1551/09_07_2026/PDR_GULP_data000.pcap_09_07_2026_17_04_1783596895.PCAP_PDR
09-07-2026 17:12 - WARNING - first_pkt_count, first_gps_count, first_pkt_Tstamp
09-07-2026 17:12 - WARNING - 3684022567 32362 2026-07-09T11:34:23.689638
09-07-2026 17:12 - WARNING - last_pkt_count, last_gps_count, last_pkt_Tstamp
09-07-2026 17:12 - WARNING - 3685905109 32391 2026-07-09T11:34:52.897667
09-07-2026 17:12 - WARNING - diff_pkt_count  , diff_gps_count ,  diff_pkt_timstamp
09-07-2026 17:12 - WARNING - 1882542 29 29208029 microseconds
09-07-2026 17:12 - WARNING - No packet loss: /data/dsp/GBD_TRANSIENT_BUFFER/J1136+1551/09_07_2026/PDR_GULP_data001.pcap_09_07_2026_17_05_1783596925.PCAP_PDR
09-07-2026 17:12 - WARNING - first_pkt_count, first_gps_count, first_pkt_Tstamp
09-07-2026 17:12 - WARNING - 3685905110 32391 2026-07-09T11:34:52.897668
09-07-2026 17:12 - WARNING - last_pkt_count, last_gps_count, last_pkt_Tstamp
09-07-2026 17:12 - WARNING - 3687787651 32421 2026-07-09T11:35:22.105733
09-07-2026 17:12 - WARNING - diff_pkt_count  , diff_gps_count ,  diff_pkt_timstamp
09-07-2026 17:12 - WARNING - 1882541 30 29208065 microseconds
09-07-2026 17:12 - WARNING - Packet loss: /data/dsp/GBD_TRANSIENT_BUFFER/J1136+1551/09_07_2026/PDR_GULP_data002.pcap_09_07_2026_17_05_1783596954.PCAP_PDR
09-07-2026 17:12 - WARNING - Packet loss found .... Being fixed ... Please wait ...
09-07-2026 17:12 - WARNING - PCAP filtering ... tcpdump -r /data/dsp/GBD_TRANSIENT_BUFFER/J1136+1551/09_07_2026/PDR_GULP_data002.pcap_09_07_2026_17_05_1783596954.PCAP_PDR.pcap -w PDR_GULP_data002.pcap_09_07_2026_17_05_1783596954_filtered.PCAP_PDR.pcap  host 172.10.10.1 and port 55000 
09-07-2026 17:12 - WARNING - Patched /data/dsp/GBD_TRANSIENT_BUFFER/J1136+1551/09_07_2026/PDR_GULP_data002.pcap_09_07_2026_17_05_1783596954.PCAP_PDR as PDR_GULP_data002.pcap_09_07_2026_17_05_1783596954_filtered.PCAP_PDR
09-07-2026 17:12 - WARNING - Gulped file moved to /data/dsp/GBD_TRANSIENT_BUFFER/J1136+1551/09_07_2026/GULPED
09-07-2026 17:12 - WARNING - first_pkt_count, first_gps_count, first_pkt_Tstamp
09-07-2026 17:12 - WARNING - 3687787652 32421 2026-07-09T11:35:22.105733
09-07-2026 17:12 - WARNING - last_pkt_count, last_gps_count, last_pkt_Tstamp
09-07-2026 17:12 - WARNING - 3689670193 32450 2026-07-09T11:35:51.313768
09-07-2026 17:12 - WARNING - diff_pkt_count  , diff_gps_count ,  diff_pkt_timstamp
09-07-2026 17:12 - WARNING - 1882541 29 29208035 microseconds
09-07-2026 17:12 - WARNING - No packet loss: /data/dsp/GBD_TRANSIENT_BUFFER/J1136+1551/09_07_2026/PDR_GULP_data000.pcap_09_07_2026_17_06_1783596983.PCAP_PDR
09-07-2026 17:12 - WARNING - first_pkt_count, first_gps_count, first_pkt_Tstamp
09-07-2026 17:12 - WARNING - 3689670194 32450 2026-07-09T11:35:51.313768
09-07-2026 17:12 - WARNING - last_pkt_count, last_gps_count, last_pkt_Tstamp
09-07-2026 17:12 - WARNING - 3691552735 32479 2026-07-09T11:36:20.521859
09-07-2026 17:12 - WARNING - diff_pkt_count  , diff_gps_count ,  diff_pkt_timstamp
09-07-2026 17:12 - WARNING - 1882541 29 29208091 microseconds
09-07-2026 17:12 - WARNING - No packet loss: /data/dsp/GBD_TRANSIENT_BUFFER/J1136+1551/09_07_2026/PDR_GULP_data001.pcap_09_07_2026_17_06_1783597012.PCAP_PDR
09-07-2026 17:12 - WARNING - first_pkt_count, first_gps_count, first_pkt_Tstamp
09-07-2026 17:12 - WARNING - 3691552736 32479 2026-07-09T11:36:20.521859
09-07-2026 17:12 - WARNING - last_pkt_count, last_gps_count, last_pkt_Tstamp
09-07-2026 17:12 - WARNING - 3693435277 32508 2026-07-09T11:36:49.729913
09-07-2026 17:12 - WARNING - diff_pkt_count  , diff_gps_count ,  diff_pkt_timstamp
09-07-2026 17:12 - WARNING - 1882541 29 29208054 microseconds
09-07-2026 17:12 - WARNING - No packet loss: /data/dsp/GBD_TRANSIENT_BUFFER/J1136+1551/09_07_2026/PDR_GULP_data002.pcap_09_07_2026_17_07_1783597041.PCAP_PDR
09-07-2026 17:12 - WARNING - first_pkt_count, first_gps_count, first_pkt_Tstamp
09-07-2026 17:12 - WARNING - 3693435278 32508 2026-07-09T11:36:49.729913
09-07-2026 17:12 - WARNING - last_pkt_count, last_gps_count, last_pkt_Tstamp
09-07-2026 17:12 - WARNING - 3695317819 32537 2026-07-09T11:37:18.937986
09-07-2026 17:12 - WARNING - diff_pkt_count  , diff_gps_count ,  diff_pkt_timstamp
09-07-2026 17:12 - WARNING - 1882541 29 29208073 microseconds
09-07-2026 17:12 - WARNING - No packet loss: /data/dsp/GBD_TRANSIENT_BUFFER/J1136+1551/09_07_2026/PDR_GULP_data000.pcap_09_07_2026_17_07_1783597071.PCAP_PDR
09-07-2026 17:12 - WARNING - first_pkt_count, first_gps_count, first_pkt_Tstamp
09-07-2026 17:12 - WARNING - 3695317820 32537 2026-07-09T11:37:18.938051
09-07-2026 17:12 - WARNING - last_pkt_count, last_gps_count, last_pkt_Tstamp
09-07-2026 17:12 - WARNING - 3697200361 32567 2026-07-09T11:37:48.146080
09-07-2026 17:12 - WARNING - diff_pkt_count  , diff_gps_count ,  diff_pkt_timstamp
09-07-2026 17:12 - WARNING - 1882541 30 29208029 microseconds
09-07-2026 17:12 - WARNING - No packet loss: /data/dsp/GBD_TRANSIENT_BUFFER/J1136+1551/09_07_2026/PDR_GULP_data001.pcap_09_07_2026_17_08_1783597100.PCAP_PDR
09-07-2026 17:12 - WARNING - first_pkt_count, first_gps_count, first_pkt_Tstamp
09-07-2026 17:12 - WARNING - 3697200362 32567 2026-07-09T11:37:48.146134
09-07-2026 17:12 - WARNING - last_pkt_count, last_gps_count, last_pkt_Tstamp
09-07-2026 17:12 - WARNING - 3699082904 32596 2026-07-09T11:38:17.354243
09-07-2026 17:12 - WARNING - diff_pkt_count  , diff_gps_count ,  diff_pkt_timstamp
09-07-2026 17:12 - WARNING - 1882542 29 29208109 microseconds
09-07-2026 17:12 - WARNING - No packet loss: /data/dsp/GBD_TRANSIENT_BUFFER/J1136+1551/09_07_2026/PDR_GULP_data002.pcap_09_07_2026_17_08_1783597129.PCAP_PDR
09-07-2026 17:12 - WARNING - first_pkt_count, first_gps_count, first_pkt_Tstamp
09-07-2026 17:12 - WARNING - 3699082905 32596 2026-07-09T11:38:17.354244
09-07-2026 17:12 - WARNING - last_pkt_count, last_gps_count, last_pkt_Tstamp
09-07-2026 17:12 - WARNING - 3700965446 32625 2026-07-09T11:38:46.562367
09-07-2026 17:12 - WARNING - diff_pkt_count  , diff_gps_count ,  diff_pkt_timstamp
09-07-2026 17:12 - WARNING - 1882541 29 29208123 microseconds
09-07-2026 17:12 - WARNING - No packet loss: /data/dsp/GBD_TRANSIENT_BUFFER/J1136+1551/09_07_2026/PDR_GULP_data000.pcap_09_07_2026_17_09_1783597158.PCAP_PDR
09-07-2026 17:12 - WARNING - first_pkt_count, first_gps_count, first_pkt_Tstamp
09-07-2026 17:12 - WARNING - 3700965447 32625 2026-07-09T11:38:46.562367
09-07-2026 17:12 - WARNING - last_pkt_count, last_gps_count, last_pkt_Tstamp
09-07-2026 17:12 - WARNING - 3702847988 32654 2026-07-09T11:39:15.770498
09-07-2026 17:12 - WARNING - diff_pkt_count  , diff_gps_count ,  diff_pkt_timstamp
09-07-2026 17:12 - WARNING - 1882541 29 29208131 microseconds
09-07-2026 17:12 - WARNING - No packet loss: /data/dsp/GBD_TRANSIENT_BUFFER/J1136+1551/09_07_2026/PDR_GULP_data001.pcap_09_07_2026_17_09_1783597187.PCAP_PDR
09-07-2026 17:12 - WARNING - first_pkt_count, first_gps_count, first_pkt_Tstamp
09-07-2026 17:12 - WARNING - 3702847989 32654 2026-07-09T11:39:15.770499
09-07-2026 17:12 - WARNING - last_pkt_count, last_gps_count, last_pkt_Tstamp
09-07-2026 17:12 - WARNING - 3704730530 32683 2026-07-09T11:39:44.978598
09-07-2026 17:12 - WARNING - diff_pkt_count  , diff_gps_count ,  diff_pkt_timstamp
09-07-2026 17:12 - WARNING - 1882541 29 29208099 microseconds
09-07-2026 17:12 - WARNING - No packet loss: /data/dsp/GBD_TRANSIENT_BUFFER/J1136+1551/09_07_2026/PDR_GULP_data002.pcap_09_07_2026_17_10_1783597217.PCAP_PDR
09-07-2026 17:12 - WARNING - first_pkt_count, first_gps_count, first_pkt_Tstamp
09-07-2026 17:12 - WARNING - 3704730531 32683 2026-07-09T11:39:44.978598
09-07-2026 17:12 - WARNING - last_pkt_count, last_gps_count, last_pkt_Tstamp
09-07-2026 17:12 - WARNING - 3706613072 32713 2026-07-09T11:40:14.186760
09-07-2026 17:12 - WARNING - diff_pkt_count  , diff_gps_count ,  diff_pkt_timstamp
09-07-2026 17:12 - WARNING - 1882541 30 29208162 microseconds
09-07-2026 17:12 - WARNING - No packet loss: /data/dsp/GBD_TRANSIENT_BUFFER/J1136+1551/09_07_2026/PDR_GULP_data000.pcap_09_07_2026_17_10_1783597246.PCAP_PDR
09-07-2026 17:12 - WARNING - first_pkt_count, first_gps_count, first_pkt_Tstamp
09-07-2026 17:12 - WARNING - 3706613073 32713 2026-07-09T11:40:14.186760
09-07-2026 17:12 - WARNING - last_pkt_count, last_gps_count, last_pkt_Tstamp
09-07-2026 17:12 - WARNING - 3708495614 32742 2026-07-09T11:40:43.394842
09-07-2026 17:12 - WARNING - diff_pkt_count  , diff_gps_count ,  diff_pkt_timstamp
09-07-2026 17:12 - WARNING - 1882541 29 29208082 microseconds
09-07-2026 17:12 - WARNING - No packet loss: /data/dsp/GBD_TRANSIENT_BUFFER/J1136+1551/09_07_2026/PDR_GULP_data001.pcap_09_07_2026_17_11_1783597275.PCAP_PDR
09-07-2026 17:12 - WARNING - first_pkt_count, first_gps_count, first_pkt_Tstamp
09-07-2026 17:12 - WARNING - 3708495615 32742 2026-07-09T11:40:43.394910
09-07-2026 17:12 - WARNING - last_pkt_count, last_gps_count, last_pkt_Tstamp
09-07-2026 17:12 - WARNING - 3710378157 32771 2026-07-09T11:41:12.603034
09-07-2026 17:12 - WARNING - diff_pkt_count  , diff_gps_count ,  diff_pkt_timstamp
09-07-2026 17:12 - WARNING - 1882542 29 29208124 microseconds
09-07-2026 17:12 - WARNING - No packet loss: /data/dsp/GBD_TRANSIENT_BUFFER/J1136+1551/09_07_2026/PDR_GULP_data002.pcap_09_07_2026_17_11_1783597304.PCAP_PDR
09-07-2026 17:12 - WARNING - first_pkt_count, first_gps_count, first_pkt_Tstamp
09-07-2026 17:12 - WARNING - 3710378158 32771 2026-07-09T11:41:12.603034
09-07-2026 17:12 - WARNING - last_pkt_count, last_gps_count, last_pkt_Tstamp
09-07-2026 17:12 - WARNING - 3712260699 32800 2026-07-09T11:41:41.811154
09-07-2026 17:12 - WARNING - diff_pkt_count  , diff_gps_count ,  diff_pkt_timstamp
09-07-2026 17:12 - WARNING - 1882541 29 29208120 microseconds
09-07-2026 17:12 SLIP check Finished...
09-07-2026 17:12 Pulsar data reduction pipeline started ...
09-07-2026 17:12 - WARNING - Data Directory: /data/dsp/GBD_TRANSIENT_BUFFER/J1136+1551/09_07_2026
09-07-2026 17:12 - WARNING - Pulsar: J1136+1551
09-07-2026 17:12 - WARNING - CH selelction: 0
09-07-2026 17:12 - WARNING - Phase file: /home/dsp/PDR_acquire_setup/dada_scripts/phase/rf_path_phase.dat
09-07-2026 17:12 - WARNING - Obs. logfile: /home/dsp/PDR_acquire_setup/master_obs_log/J1136+1551_09_07_2026_observation.log
09-07-2026 17:12 - WARNING - Observation start time: 2026_07_09_16_57_34
09-07-2026 17:12 - WARNING - parfile: /home/dsp/parfiles/J1136+1551.par
09-07-2026 17:12 - WARNING - DM: 4.7839708
09-07-2026 17:12 - WARNING - Period: 1.1879172746306588
09-07-2026 17:12 - WARNING - RA_DEC: 11:36:03.0688639+15:51:17.49387
09-07-2026 17:12 - WARNING - out_dada_file: J1136+1551_2026_07_09_16_57_34_type_0.dada
09-07-2026 17:12 - WARNING - Number of files to process: 30
09-07-2026 17:12 - WARNING - Files per batch:  17
09-07-2026 17:18 - WARNING - Time taken for PDR2DADA convertion: 0:05:58.111358
09-07-2026 17:18 - WARNING - Center_freq: 175
09-07-2026 17:18 - WARNING - int_time: 3.0
09-07-2026 17:18 - WARNING - nbins: 256
09-07-2026 17:18 - WARNING - fil_chan: 256
09-07-2026 17:18 - WARNING - cpu: 2,3,4,5,6,7,8,9,10,11,12,13,14,15,16
09-07-2026 17:18 - WARNING - thread: 32
09-07-2026 17:18 - WARNING - nbit: 8
09-07-2026 17:18 - WARNING - time_avg: 0.000256
09-07-2026 17:18 - WARNING - MJD_START: 61230.47748589398
09-07-2026 17:18 - WARNING - output: J1136+1551_61230.48_175MHz_type_0_GBD_DART
09-07-2026 17:18 - WARNING - singularity_container: singularity exec /home/dsp/singularity_imag/pschive_py3.sif  
09-07-2026 17:18 - WARNING - ------ DIGIFITS ------
09-07-2026 17:18 - WARNING - ---- Search Mode FITS -------
09-07-2026 17:18 - WARNING - digifits_ful_stokes_cmd: singularity exec /home/dsp/singularity_imag/pschive_py3.sif  digifits  -F 256 -x 256 -b 8 -p 4 -t 0.000256 J1136+1551_2026_07_09_16_57_34_type_0.dada -o J1136+1551_2026_07_09_16_57_34_type_0.dada_stokes.fits
09-07-2026 17:27 - WARNING - ------ Total intensity FITS -------
09-07-2026 17:27 - WARNING - digifits_total_intensity_cmd: singularity exec /home/dsp/singularity_imag/pschive_py3.sif  digifits  -F 256 -x 256 -b 8 -p 1 -t 0.000256 J1136+1551_2026_07_09_16_57_34_type_0.dada -o J1136+1551_2026_07_09_16_57_34_type_0.dada_intensity.fits
09-07-2026 17:35 - WARNING - Nchan: 256
09-07-2026 17:35 - WARNING - Nbin: 256
09-07-2026 17:35 - WARNING - Tavg: 0.000256
09-07-2026 17:35 - WARNING - Time taken for DIGIFITS run: 0:17:27.236650
09-07-2026 17:35 - WARNING - ------ DSPSR ------
09-07-2026 17:35 - WARNING - ------- Coherent Dedispersion Folded archive -------
09-07-2026 17:35 - WARNING - dspsr_cmd: singularity exec /home/dsp/singularity_imag/pschive_py3.sif  dspsr J1136+1551_2026_07_09_16_57_34_type_0.dada -cpu 2,3,4,5,6,7,8,9,10,11,12,13,14,15,16 -t 32 -E /home/dsp/parfiles/J1136+1551.par -L 3.0 -b 256 -F 256:D -N J1136+1551 -a PSRFITS -A -e .fits -O J1136+1551_61230.48_175MHz_type_0_GBD_DART
09-07-2026 17:38 - WARNING - ------- Incoherent Dedispersion Folded archive -------
09-07-2026 17:38 - WARNING - Incoherent_DD_dspsr_cmd: singularity exec /home/dsp/singularity_imag/pschive_py3.sif  dspsr J1136+1551_2026_07_09_16_57_34_type_0.dada_stokes.fits -cpu 2,3,4,5,6,7,8,9,10,11,12,13,14,15,16 -t 32 -E /home/dsp/parfiles/J1136+1551.par -L 3.0 -b 256 -N J1136+1551 -A -e .fits -O J1136+1551_61230.48_175MHz_type_0_GBD_DART_stokes_Incoherent_DD
09-07-2026 17:38 - WARNING - Time taken for DSPSR run: 0:02:50.252274
09-07-2026 17:38 - WARNING - ------ PSREDIT ------
09-07-2026 17:38 - WARNING - psredit_cmd: singularity exec /home/dsp/singularity_imag/pschive_py3.sif  psredit -c name=J1136+1551,be:name=GSB,coord=11:36:03.0688639+15:51:17.49387 -m *_GBD_DART*fits
09-07-2026 17:38 - WARNING - Time taken for PSREDIT run: 0:00:03.579257
09-07-2026 17:38 - WARNING - ------ Iterative RFI Cleaner ------
09-07-2026 17:38 - WARNING - Iterative_cleaner_cmd: singularity exec /home/dsp/singularity_imag/pschive_py3.sif   python3 /home/dsp/PDR_acquire_setup/iterative_cleaner.py -s 3 -c 3 -m 10 *_GBD_DART*fits
09-07-2026 17:40 - WARNING - Time taken for Iterative_cleaner run: 0:02:07.904154
09-07-2026 17:40 - WARNING - ------ PDMP ------
09-07-2026 17:40 - WARNING - pdmp_cmd1: singularity exec /home/dsp/singularity_imag/pschive_py3.sif  pdmp -dr 2 -ds 0.05 -g J1136+1551_61230.48_175MHz_type_0_GBD_DART.fits_cleaned.ar.ps/cps J1136+1551_61230.48_175MHz_type_0_GBD_DART.fits_cleaned.ar
09-07-2026 17:42 - WARNING - pdmp_cmd2: singularity exec /home/dsp/singularity_imag/pschive_py3.sif  pdmp -dr 2 -ds 0.05 -g J1136+1551_61230.48_175MHz_type_0_GBD_DART_stokes_Incoherent_DD.fits_cleaned.ar.ps/cps J1136+1551_61230.48_175MHz_type_0_GBD_DART_stokes_Incoherent_DD.fits_cleaned.ar
09-07-2026 17:44 - WARNING - Time taken for PDMP run: 0:03:37.840828
09-07-2026 17:44 - WARNING - ------ PS2PDF ------
09-07-2026 17:44 - WARNING - ps2pdf_cmd1: singularity exec /home/dsp/singularity_imag/pschive_py3.sif  ps2pdf J1136+1551_61230.48_175MHz_type_0_GBD_DART.fits_cleaned.ar.ps J1136+1551_61230.48_175MHz_type_0_GBD_DART.fits_cleaned.ar.ps.pdf
09-07-2026 17:44 - WARNING - ps2pdf_cmd2: singularity exec /home/dsp/singularity_imag/pschive_py3.sif  ps2pdf J1136+1551_61230.48_175MHz_type_0_GBD_DART_stokes_Incoherent_DD.fits_cleaned.ar.ps J1136+1551_61230.48_175MHz_type_0_GBD_DART_stokes_Incoherent_DD.fits_cleaned.ar.ps.pdf
09-07-2026 17:44 - WARNING - Time taken for PDMP run: 0:00:01.171798
09-07-2026 17:44 - WARNING - Overall time taken for data reduction: 0:32:06.363976
09-07-2026 17:44 - WARNING - J1136+1551_2026_07_09_16_57_34_type_0.dada... file removed
09-07-2026 17:44 - WARNING - All done!
09-07-2026 17:44 --- PRESTO ---
09-07-2026 17:44 singularity_container: singularity exec /home/dsp/singularity_imag/pschive_py3.sif  
09-07-2026 17:44 Filterbank to Process for PULSAR: J1136+1551 with DM:4.7839708 : J1136+1551_2026_07_09_16_57_34_type_0.dada_intensity.fits
09-07-2026 17:44 --- RFIFIND ---
09-07-2026 17:44 RFIFIND: singularity exec /home/dsp/singularity_imag/pschive_py3.sif   rfifind -time 2.0 -o J1136+1551 J1136+1551_2026_07_09_16_57_34_type_0.dada_intensity.fits
09-07-2026 17:44 --- PREPDATA ---
09-07-2026 17:44 PREPDATA: singularity exec /home/dsp/singularity_imag/pschive_py3.sif   prepdata -nobary -o J1136+1551_2026_07_09_16_57_34_type_0.dada_intensity.fits -dm 4.7839708 -mask J1136+1551_rfifind.mask J1136+1551_2026_07_09_16_57_34_type_0.dada_intensity.fits
09-07-2026 17:44 --- REALFFT ---
09-07-2026 17:44 REALFFT: singularity exec /home/dsp/singularity_imag/pschive_py3.sif   realfft  J1136+1551_2026_07_09_16_57_34_type_0.dada_intensity.fits.dat
09-07-2026 17:44 --- ACCELSEARCH ---
09-07-2026 17:44 ACCELSEARCH: singularity exec /home/dsp/singularity_imag/pschive_py3.sif   accelsearch -numharm 8 -zmax 8  J1136+1551_2026_07_09_16_57_34_type_0.dada_intensity.fits.fft
09-07-2026 17:45 Observation Over.
