27-07-2026 15:15 Waiting for J1136+1551 observation...
27-07-2026 15:20 Observation started...
27-07-2026 15:20 Pulsar: J1136+1551 , parfile: /home/dsp/parfiles/J1136+1551.par , DM: 59400
27-07-2026 15:20 Trigger sent to obs. PC [VELA].
27-07-2026 15:55 Acquired 80.
27-07-2026 15:55 ACQ over.
27-07-2026 15:55 Removing Trigger file from remote machine 
27-07-2026 15:55 Observation stoped.
-rw------- 1 dsp dsp 2.0G Jul 27 15:16 /data/TRANSIENT_BUFFER/PDR_GULP_data000.pcap_27_07_2026_15_16_1785145608.PCAP_PDR
-rw------- 1 dsp dsp 2.0G Jul 27 15:17 /data/TRANSIENT_BUFFER/PDR_GULP_data001.pcap_27_07_2026_15_17_1785145637.PCAP_PDR
-rw------- 1 dsp dsp 2.0G Jul 27 15:17 /data/TRANSIENT_BUFFER/PDR_GULP_data002.pcap_27_07_2026_15_17_1785145667.PCAP_PDR
-rw------- 1 dsp dsp 2.0G Jul 27 15:18 /data/TRANSIENT_BUFFER/PDR_GULP_data000.pcap_27_07_2026_15_18_1785145696.PCAP_PDR
-rw------- 1 dsp dsp 2.0G Jul 27 15:18 /data/TRANSIENT_BUFFER/PDR_GULP_data001.pcap_27_07_2026_15_18_1785145725.PCAP_PDR
-rw------- 1 dsp dsp 2.0G Jul 27 15:19 /data/TRANSIENT_BUFFER/PDR_GULP_data002.pcap_27_07_2026_15_19_1785145754.PCAP_PDR
-rw------- 1 dsp dsp 2.0G Jul 27 15:19 /data/TRANSIENT_BUFFER/PDR_GULP_data000.pcap_27_07_2026_15_19_1785145783.PCAP_PDR
-rw------- 1 dsp dsp 2.0G Jul 27 15:20 /data/TRANSIENT_BUFFER/PDR_GULP_data001.pcap_27_07_2026_15_20_1785145813.PCAP_PDR
-rw------- 1 dsp dsp 2.0G Jul 27 15:20 /data/TRANSIENT_BUFFER/PDR_GULP_data002.pcap_27_07_2026_15_20_1785145842.PCAP_PDR
-rw------- 1 dsp dsp 2.0G Jul 27 15:21 /data/TRANSIENT_BUFFER/PDR_GULP_data000.pcap_27_07_2026_15_21_1785145871.PCAP_PDR
-rw------- 1 dsp dsp 2.0G Jul 27 15:21 /data/TRANSIENT_BUFFER/PDR_GULP_data001.pcap_27_07_2026_15_21_1785145900.PCAP_PDR
-rw------- 1 dsp dsp 2.0G Jul 27 15:22 /data/TRANSIENT_BUFFER/PDR_GULP_data002.pcap_27_07_2026_15_22_1785145929.PCAP_PDR
-rw------- 1 dsp dsp 2.0G Jul 27 15:22 /data/TRANSIENT_BUFFER/PDR_GULP_data000.pcap_27_07_2026_15_22_1785145959.PCAP_PDR
-rw------- 1 dsp dsp 2.0G Jul 27 15:23 /data/TRANSIENT_BUFFER/PDR_GULP_data001.pcap_27_07_2026_15_23_1785145988.PCAP_PDR
-rw------- 1 dsp dsp 2.0G Jul 27 15:23 /data/TRANSIENT_BUFFER/PDR_GULP_data002.pcap_27_07_2026_15_23_1785146017.PCAP_PDR
-rw------- 1 dsp dsp 2.0G Jul 27 15:24 /data/TRANSIENT_BUFFER/PDR_GULP_data000.pcap_27_07_2026_15_24_1785146046.PCAP_PDR
-rw------- 1 dsp dsp 2.0G Jul 27 15:24 /data/TRANSIENT_BUFFER/PDR_GULP_data001.pcap_27_07_2026_15_24_1785146075.PCAP_PDR
-rw------- 1 dsp dsp 2.0G Jul 27 15:25 /data/TRANSIENT_BUFFER/PDR_GULP_data002.pcap_27_07_2026_15_25_1785146105.PCAP_PDR
-rw------- 1 dsp dsp 2.0G Jul 27 15:25 /data/TRANSIENT_BUFFER/PDR_GULP_data000.pcap_27_07_2026_15_25_1785146134.PCAP_PDR
-rw------- 1 dsp dsp 2.0G Jul 27 15:26 /data/TRANSIENT_BUFFER/PDR_GULP_data001.pcap_27_07_2026_15_26_1785146163.PCAP_PDR
-rw------- 1 dsp dsp 2.0G Jul 27 15:26 /data/TRANSIENT_BUFFER/PDR_GULP_data002.pcap_27_07_2026_15_26_1785146192.PCAP_PDR
-rw------- 1 dsp dsp 2.0G Jul 27 15:26 /data/TRANSIENT_BUFFER/PDR_GULP_data000.pcap_27_07_2026_15_27_1785146221.PCAP_PDR
-rw------- 1 dsp dsp 2.0G Jul 27 15:27 /data/TRANSIENT_BUFFER/PDR_GULP_data001.pcap_27_07_2026_15_27_1785146251.PCAP_PDR
-rw------- 1 dsp dsp 2.0G Jul 27 15:27 /data/TRANSIENT_BUFFER/PDR_GULP_data002.pcap_27_07_2026_15_28_1785146280.PCAP_PDR
-rw------- 1 dsp dsp 2.0G Jul 27 15:28 /data/TRANSIENT_BUFFER/PDR_GULP_data000.pcap_27_07_2026_15_28_1785146309.PCAP_PDR
-rw------- 1 dsp dsp 2.0G Jul 27 15:28 /data/TRANSIENT_BUFFER/PDR_GULP_data001.pcap_27_07_2026_15_28_1785146338.PCAP_PDR
-rw------- 1 dsp dsp 2.0G Jul 27 15:29 /data/TRANSIENT_BUFFER/PDR_GULP_data002.pcap_27_07_2026_15_29_1785146368.PCAP_PDR
-rw------- 1 dsp dsp 2.0G Jul 27 15:29 /data/TRANSIENT_BUFFER/PDR_GULP_data000.pcap_27_07_2026_15_29_1785146397.PCAP_PDR
-rw------- 1 dsp dsp 2.0G Jul 27 15:30 /data/TRANSIENT_BUFFER/PDR_GULP_data001.pcap_27_07_2026_15_30_1785146426.PCAP_PDR
-rw------- 1 dsp dsp 2.0G Jul 27 15:30 /data/TRANSIENT_BUFFER/PDR_GULP_data002.pcap_27_07_2026_15_30_1785146455.PCAP_PDR
-rw------- 1 dsp dsp 2.0G Jul 27 15:31 /data/TRANSIENT_BUFFER/PDR_GULP_data000.pcap_27_07_2026_15_31_1785146484.PCAP_PDR
-rw------- 1 dsp dsp 2.0G Jul 27 15:31 /data/TRANSIENT_BUFFER/PDR_GULP_data001.pcap_27_07_2026_15_31_1785146514.PCAP_PDR
-rw------- 1 dsp dsp 2.0G Jul 27 15:32 /data/TRANSIENT_BUFFER/PDR_GULP_data002.pcap_27_07_2026_15_32_1785146543.PCAP_PDR
-rw------- 1 dsp dsp 2.0G Jul 27 15:32 /data/TRANSIENT_BUFFER/PDR_GULP_data000.pcap_27_07_2026_15_32_1785146572.PCAP_PDR
-rw------- 1 dsp dsp 2.0G Jul 27 15:33 /data/TRANSIENT_BUFFER/PDR_GULP_data001.pcap_27_07_2026_15_33_1785146601.PCAP_PDR
-rw------- 1 dsp dsp 2.0G Jul 27 15:33 /data/TRANSIENT_BUFFER/PDR_GULP_data002.pcap_27_07_2026_15_33_1785146630.PCAP_PDR
-rw------- 1 dsp dsp 2.0G Jul 27 15:34 /data/TRANSIENT_BUFFER/PDR_GULP_data000.pcap_27_07_2026_15_34_1785146660.PCAP_PDR
-rw------- 1 dsp dsp 2.0G Jul 27 15:34 /data/TRANSIENT_BUFFER/PDR_GULP_data001.pcap_27_07_2026_15_34_1785146689.PCAP_PDR
-rw------- 1 dsp dsp 2.0G Jul 27 15:35 /data/TRANSIENT_BUFFER/PDR_GULP_data002.pcap_27_07_2026_15_35_1785146718.PCAP_PDR
-rw------- 1 dsp dsp 2.0G Jul 27 15:35 /data/TRANSIENT_BUFFER/PDR_GULP_data000.pcap_27_07_2026_15_35_1785146747.PCAP_PDR
-rw------- 1 dsp dsp 2.0G Jul 27 15:36 /data/TRANSIENT_BUFFER/PDR_GULP_data001.pcap_27_07_2026_15_36_1785146776.PCAP_PDR
-rw------- 1 dsp dsp 2.0G Jul 27 15:36 /data/TRANSIENT_BUFFER/PDR_GULP_data002.pcap_27_07_2026_15_36_1785146806.PCAP_PDR
-rw------- 1 dsp dsp 2.0G Jul 27 15:37 /data/TRANSIENT_BUFFER/PDR_GULP_data000.pcap_27_07_2026_15_37_1785146835.PCAP_PDR
-rw------- 1 dsp dsp 2.0G Jul 27 15:37 /data/TRANSIENT_BUFFER/PDR_GULP_data001.pcap_27_07_2026_15_37_1785146864.PCAP_PDR
-rw------- 1 dsp dsp 2.0G Jul 27 15:38 /data/TRANSIENT_BUFFER/PDR_GULP_data002.pcap_27_07_2026_15_38_1785146893.PCAP_PDR
-rw------- 1 dsp dsp 2.0G Jul 27 15:38 /data/TRANSIENT_BUFFER/PDR_GULP_data000.pcap_27_07_2026_15_38_1785146922.PCAP_PDR
-rw------- 1 dsp dsp 2.0G Jul 27 15:39 /data/TRANSIENT_BUFFER/PDR_GULP_data001.pcap_27_07_2026_15_39_1785146952.PCAP_PDR
-rw------- 1 dsp dsp 2.0G Jul 27 15:39 /data/TRANSIENT_BUFFER/PDR_GULP_data002.pcap_27_07_2026_15_39_1785146981.PCAP_PDR
-rw------- 1 dsp dsp 2.0G Jul 27 15:40 /data/TRANSIENT_BUFFER/PDR_GULP_data000.pcap_27_07_2026_15_40_1785147010.PCAP_PDR
-rw------- 1 dsp dsp 2.0G Jul 27 15:40 /data/TRANSIENT_BUFFER/PDR_GULP_data001.pcap_27_07_2026_15_40_1785147039.PCAP_PDR
-rw------- 1 dsp dsp 2.0G Jul 27 15:41 /data/TRANSIENT_BUFFER/PDR_GULP_data002.pcap_27_07_2026_15_41_1785147068.PCAP_PDR
-rw------- 1 dsp dsp 2.0G Jul 27 15:41 /data/TRANSIENT_BUFFER/PDR_GULP_data000.pcap_27_07_2026_15_41_1785147098.PCAP_PDR
-rw------- 1 dsp dsp 2.0G Jul 27 15:42 /data/TRANSIENT_BUFFER/PDR_GULP_data001.pcap_27_07_2026_15_42_1785147127.PCAP_PDR
-rw------- 1 dsp dsp 2.0G Jul 27 15:42 /data/TRANSIENT_BUFFER/PDR_GULP_data002.pcap_27_07_2026_15_42_1785147156.PCAP_PDR
-rw------- 1 dsp dsp 2.0G Jul 27 15:43 /data/TRANSIENT_BUFFER/PDR_GULP_data000.pcap_27_07_2026_15_43_1785147185.PCAP_PDR
-rw------- 1 dsp dsp 2.0G Jul 27 15:43 /data/TRANSIENT_BUFFER/PDR_GULP_data001.pcap_27_07_2026_15_43_1785147215.PCAP_PDR
-rw------- 1 dsp dsp 2.0G Jul 27 15:44 /data/TRANSIENT_BUFFER/PDR_GULP_data002.pcap_27_07_2026_15_44_1785147244.PCAP_PDR
-rw------- 1 dsp dsp 2.0G Jul 27 15:44 /data/TRANSIENT_BUFFER/PDR_GULP_data000.pcap_27_07_2026_15_44_1785147273.PCAP_PDR
-rw------- 1 dsp dsp 2.0G Jul 27 15:44 /data/TRANSIENT_BUFFER/PDR_GULP_data001.pcap_27_07_2026_15_45_1785147302.PCAP_PDR
-rw------- 1 dsp dsp 2.0G Jul 27 15:45 /data/TRANSIENT_BUFFER/PDR_GULP_data002.pcap_27_07_2026_15_45_1785147331.PCAP_PDR
-rw------- 1 dsp dsp 2.0G Jul 27 15:45 /data/TRANSIENT_BUFFER/PDR_GULP_data000.pcap_27_07_2026_15_46_1785147361.PCAP_PDR
-rw------- 1 dsp dsp 2.0G Jul 27 15:46 /data/TRANSIENT_BUFFER/PDR_GULP_data001.pcap_27_07_2026_15_46_1785147390.PCAP_PDR
-rw------- 1 dsp dsp 2.0G Jul 27 15:46 /data/TRANSIENT_BUFFER/PDR_GULP_data002.pcap_27_07_2026_15_46_1785147419.PCAP_PDR
-rw------- 1 dsp dsp 2.0G Jul 27 15:47 /data/TRANSIENT_BUFFER/PDR_GULP_data000.pcap_27_07_2026_15_47_1785147448.PCAP_PDR
-rw------- 1 dsp dsp 2.0G Jul 27 15:47 /data/TRANSIENT_BUFFER/PDR_GULP_data001.pcap_27_07_2026_15_47_1785147477.PCAP_PDR
-rw------- 1 dsp dsp 2.0G Jul 27 15:48 /data/TRANSIENT_BUFFER/PDR_GULP_data002.pcap_27_07_2026_15_48_1785147507.PCAP_PDR
-rw------- 1 dsp dsp 2.0G Jul 27 15:48 /data/TRANSIENT_BUFFER/PDR_GULP_data000.pcap_27_07_2026_15_48_1785147536.PCAP_PDR
-rw------- 1 dsp dsp 2.0G Jul 27 15:49 /data/TRANSIENT_BUFFER/PDR_GULP_data001.pcap_27_07_2026_15_49_1785147565.PCAP_PDR
-rw------- 1 dsp dsp 2.0G Jul 27 15:49 /data/TRANSIENT_BUFFER/PDR_GULP_data002.pcap_27_07_2026_15_49_1785147594.PCAP_PDR
-rw------- 1 dsp dsp 2.0G Jul 27 15:50 /data/TRANSIENT_BUFFER/PDR_GULP_data000.pcap_27_07_2026_15_50_1785147623.PCAP_PDR
-rw------- 1 dsp dsp 2.0G Jul 27 15:50 /data/TRANSIENT_BUFFER/PDR_GULP_data001.pcap_27_07_2026_15_50_1785147653.PCAP_PDR
-rw------- 1 dsp dsp 2.0G Jul 27 15:51 /data/TRANSIENT_BUFFER/PDR_GULP_data002.pcap_27_07_2026_15_51_1785147682.PCAP_PDR
-rw------- 1 dsp dsp 2.0G Jul 27 15:51 /data/TRANSIENT_BUFFER/PDR_GULP_data000.pcap_27_07_2026_15_51_1785147711.PCAP_PDR
-rw------- 1 dsp dsp 2.0G Jul 27 15:52 /data/TRANSIENT_BUFFER/PDR_GULP_data001.pcap_27_07_2026_15_52_1785147740.PCAP_PDR
-rw------- 1 dsp dsp 2.0G Jul 27 15:52 /data/TRANSIENT_BUFFER/PDR_GULP_data002.pcap_27_07_2026_15_52_1785147769.PCAP_PDR
-rw------- 1 dsp dsp 2.0G Jul 27 15:53 /data/TRANSIENT_BUFFER/PDR_GULP_data000.pcap_27_07_2026_15_53_1785147799.PCAP_PDR
-rw------- 1 dsp dsp 2.0G Jul 27 15:53 /data/TRANSIENT_BUFFER/PDR_GULP_data001.pcap_27_07_2026_15_53_1785147828.PCAP_PDR
-rw------- 1 dsp dsp 2.0G Jul 27 15:54 /data/TRANSIENT_BUFFER/PDR_GULP_data002.pcap_27_07_2026_15_54_1785147857.PCAP_PDR
-rw------- 1 dsp dsp 2.0G Jul 27 15:54 /data/TRANSIENT_BUFFER/PDR_GULP_data000.pcap_27_07_2026_15_54_1785147886.PCAP_PDR
-rw------- 1 dsp dsp 2.0G Jul 27 15:55 /data/TRANSIENT_BUFFER/PDR_GULP_data001.pcap_27_07_2026_15_55_1785147916.PCAP_PDR
27-07-2026 15:55 RAW PCAP data moved from Transient Buffer.
27-07-2026 15:55 SLIP check Started ...
27-07-2026 15:55 - WARNING - Data Directory: /data/dsp/GBD_TRANSIENT_BUFFER/J1136+1551/27_07_2026
27-07-2026 15:55 - WARNING - Number of Files: 80
27-07-2026 15:55 - WARNING - No packet loss: /data/dsp/GBD_TRANSIENT_BUFFER/J1136+1551/27_07_2026/PDR_GULP_data000.pcap_27_07_2026_15_16_1785145608.PCAP_PDR
27-07-2026 15:55 - WARNING - first_pkt_count, first_gps_count, first_pkt_Tstamp
27-07-2026 15:55 - WARNING - 238672817 9208 2026-07-27T09:46:16.390515
27-07-2026 15:55 - WARNING - last_pkt_count, last_gps_count, last_pkt_Tstamp
27-07-2026 15:55 - WARNING - 240555358 9237 2026-07-27T09:46:45.598427
27-07-2026 15:55 - WARNING - diff_pkt_count  , diff_gps_count ,  diff_pkt_timstamp
27-07-2026 15:55 - WARNING - 1882541 29 29207912 microseconds
27-07-2026 15:55 - WARNING - No packet loss: /data/dsp/GBD_TRANSIENT_BUFFER/J1136+1551/27_07_2026/PDR_GULP_data001.pcap_27_07_2026_15_17_1785145637.PCAP_PDR
27-07-2026 15:55 - WARNING - first_pkt_count, first_gps_count, first_pkt_Tstamp
27-07-2026 15:55 - WARNING - 240555359 9237 2026-07-27T09:46:45.598428
27-07-2026 15:55 - WARNING - last_pkt_count, last_gps_count, last_pkt_Tstamp
27-07-2026 15:55 - WARNING - 242437900 9266 2026-07-27T09:47:14.806245
27-07-2026 15:55 - WARNING - diff_pkt_count  , diff_gps_count ,  diff_pkt_timstamp
27-07-2026 15:55 - WARNING - 1882541 29 29207817 microseconds
27-07-2026 15:55 - WARNING - No packet loss: /data/dsp/GBD_TRANSIENT_BUFFER/J1136+1551/27_07_2026/PDR_GULP_data002.pcap_27_07_2026_15_17_1785145667.PCAP_PDR
27-07-2026 15:55 - WARNING - first_pkt_count, first_gps_count, first_pkt_Tstamp
27-07-2026 15:55 - WARNING - 242437901 9266 2026-07-27T09:47:14.806246
27-07-2026 15:55 - WARNING - last_pkt_count, last_gps_count, last_pkt_Tstamp
27-07-2026 15:55 - WARNING - 244320442 9296 2026-07-27T09:47:44.014159
27-07-2026 15:55 - WARNING - diff_pkt_count  , diff_gps_count ,  diff_pkt_timstamp
27-07-2026 15:55 - WARNING - 1882541 30 29207913 microseconds
27-07-2026 15:55 - WARNING - No packet loss: /data/dsp/GBD_TRANSIENT_BUFFER/J1136+1551/27_07_2026/PDR_GULP_data000.pcap_27_07_2026_15_18_1785145696.PCAP_PDR
27-07-2026 15:55 - WARNING - first_pkt_count, first_gps_count, first_pkt_Tstamp
27-07-2026 15:55 - WARNING - 244320443 9296 2026-07-27T09:47:44.014159
27-07-2026 15:55 - WARNING - last_pkt_count, last_gps_count, last_pkt_Tstamp
27-07-2026 15:55 - WARNING - 246202984 9325 2026-07-27T09:48:13.221992
27-07-2026 15:55 - WARNING - diff_pkt_count  , diff_gps_count ,  diff_pkt_timstamp
27-07-2026 15:55 - WARNING - 1882541 29 29207833 microseconds
27-07-2026 15:55 - WARNING - No packet loss: /data/dsp/GBD_TRANSIENT_BUFFER/J1136+1551/27_07_2026/PDR_GULP_data001.pcap_27_07_2026_15_18_1785145725.PCAP_PDR
27-07-2026 15:55 - WARNING - first_pkt_count, first_gps_count, first_pkt_Tstamp
27-07-2026 15:55 - WARNING - 246202985 9325 2026-07-27T09:48:13.221992
27-07-2026 15:55 - WARNING - last_pkt_count, last_gps_count, last_pkt_Tstamp
27-07-2026 15:55 - WARNING - 248085526 9354 2026-07-27T09:48:42.429887
27-07-2026 15:55 - WARNING - diff_pkt_count  , diff_gps_count ,  diff_pkt_timstamp
27-07-2026 15:55 - WARNING - 1882541 29 29207895 microseconds
27-07-2026 15:55 - WARNING - No packet loss: /data/dsp/GBD_TRANSIENT_BUFFER/J1136+1551/27_07_2026/PDR_GULP_data002.pcap_27_07_2026_15_19_1785145754.PCAP_PDR
27-07-2026 15:55 - WARNING - first_pkt_count, first_gps_count, first_pkt_Tstamp
27-07-2026 15:55 - WARNING - 248085527 9354 2026-07-27T09:48:42.429887
27-07-2026 15:55 - WARNING - last_pkt_count, last_gps_count, last_pkt_Tstamp
27-07-2026 15:55 - WARNING - 249968069 9383 2026-07-27T09:49:11.637717
27-07-2026 15:55 - WARNING - diff_pkt_count  , diff_gps_count ,  diff_pkt_timstamp
27-07-2026 15:55 - WARNING - 1882542 29 29207830 microseconds
27-07-2026 15:55 - WARNING - No packet loss: /data/dsp/GBD_TRANSIENT_BUFFER/J1136+1551/27_07_2026/PDR_GULP_data000.pcap_27_07_2026_15_19_1785145783.PCAP_PDR
27-07-2026 15:55 - WARNING - first_pkt_count, first_gps_count, first_pkt_Tstamp
27-07-2026 15:55 - WARNING - 249968070 9383 2026-07-27T09:49:11.637717
27-07-2026 15:55 - WARNING - last_pkt_count, last_gps_count, last_pkt_Tstamp
27-07-2026 15:55 - WARNING - 251850611 9412 2026-07-27T09:49:40.845609
27-07-2026 15:55 - WARNING - diff_pkt_count  , diff_gps_count ,  diff_pkt_timstamp
27-07-2026 15:55 - WARNING - 1882541 29 29207892 microseconds
27-07-2026 15:55 - WARNING - No packet loss: /data/dsp/GBD_TRANSIENT_BUFFER/J1136+1551/27_07_2026/PDR_GULP_data001.pcap_27_07_2026_15_20_1785145813.PCAP_PDR
27-07-2026 15:55 - WARNING - first_pkt_count, first_gps_count, first_pkt_Tstamp
27-07-2026 15:55 - WARNING - 251850612 9412 2026-07-27T09:49:40.845609
27-07-2026 15:55 - WARNING - last_pkt_count, last_gps_count, last_pkt_Tstamp
27-07-2026 15:55 - WARNING - 253733153 9442 2026-07-27T09:50:10.053455
27-07-2026 15:55 - WARNING - diff_pkt_count  , diff_gps_count ,  diff_pkt_timstamp
27-07-2026 15:55 - WARNING - 1882541 30 29207846 microseconds
27-07-2026 15:55 - WARNING - No packet loss: /data/dsp/GBD_TRANSIENT_BUFFER/J1136+1551/27_07_2026/PDR_GULP_data002.pcap_27_07_2026_15_20_1785145842.PCAP_PDR
27-07-2026 15:55 - WARNING - first_pkt_count, first_gps_count, first_pkt_Tstamp
27-07-2026 15:55 - WARNING - 253733154 9442 2026-07-27T09:50:10.053537
27-07-2026 15:55 - WARNING - last_pkt_count, last_gps_count, last_pkt_Tstamp
27-07-2026 15:55 - WARNING - 255615695 9471 2026-07-27T09:50:39.261311
27-07-2026 15:55 - WARNING - diff_pkt_count  , diff_gps_count ,  diff_pkt_timstamp
27-07-2026 15:55 - WARNING - 1882541 29 29207774 microseconds
27-07-2026 15:55 - WARNING - No packet loss: /data/dsp/GBD_TRANSIENT_BUFFER/J1136+1551/27_07_2026/PDR_GULP_data000.pcap_27_07_2026_15_21_1785145871.PCAP_PDR
27-07-2026 15:55 - WARNING - first_pkt_count, first_gps_count, first_pkt_Tstamp
27-07-2026 15:55 - WARNING - 255615696 9471 2026-07-27T09:50:39.261312
27-07-2026 15:55 - WARNING - last_pkt_count, last_gps_count, last_pkt_Tstamp
27-07-2026 15:55 - WARNING - 257498237 9500 2026-07-27T09:51:08.469190
27-07-2026 15:55 - WARNING - diff_pkt_count  , diff_gps_count ,  diff_pkt_timstamp
27-07-2026 15:55 - WARNING - 1882541 29 29207878 microseconds
27-07-2026 15:55 - WARNING - No packet loss: /data/dsp/GBD_TRANSIENT_BUFFER/J1136+1551/27_07_2026/PDR_GULP_data001.pcap_27_07_2026_15_21_1785145900.PCAP_PDR
27-07-2026 15:55 - WARNING - first_pkt_count, first_gps_count, first_pkt_Tstamp
27-07-2026 15:55 - WARNING - 257498238 9500 2026-07-27T09:51:08.469190
27-07-2026 15:55 - WARNING - last_pkt_count, last_gps_count, last_pkt_Tstamp
27-07-2026 15:55 - WARNING - 259380779 9529 2026-07-27T09:51:37.677050
27-07-2026 15:55 - WARNING - diff_pkt_count  , diff_gps_count ,  diff_pkt_timstamp
27-07-2026 15:55 - WARNING - 1882541 29 29207860 microseconds
27-07-2026 15:55 - WARNING - No packet loss: /data/dsp/GBD_TRANSIENT_BUFFER/J1136+1551/27_07_2026/PDR_GULP_data002.pcap_27_07_2026_15_22_1785145929.PCAP_PDR
27-07-2026 15:55 - WARNING - first_pkt_count, first_gps_count, first_pkt_Tstamp
27-07-2026 15:55 - WARNING - 259380780 9529 2026-07-27T09:51:37.677051
27-07-2026 15:55 - WARNING - last_pkt_count, last_gps_count, last_pkt_Tstamp
27-07-2026 15:55 - WARNING - 261263322 9558 2026-07-27T09:52:06.884925
27-07-2026 15:55 - WARNING - diff_pkt_count  , diff_gps_count ,  diff_pkt_timstamp
27-07-2026 15:55 - WARNING - 1882542 29 29207874 microseconds
27-07-2026 15:55 - WARNING - No packet loss: /data/dsp/GBD_TRANSIENT_BUFFER/J1136+1551/27_07_2026/PDR_GULP_data000.pcap_27_07_2026_15_22_1785145959.PCAP_PDR
27-07-2026 15:55 - WARNING - first_pkt_count, first_gps_count, first_pkt_Tstamp
27-07-2026 15:55 - WARNING - 261263323 9558 2026-07-27T09:52:06.884925
27-07-2026 15:55 - WARNING - last_pkt_count, last_gps_count, last_pkt_Tstamp
27-07-2026 15:55 - WARNING - 263145864 9588 2026-07-27T09:52:36.092794
27-07-2026 15:55 - WARNING - diff_pkt_count  , diff_gps_count ,  diff_pkt_timstamp
27-07-2026 15:55 - WARNING - 1882541 30 29207869 microseconds
27-07-2026 15:55 - WARNING - No packet loss: /data/dsp/GBD_TRANSIENT_BUFFER/J1136+1551/27_07_2026/PDR_GULP_data001.pcap_27_07_2026_15_23_1785145988.PCAP_PDR
27-07-2026 15:55 - WARNING - first_pkt_count, first_gps_count, first_pkt_Tstamp
27-07-2026 15:55 - WARNING - 263145865 9588 2026-07-27T09:52:36.092794
27-07-2026 15:55 - WARNING - last_pkt_count, last_gps_count, last_pkt_Tstamp
27-07-2026 15:55 - WARNING - 265028406 9617 2026-07-27T09:53:05.300659
27-07-2026 15:55 - WARNING - diff_pkt_count  , diff_gps_count ,  diff_pkt_timstamp
27-07-2026 15:55 - WARNING - 1882541 29 29207865 microseconds
27-07-2026 15:55 - WARNING - No packet loss: /data/dsp/GBD_TRANSIENT_BUFFER/J1136+1551/27_07_2026/PDR_GULP_data002.pcap_27_07_2026_15_23_1785146017.PCAP_PDR
27-07-2026 15:55 - WARNING - first_pkt_count, first_gps_count, first_pkt_Tstamp
27-07-2026 15:55 - WARNING - 265028407 9617 2026-07-27T09:53:05.300659
27-07-2026 15:55 - WARNING - last_pkt_count, last_gps_count, last_pkt_Tstamp
27-07-2026 15:55 - WARNING - 266910948 9646 2026-07-27T09:53:34.508498
27-07-2026 15:55 - WARNING - diff_pkt_count  , diff_gps_count ,  diff_pkt_timstamp
27-07-2026 15:55 - WARNING - 1882541 29 29207839 microseconds
27-07-2026 15:55 - WARNING - No packet loss: /data/dsp/GBD_TRANSIENT_BUFFER/J1136+1551/27_07_2026/PDR_GULP_data000.pcap_27_07_2026_15_24_1785146046.PCAP_PDR
27-07-2026 15:55 - WARNING - first_pkt_count, first_gps_count, first_pkt_Tstamp
27-07-2026 15:55 - WARNING - 266910949 9646 2026-07-27T09:53:34.508499
27-07-2026 15:55 - WARNING - last_pkt_count, last_gps_count, last_pkt_Tstamp
27-07-2026 15:55 - WARNING - 268793490 9675 2026-07-27T09:54:03.716345
27-07-2026 15:55 - WARNING - diff_pkt_count  , diff_gps_count ,  diff_pkt_timstamp
27-07-2026 15:55 - WARNING - 1882541 29 29207846 microseconds
27-07-2026 15:55 - WARNING - No packet loss: /data/dsp/GBD_TRANSIENT_BUFFER/J1136+1551/27_07_2026/PDR_GULP_data001.pcap_27_07_2026_15_24_1785146075.PCAP_PDR
27-07-2026 15:55 - WARNING - first_pkt_count, first_gps_count, first_pkt_Tstamp
27-07-2026 15:55 - WARNING - 268793491 9675 2026-07-27T09:54:03.716346
27-07-2026 15:55 - WARNING - last_pkt_count, last_gps_count, last_pkt_Tstamp
27-07-2026 15:55 - WARNING - 270676032 9704 2026-07-27T09:54:32.924204
27-07-2026 15:55 - WARNING - diff_pkt_count  , diff_gps_count ,  diff_pkt_timstamp
27-07-2026 15:55 - WARNING - 1882541 29 29207858 microseconds
27-07-2026 15:55 - WARNING - No packet loss: /data/dsp/GBD_TRANSIENT_BUFFER/J1136+1551/27_07_2026/PDR_GULP_data002.pcap_27_07_2026_15_25_1785146105.PCAP_PDR
27-07-2026 15:55 - WARNING - first_pkt_count, first_gps_count, first_pkt_Tstamp
27-07-2026 15:55 - WARNING - 270676033 9704 2026-07-27T09:54:32.924205
27-07-2026 15:55 - WARNING - last_pkt_count, last_gps_count, last_pkt_Tstamp
27-07-2026 15:55 - WARNING - 272558575 9734 2026-07-27T09:55:02.132067
27-07-2026 15:55 - WARNING - diff_pkt_count  , diff_gps_count ,  diff_pkt_timstamp
27-07-2026 15:55 - WARNING - 1882542 30 29207862 microseconds
27-07-2026 15:55 - WARNING - No packet loss: /data/dsp/GBD_TRANSIENT_BUFFER/J1136+1551/27_07_2026/PDR_GULP_data000.pcap_27_07_2026_15_25_1785146134.PCAP_PDR
27-07-2026 15:55 - WARNING - first_pkt_count, first_gps_count, first_pkt_Tstamp
27-07-2026 15:55 - WARNING - 272558576 9734 2026-07-27T09:55:02.132068
27-07-2026 15:55 - WARNING - last_pkt_count, last_gps_count, last_pkt_Tstamp
27-07-2026 15:55 - WARNING - 274441117 9763 2026-07-27T09:55:31.339938
27-07-2026 15:55 - WARNING - diff_pkt_count  , diff_gps_count ,  diff_pkt_timstamp
27-07-2026 15:55 - WARNING - 1882541 29 29207870 microseconds
27-07-2026 15:55 - WARNING - No packet loss: /data/dsp/GBD_TRANSIENT_BUFFER/J1136+1551/27_07_2026/PDR_GULP_data001.pcap_27_07_2026_15_26_1785146163.PCAP_PDR
27-07-2026 15:55 - WARNING - first_pkt_count, first_gps_count, first_pkt_Tstamp
27-07-2026 15:55 - WARNING - 274441118 9763 2026-07-27T09:55:31.339938
27-07-2026 15:55 - WARNING - last_pkt_count, last_gps_count, last_pkt_Tstamp
27-07-2026 15:55 - WARNING - 276323659 9792 2026-07-27T09:56:00.547757
27-07-2026 15:55 - WARNING - diff_pkt_count  , diff_gps_count ,  diff_pkt_timstamp
27-07-2026 15:55 - WARNING - 1882541 29 29207819 microseconds
27-07-2026 15:55 - WARNING - No packet loss: /data/dsp/GBD_TRANSIENT_BUFFER/J1136+1551/27_07_2026/PDR_GULP_data002.pcap_27_07_2026_15_26_1785146192.PCAP_PDR
27-07-2026 15:55 - WARNING - first_pkt_count, first_gps_count, first_pkt_Tstamp
27-07-2026 15:55 - WARNING - 276323660 9792 2026-07-27T09:56:00.547809
27-07-2026 15:55 - WARNING - last_pkt_count, last_gps_count, last_pkt_Tstamp
27-07-2026 15:55 - WARNING - 278206201 9821 2026-07-27T09:56:29.755621
27-07-2026 15:55 - WARNING - diff_pkt_count  , diff_gps_count ,  diff_pkt_timstamp
27-07-2026 15:55 - WARNING - 1882541 29 29207812 microseconds
27-07-2026 15:55 - WARNING - No packet loss: /data/dsp/GBD_TRANSIENT_BUFFER/J1136+1551/27_07_2026/PDR_GULP_data000.pcap_27_07_2026_15_27_1785146221.PCAP_PDR
27-07-2026 15:55 - WARNING - first_pkt_count, first_gps_count, first_pkt_Tstamp
27-07-2026 15:55 - WARNING - 278206202 9821 2026-07-27T09:56:29.755621
27-07-2026 15:55 - WARNING - last_pkt_count, last_gps_count, last_pkt_Tstamp
27-07-2026 15:55 - WARNING - 280088743 9850 2026-07-27T09:56:58.963472
27-07-2026 15:55 - WARNING - diff_pkt_count  , diff_gps_count ,  diff_pkt_timstamp
27-07-2026 15:55 - WARNING - 1882541 29 29207851 microseconds
27-07-2026 15:55 - WARNING - No packet loss: /data/dsp/GBD_TRANSIENT_BUFFER/J1136+1551/27_07_2026/PDR_GULP_data001.pcap_27_07_2026_15_27_1785146251.PCAP_PDR
27-07-2026 15:55 - WARNING - first_pkt_count, first_gps_count, first_pkt_Tstamp
27-07-2026 15:55 - WARNING - 280088744 9850 2026-07-27T09:56:58.963472
27-07-2026 15:55 - WARNING - last_pkt_count, last_gps_count, last_pkt_Tstamp
27-07-2026 15:55 - WARNING - 281971285 9880 2026-07-27T09:57:28.171322
27-07-2026 15:55 - WARNING - diff_pkt_count  , diff_gps_count ,  diff_pkt_timstamp
27-07-2026 15:55 - WARNING - 1882541 30 29207850 microseconds
27-07-2026 15:55 - WARNING - No packet loss: /data/dsp/GBD_TRANSIENT_BUFFER/J1136+1551/27_07_2026/PDR_GULP_data002.pcap_27_07_2026_15_28_1785146280.PCAP_PDR
27-07-2026 15:55 - WARNING - first_pkt_count, first_gps_count, first_pkt_Tstamp
27-07-2026 15:55 - WARNING - 281971286 9880 2026-07-27T09:57:28.171322
27-07-2026 15:55 - WARNING - last_pkt_count, last_gps_count, last_pkt_Tstamp
27-07-2026 15:55 - WARNING - 283853828 9909 2026-07-27T09:57:57.379196
27-07-2026 15:55 - WARNING - diff_pkt_count  , diff_gps_count ,  diff_pkt_timstamp
27-07-2026 15:55 - WARNING - 1882542 29 29207874 microseconds
27-07-2026 15:55 - WARNING - No packet loss: /data/dsp/GBD_TRANSIENT_BUFFER/J1136+1551/27_07_2026/PDR_GULP_data000.pcap_27_07_2026_15_28_1785146309.PCAP_PDR
27-07-2026 15:55 - WARNING - first_pkt_count, first_gps_count, first_pkt_Tstamp
27-07-2026 15:55 - WARNING - 283853829 9909 2026-07-27T09:57:57.379197
27-07-2026 15:55 - WARNING - last_pkt_count, last_gps_count, last_pkt_Tstamp
27-07-2026 15:55 - WARNING - 285736370 9938 2026-07-27T09:58:26.587043
27-07-2026 15:55 - WARNING - diff_pkt_count  , diff_gps_count ,  diff_pkt_timstamp
27-07-2026 15:55 - WARNING - 1882541 29 29207846 microseconds
27-07-2026 15:55 - WARNING - No packet loss: /data/dsp/GBD_TRANSIENT_BUFFER/J1136+1551/27_07_2026/PDR_GULP_data001.pcap_27_07_2026_15_28_1785146338.PCAP_PDR
27-07-2026 15:55 - WARNING - first_pkt_count, first_gps_count, first_pkt_Tstamp
27-07-2026 15:55 - WARNING - 285736371 9938 2026-07-27T09:58:26.587044
27-07-2026 15:55 - WARNING - last_pkt_count, last_gps_count, last_pkt_Tstamp
27-07-2026 15:55 - WARNING - 287618912 9967 2026-07-27T09:58:55.794882
27-07-2026 15:55 - WARNING - diff_pkt_count  , diff_gps_count ,  diff_pkt_timstamp
27-07-2026 15:55 - WARNING - 1882541 29 29207838 microseconds
27-07-2026 15:55 - WARNING - No packet loss: /data/dsp/GBD_TRANSIENT_BUFFER/J1136+1551/27_07_2026/PDR_GULP_data002.pcap_27_07_2026_15_29_1785146368.PCAP_PDR
27-07-2026 15:55 - WARNING - first_pkt_count, first_gps_count, first_pkt_Tstamp
27-07-2026 15:55 - WARNING - 287618913 9967 2026-07-27T09:58:55.794971
27-07-2026 15:55 - WARNING - last_pkt_count, last_gps_count, last_pkt_Tstamp
27-07-2026 15:55 - WARNING - 289501454 9997 2026-07-27T09:59:25.002714
27-07-2026 15:55 - WARNING - diff_pkt_count  , diff_gps_count ,  diff_pkt_timstamp
27-07-2026 15:55 - WARNING - 1882541 30 29207743 microseconds
27-07-2026 15:55 - WARNING - No packet loss: /data/dsp/GBD_TRANSIENT_BUFFER/J1136+1551/27_07_2026/PDR_GULP_data000.pcap_27_07_2026_15_29_1785146397.PCAP_PDR
27-07-2026 15:55 - WARNING - first_pkt_count, first_gps_count, first_pkt_Tstamp
27-07-2026 15:55 - WARNING - 289501455 9997 2026-07-27T09:59:25.002782
27-07-2026 15:55 - WARNING - last_pkt_count, last_gps_count, last_pkt_Tstamp
27-07-2026 15:55 - WARNING - 291383996 10026 2026-07-27T09:59:54.210597
27-07-2026 15:55 - WARNING - diff_pkt_count  , diff_gps_count ,  diff_pkt_timstamp
27-07-2026 15:55 - WARNING - 1882541 29 29207815 microseconds
27-07-2026 15:55 - WARNING - No packet loss: /data/dsp/GBD_TRANSIENT_BUFFER/J1136+1551/27_07_2026/PDR_GULP_data001.pcap_27_07_2026_15_30_1785146426.PCAP_PDR
27-07-2026 15:55 - WARNING - first_pkt_count, first_gps_count, first_pkt_Tstamp
27-07-2026 15:55 - WARNING - 291383997 10026 2026-07-27T09:59:54.210597
27-07-2026 15:55 - WARNING - last_pkt_count, last_gps_count, last_pkt_Tstamp
27-07-2026 15:55 - WARNING - 293266538 10055 2026-07-27T10:00:23.418458
27-07-2026 15:55 - WARNING - diff_pkt_count  , diff_gps_count ,  diff_pkt_timstamp
27-07-2026 15:55 - WARNING - 1882541 29 29207861 microseconds
27-07-2026 15:55 - WARNING - No packet loss: /data/dsp/GBD_TRANSIENT_BUFFER/J1136+1551/27_07_2026/PDR_GULP_data002.pcap_27_07_2026_15_30_1785146455.PCAP_PDR
27-07-2026 15:55 - WARNING - first_pkt_count, first_gps_count, first_pkt_Tstamp
27-07-2026 15:55 - WARNING - 293266539 10055 2026-07-27T10:00:23.418458
27-07-2026 15:55 - WARNING - last_pkt_count, last_gps_count, last_pkt_Tstamp
27-07-2026 15:55 - WARNING - 295149081 10084 2026-07-27T10:00:52.626315
27-07-2026 15:55 - WARNING - diff_pkt_count  , diff_gps_count ,  diff_pkt_timstamp
27-07-2026 15:55 - WARNING - 1882542 29 29207857 microseconds
27-07-2026 15:55 - WARNING - No packet loss: /data/dsp/GBD_TRANSIENT_BUFFER/J1136+1551/27_07_2026/PDR_GULP_data000.pcap_27_07_2026_15_31_1785146484.PCAP_PDR
27-07-2026 15:55 - WARNING - first_pkt_count, first_gps_count, first_pkt_Tstamp
27-07-2026 15:55 - WARNING - 295149082 10084 2026-07-27T10:00:52.626395
27-07-2026 15:55 - WARNING - last_pkt_count, last_gps_count, last_pkt_Tstamp
27-07-2026 15:55 - WARNING - 297031623 10113 2026-07-27T10:01:21.834234
27-07-2026 15:55 - WARNING - diff_pkt_count  , diff_gps_count ,  diff_pkt_timstamp
27-07-2026 15:55 - WARNING - 1882541 29 29207839 microseconds
27-07-2026 15:55 - WARNING - No packet loss: /data/dsp/GBD_TRANSIENT_BUFFER/J1136+1551/27_07_2026/PDR_GULP_data001.pcap_27_07_2026_15_31_1785146514.PCAP_PDR
27-07-2026 15:55 - WARNING - first_pkt_count, first_gps_count, first_pkt_Tstamp
27-07-2026 15:55 - WARNING - 297031624 10113 2026-07-27T10:01:21.834234
27-07-2026 15:55 - WARNING - last_pkt_count, last_gps_count, last_pkt_Tstamp
27-07-2026 15:55 - WARNING - 298914165 10143 2026-07-27T10:01:51.042030
27-07-2026 15:55 - WARNING - diff_pkt_count  , diff_gps_count ,  diff_pkt_timstamp
27-07-2026 15:55 - WARNING - 1882541 30 29207796 microseconds
27-07-2026 15:55 - WARNING - No packet loss: /data/dsp/GBD_TRANSIENT_BUFFER/J1136+1551/27_07_2026/PDR_GULP_data002.pcap_27_07_2026_15_32_1785146543.PCAP_PDR
27-07-2026 15:55 - WARNING - first_pkt_count, first_gps_count, first_pkt_Tstamp
27-07-2026 15:55 - WARNING - 298914166 10143 2026-07-27T10:01:51.042030
27-07-2026 15:55 - WARNING - last_pkt_count, last_gps_count, last_pkt_Tstamp
27-07-2026 15:55 - WARNING - 300796707 10172 2026-07-27T10:02:20.249862
27-07-2026 15:55 - WARNING - diff_pkt_count  , diff_gps_count ,  diff_pkt_timstamp
27-07-2026 15:55 - WARNING - 1882541 29 29207832 microseconds
27-07-2026 15:55 - WARNING - No packet loss: /data/dsp/GBD_TRANSIENT_BUFFER/J1136+1551/27_07_2026/PDR_GULP_data000.pcap_27_07_2026_15_32_1785146572.PCAP_PDR
27-07-2026 15:55 - WARNING - first_pkt_count, first_gps_count, first_pkt_Tstamp
27-07-2026 15:55 - WARNING - 300796708 10172 2026-07-27T10:02:20.249916
27-07-2026 15:55 - WARNING - last_pkt_count, last_gps_count, last_pkt_Tstamp
27-07-2026 15:55 - WARNING - 302679249 10201 2026-07-27T10:02:49.457691
27-07-2026 15:55 - WARNING - diff_pkt_count  , diff_gps_count ,  diff_pkt_timstamp
27-07-2026 15:55 - WARNING - 1882541 29 29207775 microseconds
27-07-2026 15:55 - WARNING - No packet loss: /data/dsp/GBD_TRANSIENT_BUFFER/J1136+1551/27_07_2026/PDR_GULP_data001.pcap_27_07_2026_15_33_1785146601.PCAP_PDR
27-07-2026 15:55 - WARNING - first_pkt_count, first_gps_count, first_pkt_Tstamp
27-07-2026 15:55 - WARNING - 302679250 10201 2026-07-27T10:02:49.457760
27-07-2026 15:55 - WARNING - last_pkt_count, last_gps_count, last_pkt_Tstamp
27-07-2026 15:55 - WARNING - 304561791 10230 2026-07-27T10:03:18.665580
27-07-2026 15:55 - WARNING - diff_pkt_count  , diff_gps_count ,  diff_pkt_timstamp
27-07-2026 15:55 - WARNING - 1882541 29 29207820 microseconds
27-07-2026 15:55 - WARNING - No packet loss: /data/dsp/GBD_TRANSIENT_BUFFER/J1136+1551/27_07_2026/PDR_GULP_data002.pcap_27_07_2026_15_33_1785146630.PCAP_PDR
27-07-2026 15:55 - WARNING - first_pkt_count, first_gps_count, first_pkt_Tstamp
27-07-2026 15:55 - WARNING - 304561792 10230 2026-07-27T10:03:18.665580
27-07-2026 15:55 - WARNING - last_pkt_count, last_gps_count, last_pkt_Tstamp
27-07-2026 15:55 - WARNING - 306444334 10259 2026-07-27T10:03:47.873415
27-07-2026 15:55 - WARNING - diff_pkt_count  , diff_gps_count ,  diff_pkt_timstamp
27-07-2026 15:55 - WARNING - 1882542 29 29207835 microseconds
27-07-2026 15:55 - WARNING - No packet loss: /data/dsp/GBD_TRANSIENT_BUFFER/J1136+1551/27_07_2026/PDR_GULP_data000.pcap_27_07_2026_15_34_1785146660.PCAP_PDR
27-07-2026 15:55 - WARNING - first_pkt_count, first_gps_count, first_pkt_Tstamp
27-07-2026 15:55 - WARNING - 306444335 10259 2026-07-27T10:03:47.873481
27-07-2026 15:55 - WARNING - last_pkt_count, last_gps_count, last_pkt_Tstamp
27-07-2026 15:55 - WARNING - 308326876 10289 2026-07-27T10:04:17.081303
27-07-2026 15:55 - WARNING - diff_pkt_count  , diff_gps_count ,  diff_pkt_timstamp
27-07-2026 15:55 - WARNING - 1882541 30 29207822 microseconds
27-07-2026 15:55 - WARNING - No packet loss: /data/dsp/GBD_TRANSIENT_BUFFER/J1136+1551/27_07_2026/PDR_GULP_data001.pcap_27_07_2026_15_34_1785146689.PCAP_PDR
27-07-2026 15:55 - WARNING - first_pkt_count, first_gps_count, first_pkt_Tstamp
27-07-2026 15:55 - WARNING - 308326877 10289 2026-07-27T10:04:17.081303
27-07-2026 15:55 - WARNING - last_pkt_count, last_gps_count, last_pkt_Tstamp
27-07-2026 15:55 - WARNING - 310209418 10318 2026-07-27T10:04:46.289139
27-07-2026 15:55 - WARNING - diff_pkt_count  , diff_gps_count ,  diff_pkt_timstamp
27-07-2026 15:55 - WARNING - 1882541 29 29207836 microseconds
27-07-2026 15:55 - WARNING - No packet loss: /data/dsp/GBD_TRANSIENT_BUFFER/J1136+1551/27_07_2026/PDR_GULP_data002.pcap_27_07_2026_15_35_1785146718.PCAP_PDR
27-07-2026 15:55 - WARNING - first_pkt_count, first_gps_count, first_pkt_Tstamp
27-07-2026 15:55 - WARNING - 310209419 10318 2026-07-27T10:04:46.289192
27-07-2026 15:55 - WARNING - last_pkt_count, last_gps_count, last_pkt_Tstamp
27-07-2026 15:55 - WARNING - 312091960 10347 2026-07-27T10:05:15.496993
27-07-2026 15:55 - WARNING - diff_pkt_count  , diff_gps_count ,  diff_pkt_timstamp
27-07-2026 15:55 - WARNING - 1882541 29 29207801 microseconds
27-07-2026 15:55 - WARNING - No packet loss: /data/dsp/GBD_TRANSIENT_BUFFER/J1136+1551/27_07_2026/PDR_GULP_data000.pcap_27_07_2026_15_35_1785146747.PCAP_PDR
27-07-2026 15:55 - WARNING - first_pkt_count, first_gps_count, first_pkt_Tstamp
27-07-2026 15:55 - WARNING - 312091961 10347 2026-07-27T10:05:15.497084
27-07-2026 15:55 - WARNING - last_pkt_count, last_gps_count, last_pkt_Tstamp
27-07-2026 15:55 - WARNING - 313974502 10376 2026-07-27T10:05:44.704861
27-07-2026 15:55 - WARNING - diff_pkt_count  , diff_gps_count ,  diff_pkt_timstamp
27-07-2026 15:55 - WARNING - 1882541 29 29207777 microseconds
27-07-2026 15:55 - WARNING - No packet loss: /data/dsp/GBD_TRANSIENT_BUFFER/J1136+1551/27_07_2026/PDR_GULP_data001.pcap_27_07_2026_15_36_1785146776.PCAP_PDR
27-07-2026 15:55 - WARNING - first_pkt_count, first_gps_count, first_pkt_Tstamp
27-07-2026 15:55 - WARNING - 313974503 10376 2026-07-27T10:05:44.704861
27-07-2026 15:55 - WARNING - last_pkt_count, last_gps_count, last_pkt_Tstamp
27-07-2026 15:55 - WARNING - 315857044 10405 2026-07-27T10:06:13.912694
27-07-2026 15:55 - WARNING - diff_pkt_count  , diff_gps_count ,  diff_pkt_timstamp
27-07-2026 15:55 - WARNING - 1882541 29 29207833 microseconds
27-07-2026 15:55 - WARNING - No packet loss: /data/dsp/GBD_TRANSIENT_BUFFER/J1136+1551/27_07_2026/PDR_GULP_data002.pcap_27_07_2026_15_36_1785146806.PCAP_PDR
27-07-2026 15:55 - WARNING - first_pkt_count, first_gps_count, first_pkt_Tstamp
27-07-2026 15:55 - WARNING - 315857045 10405 2026-07-27T10:06:13.912695
27-07-2026 15:55 - WARNING - last_pkt_count, last_gps_count, last_pkt_Tstamp
27-07-2026 15:55 - WARNING - 317739587 10435 2026-07-27T10:06:43.120603
27-07-2026 15:55 - WARNING - diff_pkt_count  , diff_gps_count ,  diff_pkt_timstamp
27-07-2026 15:55 - WARNING - 1882542 30 29207908 microseconds
27-07-2026 15:55 - WARNING - No packet loss: /data/dsp/GBD_TRANSIENT_BUFFER/J1136+1551/27_07_2026/PDR_GULP_data000.pcap_27_07_2026_15_37_1785146835.PCAP_PDR
27-07-2026 15:55 - WARNING - first_pkt_count, first_gps_count, first_pkt_Tstamp
27-07-2026 15:55 - WARNING - 317739588 10435 2026-07-27T10:06:43.120603
27-07-2026 15:55 - WARNING - last_pkt_count, last_gps_count, last_pkt_Tstamp
27-07-2026 15:55 - WARNING - 319622129 10464 2026-07-27T10:07:12.328418
27-07-2026 15:55 - WARNING - diff_pkt_count  , diff_gps_count ,  diff_pkt_timstamp
27-07-2026 15:55 - WARNING - 1882541 29 29207815 microseconds
27-07-2026 15:55 - WARNING - No packet loss: /data/dsp/GBD_TRANSIENT_BUFFER/J1136+1551/27_07_2026/PDR_GULP_data001.pcap_27_07_2026_15_37_1785146864.PCAP_PDR
27-07-2026 15:55 - WARNING - first_pkt_count, first_gps_count, first_pkt_Tstamp
27-07-2026 15:55 - WARNING - 319622130 10464 2026-07-27T10:07:12.328419
27-07-2026 15:55 - WARNING - last_pkt_count, last_gps_count, last_pkt_Tstamp
27-07-2026 15:55 - WARNING - 321504671 10493 2026-07-27T10:07:41.536311
27-07-2026 15:55 - WARNING - diff_pkt_count  , diff_gps_count ,  diff_pkt_timstamp
27-07-2026 15:55 - WARNING - 1882541 29 29207892 microseconds
27-07-2026 15:55 - WARNING - No packet loss: /data/dsp/GBD_TRANSIENT_BUFFER/J1136+1551/27_07_2026/PDR_GULP_data002.pcap_27_07_2026_15_38_1785146893.PCAP_PDR
27-07-2026 15:55 - WARNING - first_pkt_count, first_gps_count, first_pkt_Tstamp
27-07-2026 15:55 - WARNING - 321504672 10493 2026-07-27T10:07:41.536311
27-07-2026 15:55 - WARNING - last_pkt_count, last_gps_count, last_pkt_Tstamp
27-07-2026 15:55 - WARNING - 323387213 10522 2026-07-27T10:08:10.744127
27-07-2026 15:55 - WARNING - diff_pkt_count  , diff_gps_count ,  diff_pkt_timstamp
27-07-2026 15:55 - WARNING - 1882541 29 29207816 microseconds
27-07-2026 15:55 - WARNING - No packet loss: /data/dsp/GBD_TRANSIENT_BUFFER/J1136+1551/27_07_2026/PDR_GULP_data000.pcap_27_07_2026_15_38_1785146922.PCAP_PDR
27-07-2026 15:55 - WARNING - first_pkt_count, first_gps_count, first_pkt_Tstamp
27-07-2026 15:55 - WARNING - 323387214 10522 2026-07-27T10:08:10.744215
27-07-2026 15:55 - WARNING - last_pkt_count, last_gps_count, last_pkt_Tstamp
27-07-2026 15:55 - WARNING - 325269755 10551 2026-07-27T10:08:39.952010
27-07-2026 15:55 - WARNING - diff_pkt_count  , diff_gps_count ,  diff_pkt_timstamp
27-07-2026 15:55 - WARNING - 1882541 29 29207795 microseconds
27-07-2026 15:55 - WARNING - No packet loss: /data/dsp/GBD_TRANSIENT_BUFFER/J1136+1551/27_07_2026/PDR_GULP_data001.pcap_27_07_2026_15_39_1785146952.PCAP_PDR
27-07-2026 15:55 - WARNING - first_pkt_count, first_gps_count, first_pkt_Tstamp
27-07-2026 15:55 - WARNING - 325269756 10551 2026-07-27T10:08:39.952010
27-07-2026 15:55 - WARNING - last_pkt_count, last_gps_count, last_pkt_Tstamp
27-07-2026 15:55 - WARNING - 327152298 10581 2026-07-27T10:09:09.159843
27-07-2026 15:55 - WARNING - diff_pkt_count  , diff_gps_count ,  diff_pkt_timstamp
27-07-2026 15:55 - WARNING - 1882542 30 29207833 microseconds
27-07-2026 15:55 - WARNING - No packet loss: /data/dsp/GBD_TRANSIENT_BUFFER/J1136+1551/27_07_2026/PDR_GULP_data002.pcap_27_07_2026_15_39_1785146981.PCAP_PDR
27-07-2026 15:55 - WARNING - first_pkt_count, first_gps_count, first_pkt_Tstamp
27-07-2026 15:55 - WARNING - 327152299 10581 2026-07-27T10:09:09.159895
27-07-2026 15:55 - WARNING - last_pkt_count, last_gps_count, last_pkt_Tstamp
27-07-2026 15:55 - WARNING - 329034840 10610 2026-07-27T10:09:38.367730
27-07-2026 15:55 - WARNING - diff_pkt_count  , diff_gps_count ,  diff_pkt_timstamp
27-07-2026 15:55 - WARNING - 1882541 29 29207835 microseconds
27-07-2026 15:55 - WARNING - No packet loss: /data/dsp/GBD_TRANSIENT_BUFFER/J1136+1551/27_07_2026/PDR_GULP_data000.pcap_27_07_2026_15_40_1785147010.PCAP_PDR
27-07-2026 15:55 - WARNING - first_pkt_count, first_gps_count, first_pkt_Tstamp
27-07-2026 15:55 - WARNING - 329034841 10610 2026-07-27T10:09:38.367731
27-07-2026 15:55 - WARNING - last_pkt_count, last_gps_count, last_pkt_Tstamp
27-07-2026 15:55 - WARNING - 330917382 10639 2026-07-27T10:10:07.575560
27-07-2026 15:55 - WARNING - diff_pkt_count  , diff_gps_count ,  diff_pkt_timstamp
27-07-2026 15:55 - WARNING - 1882541 29 29207829 microseconds
27-07-2026 15:55 - WARNING - No packet loss: /data/dsp/GBD_TRANSIENT_BUFFER/J1136+1551/27_07_2026/PDR_GULP_data001.pcap_27_07_2026_15_40_1785147039.PCAP_PDR
27-07-2026 15:55 - WARNING - first_pkt_count, first_gps_count, first_pkt_Tstamp
27-07-2026 15:55 - WARNING - 330917383 10639 2026-07-27T10:10:07.575650
27-07-2026 15:55 - WARNING - last_pkt_count, last_gps_count, last_pkt_Tstamp
27-07-2026 15:55 - WARNING - 332799924 10668 2026-07-27T10:10:36.783405
27-07-2026 15:55 - WARNING - diff_pkt_count  , diff_gps_count ,  diff_pkt_timstamp
27-07-2026 15:55 - WARNING - 1882541 29 29207755 microseconds
27-07-2026 15:55 - WARNING - No packet loss: /data/dsp/GBD_TRANSIENT_BUFFER/J1136+1551/27_07_2026/PDR_GULP_data002.pcap_27_07_2026_15_41_1785147068.PCAP_PDR
27-07-2026 15:55 - WARNING - first_pkt_count, first_gps_count, first_pkt_Tstamp
27-07-2026 15:55 - WARNING - 332799925 10668 2026-07-27T10:10:36.783458
27-07-2026 15:55 - WARNING - last_pkt_count, last_gps_count, last_pkt_Tstamp
27-07-2026 15:55 - WARNING - 334682466 10697 2026-07-27T10:11:05.991360
27-07-2026 15:55 - WARNING - diff_pkt_count  , diff_gps_count ,  diff_pkt_timstamp
27-07-2026 15:55 - WARNING - 1882541 29 29207902 microseconds
27-07-2026 15:55 - WARNING - No packet loss: /data/dsp/GBD_TRANSIENT_BUFFER/J1136+1551/27_07_2026/PDR_GULP_data000.pcap_27_07_2026_15_41_1785147098.PCAP_PDR
27-07-2026 15:55 - WARNING - first_pkt_count, first_gps_count, first_pkt_Tstamp
27-07-2026 15:55 - WARNING - 334682467 10697 2026-07-27T10:11:05.991361
27-07-2026 15:55 - WARNING - last_pkt_count, last_gps_count, last_pkt_Tstamp
27-07-2026 15:55 - WARNING - 336565008 10727 2026-07-27T10:11:35.199102
27-07-2026 15:55 - WARNING - diff_pkt_count  , diff_gps_count ,  diff_pkt_timstamp
27-07-2026 15:55 - WARNING - 1882541 30 29207741 microseconds
27-07-2026 15:55 - WARNING - No packet loss: /data/dsp/GBD_TRANSIENT_BUFFER/J1136+1551/27_07_2026/PDR_GULP_data001.pcap_27_07_2026_15_42_1785147127.PCAP_PDR
27-07-2026 15:55 - WARNING - first_pkt_count, first_gps_count, first_pkt_Tstamp
27-07-2026 15:55 - WARNING - 336565009 10727 2026-07-27T10:11:35.199168
27-07-2026 15:55 - WARNING - last_pkt_count, last_gps_count, last_pkt_Tstamp
27-07-2026 15:55 - WARNING - 338447551 10756 2026-07-27T10:12:04.406991
27-07-2026 15:55 - WARNING - diff_pkt_count  , diff_gps_count ,  diff_pkt_timstamp
27-07-2026 15:55 - WARNING - 1882542 29 29207823 microseconds
27-07-2026 15:55 - WARNING - No packet loss: /data/dsp/GBD_TRANSIENT_BUFFER/J1136+1551/27_07_2026/PDR_GULP_data002.pcap_27_07_2026_15_42_1785147156.PCAP_PDR
27-07-2026 15:55 - WARNING - first_pkt_count, first_gps_count, first_pkt_Tstamp
27-07-2026 15:55 - WARNING - 338447552 10756 2026-07-27T10:12:04.407044
27-07-2026 15:55 - WARNING - last_pkt_count, last_gps_count, last_pkt_Tstamp
27-07-2026 15:55 - WARNING - 340330093 10785 2026-07-27T10:12:33.615084
27-07-2026 15:55 - WARNING - diff_pkt_count  , diff_gps_count ,  diff_pkt_timstamp
27-07-2026 15:55 - WARNING - 1882541 29 29208040 microseconds
27-07-2026 15:55 - WARNING - No packet loss: /data/dsp/GBD_TRANSIENT_BUFFER/J1136+1551/27_07_2026/PDR_GULP_data000.pcap_27_07_2026_15_43_1785147185.PCAP_PDR
27-07-2026 15:55 - WARNING - first_pkt_count, first_gps_count, first_pkt_Tstamp
27-07-2026 15:55 - WARNING - 340330094 10785 2026-07-27T10:12:33.615084
27-07-2026 15:55 - WARNING - last_pkt_count, last_gps_count, last_pkt_Tstamp
27-07-2026 15:55 - WARNING - 342212635 10814 2026-07-27T10:13:02.823255
27-07-2026 15:55 - WARNING - diff_pkt_count  , diff_gps_count ,  diff_pkt_timstamp
27-07-2026 15:55 - WARNING - 1882541 29 29208171 microseconds
27-07-2026 15:55 - WARNING - No packet loss: /data/dsp/GBD_TRANSIENT_BUFFER/J1136+1551/27_07_2026/PDR_GULP_data001.pcap_27_07_2026_15_43_1785147215.PCAP_PDR
27-07-2026 15:55 - WARNING - first_pkt_count, first_gps_count, first_pkt_Tstamp
27-07-2026 15:55 - WARNING - 342212636 10814 2026-07-27T10:13:02.823256
27-07-2026 15:55 - WARNING - last_pkt_count, last_gps_count, last_pkt_Tstamp
27-07-2026 15:55 - WARNING - 344095177 10844 2026-07-27T10:13:32.031509
27-07-2026 15:55 - WARNING - diff_pkt_count  , diff_gps_count ,  diff_pkt_timstamp
27-07-2026 15:55 - WARNING - 1882541 30 29208253 microseconds
27-07-2026 15:55 - WARNING - No packet loss: /data/dsp/GBD_TRANSIENT_BUFFER/J1136+1551/27_07_2026/PDR_GULP_data002.pcap_27_07_2026_15_44_1785147244.PCAP_PDR
27-07-2026 15:55 - WARNING - first_pkt_count, first_gps_count, first_pkt_Tstamp
27-07-2026 15:55 - WARNING - 344095178 10844 2026-07-27T10:13:32.031510
27-07-2026 15:55 - WARNING - last_pkt_count, last_gps_count, last_pkt_Tstamp
27-07-2026 15:55 - WARNING - 345977719 10873 2026-07-27T10:14:01.239637
27-07-2026 15:55 - WARNING - diff_pkt_count  , diff_gps_count ,  diff_pkt_timstamp
27-07-2026 15:55 - WARNING - 1882541 29 29208127 microseconds
27-07-2026 15:55 - WARNING - No packet loss: /data/dsp/GBD_TRANSIENT_BUFFER/J1136+1551/27_07_2026/PDR_GULP_data000.pcap_27_07_2026_15_44_1785147273.PCAP_PDR
27-07-2026 15:55 - WARNING - first_pkt_count, first_gps_count, first_pkt_Tstamp
27-07-2026 15:55 - WARNING - 345977720 10873 2026-07-27T10:14:01.239637
27-07-2026 15:55 - WARNING - last_pkt_count, last_gps_count, last_pkt_Tstamp
27-07-2026 15:55 - WARNING - 347860261 10902 2026-07-27T10:14:30.447807
27-07-2026 15:55 - WARNING - diff_pkt_count  , diff_gps_count ,  diff_pkt_timstamp
27-07-2026 15:55 - WARNING - 1882541 29 29208170 microseconds
27-07-2026 15:55 - WARNING - No packet loss: /data/dsp/GBD_TRANSIENT_BUFFER/J1136+1551/27_07_2026/PDR_GULP_data001.pcap_27_07_2026_15_45_1785147302.PCAP_PDR
27-07-2026 15:55 - WARNING - first_pkt_count, first_gps_count, first_pkt_Tstamp
27-07-2026 15:55 - WARNING - 347860262 10902 2026-07-27T10:14:30.447807
27-07-2026 15:55 - WARNING - last_pkt_count, last_gps_count, last_pkt_Tstamp
27-07-2026 15:55 - WARNING - 349742804 10931 2026-07-27T10:14:59.655950
27-07-2026 15:55 - WARNING - diff_pkt_count  , diff_gps_count ,  diff_pkt_timstamp
27-07-2026 15:55 - WARNING - 1882542 29 29208143 microseconds
27-07-2026 15:55 - WARNING - No packet loss: /data/dsp/GBD_TRANSIENT_BUFFER/J1136+1551/27_07_2026/PDR_GULP_data002.pcap_27_07_2026_15_45_1785147331.PCAP_PDR
27-07-2026 15:55 - WARNING - first_pkt_count, first_gps_count, first_pkt_Tstamp
27-07-2026 15:55 - WARNING - 349742805 10931 2026-07-27T10:14:59.656004
27-07-2026 15:55 - WARNING - last_pkt_count, last_gps_count, last_pkt_Tstamp
27-07-2026 15:55 - WARNING - 351625346 10960 2026-07-27T10:15:28.864144
27-07-2026 15:55 - WARNING - diff_pkt_count  , diff_gps_count ,  diff_pkt_timstamp
27-07-2026 15:55 - WARNING - 1882541 29 29208140 microseconds
27-07-2026 15:55 - WARNING - No packet loss: /data/dsp/GBD_TRANSIENT_BUFFER/J1136+1551/27_07_2026/PDR_GULP_data000.pcap_27_07_2026_15_46_1785147361.PCAP_PDR
27-07-2026 15:55 - WARNING - first_pkt_count, first_gps_count, first_pkt_Tstamp
27-07-2026 15:55 - WARNING - 351625347 10960 2026-07-27T10:15:28.864144
27-07-2026 15:55 - WARNING - last_pkt_count, last_gps_count, last_pkt_Tstamp
27-07-2026 15:55 - WARNING - 353507888 10990 2026-07-27T10:15:58.072298
27-07-2026 15:55 - WARNING - diff_pkt_count  , diff_gps_count ,  diff_pkt_timstamp
27-07-2026 15:55 - WARNING - 1882541 30 29208154 microseconds
27-07-2026 15:55 - WARNING - No packet loss: /data/dsp/GBD_TRANSIENT_BUFFER/J1136+1551/27_07_2026/PDR_GULP_data001.pcap_27_07_2026_15_46_1785147390.PCAP_PDR
27-07-2026 15:55 - WARNING - first_pkt_count, first_gps_count, first_pkt_Tstamp
27-07-2026 15:55 - WARNING - 353507889 10990 2026-07-27T10:15:58.072299
27-07-2026 15:55 - WARNING - last_pkt_count, last_gps_count, last_pkt_Tstamp
27-07-2026 15:55 - WARNING - 355390430 11019 2026-07-27T10:16:27.280378
27-07-2026 15:55 - WARNING - diff_pkt_count  , diff_gps_count ,  diff_pkt_timstamp
27-07-2026 15:55 - WARNING - 1882541 29 29208079 microseconds
27-07-2026 15:55 - WARNING - No packet loss: /data/dsp/GBD_TRANSIENT_BUFFER/J1136+1551/27_07_2026/PDR_GULP_data002.pcap_27_07_2026_15_46_1785147419.PCAP_PDR
27-07-2026 15:55 - WARNING - first_pkt_count, first_gps_count, first_pkt_Tstamp
27-07-2026 15:55 - WARNING - 355390431 11019 2026-07-27T10:16:27.280379
27-07-2026 15:55 - WARNING - last_pkt_count, last_gps_count, last_pkt_Tstamp
27-07-2026 15:55 - WARNING - 357272972 11048 2026-07-27T10:16:56.488476
27-07-2026 15:55 - WARNING - diff_pkt_count  , diff_gps_count ,  diff_pkt_timstamp
27-07-2026 15:55 - WARNING - 1882541 29 29208097 microseconds
27-07-2026 15:55 - WARNING - No packet loss: /data/dsp/GBD_TRANSIENT_BUFFER/J1136+1551/27_07_2026/PDR_GULP_data000.pcap_27_07_2026_15_47_1785147448.PCAP_PDR
27-07-2026 15:55 - WARNING - first_pkt_count, first_gps_count, first_pkt_Tstamp
27-07-2026 15:55 - WARNING - 357272973 11048 2026-07-27T10:16:56.488477
27-07-2026 15:55 - WARNING - last_pkt_count, last_gps_count, last_pkt_Tstamp
27-07-2026 15:55 - WARNING - 359155514 11077 2026-07-27T10:17:25.696616
27-07-2026 15:55 - WARNING - diff_pkt_count  , diff_gps_count ,  diff_pkt_timstamp
27-07-2026 15:55 - WARNING - 1882541 29 29208139 microseconds
27-07-2026 15:55 - WARNING - No packet loss: /data/dsp/GBD_TRANSIENT_BUFFER/J1136+1551/27_07_2026/PDR_GULP_data001.pcap_27_07_2026_15_47_1785147477.PCAP_PDR
27-07-2026 15:55 - WARNING - first_pkt_count, first_gps_count, first_pkt_Tstamp
27-07-2026 15:55 - WARNING - 359155515 11077 2026-07-27T10:17:25.696616
27-07-2026 15:55 - WARNING - last_pkt_count, last_gps_count, last_pkt_Tstamp
27-07-2026 15:55 - WARNING - 361038057 11106 2026-07-27T10:17:54.904691
27-07-2026 15:55 - WARNING - diff_pkt_count  , diff_gps_count ,  diff_pkt_timstamp
27-07-2026 15:55 - WARNING - 1882542 29 29208075 microseconds
27-07-2026 15:55 - WARNING - No packet loss: /data/dsp/GBD_TRANSIENT_BUFFER/J1136+1551/27_07_2026/PDR_GULP_data002.pcap_27_07_2026_15_48_1785147507.PCAP_PDR
27-07-2026 15:55 - WARNING - first_pkt_count, first_gps_count, first_pkt_Tstamp
27-07-2026 15:55 - WARNING - 361038058 11106 2026-07-27T10:17:54.904691
27-07-2026 15:55 - WARNING - last_pkt_count, last_gps_count, last_pkt_Tstamp
27-07-2026 15:55 - WARNING - 362920599 11136 2026-07-27T10:18:24.112738
27-07-2026 15:55 - WARNING - diff_pkt_count  , diff_gps_count ,  diff_pkt_timstamp
27-07-2026 15:55 - WARNING - 1882541 30 29208047 microseconds
27-07-2026 15:55 - WARNING - No packet loss: /data/dsp/GBD_TRANSIENT_BUFFER/J1136+1551/27_07_2026/PDR_GULP_data000.pcap_27_07_2026_15_48_1785147536.PCAP_PDR
27-07-2026 15:55 - WARNING - first_pkt_count, first_gps_count, first_pkt_Tstamp
27-07-2026 15:55 - WARNING - 362920600 11136 2026-07-27T10:18:24.112738
27-07-2026 15:55 - WARNING - last_pkt_count, last_gps_count, last_pkt_Tstamp
27-07-2026 15:55 - WARNING - 364803141 11165 2026-07-27T10:18:53.320827
27-07-2026 15:55 - WARNING - diff_pkt_count  , diff_gps_count ,  diff_pkt_timstamp
27-07-2026 15:55 - WARNING - 1882541 29 29208089 microseconds
27-07-2026 15:55 - WARNING - No packet loss: /data/dsp/GBD_TRANSIENT_BUFFER/J1136+1551/27_07_2026/PDR_GULP_data001.pcap_27_07_2026_15_49_1785147565.PCAP_PDR
27-07-2026 15:55 - WARNING - first_pkt_count, first_gps_count, first_pkt_Tstamp
27-07-2026 15:55 - WARNING - 364803142 11165 2026-07-27T10:18:53.320827
27-07-2026 15:55 - WARNING - last_pkt_count, last_gps_count, last_pkt_Tstamp
27-07-2026 15:55 - WARNING - 366685683 11194 2026-07-27T10:19:22.528923
27-07-2026 15:55 - WARNING - diff_pkt_count  , diff_gps_count ,  diff_pkt_timstamp
27-07-2026 15:55 - WARNING - 1882541 29 29208096 microseconds
27-07-2026 15:55 - WARNING - No packet loss: /data/dsp/GBD_TRANSIENT_BUFFER/J1136+1551/27_07_2026/PDR_GULP_data002.pcap_27_07_2026_15_49_1785147594.PCAP_PDR
27-07-2026 15:55 - WARNING - first_pkt_count, first_gps_count, first_pkt_Tstamp
27-07-2026 15:55 - WARNING - 366685684 11194 2026-07-27T10:19:22.528924
27-07-2026 15:55 - WARNING - last_pkt_count, last_gps_count, last_pkt_Tstamp
27-07-2026 15:55 - WARNING - 368568225 11223 2026-07-27T10:19:51.736895
27-07-2026 15:55 - WARNING - diff_pkt_count  , diff_gps_count ,  diff_pkt_timstamp
27-07-2026 15:55 - WARNING - 1882541 29 29207971 microseconds
27-07-2026 15:55 - WARNING - No packet loss: /data/dsp/GBD_TRANSIENT_BUFFER/J1136+1551/27_07_2026/PDR_GULP_data000.pcap_27_07_2026_15_50_1785147623.PCAP_PDR
27-07-2026 15:55 - WARNING - first_pkt_count, first_gps_count, first_pkt_Tstamp
27-07-2026 15:55 - WARNING - 368568226 11223 2026-07-27T10:19:51.736948
27-07-2026 15:55 - WARNING - last_pkt_count, last_gps_count, last_pkt_Tstamp
27-07-2026 15:55 - WARNING - 370450767 11252 2026-07-27T10:20:20.944933
27-07-2026 15:55 - WARNING - diff_pkt_count  , diff_gps_count ,  diff_pkt_timstamp
27-07-2026 15:55 - WARNING - 1882541 29 29207985 microseconds
27-07-2026 15:55 - WARNING - No packet loss: /data/dsp/GBD_TRANSIENT_BUFFER/J1136+1551/27_07_2026/PDR_GULP_data001.pcap_27_07_2026_15_50_1785147653.PCAP_PDR
27-07-2026 15:55 - WARNING - first_pkt_count, first_gps_count, first_pkt_Tstamp
27-07-2026 15:55 - WARNING - 370450768 11252 2026-07-27T10:20:20.945024
27-07-2026 15:55 - WARNING - last_pkt_count, last_gps_count, last_pkt_Tstamp
27-07-2026 15:55 - WARNING - 372333310 11282 2026-07-27T10:20:50.152985
27-07-2026 15:55 - WARNING - diff_pkt_count  , diff_gps_count ,  diff_pkt_timstamp
27-07-2026 15:55 - WARNING - 1882542 30 29207961 microseconds
27-07-2026 15:55 - WARNING - No packet loss: /data/dsp/GBD_TRANSIENT_BUFFER/J1136+1551/27_07_2026/PDR_GULP_data002.pcap_27_07_2026_15_51_1785147682.PCAP_PDR
27-07-2026 15:55 - WARNING - first_pkt_count, first_gps_count, first_pkt_Tstamp
27-07-2026 15:55 - WARNING - 372333311 11282 2026-07-27T10:20:50.152985
27-07-2026 15:55 - WARNING - last_pkt_count, last_gps_count, last_pkt_Tstamp
27-07-2026 15:55 - WARNING - 374215852 11311 2026-07-27T10:21:19.361008
27-07-2026 15:55 - WARNING - diff_pkt_count  , diff_gps_count ,  diff_pkt_timstamp
27-07-2026 15:55 - WARNING - 1882541 29 29208023 microseconds
27-07-2026 15:55 - WARNING - No packet loss: /data/dsp/GBD_TRANSIENT_BUFFER/J1136+1551/27_07_2026/PDR_GULP_data000.pcap_27_07_2026_15_51_1785147711.PCAP_PDR
27-07-2026 15:55 - WARNING - first_pkt_count, first_gps_count, first_pkt_Tstamp
27-07-2026 15:55 - WARNING - 374215853 11311 2026-07-27T10:21:19.361008
27-07-2026 15:55 - WARNING - last_pkt_count, last_gps_count, last_pkt_Tstamp
27-07-2026 15:55 - WARNING - 376098394 11340 2026-07-27T10:21:48.569083
27-07-2026 15:55 - WARNING - diff_pkt_count  , diff_gps_count ,  diff_pkt_timstamp
27-07-2026 15:55 - WARNING - 1882541 29 29208075 microseconds
27-07-2026 15:55 - WARNING - Packet loss: /data/dsp/GBD_TRANSIENT_BUFFER/J1136+1551/27_07_2026/PDR_GULP_data001.pcap_27_07_2026_15_52_1785147740.PCAP_PDR
27-07-2026 15:55 - WARNING - Packet loss found .... Being fixed ... Please wait ...
27-07-2026 15:55 - WARNING - PCAP filtering ... tcpdump -r /data/dsp/GBD_TRANSIENT_BUFFER/J1136+1551/27_07_2026/PDR_GULP_data001.pcap_27_07_2026_15_52_1785147740.PCAP_PDR.pcap -w PDR_GULP_data001.pcap_27_07_2026_15_52_1785147740_filtered.PCAP_PDR.pcap  host 172.10.10.1 and port 55000 
27-07-2026 15:55 - WARNING - Patched /data/dsp/GBD_TRANSIENT_BUFFER/J1136+1551/27_07_2026/PDR_GULP_data001.pcap_27_07_2026_15_52_1785147740.PCAP_PDR as PDR_GULP_data001.pcap_27_07_2026_15_52_1785147740_filtered.PCAP_PDR
27-07-2026 15:55 - WARNING - Gulped file moved to /data/dsp/GBD_TRANSIENT_BUFFER/J1136+1551/27_07_2026/GULPED
27-07-2026 15:55 - WARNING - first_pkt_count, first_gps_count, first_pkt_Tstamp
27-07-2026 15:55 - WARNING - 376098395 11340 2026-07-27T10:21:48.569083
27-07-2026 15:55 - WARNING - last_pkt_count, last_gps_count, last_pkt_Tstamp
27-07-2026 15:55 - WARNING - 377980936 11369 2026-07-27T10:22:17.777064
27-07-2026 15:55 - WARNING - diff_pkt_count  , diff_gps_count ,  diff_pkt_timstamp
27-07-2026 15:55 - WARNING - 1882541 29 29207981 microseconds
27-07-2026 15:55 - WARNING - No packet loss: /data/dsp/GBD_TRANSIENT_BUFFER/J1136+1551/27_07_2026/PDR_GULP_data002.pcap_27_07_2026_15_52_1785147769.PCAP_PDR
27-07-2026 15:55 - WARNING - first_pkt_count, first_gps_count, first_pkt_Tstamp
27-07-2026 15:55 - WARNING - 377980937 11369 2026-07-27T10:22:17.777065
27-07-2026 15:55 - WARNING - last_pkt_count, last_gps_count, last_pkt_Tstamp
27-07-2026 15:55 - WARNING - 379863478 11398 2026-07-27T10:22:46.985113
27-07-2026 15:55 - WARNING - diff_pkt_count  , diff_gps_count ,  diff_pkt_timstamp
27-07-2026 15:55 - WARNING - 1882541 29 29208048 microseconds
27-07-2026 15:55 - WARNING - No packet loss: /data/dsp/GBD_TRANSIENT_BUFFER/J1136+1551/27_07_2026/PDR_GULP_data000.pcap_27_07_2026_15_53_1785147799.PCAP_PDR
27-07-2026 15:55 - WARNING - first_pkt_count, first_gps_count, first_pkt_Tstamp
27-07-2026 15:55 - WARNING - 379863479 11398 2026-07-27T10:22:46.985114
27-07-2026 15:55 - WARNING - last_pkt_count, last_gps_count, last_pkt_Tstamp
27-07-2026 15:55 - WARNING - 381746020 11428 2026-07-27T10:23:16.193077
27-07-2026 15:55 - WARNING - diff_pkt_count  , diff_gps_count ,  diff_pkt_timstamp
27-07-2026 15:55 - WARNING - 1882541 30 29207963 microseconds
27-07-2026 15:55 - WARNING - No packet loss: /data/dsp/GBD_TRANSIENT_BUFFER/J1136+1551/27_07_2026/PDR_GULP_data001.pcap_27_07_2026_15_53_1785147828.PCAP_PDR
27-07-2026 15:55 - WARNING - first_pkt_count, first_gps_count, first_pkt_Tstamp
27-07-2026 15:55 - WARNING - 381746021 11428 2026-07-27T10:23:16.193077
27-07-2026 15:55 - WARNING - last_pkt_count, last_gps_count, last_pkt_Tstamp
27-07-2026 15:55 - WARNING - 383628562 11457 2026-07-27T10:23:45.401130
27-07-2026 15:55 - WARNING - diff_pkt_count  , diff_gps_count ,  diff_pkt_timstamp
27-07-2026 15:55 - WARNING - 1882541 29 29208053 microseconds
27-07-2026 15:55 - WARNING - No packet loss: /data/dsp/GBD_TRANSIENT_BUFFER/J1136+1551/27_07_2026/PDR_GULP_data002.pcap_27_07_2026_15_54_1785147857.PCAP_PDR
27-07-2026 15:55 - WARNING - first_pkt_count, first_gps_count, first_pkt_Tstamp
27-07-2026 15:55 - WARNING - 383628563 11457 2026-07-27T10:23:45.401130
27-07-2026 15:55 - WARNING - last_pkt_count, last_gps_count, last_pkt_Tstamp
27-07-2026 15:55 - WARNING - 385511105 11486 2026-07-27T10:24:14.609029
27-07-2026 15:55 - WARNING - diff_pkt_count  , diff_gps_count ,  diff_pkt_timstamp
27-07-2026 15:55 - WARNING - 1882542 29 29207899 microseconds
27-07-2026 15:55 - WARNING - No packet loss: /data/dsp/GBD_TRANSIENT_BUFFER/J1136+1551/27_07_2026/PDR_GULP_data000.pcap_27_07_2026_15_54_1785147886.PCAP_PDR
27-07-2026 15:55 - WARNING - first_pkt_count, first_gps_count, first_pkt_Tstamp
27-07-2026 15:55 - WARNING - 385511106 11486 2026-07-27T10:24:14.609082
27-07-2026 15:55 - WARNING - last_pkt_count, last_gps_count, last_pkt_Tstamp
27-07-2026 15:55 - WARNING - 387393647 11515 2026-07-27T10:24:43.817030
27-07-2026 15:55 - WARNING - diff_pkt_count  , diff_gps_count ,  diff_pkt_timstamp
27-07-2026 15:55 - WARNING - 1882541 29 29207948 microseconds
27-07-2026 15:55 - WARNING - No packet loss: /data/dsp/GBD_TRANSIENT_BUFFER/J1136+1551/27_07_2026/PDR_GULP_data001.pcap_27_07_2026_15_55_1785147916.PCAP_PDR
27-07-2026 15:55 - WARNING - first_pkt_count, first_gps_count, first_pkt_Tstamp
27-07-2026 15:55 - WARNING - 387393648 11515 2026-07-27T10:24:43.817030
27-07-2026 15:55 - WARNING - last_pkt_count, last_gps_count, last_pkt_Tstamp
27-07-2026 15:55 - WARNING - 389276189 11545 2026-07-27T10:25:13.025025
27-07-2026 15:55 - WARNING - diff_pkt_count  , diff_gps_count ,  diff_pkt_timstamp
27-07-2026 15:55 - WARNING - 1882541 30 29207995 microseconds
27-07-2026 15:55 SLIP check Finished...
27-07-2026 15:55 Pulsar data reduction pipeline started ...
27-07-2026 15:55 - WARNING - Data Directory: /data/dsp/GBD_TRANSIENT_BUFFER/J1136+1551/27_07_2026
27-07-2026 15:55 - WARNING - Pulsar: J1136+1551
27-07-2026 15:55 - WARNING - CH selelction: 0
27-07-2026 15:55 - WARNING - Phase file: /home/dsp/PDR_acquire_setup/dada_scripts/phase/rf_path_phase.dat
27-07-2026 15:55 - WARNING - Obs. logfile: /home/dsp/PDR_acquire_setup/master_obs_log/J1136+1551_27_07_2026_observation.log
27-07-2026 15:55 - WARNING - Observation start time: 2026_07_27_15_16_45
27-07-2026 15:55 - WARNING - parfile: /home/dsp/parfiles/J1136+1551.par
27-07-2026 15:55 - WARNING - DM: 4.7839708
27-07-2026 15:55 - WARNING - Period: 1.1879172746306588
27-07-2026 15:55 - WARNING - RA_DEC: 11:36:03.0688639+15:51:17.49387
27-07-2026 15:55 - WARNING - out_dada_file: J1136+1551_2026_07_27_15_16_45_type_0.dada
27-07-2026 15:55 - WARNING - Number of files to process: 80
27-07-2026 15:55 - WARNING - Files per batch:  17
27-07-2026 16:16 - WARNING - Time taken for PDR2DADA convertion: 0:21:01.681579
27-07-2026 16:16 - WARNING - Center_freq: 175
27-07-2026 16:16 - WARNING - int_time: 3.0
27-07-2026 16:16 - WARNING - nbins: 256
27-07-2026 16:16 - WARNING - fil_chan: 256
27-07-2026 16:16 - WARNING - cpu: 2,3,4,5,6,7,8,9,10,11,12,13,14,15,16
27-07-2026 16:16 - WARNING - thread: 32
27-07-2026 16:16 - WARNING - nbit: 8
27-07-2026 16:16 - WARNING - time_avg: 0.000256
27-07-2026 16:16 - WARNING - MJD_START: 61248.407472158775
27-07-2026 16:16 - WARNING - output: J1136+1551_61248.41_175MHz_type_0_GBD_DART
27-07-2026 16:16 - WARNING - singularity_container: singularity exec /home/dsp/singularity_imag/pschive_py3.sif  
27-07-2026 16:16 - WARNING - ------ DIGIFITS ------
27-07-2026 16:16 - WARNING - ---- Search Mode FITS -------
27-07-2026 16:16 - WARNING - digifits_ful_stokes_cmd: singularity exec /home/dsp/singularity_imag/pschive_py3.sif  digifits  -F 256 -x 256 -b 8 -p 4 -t 0.000256 J1136+1551_2026_07_27_15_16_45_type_0.dada -o J1136+1551_2026_07_27_15_16_45_type_0.dada_stokes.fits
27-07-2026 16:48 - WARNING - ------ Total intensity FITS -------
27-07-2026 16:48 - WARNING - digifits_total_intensity_cmd: singularity exec /home/dsp/singularity_imag/pschive_py3.sif  digifits  -F 256 -x 256 -b 8 -p 1 -t 0.000256 J1136+1551_2026_07_27_15_16_45_type_0.dada -o J1136+1551_2026_07_27_15_16_45_type_0.dada_intensity.fits
27-07-2026 17:10 - WARNING - Nchan: 256
27-07-2026 17:10 - WARNING - Nbin: 256
27-07-2026 17:10 - WARNING - Tavg: 0.000256
27-07-2026 17:10 - WARNING - Time taken for DIGIFITS run: 0:53:21.799166
27-07-2026 17:10 - WARNING - ------ DSPSR ------
27-07-2026 17:10 - WARNING - ------- Coherent Dedispersion Folded archive -------
27-07-2026 17:10 - WARNING - dspsr_cmd: singularity exec /home/dsp/singularity_imag/pschive_py3.sif  dspsr J1136+1551_2026_07_27_15_16_45_type_0.dada -cpu 2,3,4,5,6,7,8,9,10,11,12,13,14,15,16 -t 32 -E /home/dsp/parfiles/J1136+1551.par -L 3.0 -b 256 -F 256:D -N J1136+1551 -a PSRFITS -A -e .fits -O J1136+1551_61248.41_175MHz_type_0_GBD_DART
27-07-2026 17:18 - WARNING - ------- Incoherent Dedispersion Folded archive -------
27-07-2026 17:18 - WARNING - Incoherent_DD_dspsr_cmd: singularity exec /home/dsp/singularity_imag/pschive_py3.sif  dspsr J1136+1551_2026_07_27_15_16_45_type_0.dada_stokes.fits -cpu 2,3,4,5,6,7,8,9,10,11,12,13,14,15,16 -t 32 -E /home/dsp/parfiles/J1136+1551.par -L 3.0 -b 256 -N J1136+1551 -A -e .fits -O J1136+1551_61248.41_175MHz_type_0_GBD_DART_stokes_Incoherent_DD
27-07-2026 17:19 - WARNING - Time taken for DSPSR run: 0:08:47.060755
27-07-2026 17:19 - WARNING - ------ PSREDIT ------
27-07-2026 17:19 - WARNING - psredit_cmd: singularity exec /home/dsp/singularity_imag/pschive_py3.sif  psredit -c name=J1136+1551,be:name=GSB,coord=11:36:03.0688639+15:51:17.49387 -m *_GBD_DART*fits
27-07-2026 17:19 - WARNING - Time taken for PSREDIT run: 0:00:08.543807
27-07-2026 17:19 - WARNING - ------ Iterative RFI Cleaner ------
27-07-2026 17:19 - WARNING - Iterative_cleaner_cmd: singularity exec /home/dsp/singularity_imag/pschive_py3.sif   python3 /home/dsp/PDR_acquire_setup/iterative_cleaner.py -s 3 -c 3 -m 10 *_GBD_DART*fits
27-07-2026 17:24 - WARNING - Time taken for Iterative_cleaner run: 0:05:29.712225
27-07-2026 17:24 - WARNING - ------ PDMP ------
27-07-2026 17:24 - WARNING - pdmp_cmd1: singularity exec /home/dsp/singularity_imag/pschive_py3.sif  pdmp -dr 2 -ds 0.05 -g J1136+1551_61248.41_175MHz_type_0_GBD_DART.fits_cleaned.ar.ps/cps J1136+1551_61248.41_175MHz_type_0_GBD_DART.fits_cleaned.ar
27-07-2026 17:30 - WARNING - pdmp_cmd2: singularity exec /home/dsp/singularity_imag/pschive_py3.sif  pdmp -dr 2 -ds 0.05 -g J1136+1551_61248.41_175MHz_type_0_GBD_DART_stokes_Incoherent_DD.fits_cleaned.ar.ps/cps J1136+1551_61248.41_175MHz_type_0_GBD_DART_stokes_Incoherent_DD.fits_cleaned.ar
27-07-2026 17:36 - WARNING - Time taken for PDMP run: 0:11:23.855646
27-07-2026 17:36 - WARNING - ------ PS2PDF ------
27-07-2026 17:36 - WARNING - ps2pdf_cmd1: singularity exec /home/dsp/singularity_imag/pschive_py3.sif  ps2pdf J1136+1551_61248.41_175MHz_type_0_GBD_DART.fits_cleaned.ar.ps J1136+1551_61248.41_175MHz_type_0_GBD_DART.fits_cleaned.ar.ps.pdf
27-07-2026 17:36 - WARNING - ps2pdf_cmd2: singularity exec /home/dsp/singularity_imag/pschive_py3.sif  ps2pdf J1136+1551_61248.41_175MHz_type_0_GBD_DART_stokes_Incoherent_DD.fits_cleaned.ar.ps J1136+1551_61248.41_175MHz_type_0_GBD_DART_stokes_Incoherent_DD.fits_cleaned.ar.ps.pdf
27-07-2026 17:36 - WARNING - Time taken for PDMP run: 0:00:01.231328
27-07-2026 17:36 - WARNING - Overall time taken for data reduction: 1:40:14.568404
27-07-2026 17:36 - WARNING - J1136+1551_2026_07_27_15_16_45_type_0.dada... file removed
27-07-2026 17:36 - WARNING - All done!
27-07-2026 17:36 --- PRESTO ---
27-07-2026 17:36 singularity_container: singularity exec /home/dsp/singularity_imag/pschive_py3.sif  
27-07-2026 17:36 Filterbank to Process for PULSAR: J1136+1551 with DM:59400 : J1136+1551_2026_07_27_15_16_45_type_0.dada_intensity.fits
27-07-2026 17:36 --- RFIFIND ---
27-07-2026 17:36 RFIFIND: singularity exec /home/dsp/singularity_imag/pschive_py3.sif   rfifind -time 2.0 -o J1136+1551 J1136+1551_2026_07_27_15_16_45_type_0.dada_intensity.fits
27-07-2026 17:37 --- PREPDATA ---
27-07-2026 17:37 PREPDATA: singularity exec /home/dsp/singularity_imag/pschive_py3.sif   prepdata -nobary -o J1136+1551_2026_07_27_15_16_45_type_0.dada_intensity.fits -dm 59400 -mask J1136+1551_rfifind.mask J1136+1551_2026_07_27_15_16_45_type_0.dada_intensity.fits
27-07-2026 17:37 --- REALFFT ---
27-07-2026 17:37 REALFFT: singularity exec /home/dsp/singularity_imag/pschive_py3.sif   realfft  J1136+1551_2026_07_27_15_16_45_type_0.dada_intensity.fits.dat
27-07-2026 17:37 --- ACCELSEARCH ---
27-07-2026 17:37 ACCELSEARCH: singularity exec /home/dsp/singularity_imag/pschive_py3.sif   accelsearch -numharm 8 -zmax 8  J1136+1551_2026_07_27_15_16_45_type_0.dada_intensity.fits.fft
27-07-2026 17:37 Observation Over.
