04-07-2026 18:24 Waiting for J1313+0931 observation...
04-07-2026 18:29 Observation started...
04-07-2026 18:29 Pulsar: J1313+0931 , parfile: /home/dsp/parfiles/J1313+0931.par , DM: 12.04062
04-07-2026 18:29 Trigger sent to obs. PC [VELA].
04-07-2026 19:04 Acquired 80.
04-07-2026 19:04 ACQ over.
04-07-2026 19:04 Removing Trigger file from remote machine 
04-07-2026 19:04 Observation stoped.
-rw------- 1 dsp dsp 2.0G Jul  4 18:25 /data/TRANSIENT_BUFFER/PDR_GULP_data001.pcap_04_07_2026_18_25_1783169710.PCAP_PDR
-rw------- 1 dsp dsp 2.0G Jul  4 18:25 /data/TRANSIENT_BUFFER/PDR_GULP_data002.pcap_04_07_2026_18_25_1783169739.PCAP_PDR
-rw------- 1 dsp dsp 2.0G Jul  4 18:26 /data/TRANSIENT_BUFFER/PDR_GULP_data000.pcap_04_07_2026_18_26_1783169768.PCAP_PDR
-rw------- 1 dsp dsp 2.0G Jul  4 18:26 /data/TRANSIENT_BUFFER/PDR_GULP_data001.pcap_04_07_2026_18_26_1783169797.PCAP_PDR
-rw------- 1 dsp dsp 2.0G Jul  4 18:27 /data/TRANSIENT_BUFFER/PDR_GULP_data002.pcap_04_07_2026_18_27_1783169827.PCAP_PDR
-rw------- 1 dsp dsp 2.0G Jul  4 18:27 /data/TRANSIENT_BUFFER/PDR_GULP_data000.pcap_04_07_2026_18_27_1783169856.PCAP_PDR
-rw------- 1 dsp dsp 2.0G Jul  4 18:28 /data/TRANSIENT_BUFFER/PDR_GULP_data001.pcap_04_07_2026_18_28_1783169885.PCAP_PDR
-rw------- 1 dsp dsp 2.0G Jul  4 18:28 /data/TRANSIENT_BUFFER/PDR_GULP_data002.pcap_04_07_2026_18_28_1783169914.PCAP_PDR
-rw------- 1 dsp dsp 2.0G Jul  4 18:29 /data/TRANSIENT_BUFFER/PDR_GULP_data000.pcap_04_07_2026_18_29_1783169943.PCAP_PDR
-rw------- 1 dsp dsp 2.0G Jul  4 18:29 /data/TRANSIENT_BUFFER/PDR_GULP_data001.pcap_04_07_2026_18_29_1783169973.PCAP_PDR
-rw------- 1 dsp dsp 2.0G Jul  4 18:29 /data/TRANSIENT_BUFFER/PDR_GULP_data002.pcap_04_07_2026_18_30_1783170002.PCAP_PDR
-rw------- 1 dsp dsp 2.0G Jul  4 18:30 /data/TRANSIENT_BUFFER/PDR_GULP_data000.pcap_04_07_2026_18_30_1783170031.PCAP_PDR
-rw------- 1 dsp dsp 2.0G Jul  4 18:30 /data/TRANSIENT_BUFFER/PDR_GULP_data001.pcap_04_07_2026_18_31_1783170060.PCAP_PDR
-rw------- 1 dsp dsp 2.0G Jul  4 18:31 /data/TRANSIENT_BUFFER/PDR_GULP_data002.pcap_04_07_2026_18_31_1783170089.PCAP_PDR
-rw------- 1 dsp dsp 2.0G Jul  4 18:31 /data/TRANSIENT_BUFFER/PDR_GULP_data000.pcap_04_07_2026_18_31_1783170119.PCAP_PDR
-rw------- 1 dsp dsp 2.0G Jul  4 18:32 /data/TRANSIENT_BUFFER/PDR_GULP_data001.pcap_04_07_2026_18_32_1783170148.PCAP_PDR
-rw------- 1 dsp dsp 2.0G Jul  4 18:32 /data/TRANSIENT_BUFFER/PDR_GULP_data002.pcap_04_07_2026_18_32_1783170177.PCAP_PDR
-rw------- 1 dsp dsp 2.0G Jul  4 18:33 /data/TRANSIENT_BUFFER/PDR_GULP_data000.pcap_04_07_2026_18_33_1783170206.PCAP_PDR
-rw------- 1 dsp dsp 2.0G Jul  4 18:33 /data/TRANSIENT_BUFFER/PDR_GULP_data001.pcap_04_07_2026_18_33_1783170235.PCAP_PDR
-rw------- 1 dsp dsp 2.0G Jul  4 18:34 /data/TRANSIENT_BUFFER/PDR_GULP_data002.pcap_04_07_2026_18_34_1783170265.PCAP_PDR
-rw------- 1 dsp dsp 2.0G Jul  4 18:34 /data/TRANSIENT_BUFFER/PDR_GULP_data000.pcap_04_07_2026_18_34_1783170294.PCAP_PDR
-rw------- 1 dsp dsp 2.0G Jul  4 18:35 /data/TRANSIENT_BUFFER/PDR_GULP_data001.pcap_04_07_2026_18_35_1783170323.PCAP_PDR
-rw------- 1 dsp dsp 2.0G Jul  4 18:35 /data/TRANSIENT_BUFFER/PDR_GULP_data002.pcap_04_07_2026_18_35_1783170352.PCAP_PDR
-rw------- 1 dsp dsp 2.0G Jul  4 18:36 /data/TRANSIENT_BUFFER/PDR_GULP_data000.pcap_04_07_2026_18_36_1783170381.PCAP_PDR
-rw------- 1 dsp dsp 2.0G Jul  4 18:36 /data/TRANSIENT_BUFFER/PDR_GULP_data001.pcap_04_07_2026_18_36_1783170411.PCAP_PDR
-rw------- 1 dsp dsp 2.0G Jul  4 18:37 /data/TRANSIENT_BUFFER/PDR_GULP_data002.pcap_04_07_2026_18_37_1783170440.PCAP_PDR
-rw------- 1 dsp dsp 2.0G Jul  4 18:37 /data/TRANSIENT_BUFFER/PDR_GULP_data000.pcap_04_07_2026_18_37_1783170469.PCAP_PDR
-rw------- 1 dsp dsp 2.0G Jul  4 18:38 /data/TRANSIENT_BUFFER/PDR_GULP_data001.pcap_04_07_2026_18_38_1783170498.PCAP_PDR
-rw------- 1 dsp dsp 2.0G Jul  4 18:38 /data/TRANSIENT_BUFFER/PDR_GULP_data002.pcap_04_07_2026_18_38_1783170527.PCAP_PDR
-rw------- 1 dsp dsp 2.0G Jul  4 18:39 /data/TRANSIENT_BUFFER/PDR_GULP_data000.pcap_04_07_2026_18_39_1783170557.PCAP_PDR
-rw------- 1 dsp dsp 2.0G Jul  4 18:39 /data/TRANSIENT_BUFFER/PDR_GULP_data001.pcap_04_07_2026_18_39_1783170586.PCAP_PDR
-rw------- 1 dsp dsp 2.0G Jul  4 18:40 /data/TRANSIENT_BUFFER/PDR_GULP_data002.pcap_04_07_2026_18_40_1783170615.PCAP_PDR
-rw------- 1 dsp dsp 2.0G Jul  4 18:40 /data/TRANSIENT_BUFFER/PDR_GULP_data000.pcap_04_07_2026_18_40_1783170644.PCAP_PDR
-rw------- 1 dsp dsp 2.0G Jul  4 18:41 /data/TRANSIENT_BUFFER/PDR_GULP_data001.pcap_04_07_2026_18_41_1783170674.PCAP_PDR
-rw------- 1 dsp dsp 2.0G Jul  4 18:41 /data/TRANSIENT_BUFFER/PDR_GULP_data002.pcap_04_07_2026_18_41_1783170703.PCAP_PDR
-rw------- 1 dsp dsp 2.0G Jul  4 18:42 /data/TRANSIENT_BUFFER/PDR_GULP_data000.pcap_04_07_2026_18_42_1783170732.PCAP_PDR
-rw------- 1 dsp dsp 2.0G Jul  4 18:42 /data/TRANSIENT_BUFFER/PDR_GULP_data001.pcap_04_07_2026_18_42_1783170761.PCAP_PDR
-rw------- 1 dsp dsp 2.0G Jul  4 18:43 /data/TRANSIENT_BUFFER/PDR_GULP_data002.pcap_04_07_2026_18_43_1783170790.PCAP_PDR
-rw------- 1 dsp dsp 2.0G Jul  4 18:43 /data/TRANSIENT_BUFFER/PDR_GULP_data000.pcap_04_07_2026_18_43_1783170820.PCAP_PDR
-rw------- 1 dsp dsp 2.0G Jul  4 18:44 /data/TRANSIENT_BUFFER/PDR_GULP_data001.pcap_04_07_2026_18_44_1783170849.PCAP_PDR
-rw------- 1 dsp dsp 2.0G Jul  4 18:44 /data/TRANSIENT_BUFFER/PDR_GULP_data002.pcap_04_07_2026_18_44_1783170878.PCAP_PDR
-rw------- 1 dsp dsp 2.0G Jul  4 18:45 /data/TRANSIENT_BUFFER/PDR_GULP_data000.pcap_04_07_2026_18_45_1783170907.PCAP_PDR
-rw------- 1 dsp dsp 2.0G Jul  4 18:45 /data/TRANSIENT_BUFFER/PDR_GULP_data001.pcap_04_07_2026_18_45_1783170936.PCAP_PDR
-rw------- 1 dsp dsp 2.0G Jul  4 18:46 /data/TRANSIENT_BUFFER/PDR_GULP_data002.pcap_04_07_2026_18_46_1783170966.PCAP_PDR
-rw------- 1 dsp dsp 2.0G Jul  4 18:46 /data/TRANSIENT_BUFFER/PDR_GULP_data000.pcap_04_07_2026_18_46_1783170995.PCAP_PDR
-rw------- 1 dsp dsp 2.0G Jul  4 18:47 /data/TRANSIENT_BUFFER/PDR_GULP_data001.pcap_04_07_2026_18_47_1783171024.PCAP_PDR
-rw------- 1 dsp dsp 2.0G Jul  4 18:47 /data/TRANSIENT_BUFFER/PDR_GULP_data002.pcap_04_07_2026_18_47_1783171053.PCAP_PDR
-rw------- 1 dsp dsp 2.0G Jul  4 18:47 /data/TRANSIENT_BUFFER/PDR_GULP_data000.pcap_04_07_2026_18_48_1783171082.PCAP_PDR
-rw------- 1 dsp dsp 2.0G Jul  4 18:48 /data/TRANSIENT_BUFFER/PDR_GULP_data001.pcap_04_07_2026_18_48_1783171112.PCAP_PDR
-rw------- 1 dsp dsp 2.0G Jul  4 18:48 /data/TRANSIENT_BUFFER/PDR_GULP_data002.pcap_04_07_2026_18_49_1783171141.PCAP_PDR
-rw------- 1 dsp dsp 2.0G Jul  4 18:49 /data/TRANSIENT_BUFFER/PDR_GULP_data000.pcap_04_07_2026_18_49_1783171170.PCAP_PDR
-rw------- 1 dsp dsp 2.0G Jul  4 18:49 /data/TRANSIENT_BUFFER/PDR_GULP_data001.pcap_04_07_2026_18_49_1783171199.PCAP_PDR
-rw------- 1 dsp dsp 2.0G Jul  4 18:50 /data/TRANSIENT_BUFFER/PDR_GULP_data002.pcap_04_07_2026_18_50_1783171228.PCAP_PDR
-rw------- 1 dsp dsp 2.0G Jul  4 18:50 /data/TRANSIENT_BUFFER/PDR_GULP_data000.pcap_04_07_2026_18_50_1783171258.PCAP_PDR
-rw------- 1 dsp dsp 2.0G Jul  4 18:51 /data/TRANSIENT_BUFFER/PDR_GULP_data001.pcap_04_07_2026_18_51_1783171287.PCAP_PDR
-rw------- 1 dsp dsp 2.0G Jul  4 18:51 /data/TRANSIENT_BUFFER/PDR_GULP_data002.pcap_04_07_2026_18_51_1783171316.PCAP_PDR
-rw------- 1 dsp dsp 2.0G Jul  4 18:52 /data/TRANSIENT_BUFFER/PDR_GULP_data000.pcap_04_07_2026_18_52_1783171345.PCAP_PDR
-rw------- 1 dsp dsp 2.0G Jul  4 18:52 /data/TRANSIENT_BUFFER/PDR_GULP_data001.pcap_04_07_2026_18_52_1783171375.PCAP_PDR
-rw------- 1 dsp dsp 2.0G Jul  4 18:53 /data/TRANSIENT_BUFFER/PDR_GULP_data002.pcap_04_07_2026_18_53_1783171404.PCAP_PDR
-rw------- 1 dsp dsp 2.0G Jul  4 18:53 /data/TRANSIENT_BUFFER/PDR_GULP_data000.pcap_04_07_2026_18_53_1783171433.PCAP_PDR
-rw------- 1 dsp dsp 2.0G Jul  4 18:54 /data/TRANSIENT_BUFFER/PDR_GULP_data001.pcap_04_07_2026_18_54_1783171462.PCAP_PDR
-rw------- 1 dsp dsp 2.0G Jul  4 18:54 /data/TRANSIENT_BUFFER/PDR_GULP_data002.pcap_04_07_2026_18_54_1783171491.PCAP_PDR
-rw------- 1 dsp dsp 2.0G Jul  4 18:55 /data/TRANSIENT_BUFFER/PDR_GULP_data000.pcap_04_07_2026_18_55_1783171521.PCAP_PDR
-rw------- 1 dsp dsp 2.0G Jul  4 18:55 /data/TRANSIENT_BUFFER/PDR_GULP_data001.pcap_04_07_2026_18_55_1783171550.PCAP_PDR
-rw------- 1 dsp dsp 2.0G Jul  4 18:56 /data/TRANSIENT_BUFFER/PDR_GULP_data002.pcap_04_07_2026_18_56_1783171579.PCAP_PDR
-rw------- 1 dsp dsp 2.0G Jul  4 18:56 /data/TRANSIENT_BUFFER/PDR_GULP_data000.pcap_04_07_2026_18_56_1783171608.PCAP_PDR
-rw------- 1 dsp dsp 2.0G Jul  4 18:57 /data/TRANSIENT_BUFFER/PDR_GULP_data001.pcap_04_07_2026_18_57_1783171637.PCAP_PDR
-rw------- 1 dsp dsp 2.0G Jul  4 18:57 /data/TRANSIENT_BUFFER/PDR_GULP_data002.pcap_04_07_2026_18_57_1783171667.PCAP_PDR
-rw------- 1 dsp dsp 2.0G Jul  4 18:58 /data/TRANSIENT_BUFFER/PDR_GULP_data000.pcap_04_07_2026_18_58_1783171696.PCAP_PDR
-rw------- 1 dsp dsp 2.0G Jul  4 18:58 /data/TRANSIENT_BUFFER/PDR_GULP_data001.pcap_04_07_2026_18_58_1783171725.PCAP_PDR
-rw------- 1 dsp dsp 2.0G Jul  4 18:59 /data/TRANSIENT_BUFFER/PDR_GULP_data002.pcap_04_07_2026_18_59_1783171754.PCAP_PDR
-rw------- 1 dsp dsp 2.0G Jul  4 18:59 /data/TRANSIENT_BUFFER/PDR_GULP_data000.pcap_04_07_2026_18_59_1783171783.PCAP_PDR
-rw------- 1 dsp dsp 2.0G Jul  4 19:00 /data/TRANSIENT_BUFFER/PDR_GULP_data001.pcap_04_07_2026_19_00_1783171813.PCAP_PDR
-rw------- 1 dsp dsp 2.0G Jul  4 19:00 /data/TRANSIENT_BUFFER/PDR_GULP_data002.pcap_04_07_2026_19_00_1783171842.PCAP_PDR
-rw------- 1 dsp dsp 2.0G Jul  4 19:01 /data/TRANSIENT_BUFFER/PDR_GULP_data000.pcap_04_07_2026_19_01_1783171871.PCAP_PDR
-rw------- 1 dsp dsp 2.0G Jul  4 19:01 /data/TRANSIENT_BUFFER/PDR_GULP_data001.pcap_04_07_2026_19_01_1783171900.PCAP_PDR
-rw------- 1 dsp dsp 2.0G Jul  4 19:02 /data/TRANSIENT_BUFFER/PDR_GULP_data002.pcap_04_07_2026_19_02_1783171929.PCAP_PDR
-rw------- 1 dsp dsp 2.0G Jul  4 19:02 /data/TRANSIENT_BUFFER/PDR_GULP_data000.pcap_04_07_2026_19_02_1783171959.PCAP_PDR
-rw------- 1 dsp dsp 2.0G Jul  4 19:03 /data/TRANSIENT_BUFFER/PDR_GULP_data001.pcap_04_07_2026_19_03_1783171988.PCAP_PDR
-rw------- 1 dsp dsp 2.0G Jul  4 19:03 /data/TRANSIENT_BUFFER/PDR_GULP_data002.pcap_04_07_2026_19_03_1783172017.PCAP_PDR
04-07-2026 19:04 RAW PCAP data moved from Transient Buffer.
04-07-2026 19:04 SLIP check Started ...
04-07-2026 19:04 - WARNING - Data Directory: /data/dsp/GBD_TRANSIENT_BUFFER/J1313+0931/04_07_2026
04-07-2026 19:04 - WARNING - Number of Files: 80
04-07-2026 19:04 - WARNING - No packet loss: /data/dsp/GBD_TRANSIENT_BUFFER/J1313+0931/04_07_2026/PDR_GULP_data001.pcap_04_07_2026_18_25_1783169710.PCAP_PDR
04-07-2026 19:04 - WARNING - first_pkt_count, first_gps_count, first_pkt_Tstamp
04-07-2026 19:04 - WARNING - 1920371052 63928 2026-07-04T12:54:37.955998
04-07-2026 19:04 - WARNING - last_pkt_count, last_gps_count, last_pkt_Tstamp
04-07-2026 19:04 - WARNING - 1922253593 63958 2026-07-04T12:55:07.164098
04-07-2026 19:04 - WARNING - diff_pkt_count  , diff_gps_count ,  diff_pkt_timstamp
04-07-2026 19:04 - WARNING - 1882541 30 29208100 microseconds
04-07-2026 19:04 - WARNING - No packet loss: /data/dsp/GBD_TRANSIENT_BUFFER/J1313+0931/04_07_2026/PDR_GULP_data002.pcap_04_07_2026_18_25_1783169739.PCAP_PDR
04-07-2026 19:04 - WARNING - first_pkt_count, first_gps_count, first_pkt_Tstamp
04-07-2026 19:04 - WARNING - 1922253594 63958 2026-07-04T12:55:07.164098
04-07-2026 19:04 - WARNING - last_pkt_count, last_gps_count, last_pkt_Tstamp
04-07-2026 19:04 - WARNING - 1924136135 63987 2026-07-04T12:55:36.372240
04-07-2026 19:04 - WARNING - diff_pkt_count  , diff_gps_count ,  diff_pkt_timstamp
04-07-2026 19:04 - WARNING - 1882541 29 29208142 microseconds
04-07-2026 19:04 - WARNING - No packet loss: /data/dsp/GBD_TRANSIENT_BUFFER/J1313+0931/04_07_2026/PDR_GULP_data000.pcap_04_07_2026_18_26_1783169768.PCAP_PDR
04-07-2026 19:04 - WARNING - first_pkt_count, first_gps_count, first_pkt_Tstamp
04-07-2026 19:04 - WARNING - 1924136136 63987 2026-07-04T12:55:36.372240
04-07-2026 19:04 - WARNING - last_pkt_count, last_gps_count, last_pkt_Tstamp
04-07-2026 19:04 - WARNING - 1926018678 64016 2026-07-04T12:56:05.580454
04-07-2026 19:04 - WARNING - diff_pkt_count  , diff_gps_count ,  diff_pkt_timstamp
04-07-2026 19:04 - WARNING - 1882542 29 29208214 microseconds
04-07-2026 19:04 - WARNING - No packet loss: /data/dsp/GBD_TRANSIENT_BUFFER/J1313+0931/04_07_2026/PDR_GULP_data001.pcap_04_07_2026_18_26_1783169797.PCAP_PDR
04-07-2026 19:04 - WARNING - first_pkt_count, first_gps_count, first_pkt_Tstamp
04-07-2026 19:04 - WARNING - 1926018679 64016 2026-07-04T12:56:05.580454
04-07-2026 19:04 - WARNING - last_pkt_count, last_gps_count, last_pkt_Tstamp
04-07-2026 19:04 - WARNING - 1927901220 64045 2026-07-04T12:56:34.788514
04-07-2026 19:04 - WARNING - diff_pkt_count  , diff_gps_count ,  diff_pkt_timstamp
04-07-2026 19:04 - WARNING - 1882541 29 29208060 microseconds
04-07-2026 19:04 - WARNING - No packet loss: /data/dsp/GBD_TRANSIENT_BUFFER/J1313+0931/04_07_2026/PDR_GULP_data002.pcap_04_07_2026_18_27_1783169827.PCAP_PDR
04-07-2026 19:04 - WARNING - first_pkt_count, first_gps_count, first_pkt_Tstamp
04-07-2026 19:04 - WARNING - 1927901221 64045 2026-07-04T12:56:34.788592
04-07-2026 19:04 - WARNING - last_pkt_count, last_gps_count, last_pkt_Tstamp
04-07-2026 19:04 - WARNING - 1929783762 64074 2026-07-04T12:57:03.996596
04-07-2026 19:04 - WARNING - diff_pkt_count  , diff_gps_count ,  diff_pkt_timstamp
04-07-2026 19:04 - WARNING - 1882541 29 29208004 microseconds
04-07-2026 19:04 - WARNING - No packet loss: /data/dsp/GBD_TRANSIENT_BUFFER/J1313+0931/04_07_2026/PDR_GULP_data000.pcap_04_07_2026_18_27_1783169856.PCAP_PDR
04-07-2026 19:04 - WARNING - first_pkt_count, first_gps_count, first_pkt_Tstamp
04-07-2026 19:04 - WARNING - 1929783763 64074 2026-07-04T12:57:03.996690
04-07-2026 19:04 - WARNING - last_pkt_count, last_gps_count, last_pkt_Tstamp
04-07-2026 19:04 - WARNING - 1931666304 64104 2026-07-04T12:57:33.204753
04-07-2026 19:04 - WARNING - diff_pkt_count  , diff_gps_count ,  diff_pkt_timstamp
04-07-2026 19:04 - WARNING - 1882541 30 29208063 microseconds
04-07-2026 19:04 - WARNING - No packet loss: /data/dsp/GBD_TRANSIENT_BUFFER/J1313+0931/04_07_2026/PDR_GULP_data001.pcap_04_07_2026_18_28_1783169885.PCAP_PDR
04-07-2026 19:04 - WARNING - first_pkt_count, first_gps_count, first_pkt_Tstamp
04-07-2026 19:04 - WARNING - 1931666305 64104 2026-07-04T12:57:33.204753
04-07-2026 19:04 - WARNING - last_pkt_count, last_gps_count, last_pkt_Tstamp
04-07-2026 19:04 - WARNING - 1933548846 64133 2026-07-04T12:58:02.412869
04-07-2026 19:04 - WARNING - diff_pkt_count  , diff_gps_count ,  diff_pkt_timstamp
04-07-2026 19:04 - WARNING - 1882541 29 29208116 microseconds
04-07-2026 19:04 - WARNING - No packet loss: /data/dsp/GBD_TRANSIENT_BUFFER/J1313+0931/04_07_2026/PDR_GULP_data002.pcap_04_07_2026_18_28_1783169914.PCAP_PDR
04-07-2026 19:04 - WARNING - first_pkt_count, first_gps_count, first_pkt_Tstamp
04-07-2026 19:04 - WARNING - 1933548847 64133 2026-07-04T12:58:02.412869
04-07-2026 19:04 - WARNING - last_pkt_count, last_gps_count, last_pkt_Tstamp
04-07-2026 19:04 - WARNING - 1935431388 64162 2026-07-04T12:58:31.620949
04-07-2026 19:04 - WARNING - diff_pkt_count  , diff_gps_count ,  diff_pkt_timstamp
04-07-2026 19:04 - WARNING - 1882541 29 29208080 microseconds
04-07-2026 19:04 - WARNING - No packet loss: /data/dsp/GBD_TRANSIENT_BUFFER/J1313+0931/04_07_2026/PDR_GULP_data000.pcap_04_07_2026_18_29_1783169943.PCAP_PDR
04-07-2026 19:04 - WARNING - first_pkt_count, first_gps_count, first_pkt_Tstamp
04-07-2026 19:04 - WARNING - 1935431389 64162 2026-07-04T12:58:31.620950
04-07-2026 19:04 - WARNING - last_pkt_count, last_gps_count, last_pkt_Tstamp
04-07-2026 19:04 - WARNING - 1937313931 64191 2026-07-04T12:59:00.829017
04-07-2026 19:04 - WARNING - diff_pkt_count  , diff_gps_count ,  diff_pkt_timstamp
04-07-2026 19:04 - WARNING - 1882542 29 29208067 microseconds
04-07-2026 19:04 - WARNING - Packet loss: /data/dsp/GBD_TRANSIENT_BUFFER/J1313+0931/04_07_2026/PDR_GULP_data001.pcap_04_07_2026_18_29_1783169973.PCAP_PDR
04-07-2026 19:04 - WARNING - Packet loss found .... Being fixed ... Please wait ...
04-07-2026 19:04 - WARNING - PCAP filtering ... tcpdump -r /data/dsp/GBD_TRANSIENT_BUFFER/J1313+0931/04_07_2026/PDR_GULP_data001.pcap_04_07_2026_18_29_1783169973.PCAP_PDR.pcap -w PDR_GULP_data001.pcap_04_07_2026_18_29_1783169973_filtered.PCAP_PDR.pcap  host 172.10.10.1 and port 55000 
04-07-2026 19:04 - WARNING - Patched /data/dsp/GBD_TRANSIENT_BUFFER/J1313+0931/04_07_2026/PDR_GULP_data001.pcap_04_07_2026_18_29_1783169973.PCAP_PDR as PDR_GULP_data001.pcap_04_07_2026_18_29_1783169973_filtered.PCAP_PDR
04-07-2026 19:04 - WARNING - Gulped file moved to /data/dsp/GBD_TRANSIENT_BUFFER/J1313+0931/04_07_2026/GULPED
04-07-2026 19:04 - WARNING - first_pkt_count, first_gps_count, first_pkt_Tstamp
04-07-2026 19:04 - WARNING - 1937313932 64191 2026-07-04T12:59:00.829106
04-07-2026 19:04 - WARNING - last_pkt_count, last_gps_count, last_pkt_Tstamp
04-07-2026 19:04 - WARNING - 1939196473 64221 2026-07-04T12:59:30.037086
04-07-2026 19:04 - WARNING - diff_pkt_count  , diff_gps_count ,  diff_pkt_timstamp
04-07-2026 19:04 - WARNING - 1882541 30 29207980 microseconds
04-07-2026 19:04 - WARNING - No packet loss: /data/dsp/GBD_TRANSIENT_BUFFER/J1313+0931/04_07_2026/PDR_GULP_data002.pcap_04_07_2026_18_30_1783170002.PCAP_PDR
04-07-2026 19:04 - WARNING - first_pkt_count, first_gps_count, first_pkt_Tstamp
04-07-2026 19:04 - WARNING - 1939196474 64221 2026-07-04T12:59:30.037140
04-07-2026 19:04 - WARNING - last_pkt_count, last_gps_count, last_pkt_Tstamp
04-07-2026 19:04 - WARNING - 1941079015 64250 2026-07-04T12:59:59.245186
04-07-2026 19:04 - WARNING - diff_pkt_count  , diff_gps_count ,  diff_pkt_timstamp
04-07-2026 19:04 - WARNING - 1882541 29 29208046 microseconds
04-07-2026 19:04 - WARNING - No packet loss: /data/dsp/GBD_TRANSIENT_BUFFER/J1313+0931/04_07_2026/PDR_GULP_data000.pcap_04_07_2026_18_30_1783170031.PCAP_PDR
04-07-2026 19:04 - WARNING - first_pkt_count, first_gps_count, first_pkt_Tstamp
04-07-2026 19:04 - WARNING - 1941079016 64250 2026-07-04T12:59:59.245186
04-07-2026 19:04 - WARNING - last_pkt_count, last_gps_count, last_pkt_Tstamp
04-07-2026 19:04 - WARNING - 1942961557 64279 2026-07-04T13:00:28.453239
04-07-2026 19:04 - WARNING - diff_pkt_count  , diff_gps_count ,  diff_pkt_timstamp
04-07-2026 19:04 - WARNING - 1882541 29 29208053 microseconds
04-07-2026 19:04 - WARNING - No packet loss: /data/dsp/GBD_TRANSIENT_BUFFER/J1313+0931/04_07_2026/PDR_GULP_data001.pcap_04_07_2026_18_31_1783170060.PCAP_PDR
04-07-2026 19:04 - WARNING - first_pkt_count, first_gps_count, first_pkt_Tstamp
04-07-2026 19:04 - WARNING - 1942961558 64279 2026-07-04T13:00:28.453292
04-07-2026 19:04 - WARNING - last_pkt_count, last_gps_count, last_pkt_Tstamp
04-07-2026 19:04 - WARNING - 1944844099 64308 2026-07-04T13:00:57.661350
04-07-2026 19:04 - WARNING - diff_pkt_count  , diff_gps_count ,  diff_pkt_timstamp
04-07-2026 19:04 - WARNING - 1882541 29 29208058 microseconds
04-07-2026 19:04 - WARNING - No packet loss: /data/dsp/GBD_TRANSIENT_BUFFER/J1313+0931/04_07_2026/PDR_GULP_data002.pcap_04_07_2026_18_31_1783170089.PCAP_PDR
04-07-2026 19:04 - WARNING - first_pkt_count, first_gps_count, first_pkt_Tstamp
04-07-2026 19:04 - WARNING - 1944844100 64308 2026-07-04T13:00:57.661350
04-07-2026 19:04 - WARNING - last_pkt_count, last_gps_count, last_pkt_Tstamp
04-07-2026 19:04 - WARNING - 1946726641 64337 2026-07-04T13:01:26.869381
04-07-2026 19:04 - WARNING - diff_pkt_count  , diff_gps_count ,  diff_pkt_timstamp
04-07-2026 19:04 - WARNING - 1882541 29 29208031 microseconds
04-07-2026 19:04 - WARNING - No packet loss: /data/dsp/GBD_TRANSIENT_BUFFER/J1313+0931/04_07_2026/PDR_GULP_data000.pcap_04_07_2026_18_31_1783170119.PCAP_PDR
04-07-2026 19:04 - WARNING - first_pkt_count, first_gps_count, first_pkt_Tstamp
04-07-2026 19:04 - WARNING - 1946726642 64337 2026-07-04T13:01:26.869382
04-07-2026 19:04 - WARNING - last_pkt_count, last_gps_count, last_pkt_Tstamp
04-07-2026 19:04 - WARNING - 1948609184 64367 2026-07-04T13:01:56.077453
04-07-2026 19:04 - WARNING - diff_pkt_count  , diff_gps_count ,  diff_pkt_timstamp
04-07-2026 19:04 - WARNING - 1882542 30 29208071 microseconds
04-07-2026 19:04 - WARNING - No packet loss: /data/dsp/GBD_TRANSIENT_BUFFER/J1313+0931/04_07_2026/PDR_GULP_data001.pcap_04_07_2026_18_32_1783170148.PCAP_PDR
04-07-2026 19:04 - WARNING - first_pkt_count, first_gps_count, first_pkt_Tstamp
04-07-2026 19:04 - WARNING - 1948609185 64367 2026-07-04T13:01:56.077506
04-07-2026 19:04 - WARNING - last_pkt_count, last_gps_count, last_pkt_Tstamp
04-07-2026 19:04 - WARNING - 1950491726 64396 2026-07-04T13:02:25.285525
04-07-2026 19:04 - WARNING - diff_pkt_count  , diff_gps_count ,  diff_pkt_timstamp
04-07-2026 19:04 - WARNING - 1882541 29 29208019 microseconds
04-07-2026 19:04 - WARNING - No packet loss: /data/dsp/GBD_TRANSIENT_BUFFER/J1313+0931/04_07_2026/PDR_GULP_data002.pcap_04_07_2026_18_32_1783170177.PCAP_PDR
04-07-2026 19:04 - WARNING - first_pkt_count, first_gps_count, first_pkt_Tstamp
04-07-2026 19:04 - WARNING - 1950491727 64396 2026-07-04T13:02:25.285526
04-07-2026 19:04 - WARNING - last_pkt_count, last_gps_count, last_pkt_Tstamp
04-07-2026 19:04 - WARNING - 1952374268 64425 2026-07-04T13:02:54.493549
04-07-2026 19:04 - WARNING - diff_pkt_count  , diff_gps_count ,  diff_pkt_timstamp
04-07-2026 19:04 - WARNING - 1882541 29 29208023 microseconds
04-07-2026 19:04 - WARNING - No packet loss: /data/dsp/GBD_TRANSIENT_BUFFER/J1313+0931/04_07_2026/PDR_GULP_data000.pcap_04_07_2026_18_33_1783170206.PCAP_PDR
04-07-2026 19:04 - WARNING - first_pkt_count, first_gps_count, first_pkt_Tstamp
04-07-2026 19:04 - WARNING - 1952374269 64425 2026-07-04T13:02:54.493597
04-07-2026 19:04 - WARNING - last_pkt_count, last_gps_count, last_pkt_Tstamp
04-07-2026 19:04 - WARNING - 1954256810 64454 2026-07-04T13:03:23.701645
04-07-2026 19:04 - WARNING - diff_pkt_count  , diff_gps_count ,  diff_pkt_timstamp
04-07-2026 19:04 - WARNING - 1882541 29 29208048 microseconds
04-07-2026 19:04 - WARNING - No packet loss: /data/dsp/GBD_TRANSIENT_BUFFER/J1313+0931/04_07_2026/PDR_GULP_data001.pcap_04_07_2026_18_33_1783170235.PCAP_PDR
04-07-2026 19:04 - WARNING - first_pkt_count, first_gps_count, first_pkt_Tstamp
04-07-2026 19:04 - WARNING - 1954256811 64454 2026-07-04T13:03:23.701645
04-07-2026 19:04 - WARNING - last_pkt_count, last_gps_count, last_pkt_Tstamp
04-07-2026 19:04 - WARNING - 1956139352 64483 2026-07-04T13:03:52.909667
04-07-2026 19:04 - WARNING - diff_pkt_count  , diff_gps_count ,  diff_pkt_timstamp
04-07-2026 19:04 - WARNING - 1882541 29 29208022 microseconds
04-07-2026 19:04 - WARNING - No packet loss: /data/dsp/GBD_TRANSIENT_BUFFER/J1313+0931/04_07_2026/PDR_GULP_data002.pcap_04_07_2026_18_34_1783170265.PCAP_PDR
04-07-2026 19:04 - WARNING - first_pkt_count, first_gps_count, first_pkt_Tstamp
04-07-2026 19:04 - WARNING - 1956139353 64483 2026-07-04T13:03:52.909667
04-07-2026 19:04 - WARNING - last_pkt_count, last_gps_count, last_pkt_Tstamp
04-07-2026 19:04 - WARNING - 1958021894 64513 2026-07-04T13:04:22.117717
04-07-2026 19:04 - WARNING - diff_pkt_count  , diff_gps_count ,  diff_pkt_timstamp
04-07-2026 19:04 - WARNING - 1882541 30 29208050 microseconds
04-07-2026 19:04 - WARNING - No packet loss: /data/dsp/GBD_TRANSIENT_BUFFER/J1313+0931/04_07_2026/PDR_GULP_data000.pcap_04_07_2026_18_34_1783170294.PCAP_PDR
04-07-2026 19:04 - WARNING - first_pkt_count, first_gps_count, first_pkt_Tstamp
04-07-2026 19:04 - WARNING - 1958021895 64513 2026-07-04T13:04:22.117718
04-07-2026 19:04 - WARNING - last_pkt_count, last_gps_count, last_pkt_Tstamp
04-07-2026 19:04 - WARNING - 1959904437 64542 2026-07-04T13:04:51.325744
04-07-2026 19:04 - WARNING - diff_pkt_count  , diff_gps_count ,  diff_pkt_timstamp
04-07-2026 19:04 - WARNING - 1882542 29 29208026 microseconds
04-07-2026 19:04 - WARNING - No packet loss: /data/dsp/GBD_TRANSIENT_BUFFER/J1313+0931/04_07_2026/PDR_GULP_data001.pcap_04_07_2026_18_35_1783170323.PCAP_PDR
04-07-2026 19:04 - WARNING - first_pkt_count, first_gps_count, first_pkt_Tstamp
04-07-2026 19:04 - WARNING - 1959904438 64542 2026-07-04T13:04:51.325744
04-07-2026 19:04 - WARNING - last_pkt_count, last_gps_count, last_pkt_Tstamp
04-07-2026 19:04 - WARNING - 1961786979 64571 2026-07-04T13:05:20.533756
04-07-2026 19:04 - WARNING - diff_pkt_count  , diff_gps_count ,  diff_pkt_timstamp
04-07-2026 19:04 - WARNING - 1882541 29 29208012 microseconds
04-07-2026 19:04 - WARNING - No packet loss: /data/dsp/GBD_TRANSIENT_BUFFER/J1313+0931/04_07_2026/PDR_GULP_data002.pcap_04_07_2026_18_35_1783170352.PCAP_PDR
04-07-2026 19:04 - WARNING - first_pkt_count, first_gps_count, first_pkt_Tstamp
04-07-2026 19:04 - WARNING - 1961786980 64571 2026-07-04T13:05:20.533808
04-07-2026 19:04 - WARNING - last_pkt_count, last_gps_count, last_pkt_Tstamp
04-07-2026 19:04 - WARNING - 1963669521 64600 2026-07-04T13:05:49.741824
04-07-2026 19:04 - WARNING - diff_pkt_count  , diff_gps_count ,  diff_pkt_timstamp
04-07-2026 19:04 - WARNING - 1882541 29 29208016 microseconds
04-07-2026 19:04 - WARNING - No packet loss: /data/dsp/GBD_TRANSIENT_BUFFER/J1313+0931/04_07_2026/PDR_GULP_data000.pcap_04_07_2026_18_36_1783170381.PCAP_PDR
04-07-2026 19:04 - WARNING - first_pkt_count, first_gps_count, first_pkt_Tstamp
04-07-2026 19:04 - WARNING - 1963669522 64600 2026-07-04T13:05:49.741824
04-07-2026 19:04 - WARNING - last_pkt_count, last_gps_count, last_pkt_Tstamp
04-07-2026 19:04 - WARNING - 1965552063 64629 2026-07-04T13:06:18.949824
04-07-2026 19:04 - WARNING - diff_pkt_count  , diff_gps_count ,  diff_pkt_timstamp
04-07-2026 19:04 - WARNING - 1882541 29 29208000 microseconds
04-07-2026 19:04 - WARNING - No packet loss: /data/dsp/GBD_TRANSIENT_BUFFER/J1313+0931/04_07_2026/PDR_GULP_data001.pcap_04_07_2026_18_36_1783170411.PCAP_PDR
04-07-2026 19:04 - WARNING - first_pkt_count, first_gps_count, first_pkt_Tstamp
04-07-2026 19:04 - WARNING - 1965552064 64629 2026-07-04T13:06:18.949876
04-07-2026 19:04 - WARNING - last_pkt_count, last_gps_count, last_pkt_Tstamp
04-07-2026 19:04 - WARNING - 1967434605 64659 2026-07-04T13:06:48.157880
04-07-2026 19:04 - WARNING - diff_pkt_count  , diff_gps_count ,  diff_pkt_timstamp
04-07-2026 19:04 - WARNING - 1882541 30 29208004 microseconds
04-07-2026 19:04 - WARNING - No packet loss: /data/dsp/GBD_TRANSIENT_BUFFER/J1313+0931/04_07_2026/PDR_GULP_data002.pcap_04_07_2026_18_37_1783170440.PCAP_PDR
04-07-2026 19:04 - WARNING - first_pkt_count, first_gps_count, first_pkt_Tstamp
04-07-2026 19:04 - WARNING - 1967434606 64659 2026-07-04T13:06:48.157880
04-07-2026 19:04 - WARNING - last_pkt_count, last_gps_count, last_pkt_Tstamp
04-07-2026 19:04 - WARNING - 1969317147 64688 2026-07-04T13:07:17.365926
04-07-2026 19:04 - WARNING - diff_pkt_count  , diff_gps_count ,  diff_pkt_timstamp
04-07-2026 19:04 - WARNING - 1882541 29 29208046 microseconds
04-07-2026 19:04 - WARNING - No packet loss: /data/dsp/GBD_TRANSIENT_BUFFER/J1313+0931/04_07_2026/PDR_GULP_data000.pcap_04_07_2026_18_37_1783170469.PCAP_PDR
04-07-2026 19:04 - WARNING - first_pkt_count, first_gps_count, first_pkt_Tstamp
04-07-2026 19:04 - WARNING - 1969317148 64688 2026-07-04T13:07:17.365927
04-07-2026 19:04 - WARNING - last_pkt_count, last_gps_count, last_pkt_Tstamp
04-07-2026 19:04 - WARNING - 1971199690 64717 2026-07-04T13:07:46.573919
04-07-2026 19:04 - WARNING - diff_pkt_count  , diff_gps_count ,  diff_pkt_timstamp
04-07-2026 19:04 - WARNING - 1882542 29 29207992 microseconds
04-07-2026 19:04 - WARNING - No packet loss: /data/dsp/GBD_TRANSIENT_BUFFER/J1313+0931/04_07_2026/PDR_GULP_data001.pcap_04_07_2026_18_38_1783170498.PCAP_PDR
04-07-2026 19:04 - WARNING - first_pkt_count, first_gps_count, first_pkt_Tstamp
04-07-2026 19:04 - WARNING - 1971199691 64717 2026-07-04T13:07:46.573920
04-07-2026 19:04 - WARNING - last_pkt_count, last_gps_count, last_pkt_Tstamp
04-07-2026 19:04 - WARNING - 1973082232 64746 2026-07-04T13:08:15.781982
04-07-2026 19:04 - WARNING - diff_pkt_count  , diff_gps_count ,  diff_pkt_timstamp
04-07-2026 19:04 - WARNING - 1882541 29 29208062 microseconds
04-07-2026 19:04 - WARNING - No packet loss: /data/dsp/GBD_TRANSIENT_BUFFER/J1313+0931/04_07_2026/PDR_GULP_data002.pcap_04_07_2026_18_38_1783170527.PCAP_PDR
04-07-2026 19:04 - WARNING - first_pkt_count, first_gps_count, first_pkt_Tstamp
04-07-2026 19:04 - WARNING - 1973082233 64746 2026-07-04T13:08:15.781982
04-07-2026 19:04 - WARNING - last_pkt_count, last_gps_count, last_pkt_Tstamp
04-07-2026 19:04 - WARNING - 1974964774 64775 2026-07-04T13:08:44.989988
04-07-2026 19:04 - WARNING - diff_pkt_count  , diff_gps_count ,  diff_pkt_timstamp
04-07-2026 19:04 - WARNING - 1882541 29 29208006 microseconds
04-07-2026 19:04 - WARNING - No packet loss: /data/dsp/GBD_TRANSIENT_BUFFER/J1313+0931/04_07_2026/PDR_GULP_data000.pcap_04_07_2026_18_39_1783170557.PCAP_PDR
04-07-2026 19:04 - WARNING - first_pkt_count, first_gps_count, first_pkt_Tstamp
04-07-2026 19:04 - WARNING - 1974964775 64775 2026-07-04T13:08:44.989988
04-07-2026 19:04 - WARNING - last_pkt_count, last_gps_count, last_pkt_Tstamp
04-07-2026 19:04 - WARNING - 1976847316 64805 2026-07-04T13:09:14.198036
04-07-2026 19:04 - WARNING - diff_pkt_count  , diff_gps_count ,  diff_pkt_timstamp
04-07-2026 19:04 - WARNING - 1882541 30 29208048 microseconds
04-07-2026 19:04 - WARNING - No packet loss: /data/dsp/GBD_TRANSIENT_BUFFER/J1313+0931/04_07_2026/PDR_GULP_data001.pcap_04_07_2026_18_39_1783170586.PCAP_PDR
04-07-2026 19:04 - WARNING - first_pkt_count, first_gps_count, first_pkt_Tstamp
04-07-2026 19:04 - WARNING - 1976847317 64805 2026-07-04T13:09:14.198036
04-07-2026 19:04 - WARNING - last_pkt_count, last_gps_count, last_pkt_Tstamp
04-07-2026 19:04 - WARNING - 1978729858 64834 2026-07-04T13:09:43.406038
04-07-2026 19:04 - WARNING - diff_pkt_count  , diff_gps_count ,  diff_pkt_timstamp
04-07-2026 19:04 - WARNING - 1882541 29 29208002 microseconds
04-07-2026 19:04 - WARNING - No packet loss: /data/dsp/GBD_TRANSIENT_BUFFER/J1313+0931/04_07_2026/PDR_GULP_data002.pcap_04_07_2026_18_40_1783170615.PCAP_PDR
04-07-2026 19:04 - WARNING - first_pkt_count, first_gps_count, first_pkt_Tstamp
04-07-2026 19:04 - WARNING - 1978729859 64834 2026-07-04T13:09:43.406038
04-07-2026 19:04 - WARNING - last_pkt_count, last_gps_count, last_pkt_Tstamp
04-07-2026 19:04 - WARNING - 1980612400 64863 2026-07-04T13:10:12.614102
04-07-2026 19:04 - WARNING - diff_pkt_count  , diff_gps_count ,  diff_pkt_timstamp
04-07-2026 19:04 - WARNING - 1882541 29 29208064 microseconds
04-07-2026 19:04 - WARNING - No packet loss: /data/dsp/GBD_TRANSIENT_BUFFER/J1313+0931/04_07_2026/PDR_GULP_data000.pcap_04_07_2026_18_40_1783170644.PCAP_PDR
04-07-2026 19:04 - WARNING - first_pkt_count, first_gps_count, first_pkt_Tstamp
04-07-2026 19:04 - WARNING - 1980612401 64863 2026-07-04T13:10:12.614102
04-07-2026 19:04 - WARNING - last_pkt_count, last_gps_count, last_pkt_Tstamp
04-07-2026 19:04 - WARNING - 1982494943 64892 2026-07-04T13:10:41.822094
04-07-2026 19:04 - WARNING - diff_pkt_count  , diff_gps_count ,  diff_pkt_timstamp
04-07-2026 19:04 - WARNING - 1882542 29 29207992 microseconds
04-07-2026 19:04 - WARNING - No packet loss: /data/dsp/GBD_TRANSIENT_BUFFER/J1313+0931/04_07_2026/PDR_GULP_data001.pcap_04_07_2026_18_41_1783170674.PCAP_PDR
04-07-2026 19:04 - WARNING - first_pkt_count, first_gps_count, first_pkt_Tstamp
04-07-2026 19:04 - WARNING - 1982494944 64892 2026-07-04T13:10:41.822094
04-07-2026 19:04 - WARNING - last_pkt_count, last_gps_count, last_pkt_Tstamp
04-07-2026 19:04 - WARNING - 1984377485 64922 2026-07-04T13:11:11.029984
04-07-2026 19:04 - WARNING - diff_pkt_count  , diff_gps_count ,  diff_pkt_timstamp
04-07-2026 19:04 - WARNING - 1882541 30 29207890 microseconds
04-07-2026 19:04 - WARNING - No packet loss: /data/dsp/GBD_TRANSIENT_BUFFER/J1313+0931/04_07_2026/PDR_GULP_data002.pcap_04_07_2026_18_41_1783170703.PCAP_PDR
04-07-2026 19:04 - WARNING - first_pkt_count, first_gps_count, first_pkt_Tstamp
04-07-2026 19:04 - WARNING - 1984377486 64922 2026-07-04T13:11:11.029984
04-07-2026 19:04 - WARNING - last_pkt_count, last_gps_count, last_pkt_Tstamp
04-07-2026 19:04 - WARNING - 1986260027 64951 2026-07-04T13:11:40.237732
04-07-2026 19:04 - WARNING - diff_pkt_count  , diff_gps_count ,  diff_pkt_timstamp
04-07-2026 19:04 - WARNING - 1882541 29 29207748 microseconds
04-07-2026 19:04 - WARNING - No packet loss: /data/dsp/GBD_TRANSIENT_BUFFER/J1313+0931/04_07_2026/PDR_GULP_data000.pcap_04_07_2026_18_42_1783170732.PCAP_PDR
04-07-2026 19:04 - WARNING - first_pkt_count, first_gps_count, first_pkt_Tstamp
04-07-2026 19:04 - WARNING - 1986260028 64951 2026-07-04T13:11:40.237732
04-07-2026 19:04 - WARNING - last_pkt_count, last_gps_count, last_pkt_Tstamp
04-07-2026 19:04 - WARNING - 1988142569 64980 2026-07-04T13:12:09.445465
04-07-2026 19:04 - WARNING - diff_pkt_count  , diff_gps_count ,  diff_pkt_timstamp
04-07-2026 19:04 - WARNING - 1882541 29 29207733 microseconds
04-07-2026 19:04 - WARNING - No packet loss: /data/dsp/GBD_TRANSIENT_BUFFER/J1313+0931/04_07_2026/PDR_GULP_data001.pcap_04_07_2026_18_42_1783170761.PCAP_PDR
04-07-2026 19:04 - WARNING - first_pkt_count, first_gps_count, first_pkt_Tstamp
04-07-2026 19:04 - WARNING - 1988142570 64980 2026-07-04T13:12:09.445519
04-07-2026 19:04 - WARNING - last_pkt_count, last_gps_count, last_pkt_Tstamp
04-07-2026 19:04 - WARNING - 1990025111 65009 2026-07-04T13:12:38.653217
04-07-2026 19:04 - WARNING - diff_pkt_count  , diff_gps_count ,  diff_pkt_timstamp
04-07-2026 19:04 - WARNING - 1882541 29 29207698 microseconds
04-07-2026 19:04 - WARNING - No packet loss: /data/dsp/GBD_TRANSIENT_BUFFER/J1313+0931/04_07_2026/PDR_GULP_data002.pcap_04_07_2026_18_43_1783170790.PCAP_PDR
04-07-2026 19:04 - WARNING - first_pkt_count, first_gps_count, first_pkt_Tstamp
04-07-2026 19:04 - WARNING - 1990025112 65009 2026-07-04T13:12:38.653270
04-07-2026 19:04 - WARNING - last_pkt_count, last_gps_count, last_pkt_Tstamp
04-07-2026 19:04 - WARNING - 1991907653 65038 2026-07-04T13:13:07.861070
04-07-2026 19:04 - WARNING - diff_pkt_count  , diff_gps_count ,  diff_pkt_timstamp
04-07-2026 19:04 - WARNING - 1882541 29 29207800 microseconds
04-07-2026 19:04 - WARNING - No packet loss: /data/dsp/GBD_TRANSIENT_BUFFER/J1313+0931/04_07_2026/PDR_GULP_data000.pcap_04_07_2026_18_43_1783170820.PCAP_PDR
04-07-2026 19:04 - WARNING - first_pkt_count, first_gps_count, first_pkt_Tstamp
04-07-2026 19:04 - WARNING - 1991907654 65038 2026-07-04T13:13:07.861070
04-07-2026 19:04 - WARNING - last_pkt_count, last_gps_count, last_pkt_Tstamp
04-07-2026 19:04 - WARNING - 1993790196 65068 2026-07-04T13:13:37.068863
04-07-2026 19:04 - WARNING - diff_pkt_count  , diff_gps_count ,  diff_pkt_timstamp
04-07-2026 19:04 - WARNING - 1882542 30 29207793 microseconds
04-07-2026 19:04 - WARNING - No packet loss: /data/dsp/GBD_TRANSIENT_BUFFER/J1313+0931/04_07_2026/PDR_GULP_data001.pcap_04_07_2026_18_44_1783170849.PCAP_PDR
04-07-2026 19:04 - WARNING - first_pkt_count, first_gps_count, first_pkt_Tstamp
04-07-2026 19:04 - WARNING - 1993790197 65068 2026-07-04T13:13:37.068863
04-07-2026 19:04 - WARNING - last_pkt_count, last_gps_count, last_pkt_Tstamp
04-07-2026 19:04 - WARNING - 1995672738 65097 2026-07-04T13:14:06.276664
04-07-2026 19:04 - WARNING - diff_pkt_count  , diff_gps_count ,  diff_pkt_timstamp
04-07-2026 19:04 - WARNING - 1882541 29 29207801 microseconds
04-07-2026 19:04 - WARNING - No packet loss: /data/dsp/GBD_TRANSIENT_BUFFER/J1313+0931/04_07_2026/PDR_GULP_data002.pcap_04_07_2026_18_44_1783170878.PCAP_PDR
04-07-2026 19:04 - WARNING - first_pkt_count, first_gps_count, first_pkt_Tstamp
04-07-2026 19:04 - WARNING - 1995672739 65097 2026-07-04T13:14:06.276664
04-07-2026 19:04 - WARNING - last_pkt_count, last_gps_count, last_pkt_Tstamp
04-07-2026 19:04 - WARNING - 1997555280 65126 2026-07-04T13:14:35.484456
04-07-2026 19:04 - WARNING - diff_pkt_count  , diff_gps_count ,  diff_pkt_timstamp
04-07-2026 19:04 - WARNING - 1882541 29 29207792 microseconds
04-07-2026 19:04 - WARNING - No packet loss: /data/dsp/GBD_TRANSIENT_BUFFER/J1313+0931/04_07_2026/PDR_GULP_data000.pcap_04_07_2026_18_45_1783170907.PCAP_PDR
04-07-2026 19:04 - WARNING - first_pkt_count, first_gps_count, first_pkt_Tstamp
04-07-2026 19:04 - WARNING - 1997555281 65126 2026-07-04T13:14:35.484456
04-07-2026 19:04 - WARNING - last_pkt_count, last_gps_count, last_pkt_Tstamp
04-07-2026 19:04 - WARNING - 1999437822 65155 2026-07-04T13:15:04.692282
04-07-2026 19:04 - WARNING - diff_pkt_count  , diff_gps_count ,  diff_pkt_timstamp
04-07-2026 19:04 - WARNING - 1882541 29 29207826 microseconds
04-07-2026 19:04 - WARNING - No packet loss: /data/dsp/GBD_TRANSIENT_BUFFER/J1313+0931/04_07_2026/PDR_GULP_data001.pcap_04_07_2026_18_45_1783170936.PCAP_PDR
04-07-2026 19:04 - WARNING - first_pkt_count, first_gps_count, first_pkt_Tstamp
04-07-2026 19:04 - WARNING - 1999437823 65155 2026-07-04T13:15:04.692282
04-07-2026 19:04 - WARNING - last_pkt_count, last_gps_count, last_pkt_Tstamp
04-07-2026 19:04 - WARNING - 2001320364 65184 2026-07-04T13:15:33.900106
04-07-2026 19:04 - WARNING - diff_pkt_count  , diff_gps_count ,  diff_pkt_timstamp
04-07-2026 19:04 - WARNING - 1882541 29 29207824 microseconds
04-07-2026 19:04 - WARNING - No packet loss: /data/dsp/GBD_TRANSIENT_BUFFER/J1313+0931/04_07_2026/PDR_GULP_data002.pcap_04_07_2026_18_46_1783170966.PCAP_PDR
04-07-2026 19:04 - WARNING - first_pkt_count, first_gps_count, first_pkt_Tstamp
04-07-2026 19:04 - WARNING - 2001320365 65184 2026-07-04T13:15:33.900106
04-07-2026 19:04 - WARNING - last_pkt_count, last_gps_count, last_pkt_Tstamp
04-07-2026 19:04 - WARNING - 2003202906 65214 2026-07-04T13:16:03.107976
04-07-2026 19:04 - WARNING - diff_pkt_count  , diff_gps_count ,  diff_pkt_timstamp
04-07-2026 19:04 - WARNING - 1882541 30 29207870 microseconds
04-07-2026 19:04 - WARNING - No packet loss: /data/dsp/GBD_TRANSIENT_BUFFER/J1313+0931/04_07_2026/PDR_GULP_data000.pcap_04_07_2026_18_46_1783170995.PCAP_PDR
04-07-2026 19:04 - WARNING - first_pkt_count, first_gps_count, first_pkt_Tstamp
04-07-2026 19:04 - WARNING - 2003202907 65214 2026-07-04T13:16:03.107977
04-07-2026 19:04 - WARNING - last_pkt_count, last_gps_count, last_pkt_Tstamp
04-07-2026 19:04 - WARNING - 2005085449 65243 2026-07-04T13:16:32.315774
04-07-2026 19:04 - WARNING - diff_pkt_count  , diff_gps_count ,  diff_pkt_timstamp
04-07-2026 19:04 - WARNING - 1882542 29 29207797 microseconds
04-07-2026 19:04 - WARNING - No packet loss: /data/dsp/GBD_TRANSIENT_BUFFER/J1313+0931/04_07_2026/PDR_GULP_data001.pcap_04_07_2026_18_47_1783171024.PCAP_PDR
04-07-2026 19:04 - WARNING - first_pkt_count, first_gps_count, first_pkt_Tstamp
04-07-2026 19:04 - WARNING - 2005085450 65243 2026-07-04T13:16:32.315828
04-07-2026 19:04 - WARNING - last_pkt_count, last_gps_count, last_pkt_Tstamp
04-07-2026 19:04 - WARNING - 2006967991 65272 2026-07-04T13:17:01.523645
04-07-2026 19:04 - WARNING - diff_pkt_count  , diff_gps_count ,  diff_pkt_timstamp
04-07-2026 19:04 - WARNING - 1882541 29 29207817 microseconds
04-07-2026 19:04 - WARNING - No packet loss: /data/dsp/GBD_TRANSIENT_BUFFER/J1313+0931/04_07_2026/PDR_GULP_data002.pcap_04_07_2026_18_47_1783171053.PCAP_PDR
04-07-2026 19:04 - WARNING - first_pkt_count, first_gps_count, first_pkt_Tstamp
04-07-2026 19:04 - WARNING - 2006967992 65272 2026-07-04T13:17:01.523646
04-07-2026 19:04 - WARNING - last_pkt_count, last_gps_count, last_pkt_Tstamp
04-07-2026 19:04 - WARNING - 2008850533 65301 2026-07-04T13:17:30.731579
04-07-2026 19:04 - WARNING - diff_pkt_count  , diff_gps_count ,  diff_pkt_timstamp
04-07-2026 19:04 - WARNING - 1882541 29 29207933 microseconds
04-07-2026 19:04 - WARNING - No packet loss: /data/dsp/GBD_TRANSIENT_BUFFER/J1313+0931/04_07_2026/PDR_GULP_data000.pcap_04_07_2026_18_48_1783171082.PCAP_PDR
04-07-2026 19:04 - WARNING - first_pkt_count, first_gps_count, first_pkt_Tstamp
04-07-2026 19:04 - WARNING - 2008850534 65301 2026-07-04T13:17:30.731579
04-07-2026 19:04 - WARNING - last_pkt_count, last_gps_count, last_pkt_Tstamp
04-07-2026 19:04 - WARNING - 2010733075 65330 2026-07-04T13:17:59.939343
04-07-2026 19:04 - WARNING - diff_pkt_count  , diff_gps_count ,  diff_pkt_timstamp
04-07-2026 19:04 - WARNING - 1882541 29 29207764 microseconds
04-07-2026 19:04 - WARNING - No packet loss: /data/dsp/GBD_TRANSIENT_BUFFER/J1313+0931/04_07_2026/PDR_GULP_data001.pcap_04_07_2026_18_48_1783171112.PCAP_PDR
04-07-2026 19:04 - WARNING - first_pkt_count, first_gps_count, first_pkt_Tstamp
04-07-2026 19:04 - WARNING - 2010733076 65330 2026-07-04T13:17:59.939411
04-07-2026 19:04 - WARNING - last_pkt_count, last_gps_count, last_pkt_Tstamp
04-07-2026 19:04 - WARNING - 2012615617 65360 2026-07-04T13:18:29.147229
04-07-2026 19:04 - WARNING - diff_pkt_count  , diff_gps_count ,  diff_pkt_timstamp
04-07-2026 19:04 - WARNING - 1882541 30 29207818 microseconds
04-07-2026 19:04 - WARNING - No packet loss: /data/dsp/GBD_TRANSIENT_BUFFER/J1313+0931/04_07_2026/PDR_GULP_data002.pcap_04_07_2026_18_49_1783171141.PCAP_PDR
04-07-2026 19:04 - WARNING - first_pkt_count, first_gps_count, first_pkt_Tstamp
04-07-2026 19:04 - WARNING - 2012615618 65360 2026-07-04T13:18:29.147319
04-07-2026 19:04 - WARNING - last_pkt_count, last_gps_count, last_pkt_Tstamp
04-07-2026 19:04 - WARNING - 2014498159 65389 2026-07-04T13:18:58.355133
04-07-2026 19:04 - WARNING - diff_pkt_count  , diff_gps_count ,  diff_pkt_timstamp
04-07-2026 19:04 - WARNING - 1882541 29 29207814 microseconds
04-07-2026 19:04 - WARNING - No packet loss: /data/dsp/GBD_TRANSIENT_BUFFER/J1313+0931/04_07_2026/PDR_GULP_data000.pcap_04_07_2026_18_49_1783171170.PCAP_PDR
04-07-2026 19:04 - WARNING - first_pkt_count, first_gps_count, first_pkt_Tstamp
04-07-2026 19:04 - WARNING - 2014498160 65389 2026-07-04T13:18:58.355134
04-07-2026 19:04 - WARNING - last_pkt_count, last_gps_count, last_pkt_Tstamp
04-07-2026 19:04 - WARNING - 2016380702 65418 2026-07-04T13:19:27.563029
04-07-2026 19:04 - WARNING - diff_pkt_count  , diff_gps_count ,  diff_pkt_timstamp
04-07-2026 19:04 - WARNING - 1882542 29 29207895 microseconds
04-07-2026 19:04 - WARNING - No packet loss: /data/dsp/GBD_TRANSIENT_BUFFER/J1313+0931/04_07_2026/PDR_GULP_data001.pcap_04_07_2026_18_49_1783171199.PCAP_PDR
04-07-2026 19:04 - WARNING - first_pkt_count, first_gps_count, first_pkt_Tstamp
04-07-2026 19:04 - WARNING - 2016380703 65418 2026-07-04T13:19:27.563029
04-07-2026 19:04 - WARNING - last_pkt_count, last_gps_count, last_pkt_Tstamp
04-07-2026 19:04 - WARNING - 2018263244 65447 2026-07-04T13:19:56.770906
04-07-2026 19:04 - WARNING - diff_pkt_count  , diff_gps_count ,  diff_pkt_timstamp
04-07-2026 19:04 - WARNING - 1882541 29 29207877 microseconds
04-07-2026 19:04 - WARNING - No packet loss: /data/dsp/GBD_TRANSIENT_BUFFER/J1313+0931/04_07_2026/PDR_GULP_data002.pcap_04_07_2026_18_50_1783171228.PCAP_PDR
04-07-2026 19:04 - WARNING - first_pkt_count, first_gps_count, first_pkt_Tstamp
04-07-2026 19:04 - WARNING - 2018263245 65447 2026-07-04T13:19:56.770907
04-07-2026 19:04 - WARNING - last_pkt_count, last_gps_count, last_pkt_Tstamp
04-07-2026 19:04 - WARNING - 2020145786 65476 2026-07-04T13:20:25.978789
04-07-2026 19:04 - WARNING - diff_pkt_count  , diff_gps_count ,  diff_pkt_timstamp
04-07-2026 19:04 - WARNING - 1882541 29 29207882 microseconds
04-07-2026 19:04 - WARNING - No packet loss: /data/dsp/GBD_TRANSIENT_BUFFER/J1313+0931/04_07_2026/PDR_GULP_data000.pcap_04_07_2026_18_50_1783171258.PCAP_PDR
04-07-2026 19:04 - WARNING - first_pkt_count, first_gps_count, first_pkt_Tstamp
04-07-2026 19:04 - WARNING - 2020145787 65476 2026-07-04T13:20:25.978789
04-07-2026 19:04 - WARNING - last_pkt_count, last_gps_count, last_pkt_Tstamp
04-07-2026 19:04 - WARNING - 2022028328 65506 2026-07-04T13:20:55.186644
04-07-2026 19:04 - WARNING - diff_pkt_count  , diff_gps_count ,  diff_pkt_timstamp
04-07-2026 19:04 - WARNING - 1882541 30 29207855 microseconds
04-07-2026 19:04 - WARNING - No packet loss: /data/dsp/GBD_TRANSIENT_BUFFER/J1313+0931/04_07_2026/PDR_GULP_data001.pcap_04_07_2026_18_51_1783171287.PCAP_PDR
04-07-2026 19:04 - WARNING - first_pkt_count, first_gps_count, first_pkt_Tstamp
04-07-2026 19:04 - WARNING - 2022028329 65506 2026-07-04T13:20:55.186713
04-07-2026 19:04 - WARNING - last_pkt_count, last_gps_count, last_pkt_Tstamp
04-07-2026 19:04 - WARNING - 2023910870 65535 2026-07-04T13:21:24.394553
04-07-2026 19:04 - WARNING - diff_pkt_count  , diff_gps_count ,  diff_pkt_timstamp
04-07-2026 19:04 - WARNING - 1882541 29 29207840 microseconds
04-07-2026 19:04 - WARNING - No packet loss: /data/dsp/GBD_TRANSIENT_BUFFER/J1313+0931/04_07_2026/PDR_GULP_data002.pcap_04_07_2026_18_51_1783171316.PCAP_PDR
04-07-2026 19:04 - WARNING - first_pkt_count, first_gps_count, first_pkt_Tstamp
04-07-2026 19:04 - WARNING - 2023910871 65535 2026-07-04T13:21:24.394553
04-07-2026 19:04 - WARNING - last_pkt_count, last_gps_count, last_pkt_Tstamp
04-07-2026 19:04 - WARNING - 2025793412 28 2026-07-04T13:21:53.602439
04-07-2026 19:04 - WARNING - diff_pkt_count  , diff_gps_count ,  diff_pkt_timstamp
04-07-2026 19:04 - WARNING - 1882541 -65507 29207886 microseconds
04-07-2026 19:04 - WARNING - No packet loss: /data/dsp/GBD_TRANSIENT_BUFFER/J1313+0931/04_07_2026/PDR_GULP_data000.pcap_04_07_2026_18_52_1783171345.PCAP_PDR
04-07-2026 19:04 - WARNING - first_pkt_count, first_gps_count, first_pkt_Tstamp
04-07-2026 19:04 - WARNING - 2025793413 28 2026-07-04T13:21:53.602492
04-07-2026 19:04 - WARNING - last_pkt_count, last_gps_count, last_pkt_Tstamp
04-07-2026 19:04 - WARNING - 2027675955 57 2026-07-04T13:22:22.810387
04-07-2026 19:04 - WARNING - diff_pkt_count  , diff_gps_count ,  diff_pkt_timstamp
04-07-2026 19:04 - WARNING - 1882542 29 29207895 microseconds
04-07-2026 19:04 - WARNING - No packet loss: /data/dsp/GBD_TRANSIENT_BUFFER/J1313+0931/04_07_2026/PDR_GULP_data001.pcap_04_07_2026_18_52_1783171375.PCAP_PDR
04-07-2026 19:04 - WARNING - first_pkt_count, first_gps_count, first_pkt_Tstamp
04-07-2026 19:04 - WARNING - 2027675956 57 2026-07-04T13:22:22.810476
04-07-2026 19:04 - WARNING - last_pkt_count, last_gps_count, last_pkt_Tstamp
04-07-2026 19:04 - WARNING - 2029558497 87 2026-07-04T13:22:52.018286
04-07-2026 19:04 - WARNING - diff_pkt_count  , diff_gps_count ,  diff_pkt_timstamp
04-07-2026 19:04 - WARNING - 1882541 30 29207810 microseconds
04-07-2026 19:04 - WARNING - No packet loss: /data/dsp/GBD_TRANSIENT_BUFFER/J1313+0931/04_07_2026/PDR_GULP_data002.pcap_04_07_2026_18_53_1783171404.PCAP_PDR
04-07-2026 19:04 - WARNING - first_pkt_count, first_gps_count, first_pkt_Tstamp
04-07-2026 19:04 - WARNING - 2029558498 87 2026-07-04T13:22:52.018337
04-07-2026 19:04 - WARNING - last_pkt_count, last_gps_count, last_pkt_Tstamp
04-07-2026 19:04 - WARNING - 2031441039 116 2026-07-04T13:23:21.226270
04-07-2026 19:04 - WARNING - diff_pkt_count  , diff_gps_count ,  diff_pkt_timstamp
04-07-2026 19:04 - WARNING - 1882541 29 29207933 microseconds
04-07-2026 19:04 - WARNING - No packet loss: /data/dsp/GBD_TRANSIENT_BUFFER/J1313+0931/04_07_2026/PDR_GULP_data000.pcap_04_07_2026_18_53_1783171433.PCAP_PDR
04-07-2026 19:04 - WARNING - first_pkt_count, first_gps_count, first_pkt_Tstamp
04-07-2026 19:04 - WARNING - 2031441040 116 2026-07-04T13:23:21.226270
04-07-2026 19:04 - WARNING - last_pkt_count, last_gps_count, last_pkt_Tstamp
04-07-2026 19:04 - WARNING - 2033323581 145 2026-07-04T13:23:50.434107
04-07-2026 19:04 - WARNING - diff_pkt_count  , diff_gps_count ,  diff_pkt_timstamp
04-07-2026 19:04 - WARNING - 1882541 29 29207837 microseconds
04-07-2026 19:04 - WARNING - No packet loss: /data/dsp/GBD_TRANSIENT_BUFFER/J1313+0931/04_07_2026/PDR_GULP_data001.pcap_04_07_2026_18_54_1783171462.PCAP_PDR
04-07-2026 19:04 - WARNING - first_pkt_count, first_gps_count, first_pkt_Tstamp
04-07-2026 19:04 - WARNING - 2033323582 145 2026-07-04T13:23:50.434160
04-07-2026 19:04 - WARNING - last_pkt_count, last_gps_count, last_pkt_Tstamp
04-07-2026 19:04 - WARNING - 2035206123 174 2026-07-04T13:24:19.642065
04-07-2026 19:04 - WARNING - diff_pkt_count  , diff_gps_count ,  diff_pkt_timstamp
04-07-2026 19:04 - WARNING - 1882541 29 29207905 microseconds
04-07-2026 19:04 - WARNING - No packet loss: /data/dsp/GBD_TRANSIENT_BUFFER/J1313+0931/04_07_2026/PDR_GULP_data002.pcap_04_07_2026_18_54_1783171491.PCAP_PDR
04-07-2026 19:04 - WARNING - first_pkt_count, first_gps_count, first_pkt_Tstamp
04-07-2026 19:04 - WARNING - 2035206124 174 2026-07-04T13:24:19.642065
04-07-2026 19:04 - WARNING - last_pkt_count, last_gps_count, last_pkt_Tstamp
04-07-2026 19:04 - WARNING - 2037088665 203 2026-07-04T13:24:48.849951
04-07-2026 19:04 - WARNING - diff_pkt_count  , diff_gps_count ,  diff_pkt_timstamp
04-07-2026 19:04 - WARNING - 1882541 29 29207886 microseconds
04-07-2026 19:04 - WARNING - No packet loss: /data/dsp/GBD_TRANSIENT_BUFFER/J1313+0931/04_07_2026/PDR_GULP_data000.pcap_04_07_2026_18_55_1783171521.PCAP_PDR
04-07-2026 19:04 - WARNING - first_pkt_count, first_gps_count, first_pkt_Tstamp
04-07-2026 19:04 - WARNING - 2037088666 203 2026-07-04T13:24:48.849951
04-07-2026 19:04 - WARNING - last_pkt_count, last_gps_count, last_pkt_Tstamp
04-07-2026 19:04 - WARNING - 2038971208 233 2026-07-04T13:25:18.057972
04-07-2026 19:04 - WARNING - diff_pkt_count  , diff_gps_count ,  diff_pkt_timstamp
04-07-2026 19:04 - WARNING - 1882542 30 29208021 microseconds
04-07-2026 19:04 - WARNING - No packet loss: /data/dsp/GBD_TRANSIENT_BUFFER/J1313+0931/04_07_2026/PDR_GULP_data001.pcap_04_07_2026_18_55_1783171550.PCAP_PDR
04-07-2026 19:04 - WARNING - first_pkt_count, first_gps_count, first_pkt_Tstamp
04-07-2026 19:04 - WARNING - 2038971209 233 2026-07-04T13:25:18.057972
04-07-2026 19:04 - WARNING - last_pkt_count, last_gps_count, last_pkt_Tstamp
04-07-2026 19:04 - WARNING - 2040853750 262 2026-07-04T13:25:47.265862
04-07-2026 19:04 - WARNING - diff_pkt_count  , diff_gps_count ,  diff_pkt_timstamp
04-07-2026 19:04 - WARNING - 1882541 29 29207890 microseconds
04-07-2026 19:04 - WARNING - No packet loss: /data/dsp/GBD_TRANSIENT_BUFFER/J1313+0931/04_07_2026/PDR_GULP_data002.pcap_04_07_2026_18_56_1783171579.PCAP_PDR
04-07-2026 19:04 - WARNING - first_pkt_count, first_gps_count, first_pkt_Tstamp
04-07-2026 19:04 - WARNING - 2040853751 262 2026-07-04T13:25:47.265862
04-07-2026 19:04 - WARNING - last_pkt_count, last_gps_count, last_pkt_Tstamp
04-07-2026 19:04 - WARNING - 2042736292 291 2026-07-04T13:26:16.473769
04-07-2026 19:04 - WARNING - diff_pkt_count  , diff_gps_count ,  diff_pkt_timstamp
04-07-2026 19:04 - WARNING - 1882541 29 29207907 microseconds
04-07-2026 19:04 - WARNING - No packet loss: /data/dsp/GBD_TRANSIENT_BUFFER/J1313+0931/04_07_2026/PDR_GULP_data000.pcap_04_07_2026_18_56_1783171608.PCAP_PDR
04-07-2026 19:04 - WARNING - first_pkt_count, first_gps_count, first_pkt_Tstamp
04-07-2026 19:04 - WARNING - 2042736293 291 2026-07-04T13:26:16.473770
04-07-2026 19:04 - WARNING - last_pkt_count, last_gps_count, last_pkt_Tstamp
04-07-2026 19:04 - WARNING - 2044618834 320 2026-07-04T13:26:45.681742
04-07-2026 19:04 - WARNING - diff_pkt_count  , diff_gps_count ,  diff_pkt_timstamp
04-07-2026 19:04 - WARNING - 1882541 29 29207972 microseconds
04-07-2026 19:04 - WARNING - No packet loss: /data/dsp/GBD_TRANSIENT_BUFFER/J1313+0931/04_07_2026/PDR_GULP_data001.pcap_04_07_2026_18_57_1783171637.PCAP_PDR
04-07-2026 19:04 - WARNING - first_pkt_count, first_gps_count, first_pkt_Tstamp
04-07-2026 19:04 - WARNING - 2044618835 320 2026-07-04T13:26:45.681742
04-07-2026 19:04 - WARNING - last_pkt_count, last_gps_count, last_pkt_Tstamp
04-07-2026 19:04 - WARNING - 2046501376 349 2026-07-04T13:27:14.889650
04-07-2026 19:04 - WARNING - diff_pkt_count  , diff_gps_count ,  diff_pkt_timstamp
04-07-2026 19:04 - WARNING - 1882541 29 29207908 microseconds
04-07-2026 19:04 - WARNING - No packet loss: /data/dsp/GBD_TRANSIENT_BUFFER/J1313+0931/04_07_2026/PDR_GULP_data002.pcap_04_07_2026_18_57_1783171667.PCAP_PDR
04-07-2026 19:04 - WARNING - first_pkt_count, first_gps_count, first_pkt_Tstamp
04-07-2026 19:04 - WARNING - 2046501377 349 2026-07-04T13:27:14.889650
04-07-2026 19:04 - WARNING - last_pkt_count, last_gps_count, last_pkt_Tstamp
04-07-2026 19:04 - WARNING - 2048383918 379 2026-07-04T13:27:44.097598
04-07-2026 19:04 - WARNING - diff_pkt_count  , diff_gps_count ,  diff_pkt_timstamp
04-07-2026 19:04 - WARNING - 1882541 30 29207948 microseconds
04-07-2026 19:04 - WARNING - No packet loss: /data/dsp/GBD_TRANSIENT_BUFFER/J1313+0931/04_07_2026/PDR_GULP_data000.pcap_04_07_2026_18_58_1783171696.PCAP_PDR
04-07-2026 19:04 - WARNING - first_pkt_count, first_gps_count, first_pkt_Tstamp
04-07-2026 19:04 - WARNING - 2048383919 379 2026-07-04T13:27:44.097598
04-07-2026 19:04 - WARNING - last_pkt_count, last_gps_count, last_pkt_Tstamp
04-07-2026 19:04 - WARNING - 2050266461 408 2026-07-04T13:28:13.305565
04-07-2026 19:04 - WARNING - diff_pkt_count  , diff_gps_count ,  diff_pkt_timstamp
04-07-2026 19:04 - WARNING - 1882542 29 29207967 microseconds
04-07-2026 19:04 - WARNING - No packet loss: /data/dsp/GBD_TRANSIENT_BUFFER/J1313+0931/04_07_2026/PDR_GULP_data001.pcap_04_07_2026_18_58_1783171725.PCAP_PDR
04-07-2026 19:04 - WARNING - first_pkt_count, first_gps_count, first_pkt_Tstamp
04-07-2026 19:04 - WARNING - 2050266462 408 2026-07-04T13:28:13.305565
04-07-2026 19:04 - WARNING - last_pkt_count, last_gps_count, last_pkt_Tstamp
04-07-2026 19:04 - WARNING - 2052149003 437 2026-07-04T13:28:42.513517
04-07-2026 19:04 - WARNING - diff_pkt_count  , diff_gps_count ,  diff_pkt_timstamp
04-07-2026 19:04 - WARNING - 1882541 29 29207952 microseconds
04-07-2026 19:04 - WARNING - No packet loss: /data/dsp/GBD_TRANSIENT_BUFFER/J1313+0931/04_07_2026/PDR_GULP_data002.pcap_04_07_2026_18_59_1783171754.PCAP_PDR
04-07-2026 19:04 - WARNING - first_pkt_count, first_gps_count, first_pkt_Tstamp
04-07-2026 19:04 - WARNING - 2052149004 437 2026-07-04T13:28:42.513518
04-07-2026 19:04 - WARNING - last_pkt_count, last_gps_count, last_pkt_Tstamp
04-07-2026 19:04 - WARNING - 2054031545 466 2026-07-04T13:29:11.721402
04-07-2026 19:04 - WARNING - diff_pkt_count  , diff_gps_count ,  diff_pkt_timstamp
04-07-2026 19:04 - WARNING - 1882541 29 29207884 microseconds
04-07-2026 19:04 - WARNING - No packet loss: /data/dsp/GBD_TRANSIENT_BUFFER/J1313+0931/04_07_2026/PDR_GULP_data000.pcap_04_07_2026_18_59_1783171783.PCAP_PDR
04-07-2026 19:04 - WARNING - first_pkt_count, first_gps_count, first_pkt_Tstamp
04-07-2026 19:04 - WARNING - 2054031546 466 2026-07-04T13:29:11.721403
04-07-2026 19:04 - WARNING - last_pkt_count, last_gps_count, last_pkt_Tstamp
04-07-2026 19:04 - WARNING - 2055914087 495 2026-07-04T13:29:40.929331
04-07-2026 19:04 - WARNING - diff_pkt_count  , diff_gps_count ,  diff_pkt_timstamp
04-07-2026 19:04 - WARNING - 1882541 29 29207928 microseconds
04-07-2026 19:04 - WARNING - No packet loss: /data/dsp/GBD_TRANSIENT_BUFFER/J1313+0931/04_07_2026/PDR_GULP_data001.pcap_04_07_2026_19_00_1783171813.PCAP_PDR
04-07-2026 19:04 - WARNING - first_pkt_count, first_gps_count, first_pkt_Tstamp
04-07-2026 19:04 - WARNING - 2055914088 495 2026-07-04T13:29:40.929332
04-07-2026 19:04 - WARNING - last_pkt_count, last_gps_count, last_pkt_Tstamp
04-07-2026 19:04 - WARNING - 2057796629 525 2026-07-04T13:30:10.137359
04-07-2026 19:04 - WARNING - diff_pkt_count  , diff_gps_count ,  diff_pkt_timstamp
04-07-2026 19:04 - WARNING - 1882541 30 29208027 microseconds
04-07-2026 19:04 - WARNING - No packet loss: /data/dsp/GBD_TRANSIENT_BUFFER/J1313+0931/04_07_2026/PDR_GULP_data002.pcap_04_07_2026_19_00_1783171842.PCAP_PDR
04-07-2026 19:04 - WARNING - first_pkt_count, first_gps_count, first_pkt_Tstamp
04-07-2026 19:04 - WARNING - 2057796630 525 2026-07-04T13:30:10.137359
04-07-2026 19:04 - WARNING - last_pkt_count, last_gps_count, last_pkt_Tstamp
04-07-2026 19:04 - WARNING - 2059679171 554 2026-07-04T13:30:39.345192
04-07-2026 19:04 - WARNING - diff_pkt_count  , diff_gps_count ,  diff_pkt_timstamp
04-07-2026 19:04 - WARNING - 1882541 29 29207833 microseconds
04-07-2026 19:04 - WARNING - No packet loss: /data/dsp/GBD_TRANSIENT_BUFFER/J1313+0931/04_07_2026/PDR_GULP_data000.pcap_04_07_2026_19_01_1783171871.PCAP_PDR
04-07-2026 19:04 - WARNING - first_pkt_count, first_gps_count, first_pkt_Tstamp
04-07-2026 19:04 - WARNING - 2059679172 554 2026-07-04T13:30:39.345245
04-07-2026 19:04 - WARNING - last_pkt_count, last_gps_count, last_pkt_Tstamp
04-07-2026 19:04 - WARNING - 2061561714 583 2026-07-04T13:31:08.553205
04-07-2026 19:04 - WARNING - diff_pkt_count  , diff_gps_count ,  diff_pkt_timstamp
04-07-2026 19:04 - WARNING - 1882542 29 29207960 microseconds
04-07-2026 19:04 - WARNING - No packet loss: /data/dsp/GBD_TRANSIENT_BUFFER/J1313+0931/04_07_2026/PDR_GULP_data001.pcap_04_07_2026_19_01_1783171900.PCAP_PDR
04-07-2026 19:04 - WARNING - first_pkt_count, first_gps_count, first_pkt_Tstamp
04-07-2026 19:04 - WARNING - 2061561715 583 2026-07-04T13:31:08.553206
04-07-2026 19:04 - WARNING - last_pkt_count, last_gps_count, last_pkt_Tstamp
04-07-2026 19:04 - WARNING - 2063444256 612 2026-07-04T13:31:37.761140
04-07-2026 19:04 - WARNING - diff_pkt_count  , diff_gps_count ,  diff_pkt_timstamp
04-07-2026 19:04 - WARNING - 1882541 29 29207934 microseconds
04-07-2026 19:04 - WARNING - No packet loss: /data/dsp/GBD_TRANSIENT_BUFFER/J1313+0931/04_07_2026/PDR_GULP_data002.pcap_04_07_2026_19_02_1783171929.PCAP_PDR
04-07-2026 19:04 - WARNING - first_pkt_count, first_gps_count, first_pkt_Tstamp
04-07-2026 19:04 - WARNING - 2063444257 612 2026-07-04T13:31:37.761140
04-07-2026 19:04 - WARNING - last_pkt_count, last_gps_count, last_pkt_Tstamp
04-07-2026 19:04 - WARNING - 2065326798 641 2026-07-04T13:32:06.969080
04-07-2026 19:04 - WARNING - diff_pkt_count  , diff_gps_count ,  diff_pkt_timstamp
04-07-2026 19:04 - WARNING - 1882541 29 29207940 microseconds
04-07-2026 19:04 - WARNING - No packet loss: /data/dsp/GBD_TRANSIENT_BUFFER/J1313+0931/04_07_2026/PDR_GULP_data000.pcap_04_07_2026_19_02_1783171959.PCAP_PDR
04-07-2026 19:04 - WARNING - first_pkt_count, first_gps_count, first_pkt_Tstamp
04-07-2026 19:04 - WARNING - 2065326799 641 2026-07-04T13:32:06.969080
04-07-2026 19:04 - WARNING - last_pkt_count, last_gps_count, last_pkt_Tstamp
04-07-2026 19:04 - WARNING - 2067209340 671 2026-07-04T13:32:36.177077
04-07-2026 19:04 - WARNING - diff_pkt_count  , diff_gps_count ,  diff_pkt_timstamp
04-07-2026 19:04 - WARNING - 1882541 30 29207997 microseconds
04-07-2026 19:04 - WARNING - No packet loss: /data/dsp/GBD_TRANSIENT_BUFFER/J1313+0931/04_07_2026/PDR_GULP_data001.pcap_04_07_2026_19_03_1783171988.PCAP_PDR
04-07-2026 19:04 - WARNING - first_pkt_count, first_gps_count, first_pkt_Tstamp
04-07-2026 19:04 - WARNING - 2067209341 671 2026-07-04T13:32:36.177077
04-07-2026 19:04 - WARNING - last_pkt_count, last_gps_count, last_pkt_Tstamp
04-07-2026 19:04 - WARNING - 2069091882 700 2026-07-04T13:33:05.384989
04-07-2026 19:04 - WARNING - diff_pkt_count  , diff_gps_count ,  diff_pkt_timstamp
04-07-2026 19:04 - WARNING - 1882541 29 29207912 microseconds
04-07-2026 19:04 - WARNING - No packet loss: /data/dsp/GBD_TRANSIENT_BUFFER/J1313+0931/04_07_2026/PDR_GULP_data002.pcap_04_07_2026_19_03_1783172017.PCAP_PDR
04-07-2026 19:04 - WARNING - first_pkt_count, first_gps_count, first_pkt_Tstamp
04-07-2026 19:04 - WARNING - 2069091883 700 2026-07-04T13:33:05.384989
04-07-2026 19:04 - WARNING - last_pkt_count, last_gps_count, last_pkt_Tstamp
04-07-2026 19:04 - WARNING - 2070974424 729 2026-07-04T13:33:34.592991
04-07-2026 19:04 - WARNING - diff_pkt_count  , diff_gps_count ,  diff_pkt_timstamp
04-07-2026 19:04 - WARNING - 1882541 29 29208002 microseconds
04-07-2026 19:04 SLIP check Finished...
04-07-2026 19:04 Pulsar data reduction pipeline started ...
04-07-2026 19:04 - WARNING - Data Directory: /data/dsp/GBD_TRANSIENT_BUFFER/J1313+0931/04_07_2026
04-07-2026 19:04 - WARNING - Pulsar: J1313+0931
04-07-2026 19:04 - WARNING - CH selelction: 0
04-07-2026 19:04 - WARNING - Phase file: /home/dsp/PDR_acquire_setup/dada_scripts/phase/rf_path_phase.dat
04-07-2026 19:04 - WARNING - Obs. logfile: /home/dsp/PDR_acquire_setup/master_obs_log/J1313+0931_04_07_2026_observation.log
04-07-2026 19:04 - WARNING - Observation start time: 2026_07_04_18_25_07
04-07-2026 19:04 - WARNING - parfile: /home/dsp/parfiles/J1313+0931.par
04-07-2026 19:04 - WARNING - DM: 12.04062
04-07-2026 19:04 - WARNING - Period: 0.8489327886610647
04-07-2026 19:04 - WARNING - RA_DEC: 13:13:23.0+09:31:56
04-07-2026 19:04 - WARNING - out_dada_file: J1313+0931_2026_07_04_18_25_07_type_0.dada
04-07-2026 19:04 - WARNING - Number of files to process: 80
04-07-2026 19:04 - WARNING - Files per batch:  17
04-07-2026 19:27 - WARNING - Time taken for PDR2DADA convertion: 0:23:06.713919
04-07-2026 19:27 - WARNING - Center_freq: 175
04-07-2026 19:27 - WARNING - int_time: 3.0
04-07-2026 19:27 - WARNING - nbins: 256
04-07-2026 19:27 - WARNING - fil_chan: 256
04-07-2026 19:27 - WARNING - cpu: 2,3,4,5,6,7,8,9,10,11,12,13,14,15,16
04-07-2026 19:27 - WARNING - thread: 32
04-07-2026 19:27 - WARNING - nbit: 8
04-07-2026 19:27 - WARNING - time_avg: 0.000256
04-07-2026 19:27 - WARNING - MJD_START: 61225.53827741221
04-07-2026 19:27 - WARNING - output: J1313+0931_61225.54_175MHz_type_0_GBD_DART
04-07-2026 19:27 - WARNING - singularity_container: singularity exec /home/dsp/singularity_imag/pschive_py3.sif  
04-07-2026 19:27 - WARNING - ------ DIGIFITS ------
04-07-2026 19:27 - WARNING - ---- Search Mode FITS -------
04-07-2026 19:27 - WARNING - digifits_ful_stokes_cmd: singularity exec /home/dsp/singularity_imag/pschive_py3.sif  digifits  -F 256 -x 256 -b 8 -p 4 -t 0.000256 J1313+0931_2026_07_04_18_25_07_type_0.dada -o J1313+0931_2026_07_04_18_25_07_type_0.dada_stokes.fits
04-07-2026 19:53 - WARNING - ------ Total intensity FITS -------
04-07-2026 19:53 - WARNING - digifits_total_intensity_cmd: singularity exec /home/dsp/singularity_imag/pschive_py3.sif  digifits  -F 256 -x 256 -b 8 -p 1 -t 0.000256 J1313+0931_2026_07_04_18_25_07_type_0.dada -o J1313+0931_2026_07_04_18_25_07_type_0.dada_intensity.fits
04-07-2026 20:15 - WARNING - Nchan: 256
04-07-2026 20:15 - WARNING - Nbin: 256
04-07-2026 20:15 - WARNING - Tavg: 0.000256
04-07-2026 20:15 - WARNING - Time taken for DIGIFITS run: 0:48:14.982788
04-07-2026 20:15 - WARNING - ------ DSPSR ------
04-07-2026 20:15 - WARNING - ------- Coherent Dedispersion Folded archive -------
04-07-2026 20:15 - WARNING - dspsr_cmd: singularity exec /home/dsp/singularity_imag/pschive_py3.sif  dspsr J1313+0931_2026_07_04_18_25_07_type_0.dada -cpu 2,3,4,5,6,7,8,9,10,11,12,13,14,15,16 -t 32 -E /home/dsp/parfiles/J1313+0931.par -L 3.0 -b 256 -F 256:D -N J1313+0931 -a PSRFITS -A -e .fits -O J1313+0931_61225.54_175MHz_type_0_GBD_DART
04-07-2026 20:23 - WARNING - ------- Incoherent Dedispersion Folded archive -------
04-07-2026 20:23 - WARNING - Incoherent_DD_dspsr_cmd: singularity exec /home/dsp/singularity_imag/pschive_py3.sif  dspsr J1313+0931_2026_07_04_18_25_07_type_0.dada_stokes.fits -cpu 2,3,4,5,6,7,8,9,10,11,12,13,14,15,16 -t 32 -E /home/dsp/parfiles/J1313+0931.par -L 3.0 -b 256 -N J1313+0931 -A -e .fits -O J1313+0931_61225.54_175MHz_type_0_GBD_DART_stokes_Incoherent_DD
04-07-2026 20:24 - WARNING - Time taken for DSPSR run: 0:09:16.867800
04-07-2026 20:24 - WARNING - ------ PSREDIT ------
04-07-2026 20:24 - WARNING - psredit_cmd: singularity exec /home/dsp/singularity_imag/pschive_py3.sif  psredit -c name=J1313+0931,be:name=GSB,coord=13:13:23.0+09:31:56 -m *_GBD_DART*fits
04-07-2026 20:25 - WARNING - Time taken for PSREDIT run: 0:00:09.347717
04-07-2026 20:25 - WARNING - ------ Iterative RFI Cleaner ------
04-07-2026 20:25 - WARNING - Iterative_cleaner_cmd: singularity exec /home/dsp/singularity_imag/pschive_py3.sif   python3 /home/dsp/PDR_acquire_setup/iterative_cleaner.py -s 3 -c 3 -m 10 *_GBD_DART*fits
04-07-2026 20:30 - WARNING - Time taken for Iterative_cleaner run: 0:05:30.299881
04-07-2026 20:30 - WARNING - ------ PDMP ------
04-07-2026 20:30 - WARNING - pdmp_cmd1: singularity exec /home/dsp/singularity_imag/pschive_py3.sif  pdmp -dr 2 -ds 0.05 -g J1313+0931_61225.54_175MHz_type_0_GBD_DART.fits_cleaned.ar.ps/cps J1313+0931_61225.54_175MHz_type_0_GBD_DART.fits_cleaned.ar
04-07-2026 20:37 - WARNING - pdmp_cmd2: singularity exec /home/dsp/singularity_imag/pschive_py3.sif  pdmp -dr 2 -ds 0.05 -g J1313+0931_61225.54_175MHz_type_0_GBD_DART_stokes_Incoherent_DD.fits_cleaned.ar.ps/cps J1313+0931_61225.54_175MHz_type_0_GBD_DART_stokes_Incoherent_DD.fits_cleaned.ar
04-07-2026 20:44 - WARNING - Time taken for PDMP run: 0:14:05.746528
04-07-2026 20:44 - WARNING - ------ PS2PDF ------
04-07-2026 20:44 - WARNING - ps2pdf_cmd1: singularity exec /home/dsp/singularity_imag/pschive_py3.sif  ps2pdf J1313+0931_61225.54_175MHz_type_0_GBD_DART.fits_cleaned.ar.ps J1313+0931_61225.54_175MHz_type_0_GBD_DART.fits_cleaned.ar.ps.pdf
04-07-2026 20:44 - WARNING - ps2pdf_cmd2: singularity exec /home/dsp/singularity_imag/pschive_py3.sif  ps2pdf J1313+0931_61225.54_175MHz_type_0_GBD_DART_stokes_Incoherent_DD.fits_cleaned.ar.ps J1313+0931_61225.54_175MHz_type_0_GBD_DART_stokes_Incoherent_DD.fits_cleaned.ar.ps.pdf
04-07-2026 20:44 - WARNING - Time taken for PDMP run: 0:00:01.243434
04-07-2026 20:44 - WARNING - Overall time taken for data reduction: 1:40:25.932178
04-07-2026 20:44 - WARNING - J1313+0931_2026_07_04_18_25_07_type_0.dada... file removed
04-07-2026 20:44 - WARNING - All done!
04-07-2026 20:44 --- PRESTO ---
04-07-2026 20:44 singularity_container: singularity exec /home/dsp/singularity_imag/pschive_py3.sif  
04-07-2026 20:44 Filterbank to Process for PULSAR: J1313+0931 with DM:12.04062 : J1313+0931_2026_07_04_18_25_07_type_0.dada_intensity.fits
04-07-2026 20:44 --- RFIFIND ---
04-07-2026 20:44 RFIFIND: singularity exec /home/dsp/singularity_imag/pschive_py3.sif   rfifind -time 2.0 -o J1313+0931 J1313+0931_2026_07_04_18_25_07_type_0.dada_intensity.fits
04-07-2026 20:45 --- PREPDATA ---
04-07-2026 20:45 PREPDATA: singularity exec /home/dsp/singularity_imag/pschive_py3.sif   prepdata -nobary -o J1313+0931_2026_07_04_18_25_07_type_0.dada_intensity.fits -dm 12.04062 -mask J1313+0931_rfifind.mask J1313+0931_2026_07_04_18_25_07_type_0.dada_intensity.fits
04-07-2026 20:45 --- REALFFT ---
04-07-2026 20:45 REALFFT: singularity exec /home/dsp/singularity_imag/pschive_py3.sif   realfft  J1313+0931_2026_07_04_18_25_07_type_0.dada_intensity.fits.dat
04-07-2026 20:45 --- ACCELSEARCH ---
04-07-2026 20:45 ACCELSEARCH: singularity exec /home/dsp/singularity_imag/pschive_py3.sif   accelsearch -numharm 8 -zmax 8  J1313+0931_2026_07_04_18_25_07_type_0.dada_intensity.fits.fft
04-07-2026 20:45 Observation Over.
