03-08-2026 22:27 Waiting for J1921+2153 observation...
03-08-2026 22:32 Observation started...
03-08-2026 22:32 Pulsar: J1921+2153 , parfile: /home/dsp/parfiles/J1921+2153.par , DM: 12.44399
03-08-2026 22:32 Trigger sent to obs. PC [VELA].
03-08-2026 23:17 Acquired 100.
03-08-2026 23:17 ACQ over.
03-08-2026 23:17 Removing Trigger file from remote machine 
03-08-2026 23:17 Observation stoped.
-rw------- 1 dsp dsp 2.0G Aug  3 22:28 /data/TRANSIENT_BUFFER/PDR_GULP_data000.pcap_03_08_2026_22_28_1785776324.PCAP_PDR
-rw------- 1 dsp dsp 2.0G Aug  3 22:29 /data/TRANSIENT_BUFFER/PDR_GULP_data001.pcap_03_08_2026_22_29_1785776353.PCAP_PDR
-rw------- 1 dsp dsp 2.0G Aug  3 22:29 /data/TRANSIENT_BUFFER/PDR_GULP_data002.pcap_03_08_2026_22_29_1785776382.PCAP_PDR
-rw------- 1 dsp dsp 2.0G Aug  3 22:30 /data/TRANSIENT_BUFFER/PDR_GULP_data000.pcap_03_08_2026_22_30_1785776412.PCAP_PDR
-rw------- 1 dsp dsp 2.0G Aug  3 22:30 /data/TRANSIENT_BUFFER/PDR_GULP_data001.pcap_03_08_2026_22_30_1785776441.PCAP_PDR
-rw------- 1 dsp dsp 2.0G Aug  3 22:31 /data/TRANSIENT_BUFFER/PDR_GULP_data002.pcap_03_08_2026_22_31_1785776470.PCAP_PDR
-rw------- 1 dsp dsp 2.0G Aug  3 22:31 /data/TRANSIENT_BUFFER/PDR_GULP_data000.pcap_03_08_2026_22_31_1785776499.PCAP_PDR
-rw------- 1 dsp dsp 2.0G Aug  3 22:32 /data/TRANSIENT_BUFFER/PDR_GULP_data001.pcap_03_08_2026_22_32_1785776529.PCAP_PDR
-rw------- 1 dsp dsp 2.0G Aug  3 22:32 /data/TRANSIENT_BUFFER/PDR_GULP_data002.pcap_03_08_2026_22_32_1785776558.PCAP_PDR
-rw------- 1 dsp dsp 2.0G Aug  3 22:33 /data/TRANSIENT_BUFFER/PDR_GULP_data000.pcap_03_08_2026_22_33_1785776587.PCAP_PDR
-rw------- 1 dsp dsp 2.0G Aug  3 22:33 /data/TRANSIENT_BUFFER/PDR_GULP_data001.pcap_03_08_2026_22_33_1785776616.PCAP_PDR
-rw------- 1 dsp dsp 2.0G Aug  3 22:34 /data/TRANSIENT_BUFFER/PDR_GULP_data002.pcap_03_08_2026_22_34_1785776645.PCAP_PDR
-rw------- 1 dsp dsp 2.0G Aug  3 22:34 /data/TRANSIENT_BUFFER/PDR_GULP_data000.pcap_03_08_2026_22_34_1785776675.PCAP_PDR
-rw------- 1 dsp dsp 2.0G Aug  3 22:35 /data/TRANSIENT_BUFFER/PDR_GULP_data001.pcap_03_08_2026_22_35_1785776704.PCAP_PDR
-rw------- 1 dsp dsp 2.0G Aug  3 22:35 /data/TRANSIENT_BUFFER/PDR_GULP_data002.pcap_03_08_2026_22_35_1785776733.PCAP_PDR
-rw------- 1 dsp dsp 2.0G Aug  3 22:35 /data/TRANSIENT_BUFFER/PDR_GULP_data000.pcap_03_08_2026_22_36_1785776762.PCAP_PDR
-rw------- 1 dsp dsp 2.0G Aug  3 22:36 /data/TRANSIENT_BUFFER/PDR_GULP_data001.pcap_03_08_2026_22_36_1785776791.PCAP_PDR
-rw------- 1 dsp dsp 2.0G Aug  3 22:36 /data/TRANSIENT_BUFFER/PDR_GULP_data002.pcap_03_08_2026_22_37_1785776821.PCAP_PDR
-rw------- 1 dsp dsp 2.0G Aug  3 22:37 /data/TRANSIENT_BUFFER/PDR_GULP_data000.pcap_03_08_2026_22_37_1785776850.PCAP_PDR
-rw------- 1 dsp dsp 2.0G Aug  3 22:37 /data/TRANSIENT_BUFFER/PDR_GULP_data001.pcap_03_08_2026_22_37_1785776879.PCAP_PDR
-rw------- 1 dsp dsp 2.0G Aug  3 22:38 /data/TRANSIENT_BUFFER/PDR_GULP_data002.pcap_03_08_2026_22_38_1785776908.PCAP_PDR
-rw------- 1 dsp dsp 2.0G Aug  3 22:38 /data/TRANSIENT_BUFFER/PDR_GULP_data000.pcap_03_08_2026_22_38_1785776937.PCAP_PDR
-rw------- 1 dsp dsp 2.0G Aug  3 22:39 /data/TRANSIENT_BUFFER/PDR_GULP_data001.pcap_03_08_2026_22_39_1785776967.PCAP_PDR
-rw------- 1 dsp dsp 2.0G Aug  3 22:39 /data/TRANSIENT_BUFFER/PDR_GULP_data002.pcap_03_08_2026_22_39_1785776996.PCAP_PDR
-rw------- 1 dsp dsp 2.0G Aug  3 22:40 /data/TRANSIENT_BUFFER/PDR_GULP_data000.pcap_03_08_2026_22_40_1785777025.PCAP_PDR
-rw------- 1 dsp dsp 2.0G Aug  3 22:40 /data/TRANSIENT_BUFFER/PDR_GULP_data001.pcap_03_08_2026_22_40_1785777054.PCAP_PDR
-rw------- 1 dsp dsp 2.0G Aug  3 22:41 /data/TRANSIENT_BUFFER/PDR_GULP_data002.pcap_03_08_2026_22_41_1785777083.PCAP_PDR
-rw------- 1 dsp dsp 2.0G Aug  3 22:41 /data/TRANSIENT_BUFFER/PDR_GULP_data000.pcap_03_08_2026_22_41_1785777113.PCAP_PDR
-rw------- 1 dsp dsp 2.0G Aug  3 22:42 /data/TRANSIENT_BUFFER/PDR_GULP_data001.pcap_03_08_2026_22_42_1785777142.PCAP_PDR
-rw------- 1 dsp dsp 2.0G Aug  3 22:42 /data/TRANSIENT_BUFFER/PDR_GULP_data002.pcap_03_08_2026_22_42_1785777171.PCAP_PDR
-rw------- 1 dsp dsp 2.0G Aug  3 22:43 /data/TRANSIENT_BUFFER/PDR_GULP_data000.pcap_03_08_2026_22_43_1785777200.PCAP_PDR
-rw------- 1 dsp dsp 2.0G Aug  3 22:43 /data/TRANSIENT_BUFFER/PDR_GULP_data001.pcap_03_08_2026_22_43_1785777230.PCAP_PDR
-rw------- 1 dsp dsp 2.0G Aug  3 22:44 /data/TRANSIENT_BUFFER/PDR_GULP_data002.pcap_03_08_2026_22_44_1785777259.PCAP_PDR
-rw------- 1 dsp dsp 2.0G Aug  3 22:44 /data/TRANSIENT_BUFFER/PDR_GULP_data000.pcap_03_08_2026_22_44_1785777288.PCAP_PDR
-rw------- 1 dsp dsp 2.0G Aug  3 22:45 /data/TRANSIENT_BUFFER/PDR_GULP_data001.pcap_03_08_2026_22_45_1785777317.PCAP_PDR
-rw------- 1 dsp dsp 2.0G Aug  3 22:45 /data/TRANSIENT_BUFFER/PDR_GULP_data002.pcap_03_08_2026_22_45_1785777346.PCAP_PDR
-rw------- 1 dsp dsp 2.0G Aug  3 22:46 /data/TRANSIENT_BUFFER/PDR_GULP_data000.pcap_03_08_2026_22_46_1785777376.PCAP_PDR
-rw------- 1 dsp dsp 2.0G Aug  3 22:46 /data/TRANSIENT_BUFFER/PDR_GULP_data001.pcap_03_08_2026_22_46_1785777405.PCAP_PDR
-rw------- 1 dsp dsp 2.0G Aug  3 22:47 /data/TRANSIENT_BUFFER/PDR_GULP_data002.pcap_03_08_2026_22_47_1785777434.PCAP_PDR
-rw------- 1 dsp dsp 2.0G Aug  3 22:47 /data/TRANSIENT_BUFFER/PDR_GULP_data000.pcap_03_08_2026_22_47_1785777463.PCAP_PDR
-rw------- 1 dsp dsp 2.0G Aug  3 22:48 /data/TRANSIENT_BUFFER/PDR_GULP_data001.pcap_03_08_2026_22_48_1785777492.PCAP_PDR
-rw------- 1 dsp dsp 2.0G Aug  3 22:48 /data/TRANSIENT_BUFFER/PDR_GULP_data002.pcap_03_08_2026_22_48_1785777522.PCAP_PDR
-rw------- 1 dsp dsp 2.0G Aug  3 22:49 /data/TRANSIENT_BUFFER/PDR_GULP_data000.pcap_03_08_2026_22_49_1785777551.PCAP_PDR
-rw------- 1 dsp dsp 2.0G Aug  3 22:49 /data/TRANSIENT_BUFFER/PDR_GULP_data001.pcap_03_08_2026_22_49_1785777580.PCAP_PDR
-rw------- 1 dsp dsp 2.0G Aug  3 22:50 /data/TRANSIENT_BUFFER/PDR_GULP_data002.pcap_03_08_2026_22_50_1785777609.PCAP_PDR
-rw------- 1 dsp dsp 2.0G Aug  3 22:50 /data/TRANSIENT_BUFFER/PDR_GULP_data000.pcap_03_08_2026_22_50_1785777638.PCAP_PDR
-rw------- 1 dsp dsp 2.0G Aug  3 22:51 /data/TRANSIENT_BUFFER/PDR_GULP_data001.pcap_03_08_2026_22_51_1785777668.PCAP_PDR
-rw------- 1 dsp dsp 2.0G Aug  3 22:51 /data/TRANSIENT_BUFFER/PDR_GULP_data002.pcap_03_08_2026_22_51_1785777697.PCAP_PDR
-rw------- 1 dsp dsp 2.0G Aug  3 22:52 /data/TRANSIENT_BUFFER/PDR_GULP_data000.pcap_03_08_2026_22_52_1785777726.PCAP_PDR
-rw------- 1 dsp dsp 2.0G Aug  3 22:52 /data/TRANSIENT_BUFFER/PDR_GULP_data001.pcap_03_08_2026_22_52_1785777755.PCAP_PDR
-rw------- 1 dsp dsp 2.0G Aug  3 22:53 /data/TRANSIENT_BUFFER/PDR_GULP_data002.pcap_03_08_2026_22_53_1785777784.PCAP_PDR
-rw------- 1 dsp dsp 2.0G Aug  3 22:53 /data/TRANSIENT_BUFFER/PDR_GULP_data000.pcap_03_08_2026_22_53_1785777814.PCAP_PDR
-rw------- 1 dsp dsp 2.0G Aug  3 22:54 /data/TRANSIENT_BUFFER/PDR_GULP_data001.pcap_03_08_2026_22_54_1785777843.PCAP_PDR
-rw------- 1 dsp dsp 2.0G Aug  3 22:54 /data/TRANSIENT_BUFFER/PDR_GULP_data002.pcap_03_08_2026_22_54_1785777872.PCAP_PDR
-rw------- 1 dsp dsp 2.0G Aug  3 22:54 /data/TRANSIENT_BUFFER/PDR_GULP_data000.pcap_03_08_2026_22_55_1785777901.PCAP_PDR
-rw------- 1 dsp dsp 2.0G Aug  3 22:55 /data/TRANSIENT_BUFFER/PDR_GULP_data001.pcap_03_08_2026_22_55_1785777931.PCAP_PDR
-rw------- 1 dsp dsp 2.0G Aug  3 22:55 /data/TRANSIENT_BUFFER/PDR_GULP_data002.pcap_03_08_2026_22_56_1785777960.PCAP_PDR
-rw------- 1 dsp dsp 2.0G Aug  3 22:56 /data/TRANSIENT_BUFFER/PDR_GULP_data000.pcap_03_08_2026_22_56_1785777989.PCAP_PDR
-rw------- 1 dsp dsp 2.0G Aug  3 22:56 /data/TRANSIENT_BUFFER/PDR_GULP_data001.pcap_03_08_2026_22_56_1785778018.PCAP_PDR
-rw------- 1 dsp dsp 2.0G Aug  3 22:57 /data/TRANSIENT_BUFFER/PDR_GULP_data002.pcap_03_08_2026_22_57_1785778047.PCAP_PDR
-rw------- 1 dsp dsp 2.0G Aug  3 22:57 /data/TRANSIENT_BUFFER/PDR_GULP_data000.pcap_03_08_2026_22_57_1785778077.PCAP_PDR
-rw------- 1 dsp dsp 2.0G Aug  3 22:58 /data/TRANSIENT_BUFFER/PDR_GULP_data001.pcap_03_08_2026_22_58_1785778106.PCAP_PDR
-rw------- 1 dsp dsp 2.0G Aug  3 22:58 /data/TRANSIENT_BUFFER/PDR_GULP_data002.pcap_03_08_2026_22_58_1785778135.PCAP_PDR
-rw------- 1 dsp dsp 2.0G Aug  3 22:59 /data/TRANSIENT_BUFFER/PDR_GULP_data000.pcap_03_08_2026_22_59_1785778164.PCAP_PDR
-rw------- 1 dsp dsp 2.0G Aug  3 22:59 /data/TRANSIENT_BUFFER/PDR_GULP_data001.pcap_03_08_2026_22_59_1785778193.PCAP_PDR
-rw------- 1 dsp dsp 2.0G Aug  3 23:00 /data/TRANSIENT_BUFFER/PDR_GULP_data002.pcap_03_08_2026_23_00_1785778223.PCAP_PDR
-rw------- 1 dsp dsp 2.0G Aug  3 23:00 /data/TRANSIENT_BUFFER/PDR_GULP_data000.pcap_03_08_2026_23_00_1785778252.PCAP_PDR
-rw------- 1 dsp dsp 2.0G Aug  3 23:01 /data/TRANSIENT_BUFFER/PDR_GULP_data001.pcap_03_08_2026_23_01_1785778281.PCAP_PDR
-rw------- 1 dsp dsp 2.0G Aug  3 23:01 /data/TRANSIENT_BUFFER/PDR_GULP_data002.pcap_03_08_2026_23_01_1785778310.PCAP_PDR
-rw------- 1 dsp dsp 2.0G Aug  3 23:02 /data/TRANSIENT_BUFFER/PDR_GULP_data000.pcap_03_08_2026_23_02_1785778339.PCAP_PDR
-rw------- 1 dsp dsp 2.0G Aug  3 23:02 /data/TRANSIENT_BUFFER/PDR_GULP_data001.pcap_03_08_2026_23_02_1785778369.PCAP_PDR
-rw------- 1 dsp dsp 2.0G Aug  3 23:03 /data/TRANSIENT_BUFFER/PDR_GULP_data002.pcap_03_08_2026_23_03_1785778398.PCAP_PDR
-rw------- 1 dsp dsp 2.0G Aug  3 23:03 /data/TRANSIENT_BUFFER/PDR_GULP_data000.pcap_03_08_2026_23_03_1785778427.PCAP_PDR
-rw------- 1 dsp dsp 2.0G Aug  3 23:04 /data/TRANSIENT_BUFFER/PDR_GULP_data001.pcap_03_08_2026_23_04_1785778456.PCAP_PDR
-rw------- 1 dsp dsp 2.0G Aug  3 23:04 /data/TRANSIENT_BUFFER/PDR_GULP_data002.pcap_03_08_2026_23_04_1785778485.PCAP_PDR
-rw------- 1 dsp dsp 2.0G Aug  3 23:05 /data/TRANSIENT_BUFFER/PDR_GULP_data000.pcap_03_08_2026_23_05_1785778515.PCAP_PDR
-rw------- 1 dsp dsp 2.0G Aug  3 23:05 /data/TRANSIENT_BUFFER/PDR_GULP_data001.pcap_03_08_2026_23_05_1785778544.PCAP_PDR
-rw------- 1 dsp dsp 2.0G Aug  3 23:06 /data/TRANSIENT_BUFFER/PDR_GULP_data002.pcap_03_08_2026_23_06_1785778573.PCAP_PDR
-rw------- 1 dsp dsp 2.0G Aug  3 23:06 /data/TRANSIENT_BUFFER/PDR_GULP_data000.pcap_03_08_2026_23_06_1785778602.PCAP_PDR
-rw------- 1 dsp dsp 2.0G Aug  3 23:07 /data/TRANSIENT_BUFFER/PDR_GULP_data001.pcap_03_08_2026_23_07_1785778631.PCAP_PDR
-rw------- 1 dsp dsp 2.0G Aug  3 23:07 /data/TRANSIENT_BUFFER/PDR_GULP_data002.pcap_03_08_2026_23_07_1785778661.PCAP_PDR
-rw------- 1 dsp dsp 2.0G Aug  3 23:08 /data/TRANSIENT_BUFFER/PDR_GULP_data000.pcap_03_08_2026_23_08_1785778690.PCAP_PDR
-rw------- 1 dsp dsp 2.0G Aug  3 23:08 /data/TRANSIENT_BUFFER/PDR_GULP_data001.pcap_03_08_2026_23_08_1785778719.PCAP_PDR
-rw------- 1 dsp dsp 2.0G Aug  3 23:09 /data/TRANSIENT_BUFFER/PDR_GULP_data002.pcap_03_08_2026_23_09_1785778748.PCAP_PDR
-rw------- 1 dsp dsp 2.0G Aug  3 23:09 /data/TRANSIENT_BUFFER/PDR_GULP_data000.pcap_03_08_2026_23_09_1785778778.PCAP_PDR
-rw------- 1 dsp dsp 2.0G Aug  3 23:10 /data/TRANSIENT_BUFFER/PDR_GULP_data001.pcap_03_08_2026_23_10_1785778807.PCAP_PDR
-rw------- 1 dsp dsp 2.0G Aug  3 23:10 /data/TRANSIENT_BUFFER/PDR_GULP_data002.pcap_03_08_2026_23_10_1785778836.PCAP_PDR
-rw------- 1 dsp dsp 2.0G Aug  3 23:11 /data/TRANSIENT_BUFFER/PDR_GULP_data000.pcap_03_08_2026_23_11_1785778865.PCAP_PDR
-rw------- 1 dsp dsp 2.0G Aug  3 23:11 /data/TRANSIENT_BUFFER/PDR_GULP_data001.pcap_03_08_2026_23_11_1785778894.PCAP_PDR
-rw------- 1 dsp dsp 2.0G Aug  3 23:12 /data/TRANSIENT_BUFFER/PDR_GULP_data002.pcap_03_08_2026_23_12_1785778924.PCAP_PDR
-rw------- 1 dsp dsp 2.0G Aug  3 23:12 /data/TRANSIENT_BUFFER/PDR_GULP_data000.pcap_03_08_2026_23_12_1785778953.PCAP_PDR
-rw------- 1 dsp dsp 2.0G Aug  3 23:12 /data/TRANSIENT_BUFFER/PDR_GULP_data001.pcap_03_08_2026_23_13_1785778982.PCAP_PDR
-rw------- 1 dsp dsp 2.0G Aug  3 23:13 /data/TRANSIENT_BUFFER/PDR_GULP_data002.pcap_03_08_2026_23_13_1785779011.PCAP_PDR
-rw------- 1 dsp dsp 2.0G Aug  3 23:13 /data/TRANSIENT_BUFFER/PDR_GULP_data000.pcap_03_08_2026_23_14_1785779040.PCAP_PDR
-rw------- 1 dsp dsp 2.0G Aug  3 23:14 /data/TRANSIENT_BUFFER/PDR_GULP_data001.pcap_03_08_2026_23_14_1785779070.PCAP_PDR
-rw------- 1 dsp dsp 2.0G Aug  3 23:14 /data/TRANSIENT_BUFFER/PDR_GULP_data002.pcap_03_08_2026_23_14_1785779099.PCAP_PDR
-rw------- 1 dsp dsp 2.0G Aug  3 23:15 /data/TRANSIENT_BUFFER/PDR_GULP_data000.pcap_03_08_2026_23_15_1785779128.PCAP_PDR
-rw------- 1 dsp dsp 2.0G Aug  3 23:15 /data/TRANSIENT_BUFFER/PDR_GULP_data001.pcap_03_08_2026_23_15_1785779157.PCAP_PDR
-rw------- 1 dsp dsp 2.0G Aug  3 23:16 /data/TRANSIENT_BUFFER/PDR_GULP_data002.pcap_03_08_2026_23_16_1785779186.PCAP_PDR
-rw------- 1 dsp dsp 2.0G Aug  3 23:16 /data/TRANSIENT_BUFFER/PDR_GULP_data000.pcap_03_08_2026_23_16_1785779216.PCAP_PDR
03-08-2026 23:17 RAW PCAP data moved from Transient Buffer.
03-08-2026 23:17 SLIP check Started ...
03-08-2026 23:17 - WARNING - Data Directory: /data/dsp/GBD_TRANSIENT_BUFFER/J1921+2153/03_08_2026
03-08-2026 23:17 - WARNING - Number of Files: 100
03-08-2026 23:17 - WARNING - No packet loss: /data/dsp/GBD_TRANSIENT_BUFFER/J1921+2153/03_08_2026/PDR_GULP_data000.pcap_03_08_2026_22_28_1785776324.PCAP_PDR
03-08-2026 23:17 - WARNING - first_pkt_count, first_gps_count, first_pkt_Tstamp
03-08-2026 23:17 - WARNING - 2235582746 50100 2026-08-03T16:58:12.365966
03-08-2026 23:17 - WARNING - last_pkt_count, last_gps_count, last_pkt_Tstamp
03-08-2026 23:17 - WARNING - 2237465287 50129 2026-08-03T16:58:41.573855
03-08-2026 23:17 - WARNING - diff_pkt_count  , diff_gps_count ,  diff_pkt_timstamp
03-08-2026 23:17 - WARNING - 1882541 29 29207889 microseconds
03-08-2026 23:17 - WARNING - No packet loss: /data/dsp/GBD_TRANSIENT_BUFFER/J1921+2153/03_08_2026/PDR_GULP_data001.pcap_03_08_2026_22_29_1785776353.PCAP_PDR
03-08-2026 23:17 - WARNING - first_pkt_count, first_gps_count, first_pkt_Tstamp
03-08-2026 23:17 - WARNING - 2237465288 50129 2026-08-03T16:58:41.573855
03-08-2026 23:17 - WARNING - last_pkt_count, last_gps_count, last_pkt_Tstamp
03-08-2026 23:17 - WARNING - 2239347829 50158 2026-08-03T16:59:10.781438
03-08-2026 23:17 - WARNING - diff_pkt_count  , diff_gps_count ,  diff_pkt_timstamp
03-08-2026 23:17 - WARNING - 1882541 29 29207583 microseconds
03-08-2026 23:17 - WARNING - No packet loss: /data/dsp/GBD_TRANSIENT_BUFFER/J1921+2153/03_08_2026/PDR_GULP_data002.pcap_03_08_2026_22_29_1785776382.PCAP_PDR
03-08-2026 23:17 - WARNING - first_pkt_count, first_gps_count, first_pkt_Tstamp
03-08-2026 23:17 - WARNING - 2239347830 50158 2026-08-03T16:59:10.781439
03-08-2026 23:17 - WARNING - last_pkt_count, last_gps_count, last_pkt_Tstamp
03-08-2026 23:17 - WARNING - 2241230371 50187 2026-08-03T16:59:39.989076
03-08-2026 23:17 - WARNING - diff_pkt_count  , diff_gps_count ,  diff_pkt_timstamp
03-08-2026 23:17 - WARNING - 1882541 29 29207637 microseconds
03-08-2026 23:17 - WARNING - No packet loss: /data/dsp/GBD_TRANSIENT_BUFFER/J1921+2153/03_08_2026/PDR_GULP_data000.pcap_03_08_2026_22_30_1785776412.PCAP_PDR
03-08-2026 23:17 - WARNING - first_pkt_count, first_gps_count, first_pkt_Tstamp
03-08-2026 23:17 - WARNING - 2241230372 50187 2026-08-03T16:59:39.989077
03-08-2026 23:17 - WARNING - last_pkt_count, last_gps_count, last_pkt_Tstamp
03-08-2026 23:17 - WARNING - 2243112913 50217 2026-08-03T17:00:09.196693
03-08-2026 23:17 - WARNING - diff_pkt_count  , diff_gps_count ,  diff_pkt_timstamp
03-08-2026 23:17 - WARNING - 1882541 30 29207616 microseconds
03-08-2026 23:17 - WARNING - No packet loss: /data/dsp/GBD_TRANSIENT_BUFFER/J1921+2153/03_08_2026/PDR_GULP_data001.pcap_03_08_2026_22_30_1785776441.PCAP_PDR
03-08-2026 23:17 - WARNING - first_pkt_count, first_gps_count, first_pkt_Tstamp
03-08-2026 23:17 - WARNING - 2243112914 50217 2026-08-03T17:00:09.196781
03-08-2026 23:17 - WARNING - last_pkt_count, last_gps_count, last_pkt_Tstamp
03-08-2026 23:17 - WARNING - 2244995455 50246 2026-08-03T17:00:38.404378
03-08-2026 23:17 - WARNING - diff_pkt_count  , diff_gps_count ,  diff_pkt_timstamp
03-08-2026 23:17 - WARNING - 1882541 29 29207597 microseconds
03-08-2026 23:17 - WARNING - No packet loss: /data/dsp/GBD_TRANSIENT_BUFFER/J1921+2153/03_08_2026/PDR_GULP_data002.pcap_03_08_2026_22_31_1785776470.PCAP_PDR
03-08-2026 23:17 - WARNING - first_pkt_count, first_gps_count, first_pkt_Tstamp
03-08-2026 23:17 - WARNING - 2244995456 50246 2026-08-03T17:00:38.404378
03-08-2026 23:17 - WARNING - last_pkt_count, last_gps_count, last_pkt_Tstamp
03-08-2026 23:17 - WARNING - 2246877998 50275 2026-08-03T17:01:07.612103
03-08-2026 23:17 - WARNING - diff_pkt_count  , diff_gps_count ,  diff_pkt_timstamp
03-08-2026 23:17 - WARNING - 1882542 29 29207725 microseconds
03-08-2026 23:17 - WARNING - No packet loss: /data/dsp/GBD_TRANSIENT_BUFFER/J1921+2153/03_08_2026/PDR_GULP_data000.pcap_03_08_2026_22_31_1785776499.PCAP_PDR
03-08-2026 23:17 - WARNING - first_pkt_count, first_gps_count, first_pkt_Tstamp
03-08-2026 23:17 - WARNING - 2246877999 50275 2026-08-03T17:01:07.612103
03-08-2026 23:17 - WARNING - last_pkt_count, last_gps_count, last_pkt_Tstamp
03-08-2026 23:17 - WARNING - 2248760540 50304 2026-08-03T17:01:36.819722
03-08-2026 23:17 - WARNING - diff_pkt_count  , diff_gps_count ,  diff_pkt_timstamp
03-08-2026 23:17 - WARNING - 1882541 29 29207619 microseconds
03-08-2026 23:17 - WARNING - No packet loss: /data/dsp/GBD_TRANSIENT_BUFFER/J1921+2153/03_08_2026/PDR_GULP_data001.pcap_03_08_2026_22_32_1785776529.PCAP_PDR
03-08-2026 23:17 - WARNING - first_pkt_count, first_gps_count, first_pkt_Tstamp
03-08-2026 23:17 - WARNING - 2248760541 50304 2026-08-03T17:01:36.819723
03-08-2026 23:17 - WARNING - last_pkt_count, last_gps_count, last_pkt_Tstamp
03-08-2026 23:17 - WARNING - 2250643082 50334 2026-08-03T17:02:06.027409
03-08-2026 23:17 - WARNING - diff_pkt_count  , diff_gps_count ,  diff_pkt_timstamp
03-08-2026 23:17 - WARNING - 1882541 30 29207686 microseconds
03-08-2026 23:17 - WARNING - No packet loss: /data/dsp/GBD_TRANSIENT_BUFFER/J1921+2153/03_08_2026/PDR_GULP_data002.pcap_03_08_2026_22_32_1785776558.PCAP_PDR
03-08-2026 23:17 - WARNING - first_pkt_count, first_gps_count, first_pkt_Tstamp
03-08-2026 23:17 - WARNING - 2250643083 50334 2026-08-03T17:02:06.027489
03-08-2026 23:17 - WARNING - last_pkt_count, last_gps_count, last_pkt_Tstamp
03-08-2026 23:17 - WARNING - 2252525624 50363 2026-08-03T17:02:35.235139
03-08-2026 23:17 - WARNING - diff_pkt_count  , diff_gps_count ,  diff_pkt_timstamp
03-08-2026 23:17 - WARNING - 1882541 29 29207650 microseconds
03-08-2026 23:17 - WARNING - No packet loss: /data/dsp/GBD_TRANSIENT_BUFFER/J1921+2153/03_08_2026/PDR_GULP_data000.pcap_03_08_2026_22_33_1785776587.PCAP_PDR
03-08-2026 23:17 - WARNING - first_pkt_count, first_gps_count, first_pkt_Tstamp
03-08-2026 23:17 - WARNING - 2252525625 50363 2026-08-03T17:02:35.235139
03-08-2026 23:17 - WARNING - last_pkt_count, last_gps_count, last_pkt_Tstamp
03-08-2026 23:17 - WARNING - 2254408166 50392 2026-08-03T17:03:04.442842
03-08-2026 23:17 - WARNING - diff_pkt_count  , diff_gps_count ,  diff_pkt_timstamp
03-08-2026 23:17 - WARNING - 1882541 29 29207703 microseconds
03-08-2026 23:17 - WARNING - No packet loss: /data/dsp/GBD_TRANSIENT_BUFFER/J1921+2153/03_08_2026/PDR_GULP_data001.pcap_03_08_2026_22_33_1785776616.PCAP_PDR
03-08-2026 23:17 - WARNING - first_pkt_count, first_gps_count, first_pkt_Tstamp
03-08-2026 23:17 - WARNING - 2254408167 50392 2026-08-03T17:03:04.442842
03-08-2026 23:17 - WARNING - last_pkt_count, last_gps_count, last_pkt_Tstamp
03-08-2026 23:17 - WARNING - 2256290708 50421 2026-08-03T17:03:33.650524
03-08-2026 23:17 - WARNING - diff_pkt_count  , diff_gps_count ,  diff_pkt_timstamp
03-08-2026 23:17 - WARNING - 1882541 29 29207682 microseconds
03-08-2026 23:17 - WARNING - No packet loss: /data/dsp/GBD_TRANSIENT_BUFFER/J1921+2153/03_08_2026/PDR_GULP_data002.pcap_03_08_2026_22_34_1785776645.PCAP_PDR
03-08-2026 23:17 - WARNING - first_pkt_count, first_gps_count, first_pkt_Tstamp
03-08-2026 23:17 - WARNING - 2256290709 50421 2026-08-03T17:03:33.650524
03-08-2026 23:17 - WARNING - last_pkt_count, last_gps_count, last_pkt_Tstamp
03-08-2026 23:17 - WARNING - 2258173251 50450 2026-08-03T17:04:02.858234
03-08-2026 23:17 - WARNING - diff_pkt_count  , diff_gps_count ,  diff_pkt_timstamp
03-08-2026 23:17 - WARNING - 1882542 29 29207710 microseconds
03-08-2026 23:17 - WARNING - No packet loss: /data/dsp/GBD_TRANSIENT_BUFFER/J1921+2153/03_08_2026/PDR_GULP_data000.pcap_03_08_2026_22_34_1785776675.PCAP_PDR
03-08-2026 23:17 - WARNING - first_pkt_count, first_gps_count, first_pkt_Tstamp
03-08-2026 23:17 - WARNING - 2258173252 50450 2026-08-03T17:04:02.858286
03-08-2026 23:17 - WARNING - last_pkt_count, last_gps_count, last_pkt_Tstamp
03-08-2026 23:17 - WARNING - 2260055793 50480 2026-08-03T17:04:32.065953
03-08-2026 23:17 - WARNING - diff_pkt_count  , diff_gps_count ,  diff_pkt_timstamp
03-08-2026 23:17 - WARNING - 1882541 30 29207667 microseconds
03-08-2026 23:17 - WARNING - No packet loss: /data/dsp/GBD_TRANSIENT_BUFFER/J1921+2153/03_08_2026/PDR_GULP_data001.pcap_03_08_2026_22_35_1785776704.PCAP_PDR
03-08-2026 23:17 - WARNING - first_pkt_count, first_gps_count, first_pkt_Tstamp
03-08-2026 23:17 - WARNING - 2260055794 50480 2026-08-03T17:04:32.066005
03-08-2026 23:17 - WARNING - last_pkt_count, last_gps_count, last_pkt_Tstamp
03-08-2026 23:17 - WARNING - 2261938335 50509 2026-08-03T17:05:01.273660
03-08-2026 23:17 - WARNING - diff_pkt_count  , diff_gps_count ,  diff_pkt_timstamp
03-08-2026 23:17 - WARNING - 1882541 29 29207655 microseconds
03-08-2026 23:17 - WARNING - No packet loss: /data/dsp/GBD_TRANSIENT_BUFFER/J1921+2153/03_08_2026/PDR_GULP_data002.pcap_03_08_2026_22_35_1785776733.PCAP_PDR
03-08-2026 23:17 - WARNING - first_pkt_count, first_gps_count, first_pkt_Tstamp
03-08-2026 23:17 - WARNING - 2261938336 50509 2026-08-03T17:05:01.273712
03-08-2026 23:17 - WARNING - last_pkt_count, last_gps_count, last_pkt_Tstamp
03-08-2026 23:17 - WARNING - 2263820877 50538 2026-08-03T17:05:30.481415
03-08-2026 23:17 - WARNING - diff_pkt_count  , diff_gps_count ,  diff_pkt_timstamp
03-08-2026 23:17 - WARNING - 1882541 29 29207703 microseconds
03-08-2026 23:17 - WARNING - No packet loss: /data/dsp/GBD_TRANSIENT_BUFFER/J1921+2153/03_08_2026/PDR_GULP_data000.pcap_03_08_2026_22_36_1785776762.PCAP_PDR
03-08-2026 23:17 - WARNING - first_pkt_count, first_gps_count, first_pkt_Tstamp
03-08-2026 23:17 - WARNING - 2263820878 50538 2026-08-03T17:05:30.481415
03-08-2026 23:17 - WARNING - last_pkt_count, last_gps_count, last_pkt_Tstamp
03-08-2026 23:17 - WARNING - 2265703419 50567 2026-08-03T17:05:59.689123
03-08-2026 23:17 - WARNING - diff_pkt_count  , diff_gps_count ,  diff_pkt_timstamp
03-08-2026 23:17 - WARNING - 1882541 29 29207708 microseconds
03-08-2026 23:17 - WARNING - No packet loss: /data/dsp/GBD_TRANSIENT_BUFFER/J1921+2153/03_08_2026/PDR_GULP_data001.pcap_03_08_2026_22_36_1785776791.PCAP_PDR
03-08-2026 23:17 - WARNING - first_pkt_count, first_gps_count, first_pkt_Tstamp
03-08-2026 23:17 - WARNING - 2265703420 50567 2026-08-03T17:05:59.689177
03-08-2026 23:17 - WARNING - last_pkt_count, last_gps_count, last_pkt_Tstamp
03-08-2026 23:17 - WARNING - 2267585961 50596 2026-08-03T17:06:28.896907
03-08-2026 23:17 - WARNING - diff_pkt_count  , diff_gps_count ,  diff_pkt_timstamp
03-08-2026 23:17 - WARNING - 1882541 29 29207730 microseconds
03-08-2026 23:17 - WARNING - No packet loss: /data/dsp/GBD_TRANSIENT_BUFFER/J1921+2153/03_08_2026/PDR_GULP_data002.pcap_03_08_2026_22_37_1785776821.PCAP_PDR
03-08-2026 23:17 - WARNING - first_pkt_count, first_gps_count, first_pkt_Tstamp
03-08-2026 23:17 - WARNING - 2267585962 50596 2026-08-03T17:06:28.896907
03-08-2026 23:17 - WARNING - last_pkt_count, last_gps_count, last_pkt_Tstamp
03-08-2026 23:17 - WARNING - 2269468504 50626 2026-08-03T17:06:58.104644
03-08-2026 23:17 - WARNING - diff_pkt_count  , diff_gps_count ,  diff_pkt_timstamp
03-08-2026 23:17 - WARNING - 1882542 30 29207737 microseconds
03-08-2026 23:17 - WARNING - No packet loss: /data/dsp/GBD_TRANSIENT_BUFFER/J1921+2153/03_08_2026/PDR_GULP_data000.pcap_03_08_2026_22_37_1785776850.PCAP_PDR
03-08-2026 23:17 - WARNING - first_pkt_count, first_gps_count, first_pkt_Tstamp
03-08-2026 23:17 - WARNING - 2269468505 50626 2026-08-03T17:06:58.104644
03-08-2026 23:17 - WARNING - last_pkt_count, last_gps_count, last_pkt_Tstamp
03-08-2026 23:17 - WARNING - 2271351046 50655 2026-08-03T17:07:27.312375
03-08-2026 23:17 - WARNING - diff_pkt_count  , diff_gps_count ,  diff_pkt_timstamp
03-08-2026 23:17 - WARNING - 1882541 29 29207731 microseconds
03-08-2026 23:17 - WARNING - No packet loss: /data/dsp/GBD_TRANSIENT_BUFFER/J1921+2153/03_08_2026/PDR_GULP_data001.pcap_03_08_2026_22_37_1785776879.PCAP_PDR
03-08-2026 23:17 - WARNING - first_pkt_count, first_gps_count, first_pkt_Tstamp
03-08-2026 23:17 - WARNING - 2271351047 50655 2026-08-03T17:07:27.312433
03-08-2026 23:17 - WARNING - last_pkt_count, last_gps_count, last_pkt_Tstamp
03-08-2026 23:17 - WARNING - 2273233588 50684 2026-08-03T17:07:56.520141
03-08-2026 23:17 - WARNING - diff_pkt_count  , diff_gps_count ,  diff_pkt_timstamp
03-08-2026 23:17 - WARNING - 1882541 29 29207708 microseconds
03-08-2026 23:17 - WARNING - No packet loss: /data/dsp/GBD_TRANSIENT_BUFFER/J1921+2153/03_08_2026/PDR_GULP_data002.pcap_03_08_2026_22_38_1785776908.PCAP_PDR
03-08-2026 23:17 - WARNING - first_pkt_count, first_gps_count, first_pkt_Tstamp
03-08-2026 23:17 - WARNING - 2273233589 50684 2026-08-03T17:07:56.520193
03-08-2026 23:17 - WARNING - last_pkt_count, last_gps_count, last_pkt_Tstamp
03-08-2026 23:17 - WARNING - 2275116130 50713 2026-08-03T17:08:25.727881
03-08-2026 23:17 - WARNING - diff_pkt_count  , diff_gps_count ,  diff_pkt_timstamp
03-08-2026 23:17 - WARNING - 1882541 29 29207688 microseconds
03-08-2026 23:17 - WARNING - No packet loss: /data/dsp/GBD_TRANSIENT_BUFFER/J1921+2153/03_08_2026/PDR_GULP_data000.pcap_03_08_2026_22_38_1785776937.PCAP_PDR
03-08-2026 23:17 - WARNING - first_pkt_count, first_gps_count, first_pkt_Tstamp
03-08-2026 23:17 - WARNING - 2275116131 50713 2026-08-03T17:08:25.727936
03-08-2026 23:17 - WARNING - last_pkt_count, last_gps_count, last_pkt_Tstamp
03-08-2026 23:17 - WARNING - 2276998672 50742 2026-08-03T17:08:54.935686
03-08-2026 23:17 - WARNING - diff_pkt_count  , diff_gps_count ,  diff_pkt_timstamp
03-08-2026 23:17 - WARNING - 1882541 29 29207750 microseconds
03-08-2026 23:17 - WARNING - No packet loss: /data/dsp/GBD_TRANSIENT_BUFFER/J1921+2153/03_08_2026/PDR_GULP_data001.pcap_03_08_2026_22_39_1785776967.PCAP_PDR
03-08-2026 23:17 - WARNING - first_pkt_count, first_gps_count, first_pkt_Tstamp
03-08-2026 23:17 - WARNING - 2276998673 50742 2026-08-03T17:08:54.935686
03-08-2026 23:17 - WARNING - last_pkt_count, last_gps_count, last_pkt_Tstamp
03-08-2026 23:17 - WARNING - 2278881215 50772 2026-08-03T17:09:24.143476
03-08-2026 23:17 - WARNING - diff_pkt_count  , diff_gps_count ,  diff_pkt_timstamp
03-08-2026 23:17 - WARNING - 1882542 30 29207790 microseconds
03-08-2026 23:17 - WARNING - No packet loss: /data/dsp/GBD_TRANSIENT_BUFFER/J1921+2153/03_08_2026/PDR_GULP_data002.pcap_03_08_2026_22_39_1785776996.PCAP_PDR
03-08-2026 23:17 - WARNING - first_pkt_count, first_gps_count, first_pkt_Tstamp
03-08-2026 23:17 - WARNING - 2278881216 50772 2026-08-03T17:09:24.143476
03-08-2026 23:17 - WARNING - last_pkt_count, last_gps_count, last_pkt_Tstamp
03-08-2026 23:17 - WARNING - 2280763757 50801 2026-08-03T17:09:53.351260
03-08-2026 23:17 - WARNING - diff_pkt_count  , diff_gps_count ,  diff_pkt_timstamp
03-08-2026 23:17 - WARNING - 1882541 29 29207784 microseconds
03-08-2026 23:17 - WARNING - No packet loss: /data/dsp/GBD_TRANSIENT_BUFFER/J1921+2153/03_08_2026/PDR_GULP_data000.pcap_03_08_2026_22_40_1785777025.PCAP_PDR
03-08-2026 23:17 - WARNING - first_pkt_count, first_gps_count, first_pkt_Tstamp
03-08-2026 23:17 - WARNING - 2280763758 50801 2026-08-03T17:09:53.351260
03-08-2026 23:17 - WARNING - last_pkt_count, last_gps_count, last_pkt_Tstamp
03-08-2026 23:17 - WARNING - 2282646299 50830 2026-08-03T17:10:22.558984
03-08-2026 23:17 - WARNING - diff_pkt_count  , diff_gps_count ,  diff_pkt_timstamp
03-08-2026 23:17 - WARNING - 1882541 29 29207724 microseconds
03-08-2026 23:17 - WARNING - No packet loss: /data/dsp/GBD_TRANSIENT_BUFFER/J1921+2153/03_08_2026/PDR_GULP_data001.pcap_03_08_2026_22_40_1785777054.PCAP_PDR
03-08-2026 23:17 - WARNING - first_pkt_count, first_gps_count, first_pkt_Tstamp
03-08-2026 23:17 - WARNING - 2282646300 50830 2026-08-03T17:10:22.558985
03-08-2026 23:17 - WARNING - last_pkt_count, last_gps_count, last_pkt_Tstamp
03-08-2026 23:17 - WARNING - 2284528841 50859 2026-08-03T17:10:51.766785
03-08-2026 23:17 - WARNING - diff_pkt_count  , diff_gps_count ,  diff_pkt_timstamp
03-08-2026 23:17 - WARNING - 1882541 29 29207800 microseconds
03-08-2026 23:17 - WARNING - No packet loss: /data/dsp/GBD_TRANSIENT_BUFFER/J1921+2153/03_08_2026/PDR_GULP_data002.pcap_03_08_2026_22_41_1785777083.PCAP_PDR
03-08-2026 23:17 - WARNING - first_pkt_count, first_gps_count, first_pkt_Tstamp
03-08-2026 23:17 - WARNING - 2284528842 50859 2026-08-03T17:10:51.766785
03-08-2026 23:17 - WARNING - last_pkt_count, last_gps_count, last_pkt_Tstamp
03-08-2026 23:17 - WARNING - 2286411383 50888 2026-08-03T17:11:20.974625
03-08-2026 23:17 - WARNING - diff_pkt_count  , diff_gps_count ,  diff_pkt_timstamp
03-08-2026 23:17 - WARNING - 1882541 29 29207840 microseconds
03-08-2026 23:17 - WARNING - No packet loss: /data/dsp/GBD_TRANSIENT_BUFFER/J1921+2153/03_08_2026/PDR_GULP_data000.pcap_03_08_2026_22_41_1785777113.PCAP_PDR
03-08-2026 23:17 - WARNING - first_pkt_count, first_gps_count, first_pkt_Tstamp
03-08-2026 23:17 - WARNING - 2286411384 50888 2026-08-03T17:11:20.974625
03-08-2026 23:17 - WARNING - last_pkt_count, last_gps_count, last_pkt_Tstamp
03-08-2026 23:17 - WARNING - 2288293925 50918 2026-08-03T17:11:50.182356
03-08-2026 23:17 - WARNING - diff_pkt_count  , diff_gps_count ,  diff_pkt_timstamp
03-08-2026 23:17 - WARNING - 1882541 30 29207731 microseconds
03-08-2026 23:17 - WARNING - No packet loss: /data/dsp/GBD_TRANSIENT_BUFFER/J1921+2153/03_08_2026/PDR_GULP_data001.pcap_03_08_2026_22_42_1785777142.PCAP_PDR
03-08-2026 23:17 - WARNING - first_pkt_count, first_gps_count, first_pkt_Tstamp
03-08-2026 23:17 - WARNING - 2288293926 50918 2026-08-03T17:11:50.182356
03-08-2026 23:17 - WARNING - last_pkt_count, last_gps_count, last_pkt_Tstamp
03-08-2026 23:17 - WARNING - 2290176468 50947 2026-08-03T17:12:19.390183
03-08-2026 23:17 - WARNING - diff_pkt_count  , diff_gps_count ,  diff_pkt_timstamp
03-08-2026 23:17 - WARNING - 1882542 29 29207827 microseconds
03-08-2026 23:17 - WARNING - No packet loss: /data/dsp/GBD_TRANSIENT_BUFFER/J1921+2153/03_08_2026/PDR_GULP_data002.pcap_03_08_2026_22_42_1785777171.PCAP_PDR
03-08-2026 23:17 - WARNING - first_pkt_count, first_gps_count, first_pkt_Tstamp
03-08-2026 23:17 - WARNING - 2290176469 50947 2026-08-03T17:12:19.390184
03-08-2026 23:17 - WARNING - last_pkt_count, last_gps_count, last_pkt_Tstamp
03-08-2026 23:17 - WARNING - 2292059010 50976 2026-08-03T17:12:48.597971
03-08-2026 23:17 - WARNING - diff_pkt_count  , diff_gps_count ,  diff_pkt_timstamp
03-08-2026 23:17 - WARNING - 1882541 29 29207787 microseconds
03-08-2026 23:17 - WARNING - No packet loss: /data/dsp/GBD_TRANSIENT_BUFFER/J1921+2153/03_08_2026/PDR_GULP_data000.pcap_03_08_2026_22_43_1785777200.PCAP_PDR
03-08-2026 23:17 - WARNING - first_pkt_count, first_gps_count, first_pkt_Tstamp
03-08-2026 23:17 - WARNING - 2292059011 50976 2026-08-03T17:12:48.597971
03-08-2026 23:17 - WARNING - last_pkt_count, last_gps_count, last_pkt_Tstamp
03-08-2026 23:17 - WARNING - 2293941552 51005 2026-08-03T17:13:17.805814
03-08-2026 23:17 - WARNING - diff_pkt_count  , diff_gps_count ,  diff_pkt_timstamp
03-08-2026 23:17 - WARNING - 1882541 29 29207843 microseconds
03-08-2026 23:17 - WARNING - No packet loss: /data/dsp/GBD_TRANSIENT_BUFFER/J1921+2153/03_08_2026/PDR_GULP_data001.pcap_03_08_2026_22_43_1785777230.PCAP_PDR
03-08-2026 23:17 - WARNING - first_pkt_count, first_gps_count, first_pkt_Tstamp
03-08-2026 23:17 - WARNING - 2293941553 51005 2026-08-03T17:13:17.805814
03-08-2026 23:17 - WARNING - last_pkt_count, last_gps_count, last_pkt_Tstamp
03-08-2026 23:17 - WARNING - 2295824094 51035 2026-08-03T17:13:47.013526
03-08-2026 23:17 - WARNING - diff_pkt_count  , diff_gps_count ,  diff_pkt_timstamp
03-08-2026 23:17 - WARNING - 1882541 30 29207712 microseconds
03-08-2026 23:17 - WARNING - No packet loss: /data/dsp/GBD_TRANSIENT_BUFFER/J1921+2153/03_08_2026/PDR_GULP_data002.pcap_03_08_2026_22_44_1785777259.PCAP_PDR
03-08-2026 23:17 - WARNING - first_pkt_count, first_gps_count, first_pkt_Tstamp
03-08-2026 23:17 - WARNING - 2295824095 51035 2026-08-03T17:13:47.013577
03-08-2026 23:17 - WARNING - last_pkt_count, last_gps_count, last_pkt_Tstamp
03-08-2026 23:17 - WARNING - 2297706636 51064 2026-08-03T17:14:16.221417
03-08-2026 23:17 - WARNING - diff_pkt_count  , diff_gps_count ,  diff_pkt_timstamp
03-08-2026 23:17 - WARNING - 1882541 29 29207840 microseconds
03-08-2026 23:17 - WARNING - No packet loss: /data/dsp/GBD_TRANSIENT_BUFFER/J1921+2153/03_08_2026/PDR_GULP_data000.pcap_03_08_2026_22_44_1785777288.PCAP_PDR
03-08-2026 23:17 - WARNING - first_pkt_count, first_gps_count, first_pkt_Tstamp
03-08-2026 23:17 - WARNING - 2297706637 51064 2026-08-03T17:14:16.221417
03-08-2026 23:17 - WARNING - last_pkt_count, last_gps_count, last_pkt_Tstamp
03-08-2026 23:17 - WARNING - 2299589178 51093 2026-08-03T17:14:45.429155
03-08-2026 23:17 - WARNING - diff_pkt_count  , diff_gps_count ,  diff_pkt_timstamp
03-08-2026 23:17 - WARNING - 1882541 29 29207738 microseconds
03-08-2026 23:17 - WARNING - No packet loss: /data/dsp/GBD_TRANSIENT_BUFFER/J1921+2153/03_08_2026/PDR_GULP_data001.pcap_03_08_2026_22_45_1785777317.PCAP_PDR
03-08-2026 23:17 - WARNING - first_pkt_count, first_gps_count, first_pkt_Tstamp
03-08-2026 23:17 - WARNING - 2299589179 51093 2026-08-03T17:14:45.429235
03-08-2026 23:17 - WARNING - last_pkt_count, last_gps_count, last_pkt_Tstamp
03-08-2026 23:17 - WARNING - 2301471721 51122 2026-08-03T17:15:14.636964
03-08-2026 23:17 - WARNING - diff_pkt_count  , diff_gps_count ,  diff_pkt_timstamp
03-08-2026 23:17 - WARNING - 1882542 29 29207729 microseconds
03-08-2026 23:17 - WARNING - No packet loss: /data/dsp/GBD_TRANSIENT_BUFFER/J1921+2153/03_08_2026/PDR_GULP_data002.pcap_03_08_2026_22_45_1785777346.PCAP_PDR
03-08-2026 23:17 - WARNING - first_pkt_count, first_gps_count, first_pkt_Tstamp
03-08-2026 23:17 - WARNING - 2301471722 51122 2026-08-03T17:15:14.636965
03-08-2026 23:17 - WARNING - last_pkt_count, last_gps_count, last_pkt_Tstamp
03-08-2026 23:17 - WARNING - 2303354263 51151 2026-08-03T17:15:43.844807
03-08-2026 23:17 - WARNING - diff_pkt_count  , diff_gps_count ,  diff_pkt_timstamp
03-08-2026 23:17 - WARNING - 1882541 29 29207842 microseconds
03-08-2026 23:17 - WARNING - No packet loss: /data/dsp/GBD_TRANSIENT_BUFFER/J1921+2153/03_08_2026/PDR_GULP_data000.pcap_03_08_2026_22_46_1785777376.PCAP_PDR
03-08-2026 23:17 - WARNING - first_pkt_count, first_gps_count, first_pkt_Tstamp
03-08-2026 23:17 - WARNING - 2303354264 51151 2026-08-03T17:15:43.844807
03-08-2026 23:17 - WARNING - last_pkt_count, last_gps_count, last_pkt_Tstamp
03-08-2026 23:17 - WARNING - 2305236805 51181 2026-08-03T17:16:13.052589
03-08-2026 23:17 - WARNING - diff_pkt_count  , diff_gps_count ,  diff_pkt_timstamp
03-08-2026 23:17 - WARNING - 1882541 30 29207782 microseconds
03-08-2026 23:17 - WARNING - No packet loss: /data/dsp/GBD_TRANSIENT_BUFFER/J1921+2153/03_08_2026/PDR_GULP_data001.pcap_03_08_2026_22_46_1785777405.PCAP_PDR
03-08-2026 23:17 - WARNING - first_pkt_count, first_gps_count, first_pkt_Tstamp
03-08-2026 23:17 - WARNING - 2305236806 51181 2026-08-03T17:16:13.052590
03-08-2026 23:17 - WARNING - last_pkt_count, last_gps_count, last_pkt_Tstamp
03-08-2026 23:17 - WARNING - 2307119347 51210 2026-08-03T17:16:42.260476
03-08-2026 23:17 - WARNING - diff_pkt_count  , diff_gps_count ,  diff_pkt_timstamp
03-08-2026 23:17 - WARNING - 1882541 29 29207886 microseconds
03-08-2026 23:17 - WARNING - No packet loss: /data/dsp/GBD_TRANSIENT_BUFFER/J1921+2153/03_08_2026/PDR_GULP_data002.pcap_03_08_2026_22_47_1785777434.PCAP_PDR
03-08-2026 23:17 - WARNING - first_pkt_count, first_gps_count, first_pkt_Tstamp
03-08-2026 23:17 - WARNING - 2307119348 51210 2026-08-03T17:16:42.260477
03-08-2026 23:17 - WARNING - last_pkt_count, last_gps_count, last_pkt_Tstamp
03-08-2026 23:17 - WARNING - 2309001889 51239 2026-08-03T17:17:11.468246
03-08-2026 23:17 - WARNING - diff_pkt_count  , diff_gps_count ,  diff_pkt_timstamp
03-08-2026 23:17 - WARNING - 1882541 29 29207769 microseconds
03-08-2026 23:17 - WARNING - No packet loss: /data/dsp/GBD_TRANSIENT_BUFFER/J1921+2153/03_08_2026/PDR_GULP_data000.pcap_03_08_2026_22_47_1785777463.PCAP_PDR
03-08-2026 23:17 - WARNING - first_pkt_count, first_gps_count, first_pkt_Tstamp
03-08-2026 23:17 - WARNING - 2309001890 51239 2026-08-03T17:17:11.468247
03-08-2026 23:17 - WARNING - last_pkt_count, last_gps_count, last_pkt_Tstamp
03-08-2026 23:17 - WARNING - 2310884431 51268 2026-08-03T17:17:40.676047
03-08-2026 23:17 - WARNING - diff_pkt_count  , diff_gps_count ,  diff_pkt_timstamp
03-08-2026 23:17 - WARNING - 1882541 29 29207800 microseconds
03-08-2026 23:17 - WARNING - No packet loss: /data/dsp/GBD_TRANSIENT_BUFFER/J1921+2153/03_08_2026/PDR_GULP_data001.pcap_03_08_2026_22_48_1785777492.PCAP_PDR
03-08-2026 23:17 - WARNING - first_pkt_count, first_gps_count, first_pkt_Tstamp
03-08-2026 23:17 - WARNING - 2310884432 51268 2026-08-03T17:17:40.676048
03-08-2026 23:17 - WARNING - last_pkt_count, last_gps_count, last_pkt_Tstamp
03-08-2026 23:17 - WARNING - 2312766974 51297 2026-08-03T17:18:09.883858
03-08-2026 23:17 - WARNING - diff_pkt_count  , diff_gps_count ,  diff_pkt_timstamp
03-08-2026 23:17 - WARNING - 1882542 29 29207810 microseconds
03-08-2026 23:17 - WARNING - No packet loss: /data/dsp/GBD_TRANSIENT_BUFFER/J1921+2153/03_08_2026/PDR_GULP_data002.pcap_03_08_2026_22_48_1785777522.PCAP_PDR
03-08-2026 23:17 - WARNING - first_pkt_count, first_gps_count, first_pkt_Tstamp
03-08-2026 23:17 - WARNING - 2312766975 51297 2026-08-03T17:18:09.883858
03-08-2026 23:17 - WARNING - last_pkt_count, last_gps_count, last_pkt_Tstamp
03-08-2026 23:17 - WARNING - 2314649516 51327 2026-08-03T17:18:39.091725
03-08-2026 23:17 - WARNING - diff_pkt_count  , diff_gps_count ,  diff_pkt_timstamp
03-08-2026 23:17 - WARNING - 1882541 30 29207867 microseconds
03-08-2026 23:17 - WARNING - No packet loss: /data/dsp/GBD_TRANSIENT_BUFFER/J1921+2153/03_08_2026/PDR_GULP_data000.pcap_03_08_2026_22_49_1785777551.PCAP_PDR
03-08-2026 23:17 - WARNING - first_pkt_count, first_gps_count, first_pkt_Tstamp
03-08-2026 23:17 - WARNING - 2314649517 51327 2026-08-03T17:18:39.091725
03-08-2026 23:17 - WARNING - last_pkt_count, last_gps_count, last_pkt_Tstamp
03-08-2026 23:17 - WARNING - 2316532058 51356 2026-08-03T17:19:08.299542
03-08-2026 23:17 - WARNING - diff_pkt_count  , diff_gps_count ,  diff_pkt_timstamp
03-08-2026 23:17 - WARNING - 1882541 29 29207817 microseconds
03-08-2026 23:17 - WARNING - No packet loss: /data/dsp/GBD_TRANSIENT_BUFFER/J1921+2153/03_08_2026/PDR_GULP_data001.pcap_03_08_2026_22_49_1785777580.PCAP_PDR
03-08-2026 23:17 - WARNING - first_pkt_count, first_gps_count, first_pkt_Tstamp
03-08-2026 23:17 - WARNING - 2316532059 51356 2026-08-03T17:19:08.299542
03-08-2026 23:17 - WARNING - last_pkt_count, last_gps_count, last_pkt_Tstamp
03-08-2026 23:17 - WARNING - 2318414600 51385 2026-08-03T17:19:37.507330
03-08-2026 23:17 - WARNING - diff_pkt_count  , diff_gps_count ,  diff_pkt_timstamp
03-08-2026 23:17 - WARNING - 1882541 29 29207788 microseconds
03-08-2026 23:17 - WARNING - No packet loss: /data/dsp/GBD_TRANSIENT_BUFFER/J1921+2153/03_08_2026/PDR_GULP_data002.pcap_03_08_2026_22_50_1785777609.PCAP_PDR
03-08-2026 23:17 - WARNING - first_pkt_count, first_gps_count, first_pkt_Tstamp
03-08-2026 23:17 - WARNING - 2318414601 51385 2026-08-03T17:19:37.507383
03-08-2026 23:17 - WARNING - last_pkt_count, last_gps_count, last_pkt_Tstamp
03-08-2026 23:17 - WARNING - 2320297142 51414 2026-08-03T17:20:06.715181
03-08-2026 23:17 - WARNING - diff_pkt_count  , diff_gps_count ,  diff_pkt_timstamp
03-08-2026 23:17 - WARNING - 1882541 29 29207798 microseconds
03-08-2026 23:17 - WARNING - No packet loss: /data/dsp/GBD_TRANSIENT_BUFFER/J1921+2153/03_08_2026/PDR_GULP_data000.pcap_03_08_2026_22_50_1785777638.PCAP_PDR
03-08-2026 23:17 - WARNING - first_pkt_count, first_gps_count, first_pkt_Tstamp
03-08-2026 23:17 - WARNING - 2320297143 51414 2026-08-03T17:20:06.715181
03-08-2026 23:17 - WARNING - last_pkt_count, last_gps_count, last_pkt_Tstamp
03-08-2026 23:17 - WARNING - 2322179684 51443 2026-08-03T17:20:35.922990
03-08-2026 23:17 - WARNING - diff_pkt_count  , diff_gps_count ,  diff_pkt_timstamp
03-08-2026 23:17 - WARNING - 1882541 29 29207809 microseconds
03-08-2026 23:17 - WARNING - No packet loss: /data/dsp/GBD_TRANSIENT_BUFFER/J1921+2153/03_08_2026/PDR_GULP_data001.pcap_03_08_2026_22_51_1785777668.PCAP_PDR
03-08-2026 23:17 - WARNING - first_pkt_count, first_gps_count, first_pkt_Tstamp
03-08-2026 23:17 - WARNING - 2322179685 51443 2026-08-03T17:20:35.922990
03-08-2026 23:17 - WARNING - last_pkt_count, last_gps_count, last_pkt_Tstamp
03-08-2026 23:17 - WARNING - 2324062227 51473 2026-08-03T17:21:05.130818
03-08-2026 23:17 - WARNING - diff_pkt_count  , diff_gps_count ,  diff_pkt_timstamp
03-08-2026 23:17 - WARNING - 1882542 30 29207828 microseconds
03-08-2026 23:17 - WARNING - No packet loss: /data/dsp/GBD_TRANSIENT_BUFFER/J1921+2153/03_08_2026/PDR_GULP_data002.pcap_03_08_2026_22_51_1785777697.PCAP_PDR
03-08-2026 23:17 - WARNING - first_pkt_count, first_gps_count, first_pkt_Tstamp
03-08-2026 23:17 - WARNING - 2324062228 51473 2026-08-03T17:21:05.130818
03-08-2026 23:17 - WARNING - last_pkt_count, last_gps_count, last_pkt_Tstamp
03-08-2026 23:17 - WARNING - 2325944769 51502 2026-08-03T17:21:34.338659
03-08-2026 23:17 - WARNING - diff_pkt_count  , diff_gps_count ,  diff_pkt_timstamp
03-08-2026 23:17 - WARNING - 1882541 29 29207841 microseconds
03-08-2026 23:17 - WARNING - No packet loss: /data/dsp/GBD_TRANSIENT_BUFFER/J1921+2153/03_08_2026/PDR_GULP_data000.pcap_03_08_2026_22_52_1785777726.PCAP_PDR
03-08-2026 23:17 - WARNING - first_pkt_count, first_gps_count, first_pkt_Tstamp
03-08-2026 23:17 - WARNING - 2325944770 51502 2026-08-03T17:21:34.338660
03-08-2026 23:17 - WARNING - last_pkt_count, last_gps_count, last_pkt_Tstamp
03-08-2026 23:17 - WARNING - 2327827311 51531 2026-08-03T17:22:03.546455
03-08-2026 23:17 - WARNING - diff_pkt_count  , diff_gps_count ,  diff_pkt_timstamp
03-08-2026 23:17 - WARNING - 1882541 29 29207795 microseconds
03-08-2026 23:17 - WARNING - Packet loss: /data/dsp/GBD_TRANSIENT_BUFFER/J1921+2153/03_08_2026/PDR_GULP_data001.pcap_03_08_2026_22_52_1785777755.PCAP_PDR
03-08-2026 23:17 - WARNING - Packet loss found .... Being fixed ... Please wait ...
03-08-2026 23:17 - WARNING - PCAP filtering ... tcpdump -r /data/dsp/GBD_TRANSIENT_BUFFER/J1921+2153/03_08_2026/PDR_GULP_data001.pcap_03_08_2026_22_52_1785777755.PCAP_PDR.pcap -w PDR_GULP_data001.pcap_03_08_2026_22_52_1785777755_filtered.PCAP_PDR.pcap  host 172.10.10.1 and port 55000 
03-08-2026 23:17 - WARNING - Patched /data/dsp/GBD_TRANSIENT_BUFFER/J1921+2153/03_08_2026/PDR_GULP_data001.pcap_03_08_2026_22_52_1785777755.PCAP_PDR as PDR_GULP_data001.pcap_03_08_2026_22_52_1785777755_filtered.PCAP_PDR
03-08-2026 23:17 - WARNING - Gulped file moved to /data/dsp/GBD_TRANSIENT_BUFFER/J1921+2153/03_08_2026/GULPED
03-08-2026 23:17 - WARNING - first_pkt_count, first_gps_count, first_pkt_Tstamp
03-08-2026 23:17 - WARNING - 2327827312 51531 2026-08-03T17:22:03.546506
03-08-2026 23:17 - WARNING - last_pkt_count, last_gps_count, last_pkt_Tstamp
03-08-2026 23:17 - WARNING - 2329709853 51560 2026-08-03T17:22:32.754313
03-08-2026 23:17 - WARNING - diff_pkt_count  , diff_gps_count ,  diff_pkt_timstamp
03-08-2026 23:17 - WARNING - 1882541 29 29207807 microseconds
03-08-2026 23:17 - WARNING - No packet loss: /data/dsp/GBD_TRANSIENT_BUFFER/J1921+2153/03_08_2026/PDR_GULP_data002.pcap_03_08_2026_22_53_1785777784.PCAP_PDR
03-08-2026 23:17 - WARNING - first_pkt_count, first_gps_count, first_pkt_Tstamp
03-08-2026 23:17 - WARNING - 2329709854 51560 2026-08-03T17:22:32.754313
03-08-2026 23:17 - WARNING - last_pkt_count, last_gps_count, last_pkt_Tstamp
03-08-2026 23:17 - WARNING - 2331592395 51589 2026-08-03T17:23:01.962171
03-08-2026 23:17 - WARNING - diff_pkt_count  , diff_gps_count ,  diff_pkt_timstamp
03-08-2026 23:17 - WARNING - 1882541 29 29207858 microseconds
03-08-2026 23:17 - WARNING - No packet loss: /data/dsp/GBD_TRANSIENT_BUFFER/J1921+2153/03_08_2026/PDR_GULP_data000.pcap_03_08_2026_22_53_1785777814.PCAP_PDR
03-08-2026 23:17 - WARNING - first_pkt_count, first_gps_count, first_pkt_Tstamp
03-08-2026 23:17 - WARNING - 2331592396 51589 2026-08-03T17:23:01.962171
03-08-2026 23:17 - WARNING - last_pkt_count, last_gps_count, last_pkt_Tstamp
03-08-2026 23:17 - WARNING - 2333474937 51619 2026-08-03T17:23:31.169999
03-08-2026 23:17 - WARNING - diff_pkt_count  , diff_gps_count ,  diff_pkt_timstamp
03-08-2026 23:17 - WARNING - 1882541 30 29207828 microseconds
03-08-2026 23:17 - WARNING - No packet loss: /data/dsp/GBD_TRANSIENT_BUFFER/J1921+2153/03_08_2026/PDR_GULP_data001.pcap_03_08_2026_22_54_1785777843.PCAP_PDR
03-08-2026 23:17 - WARNING - first_pkt_count, first_gps_count, first_pkt_Tstamp
03-08-2026 23:17 - WARNING - 2333474938 51619 2026-08-03T17:23:31.170000
03-08-2026 23:17 - WARNING - last_pkt_count, last_gps_count, last_pkt_Tstamp
03-08-2026 23:17 - WARNING - 2335357479 51648 2026-08-03T17:24:00.377795
03-08-2026 23:17 - WARNING - diff_pkt_count  , diff_gps_count ,  diff_pkt_timstamp
03-08-2026 23:17 - WARNING - 1882541 29 29207795 microseconds
03-08-2026 23:17 - WARNING - No packet loss: /data/dsp/GBD_TRANSIENT_BUFFER/J1921+2153/03_08_2026/PDR_GULP_data002.pcap_03_08_2026_22_54_1785777872.PCAP_PDR
03-08-2026 23:17 - WARNING - first_pkt_count, first_gps_count, first_pkt_Tstamp
03-08-2026 23:17 - WARNING - 2335357480 51648 2026-08-03T17:24:00.377795
03-08-2026 23:17 - WARNING - last_pkt_count, last_gps_count, last_pkt_Tstamp
03-08-2026 23:17 - WARNING - 2337240022 51677 2026-08-03T17:24:29.585654
03-08-2026 23:17 - WARNING - diff_pkt_count  , diff_gps_count ,  diff_pkt_timstamp
03-08-2026 23:17 - WARNING - 1882542 29 29207859 microseconds
03-08-2026 23:17 - WARNING - No packet loss: /data/dsp/GBD_TRANSIENT_BUFFER/J1921+2153/03_08_2026/PDR_GULP_data000.pcap_03_08_2026_22_55_1785777901.PCAP_PDR
03-08-2026 23:17 - WARNING - first_pkt_count, first_gps_count, first_pkt_Tstamp
03-08-2026 23:17 - WARNING - 2337240023 51677 2026-08-03T17:24:29.585654
03-08-2026 23:17 - WARNING - last_pkt_count, last_gps_count, last_pkt_Tstamp
03-08-2026 23:17 - WARNING - 2339122564 51706 2026-08-03T17:24:58.793496
03-08-2026 23:17 - WARNING - diff_pkt_count  , diff_gps_count ,  diff_pkt_timstamp
03-08-2026 23:17 - WARNING - 1882541 29 29207842 microseconds
03-08-2026 23:17 - WARNING - No packet loss: /data/dsp/GBD_TRANSIENT_BUFFER/J1921+2153/03_08_2026/PDR_GULP_data001.pcap_03_08_2026_22_55_1785777931.PCAP_PDR
03-08-2026 23:17 - WARNING - first_pkt_count, first_gps_count, first_pkt_Tstamp
03-08-2026 23:17 - WARNING - 2339122565 51706 2026-08-03T17:24:58.793497
03-08-2026 23:17 - WARNING - last_pkt_count, last_gps_count, last_pkt_Tstamp
03-08-2026 23:17 - WARNING - 2341005106 51736 2026-08-03T17:25:28.001311
03-08-2026 23:17 - WARNING - diff_pkt_count  , diff_gps_count ,  diff_pkt_timstamp
03-08-2026 23:17 - WARNING - 1882541 30 29207814 microseconds
03-08-2026 23:17 - WARNING - No packet loss: /data/dsp/GBD_TRANSIENT_BUFFER/J1921+2153/03_08_2026/PDR_GULP_data002.pcap_03_08_2026_22_56_1785777960.PCAP_PDR
03-08-2026 23:17 - WARNING - first_pkt_count, first_gps_count, first_pkt_Tstamp
03-08-2026 23:17 - WARNING - 2341005107 51736 2026-08-03T17:25:28.001312
03-08-2026 23:17 - WARNING - last_pkt_count, last_gps_count, last_pkt_Tstamp
03-08-2026 23:17 - WARNING - 2342887648 51765 2026-08-03T17:25:57.209113
03-08-2026 23:17 - WARNING - diff_pkt_count  , diff_gps_count ,  diff_pkt_timstamp
03-08-2026 23:17 - WARNING - 1882541 29 29207801 microseconds
03-08-2026 23:17 - WARNING - No packet loss: /data/dsp/GBD_TRANSIENT_BUFFER/J1921+2153/03_08_2026/PDR_GULP_data000.pcap_03_08_2026_22_56_1785777989.PCAP_PDR
03-08-2026 23:17 - WARNING - first_pkt_count, first_gps_count, first_pkt_Tstamp
03-08-2026 23:17 - WARNING - 2342887649 51765 2026-08-03T17:25:57.209177
03-08-2026 23:17 - WARNING - last_pkt_count, last_gps_count, last_pkt_Tstamp
03-08-2026 23:17 - WARNING - 2344770190 51794 2026-08-03T17:26:26.416978
03-08-2026 23:17 - WARNING - diff_pkt_count  , diff_gps_count ,  diff_pkt_timstamp
03-08-2026 23:17 - WARNING - 1882541 29 29207801 microseconds
03-08-2026 23:17 - WARNING - No packet loss: /data/dsp/GBD_TRANSIENT_BUFFER/J1921+2153/03_08_2026/PDR_GULP_data001.pcap_03_08_2026_22_56_1785778018.PCAP_PDR
03-08-2026 23:17 - WARNING - first_pkt_count, first_gps_count, first_pkt_Tstamp
03-08-2026 23:17 - WARNING - 2344770191 51794 2026-08-03T17:26:26.416978
03-08-2026 23:17 - WARNING - last_pkt_count, last_gps_count, last_pkt_Tstamp
03-08-2026 23:17 - WARNING - 2346652732 51823 2026-08-03T17:26:55.624832
03-08-2026 23:17 - WARNING - diff_pkt_count  , diff_gps_count ,  diff_pkt_timstamp
03-08-2026 23:17 - WARNING - 1882541 29 29207854 microseconds
03-08-2026 23:17 - WARNING - No packet loss: /data/dsp/GBD_TRANSIENT_BUFFER/J1921+2153/03_08_2026/PDR_GULP_data002.pcap_03_08_2026_22_57_1785778047.PCAP_PDR
03-08-2026 23:17 - WARNING - first_pkt_count, first_gps_count, first_pkt_Tstamp
03-08-2026 23:17 - WARNING - 2346652733 51823 2026-08-03T17:26:55.624833
03-08-2026 23:17 - WARNING - last_pkt_count, last_gps_count, last_pkt_Tstamp
03-08-2026 23:17 - WARNING - 2348535275 51852 2026-08-03T17:27:24.832646
03-08-2026 23:17 - WARNING - diff_pkt_count  , diff_gps_count ,  diff_pkt_timstamp
03-08-2026 23:17 - WARNING - 1882542 29 29207813 microseconds
03-08-2026 23:17 - WARNING - No packet loss: /data/dsp/GBD_TRANSIENT_BUFFER/J1921+2153/03_08_2026/PDR_GULP_data000.pcap_03_08_2026_22_57_1785778077.PCAP_PDR
03-08-2026 23:17 - WARNING - first_pkt_count, first_gps_count, first_pkt_Tstamp
03-08-2026 23:17 - WARNING - 2348535276 51852 2026-08-03T17:27:24.832699
03-08-2026 23:17 - WARNING - last_pkt_count, last_gps_count, last_pkt_Tstamp
03-08-2026 23:17 - WARNING - 2350417817 51882 2026-08-03T17:27:54.040485
03-08-2026 23:17 - WARNING - diff_pkt_count  , diff_gps_count ,  diff_pkt_timstamp
03-08-2026 23:17 - WARNING - 1882541 30 29207786 microseconds
03-08-2026 23:17 - WARNING - No packet loss: /data/dsp/GBD_TRANSIENT_BUFFER/J1921+2153/03_08_2026/PDR_GULP_data001.pcap_03_08_2026_22_58_1785778106.PCAP_PDR
03-08-2026 23:17 - WARNING - first_pkt_count, first_gps_count, first_pkt_Tstamp
03-08-2026 23:17 - WARNING - 2350417818 51882 2026-08-03T17:27:54.040485
03-08-2026 23:17 - WARNING - last_pkt_count, last_gps_count, last_pkt_Tstamp
03-08-2026 23:17 - WARNING - 2352300359 51911 2026-08-03T17:28:23.248313
03-08-2026 23:17 - WARNING - diff_pkt_count  , diff_gps_count ,  diff_pkt_timstamp
03-08-2026 23:17 - WARNING - 1882541 29 29207828 microseconds
03-08-2026 23:17 - WARNING - No packet loss: /data/dsp/GBD_TRANSIENT_BUFFER/J1921+2153/03_08_2026/PDR_GULP_data002.pcap_03_08_2026_22_58_1785778135.PCAP_PDR
03-08-2026 23:17 - WARNING - first_pkt_count, first_gps_count, first_pkt_Tstamp
03-08-2026 23:17 - WARNING - 2352300360 51911 2026-08-03T17:28:23.248313
03-08-2026 23:17 - WARNING - last_pkt_count, last_gps_count, last_pkt_Tstamp
03-08-2026 23:17 - WARNING - 2354182901 51940 2026-08-03T17:28:52.456177
03-08-2026 23:17 - WARNING - diff_pkt_count  , diff_gps_count ,  diff_pkt_timstamp
03-08-2026 23:17 - WARNING - 1882541 29 29207864 microseconds
03-08-2026 23:17 - WARNING - No packet loss: /data/dsp/GBD_TRANSIENT_BUFFER/J1921+2153/03_08_2026/PDR_GULP_data000.pcap_03_08_2026_22_59_1785778164.PCAP_PDR
03-08-2026 23:17 - WARNING - first_pkt_count, first_gps_count, first_pkt_Tstamp
03-08-2026 23:17 - WARNING - 2354182902 51940 2026-08-03T17:28:52.456177
03-08-2026 23:17 - WARNING - last_pkt_count, last_gps_count, last_pkt_Tstamp
03-08-2026 23:17 - WARNING - 2356065443 51969 2026-08-03T17:29:21.663979
03-08-2026 23:17 - WARNING - diff_pkt_count  , diff_gps_count ,  diff_pkt_timstamp
03-08-2026 23:17 - WARNING - 1882541 29 29207802 microseconds
03-08-2026 23:17 - WARNING - No packet loss: /data/dsp/GBD_TRANSIENT_BUFFER/J1921+2153/03_08_2026/PDR_GULP_data001.pcap_03_08_2026_22_59_1785778193.PCAP_PDR
03-08-2026 23:17 - WARNING - first_pkt_count, first_gps_count, first_pkt_Tstamp
03-08-2026 23:17 - WARNING - 2356065444 51969 2026-08-03T17:29:21.664032
03-08-2026 23:17 - WARNING - last_pkt_count, last_gps_count, last_pkt_Tstamp
03-08-2026 23:17 - WARNING - 2357947986 51998 2026-08-03T17:29:50.871883
03-08-2026 23:17 - WARNING - diff_pkt_count  , diff_gps_count ,  diff_pkt_timstamp
03-08-2026 23:17 - WARNING - 1882542 29 29207851 microseconds
03-08-2026 23:17 - WARNING - No packet loss: /data/dsp/GBD_TRANSIENT_BUFFER/J1921+2153/03_08_2026/PDR_GULP_data002.pcap_03_08_2026_23_00_1785778223.PCAP_PDR
03-08-2026 23:17 - WARNING - first_pkt_count, first_gps_count, first_pkt_Tstamp
03-08-2026 23:17 - WARNING - 2357947987 51998 2026-08-03T17:29:50.871883
03-08-2026 23:17 - WARNING - last_pkt_count, last_gps_count, last_pkt_Tstamp
03-08-2026 23:17 - WARNING - 2359830528 52028 2026-08-03T17:30:20.079691
03-08-2026 23:17 - WARNING - diff_pkt_count  , diff_gps_count ,  diff_pkt_timstamp
03-08-2026 23:17 - WARNING - 1882541 30 29207808 microseconds
03-08-2026 23:17 - WARNING - No packet loss: /data/dsp/GBD_TRANSIENT_BUFFER/J1921+2153/03_08_2026/PDR_GULP_data000.pcap_03_08_2026_23_00_1785778252.PCAP_PDR
03-08-2026 23:17 - WARNING - first_pkt_count, first_gps_count, first_pkt_Tstamp
03-08-2026 23:17 - WARNING - 2359830529 52028 2026-08-03T17:30:20.079743
03-08-2026 23:17 - WARNING - last_pkt_count, last_gps_count, last_pkt_Tstamp
03-08-2026 23:17 - WARNING - 2361713070 52057 2026-08-03T17:30:49.287561
03-08-2026 23:17 - WARNING - diff_pkt_count  , diff_gps_count ,  diff_pkt_timstamp
03-08-2026 23:17 - WARNING - 1882541 29 29207818 microseconds
03-08-2026 23:17 - WARNING - No packet loss: /data/dsp/GBD_TRANSIENT_BUFFER/J1921+2153/03_08_2026/PDR_GULP_data001.pcap_03_08_2026_23_01_1785778281.PCAP_PDR
03-08-2026 23:17 - WARNING - first_pkt_count, first_gps_count, first_pkt_Tstamp
03-08-2026 23:17 - WARNING - 2361713071 52057 2026-08-03T17:30:49.287561
03-08-2026 23:17 - WARNING - last_pkt_count, last_gps_count, last_pkt_Tstamp
03-08-2026 23:17 - WARNING - 2363595612 52086 2026-08-03T17:31:18.495362
03-08-2026 23:17 - WARNING - diff_pkt_count  , diff_gps_count ,  diff_pkt_timstamp
03-08-2026 23:17 - WARNING - 1882541 29 29207801 microseconds
03-08-2026 23:17 - WARNING - No packet loss: /data/dsp/GBD_TRANSIENT_BUFFER/J1921+2153/03_08_2026/PDR_GULP_data002.pcap_03_08_2026_23_01_1785778310.PCAP_PDR
03-08-2026 23:17 - WARNING - first_pkt_count, first_gps_count, first_pkt_Tstamp
03-08-2026 23:17 - WARNING - 2363595613 52086 2026-08-03T17:31:18.495417
03-08-2026 23:17 - WARNING - last_pkt_count, last_gps_count, last_pkt_Tstamp
03-08-2026 23:17 - WARNING - 2365478154 52115 2026-08-03T17:31:47.703280
03-08-2026 23:17 - WARNING - diff_pkt_count  , diff_gps_count ,  diff_pkt_timstamp
03-08-2026 23:17 - WARNING - 1882541 29 29207863 microseconds
03-08-2026 23:17 - WARNING - No packet loss: /data/dsp/GBD_TRANSIENT_BUFFER/J1921+2153/03_08_2026/PDR_GULP_data000.pcap_03_08_2026_23_02_1785778339.PCAP_PDR
03-08-2026 23:17 - WARNING - first_pkt_count, first_gps_count, first_pkt_Tstamp
03-08-2026 23:17 - WARNING - 2365478155 52115 2026-08-03T17:31:47.703280
03-08-2026 23:17 - WARNING - last_pkt_count, last_gps_count, last_pkt_Tstamp
03-08-2026 23:17 - WARNING - 2367360696 52144 2026-08-03T17:32:16.911088
03-08-2026 23:17 - WARNING - diff_pkt_count  , diff_gps_count ,  diff_pkt_timstamp
03-08-2026 23:17 - WARNING - 1882541 29 29207808 microseconds
03-08-2026 23:17 - WARNING - No packet loss: /data/dsp/GBD_TRANSIENT_BUFFER/J1921+2153/03_08_2026/PDR_GULP_data001.pcap_03_08_2026_23_02_1785778369.PCAP_PDR
03-08-2026 23:17 - WARNING - first_pkt_count, first_gps_count, first_pkt_Tstamp
03-08-2026 23:17 - WARNING - 2367360697 52144 2026-08-03T17:32:16.911088
03-08-2026 23:17 - WARNING - last_pkt_count, last_gps_count, last_pkt_Tstamp
03-08-2026 23:17 - WARNING - 2369243239 52174 2026-08-03T17:32:46.118896
03-08-2026 23:17 - WARNING - diff_pkt_count  , diff_gps_count ,  diff_pkt_timstamp
03-08-2026 23:17 - WARNING - 1882542 30 29207808 microseconds
03-08-2026 23:17 - WARNING - No packet loss: /data/dsp/GBD_TRANSIENT_BUFFER/J1921+2153/03_08_2026/PDR_GULP_data002.pcap_03_08_2026_23_03_1785778398.PCAP_PDR
03-08-2026 23:17 - WARNING - first_pkt_count, first_gps_count, first_pkt_Tstamp
03-08-2026 23:17 - WARNING - 2369243240 52174 2026-08-03T17:32:46.118947
03-08-2026 23:17 - WARNING - last_pkt_count, last_gps_count, last_pkt_Tstamp
03-08-2026 23:17 - WARNING - 2371125781 52203 2026-08-03T17:33:15.327654
03-08-2026 23:17 - WARNING - diff_pkt_count  , diff_gps_count ,  diff_pkt_timstamp
03-08-2026 23:17 - WARNING - 1882541 29 29208707 microseconds
03-08-2026 23:17 - WARNING - No packet loss: /data/dsp/GBD_TRANSIENT_BUFFER/J1921+2153/03_08_2026/PDR_GULP_data000.pcap_03_08_2026_23_03_1785778427.PCAP_PDR
03-08-2026 23:17 - WARNING - first_pkt_count, first_gps_count, first_pkt_Tstamp
03-08-2026 23:17 - WARNING - 2371125782 52203 2026-08-03T17:33:15.327654
03-08-2026 23:17 - WARNING - last_pkt_count, last_gps_count, last_pkt_Tstamp
03-08-2026 23:17 - WARNING - 2373008323 52232 2026-08-03T17:33:44.536447
03-08-2026 23:17 - WARNING - diff_pkt_count  , diff_gps_count ,  diff_pkt_timstamp
03-08-2026 23:17 - WARNING - 1882541 29 29208793 microseconds
03-08-2026 23:17 - WARNING - No packet loss: /data/dsp/GBD_TRANSIENT_BUFFER/J1921+2153/03_08_2026/PDR_GULP_data001.pcap_03_08_2026_23_04_1785778456.PCAP_PDR
03-08-2026 23:17 - WARNING - first_pkt_count, first_gps_count, first_pkt_Tstamp
03-08-2026 23:17 - WARNING - 2373008324 52232 2026-08-03T17:33:44.536502
03-08-2026 23:17 - WARNING - last_pkt_count, last_gps_count, last_pkt_Tstamp
03-08-2026 23:17 - WARNING - 2374890865 52261 2026-08-03T17:34:13.745272
03-08-2026 23:17 - WARNING - diff_pkt_count  , diff_gps_count ,  diff_pkt_timstamp
03-08-2026 23:17 - WARNING - 1882541 29 29208770 microseconds
03-08-2026 23:17 - WARNING - No packet loss: /data/dsp/GBD_TRANSIENT_BUFFER/J1921+2153/03_08_2026/PDR_GULP_data002.pcap_03_08_2026_23_04_1785778485.PCAP_PDR
03-08-2026 23:17 - WARNING - first_pkt_count, first_gps_count, first_pkt_Tstamp
03-08-2026 23:17 - WARNING - 2374890866 52261 2026-08-03T17:34:13.745272
03-08-2026 23:17 - WARNING - last_pkt_count, last_gps_count, last_pkt_Tstamp
03-08-2026 23:17 - WARNING - 2376773407 52290 2026-08-03T17:34:42.953924
03-08-2026 23:17 - WARNING - diff_pkt_count  , diff_gps_count ,  diff_pkt_timstamp
03-08-2026 23:17 - WARNING - 1882541 29 29208652 microseconds
03-08-2026 23:17 - WARNING - No packet loss: /data/dsp/GBD_TRANSIENT_BUFFER/J1921+2153/03_08_2026/PDR_GULP_data000.pcap_03_08_2026_23_05_1785778515.PCAP_PDR
03-08-2026 23:17 - WARNING - first_pkt_count, first_gps_count, first_pkt_Tstamp
03-08-2026 23:17 - WARNING - 2376773408 52290 2026-08-03T17:34:42.953924
03-08-2026 23:17 - WARNING - last_pkt_count, last_gps_count, last_pkt_Tstamp
03-08-2026 23:17 - WARNING - 2378655949 52320 2026-08-03T17:35:12.162634
03-08-2026 23:17 - WARNING - diff_pkt_count  , diff_gps_count ,  diff_pkt_timstamp
03-08-2026 23:17 - WARNING - 1882541 30 29208710 microseconds
03-08-2026 23:17 - WARNING - No packet loss: /data/dsp/GBD_TRANSIENT_BUFFER/J1921+2153/03_08_2026/PDR_GULP_data001.pcap_03_08_2026_23_05_1785778544.PCAP_PDR
03-08-2026 23:17 - WARNING - first_pkt_count, first_gps_count, first_pkt_Tstamp
03-08-2026 23:17 - WARNING - 2378655950 52320 2026-08-03T17:35:12.162634
03-08-2026 23:17 - WARNING - last_pkt_count, last_gps_count, last_pkt_Tstamp
03-08-2026 23:17 - WARNING - 2380538492 52349 2026-08-03T17:35:41.371242
03-08-2026 23:17 - WARNING - diff_pkt_count  , diff_gps_count ,  diff_pkt_timstamp
03-08-2026 23:17 - WARNING - 1882542 29 29208608 microseconds
03-08-2026 23:17 - WARNING - No packet loss: /data/dsp/GBD_TRANSIENT_BUFFER/J1921+2153/03_08_2026/PDR_GULP_data002.pcap_03_08_2026_23_06_1785778573.PCAP_PDR
03-08-2026 23:17 - WARNING - first_pkt_count, first_gps_count, first_pkt_Tstamp
03-08-2026 23:17 - WARNING - 2380538493 52349 2026-08-03T17:35:41.371243
03-08-2026 23:17 - WARNING - last_pkt_count, last_gps_count, last_pkt_Tstamp
03-08-2026 23:17 - WARNING - 2382421034 52378 2026-08-03T17:36:10.579839
03-08-2026 23:17 - WARNING - diff_pkt_count  , diff_gps_count ,  diff_pkt_timstamp
03-08-2026 23:17 - WARNING - 1882541 29 29208596 microseconds
03-08-2026 23:17 - WARNING - No packet loss: /data/dsp/GBD_TRANSIENT_BUFFER/J1921+2153/03_08_2026/PDR_GULP_data000.pcap_03_08_2026_23_06_1785778602.PCAP_PDR
03-08-2026 23:17 - WARNING - first_pkt_count, first_gps_count, first_pkt_Tstamp
03-08-2026 23:17 - WARNING - 2382421035 52378 2026-08-03T17:36:10.579839
03-08-2026 23:17 - WARNING - last_pkt_count, last_gps_count, last_pkt_Tstamp
03-08-2026 23:17 - WARNING - 2384303576 52407 2026-08-03T17:36:39.788393
03-08-2026 23:17 - WARNING - diff_pkt_count  , diff_gps_count ,  diff_pkt_timstamp
03-08-2026 23:17 - WARNING - 1882541 29 29208554 microseconds
03-08-2026 23:17 - WARNING - No packet loss: /data/dsp/GBD_TRANSIENT_BUFFER/J1921+2153/03_08_2026/PDR_GULP_data001.pcap_03_08_2026_23_07_1785778631.PCAP_PDR
03-08-2026 23:17 - WARNING - first_pkt_count, first_gps_count, first_pkt_Tstamp
03-08-2026 23:17 - WARNING - 2384303577 52407 2026-08-03T17:36:39.788394
03-08-2026 23:17 - WARNING - last_pkt_count, last_gps_count, last_pkt_Tstamp
03-08-2026 23:17 - WARNING - 2386186118 52436 2026-08-03T17:37:08.996869
03-08-2026 23:17 - WARNING - diff_pkt_count  , diff_gps_count ,  diff_pkt_timstamp
03-08-2026 23:17 - WARNING - 1882541 29 29208475 microseconds
03-08-2026 23:17 - WARNING - No packet loss: /data/dsp/GBD_TRANSIENT_BUFFER/J1921+2153/03_08_2026/PDR_GULP_data002.pcap_03_08_2026_23_07_1785778661.PCAP_PDR
03-08-2026 23:17 - WARNING - first_pkt_count, first_gps_count, first_pkt_Tstamp
03-08-2026 23:17 - WARNING - 2386186119 52436 2026-08-03T17:37:08.996918
03-08-2026 23:17 - WARNING - last_pkt_count, last_gps_count, last_pkt_Tstamp
03-08-2026 23:17 - WARNING - 2388068660 52466 2026-08-03T17:37:38.205383
03-08-2026 23:17 - WARNING - diff_pkt_count  , diff_gps_count ,  diff_pkt_timstamp
03-08-2026 23:17 - WARNING - 1882541 30 29208465 microseconds
03-08-2026 23:17 - WARNING - No packet loss: /data/dsp/GBD_TRANSIENT_BUFFER/J1921+2153/03_08_2026/PDR_GULP_data000.pcap_03_08_2026_23_08_1785778690.PCAP_PDR
03-08-2026 23:17 - WARNING - first_pkt_count, first_gps_count, first_pkt_Tstamp
03-08-2026 23:17 - WARNING - 2388068661 52466 2026-08-03T17:37:38.205383
03-08-2026 23:17 - WARNING - last_pkt_count, last_gps_count, last_pkt_Tstamp
03-08-2026 23:17 - WARNING - 2389951202 52495 2026-08-03T17:38:07.413837
03-08-2026 23:17 - WARNING - diff_pkt_count  , diff_gps_count ,  diff_pkt_timstamp
03-08-2026 23:17 - WARNING - 1882541 29 29208454 microseconds
03-08-2026 23:17 - WARNING - No packet loss: /data/dsp/GBD_TRANSIENT_BUFFER/J1921+2153/03_08_2026/PDR_GULP_data001.pcap_03_08_2026_23_08_1785778719.PCAP_PDR
03-08-2026 23:17 - WARNING - first_pkt_count, first_gps_count, first_pkt_Tstamp
03-08-2026 23:17 - WARNING - 2389951203 52495 2026-08-03T17:38:07.413920
03-08-2026 23:17 - WARNING - last_pkt_count, last_gps_count, last_pkt_Tstamp
03-08-2026 23:17 - WARNING - 2391833745 52524 2026-08-03T17:38:36.622306
03-08-2026 23:17 - WARNING - diff_pkt_count  , diff_gps_count ,  diff_pkt_timstamp
03-08-2026 23:17 - WARNING - 1882542 29 29208386 microseconds
03-08-2026 23:17 - WARNING - No packet loss: /data/dsp/GBD_TRANSIENT_BUFFER/J1921+2153/03_08_2026/PDR_GULP_data002.pcap_03_08_2026_23_09_1785778748.PCAP_PDR
03-08-2026 23:17 - WARNING - first_pkt_count, first_gps_count, first_pkt_Tstamp
03-08-2026 23:17 - WARNING - 2391833746 52524 2026-08-03T17:38:36.622306
03-08-2026 23:17 - WARNING - last_pkt_count, last_gps_count, last_pkt_Tstamp
03-08-2026 23:17 - WARNING - 2393716287 52553 2026-08-03T17:39:05.830691
03-08-2026 23:17 - WARNING - diff_pkt_count  , diff_gps_count ,  diff_pkt_timstamp
03-08-2026 23:17 - WARNING - 1882541 29 29208385 microseconds
03-08-2026 23:17 - WARNING - No packet loss: /data/dsp/GBD_TRANSIENT_BUFFER/J1921+2153/03_08_2026/PDR_GULP_data000.pcap_03_08_2026_23_09_1785778778.PCAP_PDR
03-08-2026 23:17 - WARNING - first_pkt_count, first_gps_count, first_pkt_Tstamp
03-08-2026 23:17 - WARNING - 2393716288 52553 2026-08-03T17:39:05.830692
03-08-2026 23:17 - WARNING - last_pkt_count, last_gps_count, last_pkt_Tstamp
03-08-2026 23:17 - WARNING - 2395598829 52583 2026-08-03T17:39:35.039062
03-08-2026 23:17 - WARNING - diff_pkt_count  , diff_gps_count ,  diff_pkt_timstamp
03-08-2026 23:17 - WARNING - 1882541 30 29208370 microseconds
03-08-2026 23:17 - WARNING - No packet loss: /data/dsp/GBD_TRANSIENT_BUFFER/J1921+2153/03_08_2026/PDR_GULP_data001.pcap_03_08_2026_23_10_1785778807.PCAP_PDR
03-08-2026 23:17 - WARNING - first_pkt_count, first_gps_count, first_pkt_Tstamp
03-08-2026 23:17 - WARNING - 2395598830 52583 2026-08-03T17:39:35.039115
03-08-2026 23:17 - WARNING - last_pkt_count, last_gps_count, last_pkt_Tstamp
03-08-2026 23:17 - WARNING - 2397481371 52612 2026-08-03T17:40:04.247480
03-08-2026 23:17 - WARNING - diff_pkt_count  , diff_gps_count ,  diff_pkt_timstamp
03-08-2026 23:17 - WARNING - 1882541 29 29208365 microseconds
03-08-2026 23:17 - WARNING - No packet loss: /data/dsp/GBD_TRANSIENT_BUFFER/J1921+2153/03_08_2026/PDR_GULP_data002.pcap_03_08_2026_23_10_1785778836.PCAP_PDR
03-08-2026 23:17 - WARNING - first_pkt_count, first_gps_count, first_pkt_Tstamp
03-08-2026 23:17 - WARNING - 2397481372 52612 2026-08-03T17:40:04.247480
03-08-2026 23:17 - WARNING - last_pkt_count, last_gps_count, last_pkt_Tstamp
03-08-2026 23:17 - WARNING - 2399363913 52641 2026-08-03T17:40:33.455777
03-08-2026 23:17 - WARNING - diff_pkt_count  , diff_gps_count ,  diff_pkt_timstamp
03-08-2026 23:17 - WARNING - 1882541 29 29208297 microseconds
03-08-2026 23:17 - WARNING - No packet loss: /data/dsp/GBD_TRANSIENT_BUFFER/J1921+2153/03_08_2026/PDR_GULP_data000.pcap_03_08_2026_23_11_1785778865.PCAP_PDR
03-08-2026 23:17 - WARNING - first_pkt_count, first_gps_count, first_pkt_Tstamp
03-08-2026 23:17 - WARNING - 2399363914 52641 2026-08-03T17:40:33.455777
03-08-2026 23:17 - WARNING - last_pkt_count, last_gps_count, last_pkt_Tstamp
03-08-2026 23:17 - WARNING - 2401246455 52670 2026-08-03T17:41:02.664071
03-08-2026 23:17 - WARNING - diff_pkt_count  , diff_gps_count ,  diff_pkt_timstamp
03-08-2026 23:17 - WARNING - 1882541 29 29208294 microseconds
03-08-2026 23:17 - WARNING - No packet loss: /data/dsp/GBD_TRANSIENT_BUFFER/J1921+2153/03_08_2026/PDR_GULP_data001.pcap_03_08_2026_23_11_1785778894.PCAP_PDR
03-08-2026 23:17 - WARNING - first_pkt_count, first_gps_count, first_pkt_Tstamp
03-08-2026 23:17 - WARNING - 2401246456 52670 2026-08-03T17:41:02.664162
03-08-2026 23:17 - WARNING - last_pkt_count, last_gps_count, last_pkt_Tstamp
03-08-2026 23:17 - WARNING - 2403128998 52699 2026-08-03T17:41:31.872418
03-08-2026 23:17 - WARNING - diff_pkt_count  , diff_gps_count ,  diff_pkt_timstamp
03-08-2026 23:17 - WARNING - 1882542 29 29208256 microseconds
03-08-2026 23:17 - WARNING - No packet loss: /data/dsp/GBD_TRANSIENT_BUFFER/J1921+2153/03_08_2026/PDR_GULP_data002.pcap_03_08_2026_23_12_1785778924.PCAP_PDR
03-08-2026 23:17 - WARNING - first_pkt_count, first_gps_count, first_pkt_Tstamp
03-08-2026 23:17 - WARNING - 2403128999 52699 2026-08-03T17:41:31.872418
03-08-2026 23:17 - WARNING - last_pkt_count, last_gps_count, last_pkt_Tstamp
03-08-2026 23:17 - WARNING - 2405011540 52729 2026-08-03T17:42:01.080672
03-08-2026 23:17 - WARNING - diff_pkt_count  , diff_gps_count ,  diff_pkt_timstamp
03-08-2026 23:17 - WARNING - 1882541 30 29208254 microseconds
03-08-2026 23:17 - WARNING - No packet loss: /data/dsp/GBD_TRANSIENT_BUFFER/J1921+2153/03_08_2026/PDR_GULP_data000.pcap_03_08_2026_23_12_1785778953.PCAP_PDR
03-08-2026 23:17 - WARNING - first_pkt_count, first_gps_count, first_pkt_Tstamp
03-08-2026 23:17 - WARNING - 2405011541 52729 2026-08-03T17:42:01.080672
03-08-2026 23:17 - WARNING - last_pkt_count, last_gps_count, last_pkt_Tstamp
03-08-2026 23:17 - WARNING - 2406894082 52758 2026-08-03T17:42:30.288956
03-08-2026 23:17 - WARNING - diff_pkt_count  , diff_gps_count ,  diff_pkt_timstamp
03-08-2026 23:17 - WARNING - 1882541 29 29208284 microseconds
03-08-2026 23:17 - WARNING - No packet loss: /data/dsp/GBD_TRANSIENT_BUFFER/J1921+2153/03_08_2026/PDR_GULP_data001.pcap_03_08_2026_23_13_1785778982.PCAP_PDR
03-08-2026 23:17 - WARNING - first_pkt_count, first_gps_count, first_pkt_Tstamp
03-08-2026 23:17 - WARNING - 2406894083 52758 2026-08-03T17:42:30.288956
03-08-2026 23:17 - WARNING - last_pkt_count, last_gps_count, last_pkt_Tstamp
03-08-2026 23:17 - WARNING - 2408776624 52787 2026-08-03T17:42:59.497142
03-08-2026 23:17 - WARNING - diff_pkt_count  , diff_gps_count ,  diff_pkt_timstamp
03-08-2026 23:17 - WARNING - 1882541 29 29208186 microseconds
03-08-2026 23:17 - WARNING - No packet loss: /data/dsp/GBD_TRANSIENT_BUFFER/J1921+2153/03_08_2026/PDR_GULP_data002.pcap_03_08_2026_23_13_1785779011.PCAP_PDR
03-08-2026 23:17 - WARNING - first_pkt_count, first_gps_count, first_pkt_Tstamp
03-08-2026 23:17 - WARNING - 2408776625 52787 2026-08-03T17:42:59.497195
03-08-2026 23:17 - WARNING - last_pkt_count, last_gps_count, last_pkt_Tstamp
03-08-2026 23:17 - WARNING - 2410659166 52816 2026-08-03T17:43:28.705425
03-08-2026 23:17 - WARNING - diff_pkt_count  , diff_gps_count ,  diff_pkt_timstamp
03-08-2026 23:17 - WARNING - 1882541 29 29208230 microseconds
03-08-2026 23:17 - WARNING - No packet loss: /data/dsp/GBD_TRANSIENT_BUFFER/J1921+2153/03_08_2026/PDR_GULP_data000.pcap_03_08_2026_23_14_1785779040.PCAP_PDR
03-08-2026 23:17 - WARNING - first_pkt_count, first_gps_count, first_pkt_Tstamp
03-08-2026 23:17 - WARNING - 2410659167 52816 2026-08-03T17:43:28.705426
03-08-2026 23:17 - WARNING - last_pkt_count, last_gps_count, last_pkt_Tstamp
03-08-2026 23:17 - WARNING - 2412541708 52845 2026-08-03T17:43:57.913635
03-08-2026 23:17 - WARNING - diff_pkt_count  , diff_gps_count ,  diff_pkt_timstamp
03-08-2026 23:17 - WARNING - 1882541 29 29208209 microseconds
03-08-2026 23:17 - WARNING - No packet loss: /data/dsp/GBD_TRANSIENT_BUFFER/J1921+2153/03_08_2026/PDR_GULP_data001.pcap_03_08_2026_23_14_1785779070.PCAP_PDR
03-08-2026 23:17 - WARNING - first_pkt_count, first_gps_count, first_pkt_Tstamp
03-08-2026 23:17 - WARNING - 2412541709 52845 2026-08-03T17:43:57.913636
03-08-2026 23:17 - WARNING - last_pkt_count, last_gps_count, last_pkt_Tstamp
03-08-2026 23:17 - WARNING - 2414424251 52875 2026-08-03T17:44:27.121849
03-08-2026 23:17 - WARNING - diff_pkt_count  , diff_gps_count ,  diff_pkt_timstamp
03-08-2026 23:17 - WARNING - 1882542 30 29208213 microseconds
03-08-2026 23:17 - WARNING - No packet loss: /data/dsp/GBD_TRANSIENT_BUFFER/J1921+2153/03_08_2026/PDR_GULP_data002.pcap_03_08_2026_23_14_1785779099.PCAP_PDR
03-08-2026 23:17 - WARNING - first_pkt_count, first_gps_count, first_pkt_Tstamp
03-08-2026 23:17 - WARNING - 2414424252 52875 2026-08-03T17:44:27.121849
03-08-2026 23:17 - WARNING - last_pkt_count, last_gps_count, last_pkt_Tstamp
03-08-2026 23:17 - WARNING - 2416306793 52904 2026-08-03T17:44:56.330018
03-08-2026 23:17 - WARNING - diff_pkt_count  , diff_gps_count ,  diff_pkt_timstamp
03-08-2026 23:17 - WARNING - 1882541 29 29208169 microseconds
03-08-2026 23:17 - WARNING - No packet loss: /data/dsp/GBD_TRANSIENT_BUFFER/J1921+2153/03_08_2026/PDR_GULP_data000.pcap_03_08_2026_23_15_1785779128.PCAP_PDR
03-08-2026 23:17 - WARNING - first_pkt_count, first_gps_count, first_pkt_Tstamp
03-08-2026 23:17 - WARNING - 2416306794 52904 2026-08-03T17:44:56.330018
03-08-2026 23:17 - WARNING - last_pkt_count, last_gps_count, last_pkt_Tstamp
03-08-2026 23:17 - WARNING - 2418189335 52933 2026-08-03T17:45:25.538171
03-08-2026 23:17 - WARNING - diff_pkt_count  , diff_gps_count ,  diff_pkt_timstamp
03-08-2026 23:17 - WARNING - 1882541 29 29208153 microseconds
03-08-2026 23:17 - WARNING - No packet loss: /data/dsp/GBD_TRANSIENT_BUFFER/J1921+2153/03_08_2026/PDR_GULP_data001.pcap_03_08_2026_23_15_1785779157.PCAP_PDR
03-08-2026 23:17 - WARNING - first_pkt_count, first_gps_count, first_pkt_Tstamp
03-08-2026 23:17 - WARNING - 2418189336 52933 2026-08-03T17:45:25.538172
03-08-2026 23:17 - WARNING - last_pkt_count, last_gps_count, last_pkt_Tstamp
03-08-2026 23:17 - WARNING - 2420071877 52962 2026-08-03T17:45:54.746346
03-08-2026 23:17 - WARNING - diff_pkt_count  , diff_gps_count ,  diff_pkt_timstamp
03-08-2026 23:17 - WARNING - 1882541 29 29208174 microseconds
03-08-2026 23:17 - WARNING - No packet loss: /data/dsp/GBD_TRANSIENT_BUFFER/J1921+2153/03_08_2026/PDR_GULP_data002.pcap_03_08_2026_23_16_1785779186.PCAP_PDR
03-08-2026 23:17 - WARNING - first_pkt_count, first_gps_count, first_pkt_Tstamp
03-08-2026 23:17 - WARNING - 2420071878 52962 2026-08-03T17:45:54.746347
03-08-2026 23:17 - WARNING - last_pkt_count, last_gps_count, last_pkt_Tstamp
03-08-2026 23:17 - WARNING - 2421954419 52991 2026-08-03T17:46:23.954470
03-08-2026 23:17 - WARNING - diff_pkt_count  , diff_gps_count ,  diff_pkt_timstamp
03-08-2026 23:17 - WARNING - 1882541 29 29208123 microseconds
03-08-2026 23:17 - WARNING - No packet loss: /data/dsp/GBD_TRANSIENT_BUFFER/J1921+2153/03_08_2026/PDR_GULP_data000.pcap_03_08_2026_23_16_1785779216.PCAP_PDR
03-08-2026 23:17 - WARNING - first_pkt_count, first_gps_count, first_pkt_Tstamp
03-08-2026 23:17 - WARNING - 2421954420 52991 2026-08-03T17:46:23.954470
03-08-2026 23:17 - WARNING - last_pkt_count, last_gps_count, last_pkt_Tstamp
03-08-2026 23:17 - WARNING - 2423836961 53021 2026-08-03T17:46:53.162602
03-08-2026 23:17 - WARNING - diff_pkt_count  , diff_gps_count ,  diff_pkt_timstamp
03-08-2026 23:17 - WARNING - 1882541 30 29208132 microseconds
03-08-2026 23:17 SLIP check Finished...
03-08-2026 23:17 Pulsar data reduction pipeline started ...
03-08-2026 23:17 - WARNING - Data Directory: /data/dsp/GBD_TRANSIENT_BUFFER/J1921+2153/03_08_2026
03-08-2026 23:17 - WARNING - Pulsar: J1921+2153
03-08-2026 23:17 - WARNING - CH selelction: 0
03-08-2026 23:17 - WARNING - Phase file: /home/dsp/PDR_acquire_setup/dada_scripts/phase/rf_path_phase.dat
03-08-2026 23:17 - WARNING - Obs. logfile: /home/dsp/PDR_acquire_setup/master_obs_log/J1921+2153_03_08_2026_observation.log
03-08-2026 23:17 - WARNING - Observation start time: 2026_08_03_22_28_41
03-08-2026 23:17 - WARNING - parfile: /home/dsp/parfiles/J1921+2153.par
03-08-2026 23:17 - WARNING - DM: 12.44399
03-08-2026 23:17 - WARNING - Period: 1.3373021601894548
03-08-2026 23:17 - WARNING - RA_DEC: 19:21:44.815+21:53:02.25
03-08-2026 23:17 - WARNING - out_dada_file: J1921+2153_2026_08_03_22_28_41_type_0.dada
03-08-2026 23:17 - WARNING - Number of files to process: 100
03-08-2026 23:17 - WARNING - Files per batch:  17
03-08-2026 23:41 - WARNING - Time taken for PDR2DADA convertion: 0:24:09.893109
03-08-2026 23:41 - WARNING - Center_freq: 175
03-08-2026 23:41 - WARNING - int_time: 3.0
03-08-2026 23:41 - WARNING - nbins: 256
03-08-2026 23:41 - WARNING - fil_chan: 256
03-08-2026 23:41 - WARNING - cpu: 2,3,4,5,6,7,8,9,10,11,12,13,14,15,16
03-08-2026 23:41 - WARNING - thread: 32
03-08-2026 23:41 - WARNING - nbit: 8
03-08-2026 23:41 - WARNING - time_avg: 0.000256
03-08-2026 23:41 - WARNING - MJD_START: 61255.70742563889
03-08-2026 23:41 - WARNING - output: J1921+2153_61255.71_175MHz_type_0_GBD_DART
03-08-2026 23:41 - WARNING - singularity_container: singularity exec /home/dsp/singularity_imag/pschive_py3.sif  
03-08-2026 23:41 - WARNING - ------ DIGIFITS ------
03-08-2026 23:41 - WARNING - ---- Search Mode FITS -------
03-08-2026 23:41 - WARNING - digifits_ful_stokes_cmd: singularity exec /home/dsp/singularity_imag/pschive_py3.sif  digifits  -F 256 -x 256 -b 8 -p 4 -t 0.000256 J1921+2153_2026_08_03_22_28_41_type_0.dada -o J1921+2153_2026_08_03_22_28_41_type_0.dada_stokes.fits
04-08-2026 00:17 - WARNING - ------ Total intensity FITS -------
04-08-2026 00:17 - WARNING - digifits_total_intensity_cmd: singularity exec /home/dsp/singularity_imag/pschive_py3.sif  digifits  -F 256 -x 256 -b 8 -p 1 -t 0.000256 J1921+2153_2026_08_03_22_28_41_type_0.dada -o J1921+2153_2026_08_03_22_28_41_type_0.dada_intensity.fits
04-08-2026 01:05 - WARNING - Nchan: 256
04-08-2026 01:05 - WARNING - Nbin: 256
04-08-2026 01:05 - WARNING - Tavg: 0.000256
04-08-2026 01:05 - WARNING - Time taken for DIGIFITS run: 1:23:47.852267
04-08-2026 01:05 - WARNING - ------ DSPSR ------
04-08-2026 01:05 - WARNING - ------- Coherent Dedispersion Folded archive -------
04-08-2026 01:05 - WARNING - dspsr_cmd: singularity exec /home/dsp/singularity_imag/pschive_py3.sif  dspsr J1921+2153_2026_08_03_22_28_41_type_0.dada -cpu 2,3,4,5,6,7,8,9,10,11,12,13,14,15,16 -t 32 -E /home/dsp/parfiles/J1921+2153.par -L 3.0 -b 256 -F 256:D -N J1921+2153 -a PSRFITS -A -e .fits -O J1921+2153_61255.71_175MHz_type_0_GBD_DART
04-08-2026 01:19 - WARNING - ------- Incoherent Dedispersion Folded archive -------
04-08-2026 01:19 - WARNING - Incoherent_DD_dspsr_cmd: singularity exec /home/dsp/singularity_imag/pschive_py3.sif  dspsr J1921+2153_2026_08_03_22_28_41_type_0.dada_stokes.fits -cpu 2,3,4,5,6,7,8,9,10,11,12,13,14,15,16 -t 32 -E /home/dsp/parfiles/J1921+2153.par -L 3.0 -b 256 -N J1921+2153 -A -e .fits -O J1921+2153_61255.71_175MHz_type_0_GBD_DART_stokes_Incoherent_DD
04-08-2026 01:21 - WARNING - Time taken for DSPSR run: 0:15:54.918057
04-08-2026 01:21 - WARNING - ------ PSREDIT ------
04-08-2026 01:21 - WARNING - psredit_cmd: singularity exec /home/dsp/singularity_imag/pschive_py3.sif  psredit -c name=J1921+2153,be:name=GSB,coord=19:21:44.815+21:53:02.25 -m *_GBD_DART*fits
04-08-2026 01:21 - WARNING - Time taken for PSREDIT run: 0:00:12.003476
04-08-2026 01:21 - WARNING - ------ Iterative RFI Cleaner ------
04-08-2026 01:21 - WARNING - Iterative_cleaner_cmd: singularity exec /home/dsp/singularity_imag/pschive_py3.sif   python3 /home/dsp/PDR_acquire_setup/iterative_cleaner.py -s 3 -c 3 -m 10 *_GBD_DART*fits
04-08-2026 01:28 - WARNING - Time taken for Iterative_cleaner run: 0:07:03.668033
04-08-2026 01:28 - WARNING - ------ PDMP ------
04-08-2026 01:28 - WARNING - pdmp_cmd1: singularity exec /home/dsp/singularity_imag/pschive_py3.sif  pdmp -dr 2 -ds 0.05 -g J1921+2153_61255.71_175MHz_type_0_GBD_DART.fits_cleaned.ar.ps/cps J1921+2153_61255.71_175MHz_type_0_GBD_DART.fits_cleaned.ar
04-08-2026 02:15 - WARNING - pdmp_cmd2: singularity exec /home/dsp/singularity_imag/pschive_py3.sif  pdmp -dr 2 -ds 0.05 -g J1921+2153_61255.71_175MHz_type_0_GBD_DART_stokes_Incoherent_DD.fits_cleaned.ar.ps/cps J1921+2153_61255.71_175MHz_type_0_GBD_DART_stokes_Incoherent_DD.fits_cleaned.ar
04-08-2026 02:53 - WARNING - Time taken for PDMP run: 1:24:57.571561
04-08-2026 02:53 - WARNING - ------ PS2PDF ------
04-08-2026 02:53 - WARNING - ps2pdf_cmd1: singularity exec /home/dsp/singularity_imag/pschive_py3.sif  ps2pdf J1921+2153_61255.71_175MHz_type_0_GBD_DART.fits_cleaned.ar.ps J1921+2153_61255.71_175MHz_type_0_GBD_DART.fits_cleaned.ar.ps.pdf
04-08-2026 02:53 - WARNING - ps2pdf_cmd2: singularity exec /home/dsp/singularity_imag/pschive_py3.sif  ps2pdf J1921+2153_61255.71_175MHz_type_0_GBD_DART_stokes_Incoherent_DD.fits_cleaned.ar.ps J1921+2153_61255.71_175MHz_type_0_GBD_DART_stokes_Incoherent_DD.fits_cleaned.ar.ps.pdf
04-08-2026 02:53 - WARNING - Time taken for PDMP run: 0:00:00.984839
04-08-2026 02:53 - WARNING - Overall time taken for data reduction: 3:36:07.853386
04-08-2026 02:53 - WARNING - J1921+2153_2026_08_03_22_28_41_type_0.dada... file removed
04-08-2026 02:53 - WARNING - All done!
04-08-2026 02:53 --- PRESTO ---
04-08-2026 02:53 singularity_container: singularity exec /home/dsp/singularity_imag/pschive_py3.sif  
04-08-2026 02:53 Filterbank to Process for PULSAR: J1921+2153 with DM:12.44399 : J1921+2153_2026_08_03_22_28_41_type_0.dada_intensity.fits
04-08-2026 02:53 --- RFIFIND ---
04-08-2026 02:53 RFIFIND: singularity exec /home/dsp/singularity_imag/pschive_py3.sif   rfifind -time 2.0 -o J1921+2153 J1921+2153_2026_08_03_22_28_41_type_0.dada_intensity.fits
04-08-2026 02:54 --- PREPDATA ---
04-08-2026 02:54 PREPDATA: singularity exec /home/dsp/singularity_imag/pschive_py3.sif   prepdata -nobary -o J1921+2153_2026_08_03_22_28_41_type_0.dada_intensity.fits -dm 12.44399 -mask J1921+2153_rfifind.mask J1921+2153_2026_08_03_22_28_41_type_0.dada_intensity.fits
04-08-2026 02:55 --- REALFFT ---
04-08-2026 02:55 REALFFT: singularity exec /home/dsp/singularity_imag/pschive_py3.sif   realfft  J1921+2153_2026_08_03_22_28_41_type_0.dada_intensity.fits.dat
04-08-2026 02:55 --- ACCELSEARCH ---
04-08-2026 02:55 ACCELSEARCH: singularity exec /home/dsp/singularity_imag/pschive_py3.sif   accelsearch -numharm 8 -zmax 8  J1921+2153_2026_08_03_22_28_41_type_0.dada_intensity.fits.fft
04-08-2026 02:55 Observation Over.
