20-07-2026 23:22 Waiting for J1921+2153 observation...
20-07-2026 23:27 Observation started...
20-07-2026 23:27 Pulsar: J1921+2153 , parfile: /home/dsp/parfiles/J1921+2153.par , DM: 12.44399
20-07-2026 23:27 Trigger sent to obs. PC [VELA].
21-07-2026 00:12 Acquired 100.
21-07-2026 00:12 ACQ over.
21-07-2026 00:12 Removing Trigger file from remote machine 
21-07-2026 00:12 Observation stoped.
-rw------- 1 dsp dsp 2.0G Jul 20 23:23 /data/TRANSIENT_BUFFER/PDR_GULP_data002.pcap_20_07_2026_23_23_1784570016.PCAP_PDR
-rw------- 1 dsp dsp 2.0G Jul 20 23:24 /data/TRANSIENT_BUFFER/PDR_GULP_data000.pcap_20_07_2026_23_24_1784570045.PCAP_PDR
-rw------- 1 dsp dsp 2.0G Jul 20 23:24 /data/TRANSIENT_BUFFER/PDR_GULP_data001.pcap_20_07_2026_23_24_1784570074.PCAP_PDR
-rw------- 1 dsp dsp 2.0G Jul 20 23:25 /data/TRANSIENT_BUFFER/PDR_GULP_data002.pcap_20_07_2026_23_25_1784570104.PCAP_PDR
-rw------- 1 dsp dsp 2.0G Jul 20 23:25 /data/TRANSIENT_BUFFER/PDR_GULP_data000.pcap_20_07_2026_23_25_1784570133.PCAP_PDR
-rw------- 1 dsp dsp 2.0G Jul 20 23:25 /data/TRANSIENT_BUFFER/PDR_GULP_data001.pcap_20_07_2026_23_26_1784570162.PCAP_PDR
-rw------- 1 dsp dsp 2.0G Jul 20 23:26 /data/TRANSIENT_BUFFER/PDR_GULP_data002.pcap_20_07_2026_23_26_1784570191.PCAP_PDR
-rw------- 1 dsp dsp 2.0G Jul 20 23:26 /data/TRANSIENT_BUFFER/PDR_GULP_data000.pcap_20_07_2026_23_27_1784570220.PCAP_PDR
-rw------- 1 dsp dsp 2.0G Jul 20 23:27 /data/TRANSIENT_BUFFER/PDR_GULP_data001.pcap_20_07_2026_23_27_1784570250.PCAP_PDR
-rw------- 1 dsp dsp 2.0G Jul 20 23:27 /data/TRANSIENT_BUFFER/PDR_GULP_data002.pcap_20_07_2026_23_27_1784570279.PCAP_PDR
-rw------- 1 dsp dsp 2.0G Jul 20 23:28 /data/TRANSIENT_BUFFER/PDR_GULP_data000.pcap_20_07_2026_23_28_1784570308.PCAP_PDR
-rw------- 1 dsp dsp 2.0G Jul 20 23:28 /data/TRANSIENT_BUFFER/PDR_GULP_data001.pcap_20_07_2026_23_28_1784570337.PCAP_PDR
-rw------- 1 dsp dsp 2.0G Jul 20 23:29 /data/TRANSIENT_BUFFER/PDR_GULP_data002.pcap_20_07_2026_23_29_1784570366.PCAP_PDR
-rw------- 1 dsp dsp 2.0G Jul 20 23:29 /data/TRANSIENT_BUFFER/PDR_GULP_data000.pcap_20_07_2026_23_29_1784570396.PCAP_PDR
-rw------- 1 dsp dsp 2.0G Jul 20 23:30 /data/TRANSIENT_BUFFER/PDR_GULP_data001.pcap_20_07_2026_23_30_1784570425.PCAP_PDR
-rw------- 1 dsp dsp 2.0G Jul 20 23:30 /data/TRANSIENT_BUFFER/PDR_GULP_data002.pcap_20_07_2026_23_30_1784570454.PCAP_PDR
-rw------- 1 dsp dsp 2.0G Jul 20 23:31 /data/TRANSIENT_BUFFER/PDR_GULP_data000.pcap_20_07_2026_23_31_1784570483.PCAP_PDR
-rw------- 1 dsp dsp 2.0G Jul 20 23:31 /data/TRANSIENT_BUFFER/PDR_GULP_data001.pcap_20_07_2026_23_31_1784570512.PCAP_PDR
-rw------- 1 dsp dsp 2.0G Jul 20 23:32 /data/TRANSIENT_BUFFER/PDR_GULP_data002.pcap_20_07_2026_23_32_1784570542.PCAP_PDR
-rw------- 1 dsp dsp 2.0G Jul 20 23:32 /data/TRANSIENT_BUFFER/PDR_GULP_data000.pcap_20_07_2026_23_32_1784570571.PCAP_PDR
-rw------- 1 dsp dsp 2.0G Jul 20 23:33 /data/TRANSIENT_BUFFER/PDR_GULP_data001.pcap_20_07_2026_23_33_1784570600.PCAP_PDR
-rw------- 1 dsp dsp 2.0G Jul 20 23:33 /data/TRANSIENT_BUFFER/PDR_GULP_data002.pcap_20_07_2026_23_33_1784570629.PCAP_PDR
-rw------- 1 dsp dsp 2.0G Jul 20 23:34 /data/TRANSIENT_BUFFER/PDR_GULP_data000.pcap_20_07_2026_23_34_1784570659.PCAP_PDR
-rw------- 1 dsp dsp 2.0G Jul 20 23:34 /data/TRANSIENT_BUFFER/PDR_GULP_data001.pcap_20_07_2026_23_34_1784570688.PCAP_PDR
-rw------- 1 dsp dsp 2.0G Jul 20 23:35 /data/TRANSIENT_BUFFER/PDR_GULP_data002.pcap_20_07_2026_23_35_1784570717.PCAP_PDR
-rw------- 1 dsp dsp 2.0G Jul 20 23:35 /data/TRANSIENT_BUFFER/PDR_GULP_data000.pcap_20_07_2026_23_35_1784570746.PCAP_PDR
-rw------- 1 dsp dsp 2.0G Jul 20 23:36 /data/TRANSIENT_BUFFER/PDR_GULP_data001.pcap_20_07_2026_23_36_1784570775.PCAP_PDR
-rw------- 1 dsp dsp 2.0G Jul 20 23:36 /data/TRANSIENT_BUFFER/PDR_GULP_data002.pcap_20_07_2026_23_36_1784570805.PCAP_PDR
-rw------- 1 dsp dsp 2.0G Jul 20 23:37 /data/TRANSIENT_BUFFER/PDR_GULP_data000.pcap_20_07_2026_23_37_1784570834.PCAP_PDR
-rw------- 1 dsp dsp 2.0G Jul 20 23:37 /data/TRANSIENT_BUFFER/PDR_GULP_data001.pcap_20_07_2026_23_37_1784570863.PCAP_PDR
-rw------- 1 dsp dsp 2.0G Jul 20 23:38 /data/TRANSIENT_BUFFER/PDR_GULP_data002.pcap_20_07_2026_23_38_1784570892.PCAP_PDR
-rw------- 1 dsp dsp 2.0G Jul 20 23:38 /data/TRANSIENT_BUFFER/PDR_GULP_data000.pcap_20_07_2026_23_38_1784570921.PCAP_PDR
-rw------- 1 dsp dsp 2.0G Jul 20 23:39 /data/TRANSIENT_BUFFER/PDR_GULP_data001.pcap_20_07_2026_23_39_1784570951.PCAP_PDR
-rw------- 1 dsp dsp 2.0G Jul 20 23:39 /data/TRANSIENT_BUFFER/PDR_GULP_data002.pcap_20_07_2026_23_39_1784570980.PCAP_PDR
-rw------- 1 dsp dsp 2.0G Jul 20 23:40 /data/TRANSIENT_BUFFER/PDR_GULP_data000.pcap_20_07_2026_23_40_1784571009.PCAP_PDR
-rw------- 1 dsp dsp 2.0G Jul 20 23:40 /data/TRANSIENT_BUFFER/PDR_GULP_data001.pcap_20_07_2026_23_40_1784571038.PCAP_PDR
-rw------- 1 dsp dsp 2.0G Jul 20 23:41 /data/TRANSIENT_BUFFER/PDR_GULP_data002.pcap_20_07_2026_23_41_1784571067.PCAP_PDR
-rw------- 1 dsp dsp 2.0G Jul 20 23:41 /data/TRANSIENT_BUFFER/PDR_GULP_data000.pcap_20_07_2026_23_41_1784571097.PCAP_PDR
-rw------- 1 dsp dsp 2.0G Jul 20 23:42 /data/TRANSIENT_BUFFER/PDR_GULP_data001.pcap_20_07_2026_23_42_1784571126.PCAP_PDR
-rw------- 1 dsp dsp 2.0G Jul 20 23:42 /data/TRANSIENT_BUFFER/PDR_GULP_data002.pcap_20_07_2026_23_42_1784571155.PCAP_PDR
-rw------- 1 dsp dsp 2.0G Jul 20 23:43 /data/TRANSIENT_BUFFER/PDR_GULP_data000.pcap_20_07_2026_23_43_1784571184.PCAP_PDR
-rw------- 1 dsp dsp 2.0G Jul 20 23:43 /data/TRANSIENT_BUFFER/PDR_GULP_data001.pcap_20_07_2026_23_43_1784571213.PCAP_PDR
-rw------- 1 dsp dsp 2.0G Jul 20 23:44 /data/TRANSIENT_BUFFER/PDR_GULP_data002.pcap_20_07_2026_23_44_1784571243.PCAP_PDR
-rw------- 1 dsp dsp 2.0G Jul 20 23:44 /data/TRANSIENT_BUFFER/PDR_GULP_data000.pcap_20_07_2026_23_44_1784571272.PCAP_PDR
-rw------- 1 dsp dsp 2.0G Jul 20 23:44 /data/TRANSIENT_BUFFER/PDR_GULP_data001.pcap_20_07_2026_23_45_1784571301.PCAP_PDR
-rw------- 1 dsp dsp 2.0G Jul 20 23:45 /data/TRANSIENT_BUFFER/PDR_GULP_data002.pcap_20_07_2026_23_45_1784571330.PCAP_PDR
-rw------- 1 dsp dsp 2.0G Jul 20 23:45 /data/TRANSIENT_BUFFER/PDR_GULP_data000.pcap_20_07_2026_23_46_1784571360.PCAP_PDR
-rw------- 1 dsp dsp 2.0G Jul 20 23:46 /data/TRANSIENT_BUFFER/PDR_GULP_data001.pcap_20_07_2026_23_46_1784571389.PCAP_PDR
-rw------- 1 dsp dsp 2.0G Jul 20 23:46 /data/TRANSIENT_BUFFER/PDR_GULP_data002.pcap_20_07_2026_23_46_1784571418.PCAP_PDR
-rw------- 1 dsp dsp 2.0G Jul 20 23:47 /data/TRANSIENT_BUFFER/PDR_GULP_data000.pcap_20_07_2026_23_47_1784571447.PCAP_PDR
-rw------- 1 dsp dsp 2.0G Jul 20 23:47 /data/TRANSIENT_BUFFER/PDR_GULP_data001.pcap_20_07_2026_23_47_1784571476.PCAP_PDR
-rw------- 1 dsp dsp 2.0G Jul 20 23:48 /data/TRANSIENT_BUFFER/PDR_GULP_data002.pcap_20_07_2026_23_48_1784571506.PCAP_PDR
-rw------- 1 dsp dsp 2.0G Jul 20 23:48 /data/TRANSIENT_BUFFER/PDR_GULP_data000.pcap_20_07_2026_23_48_1784571535.PCAP_PDR
-rw------- 1 dsp dsp 2.0G Jul 20 23:49 /data/TRANSIENT_BUFFER/PDR_GULP_data001.pcap_20_07_2026_23_49_1784571564.PCAP_PDR
-rw------- 1 dsp dsp 2.0G Jul 20 23:49 /data/TRANSIENT_BUFFER/PDR_GULP_data002.pcap_20_07_2026_23_49_1784571593.PCAP_PDR
-rw------- 1 dsp dsp 2.0G Jul 20 23:50 /data/TRANSIENT_BUFFER/PDR_GULP_data000.pcap_20_07_2026_23_50_1784571622.PCAP_PDR
-rw------- 1 dsp dsp 2.0G Jul 20 23:50 /data/TRANSIENT_BUFFER/PDR_GULP_data001.pcap_20_07_2026_23_50_1784571652.PCAP_PDR
-rw------- 1 dsp dsp 2.0G Jul 20 23:51 /data/TRANSIENT_BUFFER/PDR_GULP_data002.pcap_20_07_2026_23_51_1784571681.PCAP_PDR
-rw------- 1 dsp dsp 2.0G Jul 20 23:51 /data/TRANSIENT_BUFFER/PDR_GULP_data000.pcap_20_07_2026_23_51_1784571710.PCAP_PDR
-rw------- 1 dsp dsp 2.0G Jul 20 23:52 /data/TRANSIENT_BUFFER/PDR_GULP_data001.pcap_20_07_2026_23_52_1784571739.PCAP_PDR
-rw------- 1 dsp dsp 2.0G Jul 20 23:52 /data/TRANSIENT_BUFFER/PDR_GULP_data002.pcap_20_07_2026_23_52_1784571768.PCAP_PDR
-rw------- 1 dsp dsp 2.0G Jul 20 23:53 /data/TRANSIENT_BUFFER/PDR_GULP_data000.pcap_20_07_2026_23_53_1784571798.PCAP_PDR
-rw------- 1 dsp dsp 2.0G Jul 20 23:53 /data/TRANSIENT_BUFFER/PDR_GULP_data001.pcap_20_07_2026_23_53_1784571827.PCAP_PDR
-rw------- 1 dsp dsp 2.0G Jul 20 23:54 /data/TRANSIENT_BUFFER/PDR_GULP_data002.pcap_20_07_2026_23_54_1784571856.PCAP_PDR
-rw------- 1 dsp dsp 2.0G Jul 20 23:54 /data/TRANSIENT_BUFFER/PDR_GULP_data000.pcap_20_07_2026_23_54_1784571885.PCAP_PDR
-rw------- 1 dsp dsp 2.0G Jul 20 23:55 /data/TRANSIENT_BUFFER/PDR_GULP_data001.pcap_20_07_2026_23_55_1784571914.PCAP_PDR
-rw------- 1 dsp dsp 2.0G Jul 20 23:55 /data/TRANSIENT_BUFFER/PDR_GULP_data002.pcap_20_07_2026_23_55_1784571944.PCAP_PDR
-rw------- 1 dsp dsp 2.0G Jul 20 23:56 /data/TRANSIENT_BUFFER/PDR_GULP_data000.pcap_20_07_2026_23_56_1784571973.PCAP_PDR
-rw------- 1 dsp dsp 2.0G Jul 20 23:56 /data/TRANSIENT_BUFFER/PDR_GULP_data001.pcap_20_07_2026_23_56_1784572002.PCAP_PDR
-rw------- 1 dsp dsp 2.0G Jul 20 23:57 /data/TRANSIENT_BUFFER/PDR_GULP_data002.pcap_20_07_2026_23_57_1784572031.PCAP_PDR
-rw------- 1 dsp dsp 2.0G Jul 20 23:57 /data/TRANSIENT_BUFFER/PDR_GULP_data000.pcap_20_07_2026_23_57_1784572061.PCAP_PDR
-rw------- 1 dsp dsp 2.0G Jul 20 23:58 /data/TRANSIENT_BUFFER/PDR_GULP_data001.pcap_20_07_2026_23_58_1784572090.PCAP_PDR
-rw------- 1 dsp dsp 2.0G Jul 20 23:58 /data/TRANSIENT_BUFFER/PDR_GULP_data002.pcap_20_07_2026_23_58_1784572119.PCAP_PDR
-rw------- 1 dsp dsp 2.0G Jul 20 23:59 /data/TRANSIENT_BUFFER/PDR_GULP_data000.pcap_20_07_2026_23_59_1784572148.PCAP_PDR
-rw------- 1 dsp dsp 2.0G Jul 20 23:59 /data/TRANSIENT_BUFFER/PDR_GULP_data001.pcap_20_07_2026_23_59_1784572177.PCAP_PDR
-rw------- 1 dsp dsp 2.0G Jul 21 00:00 /data/TRANSIENT_BUFFER/PDR_GULP_data002.pcap_21_07_2026_00_00_1784572207.PCAP_PDR
-rw------- 1 dsp dsp 2.0G Jul 21 00:00 /data/TRANSIENT_BUFFER/PDR_GULP_data000.pcap_21_07_2026_00_00_1784572236.PCAP_PDR
-rw------- 1 dsp dsp 2.0G Jul 21 00:01 /data/TRANSIENT_BUFFER/PDR_GULP_data001.pcap_21_07_2026_00_01_1784572265.PCAP_PDR
-rw------- 1 dsp dsp 2.0G Jul 21 00:01 /data/TRANSIENT_BUFFER/PDR_GULP_data002.pcap_21_07_2026_00_01_1784572294.PCAP_PDR
-rw------- 1 dsp dsp 2.0G Jul 21 00:02 /data/TRANSIENT_BUFFER/PDR_GULP_data000.pcap_21_07_2026_00_02_1784572323.PCAP_PDR
-rw------- 1 dsp dsp 2.0G Jul 21 00:02 /data/TRANSIENT_BUFFER/PDR_GULP_data001.pcap_21_07_2026_00_02_1784572353.PCAP_PDR
-rw------- 1 dsp dsp 2.0G Jul 21 00:02 /data/TRANSIENT_BUFFER/PDR_GULP_data002.pcap_21_07_2026_00_03_1784572382.PCAP_PDR
-rw------- 1 dsp dsp 2.0G Jul 21 00:03 /data/TRANSIENT_BUFFER/PDR_GULP_data000.pcap_21_07_2026_00_03_1784572411.PCAP_PDR
-rw------- 1 dsp dsp 2.0G Jul 21 00:03 /data/TRANSIENT_BUFFER/PDR_GULP_data001.pcap_21_07_2026_00_04_1784572440.PCAP_PDR
-rw------- 1 dsp dsp 2.0G Jul 21 00:04 /data/TRANSIENT_BUFFER/PDR_GULP_data002.pcap_21_07_2026_00_04_1784572469.PCAP_PDR
-rw------- 1 dsp dsp 2.0G Jul 21 00:04 /data/TRANSIENT_BUFFER/PDR_GULP_data000.pcap_21_07_2026_00_04_1784572499.PCAP_PDR
-rw------- 1 dsp dsp 2.0G Jul 21 00:05 /data/TRANSIENT_BUFFER/PDR_GULP_data001.pcap_21_07_2026_00_05_1784572528.PCAP_PDR
-rw------- 1 dsp dsp 2.0G Jul 21 00:05 /data/TRANSIENT_BUFFER/PDR_GULP_data002.pcap_21_07_2026_00_05_1784572557.PCAP_PDR
-rw------- 1 dsp dsp 2.0G Jul 21 00:06 /data/TRANSIENT_BUFFER/PDR_GULP_data000.pcap_21_07_2026_00_06_1784572586.PCAP_PDR
-rw------- 1 dsp dsp 2.0G Jul 21 00:06 /data/TRANSIENT_BUFFER/PDR_GULP_data001.pcap_21_07_2026_00_06_1784572615.PCAP_PDR
-rw------- 1 dsp dsp 2.0G Jul 21 00:07 /data/TRANSIENT_BUFFER/PDR_GULP_data002.pcap_21_07_2026_00_07_1784572645.PCAP_PDR
-rw------- 1 dsp dsp 2.0G Jul 21 00:07 /data/TRANSIENT_BUFFER/PDR_GULP_data000.pcap_21_07_2026_00_07_1784572674.PCAP_PDR
-rw------- 1 dsp dsp 2.0G Jul 21 00:08 /data/TRANSIENT_BUFFER/PDR_GULP_data001.pcap_21_07_2026_00_08_1784572703.PCAP_PDR
-rw------- 1 dsp dsp 2.0G Jul 21 00:08 /data/TRANSIENT_BUFFER/PDR_GULP_data002.pcap_21_07_2026_00_08_1784572732.PCAP_PDR
-rw------- 1 dsp dsp 2.0G Jul 21 00:09 /data/TRANSIENT_BUFFER/PDR_GULP_data000.pcap_21_07_2026_00_09_1784572762.PCAP_PDR
-rw------- 1 dsp dsp 2.0G Jul 21 00:09 /data/TRANSIENT_BUFFER/PDR_GULP_data001.pcap_21_07_2026_00_09_1784572791.PCAP_PDR
-rw------- 1 dsp dsp 2.0G Jul 21 00:10 /data/TRANSIENT_BUFFER/PDR_GULP_data002.pcap_21_07_2026_00_10_1784572820.PCAP_PDR
-rw------- 1 dsp dsp 2.0G Jul 21 00:10 /data/TRANSIENT_BUFFER/PDR_GULP_data000.pcap_21_07_2026_00_10_1784572849.PCAP_PDR
-rw------- 1 dsp dsp 2.0G Jul 21 00:11 /data/TRANSIENT_BUFFER/PDR_GULP_data001.pcap_21_07_2026_00_11_1784572878.PCAP_PDR
-rw------- 1 dsp dsp 2.0G Jul 21 00:11 /data/TRANSIENT_BUFFER/PDR_GULP_data002.pcap_21_07_2026_00_11_1784572908.PCAP_PDR
21-07-2026 00:12 RAW PCAP data moved from Transient Buffer.
21-07-2026 00:12 SLIP check Started ...
21-07-2026 00:12 - WARNING - Data Directory: /data/dsp/GBD_TRANSIENT_BUFFER/J1921+2153/20_07_2026
21-07-2026 00:12 - WARNING - Number of Files: 100
21-07-2026 00:12 - WARNING - No packet loss: /data/dsp/GBD_TRANSIENT_BUFFER/J1921+2153/20_07_2026/PDR_GULP_data002.pcap_20_07_2026_23_23_1784570016.PCAP_PDR
21-07-2026 00:12 - WARNING - first_pkt_count, first_gps_count, first_pkt_Tstamp
21-07-2026 00:12 - WARNING - 1980170562 22443 2026-07-20T17:53:04.238677
21-07-2026 00:12 - WARNING - last_pkt_count, last_gps_count, last_pkt_Tstamp
21-07-2026 00:12 - WARNING - 1982053103 22472 2026-07-20T17:53:33.447176
21-07-2026 00:12 - WARNING - diff_pkt_count  , diff_gps_count ,  diff_pkt_timstamp
21-07-2026 00:12 - WARNING - 1882541 29 29208499 microseconds
21-07-2026 00:12 - WARNING - No packet loss: /data/dsp/GBD_TRANSIENT_BUFFER/J1921+2153/20_07_2026/PDR_GULP_data000.pcap_20_07_2026_23_24_1784570045.PCAP_PDR
21-07-2026 00:12 - WARNING - first_pkt_count, first_gps_count, first_pkt_Tstamp
21-07-2026 00:12 - WARNING - 1982053104 22472 2026-07-20T17:53:33.447176
21-07-2026 00:12 - WARNING - last_pkt_count, last_gps_count, last_pkt_Tstamp
21-07-2026 00:12 - WARNING - 1983935645 22501 2026-07-20T17:54:02.655763
21-07-2026 00:12 - WARNING - diff_pkt_count  , diff_gps_count ,  diff_pkt_timstamp
21-07-2026 00:12 - WARNING - 1882541 29 29208587 microseconds
21-07-2026 00:12 - WARNING - No packet loss: /data/dsp/GBD_TRANSIENT_BUFFER/J1921+2153/20_07_2026/PDR_GULP_data001.pcap_20_07_2026_23_24_1784570074.PCAP_PDR
21-07-2026 00:12 - WARNING - first_pkt_count, first_gps_count, first_pkt_Tstamp
21-07-2026 00:12 - WARNING - 1983935646 22501 2026-07-20T17:54:02.655763
21-07-2026 00:12 - WARNING - last_pkt_count, last_gps_count, last_pkt_Tstamp
21-07-2026 00:12 - WARNING - 1985818187 22530 2026-07-20T17:54:31.864375
21-07-2026 00:12 - WARNING - diff_pkt_count  , diff_gps_count ,  diff_pkt_timstamp
21-07-2026 00:12 - WARNING - 1882541 29 29208612 microseconds
21-07-2026 00:12 - WARNING - No packet loss: /data/dsp/GBD_TRANSIENT_BUFFER/J1921+2153/20_07_2026/PDR_GULP_data002.pcap_20_07_2026_23_25_1784570104.PCAP_PDR
21-07-2026 00:12 - WARNING - first_pkt_count, first_gps_count, first_pkt_Tstamp
21-07-2026 00:12 - WARNING - 1985818188 22530 2026-07-20T17:54:31.864376
21-07-2026 00:12 - WARNING - last_pkt_count, last_gps_count, last_pkt_Tstamp
21-07-2026 00:12 - WARNING - 1987700729 22560 2026-07-20T17:55:01.072881
21-07-2026 00:12 - WARNING - diff_pkt_count  , diff_gps_count ,  diff_pkt_timstamp
21-07-2026 00:12 - WARNING - 1882541 30 29208505 microseconds
21-07-2026 00:12 - WARNING - No packet loss: /data/dsp/GBD_TRANSIENT_BUFFER/J1921+2153/20_07_2026/PDR_GULP_data000.pcap_20_07_2026_23_25_1784570133.PCAP_PDR
21-07-2026 00:12 - WARNING - first_pkt_count, first_gps_count, first_pkt_Tstamp
21-07-2026 00:12 - WARNING - 1987700730 22560 2026-07-20T17:55:01.072881
21-07-2026 00:12 - WARNING - last_pkt_count, last_gps_count, last_pkt_Tstamp
21-07-2026 00:12 - WARNING - 1989583272 22589 2026-07-20T17:55:30.281487
21-07-2026 00:12 - WARNING - diff_pkt_count  , diff_gps_count ,  diff_pkt_timstamp
21-07-2026 00:12 - WARNING - 1882542 29 29208606 microseconds
21-07-2026 00:12 - WARNING - No packet loss: /data/dsp/GBD_TRANSIENT_BUFFER/J1921+2153/20_07_2026/PDR_GULP_data001.pcap_20_07_2026_23_26_1784570162.PCAP_PDR
21-07-2026 00:12 - WARNING - first_pkt_count, first_gps_count, first_pkt_Tstamp
21-07-2026 00:12 - WARNING - 1989583273 22589 2026-07-20T17:55:30.281488
21-07-2026 00:12 - WARNING - last_pkt_count, last_gps_count, last_pkt_Tstamp
21-07-2026 00:12 - WARNING - 1991465814 22618 2026-07-20T17:55:59.489972
21-07-2026 00:12 - WARNING - diff_pkt_count  , diff_gps_count ,  diff_pkt_timstamp
21-07-2026 00:12 - WARNING - 1882541 29 29208484 microseconds
21-07-2026 00:12 - WARNING - No packet loss: /data/dsp/GBD_TRANSIENT_BUFFER/J1921+2153/20_07_2026/PDR_GULP_data002.pcap_20_07_2026_23_26_1784570191.PCAP_PDR
21-07-2026 00:12 - WARNING - first_pkt_count, first_gps_count, first_pkt_Tstamp
21-07-2026 00:12 - WARNING - 1991465815 22618 2026-07-20T17:55:59.489973
21-07-2026 00:12 - WARNING - last_pkt_count, last_gps_count, last_pkt_Tstamp
21-07-2026 00:12 - WARNING - 1993348356 22647 2026-07-20T17:56:28.698498
21-07-2026 00:12 - WARNING - diff_pkt_count  , diff_gps_count ,  diff_pkt_timstamp
21-07-2026 00:12 - WARNING - 1882541 29 29208525 microseconds
21-07-2026 00:12 - WARNING - No packet loss: /data/dsp/GBD_TRANSIENT_BUFFER/J1921+2153/20_07_2026/PDR_GULP_data000.pcap_20_07_2026_23_27_1784570220.PCAP_PDR
21-07-2026 00:12 - WARNING - first_pkt_count, first_gps_count, first_pkt_Tstamp
21-07-2026 00:12 - WARNING - 1993348357 22647 2026-07-20T17:56:28.698498
21-07-2026 00:12 - WARNING - last_pkt_count, last_gps_count, last_pkt_Tstamp
21-07-2026 00:12 - WARNING - 1995230898 22676 2026-07-20T17:56:57.907054
21-07-2026 00:12 - WARNING - diff_pkt_count  , diff_gps_count ,  diff_pkt_timstamp
21-07-2026 00:12 - WARNING - 1882541 29 29208556 microseconds
21-07-2026 00:12 - WARNING - No packet loss: /data/dsp/GBD_TRANSIENT_BUFFER/J1921+2153/20_07_2026/PDR_GULP_data001.pcap_20_07_2026_23_27_1784570250.PCAP_PDR
21-07-2026 00:12 - WARNING - first_pkt_count, first_gps_count, first_pkt_Tstamp
21-07-2026 00:12 - WARNING - 1995230899 22676 2026-07-20T17:56:57.907055
21-07-2026 00:12 - WARNING - last_pkt_count, last_gps_count, last_pkt_Tstamp
21-07-2026 00:12 - WARNING - 1997113440 22706 2026-07-20T17:57:27.115521
21-07-2026 00:12 - WARNING - diff_pkt_count  , diff_gps_count ,  diff_pkt_timstamp
21-07-2026 00:12 - WARNING - 1882541 30 29208466 microseconds
21-07-2026 00:12 - WARNING - No packet loss: /data/dsp/GBD_TRANSIENT_BUFFER/J1921+2153/20_07_2026/PDR_GULP_data002.pcap_20_07_2026_23_27_1784570279.PCAP_PDR
21-07-2026 00:12 - WARNING - first_pkt_count, first_gps_count, first_pkt_Tstamp
21-07-2026 00:12 - WARNING - 1997113441 22706 2026-07-20T17:57:27.115522
21-07-2026 00:12 - WARNING - last_pkt_count, last_gps_count, last_pkt_Tstamp
21-07-2026 00:12 - WARNING - 1998995982 22735 2026-07-20T17:57:56.324017
21-07-2026 00:12 - WARNING - diff_pkt_count  , diff_gps_count ,  diff_pkt_timstamp
21-07-2026 00:12 - WARNING - 1882541 29 29208495 microseconds
21-07-2026 00:12 - WARNING - No packet loss: /data/dsp/GBD_TRANSIENT_BUFFER/J1921+2153/20_07_2026/PDR_GULP_data000.pcap_20_07_2026_23_28_1784570308.PCAP_PDR
21-07-2026 00:12 - WARNING - first_pkt_count, first_gps_count, first_pkt_Tstamp
21-07-2026 00:12 - WARNING - 1998995983 22735 2026-07-20T17:57:56.324018
21-07-2026 00:12 - WARNING - last_pkt_count, last_gps_count, last_pkt_Tstamp
21-07-2026 00:12 - WARNING - 2000878525 22764 2026-07-20T17:58:25.532469
21-07-2026 00:12 - WARNING - diff_pkt_count  , diff_gps_count ,  diff_pkt_timstamp
21-07-2026 00:12 - WARNING - 1882542 29 29208451 microseconds
21-07-2026 00:12 - WARNING - No packet loss: /data/dsp/GBD_TRANSIENT_BUFFER/J1921+2153/20_07_2026/PDR_GULP_data001.pcap_20_07_2026_23_28_1784570337.PCAP_PDR
21-07-2026 00:12 - WARNING - first_pkt_count, first_gps_count, first_pkt_Tstamp
21-07-2026 00:12 - WARNING - 2000878526 22764 2026-07-20T17:58:25.532522
21-07-2026 00:12 - WARNING - last_pkt_count, last_gps_count, last_pkt_Tstamp
21-07-2026 00:12 - WARNING - 2002761067 22793 2026-07-20T17:58:54.740981
21-07-2026 00:12 - WARNING - diff_pkt_count  , diff_gps_count ,  diff_pkt_timstamp
21-07-2026 00:12 - WARNING - 1882541 29 29208459 microseconds
21-07-2026 00:12 - WARNING - No packet loss: /data/dsp/GBD_TRANSIENT_BUFFER/J1921+2153/20_07_2026/PDR_GULP_data002.pcap_20_07_2026_23_29_1784570366.PCAP_PDR
21-07-2026 00:12 - WARNING - first_pkt_count, first_gps_count, first_pkt_Tstamp
21-07-2026 00:12 - WARNING - 2002761068 22793 2026-07-20T17:58:54.740981
21-07-2026 00:12 - WARNING - last_pkt_count, last_gps_count, last_pkt_Tstamp
21-07-2026 00:12 - WARNING - 2004643609 22822 2026-07-20T17:59:23.949432
21-07-2026 00:12 - WARNING - diff_pkt_count  , diff_gps_count ,  diff_pkt_timstamp
21-07-2026 00:12 - WARNING - 1882541 29 29208451 microseconds
21-07-2026 00:12 - WARNING - No packet loss: /data/dsp/GBD_TRANSIENT_BUFFER/J1921+2153/20_07_2026/PDR_GULP_data000.pcap_20_07_2026_23_29_1784570396.PCAP_PDR
21-07-2026 00:12 - WARNING - first_pkt_count, first_gps_count, first_pkt_Tstamp
21-07-2026 00:12 - WARNING - 2004643610 22822 2026-07-20T17:59:23.949433
21-07-2026 00:12 - WARNING - last_pkt_count, last_gps_count, last_pkt_Tstamp
21-07-2026 00:12 - WARNING - 2006526151 22852 2026-07-20T17:59:53.157865
21-07-2026 00:12 - WARNING - diff_pkt_count  , diff_gps_count ,  diff_pkt_timstamp
21-07-2026 00:12 - WARNING - 1882541 30 29208432 microseconds
21-07-2026 00:12 - WARNING - No packet loss: /data/dsp/GBD_TRANSIENT_BUFFER/J1921+2153/20_07_2026/PDR_GULP_data001.pcap_20_07_2026_23_30_1784570425.PCAP_PDR
21-07-2026 00:12 - WARNING - first_pkt_count, first_gps_count, first_pkt_Tstamp
21-07-2026 00:12 - WARNING - 2006526152 22852 2026-07-20T17:59:53.157865
21-07-2026 00:12 - WARNING - last_pkt_count, last_gps_count, last_pkt_Tstamp
21-07-2026 00:12 - WARNING - 2008408693 22881 2026-07-20T18:00:22.366285
21-07-2026 00:12 - WARNING - diff_pkt_count  , diff_gps_count ,  diff_pkt_timstamp
21-07-2026 00:12 - WARNING - 1882541 29 29208420 microseconds
21-07-2026 00:12 - WARNING - No packet loss: /data/dsp/GBD_TRANSIENT_BUFFER/J1921+2153/20_07_2026/PDR_GULP_data002.pcap_20_07_2026_23_30_1784570454.PCAP_PDR
21-07-2026 00:12 - WARNING - first_pkt_count, first_gps_count, first_pkt_Tstamp
21-07-2026 00:12 - WARNING - 2008408694 22881 2026-07-20T18:00:22.366338
21-07-2026 00:12 - WARNING - last_pkt_count, last_gps_count, last_pkt_Tstamp
21-07-2026 00:12 - WARNING - 2010291235 22910 2026-07-20T18:00:51.574729
21-07-2026 00:12 - WARNING - diff_pkt_count  , diff_gps_count ,  diff_pkt_timstamp
21-07-2026 00:12 - WARNING - 1882541 29 29208391 microseconds
21-07-2026 00:12 - WARNING - No packet loss: /data/dsp/GBD_TRANSIENT_BUFFER/J1921+2153/20_07_2026/PDR_GULP_data000.pcap_20_07_2026_23_31_1784570483.PCAP_PDR
21-07-2026 00:12 - WARNING - first_pkt_count, first_gps_count, first_pkt_Tstamp
21-07-2026 00:12 - WARNING - 2010291236 22910 2026-07-20T18:00:51.574781
21-07-2026 00:12 - WARNING - last_pkt_count, last_gps_count, last_pkt_Tstamp
21-07-2026 00:12 - WARNING - 2012173778 22939 2026-07-20T18:01:20.783164
21-07-2026 00:12 - WARNING - diff_pkt_count  , diff_gps_count ,  diff_pkt_timstamp
21-07-2026 00:12 - WARNING - 1882542 29 29208383 microseconds
21-07-2026 00:12 - WARNING - No packet loss: /data/dsp/GBD_TRANSIENT_BUFFER/J1921+2153/20_07_2026/PDR_GULP_data001.pcap_20_07_2026_23_31_1784570512.PCAP_PDR
21-07-2026 00:12 - WARNING - first_pkt_count, first_gps_count, first_pkt_Tstamp
21-07-2026 00:12 - WARNING - 2012173779 22939 2026-07-20T18:01:20.783218
21-07-2026 00:12 - WARNING - last_pkt_count, last_gps_count, last_pkt_Tstamp
21-07-2026 00:12 - WARNING - 2014056320 22968 2026-07-20T18:01:49.991576
21-07-2026 00:12 - WARNING - diff_pkt_count  , diff_gps_count ,  diff_pkt_timstamp
21-07-2026 00:12 - WARNING - 1882541 29 29208358 microseconds
21-07-2026 00:12 - WARNING - No packet loss: /data/dsp/GBD_TRANSIENT_BUFFER/J1921+2153/20_07_2026/PDR_GULP_data002.pcap_20_07_2026_23_32_1784570542.PCAP_PDR
21-07-2026 00:12 - WARNING - first_pkt_count, first_gps_count, first_pkt_Tstamp
21-07-2026 00:12 - WARNING - 2014056321 22968 2026-07-20T18:01:49.991628
21-07-2026 00:12 - WARNING - last_pkt_count, last_gps_count, last_pkt_Tstamp
21-07-2026 00:12 - WARNING - 2015938862 22998 2026-07-20T18:02:19.200005
21-07-2026 00:12 - WARNING - diff_pkt_count  , diff_gps_count ,  diff_pkt_timstamp
21-07-2026 00:12 - WARNING - 1882541 30 29208377 microseconds
21-07-2026 00:12 - WARNING - No packet loss: /data/dsp/GBD_TRANSIENT_BUFFER/J1921+2153/20_07_2026/PDR_GULP_data000.pcap_20_07_2026_23_32_1784570571.PCAP_PDR
21-07-2026 00:12 - WARNING - first_pkt_count, first_gps_count, first_pkt_Tstamp
21-07-2026 00:12 - WARNING - 2015938863 22998 2026-07-20T18:02:19.200006
21-07-2026 00:12 - WARNING - last_pkt_count, last_gps_count, last_pkt_Tstamp
21-07-2026 00:12 - WARNING - 2017821404 23027 2026-07-20T18:02:48.408438
21-07-2026 00:12 - WARNING - diff_pkt_count  , diff_gps_count ,  diff_pkt_timstamp
21-07-2026 00:12 - WARNING - 1882541 29 29208432 microseconds
21-07-2026 00:12 - WARNING - No packet loss: /data/dsp/GBD_TRANSIENT_BUFFER/J1921+2153/20_07_2026/PDR_GULP_data001.pcap_20_07_2026_23_33_1784570600.PCAP_PDR
21-07-2026 00:12 - WARNING - first_pkt_count, first_gps_count, first_pkt_Tstamp
21-07-2026 00:12 - WARNING - 2017821405 23027 2026-07-20T18:02:48.408438
21-07-2026 00:12 - WARNING - last_pkt_count, last_gps_count, last_pkt_Tstamp
21-07-2026 00:12 - WARNING - 2019703946 23056 2026-07-20T18:03:17.616845
21-07-2026 00:12 - WARNING - diff_pkt_count  , diff_gps_count ,  diff_pkt_timstamp
21-07-2026 00:12 - WARNING - 1882541 29 29208407 microseconds
21-07-2026 00:12 - WARNING - No packet loss: /data/dsp/GBD_TRANSIENT_BUFFER/J1921+2153/20_07_2026/PDR_GULP_data002.pcap_20_07_2026_23_33_1784570629.PCAP_PDR
21-07-2026 00:12 - WARNING - first_pkt_count, first_gps_count, first_pkt_Tstamp
21-07-2026 00:12 - WARNING - 2019703947 23056 2026-07-20T18:03:17.616845
21-07-2026 00:12 - WARNING - last_pkt_count, last_gps_count, last_pkt_Tstamp
21-07-2026 00:12 - WARNING - 2021586488 23085 2026-07-20T18:03:46.825224
21-07-2026 00:12 - WARNING - diff_pkt_count  , diff_gps_count ,  diff_pkt_timstamp
21-07-2026 00:12 - WARNING - 1882541 29 29208379 microseconds
21-07-2026 00:12 - WARNING - No packet loss: /data/dsp/GBD_TRANSIENT_BUFFER/J1921+2153/20_07_2026/PDR_GULP_data000.pcap_20_07_2026_23_34_1784570659.PCAP_PDR
21-07-2026 00:12 - WARNING - first_pkt_count, first_gps_count, first_pkt_Tstamp
21-07-2026 00:12 - WARNING - 2021586489 23085 2026-07-20T18:03:46.825224
21-07-2026 00:12 - WARNING - last_pkt_count, last_gps_count, last_pkt_Tstamp
21-07-2026 00:12 - WARNING - 2023469031 23114 2026-07-20T18:04:16.033603
21-07-2026 00:12 - WARNING - diff_pkt_count  , diff_gps_count ,  diff_pkt_timstamp
21-07-2026 00:12 - WARNING - 1882542 29 29208379 microseconds
21-07-2026 00:12 - WARNING - No packet loss: /data/dsp/GBD_TRANSIENT_BUFFER/J1921+2153/20_07_2026/PDR_GULP_data001.pcap_20_07_2026_23_34_1784570688.PCAP_PDR
21-07-2026 00:12 - WARNING - first_pkt_count, first_gps_count, first_pkt_Tstamp
21-07-2026 00:12 - WARNING - 2023469032 23114 2026-07-20T18:04:16.033655
21-07-2026 00:12 - WARNING - last_pkt_count, last_gps_count, last_pkt_Tstamp
21-07-2026 00:12 - WARNING - 2025351573 23144 2026-07-20T18:04:45.242029
21-07-2026 00:12 - WARNING - diff_pkt_count  , diff_gps_count ,  diff_pkt_timstamp
21-07-2026 00:12 - WARNING - 1882541 30 29208374 microseconds
21-07-2026 00:12 - WARNING - No packet loss: /data/dsp/GBD_TRANSIENT_BUFFER/J1921+2153/20_07_2026/PDR_GULP_data002.pcap_20_07_2026_23_35_1784570717.PCAP_PDR
21-07-2026 00:12 - WARNING - first_pkt_count, first_gps_count, first_pkt_Tstamp
21-07-2026 00:12 - WARNING - 2025351574 23144 2026-07-20T18:04:45.242029
21-07-2026 00:12 - WARNING - last_pkt_count, last_gps_count, last_pkt_Tstamp
21-07-2026 00:12 - WARNING - 2027234115 23173 2026-07-20T18:05:14.450441
21-07-2026 00:12 - WARNING - diff_pkt_count  , diff_gps_count ,  diff_pkt_timstamp
21-07-2026 00:12 - WARNING - 1882541 29 29208412 microseconds
21-07-2026 00:12 - WARNING - No packet loss: /data/dsp/GBD_TRANSIENT_BUFFER/J1921+2153/20_07_2026/PDR_GULP_data000.pcap_20_07_2026_23_35_1784570746.PCAP_PDR
21-07-2026 00:12 - WARNING - first_pkt_count, first_gps_count, first_pkt_Tstamp
21-07-2026 00:12 - WARNING - 2027234116 23173 2026-07-20T18:05:14.450441
21-07-2026 00:12 - WARNING - last_pkt_count, last_gps_count, last_pkt_Tstamp
21-07-2026 00:12 - WARNING - 2029116657 23202 2026-07-20T18:05:43.658783
21-07-2026 00:12 - WARNING - diff_pkt_count  , diff_gps_count ,  diff_pkt_timstamp
21-07-2026 00:12 - WARNING - 1882541 29 29208342 microseconds
21-07-2026 00:12 - WARNING - No packet loss: /data/dsp/GBD_TRANSIENT_BUFFER/J1921+2153/20_07_2026/PDR_GULP_data001.pcap_20_07_2026_23_36_1784570775.PCAP_PDR
21-07-2026 00:12 - WARNING - first_pkt_count, first_gps_count, first_pkt_Tstamp
21-07-2026 00:12 - WARNING - 2029116658 23202 2026-07-20T18:05:43.658783
21-07-2026 00:12 - WARNING - last_pkt_count, last_gps_count, last_pkt_Tstamp
21-07-2026 00:12 - WARNING - 2030999199 23231 2026-07-20T18:06:12.867195
21-07-2026 00:12 - WARNING - diff_pkt_count  , diff_gps_count ,  diff_pkt_timstamp
21-07-2026 00:12 - WARNING - 1882541 29 29208412 microseconds
21-07-2026 00:12 - WARNING - No packet loss: /data/dsp/GBD_TRANSIENT_BUFFER/J1921+2153/20_07_2026/PDR_GULP_data002.pcap_20_07_2026_23_36_1784570805.PCAP_PDR
21-07-2026 00:12 - WARNING - first_pkt_count, first_gps_count, first_pkt_Tstamp
21-07-2026 00:12 - WARNING - 2030999200 23231 2026-07-20T18:06:12.867196
21-07-2026 00:12 - WARNING - last_pkt_count, last_gps_count, last_pkt_Tstamp
21-07-2026 00:12 - WARNING - 2032881741 23261 2026-07-20T18:06:42.075594
21-07-2026 00:12 - WARNING - diff_pkt_count  , diff_gps_count ,  diff_pkt_timstamp
21-07-2026 00:12 - WARNING - 1882541 30 29208398 microseconds
21-07-2026 00:12 - WARNING - No packet loss: /data/dsp/GBD_TRANSIENT_BUFFER/J1921+2153/20_07_2026/PDR_GULP_data000.pcap_20_07_2026_23_37_1784570834.PCAP_PDR
21-07-2026 00:12 - WARNING - first_pkt_count, first_gps_count, first_pkt_Tstamp
21-07-2026 00:12 - WARNING - 2032881742 23261 2026-07-20T18:06:42.075594
21-07-2026 00:12 - WARNING - last_pkt_count, last_gps_count, last_pkt_Tstamp
21-07-2026 00:12 - WARNING - 2034764284 23290 2026-07-20T18:07:11.283981
21-07-2026 00:12 - WARNING - diff_pkt_count  , diff_gps_count ,  diff_pkt_timstamp
21-07-2026 00:12 - WARNING - 1882542 29 29208387 microseconds
21-07-2026 00:12 - WARNING - No packet loss: /data/dsp/GBD_TRANSIENT_BUFFER/J1921+2153/20_07_2026/PDR_GULP_data001.pcap_20_07_2026_23_37_1784570863.PCAP_PDR
21-07-2026 00:12 - WARNING - first_pkt_count, first_gps_count, first_pkt_Tstamp
21-07-2026 00:12 - WARNING - 2034764285 23290 2026-07-20T18:07:11.283981
21-07-2026 00:12 - WARNING - last_pkt_count, last_gps_count, last_pkt_Tstamp
21-07-2026 00:12 - WARNING - 2036646826 23319 2026-07-20T18:07:40.492337
21-07-2026 00:12 - WARNING - diff_pkt_count  , diff_gps_count ,  diff_pkt_timstamp
21-07-2026 00:12 - WARNING - 1882541 29 29208356 microseconds
21-07-2026 00:12 - WARNING - No packet loss: /data/dsp/GBD_TRANSIENT_BUFFER/J1921+2153/20_07_2026/PDR_GULP_data002.pcap_20_07_2026_23_38_1784570892.PCAP_PDR
21-07-2026 00:12 - WARNING - first_pkt_count, first_gps_count, first_pkt_Tstamp
21-07-2026 00:12 - WARNING - 2036646827 23319 2026-07-20T18:07:40.492337
21-07-2026 00:12 - WARNING - last_pkt_count, last_gps_count, last_pkt_Tstamp
21-07-2026 00:12 - WARNING - 2038529368 23348 2026-07-20T18:08:09.699471
21-07-2026 00:12 - WARNING - diff_pkt_count  , diff_gps_count ,  diff_pkt_timstamp
21-07-2026 00:12 - WARNING - 1882541 29 29207134 microseconds
21-07-2026 00:12 - WARNING - No packet loss: /data/dsp/GBD_TRANSIENT_BUFFER/J1921+2153/20_07_2026/PDR_GULP_data000.pcap_20_07_2026_23_38_1784570921.PCAP_PDR
21-07-2026 00:12 - WARNING - first_pkt_count, first_gps_count, first_pkt_Tstamp
21-07-2026 00:12 - WARNING - 2038529369 23348 2026-07-20T18:08:09.699472
21-07-2026 00:12 - WARNING - last_pkt_count, last_gps_count, last_pkt_Tstamp
21-07-2026 00:12 - WARNING - 2040411910 23377 2026-07-20T18:08:38.906428
21-07-2026 00:12 - WARNING - diff_pkt_count  , diff_gps_count ,  diff_pkt_timstamp
21-07-2026 00:12 - WARNING - 1882541 29 29206956 microseconds
21-07-2026 00:12 - WARNING - No packet loss: /data/dsp/GBD_TRANSIENT_BUFFER/J1921+2153/20_07_2026/PDR_GULP_data001.pcap_20_07_2026_23_39_1784570951.PCAP_PDR
21-07-2026 00:12 - WARNING - first_pkt_count, first_gps_count, first_pkt_Tstamp
21-07-2026 00:12 - WARNING - 2040411911 23377 2026-07-20T18:08:38.906429
21-07-2026 00:12 - WARNING - last_pkt_count, last_gps_count, last_pkt_Tstamp
21-07-2026 00:12 - WARNING - 2042294452 23407 2026-07-20T18:09:08.113466
21-07-2026 00:12 - WARNING - diff_pkt_count  , diff_gps_count ,  diff_pkt_timstamp
21-07-2026 00:12 - WARNING - 1882541 30 29207037 microseconds
21-07-2026 00:12 - WARNING - No packet loss: /data/dsp/GBD_TRANSIENT_BUFFER/J1921+2153/20_07_2026/PDR_GULP_data002.pcap_20_07_2026_23_39_1784570980.PCAP_PDR
21-07-2026 00:12 - WARNING - first_pkt_count, first_gps_count, first_pkt_Tstamp
21-07-2026 00:12 - WARNING - 2042294453 23407 2026-07-20T18:09:08.113466
21-07-2026 00:12 - WARNING - last_pkt_count, last_gps_count, last_pkt_Tstamp
21-07-2026 00:12 - WARNING - 2044176994 23436 2026-07-20T18:09:37.320523
21-07-2026 00:12 - WARNING - diff_pkt_count  , diff_gps_count ,  diff_pkt_timstamp
21-07-2026 00:12 - WARNING - 1882541 29 29207057 microseconds
21-07-2026 00:12 - WARNING - No packet loss: /data/dsp/GBD_TRANSIENT_BUFFER/J1921+2153/20_07_2026/PDR_GULP_data000.pcap_20_07_2026_23_40_1784571009.PCAP_PDR
21-07-2026 00:12 - WARNING - first_pkt_count, first_gps_count, first_pkt_Tstamp
21-07-2026 00:12 - WARNING - 2044176995 23436 2026-07-20T18:09:37.320524
21-07-2026 00:12 - WARNING - last_pkt_count, last_gps_count, last_pkt_Tstamp
21-07-2026 00:12 - WARNING - 2046059537 23465 2026-07-20T18:10:06.527711
21-07-2026 00:12 - WARNING - diff_pkt_count  , diff_gps_count ,  diff_pkt_timstamp
21-07-2026 00:12 - WARNING - 1882542 29 29207187 microseconds
21-07-2026 00:12 - WARNING - No packet loss: /data/dsp/GBD_TRANSIENT_BUFFER/J1921+2153/20_07_2026/PDR_GULP_data001.pcap_20_07_2026_23_40_1784571038.PCAP_PDR
21-07-2026 00:12 - WARNING - first_pkt_count, first_gps_count, first_pkt_Tstamp
21-07-2026 00:12 - WARNING - 2046059538 23465 2026-07-20T18:10:06.527711
21-07-2026 00:12 - WARNING - last_pkt_count, last_gps_count, last_pkt_Tstamp
21-07-2026 00:12 - WARNING - 2047942079 23494 2026-07-20T18:10:35.734920
21-07-2026 00:12 - WARNING - diff_pkt_count  , diff_gps_count ,  diff_pkt_timstamp
21-07-2026 00:12 - WARNING - 1882541 29 29207209 microseconds
21-07-2026 00:12 - WARNING - No packet loss: /data/dsp/GBD_TRANSIENT_BUFFER/J1921+2153/20_07_2026/PDR_GULP_data002.pcap_20_07_2026_23_41_1784571067.PCAP_PDR
21-07-2026 00:12 - WARNING - first_pkt_count, first_gps_count, first_pkt_Tstamp
21-07-2026 00:12 - WARNING - 2047942080 23494 2026-07-20T18:10:35.734920
21-07-2026 00:12 - WARNING - last_pkt_count, last_gps_count, last_pkt_Tstamp
21-07-2026 00:12 - WARNING - 2049824621 23523 2026-07-20T18:11:04.942177
21-07-2026 00:12 - WARNING - diff_pkt_count  , diff_gps_count ,  diff_pkt_timstamp
21-07-2026 00:12 - WARNING - 1882541 29 29207257 microseconds
21-07-2026 00:12 - WARNING - No packet loss: /data/dsp/GBD_TRANSIENT_BUFFER/J1921+2153/20_07_2026/PDR_GULP_data000.pcap_20_07_2026_23_41_1784571097.PCAP_PDR
21-07-2026 00:12 - WARNING - first_pkt_count, first_gps_count, first_pkt_Tstamp
21-07-2026 00:12 - WARNING - 2049824622 23523 2026-07-20T18:11:04.942178
21-07-2026 00:12 - WARNING - last_pkt_count, last_gps_count, last_pkt_Tstamp
21-07-2026 00:12 - WARNING - 2051707163 23553 2026-07-20T18:11:34.149499
21-07-2026 00:12 - WARNING - diff_pkt_count  , diff_gps_count ,  diff_pkt_timstamp
21-07-2026 00:12 - WARNING - 1882541 30 29207321 microseconds
21-07-2026 00:12 - WARNING - No packet loss: /data/dsp/GBD_TRANSIENT_BUFFER/J1921+2153/20_07_2026/PDR_GULP_data001.pcap_20_07_2026_23_42_1784571126.PCAP_PDR
21-07-2026 00:12 - WARNING - first_pkt_count, first_gps_count, first_pkt_Tstamp
21-07-2026 00:12 - WARNING - 2051707164 23553 2026-07-20T18:11:34.149500
21-07-2026 00:12 - WARNING - last_pkt_count, last_gps_count, last_pkt_Tstamp
21-07-2026 00:12 - WARNING - 2053589705 23582 2026-07-20T18:12:03.356833
21-07-2026 00:12 - WARNING - diff_pkt_count  , diff_gps_count ,  diff_pkt_timstamp
21-07-2026 00:12 - WARNING - 1882541 29 29207333 microseconds
21-07-2026 00:12 - WARNING - No packet loss: /data/dsp/GBD_TRANSIENT_BUFFER/J1921+2153/20_07_2026/PDR_GULP_data002.pcap_20_07_2026_23_42_1784571155.PCAP_PDR
21-07-2026 00:12 - WARNING - first_pkt_count, first_gps_count, first_pkt_Tstamp
21-07-2026 00:12 - WARNING - 2053589706 23582 2026-07-20T18:12:03.356833
21-07-2026 00:12 - WARNING - last_pkt_count, last_gps_count, last_pkt_Tstamp
21-07-2026 00:12 - WARNING - 2055472247 23611 2026-07-20T18:12:32.564206
21-07-2026 00:12 - WARNING - diff_pkt_count  , diff_gps_count ,  diff_pkt_timstamp
21-07-2026 00:12 - WARNING - 1882541 29 29207373 microseconds
21-07-2026 00:12 - WARNING - No packet loss: /data/dsp/GBD_TRANSIENT_BUFFER/J1921+2153/20_07_2026/PDR_GULP_data000.pcap_20_07_2026_23_43_1784571184.PCAP_PDR
21-07-2026 00:12 - WARNING - first_pkt_count, first_gps_count, first_pkt_Tstamp
21-07-2026 00:12 - WARNING - 2055472248 23611 2026-07-20T18:12:32.564270
21-07-2026 00:12 - WARNING - last_pkt_count, last_gps_count, last_pkt_Tstamp
21-07-2026 00:12 - WARNING - 2057354790 23640 2026-07-20T18:13:01.771683
21-07-2026 00:12 - WARNING - diff_pkt_count  , diff_gps_count ,  diff_pkt_timstamp
21-07-2026 00:12 - WARNING - 1882542 29 29207413 microseconds
21-07-2026 00:12 - WARNING - No packet loss: /data/dsp/GBD_TRANSIENT_BUFFER/J1921+2153/20_07_2026/PDR_GULP_data001.pcap_20_07_2026_23_43_1784571213.PCAP_PDR
21-07-2026 00:12 - WARNING - first_pkt_count, first_gps_count, first_pkt_Tstamp
21-07-2026 00:12 - WARNING - 2057354791 23640 2026-07-20T18:13:01.771683
21-07-2026 00:12 - WARNING - last_pkt_count, last_gps_count, last_pkt_Tstamp
21-07-2026 00:12 - WARNING - 2059237332 23669 2026-07-20T18:13:30.979150
21-07-2026 00:12 - WARNING - diff_pkt_count  , diff_gps_count ,  diff_pkt_timstamp
21-07-2026 00:12 - WARNING - 1882541 29 29207467 microseconds
21-07-2026 00:12 - WARNING - No packet loss: /data/dsp/GBD_TRANSIENT_BUFFER/J1921+2153/20_07_2026/PDR_GULP_data002.pcap_20_07_2026_23_44_1784571243.PCAP_PDR
21-07-2026 00:12 - WARNING - first_pkt_count, first_gps_count, first_pkt_Tstamp
21-07-2026 00:12 - WARNING - 2059237333 23669 2026-07-20T18:13:30.979202
21-07-2026 00:12 - WARNING - last_pkt_count, last_gps_count, last_pkt_Tstamp
21-07-2026 00:12 - WARNING - 2061119874 23699 2026-07-20T18:14:00.186748
21-07-2026 00:12 - WARNING - diff_pkt_count  , diff_gps_count ,  diff_pkt_timstamp
21-07-2026 00:12 - WARNING - 1882541 30 29207546 microseconds
21-07-2026 00:12 - WARNING - No packet loss: /data/dsp/GBD_TRANSIENT_BUFFER/J1921+2153/20_07_2026/PDR_GULP_data000.pcap_20_07_2026_23_44_1784571272.PCAP_PDR
21-07-2026 00:12 - WARNING - first_pkt_count, first_gps_count, first_pkt_Tstamp
21-07-2026 00:12 - WARNING - 2061119875 23699 2026-07-20T18:14:00.186749
21-07-2026 00:12 - WARNING - last_pkt_count, last_gps_count, last_pkt_Tstamp
21-07-2026 00:12 - WARNING - 2063002416 23728 2026-07-20T18:14:29.394240
21-07-2026 00:12 - WARNING - diff_pkt_count  , diff_gps_count ,  diff_pkt_timstamp
21-07-2026 00:12 - WARNING - 1882541 29 29207491 microseconds
21-07-2026 00:12 - WARNING - No packet loss: /data/dsp/GBD_TRANSIENT_BUFFER/J1921+2153/20_07_2026/PDR_GULP_data001.pcap_20_07_2026_23_45_1784571301.PCAP_PDR
21-07-2026 00:12 - WARNING - first_pkt_count, first_gps_count, first_pkt_Tstamp
21-07-2026 00:12 - WARNING - 2063002417 23728 2026-07-20T18:14:29.394240
21-07-2026 00:12 - WARNING - last_pkt_count, last_gps_count, last_pkt_Tstamp
21-07-2026 00:12 - WARNING - 2064884958 23757 2026-07-20T18:14:58.601833
21-07-2026 00:12 - WARNING - diff_pkt_count  , diff_gps_count ,  diff_pkt_timstamp
21-07-2026 00:12 - WARNING - 1882541 29 29207593 microseconds
21-07-2026 00:12 - WARNING - No packet loss: /data/dsp/GBD_TRANSIENT_BUFFER/J1921+2153/20_07_2026/PDR_GULP_data002.pcap_20_07_2026_23_45_1784571330.PCAP_PDR
21-07-2026 00:12 - WARNING - first_pkt_count, first_gps_count, first_pkt_Tstamp
21-07-2026 00:12 - WARNING - 2064884959 23757 2026-07-20T18:14:58.601886
21-07-2026 00:12 - WARNING - last_pkt_count, last_gps_count, last_pkt_Tstamp
21-07-2026 00:12 - WARNING - 2066767500 23786 2026-07-20T18:15:27.809470
21-07-2026 00:12 - WARNING - diff_pkt_count  , diff_gps_count ,  diff_pkt_timstamp
21-07-2026 00:12 - WARNING - 1882541 29 29207584 microseconds
21-07-2026 00:12 - WARNING - No packet loss: /data/dsp/GBD_TRANSIENT_BUFFER/J1921+2153/20_07_2026/PDR_GULP_data000.pcap_20_07_2026_23_46_1784571360.PCAP_PDR
21-07-2026 00:12 - WARNING - first_pkt_count, first_gps_count, first_pkt_Tstamp
21-07-2026 00:12 - WARNING - 2066767501 23786 2026-07-20T18:15:27.809471
21-07-2026 00:12 - WARNING - last_pkt_count, last_gps_count, last_pkt_Tstamp
21-07-2026 00:12 - WARNING - 2068650043 23815 2026-07-20T18:15:57.017142
21-07-2026 00:12 - WARNING - diff_pkt_count  , diff_gps_count ,  diff_pkt_timstamp
21-07-2026 00:12 - WARNING - 1882542 29 29207671 microseconds
21-07-2026 00:12 - WARNING - No packet loss: /data/dsp/GBD_TRANSIENT_BUFFER/J1921+2153/20_07_2026/PDR_GULP_data001.pcap_20_07_2026_23_46_1784571389.PCAP_PDR
21-07-2026 00:12 - WARNING - first_pkt_count, first_gps_count, first_pkt_Tstamp
21-07-2026 00:12 - WARNING - 2068650044 23815 2026-07-20T18:15:57.017143
21-07-2026 00:12 - WARNING - last_pkt_count, last_gps_count, last_pkt_Tstamp
21-07-2026 00:12 - WARNING - 2070532585 23845 2026-07-20T18:16:26.224826
21-07-2026 00:12 - WARNING - diff_pkt_count  , diff_gps_count ,  diff_pkt_timstamp
21-07-2026 00:12 - WARNING - 1882541 30 29207683 microseconds
21-07-2026 00:12 - WARNING - No packet loss: /data/dsp/GBD_TRANSIENT_BUFFER/J1921+2153/20_07_2026/PDR_GULP_data002.pcap_20_07_2026_23_46_1784571418.PCAP_PDR
21-07-2026 00:12 - WARNING - first_pkt_count, first_gps_count, first_pkt_Tstamp
21-07-2026 00:12 - WARNING - 2070532586 23845 2026-07-20T18:16:26.224908
21-07-2026 00:12 - WARNING - last_pkt_count, last_gps_count, last_pkt_Tstamp
21-07-2026 00:12 - WARNING - 2072415127 23874 2026-07-20T18:16:55.432525
21-07-2026 00:12 - WARNING - diff_pkt_count  , diff_gps_count ,  diff_pkt_timstamp
21-07-2026 00:12 - WARNING - 1882541 29 29207617 microseconds
21-07-2026 00:12 - WARNING - No packet loss: /data/dsp/GBD_TRANSIENT_BUFFER/J1921+2153/20_07_2026/PDR_GULP_data000.pcap_20_07_2026_23_47_1784571447.PCAP_PDR
21-07-2026 00:12 - WARNING - first_pkt_count, first_gps_count, first_pkt_Tstamp
21-07-2026 00:12 - WARNING - 2072415128 23874 2026-07-20T18:16:55.432525
21-07-2026 00:12 - WARNING - last_pkt_count, last_gps_count, last_pkt_Tstamp
21-07-2026 00:12 - WARNING - 2074297669 23903 2026-07-20T18:17:24.640267
21-07-2026 00:12 - WARNING - diff_pkt_count  , diff_gps_count ,  diff_pkt_timstamp
21-07-2026 00:12 - WARNING - 1882541 29 29207742 microseconds
21-07-2026 00:12 - WARNING - No packet loss: /data/dsp/GBD_TRANSIENT_BUFFER/J1921+2153/20_07_2026/PDR_GULP_data001.pcap_20_07_2026_23_47_1784571476.PCAP_PDR
21-07-2026 00:12 - WARNING - first_pkt_count, first_gps_count, first_pkt_Tstamp
21-07-2026 00:12 - WARNING - 2074297670 23903 2026-07-20T18:17:24.640268
21-07-2026 00:12 - WARNING - last_pkt_count, last_gps_count, last_pkt_Tstamp
21-07-2026 00:12 - WARNING - 2076180211 23932 2026-07-20T18:17:53.848020
21-07-2026 00:12 - WARNING - diff_pkt_count  , diff_gps_count ,  diff_pkt_timstamp
21-07-2026 00:12 - WARNING - 1882541 29 29207752 microseconds
21-07-2026 00:12 - WARNING - No packet loss: /data/dsp/GBD_TRANSIENT_BUFFER/J1921+2153/20_07_2026/PDR_GULP_data002.pcap_20_07_2026_23_48_1784571506.PCAP_PDR
21-07-2026 00:12 - WARNING - first_pkt_count, first_gps_count, first_pkt_Tstamp
21-07-2026 00:12 - WARNING - 2076180212 23932 2026-07-20T18:17:53.848020
21-07-2026 00:12 - WARNING - last_pkt_count, last_gps_count, last_pkt_Tstamp
21-07-2026 00:12 - WARNING - 2078062753 23962 2026-07-20T18:18:23.055744
21-07-2026 00:12 - WARNING - diff_pkt_count  , diff_gps_count ,  diff_pkt_timstamp
21-07-2026 00:12 - WARNING - 1882541 30 29207724 microseconds
21-07-2026 00:12 - WARNING - No packet loss: /data/dsp/GBD_TRANSIENT_BUFFER/J1921+2153/20_07_2026/PDR_GULP_data000.pcap_20_07_2026_23_48_1784571535.PCAP_PDR
21-07-2026 00:12 - WARNING - first_pkt_count, first_gps_count, first_pkt_Tstamp
21-07-2026 00:12 - WARNING - 2078062754 23962 2026-07-20T18:18:23.055811
21-07-2026 00:12 - WARNING - last_pkt_count, last_gps_count, last_pkt_Tstamp
21-07-2026 00:12 - WARNING - 2079945296 23991 2026-07-20T18:18:52.263569
21-07-2026 00:12 - WARNING - diff_pkt_count  , diff_gps_count ,  diff_pkt_timstamp
21-07-2026 00:12 - WARNING - 1882542 29 29207758 microseconds
21-07-2026 00:12 - WARNING - No packet loss: /data/dsp/GBD_TRANSIENT_BUFFER/J1921+2153/20_07_2026/PDR_GULP_data001.pcap_20_07_2026_23_49_1784571564.PCAP_PDR
21-07-2026 00:12 - WARNING - first_pkt_count, first_gps_count, first_pkt_Tstamp
21-07-2026 00:12 - WARNING - 2079945297 23991 2026-07-20T18:18:52.263622
21-07-2026 00:12 - WARNING - last_pkt_count, last_gps_count, last_pkt_Tstamp
21-07-2026 00:12 - WARNING - 2081827838 24020 2026-07-20T18:19:21.471430
21-07-2026 00:12 - WARNING - diff_pkt_count  , diff_gps_count ,  diff_pkt_timstamp
21-07-2026 00:12 - WARNING - 1882541 29 29207808 microseconds
21-07-2026 00:12 - WARNING - No packet loss: /data/dsp/GBD_TRANSIENT_BUFFER/J1921+2153/20_07_2026/PDR_GULP_data002.pcap_20_07_2026_23_49_1784571593.PCAP_PDR
21-07-2026 00:12 - WARNING - first_pkt_count, first_gps_count, first_pkt_Tstamp
21-07-2026 00:12 - WARNING - 2081827839 24020 2026-07-20T18:19:21.471431
21-07-2026 00:12 - WARNING - last_pkt_count, last_gps_count, last_pkt_Tstamp
21-07-2026 00:12 - WARNING - 2083710380 24049 2026-07-20T18:19:50.679229
21-07-2026 00:12 - WARNING - diff_pkt_count  , diff_gps_count ,  diff_pkt_timstamp
21-07-2026 00:12 - WARNING - 1882541 29 29207798 microseconds
21-07-2026 00:12 - WARNING - No packet loss: /data/dsp/GBD_TRANSIENT_BUFFER/J1921+2153/20_07_2026/PDR_GULP_data000.pcap_20_07_2026_23_50_1784571622.PCAP_PDR
21-07-2026 00:12 - WARNING - first_pkt_count, first_gps_count, first_pkt_Tstamp
21-07-2026 00:12 - WARNING - 2083710381 24049 2026-07-20T18:19:50.679281
21-07-2026 00:12 - WARNING - last_pkt_count, last_gps_count, last_pkt_Tstamp
21-07-2026 00:12 - WARNING - 2085592922 24078 2026-07-20T18:20:19.887084
21-07-2026 00:12 - WARNING - diff_pkt_count  , diff_gps_count ,  diff_pkt_timstamp
21-07-2026 00:12 - WARNING - 1882541 29 29207803 microseconds
21-07-2026 00:12 - WARNING - No packet loss: /data/dsp/GBD_TRANSIENT_BUFFER/J1921+2153/20_07_2026/PDR_GULP_data001.pcap_20_07_2026_23_50_1784571652.PCAP_PDR
21-07-2026 00:12 - WARNING - first_pkt_count, first_gps_count, first_pkt_Tstamp
21-07-2026 00:12 - WARNING - 2085592923 24078 2026-07-20T18:20:19.887135
21-07-2026 00:12 - WARNING - last_pkt_count, last_gps_count, last_pkt_Tstamp
21-07-2026 00:12 - WARNING - 2087475464 24108 2026-07-20T18:20:49.094952
21-07-2026 00:12 - WARNING - diff_pkt_count  , diff_gps_count ,  diff_pkt_timstamp
21-07-2026 00:12 - WARNING - 1882541 30 29207817 microseconds
21-07-2026 00:12 - WARNING - No packet loss: /data/dsp/GBD_TRANSIENT_BUFFER/J1921+2153/20_07_2026/PDR_GULP_data002.pcap_20_07_2026_23_51_1784571681.PCAP_PDR
21-07-2026 00:12 - WARNING - first_pkt_count, first_gps_count, first_pkt_Tstamp
21-07-2026 00:12 - WARNING - 2087475465 24108 2026-07-20T18:20:49.095006
21-07-2026 00:12 - WARNING - last_pkt_count, last_gps_count, last_pkt_Tstamp
21-07-2026 00:12 - WARNING - 2089358007 24137 2026-07-20T18:21:18.302854
21-07-2026 00:12 - WARNING - diff_pkt_count  , diff_gps_count ,  diff_pkt_timstamp
21-07-2026 00:12 - WARNING - 1882542 29 29207848 microseconds
21-07-2026 00:12 - WARNING - No packet loss: /data/dsp/GBD_TRANSIENT_BUFFER/J1921+2153/20_07_2026/PDR_GULP_data000.pcap_20_07_2026_23_51_1784571710.PCAP_PDR
21-07-2026 00:12 - WARNING - first_pkt_count, first_gps_count, first_pkt_Tstamp
21-07-2026 00:12 - WARNING - 2089358008 24137 2026-07-20T18:21:18.302856
21-07-2026 00:12 - WARNING - last_pkt_count, last_gps_count, last_pkt_Tstamp
21-07-2026 00:12 - WARNING - 2091240549 24166 2026-07-20T18:21:47.510828
21-07-2026 00:12 - WARNING - diff_pkt_count  , diff_gps_count ,  diff_pkt_timstamp
21-07-2026 00:12 - WARNING - 1882541 29 29207972 microseconds
21-07-2026 00:12 - WARNING - No packet loss: /data/dsp/GBD_TRANSIENT_BUFFER/J1921+2153/20_07_2026/PDR_GULP_data001.pcap_20_07_2026_23_52_1784571739.PCAP_PDR
21-07-2026 00:12 - WARNING - first_pkt_count, first_gps_count, first_pkt_Tstamp
21-07-2026 00:12 - WARNING - 2091240550 24166 2026-07-20T18:21:47.510828
21-07-2026 00:12 - WARNING - last_pkt_count, last_gps_count, last_pkt_Tstamp
21-07-2026 00:12 - WARNING - 2093123091 24195 2026-07-20T18:22:16.718704
21-07-2026 00:12 - WARNING - diff_pkt_count  , diff_gps_count ,  diff_pkt_timstamp
21-07-2026 00:12 - WARNING - 1882541 29 29207876 microseconds
21-07-2026 00:12 - WARNING - No packet loss: /data/dsp/GBD_TRANSIENT_BUFFER/J1921+2153/20_07_2026/PDR_GULP_data002.pcap_20_07_2026_23_52_1784571768.PCAP_PDR
21-07-2026 00:12 - WARNING - first_pkt_count, first_gps_count, first_pkt_Tstamp
21-07-2026 00:12 - WARNING - 2093123092 24195 2026-07-20T18:22:16.718704
21-07-2026 00:12 - WARNING - last_pkt_count, last_gps_count, last_pkt_Tstamp
21-07-2026 00:12 - WARNING - 2095005633 24224 2026-07-20T18:22:45.926632
21-07-2026 00:12 - WARNING - diff_pkt_count  , diff_gps_count ,  diff_pkt_timstamp
21-07-2026 00:12 - WARNING - 1882541 29 29207928 microseconds
21-07-2026 00:12 - WARNING - No packet loss: /data/dsp/GBD_TRANSIENT_BUFFER/J1921+2153/20_07_2026/PDR_GULP_data000.pcap_20_07_2026_23_53_1784571798.PCAP_PDR
21-07-2026 00:12 - WARNING - first_pkt_count, first_gps_count, first_pkt_Tstamp
21-07-2026 00:12 - WARNING - 2095005634 24224 2026-07-20T18:22:45.926632
21-07-2026 00:12 - WARNING - last_pkt_count, last_gps_count, last_pkt_Tstamp
21-07-2026 00:12 - WARNING - 2096888175 24254 2026-07-20T18:23:15.134558
21-07-2026 00:12 - WARNING - diff_pkt_count  , diff_gps_count ,  diff_pkt_timstamp
21-07-2026 00:12 - WARNING - 1882541 30 29207926 microseconds
21-07-2026 00:12 - WARNING - No packet loss: /data/dsp/GBD_TRANSIENT_BUFFER/J1921+2153/20_07_2026/PDR_GULP_data001.pcap_20_07_2026_23_53_1784571827.PCAP_PDR
21-07-2026 00:12 - WARNING - first_pkt_count, first_gps_count, first_pkt_Tstamp
21-07-2026 00:12 - WARNING - 2096888176 24254 2026-07-20T18:23:15.134559
21-07-2026 00:12 - WARNING - last_pkt_count, last_gps_count, last_pkt_Tstamp
21-07-2026 00:12 - WARNING - 2098770717 24283 2026-07-20T18:23:44.342530
21-07-2026 00:12 - WARNING - diff_pkt_count  , diff_gps_count ,  diff_pkt_timstamp
21-07-2026 00:12 - WARNING - 1882541 29 29207971 microseconds
21-07-2026 00:12 - WARNING - No packet loss: /data/dsp/GBD_TRANSIENT_BUFFER/J1921+2153/20_07_2026/PDR_GULP_data002.pcap_20_07_2026_23_54_1784571856.PCAP_PDR
21-07-2026 00:12 - WARNING - first_pkt_count, first_gps_count, first_pkt_Tstamp
21-07-2026 00:12 - WARNING - 2098770718 24283 2026-07-20T18:23:44.342530
21-07-2026 00:12 - WARNING - last_pkt_count, last_gps_count, last_pkt_Tstamp
21-07-2026 00:12 - WARNING - 2100653260 24312 2026-07-20T18:24:13.550523
21-07-2026 00:12 - WARNING - diff_pkt_count  , diff_gps_count ,  diff_pkt_timstamp
21-07-2026 00:12 - WARNING - 1882542 29 29207993 microseconds
21-07-2026 00:12 - WARNING - No packet loss: /data/dsp/GBD_TRANSIENT_BUFFER/J1921+2153/20_07_2026/PDR_GULP_data000.pcap_20_07_2026_23_54_1784571885.PCAP_PDR
21-07-2026 00:12 - WARNING - first_pkt_count, first_gps_count, first_pkt_Tstamp
21-07-2026 00:12 - WARNING - 2100653261 24312 2026-07-20T18:24:13.550523
21-07-2026 00:12 - WARNING - last_pkt_count, last_gps_count, last_pkt_Tstamp
21-07-2026 00:12 - WARNING - 2102535802 24341 2026-07-20T18:24:42.758520
21-07-2026 00:12 - WARNING - diff_pkt_count  , diff_gps_count ,  diff_pkt_timstamp
21-07-2026 00:12 - WARNING - 1882541 29 29207997 microseconds
21-07-2026 00:12 - WARNING - No packet loss: /data/dsp/GBD_TRANSIENT_BUFFER/J1921+2153/20_07_2026/PDR_GULP_data001.pcap_20_07_2026_23_55_1784571914.PCAP_PDR
21-07-2026 00:12 - WARNING - first_pkt_count, first_gps_count, first_pkt_Tstamp
21-07-2026 00:12 - WARNING - 2102535803 24341 2026-07-20T18:24:42.758520
21-07-2026 00:12 - WARNING - last_pkt_count, last_gps_count, last_pkt_Tstamp
21-07-2026 00:12 - WARNING - 2104418344 24370 2026-07-20T18:25:11.966453
21-07-2026 00:12 - WARNING - diff_pkt_count  , diff_gps_count ,  diff_pkt_timstamp
21-07-2026 00:12 - WARNING - 1882541 29 29207933 microseconds
21-07-2026 00:12 - WARNING - No packet loss: /data/dsp/GBD_TRANSIENT_BUFFER/J1921+2153/20_07_2026/PDR_GULP_data002.pcap_20_07_2026_23_55_1784571944.PCAP_PDR
21-07-2026 00:12 - WARNING - first_pkt_count, first_gps_count, first_pkt_Tstamp
21-07-2026 00:12 - WARNING - 2104418345 24370 2026-07-20T18:25:11.966454
21-07-2026 00:12 - WARNING - last_pkt_count, last_gps_count, last_pkt_Tstamp
21-07-2026 00:12 - WARNING - 2106300886 24400 2026-07-20T18:25:41.174504
21-07-2026 00:12 - WARNING - diff_pkt_count  , diff_gps_count ,  diff_pkt_timstamp
21-07-2026 00:12 - WARNING - 1882541 30 29208050 microseconds
21-07-2026 00:12 - WARNING - No packet loss: /data/dsp/GBD_TRANSIENT_BUFFER/J1921+2153/20_07_2026/PDR_GULP_data000.pcap_20_07_2026_23_56_1784571973.PCAP_PDR
21-07-2026 00:12 - WARNING - first_pkt_count, first_gps_count, first_pkt_Tstamp
21-07-2026 00:12 - WARNING - 2106300887 24400 2026-07-20T18:25:41.174504
21-07-2026 00:12 - WARNING - last_pkt_count, last_gps_count, last_pkt_Tstamp
21-07-2026 00:12 - WARNING - 2108183428 24429 2026-07-20T18:26:10.382451
21-07-2026 00:12 - WARNING - diff_pkt_count  , diff_gps_count ,  diff_pkt_timstamp
21-07-2026 00:12 - WARNING - 1882541 29 29207947 microseconds
21-07-2026 00:12 - WARNING - No packet loss: /data/dsp/GBD_TRANSIENT_BUFFER/J1921+2153/20_07_2026/PDR_GULP_data001.pcap_20_07_2026_23_56_1784572002.PCAP_PDR
21-07-2026 00:12 - WARNING - first_pkt_count, first_gps_count, first_pkt_Tstamp
21-07-2026 00:12 - WARNING - 2108183429 24429 2026-07-20T18:26:10.382451
21-07-2026 00:12 - WARNING - last_pkt_count, last_gps_count, last_pkt_Tstamp
21-07-2026 00:12 - WARNING - 2110065970 24458 2026-07-20T18:26:39.590474
21-07-2026 00:12 - WARNING - diff_pkt_count  , diff_gps_count ,  diff_pkt_timstamp
21-07-2026 00:12 - WARNING - 1882541 29 29208023 microseconds
21-07-2026 00:12 - WARNING - No packet loss: /data/dsp/GBD_TRANSIENT_BUFFER/J1921+2153/20_07_2026/PDR_GULP_data002.pcap_20_07_2026_23_57_1784572031.PCAP_PDR
21-07-2026 00:12 - WARNING - first_pkt_count, first_gps_count, first_pkt_Tstamp
21-07-2026 00:12 - WARNING - 2110065971 24458 2026-07-20T18:26:39.590474
21-07-2026 00:12 - WARNING - last_pkt_count, last_gps_count, last_pkt_Tstamp
21-07-2026 00:12 - WARNING - 2111948513 24487 2026-07-20T18:27:08.798514
21-07-2026 00:12 - WARNING - diff_pkt_count  , diff_gps_count ,  diff_pkt_timstamp
21-07-2026 00:12 - WARNING - 1882542 29 29208040 microseconds
21-07-2026 00:12 - WARNING - No packet loss: /data/dsp/GBD_TRANSIENT_BUFFER/J1921+2153/20_07_2026/PDR_GULP_data000.pcap_20_07_2026_23_57_1784572061.PCAP_PDR
21-07-2026 00:12 - WARNING - first_pkt_count, first_gps_count, first_pkt_Tstamp
21-07-2026 00:12 - WARNING - 2111948514 24487 2026-07-20T18:27:08.798514
21-07-2026 00:12 - WARNING - last_pkt_count, last_gps_count, last_pkt_Tstamp
21-07-2026 00:12 - WARNING - 2113831055 24516 2026-07-20T18:27:38.006529
21-07-2026 00:12 - WARNING - diff_pkt_count  , diff_gps_count ,  diff_pkt_timstamp
21-07-2026 00:12 - WARNING - 1882541 29 29208015 microseconds
21-07-2026 00:12 - WARNING - No packet loss: /data/dsp/GBD_TRANSIENT_BUFFER/J1921+2153/20_07_2026/PDR_GULP_data001.pcap_20_07_2026_23_58_1784572090.PCAP_PDR
21-07-2026 00:12 - WARNING - first_pkt_count, first_gps_count, first_pkt_Tstamp
21-07-2026 00:12 - WARNING - 2113831056 24516 2026-07-20T18:27:38.006582
21-07-2026 00:12 - WARNING - last_pkt_count, last_gps_count, last_pkt_Tstamp
21-07-2026 00:12 - WARNING - 2115713597 24546 2026-07-20T18:28:07.214565
21-07-2026 00:12 - WARNING - diff_pkt_count  , diff_gps_count ,  diff_pkt_timstamp
21-07-2026 00:12 - WARNING - 1882541 30 29207983 microseconds
21-07-2026 00:12 - WARNING - No packet loss: /data/dsp/GBD_TRANSIENT_BUFFER/J1921+2153/20_07_2026/PDR_GULP_data002.pcap_20_07_2026_23_58_1784572119.PCAP_PDR
21-07-2026 00:12 - WARNING - first_pkt_count, first_gps_count, first_pkt_Tstamp
21-07-2026 00:12 - WARNING - 2115713598 24546 2026-07-20T18:28:07.214566
21-07-2026 00:12 - WARNING - last_pkt_count, last_gps_count, last_pkt_Tstamp
21-07-2026 00:12 - WARNING - 2117596139 24575 2026-07-20T18:28:36.422660
21-07-2026 00:12 - WARNING - diff_pkt_count  , diff_gps_count ,  diff_pkt_timstamp
21-07-2026 00:12 - WARNING - 1882541 29 29208094 microseconds
21-07-2026 00:12 - WARNING - No packet loss: /data/dsp/GBD_TRANSIENT_BUFFER/J1921+2153/20_07_2026/PDR_GULP_data000.pcap_20_07_2026_23_59_1784572148.PCAP_PDR
21-07-2026 00:12 - WARNING - first_pkt_count, first_gps_count, first_pkt_Tstamp
21-07-2026 00:12 - WARNING - 2117596140 24575 2026-07-20T18:28:36.422660
21-07-2026 00:12 - WARNING - last_pkt_count, last_gps_count, last_pkt_Tstamp
21-07-2026 00:12 - WARNING - 2119478681 24604 2026-07-20T18:29:05.630684
21-07-2026 00:12 - WARNING - diff_pkt_count  , diff_gps_count ,  diff_pkt_timstamp
21-07-2026 00:12 - WARNING - 1882541 29 29208024 microseconds
21-07-2026 00:12 - WARNING - No packet loss: /data/dsp/GBD_TRANSIENT_BUFFER/J1921+2153/20_07_2026/PDR_GULP_data001.pcap_20_07_2026_23_59_1784572177.PCAP_PDR
21-07-2026 00:12 - WARNING - first_pkt_count, first_gps_count, first_pkt_Tstamp
21-07-2026 00:12 - WARNING - 2119478682 24604 2026-07-20T18:29:05.630684
21-07-2026 00:12 - WARNING - last_pkt_count, last_gps_count, last_pkt_Tstamp
21-07-2026 00:12 - WARNING - 2121361223 24633 2026-07-20T18:29:34.838723
21-07-2026 00:12 - WARNING - diff_pkt_count  , diff_gps_count ,  diff_pkt_timstamp
21-07-2026 00:12 - WARNING - 1882541 29 29208039 microseconds
21-07-2026 00:12 - WARNING - No packet loss: /data/dsp/GBD_TRANSIENT_BUFFER/J1921+2153/20_07_2026/PDR_GULP_data002.pcap_21_07_2026_00_00_1784572207.PCAP_PDR
21-07-2026 00:12 - WARNING - first_pkt_count, first_gps_count, first_pkt_Tstamp
21-07-2026 00:12 - WARNING - 2121361224 24633 2026-07-20T18:29:34.838775
21-07-2026 00:12 - WARNING - last_pkt_count, last_gps_count, last_pkt_Tstamp
21-07-2026 00:12 - WARNING - 2123243766 24662 2026-07-20T18:30:04.046832
21-07-2026 00:12 - WARNING - diff_pkt_count  , diff_gps_count ,  diff_pkt_timstamp
21-07-2026 00:12 - WARNING - 1882542 29 29208057 microseconds
21-07-2026 00:12 - WARNING - No packet loss: /data/dsp/GBD_TRANSIENT_BUFFER/J1921+2153/20_07_2026/PDR_GULP_data000.pcap_21_07_2026_00_00_1784572236.PCAP_PDR
21-07-2026 00:12 - WARNING - first_pkt_count, first_gps_count, first_pkt_Tstamp
21-07-2026 00:12 - WARNING - 2123243767 24662 2026-07-20T18:30:04.046832
21-07-2026 00:12 - WARNING - last_pkt_count, last_gps_count, last_pkt_Tstamp
21-07-2026 00:12 - WARNING - 2125126308 24692 2026-07-20T18:30:33.254880
21-07-2026 00:12 - WARNING - diff_pkt_count  , diff_gps_count ,  diff_pkt_timstamp
21-07-2026 00:12 - WARNING - 1882541 30 29208048 microseconds
21-07-2026 00:12 - WARNING - No packet loss: /data/dsp/GBD_TRANSIENT_BUFFER/J1921+2153/20_07_2026/PDR_GULP_data001.pcap_21_07_2026_00_01_1784572265.PCAP_PDR
21-07-2026 00:12 - WARNING - first_pkt_count, first_gps_count, first_pkt_Tstamp
21-07-2026 00:12 - WARNING - 2125126309 24692 2026-07-20T18:30:33.254966
21-07-2026 00:12 - WARNING - last_pkt_count, last_gps_count, last_pkt_Tstamp
21-07-2026 00:12 - WARNING - 2127008850 24721 2026-07-20T18:31:02.462963
21-07-2026 00:12 - WARNING - diff_pkt_count  , diff_gps_count ,  diff_pkt_timstamp
21-07-2026 00:12 - WARNING - 1882541 29 29207997 microseconds
21-07-2026 00:12 - WARNING - No packet loss: /data/dsp/GBD_TRANSIENT_BUFFER/J1921+2153/20_07_2026/PDR_GULP_data002.pcap_21_07_2026_00_01_1784572294.PCAP_PDR
21-07-2026 00:12 - WARNING - first_pkt_count, first_gps_count, first_pkt_Tstamp
21-07-2026 00:12 - WARNING - 2127008851 24721 2026-07-20T18:31:02.462964
21-07-2026 00:12 - WARNING - last_pkt_count, last_gps_count, last_pkt_Tstamp
21-07-2026 00:12 - WARNING - 2128891392 24750 2026-07-20T18:31:31.671045
21-07-2026 00:12 - WARNING - diff_pkt_count  , diff_gps_count ,  diff_pkt_timstamp
21-07-2026 00:12 - WARNING - 1882541 29 29208081 microseconds
21-07-2026 00:12 - WARNING - No packet loss: /data/dsp/GBD_TRANSIENT_BUFFER/J1921+2153/20_07_2026/PDR_GULP_data000.pcap_21_07_2026_00_02_1784572323.PCAP_PDR
21-07-2026 00:12 - WARNING - first_pkt_count, first_gps_count, first_pkt_Tstamp
21-07-2026 00:12 - WARNING - 2128891393 24750 2026-07-20T18:31:31.671045
21-07-2026 00:12 - WARNING - last_pkt_count, last_gps_count, last_pkt_Tstamp
21-07-2026 00:12 - WARNING - 2130773934 24779 2026-07-20T18:32:00.879128
21-07-2026 00:12 - WARNING - diff_pkt_count  , diff_gps_count ,  diff_pkt_timstamp
21-07-2026 00:12 - WARNING - 1882541 29 29208083 microseconds
21-07-2026 00:12 - WARNING - No packet loss: /data/dsp/GBD_TRANSIENT_BUFFER/J1921+2153/20_07_2026/PDR_GULP_data001.pcap_21_07_2026_00_02_1784572353.PCAP_PDR
21-07-2026 00:12 - WARNING - first_pkt_count, first_gps_count, first_pkt_Tstamp
21-07-2026 00:12 - WARNING - 2130773935 24779 2026-07-20T18:32:00.879128
21-07-2026 00:12 - WARNING - last_pkt_count, last_gps_count, last_pkt_Tstamp
21-07-2026 00:12 - WARNING - 2132656476 24809 2026-07-20T18:32:30.087213
21-07-2026 00:12 - WARNING - diff_pkt_count  , diff_gps_count ,  diff_pkt_timstamp
21-07-2026 00:12 - WARNING - 1882541 30 29208085 microseconds
21-07-2026 00:12 - WARNING - No packet loss: /data/dsp/GBD_TRANSIENT_BUFFER/J1921+2153/20_07_2026/PDR_GULP_data002.pcap_21_07_2026_00_03_1784572382.PCAP_PDR
21-07-2026 00:12 - WARNING - first_pkt_count, first_gps_count, first_pkt_Tstamp
21-07-2026 00:12 - WARNING - 2132656477 24809 2026-07-20T18:32:30.087213
21-07-2026 00:12 - WARNING - last_pkt_count, last_gps_count, last_pkt_Tstamp
21-07-2026 00:12 - WARNING - 2134539019 24838 2026-07-20T18:32:59.295384
21-07-2026 00:12 - WARNING - diff_pkt_count  , diff_gps_count ,  diff_pkt_timstamp
21-07-2026 00:12 - WARNING - 1882542 29 29208171 microseconds
21-07-2026 00:12 - WARNING - No packet loss: /data/dsp/GBD_TRANSIENT_BUFFER/J1921+2153/20_07_2026/PDR_GULP_data000.pcap_21_07_2026_00_03_1784572411.PCAP_PDR
21-07-2026 00:12 - WARNING - first_pkt_count, first_gps_count, first_pkt_Tstamp
21-07-2026 00:12 - WARNING - 2134539020 24838 2026-07-20T18:32:59.295384
21-07-2026 00:12 - WARNING - last_pkt_count, last_gps_count, last_pkt_Tstamp
21-07-2026 00:12 - WARNING - 2136421561 24867 2026-07-20T18:33:28.503407
21-07-2026 00:12 - WARNING - diff_pkt_count  , diff_gps_count ,  diff_pkt_timstamp
21-07-2026 00:12 - WARNING - 1882541 29 29208023 microseconds
21-07-2026 00:12 - WARNING - No packet loss: /data/dsp/GBD_TRANSIENT_BUFFER/J1921+2153/20_07_2026/PDR_GULP_data001.pcap_21_07_2026_00_04_1784572440.PCAP_PDR
21-07-2026 00:12 - WARNING - first_pkt_count, first_gps_count, first_pkt_Tstamp
21-07-2026 00:12 - WARNING - 2136421562 24867 2026-07-20T18:33:28.503408
21-07-2026 00:12 - WARNING - last_pkt_count, last_gps_count, last_pkt_Tstamp
21-07-2026 00:12 - WARNING - 2138304103 24896 2026-07-20T18:33:57.711579
21-07-2026 00:12 - WARNING - diff_pkt_count  , diff_gps_count ,  diff_pkt_timstamp
21-07-2026 00:12 - WARNING - 1882541 29 29208171 microseconds
21-07-2026 00:12 - WARNING - No packet loss: /data/dsp/GBD_TRANSIENT_BUFFER/J1921+2153/20_07_2026/PDR_GULP_data002.pcap_21_07_2026_00_04_1784572469.PCAP_PDR
21-07-2026 00:12 - WARNING - first_pkt_count, first_gps_count, first_pkt_Tstamp
21-07-2026 00:12 - WARNING - 2138304104 24896 2026-07-20T18:33:57.711579
21-07-2026 00:12 - WARNING - last_pkt_count, last_gps_count, last_pkt_Tstamp
21-07-2026 00:12 - WARNING - 2140186645 24925 2026-07-20T18:34:26.919625
21-07-2026 00:12 - WARNING - diff_pkt_count  , diff_gps_count ,  diff_pkt_timstamp
21-07-2026 00:12 - WARNING - 1882541 29 29208046 microseconds
21-07-2026 00:12 - WARNING - No packet loss: /data/dsp/GBD_TRANSIENT_BUFFER/J1921+2153/20_07_2026/PDR_GULP_data000.pcap_21_07_2026_00_04_1784572499.PCAP_PDR
21-07-2026 00:12 - WARNING - first_pkt_count, first_gps_count, first_pkt_Tstamp
21-07-2026 00:12 - WARNING - 2140186646 24925 2026-07-20T18:34:26.919625
21-07-2026 00:12 - WARNING - last_pkt_count, last_gps_count, last_pkt_Tstamp
21-07-2026 00:12 - WARNING - 2142069187 24955 2026-07-20T18:34:56.127726
21-07-2026 00:12 - WARNING - diff_pkt_count  , diff_gps_count ,  diff_pkt_timstamp
21-07-2026 00:12 - WARNING - 1882541 30 29208101 microseconds
21-07-2026 00:12 - WARNING - No packet loss: /data/dsp/GBD_TRANSIENT_BUFFER/J1921+2153/20_07_2026/PDR_GULP_data001.pcap_21_07_2026_00_05_1784572528.PCAP_PDR
21-07-2026 00:12 - WARNING - first_pkt_count, first_gps_count, first_pkt_Tstamp
21-07-2026 00:12 - WARNING - 2142069188 24955 2026-07-20T18:34:56.127726
21-07-2026 00:12 - WARNING - last_pkt_count, last_gps_count, last_pkt_Tstamp
21-07-2026 00:12 - WARNING - 2143951729 24984 2026-07-20T18:35:25.335881
21-07-2026 00:12 - WARNING - diff_pkt_count  , diff_gps_count ,  diff_pkt_timstamp
21-07-2026 00:12 - WARNING - 1882541 29 29208155 microseconds
21-07-2026 00:12 - WARNING - Packet loss: /data/dsp/GBD_TRANSIENT_BUFFER/J1921+2153/20_07_2026/PDR_GULP_data002.pcap_21_07_2026_00_05_1784572557.PCAP_PDR
21-07-2026 00:12 - WARNING - Packet loss found .... Being fixed ... Please wait ...
21-07-2026 00:12 - WARNING - PCAP filtering ... tcpdump -r /data/dsp/GBD_TRANSIENT_BUFFER/J1921+2153/20_07_2026/PDR_GULP_data002.pcap_21_07_2026_00_05_1784572557.PCAP_PDR.pcap -w PDR_GULP_data002.pcap_21_07_2026_00_05_1784572557_filtered.PCAP_PDR.pcap  host 172.10.10.1 and port 55000 
21-07-2026 00:12 - WARNING - Patched /data/dsp/GBD_TRANSIENT_BUFFER/J1921+2153/20_07_2026/PDR_GULP_data002.pcap_21_07_2026_00_05_1784572557.PCAP_PDR as PDR_GULP_data002.pcap_21_07_2026_00_05_1784572557_filtered.PCAP_PDR
21-07-2026 00:12 - WARNING - Gulped file moved to /data/dsp/GBD_TRANSIENT_BUFFER/J1921+2153/20_07_2026/GULPED
21-07-2026 00:12 - WARNING - first_pkt_count, first_gps_count, first_pkt_Tstamp
21-07-2026 00:12 - WARNING - 2143951730 24984 2026-07-20T18:35:25.335881
21-07-2026 00:12 - WARNING - last_pkt_count, last_gps_count, last_pkt_Tstamp
21-07-2026 00:12 - WARNING - 2145834271 25013 2026-07-20T18:35:54.543943
21-07-2026 00:12 - WARNING - diff_pkt_count  , diff_gps_count ,  diff_pkt_timstamp
21-07-2026 00:12 - WARNING - 1882541 29 29208062 microseconds
21-07-2026 00:12 - WARNING - No packet loss: /data/dsp/GBD_TRANSIENT_BUFFER/J1921+2153/20_07_2026/PDR_GULP_data000.pcap_21_07_2026_00_06_1784572586.PCAP_PDR
21-07-2026 00:12 - WARNING - first_pkt_count, first_gps_count, first_pkt_Tstamp
21-07-2026 00:12 - WARNING - 2145834272 25013 2026-07-20T18:35:54.543943
21-07-2026 00:12 - WARNING - last_pkt_count, last_gps_count, last_pkt_Tstamp
21-07-2026 00:12 - WARNING - 2147716814 25042 2026-07-20T18:36:23.752072
21-07-2026 00:12 - WARNING - diff_pkt_count  , diff_gps_count ,  diff_pkt_timstamp
21-07-2026 00:12 - WARNING - 1882542 29 29208129 microseconds
21-07-2026 00:12 - WARNING - No packet loss: /data/dsp/GBD_TRANSIENT_BUFFER/J1921+2153/20_07_2026/PDR_GULP_data001.pcap_21_07_2026_00_06_1784572615.PCAP_PDR
21-07-2026 00:12 - WARNING - first_pkt_count, first_gps_count, first_pkt_Tstamp
21-07-2026 00:12 - WARNING - 2147716815 25042 2026-07-20T18:36:23.752072
21-07-2026 00:12 - WARNING - last_pkt_count, last_gps_count, last_pkt_Tstamp
21-07-2026 00:12 - WARNING - 2149599356 25071 2026-07-20T18:36:52.960194
21-07-2026 00:12 - WARNING - diff_pkt_count  , diff_gps_count ,  diff_pkt_timstamp
21-07-2026 00:12 - WARNING - 1882541 29 29208122 microseconds
21-07-2026 00:12 - WARNING - No packet loss: /data/dsp/GBD_TRANSIENT_BUFFER/J1921+2153/20_07_2026/PDR_GULP_data002.pcap_21_07_2026_00_07_1784572645.PCAP_PDR
21-07-2026 00:12 - WARNING - first_pkt_count, first_gps_count, first_pkt_Tstamp
21-07-2026 00:12 - WARNING - 2149599357 25071 2026-07-20T18:36:52.960194
21-07-2026 00:12 - WARNING - last_pkt_count, last_gps_count, last_pkt_Tstamp
21-07-2026 00:12 - WARNING - 2151481898 25101 2026-07-20T18:37:22.168315
21-07-2026 00:12 - WARNING - diff_pkt_count  , diff_gps_count ,  diff_pkt_timstamp
21-07-2026 00:12 - WARNING - 1882541 30 29208121 microseconds
21-07-2026 00:12 - WARNING - No packet loss: /data/dsp/GBD_TRANSIENT_BUFFER/J1921+2153/20_07_2026/PDR_GULP_data000.pcap_21_07_2026_00_07_1784572674.PCAP_PDR
21-07-2026 00:12 - WARNING - first_pkt_count, first_gps_count, first_pkt_Tstamp
21-07-2026 00:12 - WARNING - 2151481899 25101 2026-07-20T18:37:22.168315
21-07-2026 00:12 - WARNING - last_pkt_count, last_gps_count, last_pkt_Tstamp
21-07-2026 00:12 - WARNING - 2153364440 25130 2026-07-20T18:37:51.376473
21-07-2026 00:12 - WARNING - diff_pkt_count  , diff_gps_count ,  diff_pkt_timstamp
21-07-2026 00:12 - WARNING - 1882541 29 29208158 microseconds
21-07-2026 00:12 - WARNING - No packet loss: /data/dsp/GBD_TRANSIENT_BUFFER/J1921+2153/20_07_2026/PDR_GULP_data001.pcap_21_07_2026_00_08_1784572703.PCAP_PDR
21-07-2026 00:12 - WARNING - first_pkt_count, first_gps_count, first_pkt_Tstamp
21-07-2026 00:12 - WARNING - 2153364441 25130 2026-07-20T18:37:51.376473
21-07-2026 00:12 - WARNING - last_pkt_count, last_gps_count, last_pkt_Tstamp
21-07-2026 00:12 - WARNING - 2155246982 25159 2026-07-20T18:38:20.584528
21-07-2026 00:12 - WARNING - diff_pkt_count  , diff_gps_count ,  diff_pkt_timstamp
21-07-2026 00:12 - WARNING - 1882541 29 29208055 microseconds
21-07-2026 00:12 - WARNING - No packet loss: /data/dsp/GBD_TRANSIENT_BUFFER/J1921+2153/20_07_2026/PDR_GULP_data002.pcap_21_07_2026_00_08_1784572732.PCAP_PDR
21-07-2026 00:12 - WARNING - first_pkt_count, first_gps_count, first_pkt_Tstamp
21-07-2026 00:12 - WARNING - 2155246983 25159 2026-07-20T18:38:20.584528
21-07-2026 00:12 - WARNING - last_pkt_count, last_gps_count, last_pkt_Tstamp
21-07-2026 00:12 - WARNING - 2157129524 25188 2026-07-20T18:38:49.792707
21-07-2026 00:12 - WARNING - diff_pkt_count  , diff_gps_count ,  diff_pkt_timstamp
21-07-2026 00:12 - WARNING - 1882541 29 29208179 microseconds
21-07-2026 00:12 - WARNING - No packet loss: /data/dsp/GBD_TRANSIENT_BUFFER/J1921+2153/20_07_2026/PDR_GULP_data000.pcap_21_07_2026_00_09_1784572762.PCAP_PDR
21-07-2026 00:12 - WARNING - first_pkt_count, first_gps_count, first_pkt_Tstamp
21-07-2026 00:12 - WARNING - 2157129525 25188 2026-07-20T18:38:49.792707
21-07-2026 00:12 - WARNING - last_pkt_count, last_gps_count, last_pkt_Tstamp
21-07-2026 00:12 - WARNING - 2159012067 25217 2026-07-20T18:39:19.000785
21-07-2026 00:12 - WARNING - diff_pkt_count  , diff_gps_count ,  diff_pkt_timstamp
21-07-2026 00:12 - WARNING - 1882542 29 29208078 microseconds
21-07-2026 00:12 - WARNING - No packet loss: /data/dsp/GBD_TRANSIENT_BUFFER/J1921+2153/20_07_2026/PDR_GULP_data001.pcap_21_07_2026_00_09_1784572791.PCAP_PDR
21-07-2026 00:12 - WARNING - first_pkt_count, first_gps_count, first_pkt_Tstamp
21-07-2026 00:12 - WARNING - 2159012068 25217 2026-07-20T18:39:19.000850
21-07-2026 00:12 - WARNING - last_pkt_count, last_gps_count, last_pkt_Tstamp
21-07-2026 00:12 - WARNING - 2160894609 25247 2026-07-20T18:39:48.208970
21-07-2026 00:12 - WARNING - diff_pkt_count  , diff_gps_count ,  diff_pkt_timstamp
21-07-2026 00:12 - WARNING - 1882541 30 29208120 microseconds
21-07-2026 00:12 - WARNING - No packet loss: /data/dsp/GBD_TRANSIENT_BUFFER/J1921+2153/20_07_2026/PDR_GULP_data002.pcap_21_07_2026_00_10_1784572820.PCAP_PDR
21-07-2026 00:12 - WARNING - first_pkt_count, first_gps_count, first_pkt_Tstamp
21-07-2026 00:12 - WARNING - 2160894610 25247 2026-07-20T18:39:48.208970
21-07-2026 00:12 - WARNING - last_pkt_count, last_gps_count, last_pkt_Tstamp
21-07-2026 00:12 - WARNING - 2162777151 25276 2026-07-20T18:40:17.417080
21-07-2026 00:12 - WARNING - diff_pkt_count  , diff_gps_count ,  diff_pkt_timstamp
21-07-2026 00:12 - WARNING - 1882541 29 29208110 microseconds
21-07-2026 00:12 - WARNING - No packet loss: /data/dsp/GBD_TRANSIENT_BUFFER/J1921+2153/20_07_2026/PDR_GULP_data000.pcap_21_07_2026_00_10_1784572849.PCAP_PDR
21-07-2026 00:12 - WARNING - first_pkt_count, first_gps_count, first_pkt_Tstamp
21-07-2026 00:12 - WARNING - 2162777152 25276 2026-07-20T18:40:17.417080
21-07-2026 00:12 - WARNING - last_pkt_count, last_gps_count, last_pkt_Tstamp
21-07-2026 00:12 - WARNING - 2164659693 25305 2026-07-20T18:40:46.625204
21-07-2026 00:12 - WARNING - diff_pkt_count  , diff_gps_count ,  diff_pkt_timstamp
21-07-2026 00:12 - WARNING - 1882541 29 29208124 microseconds
21-07-2026 00:12 - WARNING - No packet loss: /data/dsp/GBD_TRANSIENT_BUFFER/J1921+2153/20_07_2026/PDR_GULP_data001.pcap_21_07_2026_00_11_1784572878.PCAP_PDR
21-07-2026 00:12 - WARNING - first_pkt_count, first_gps_count, first_pkt_Tstamp
21-07-2026 00:12 - WARNING - 2164659694 25305 2026-07-20T18:40:46.625204
21-07-2026 00:12 - WARNING - last_pkt_count, last_gps_count, last_pkt_Tstamp
21-07-2026 00:12 - WARNING - 2166542235 25334 2026-07-20T18:41:15.833317
21-07-2026 00:12 - WARNING - diff_pkt_count  , diff_gps_count ,  diff_pkt_timstamp
21-07-2026 00:12 - WARNING - 1882541 29 29208113 microseconds
21-07-2026 00:12 - WARNING - No packet loss: /data/dsp/GBD_TRANSIENT_BUFFER/J1921+2153/20_07_2026/PDR_GULP_data002.pcap_21_07_2026_00_11_1784572908.PCAP_PDR
21-07-2026 00:12 - WARNING - first_pkt_count, first_gps_count, first_pkt_Tstamp
21-07-2026 00:12 - WARNING - 2166542236 25334 2026-07-20T18:41:15.833370
21-07-2026 00:12 - WARNING - last_pkt_count, last_gps_count, last_pkt_Tstamp
21-07-2026 00:12 - WARNING - 2168424777 25363 2026-07-20T18:41:45.041465
21-07-2026 00:12 - WARNING - diff_pkt_count  , diff_gps_count ,  diff_pkt_timstamp
21-07-2026 00:12 - WARNING - 1882541 29 29208095 microseconds
21-07-2026 00:12 SLIP check Finished...
21-07-2026 00:12 Pulsar data reduction pipeline started ...
21-07-2026 00:12 - WARNING - Data Directory: /data/dsp/GBD_TRANSIENT_BUFFER/J1921+2153/20_07_2026
21-07-2026 00:12 - WARNING - Pulsar: J1921+2153
21-07-2026 00:12 - WARNING - CH selelction: 0
21-07-2026 00:12 - WARNING - Phase file: /home/dsp/PDR_acquire_setup/dada_scripts/phase/rf_path_phase.dat
21-07-2026 00:12 - WARNING - Obs. logfile: /home/dsp/PDR_acquire_setup/master_obs_log/J1921+2153_20_07_2026_observation.log
21-07-2026 00:12 - WARNING - Observation start time: 2026_07_20_23_23_33
21-07-2026 00:12 - WARNING - parfile: /home/dsp/parfiles/J1921+2153.par
21-07-2026 00:12 - WARNING - DM: 12.44399
21-07-2026 00:12 - WARNING - Period: 1.3373021601894548
21-07-2026 00:12 - WARNING - RA_DEC: 19:21:44.815+21:53:02.25
21-07-2026 00:12 - WARNING - out_dada_file: J1921+2153_2026_07_20_23_23_33_type_0.dada
21-07-2026 00:12 - WARNING - Number of files to process: 100
21-07-2026 00:12 - WARNING - Files per batch:  17
21-07-2026 00:36 - WARNING - Time taken for PDR2DADA convertion: 0:24:31.976063
21-07-2026 00:36 - WARNING - Center_freq: 175
21-07-2026 00:36 - WARNING - int_time: 3.0
21-07-2026 00:36 - WARNING - nbins: 256
21-07-2026 00:36 - WARNING - fil_chan: 256
21-07-2026 00:36 - WARNING - cpu: 2,3,4,5,6,7,8,9,10,11,12,13,14,15,16
21-07-2026 00:36 - WARNING - thread: 32
21-07-2026 00:36 - WARNING - nbit: 8
21-07-2026 00:36 - WARNING - time_avg: 0.000256
21-07-2026 00:36 - WARNING - MJD_START: 61241.745525978484
21-07-2026 00:36 - WARNING - output: J1921+2153_61241.75_175MHz_type_0_GBD_DART
21-07-2026 00:36 - WARNING - singularity_container: singularity exec /home/dsp/singularity_imag/pschive_py3.sif  
21-07-2026 00:36 - WARNING - ------ DIGIFITS ------
21-07-2026 00:36 - WARNING - ---- Search Mode FITS -------
21-07-2026 00:36 - WARNING - digifits_ful_stokes_cmd: singularity exec /home/dsp/singularity_imag/pschive_py3.sif  digifits  -F 256 -x 256 -b 8 -p 4 -t 0.000256 J1921+2153_2026_07_20_23_23_33_type_0.dada -o J1921+2153_2026_07_20_23_23_33_type_0.dada_stokes.fits
21-07-2026 01:09 - WARNING - ------ Total intensity FITS -------
21-07-2026 01:09 - WARNING - digifits_total_intensity_cmd: singularity exec /home/dsp/singularity_imag/pschive_py3.sif  digifits  -F 256 -x 256 -b 8 -p 1 -t 0.000256 J1921+2153_2026_07_20_23_23_33_type_0.dada -o J1921+2153_2026_07_20_23_23_33_type_0.dada_intensity.fits
21-07-2026 01:36 - WARNING - Nchan: 256
21-07-2026 01:36 - WARNING - Nbin: 256
21-07-2026 01:36 - WARNING - Tavg: 0.000256
21-07-2026 01:36 - WARNING - Time taken for DIGIFITS run: 0:59:11.528357
21-07-2026 01:36 - WARNING - ------ DSPSR ------
21-07-2026 01:36 - WARNING - ------- Coherent Dedispersion Folded archive -------
21-07-2026 01:36 - WARNING - dspsr_cmd: singularity exec /home/dsp/singularity_imag/pschive_py3.sif  dspsr J1921+2153_2026_07_20_23_23_33_type_0.dada -cpu 2,3,4,5,6,7,8,9,10,11,12,13,14,15,16 -t 32 -E /home/dsp/parfiles/J1921+2153.par -L 3.0 -b 256 -F 256:D -N J1921+2153 -a PSRFITS -A -e .fits -O J1921+2153_61241.75_175MHz_type_0_GBD_DART
21-07-2026 01:45 - WARNING - ------- Incoherent Dedispersion Folded archive -------
21-07-2026 01:45 - WARNING - Incoherent_DD_dspsr_cmd: singularity exec /home/dsp/singularity_imag/pschive_py3.sif  dspsr J1921+2153_2026_07_20_23_23_33_type_0.dada_stokes.fits -cpu 2,3,4,5,6,7,8,9,10,11,12,13,14,15,16 -t 32 -E /home/dsp/parfiles/J1921+2153.par -L 3.0 -b 256 -N J1921+2153 -A -e .fits -O J1921+2153_61241.75_175MHz_type_0_GBD_DART_stokes_Incoherent_DD
21-07-2026 01:47 - WARNING - Time taken for DSPSR run: 0:11:18.555638
21-07-2026 01:47 - WARNING - ------ PSREDIT ------
21-07-2026 01:47 - WARNING - psredit_cmd: singularity exec /home/dsp/singularity_imag/pschive_py3.sif  psredit -c name=J1921+2153,be:name=GSB,coord=19:21:44.815+21:53:02.25 -m *_GBD_DART*fits
21-07-2026 01:47 - WARNING - Time taken for PSREDIT run: 0:00:10.487755
21-07-2026 01:47 - WARNING - ------ Iterative RFI Cleaner ------
21-07-2026 01:47 - WARNING - Iterative_cleaner_cmd: singularity exec /home/dsp/singularity_imag/pschive_py3.sif   python3 /home/dsp/PDR_acquire_setup/iterative_cleaner.py -s 3 -c 3 -m 10 *_GBD_DART*fits
21-07-2026 01:54 - WARNING - Time taken for Iterative_cleaner run: 0:06:48.576455
21-07-2026 01:54 - WARNING - ------ PDMP ------
21-07-2026 01:54 - WARNING - pdmp_cmd1: singularity exec /home/dsp/singularity_imag/pschive_py3.sif  pdmp -dr 2 -ds 0.05 -g J1921+2153_61241.75_175MHz_type_0_GBD_DART.fits_cleaned.ar.ps/cps J1921+2153_61241.75_175MHz_type_0_GBD_DART.fits_cleaned.ar
21-07-2026 02:02 - WARNING - pdmp_cmd2: singularity exec /home/dsp/singularity_imag/pschive_py3.sif  pdmp -dr 2 -ds 0.05 -g J1921+2153_61241.75_175MHz_type_0_GBD_DART_stokes_Incoherent_DD.fits_cleaned.ar.ps/cps J1921+2153_61241.75_175MHz_type_0_GBD_DART_stokes_Incoherent_DD.fits_cleaned.ar
21-07-2026 02:10 - WARNING - Time taken for PDMP run: 0:16:04.221168
21-07-2026 02:10 - WARNING - ------ PS2PDF ------
21-07-2026 02:10 - WARNING - ps2pdf_cmd1: singularity exec /home/dsp/singularity_imag/pschive_py3.sif  ps2pdf J1921+2153_61241.75_175MHz_type_0_GBD_DART.fits_cleaned.ar.ps J1921+2153_61241.75_175MHz_type_0_GBD_DART.fits_cleaned.ar.ps.pdf
21-07-2026 02:10 - WARNING - ps2pdf_cmd2: singularity exec /home/dsp/singularity_imag/pschive_py3.sif  ps2pdf J1921+2153_61241.75_175MHz_type_0_GBD_DART_stokes_Incoherent_DD.fits_cleaned.ar.ps J1921+2153_61241.75_175MHz_type_0_GBD_DART_stokes_Incoherent_DD.fits_cleaned.ar.ps.pdf
21-07-2026 02:10 - WARNING - Time taken for PDMP run: 0:00:01.211545
21-07-2026 02:10 - WARNING - Overall time taken for data reduction: 1:58:07.147306
21-07-2026 02:10 - WARNING - J1921+2153_2026_07_20_23_23_33_type_0.dada... file removed
21-07-2026 02:10 - WARNING - All done!
21-07-2026 02:10 --- PRESTO ---
21-07-2026 02:10 singularity_container: singularity exec /home/dsp/singularity_imag/pschive_py3.sif  
21-07-2026 02:10 Filterbank to Process for PULSAR: J1921+2153 with DM:12.44399 : J1921+2153_2026_07_20_23_23_33_type_0.dada_intensity.fits
21-07-2026 02:10 --- RFIFIND ---
21-07-2026 02:10 RFIFIND: singularity exec /home/dsp/singularity_imag/pschive_py3.sif   rfifind -time 2.0 -o J1921+2153 J1921+2153_2026_07_20_23_23_33_type_0.dada_intensity.fits
21-07-2026 02:11 --- PREPDATA ---
21-07-2026 02:11 PREPDATA: singularity exec /home/dsp/singularity_imag/pschive_py3.sif   prepdata -nobary -o J1921+2153_2026_07_20_23_23_33_type_0.dada_intensity.fits -dm 12.44399 -mask J1921+2153_rfifind.mask J1921+2153_2026_07_20_23_23_33_type_0.dada_intensity.fits
21-07-2026 02:11 --- REALFFT ---
21-07-2026 02:11 REALFFT: singularity exec /home/dsp/singularity_imag/pschive_py3.sif   realfft  J1921+2153_2026_07_20_23_23_33_type_0.dada_intensity.fits.dat
21-07-2026 02:11 --- ACCELSEARCH ---
21-07-2026 02:11 ACCELSEARCH: singularity exec /home/dsp/singularity_imag/pschive_py3.sif   accelsearch -numharm 8 -zmax 8  J1921+2153_2026_07_20_23_23_33_type_0.dada_intensity.fits.fft
21-07-2026 02:12 Observation Over.
