17-07-2026 23:34 Waiting for J1921+2153 observation...
17-07-2026 23:39 Observation started...
17-07-2026 23:39 Pulsar: J1921+2153 , parfile: /home/dsp/parfiles/J1921+2153.par , DM: 12.44399
17-07-2026 23:39 Trigger sent to obs. PC [VELA].
18-07-2026 00:24 Acquired 100.
18-07-2026 00:24 ACQ over.
18-07-2026 00:24 Removing Trigger file from remote machine 
18-07-2026 00:24 Observation stoped.
-rw------- 1 dsp dsp 2.0G Jul 17 23:35 /data/TRANSIENT_BUFFER/PDR_GULP_data002.pcap_17_07_2026_23_35_1784311526.PCAP_PDR
-rw------- 1 dsp dsp 2.0G Jul 17 23:35 /data/TRANSIENT_BUFFER/PDR_GULP_data000.pcap_17_07_2026_23_35_1784311555.PCAP_PDR
-rw------- 1 dsp dsp 2.0G Jul 17 23:36 /data/TRANSIENT_BUFFER/PDR_GULP_data001.pcap_17_07_2026_23_36_1784311584.PCAP_PDR
-rw------- 1 dsp dsp 2.0G Jul 17 23:36 /data/TRANSIENT_BUFFER/PDR_GULP_data002.pcap_17_07_2026_23_36_1784311613.PCAP_PDR
-rw------- 1 dsp dsp 2.0G Jul 17 23:37 /data/TRANSIENT_BUFFER/PDR_GULP_data000.pcap_17_07_2026_23_37_1784311643.PCAP_PDR
-rw------- 1 dsp dsp 2.0G Jul 17 23:37 /data/TRANSIENT_BUFFER/PDR_GULP_data001.pcap_17_07_2026_23_37_1784311672.PCAP_PDR
-rw------- 1 dsp dsp 2.0G Jul 17 23:38 /data/TRANSIENT_BUFFER/PDR_GULP_data002.pcap_17_07_2026_23_38_1784311701.PCAP_PDR
-rw------- 1 dsp dsp 2.0G Jul 17 23:38 /data/TRANSIENT_BUFFER/PDR_GULP_data000.pcap_17_07_2026_23_38_1784311730.PCAP_PDR
-rw------- 1 dsp dsp 2.0G Jul 17 23:39 /data/TRANSIENT_BUFFER/PDR_GULP_data001.pcap_17_07_2026_23_39_1784311759.PCAP_PDR
-rw------- 1 dsp dsp 2.0G Jul 17 23:39 /data/TRANSIENT_BUFFER/PDR_GULP_data002.pcap_17_07_2026_23_39_1784311789.PCAP_PDR
-rw------- 1 dsp dsp 2.0G Jul 17 23:40 /data/TRANSIENT_BUFFER/PDR_GULP_data000.pcap_17_07_2026_23_40_1784311818.PCAP_PDR
-rw------- 1 dsp dsp 2.0G Jul 17 23:40 /data/TRANSIENT_BUFFER/PDR_GULP_data001.pcap_17_07_2026_23_40_1784311847.PCAP_PDR
-rw------- 1 dsp dsp 2.0G Jul 17 23:41 /data/TRANSIENT_BUFFER/PDR_GULP_data002.pcap_17_07_2026_23_41_1784311876.PCAP_PDR
-rw------- 1 dsp dsp 2.0G Jul 17 23:41 /data/TRANSIENT_BUFFER/PDR_GULP_data000.pcap_17_07_2026_23_41_1784311905.PCAP_PDR
-rw------- 1 dsp dsp 2.0G Jul 17 23:42 /data/TRANSIENT_BUFFER/PDR_GULP_data001.pcap_17_07_2026_23_42_1784311935.PCAP_PDR
-rw------- 1 dsp dsp 2.0G Jul 17 23:42 /data/TRANSIENT_BUFFER/PDR_GULP_data002.pcap_17_07_2026_23_42_1784311964.PCAP_PDR
-rw------- 1 dsp dsp 2.0G Jul 17 23:43 /data/TRANSIENT_BUFFER/PDR_GULP_data000.pcap_17_07_2026_23_43_1784311993.PCAP_PDR
-rw------- 1 dsp dsp 2.0G Jul 17 23:43 /data/TRANSIENT_BUFFER/PDR_GULP_data001.pcap_17_07_2026_23_43_1784312022.PCAP_PDR
-rw------- 1 dsp dsp 2.0G Jul 17 23:44 /data/TRANSIENT_BUFFER/PDR_GULP_data002.pcap_17_07_2026_23_44_1784312051.PCAP_PDR
-rw------- 1 dsp dsp 2.0G Jul 17 23:44 /data/TRANSIENT_BUFFER/PDR_GULP_data000.pcap_17_07_2026_23_44_1784312081.PCAP_PDR
-rw------- 1 dsp dsp 2.0G Jul 17 23:45 /data/TRANSIENT_BUFFER/PDR_GULP_data001.pcap_17_07_2026_23_45_1784312110.PCAP_PDR
-rw------- 1 dsp dsp 2.0G Jul 17 23:45 /data/TRANSIENT_BUFFER/PDR_GULP_data002.pcap_17_07_2026_23_45_1784312139.PCAP_PDR
-rw------- 1 dsp dsp 2.0G Jul 17 23:46 /data/TRANSIENT_BUFFER/PDR_GULP_data000.pcap_17_07_2026_23_46_1784312168.PCAP_PDR
-rw------- 1 dsp dsp 2.0G Jul 17 23:46 /data/TRANSIENT_BUFFER/PDR_GULP_data001.pcap_17_07_2026_23_46_1784312198.PCAP_PDR
-rw------- 1 dsp dsp 2.0G Jul 17 23:47 /data/TRANSIENT_BUFFER/PDR_GULP_data002.pcap_17_07_2026_23_47_1784312227.PCAP_PDR
-rw------- 1 dsp dsp 2.0G Jul 17 23:47 /data/TRANSIENT_BUFFER/PDR_GULP_data000.pcap_17_07_2026_23_47_1784312256.PCAP_PDR
-rw------- 1 dsp dsp 2.0G Jul 17 23:48 /data/TRANSIENT_BUFFER/PDR_GULP_data001.pcap_17_07_2026_23_48_1784312285.PCAP_PDR
-rw------- 1 dsp dsp 2.0G Jul 17 23:48 /data/TRANSIENT_BUFFER/PDR_GULP_data002.pcap_17_07_2026_23_48_1784312314.PCAP_PDR
-rw------- 1 dsp dsp 2.0G Jul 17 23:49 /data/TRANSIENT_BUFFER/PDR_GULP_data000.pcap_17_07_2026_23_49_1784312344.PCAP_PDR
-rw------- 1 dsp dsp 2.0G Jul 17 23:49 /data/TRANSIENT_BUFFER/PDR_GULP_data001.pcap_17_07_2026_23_49_1784312373.PCAP_PDR
-rw------- 1 dsp dsp 2.0G Jul 17 23:49 /data/TRANSIENT_BUFFER/PDR_GULP_data002.pcap_17_07_2026_23_50_1784312402.PCAP_PDR
-rw------- 1 dsp dsp 2.0G Jul 17 23:50 /data/TRANSIENT_BUFFER/PDR_GULP_data000.pcap_17_07_2026_23_50_1784312431.PCAP_PDR
-rw------- 1 dsp dsp 2.0G Jul 17 23:50 /data/TRANSIENT_BUFFER/PDR_GULP_data001.pcap_17_07_2026_23_51_1784312460.PCAP_PDR
-rw------- 1 dsp dsp 2.0G Jul 17 23:51 /data/TRANSIENT_BUFFER/PDR_GULP_data002.pcap_17_07_2026_23_51_1784312490.PCAP_PDR
-rw------- 1 dsp dsp 2.0G Jul 17 23:51 /data/TRANSIENT_BUFFER/PDR_GULP_data000.pcap_17_07_2026_23_51_1784312519.PCAP_PDR
-rw------- 1 dsp dsp 2.0G Jul 17 23:52 /data/TRANSIENT_BUFFER/PDR_GULP_data001.pcap_17_07_2026_23_52_1784312548.PCAP_PDR
-rw------- 1 dsp dsp 2.0G Jul 17 23:52 /data/TRANSIENT_BUFFER/PDR_GULP_data002.pcap_17_07_2026_23_52_1784312577.PCAP_PDR
-rw------- 1 dsp dsp 2.0G Jul 17 23:53 /data/TRANSIENT_BUFFER/PDR_GULP_data000.pcap_17_07_2026_23_53_1784312606.PCAP_PDR
-rw------- 1 dsp dsp 2.0G Jul 17 23:53 /data/TRANSIENT_BUFFER/PDR_GULP_data001.pcap_17_07_2026_23_53_1784312636.PCAP_PDR
-rw------- 1 dsp dsp 2.0G Jul 17 23:54 /data/TRANSIENT_BUFFER/PDR_GULP_data002.pcap_17_07_2026_23_54_1784312665.PCAP_PDR
-rw------- 1 dsp dsp 2.0G Jul 17 23:54 /data/TRANSIENT_BUFFER/PDR_GULP_data000.pcap_17_07_2026_23_54_1784312694.PCAP_PDR
-rw------- 1 dsp dsp 2.0G Jul 17 23:55 /data/TRANSIENT_BUFFER/PDR_GULP_data001.pcap_17_07_2026_23_55_1784312723.PCAP_PDR
-rw------- 1 dsp dsp 2.0G Jul 17 23:55 /data/TRANSIENT_BUFFER/PDR_GULP_data002.pcap_17_07_2026_23_55_1784312752.PCAP_PDR
-rw------- 1 dsp dsp 2.0G Jul 17 23:56 /data/TRANSIENT_BUFFER/PDR_GULP_data000.pcap_17_07_2026_23_56_1784312782.PCAP_PDR
-rw------- 1 dsp dsp 2.0G Jul 17 23:56 /data/TRANSIENT_BUFFER/PDR_GULP_data001.pcap_17_07_2026_23_56_1784312811.PCAP_PDR
-rw------- 1 dsp dsp 2.0G Jul 17 23:57 /data/TRANSIENT_BUFFER/PDR_GULP_data002.pcap_17_07_2026_23_57_1784312840.PCAP_PDR
-rw------- 1 dsp dsp 2.0G Jul 17 23:57 /data/TRANSIENT_BUFFER/PDR_GULP_data000.pcap_17_07_2026_23_57_1784312869.PCAP_PDR
-rw------- 1 dsp dsp 2.0G Jul 17 23:58 /data/TRANSIENT_BUFFER/PDR_GULP_data001.pcap_17_07_2026_23_58_1784312899.PCAP_PDR
-rw------- 1 dsp dsp 2.0G Jul 17 23:58 /data/TRANSIENT_BUFFER/PDR_GULP_data002.pcap_17_07_2026_23_58_1784312928.PCAP_PDR
-rw------- 1 dsp dsp 2.0G Jul 17 23:59 /data/TRANSIENT_BUFFER/PDR_GULP_data000.pcap_17_07_2026_23_59_1784312957.PCAP_PDR
-rw------- 1 dsp dsp 2.0G Jul 17 23:59 /data/TRANSIENT_BUFFER/PDR_GULP_data001.pcap_17_07_2026_23_59_1784312986.PCAP_PDR
-rw------- 1 dsp dsp 2.0G Jul 18 00:00 /data/TRANSIENT_BUFFER/PDR_GULP_data002.pcap_18_07_2026_00_00_1784313015.PCAP_PDR
-rw------- 1 dsp dsp 2.0G Jul 18 00:00 /data/TRANSIENT_BUFFER/PDR_GULP_data000.pcap_18_07_2026_00_00_1784313045.PCAP_PDR
-rw------- 1 dsp dsp 2.0G Jul 18 00:01 /data/TRANSIENT_BUFFER/PDR_GULP_data001.pcap_18_07_2026_00_01_1784313074.PCAP_PDR
-rw------- 1 dsp dsp 2.0G Jul 18 00:01 /data/TRANSIENT_BUFFER/PDR_GULP_data002.pcap_18_07_2026_00_01_1784313103.PCAP_PDR
-rw------- 1 dsp dsp 2.0G Jul 18 00:02 /data/TRANSIENT_BUFFER/PDR_GULP_data000.pcap_18_07_2026_00_02_1784313132.PCAP_PDR
-rw------- 1 dsp dsp 2.0G Jul 18 00:02 /data/TRANSIENT_BUFFER/PDR_GULP_data001.pcap_18_07_2026_00_02_1784313161.PCAP_PDR
-rw------- 1 dsp dsp 2.0G Jul 18 00:03 /data/TRANSIENT_BUFFER/PDR_GULP_data002.pcap_18_07_2026_00_03_1784313191.PCAP_PDR
-rw------- 1 dsp dsp 2.0G Jul 18 00:03 /data/TRANSIENT_BUFFER/PDR_GULP_data000.pcap_18_07_2026_00_03_1784313220.PCAP_PDR
-rw------- 1 dsp dsp 2.0G Jul 18 00:04 /data/TRANSIENT_BUFFER/PDR_GULP_data001.pcap_18_07_2026_00_04_1784313249.PCAP_PDR
-rw------- 1 dsp dsp 2.0G Jul 18 00:04 /data/TRANSIENT_BUFFER/PDR_GULP_data002.pcap_18_07_2026_00_04_1784313278.PCAP_PDR
-rw------- 1 dsp dsp 2.0G Jul 18 00:05 /data/TRANSIENT_BUFFER/PDR_GULP_data000.pcap_18_07_2026_00_05_1784313307.PCAP_PDR
-rw------- 1 dsp dsp 2.0G Jul 18 00:05 /data/TRANSIENT_BUFFER/PDR_GULP_data001.pcap_18_07_2026_00_05_1784313337.PCAP_PDR
-rw------- 1 dsp dsp 2.0G Jul 18 00:06 /data/TRANSIENT_BUFFER/PDR_GULP_data002.pcap_18_07_2026_00_06_1784313366.PCAP_PDR
-rw------- 1 dsp dsp 2.0G Jul 18 00:06 /data/TRANSIENT_BUFFER/PDR_GULP_data000.pcap_18_07_2026_00_06_1784313395.PCAP_PDR
-rw------- 1 dsp dsp 2.0G Jul 18 00:07 /data/TRANSIENT_BUFFER/PDR_GULP_data001.pcap_18_07_2026_00_07_1784313424.PCAP_PDR
-rw------- 1 dsp dsp 2.0G Jul 18 00:07 /data/TRANSIENT_BUFFER/PDR_GULP_data002.pcap_18_07_2026_00_07_1784313453.PCAP_PDR
-rw------- 1 dsp dsp 2.0G Jul 18 00:08 /data/TRANSIENT_BUFFER/PDR_GULP_data000.pcap_18_07_2026_00_08_1784313483.PCAP_PDR
-rw------- 1 dsp dsp 2.0G Jul 18 00:08 /data/TRANSIENT_BUFFER/PDR_GULP_data001.pcap_18_07_2026_00_08_1784313512.PCAP_PDR
-rw------- 1 dsp dsp 2.0G Jul 18 00:08 /data/TRANSIENT_BUFFER/PDR_GULP_data002.pcap_18_07_2026_00_09_1784313541.PCAP_PDR
-rw------- 1 dsp dsp 2.0G Jul 18 00:09 /data/TRANSIENT_BUFFER/PDR_GULP_data000.pcap_18_07_2026_00_09_1784313570.PCAP_PDR
-rw------- 1 dsp dsp 2.0G Jul 18 00:09 /data/TRANSIENT_BUFFER/PDR_GULP_data001.pcap_18_07_2026_00_10_1784313600.PCAP_PDR
-rw------- 1 dsp dsp 2.0G Jul 18 00:10 /data/TRANSIENT_BUFFER/PDR_GULP_data002.pcap_18_07_2026_00_10_1784313629.PCAP_PDR
-rw------- 1 dsp dsp 2.0G Jul 18 00:10 /data/TRANSIENT_BUFFER/PDR_GULP_data000.pcap_18_07_2026_00_10_1784313658.PCAP_PDR
-rw------- 1 dsp dsp 2.0G Jul 18 00:11 /data/TRANSIENT_BUFFER/PDR_GULP_data001.pcap_18_07_2026_00_11_1784313687.PCAP_PDR
-rw------- 1 dsp dsp 2.0G Jul 18 00:11 /data/TRANSIENT_BUFFER/PDR_GULP_data002.pcap_18_07_2026_00_11_1784313716.PCAP_PDR
-rw------- 1 dsp dsp 2.0G Jul 18 00:12 /data/TRANSIENT_BUFFER/PDR_GULP_data000.pcap_18_07_2026_00_12_1784313746.PCAP_PDR
-rw------- 1 dsp dsp 2.0G Jul 18 00:12 /data/TRANSIENT_BUFFER/PDR_GULP_data001.pcap_18_07_2026_00_12_1784313775.PCAP_PDR
-rw------- 1 dsp dsp 2.0G Jul 18 00:13 /data/TRANSIENT_BUFFER/PDR_GULP_data002.pcap_18_07_2026_00_13_1784313804.PCAP_PDR
-rw------- 1 dsp dsp 2.0G Jul 18 00:13 /data/TRANSIENT_BUFFER/PDR_GULP_data000.pcap_18_07_2026_00_13_1784313833.PCAP_PDR
-rw------- 1 dsp dsp 2.0G Jul 18 00:14 /data/TRANSIENT_BUFFER/PDR_GULP_data001.pcap_18_07_2026_00_14_1784313862.PCAP_PDR
-rw------- 1 dsp dsp 2.0G Jul 18 00:14 /data/TRANSIENT_BUFFER/PDR_GULP_data002.pcap_18_07_2026_00_14_1784313892.PCAP_PDR
-rw------- 1 dsp dsp 2.0G Jul 18 00:15 /data/TRANSIENT_BUFFER/PDR_GULP_data000.pcap_18_07_2026_00_15_1784313921.PCAP_PDR
-rw------- 1 dsp dsp 2.0G Jul 18 00:15 /data/TRANSIENT_BUFFER/PDR_GULP_data001.pcap_18_07_2026_00_15_1784313950.PCAP_PDR
-rw------- 1 dsp dsp 2.0G Jul 18 00:16 /data/TRANSIENT_BUFFER/PDR_GULP_data002.pcap_18_07_2026_00_16_1784313979.PCAP_PDR
-rw------- 1 dsp dsp 2.0G Jul 18 00:16 /data/TRANSIENT_BUFFER/PDR_GULP_data000.pcap_18_07_2026_00_16_1784314008.PCAP_PDR
-rw------- 1 dsp dsp 2.0G Jul 18 00:17 /data/TRANSIENT_BUFFER/PDR_GULP_data001.pcap_18_07_2026_00_17_1784314038.PCAP_PDR
-rw------- 1 dsp dsp 2.0G Jul 18 00:17 /data/TRANSIENT_BUFFER/PDR_GULP_data002.pcap_18_07_2026_00_17_1784314067.PCAP_PDR
-rw------- 1 dsp dsp 2.0G Jul 18 00:18 /data/TRANSIENT_BUFFER/PDR_GULP_data000.pcap_18_07_2026_00_18_1784314096.PCAP_PDR
-rw------- 1 dsp dsp 2.0G Jul 18 00:18 /data/TRANSIENT_BUFFER/PDR_GULP_data001.pcap_18_07_2026_00_18_1784314125.PCAP_PDR
-rw------- 1 dsp dsp 2.0G Jul 18 00:19 /data/TRANSIENT_BUFFER/PDR_GULP_data002.pcap_18_07_2026_00_19_1784314154.PCAP_PDR
-rw------- 1 dsp dsp 2.0G Jul 18 00:19 /data/TRANSIENT_BUFFER/PDR_GULP_data000.pcap_18_07_2026_00_19_1784314184.PCAP_PDR
-rw------- 1 dsp dsp 2.0G Jul 18 00:20 /data/TRANSIENT_BUFFER/PDR_GULP_data001.pcap_18_07_2026_00_20_1784314213.PCAP_PDR
-rw------- 1 dsp dsp 2.0G Jul 18 00:20 /data/TRANSIENT_BUFFER/PDR_GULP_data002.pcap_18_07_2026_00_20_1784314242.PCAP_PDR
-rw------- 1 dsp dsp 2.0G Jul 18 00:21 /data/TRANSIENT_BUFFER/PDR_GULP_data000.pcap_18_07_2026_00_21_1784314271.PCAP_PDR
-rw------- 1 dsp dsp 2.0G Jul 18 00:21 /data/TRANSIENT_BUFFER/PDR_GULP_data001.pcap_18_07_2026_00_21_1784314300.PCAP_PDR
-rw------- 1 dsp dsp 2.0G Jul 18 00:22 /data/TRANSIENT_BUFFER/PDR_GULP_data002.pcap_18_07_2026_00_22_1784314330.PCAP_PDR
-rw------- 1 dsp dsp 2.0G Jul 18 00:22 /data/TRANSIENT_BUFFER/PDR_GULP_data000.pcap_18_07_2026_00_22_1784314359.PCAP_PDR
-rw------- 1 dsp dsp 2.0G Jul 18 00:23 /data/TRANSIENT_BUFFER/PDR_GULP_data001.pcap_18_07_2026_00_23_1784314388.PCAP_PDR
-rw------- 1 dsp dsp 2.0G Jul 18 00:23 /data/TRANSIENT_BUFFER/PDR_GULP_data002.pcap_18_07_2026_00_23_1784314417.PCAP_PDR
18-07-2026 00:24 RAW PCAP data moved from Transient Buffer.
18-07-2026 00:24 SLIP check Started ...
18-07-2026 00:24 - WARNING - Data Directory: /data/dsp/GBD_TRANSIENT_BUFFER/J1921+2153/17_07_2026
18-07-2026 00:24 - WARNING - Number of Files: 100
18-07-2026 00:24 - WARNING - No packet loss: /data/dsp/GBD_TRANSIENT_BUFFER/J1921+2153/17_07_2026/PDR_GULP_data002.pcap_17_07_2026_23_35_1784311526.PCAP_PDR
18-07-2026 00:24 - WARNING - first_pkt_count, first_gps_count, first_pkt_Tstamp
18-07-2026 00:24 - WARNING - 2499541555 26097 2026-07-17T18:04:54.037460
18-07-2026 00:24 - WARNING - last_pkt_count, last_gps_count, last_pkt_Tstamp
18-07-2026 00:24 - WARNING - 2501424096 26126 2026-07-17T18:05:23.245288
18-07-2026 00:24 - WARNING - diff_pkt_count  , diff_gps_count ,  diff_pkt_timstamp
18-07-2026 00:24 - WARNING - 1882541 29 29207828 microseconds
18-07-2026 00:24 - WARNING - No packet loss: /data/dsp/GBD_TRANSIENT_BUFFER/J1921+2153/17_07_2026/PDR_GULP_data000.pcap_17_07_2026_23_35_1784311555.PCAP_PDR
18-07-2026 00:24 - WARNING - first_pkt_count, first_gps_count, first_pkt_Tstamp
18-07-2026 00:24 - WARNING - 2501424097 26126 2026-07-17T18:05:23.245376
18-07-2026 00:24 - WARNING - last_pkt_count, last_gps_count, last_pkt_Tstamp
18-07-2026 00:24 - WARNING - 2503306638 26155 2026-07-17T18:05:52.453196
18-07-2026 00:24 - WARNING - diff_pkt_count  , diff_gps_count ,  diff_pkt_timstamp
18-07-2026 00:24 - WARNING - 1882541 29 29207820 microseconds
18-07-2026 00:24 - WARNING - No packet loss: /data/dsp/GBD_TRANSIENT_BUFFER/J1921+2153/17_07_2026/PDR_GULP_data001.pcap_17_07_2026_23_36_1784311584.PCAP_PDR
18-07-2026 00:24 - WARNING - first_pkt_count, first_gps_count, first_pkt_Tstamp
18-07-2026 00:24 - WARNING - 2503306639 26155 2026-07-17T18:05:52.453196
18-07-2026 00:24 - WARNING - last_pkt_count, last_gps_count, last_pkt_Tstamp
18-07-2026 00:24 - WARNING - 2505189180 26184 2026-07-17T18:06:21.661016
18-07-2026 00:24 - WARNING - diff_pkt_count  , diff_gps_count ,  diff_pkt_timstamp
18-07-2026 00:24 - WARNING - 1882541 29 29207820 microseconds
18-07-2026 00:24 - WARNING - No packet loss: /data/dsp/GBD_TRANSIENT_BUFFER/J1921+2153/17_07_2026/PDR_GULP_data002.pcap_17_07_2026_23_36_1784311613.PCAP_PDR
18-07-2026 00:24 - WARNING - first_pkt_count, first_gps_count, first_pkt_Tstamp
18-07-2026 00:24 - WARNING - 2505189181 26184 2026-07-17T18:06:21.661108
18-07-2026 00:24 - WARNING - last_pkt_count, last_gps_count, last_pkt_Tstamp
18-07-2026 00:24 - WARNING - 2507071723 26213 2026-07-17T18:06:50.868899
18-07-2026 00:24 - WARNING - diff_pkt_count  , diff_gps_count ,  diff_pkt_timstamp
18-07-2026 00:24 - WARNING - 1882542 29 29207791 microseconds
18-07-2026 00:24 - WARNING - No packet loss: /data/dsp/GBD_TRANSIENT_BUFFER/J1921+2153/17_07_2026/PDR_GULP_data000.pcap_17_07_2026_23_37_1784311643.PCAP_PDR
18-07-2026 00:24 - WARNING - first_pkt_count, first_gps_count, first_pkt_Tstamp
18-07-2026 00:24 - WARNING - 2507071724 26213 2026-07-17T18:06:50.868991
18-07-2026 00:24 - WARNING - last_pkt_count, last_gps_count, last_pkt_Tstamp
18-07-2026 00:24 - WARNING - 2508954265 26243 2026-07-17T18:07:20.076820
18-07-2026 00:24 - WARNING - diff_pkt_count  , diff_gps_count ,  diff_pkt_timstamp
18-07-2026 00:24 - WARNING - 1882541 30 29207829 microseconds
18-07-2026 00:24 - WARNING - No packet loss: /data/dsp/GBD_TRANSIENT_BUFFER/J1921+2153/17_07_2026/PDR_GULP_data001.pcap_17_07_2026_23_37_1784311672.PCAP_PDR
18-07-2026 00:24 - WARNING - first_pkt_count, first_gps_count, first_pkt_Tstamp
18-07-2026 00:24 - WARNING - 2508954266 26243 2026-07-17T18:07:20.076821
18-07-2026 00:24 - WARNING - last_pkt_count, last_gps_count, last_pkt_Tstamp
18-07-2026 00:24 - WARNING - 2510836807 26272 2026-07-17T18:07:49.284700
18-07-2026 00:24 - WARNING - diff_pkt_count  , diff_gps_count ,  diff_pkt_timstamp
18-07-2026 00:24 - WARNING - 1882541 29 29207879 microseconds
18-07-2026 00:24 - WARNING - No packet loss: /data/dsp/GBD_TRANSIENT_BUFFER/J1921+2153/17_07_2026/PDR_GULP_data002.pcap_17_07_2026_23_38_1784311701.PCAP_PDR
18-07-2026 00:24 - WARNING - first_pkt_count, first_gps_count, first_pkt_Tstamp
18-07-2026 00:24 - WARNING - 2510836808 26272 2026-07-17T18:07:49.284700
18-07-2026 00:24 - WARNING - last_pkt_count, last_gps_count, last_pkt_Tstamp
18-07-2026 00:24 - WARNING - 2512719349 26301 2026-07-17T18:08:18.492577
18-07-2026 00:24 - WARNING - diff_pkt_count  , diff_gps_count ,  diff_pkt_timstamp
18-07-2026 00:24 - WARNING - 1882541 29 29207877 microseconds
18-07-2026 00:24 - WARNING - No packet loss: /data/dsp/GBD_TRANSIENT_BUFFER/J1921+2153/17_07_2026/PDR_GULP_data000.pcap_17_07_2026_23_38_1784311730.PCAP_PDR
18-07-2026 00:24 - WARNING - first_pkt_count, first_gps_count, first_pkt_Tstamp
18-07-2026 00:24 - WARNING - 2512719350 26301 2026-07-17T18:08:18.492577
18-07-2026 00:24 - WARNING - last_pkt_count, last_gps_count, last_pkt_Tstamp
18-07-2026 00:24 - WARNING - 2514601891 26330 2026-07-17T18:08:47.700407
18-07-2026 00:24 - WARNING - diff_pkt_count  , diff_gps_count ,  diff_pkt_timstamp
18-07-2026 00:24 - WARNING - 1882541 29 29207830 microseconds
18-07-2026 00:24 - WARNING - No packet loss: /data/dsp/GBD_TRANSIENT_BUFFER/J1921+2153/17_07_2026/PDR_GULP_data001.pcap_17_07_2026_23_39_1784311759.PCAP_PDR
18-07-2026 00:24 - WARNING - first_pkt_count, first_gps_count, first_pkt_Tstamp
18-07-2026 00:24 - WARNING - 2514601892 26330 2026-07-17T18:08:47.700407
18-07-2026 00:24 - WARNING - last_pkt_count, last_gps_count, last_pkt_Tstamp
18-07-2026 00:24 - WARNING - 2516484433 26359 2026-07-17T18:09:16.908282
18-07-2026 00:24 - WARNING - diff_pkt_count  , diff_gps_count ,  diff_pkt_timstamp
18-07-2026 00:24 - WARNING - 1882541 29 29207875 microseconds
18-07-2026 00:24 - WARNING - No packet loss: /data/dsp/GBD_TRANSIENT_BUFFER/J1921+2153/17_07_2026/PDR_GULP_data002.pcap_17_07_2026_23_39_1784311789.PCAP_PDR
18-07-2026 00:24 - WARNING - first_pkt_count, first_gps_count, first_pkt_Tstamp
18-07-2026 00:24 - WARNING - 2516484434 26359 2026-07-17T18:09:16.908283
18-07-2026 00:24 - WARNING - last_pkt_count, last_gps_count, last_pkt_Tstamp
18-07-2026 00:24 - WARNING - 2518366976 26389 2026-07-17T18:09:46.116158
18-07-2026 00:24 - WARNING - diff_pkt_count  , diff_gps_count ,  diff_pkt_timstamp
18-07-2026 00:24 - WARNING - 1882542 30 29207875 microseconds
18-07-2026 00:24 - WARNING - No packet loss: /data/dsp/GBD_TRANSIENT_BUFFER/J1921+2153/17_07_2026/PDR_GULP_data000.pcap_17_07_2026_23_40_1784311818.PCAP_PDR
18-07-2026 00:24 - WARNING - first_pkt_count, first_gps_count, first_pkt_Tstamp
18-07-2026 00:24 - WARNING - 2518366977 26389 2026-07-17T18:09:46.116211
18-07-2026 00:24 - WARNING - last_pkt_count, last_gps_count, last_pkt_Tstamp
18-07-2026 00:24 - WARNING - 2520249518 26418 2026-07-17T18:10:15.324052
18-07-2026 00:24 - WARNING - diff_pkt_count  , diff_gps_count ,  diff_pkt_timstamp
18-07-2026 00:24 - WARNING - 1882541 29 29207841 microseconds
18-07-2026 00:24 - WARNING - No packet loss: /data/dsp/GBD_TRANSIENT_BUFFER/J1921+2153/17_07_2026/PDR_GULP_data001.pcap_17_07_2026_23_40_1784311847.PCAP_PDR
18-07-2026 00:24 - WARNING - first_pkt_count, first_gps_count, first_pkt_Tstamp
18-07-2026 00:24 - WARNING - 2520249519 26418 2026-07-17T18:10:15.324052
18-07-2026 00:24 - WARNING - last_pkt_count, last_gps_count, last_pkt_Tstamp
18-07-2026 00:24 - WARNING - 2522132060 26447 2026-07-17T18:10:44.531931
18-07-2026 00:24 - WARNING - diff_pkt_count  , diff_gps_count ,  diff_pkt_timstamp
18-07-2026 00:24 - WARNING - 1882541 29 29207879 microseconds
18-07-2026 00:24 - WARNING - No packet loss: /data/dsp/GBD_TRANSIENT_BUFFER/J1921+2153/17_07_2026/PDR_GULP_data002.pcap_17_07_2026_23_41_1784311876.PCAP_PDR
18-07-2026 00:24 - WARNING - first_pkt_count, first_gps_count, first_pkt_Tstamp
18-07-2026 00:24 - WARNING - 2522132061 26447 2026-07-17T18:10:44.531932
18-07-2026 00:24 - WARNING - last_pkt_count, last_gps_count, last_pkt_Tstamp
18-07-2026 00:24 - WARNING - 2524014602 26476 2026-07-17T18:11:13.739796
18-07-2026 00:24 - WARNING - diff_pkt_count  , diff_gps_count ,  diff_pkt_timstamp
18-07-2026 00:24 - WARNING - 1882541 29 29207864 microseconds
18-07-2026 00:24 - WARNING - No packet loss: /data/dsp/GBD_TRANSIENT_BUFFER/J1921+2153/17_07_2026/PDR_GULP_data000.pcap_17_07_2026_23_41_1784311905.PCAP_PDR
18-07-2026 00:24 - WARNING - first_pkt_count, first_gps_count, first_pkt_Tstamp
18-07-2026 00:24 - WARNING - 2524014603 26476 2026-07-17T18:11:13.739796
18-07-2026 00:24 - WARNING - last_pkt_count, last_gps_count, last_pkt_Tstamp
18-07-2026 00:24 - WARNING - 2525897144 26505 2026-07-17T18:11:42.947686
18-07-2026 00:24 - WARNING - diff_pkt_count  , diff_gps_count ,  diff_pkt_timstamp
18-07-2026 00:24 - WARNING - 1882541 29 29207890 microseconds
18-07-2026 00:24 - WARNING - No packet loss: /data/dsp/GBD_TRANSIENT_BUFFER/J1921+2153/17_07_2026/PDR_GULP_data001.pcap_17_07_2026_23_42_1784311935.PCAP_PDR
18-07-2026 00:24 - WARNING - first_pkt_count, first_gps_count, first_pkt_Tstamp
18-07-2026 00:24 - WARNING - 2525897145 26505 2026-07-17T18:11:42.947686
18-07-2026 00:24 - WARNING - last_pkt_count, last_gps_count, last_pkt_Tstamp
18-07-2026 00:24 - WARNING - 2527779686 26535 2026-07-17T18:12:12.155570
18-07-2026 00:24 - WARNING - diff_pkt_count  , diff_gps_count ,  diff_pkt_timstamp
18-07-2026 00:24 - WARNING - 1882541 30 29207884 microseconds
18-07-2026 00:24 - WARNING - No packet loss: /data/dsp/GBD_TRANSIENT_BUFFER/J1921+2153/17_07_2026/PDR_GULP_data002.pcap_17_07_2026_23_42_1784311964.PCAP_PDR
18-07-2026 00:24 - WARNING - first_pkt_count, first_gps_count, first_pkt_Tstamp
18-07-2026 00:24 - WARNING - 2527779687 26535 2026-07-17T18:12:12.155570
18-07-2026 00:24 - WARNING - last_pkt_count, last_gps_count, last_pkt_Tstamp
18-07-2026 00:24 - WARNING - 2529662229 26564 2026-07-17T18:12:41.363412
18-07-2026 00:24 - WARNING - diff_pkt_count  , diff_gps_count ,  diff_pkt_timstamp
18-07-2026 00:24 - WARNING - 1882542 29 29207842 microseconds
18-07-2026 00:24 - WARNING - No packet loss: /data/dsp/GBD_TRANSIENT_BUFFER/J1921+2153/17_07_2026/PDR_GULP_data000.pcap_17_07_2026_23_43_1784311993.PCAP_PDR
18-07-2026 00:24 - WARNING - first_pkt_count, first_gps_count, first_pkt_Tstamp
18-07-2026 00:24 - WARNING - 2529662230 26564 2026-07-17T18:12:41.363465
18-07-2026 00:24 - WARNING - last_pkt_count, last_gps_count, last_pkt_Tstamp
18-07-2026 00:24 - WARNING - 2531544771 26593 2026-07-17T18:13:10.571334
18-07-2026 00:24 - WARNING - diff_pkt_count  , diff_gps_count ,  diff_pkt_timstamp
18-07-2026 00:24 - WARNING - 1882541 29 29207869 microseconds
18-07-2026 00:24 - WARNING - No packet loss: /data/dsp/GBD_TRANSIENT_BUFFER/J1921+2153/17_07_2026/PDR_GULP_data001.pcap_17_07_2026_23_43_1784312022.PCAP_PDR
18-07-2026 00:24 - WARNING - first_pkt_count, first_gps_count, first_pkt_Tstamp
18-07-2026 00:24 - WARNING - 2531544772 26593 2026-07-17T18:13:10.571334
18-07-2026 00:24 - WARNING - last_pkt_count, last_gps_count, last_pkt_Tstamp
18-07-2026 00:24 - WARNING - 2533427313 26622 2026-07-17T18:13:39.779168
18-07-2026 00:24 - WARNING - diff_pkt_count  , diff_gps_count ,  diff_pkt_timstamp
18-07-2026 00:24 - WARNING - 1882541 29 29207834 microseconds
18-07-2026 00:24 - WARNING - No packet loss: /data/dsp/GBD_TRANSIENT_BUFFER/J1921+2153/17_07_2026/PDR_GULP_data002.pcap_17_07_2026_23_44_1784312051.PCAP_PDR
18-07-2026 00:24 - WARNING - first_pkt_count, first_gps_count, first_pkt_Tstamp
18-07-2026 00:24 - WARNING - 2533427314 26622 2026-07-17T18:13:39.779222
18-07-2026 00:24 - WARNING - last_pkt_count, last_gps_count, last_pkt_Tstamp
18-07-2026 00:24 - WARNING - 2535309855 26651 2026-07-17T18:14:08.987083
18-07-2026 00:24 - WARNING - diff_pkt_count  , diff_gps_count ,  diff_pkt_timstamp
18-07-2026 00:24 - WARNING - 1882541 29 29207861 microseconds
18-07-2026 00:24 - WARNING - No packet loss: /data/dsp/GBD_TRANSIENT_BUFFER/J1921+2153/17_07_2026/PDR_GULP_data000.pcap_17_07_2026_23_44_1784312081.PCAP_PDR
18-07-2026 00:24 - WARNING - first_pkt_count, first_gps_count, first_pkt_Tstamp
18-07-2026 00:24 - WARNING - 2535309856 26651 2026-07-17T18:14:08.987083
18-07-2026 00:24 - WARNING - last_pkt_count, last_gps_count, last_pkt_Tstamp
18-07-2026 00:24 - WARNING - 2537192397 26681 2026-07-17T18:14:38.194964
18-07-2026 00:24 - WARNING - diff_pkt_count  , diff_gps_count ,  diff_pkt_timstamp
18-07-2026 00:24 - WARNING - 1882541 30 29207881 microseconds
18-07-2026 00:24 - WARNING - No packet loss: /data/dsp/GBD_TRANSIENT_BUFFER/J1921+2153/17_07_2026/PDR_GULP_data001.pcap_17_07_2026_23_45_1784312110.PCAP_PDR
18-07-2026 00:24 - WARNING - first_pkt_count, first_gps_count, first_pkt_Tstamp
18-07-2026 00:24 - WARNING - 2537192398 26681 2026-07-17T18:14:38.194964
18-07-2026 00:24 - WARNING - last_pkt_count, last_gps_count, last_pkt_Tstamp
18-07-2026 00:24 - WARNING - 2539074939 26710 2026-07-17T18:15:07.402795
18-07-2026 00:24 - WARNING - diff_pkt_count  , diff_gps_count ,  diff_pkt_timstamp
18-07-2026 00:24 - WARNING - 1882541 29 29207831 microseconds
18-07-2026 00:24 - WARNING - No packet loss: /data/dsp/GBD_TRANSIENT_BUFFER/J1921+2153/17_07_2026/PDR_GULP_data002.pcap_17_07_2026_23_45_1784312139.PCAP_PDR
18-07-2026 00:24 - WARNING - first_pkt_count, first_gps_count, first_pkt_Tstamp
18-07-2026 00:24 - WARNING - 2539074940 26710 2026-07-17T18:15:07.402847
18-07-2026 00:24 - WARNING - last_pkt_count, last_gps_count, last_pkt_Tstamp
18-07-2026 00:24 - WARNING - 2540957482 26739 2026-07-17T18:15:36.610714
18-07-2026 00:24 - WARNING - diff_pkt_count  , diff_gps_count ,  diff_pkt_timstamp
18-07-2026 00:24 - WARNING - 1882542 29 29207867 microseconds
18-07-2026 00:24 - WARNING - No packet loss: /data/dsp/GBD_TRANSIENT_BUFFER/J1921+2153/17_07_2026/PDR_GULP_data000.pcap_17_07_2026_23_46_1784312168.PCAP_PDR
18-07-2026 00:24 - WARNING - first_pkt_count, first_gps_count, first_pkt_Tstamp
18-07-2026 00:24 - WARNING - 2540957483 26739 2026-07-17T18:15:36.610715
18-07-2026 00:24 - WARNING - last_pkt_count, last_gps_count, last_pkt_Tstamp
18-07-2026 00:24 - WARNING - 2542840024 26768 2026-07-17T18:16:05.818564
18-07-2026 00:24 - WARNING - diff_pkt_count  , diff_gps_count ,  diff_pkt_timstamp
18-07-2026 00:24 - WARNING - 1882541 29 29207849 microseconds
18-07-2026 00:24 - WARNING - No packet loss: /data/dsp/GBD_TRANSIENT_BUFFER/J1921+2153/17_07_2026/PDR_GULP_data001.pcap_17_07_2026_23_46_1784312198.PCAP_PDR
18-07-2026 00:24 - WARNING - first_pkt_count, first_gps_count, first_pkt_Tstamp
18-07-2026 00:24 - WARNING - 2542840025 26768 2026-07-17T18:16:05.818618
18-07-2026 00:24 - WARNING - last_pkt_count, last_gps_count, last_pkt_Tstamp
18-07-2026 00:24 - WARNING - 2544722566 26798 2026-07-17T18:16:35.026461
18-07-2026 00:24 - WARNING - diff_pkt_count  , diff_gps_count ,  diff_pkt_timstamp
18-07-2026 00:24 - WARNING - 1882541 30 29207843 microseconds
18-07-2026 00:24 - WARNING - No packet loss: /data/dsp/GBD_TRANSIENT_BUFFER/J1921+2153/17_07_2026/PDR_GULP_data002.pcap_17_07_2026_23_47_1784312227.PCAP_PDR
18-07-2026 00:24 - WARNING - first_pkt_count, first_gps_count, first_pkt_Tstamp
18-07-2026 00:24 - WARNING - 2544722567 26798 2026-07-17T18:16:35.026461
18-07-2026 00:24 - WARNING - last_pkt_count, last_gps_count, last_pkt_Tstamp
18-07-2026 00:24 - WARNING - 2546605108 26827 2026-07-17T18:17:04.234380
18-07-2026 00:24 - WARNING - diff_pkt_count  , diff_gps_count ,  diff_pkt_timstamp
18-07-2026 00:24 - WARNING - 1882541 29 29207919 microseconds
18-07-2026 00:24 - WARNING - No packet loss: /data/dsp/GBD_TRANSIENT_BUFFER/J1921+2153/17_07_2026/PDR_GULP_data000.pcap_17_07_2026_23_47_1784312256.PCAP_PDR
18-07-2026 00:24 - WARNING - first_pkt_count, first_gps_count, first_pkt_Tstamp
18-07-2026 00:24 - WARNING - 2546605109 26827 2026-07-17T18:17:04.234381
18-07-2026 00:24 - WARNING - last_pkt_count, last_gps_count, last_pkt_Tstamp
18-07-2026 00:24 - WARNING - 2548487650 26856 2026-07-17T18:17:33.442213
18-07-2026 00:24 - WARNING - diff_pkt_count  , diff_gps_count ,  diff_pkt_timstamp
18-07-2026 00:24 - WARNING - 1882541 29 29207832 microseconds
18-07-2026 00:24 - WARNING - No packet loss: /data/dsp/GBD_TRANSIENT_BUFFER/J1921+2153/17_07_2026/PDR_GULP_data001.pcap_17_07_2026_23_48_1784312285.PCAP_PDR
18-07-2026 00:24 - WARNING - first_pkt_count, first_gps_count, first_pkt_Tstamp
18-07-2026 00:24 - WARNING - 2548487651 26856 2026-07-17T18:17:33.442214
18-07-2026 00:24 - WARNING - last_pkt_count, last_gps_count, last_pkt_Tstamp
18-07-2026 00:24 - WARNING - 2550370192 26885 2026-07-17T18:18:02.650100
18-07-2026 00:24 - WARNING - diff_pkt_count  , diff_gps_count ,  diff_pkt_timstamp
18-07-2026 00:24 - WARNING - 1882541 29 29207886 microseconds
18-07-2026 00:24 - WARNING - No packet loss: /data/dsp/GBD_TRANSIENT_BUFFER/J1921+2153/17_07_2026/PDR_GULP_data002.pcap_17_07_2026_23_48_1784312314.PCAP_PDR
18-07-2026 00:24 - WARNING - first_pkt_count, first_gps_count, first_pkt_Tstamp
18-07-2026 00:24 - WARNING - 2550370193 26885 2026-07-17T18:18:02.650101
18-07-2026 00:24 - WARNING - last_pkt_count, last_gps_count, last_pkt_Tstamp
18-07-2026 00:24 - WARNING - 2552252735 26914 2026-07-17T18:18:31.857949
18-07-2026 00:24 - WARNING - diff_pkt_count  , diff_gps_count ,  diff_pkt_timstamp
18-07-2026 00:24 - WARNING - 1882542 29 29207848 microseconds
18-07-2026 00:24 - WARNING - No packet loss: /data/dsp/GBD_TRANSIENT_BUFFER/J1921+2153/17_07_2026/PDR_GULP_data000.pcap_17_07_2026_23_49_1784312344.PCAP_PDR
18-07-2026 00:24 - WARNING - first_pkt_count, first_gps_count, first_pkt_Tstamp
18-07-2026 00:24 - WARNING - 2552252736 26914 2026-07-17T18:18:31.858017
18-07-2026 00:24 - WARNING - last_pkt_count, last_gps_count, last_pkt_Tstamp
18-07-2026 00:24 - WARNING - 2554135277 26944 2026-07-17T18:19:01.065881
18-07-2026 00:24 - WARNING - diff_pkt_count  , diff_gps_count ,  diff_pkt_timstamp
18-07-2026 00:24 - WARNING - 1882541 30 29207864 microseconds
18-07-2026 00:24 - WARNING - No packet loss: /data/dsp/GBD_TRANSIENT_BUFFER/J1921+2153/17_07_2026/PDR_GULP_data001.pcap_17_07_2026_23_49_1784312373.PCAP_PDR
18-07-2026 00:24 - WARNING - first_pkt_count, first_gps_count, first_pkt_Tstamp
18-07-2026 00:24 - WARNING - 2554135278 26944 2026-07-17T18:19:01.065881
18-07-2026 00:24 - WARNING - last_pkt_count, last_gps_count, last_pkt_Tstamp
18-07-2026 00:24 - WARNING - 2556017819 26973 2026-07-17T18:19:30.273782
18-07-2026 00:24 - WARNING - diff_pkt_count  , diff_gps_count ,  diff_pkt_timstamp
18-07-2026 00:24 - WARNING - 1882541 29 29207901 microseconds
18-07-2026 00:24 - WARNING - No packet loss: /data/dsp/GBD_TRANSIENT_BUFFER/J1921+2153/17_07_2026/PDR_GULP_data002.pcap_17_07_2026_23_50_1784312402.PCAP_PDR
18-07-2026 00:24 - WARNING - first_pkt_count, first_gps_count, first_pkt_Tstamp
18-07-2026 00:24 - WARNING - 2556017820 26973 2026-07-17T18:19:30.273782
18-07-2026 00:24 - WARNING - last_pkt_count, last_gps_count, last_pkt_Tstamp
18-07-2026 00:24 - WARNING - 2557900361 27002 2026-07-17T18:19:59.481727
18-07-2026 00:24 - WARNING - diff_pkt_count  , diff_gps_count ,  diff_pkt_timstamp
18-07-2026 00:24 - WARNING - 1882541 29 29207945 microseconds
18-07-2026 00:24 - WARNING - No packet loss: /data/dsp/GBD_TRANSIENT_BUFFER/J1921+2153/17_07_2026/PDR_GULP_data000.pcap_17_07_2026_23_50_1784312431.PCAP_PDR
18-07-2026 00:24 - WARNING - first_pkt_count, first_gps_count, first_pkt_Tstamp
18-07-2026 00:24 - WARNING - 2557900362 27002 2026-07-17T18:19:59.481728
18-07-2026 00:24 - WARNING - last_pkt_count, last_gps_count, last_pkt_Tstamp
18-07-2026 00:24 - WARNING - 2559782903 27031 2026-07-17T18:20:28.689644
18-07-2026 00:24 - WARNING - diff_pkt_count  , diff_gps_count ,  diff_pkt_timstamp
18-07-2026 00:24 - WARNING - 1882541 29 29207916 microseconds
18-07-2026 00:24 - WARNING - No packet loss: /data/dsp/GBD_TRANSIENT_BUFFER/J1921+2153/17_07_2026/PDR_GULP_data001.pcap_17_07_2026_23_51_1784312460.PCAP_PDR
18-07-2026 00:24 - WARNING - first_pkt_count, first_gps_count, first_pkt_Tstamp
18-07-2026 00:24 - WARNING - 2559782904 27031 2026-07-17T18:20:28.689645
18-07-2026 00:24 - WARNING - last_pkt_count, last_gps_count, last_pkt_Tstamp
18-07-2026 00:24 - WARNING - 2561665445 27060 2026-07-17T18:20:57.897567
18-07-2026 00:24 - WARNING - diff_pkt_count  , diff_gps_count ,  diff_pkt_timstamp
18-07-2026 00:24 - WARNING - 1882541 29 29207922 microseconds
18-07-2026 00:24 - WARNING - No packet loss: /data/dsp/GBD_TRANSIENT_BUFFER/J1921+2153/17_07_2026/PDR_GULP_data002.pcap_17_07_2026_23_51_1784312490.PCAP_PDR
18-07-2026 00:24 - WARNING - first_pkt_count, first_gps_count, first_pkt_Tstamp
18-07-2026 00:24 - WARNING - 2561665446 27060 2026-07-17T18:20:57.897567
18-07-2026 00:24 - WARNING - last_pkt_count, last_gps_count, last_pkt_Tstamp
18-07-2026 00:24 - WARNING - 2563547988 27090 2026-07-17T18:21:27.105499
18-07-2026 00:24 - WARNING - diff_pkt_count  , diff_gps_count ,  diff_pkt_timstamp
18-07-2026 00:24 - WARNING - 1882542 30 29207932 microseconds
18-07-2026 00:24 - WARNING - No packet loss: /data/dsp/GBD_TRANSIENT_BUFFER/J1921+2153/17_07_2026/PDR_GULP_data000.pcap_17_07_2026_23_51_1784312519.PCAP_PDR
18-07-2026 00:24 - WARNING - first_pkt_count, first_gps_count, first_pkt_Tstamp
18-07-2026 00:24 - WARNING - 2563547989 27090 2026-07-17T18:21:27.105499
18-07-2026 00:24 - WARNING - last_pkt_count, last_gps_count, last_pkt_Tstamp
18-07-2026 00:24 - WARNING - 2565430530 27119 2026-07-17T18:21:56.313402
18-07-2026 00:24 - WARNING - diff_pkt_count  , diff_gps_count ,  diff_pkt_timstamp
18-07-2026 00:24 - WARNING - 1882541 29 29207903 microseconds
18-07-2026 00:24 - WARNING - No packet loss: /data/dsp/GBD_TRANSIENT_BUFFER/J1921+2153/17_07_2026/PDR_GULP_data001.pcap_17_07_2026_23_52_1784312548.PCAP_PDR
18-07-2026 00:24 - WARNING - first_pkt_count, first_gps_count, first_pkt_Tstamp
18-07-2026 00:24 - WARNING - 2565430531 27119 2026-07-17T18:21:56.313402
18-07-2026 00:24 - WARNING - last_pkt_count, last_gps_count, last_pkt_Tstamp
18-07-2026 00:24 - WARNING - 2567313072 27148 2026-07-17T18:22:25.521307
18-07-2026 00:24 - WARNING - diff_pkt_count  , diff_gps_count ,  diff_pkt_timstamp
18-07-2026 00:24 - WARNING - 1882541 29 29207905 microseconds
18-07-2026 00:24 - WARNING - No packet loss: /data/dsp/GBD_TRANSIENT_BUFFER/J1921+2153/17_07_2026/PDR_GULP_data002.pcap_17_07_2026_23_52_1784312577.PCAP_PDR
18-07-2026 00:24 - WARNING - first_pkt_count, first_gps_count, first_pkt_Tstamp
18-07-2026 00:24 - WARNING - 2567313073 27148 2026-07-17T18:22:25.521307
18-07-2026 00:24 - WARNING - last_pkt_count, last_gps_count, last_pkt_Tstamp
18-07-2026 00:24 - WARNING - 2569195614 27177 2026-07-17T18:22:54.729190
18-07-2026 00:24 - WARNING - diff_pkt_count  , diff_gps_count ,  diff_pkt_timstamp
18-07-2026 00:24 - WARNING - 1882541 29 29207883 microseconds
18-07-2026 00:24 - WARNING - No packet loss: /data/dsp/GBD_TRANSIENT_BUFFER/J1921+2153/17_07_2026/PDR_GULP_data000.pcap_17_07_2026_23_53_1784312606.PCAP_PDR
18-07-2026 00:24 - WARNING - first_pkt_count, first_gps_count, first_pkt_Tstamp
18-07-2026 00:24 - WARNING - 2569195615 27177 2026-07-17T18:22:54.729243
18-07-2026 00:24 - WARNING - last_pkt_count, last_gps_count, last_pkt_Tstamp
18-07-2026 00:24 - WARNING - 2571078156 27206 2026-07-17T18:23:23.937121
18-07-2026 00:24 - WARNING - diff_pkt_count  , diff_gps_count ,  diff_pkt_timstamp
18-07-2026 00:24 - WARNING - 1882541 29 29207878 microseconds
18-07-2026 00:24 - WARNING - No packet loss: /data/dsp/GBD_TRANSIENT_BUFFER/J1921+2153/17_07_2026/PDR_GULP_data001.pcap_17_07_2026_23_53_1784312636.PCAP_PDR
18-07-2026 00:24 - WARNING - first_pkt_count, first_gps_count, first_pkt_Tstamp
18-07-2026 00:24 - WARNING - 2571078157 27206 2026-07-17T18:23:23.937121
18-07-2026 00:24 - WARNING - last_pkt_count, last_gps_count, last_pkt_Tstamp
18-07-2026 00:24 - WARNING - 2572960698 27236 2026-07-17T18:23:53.145012
18-07-2026 00:24 - WARNING - diff_pkt_count  , diff_gps_count ,  diff_pkt_timstamp
18-07-2026 00:24 - WARNING - 1882541 30 29207891 microseconds
18-07-2026 00:24 - WARNING - No packet loss: /data/dsp/GBD_TRANSIENT_BUFFER/J1921+2153/17_07_2026/PDR_GULP_data002.pcap_17_07_2026_23_54_1784312665.PCAP_PDR
18-07-2026 00:24 - WARNING - first_pkt_count, first_gps_count, first_pkt_Tstamp
18-07-2026 00:24 - WARNING - 2572960699 27236 2026-07-17T18:23:53.145012
18-07-2026 00:24 - WARNING - last_pkt_count, last_gps_count, last_pkt_Tstamp
18-07-2026 00:24 - WARNING - 2574843241 27265 2026-07-17T18:24:22.352930
18-07-2026 00:24 - WARNING - diff_pkt_count  , diff_gps_count ,  diff_pkt_timstamp
18-07-2026 00:24 - WARNING - 1882542 29 29207918 microseconds
18-07-2026 00:24 - WARNING - No packet loss: /data/dsp/GBD_TRANSIENT_BUFFER/J1921+2153/17_07_2026/PDR_GULP_data000.pcap_17_07_2026_23_54_1784312694.PCAP_PDR
18-07-2026 00:24 - WARNING - first_pkt_count, first_gps_count, first_pkt_Tstamp
18-07-2026 00:24 - WARNING - 2574843242 27265 2026-07-17T18:24:22.352984
18-07-2026 00:24 - WARNING - last_pkt_count, last_gps_count, last_pkt_Tstamp
18-07-2026 00:24 - WARNING - 2576725783 27294 2026-07-17T18:24:51.560842
18-07-2026 00:24 - WARNING - diff_pkt_count  , diff_gps_count ,  diff_pkt_timstamp
18-07-2026 00:24 - WARNING - 1882541 29 29207858 microseconds
18-07-2026 00:24 - WARNING - No packet loss: /data/dsp/GBD_TRANSIENT_BUFFER/J1921+2153/17_07_2026/PDR_GULP_data001.pcap_17_07_2026_23_55_1784312723.PCAP_PDR
18-07-2026 00:24 - WARNING - first_pkt_count, first_gps_count, first_pkt_Tstamp
18-07-2026 00:24 - WARNING - 2576725784 27294 2026-07-17T18:24:51.560842
18-07-2026 00:24 - WARNING - last_pkt_count, last_gps_count, last_pkt_Tstamp
18-07-2026 00:24 - WARNING - 2578608325 27323 2026-07-17T18:25:20.768802
18-07-2026 00:24 - WARNING - diff_pkt_count  , diff_gps_count ,  diff_pkt_timstamp
18-07-2026 00:24 - WARNING - 1882541 29 29207960 microseconds
18-07-2026 00:24 - WARNING - No packet loss: /data/dsp/GBD_TRANSIENT_BUFFER/J1921+2153/17_07_2026/PDR_GULP_data002.pcap_17_07_2026_23_55_1784312752.PCAP_PDR
18-07-2026 00:24 - WARNING - first_pkt_count, first_gps_count, first_pkt_Tstamp
18-07-2026 00:24 - WARNING - 2578608326 27323 2026-07-17T18:25:20.768803
18-07-2026 00:24 - WARNING - last_pkt_count, last_gps_count, last_pkt_Tstamp
18-07-2026 00:24 - WARNING - 2580490867 27352 2026-07-17T18:25:49.976653
18-07-2026 00:24 - WARNING - diff_pkt_count  , diff_gps_count ,  diff_pkt_timstamp
18-07-2026 00:24 - WARNING - 1882541 29 29207850 microseconds
18-07-2026 00:24 - WARNING - No packet loss: /data/dsp/GBD_TRANSIENT_BUFFER/J1921+2153/17_07_2026/PDR_GULP_data000.pcap_17_07_2026_23_56_1784312782.PCAP_PDR
18-07-2026 00:24 - WARNING - first_pkt_count, first_gps_count, first_pkt_Tstamp
18-07-2026 00:24 - WARNING - 2580490868 27352 2026-07-17T18:25:49.976653
18-07-2026 00:24 - WARNING - last_pkt_count, last_gps_count, last_pkt_Tstamp
18-07-2026 00:24 - WARNING - 2582373409 27382 2026-07-17T18:26:19.184598
18-07-2026 00:24 - WARNING - diff_pkt_count  , diff_gps_count ,  diff_pkt_timstamp
18-07-2026 00:24 - WARNING - 1882541 30 29207945 microseconds
18-07-2026 00:24 - WARNING - No packet loss: /data/dsp/GBD_TRANSIENT_BUFFER/J1921+2153/17_07_2026/PDR_GULP_data001.pcap_17_07_2026_23_56_1784312811.PCAP_PDR
18-07-2026 00:24 - WARNING - first_pkt_count, first_gps_count, first_pkt_Tstamp
18-07-2026 00:24 - WARNING - 2582373410 27382 2026-07-17T18:26:19.184598
18-07-2026 00:24 - WARNING - last_pkt_count, last_gps_count, last_pkt_Tstamp
18-07-2026 00:24 - WARNING - 2584255951 27411 2026-07-17T18:26:48.392437
18-07-2026 00:24 - WARNING - diff_pkt_count  , diff_gps_count ,  diff_pkt_timstamp
18-07-2026 00:24 - WARNING - 1882541 29 29207839 microseconds
18-07-2026 00:24 - WARNING - No packet loss: /data/dsp/GBD_TRANSIENT_BUFFER/J1921+2153/17_07_2026/PDR_GULP_data002.pcap_17_07_2026_23_57_1784312840.PCAP_PDR
18-07-2026 00:24 - WARNING - first_pkt_count, first_gps_count, first_pkt_Tstamp
18-07-2026 00:24 - WARNING - 2584255952 27411 2026-07-17T18:26:48.392490
18-07-2026 00:24 - WARNING - last_pkt_count, last_gps_count, last_pkt_Tstamp
18-07-2026 00:24 - WARNING - 2586138494 27440 2026-07-17T18:27:17.600356
18-07-2026 00:24 - WARNING - diff_pkt_count  , diff_gps_count ,  diff_pkt_timstamp
18-07-2026 00:24 - WARNING - 1882542 29 29207866 microseconds
18-07-2026 00:24 - WARNING - No packet loss: /data/dsp/GBD_TRANSIENT_BUFFER/J1921+2153/17_07_2026/PDR_GULP_data000.pcap_17_07_2026_23_57_1784312869.PCAP_PDR
18-07-2026 00:24 - WARNING - first_pkt_count, first_gps_count, first_pkt_Tstamp
18-07-2026 00:24 - WARNING - 2586138495 27440 2026-07-17T18:27:17.600408
18-07-2026 00:24 - WARNING - last_pkt_count, last_gps_count, last_pkt_Tstamp
18-07-2026 00:24 - WARNING - 2588021036 27469 2026-07-17T18:27:46.808308
18-07-2026 00:24 - WARNING - diff_pkt_count  , diff_gps_count ,  diff_pkt_timstamp
18-07-2026 00:24 - WARNING - 1882541 29 29207900 microseconds
18-07-2026 00:24 - WARNING - No packet loss: /data/dsp/GBD_TRANSIENT_BUFFER/J1921+2153/17_07_2026/PDR_GULP_data001.pcap_17_07_2026_23_58_1784312899.PCAP_PDR
18-07-2026 00:24 - WARNING - first_pkt_count, first_gps_count, first_pkt_Tstamp
18-07-2026 00:24 - WARNING - 2588021037 27469 2026-07-17T18:27:46.808308
18-07-2026 00:24 - WARNING - last_pkt_count, last_gps_count, last_pkt_Tstamp
18-07-2026 00:24 - WARNING - 2589903578 27499 2026-07-17T18:28:16.016183
18-07-2026 00:24 - WARNING - diff_pkt_count  , diff_gps_count ,  diff_pkt_timstamp
18-07-2026 00:24 - WARNING - 1882541 30 29207875 microseconds
18-07-2026 00:24 - WARNING - No packet loss: /data/dsp/GBD_TRANSIENT_BUFFER/J1921+2153/17_07_2026/PDR_GULP_data002.pcap_17_07_2026_23_58_1784312928.PCAP_PDR
18-07-2026 00:24 - WARNING - first_pkt_count, first_gps_count, first_pkt_Tstamp
18-07-2026 00:24 - WARNING - 2589903579 27499 2026-07-17T18:28:16.016183
18-07-2026 00:24 - WARNING - last_pkt_count, last_gps_count, last_pkt_Tstamp
18-07-2026 00:24 - WARNING - 2591786120 27528 2026-07-17T18:28:45.224102
18-07-2026 00:24 - WARNING - diff_pkt_count  , diff_gps_count ,  diff_pkt_timstamp
18-07-2026 00:24 - WARNING - 1882541 29 29207919 microseconds
18-07-2026 00:24 - WARNING - No packet loss: /data/dsp/GBD_TRANSIENT_BUFFER/J1921+2153/17_07_2026/PDR_GULP_data000.pcap_17_07_2026_23_59_1784312957.PCAP_PDR
18-07-2026 00:24 - WARNING - first_pkt_count, first_gps_count, first_pkt_Tstamp
18-07-2026 00:24 - WARNING - 2591786121 27528 2026-07-17T18:28:45.224102
18-07-2026 00:24 - WARNING - last_pkt_count, last_gps_count, last_pkt_Tstamp
18-07-2026 00:24 - WARNING - 2593668662 27557 2026-07-17T18:29:14.432027
18-07-2026 00:24 - WARNING - diff_pkt_count  , diff_gps_count ,  diff_pkt_timstamp
18-07-2026 00:24 - WARNING - 1882541 29 29207925 microseconds
18-07-2026 00:24 - WARNING - No packet loss: /data/dsp/GBD_TRANSIENT_BUFFER/J1921+2153/17_07_2026/PDR_GULP_data001.pcap_17_07_2026_23_59_1784312986.PCAP_PDR
18-07-2026 00:24 - WARNING - first_pkt_count, first_gps_count, first_pkt_Tstamp
18-07-2026 00:24 - WARNING - 2593668663 27557 2026-07-17T18:29:14.432027
18-07-2026 00:24 - WARNING - last_pkt_count, last_gps_count, last_pkt_Tstamp
18-07-2026 00:24 - WARNING - 2595551204 27586 2026-07-17T18:29:43.639895
18-07-2026 00:24 - WARNING - diff_pkt_count  , diff_gps_count ,  diff_pkt_timstamp
18-07-2026 00:24 - WARNING - 1882541 29 29207868 microseconds
18-07-2026 00:24 - WARNING - No packet loss: /data/dsp/GBD_TRANSIENT_BUFFER/J1921+2153/17_07_2026/PDR_GULP_data002.pcap_18_07_2026_00_00_1784313015.PCAP_PDR
18-07-2026 00:24 - WARNING - first_pkt_count, first_gps_count, first_pkt_Tstamp
18-07-2026 00:24 - WARNING - 2595551205 27586 2026-07-17T18:29:43.639895
18-07-2026 00:24 - WARNING - last_pkt_count, last_gps_count, last_pkt_Tstamp
18-07-2026 00:24 - WARNING - 2597433747 27615 2026-07-17T18:30:12.847800
18-07-2026 00:24 - WARNING - diff_pkt_count  , diff_gps_count ,  diff_pkt_timstamp
18-07-2026 00:24 - WARNING - 1882542 29 29207905 microseconds
18-07-2026 00:24 - WARNING - No packet loss: /data/dsp/GBD_TRANSIENT_BUFFER/J1921+2153/17_07_2026/PDR_GULP_data000.pcap_18_07_2026_00_00_1784313045.PCAP_PDR
18-07-2026 00:24 - WARNING - first_pkt_count, first_gps_count, first_pkt_Tstamp
18-07-2026 00:24 - WARNING - 2597433748 27615 2026-07-17T18:30:12.847854
18-07-2026 00:24 - WARNING - last_pkt_count, last_gps_count, last_pkt_Tstamp
18-07-2026 00:24 - WARNING - 2599316289 27645 2026-07-17T18:30:42.055737
18-07-2026 00:24 - WARNING - diff_pkt_count  , diff_gps_count ,  diff_pkt_timstamp
18-07-2026 00:24 - WARNING - 1882541 30 29207883 microseconds
18-07-2026 00:24 - WARNING - No packet loss: /data/dsp/GBD_TRANSIENT_BUFFER/J1921+2153/17_07_2026/PDR_GULP_data001.pcap_18_07_2026_00_01_1784313074.PCAP_PDR
18-07-2026 00:24 - WARNING - first_pkt_count, first_gps_count, first_pkt_Tstamp
18-07-2026 00:24 - WARNING - 2599316290 27645 2026-07-17T18:30:42.055738
18-07-2026 00:24 - WARNING - last_pkt_count, last_gps_count, last_pkt_Tstamp
18-07-2026 00:24 - WARNING - 2601198831 27674 2026-07-17T18:31:11.263661
18-07-2026 00:24 - WARNING - diff_pkt_count  , diff_gps_count ,  diff_pkt_timstamp
18-07-2026 00:24 - WARNING - 1882541 29 29207923 microseconds
18-07-2026 00:24 - WARNING - No packet loss: /data/dsp/GBD_TRANSIENT_BUFFER/J1921+2153/17_07_2026/PDR_GULP_data002.pcap_18_07_2026_00_01_1784313103.PCAP_PDR
18-07-2026 00:24 - WARNING - first_pkt_count, first_gps_count, first_pkt_Tstamp
18-07-2026 00:24 - WARNING - 2601198832 27674 2026-07-17T18:31:11.263661
18-07-2026 00:24 - WARNING - last_pkt_count, last_gps_count, last_pkt_Tstamp
18-07-2026 00:24 - WARNING - 2603081373 27703 2026-07-17T18:31:40.471489
18-07-2026 00:24 - WARNING - diff_pkt_count  , diff_gps_count ,  diff_pkt_timstamp
18-07-2026 00:24 - WARNING - 1882541 29 29207828 microseconds
18-07-2026 00:24 - WARNING - No packet loss: /data/dsp/GBD_TRANSIENT_BUFFER/J1921+2153/17_07_2026/PDR_GULP_data000.pcap_18_07_2026_00_02_1784313132.PCAP_PDR
18-07-2026 00:24 - WARNING - first_pkt_count, first_gps_count, first_pkt_Tstamp
18-07-2026 00:24 - WARNING - 2603081374 27703 2026-07-17T18:31:40.471542
18-07-2026 00:24 - WARNING - last_pkt_count, last_gps_count, last_pkt_Tstamp
18-07-2026 00:24 - WARNING - 2604963915 27732 2026-07-17T18:32:09.679401
18-07-2026 00:24 - WARNING - diff_pkt_count  , diff_gps_count ,  diff_pkt_timstamp
18-07-2026 00:24 - WARNING - 1882541 29 29207859 microseconds
18-07-2026 00:24 - WARNING - No packet loss: /data/dsp/GBD_TRANSIENT_BUFFER/J1921+2153/17_07_2026/PDR_GULP_data001.pcap_18_07_2026_00_02_1784313161.PCAP_PDR
18-07-2026 00:24 - WARNING - first_pkt_count, first_gps_count, first_pkt_Tstamp
18-07-2026 00:24 - WARNING - 2604963916 27732 2026-07-17T18:32:09.679454
18-07-2026 00:24 - WARNING - last_pkt_count, last_gps_count, last_pkt_Tstamp
18-07-2026 00:24 - WARNING - 2606846457 27761 2026-07-17T18:32:38.887276
18-07-2026 00:24 - WARNING - diff_pkt_count  , diff_gps_count ,  diff_pkt_timstamp
18-07-2026 00:24 - WARNING - 1882541 29 29207822 microseconds
18-07-2026 00:24 - WARNING - No packet loss: /data/dsp/GBD_TRANSIENT_BUFFER/J1921+2153/17_07_2026/PDR_GULP_data002.pcap_18_07_2026_00_03_1784313191.PCAP_PDR
18-07-2026 00:24 - WARNING - first_pkt_count, first_gps_count, first_pkt_Tstamp
18-07-2026 00:24 - WARNING - 2606846458 27761 2026-07-17T18:32:38.887329
18-07-2026 00:24 - WARNING - last_pkt_count, last_gps_count, last_pkt_Tstamp
18-07-2026 00:24 - WARNING - 2608729000 27791 2026-07-17T18:33:08.095219
18-07-2026 00:24 - WARNING - diff_pkt_count  , diff_gps_count ,  diff_pkt_timstamp
18-07-2026 00:24 - WARNING - 1882542 30 29207890 microseconds
18-07-2026 00:24 - WARNING - No packet loss: /data/dsp/GBD_TRANSIENT_BUFFER/J1921+2153/17_07_2026/PDR_GULP_data000.pcap_18_07_2026_00_03_1784313220.PCAP_PDR
18-07-2026 00:24 - WARNING - first_pkt_count, first_gps_count, first_pkt_Tstamp
18-07-2026 00:24 - WARNING - 2608729001 27791 2026-07-17T18:33:08.095219
18-07-2026 00:24 - WARNING - last_pkt_count, last_gps_count, last_pkt_Tstamp
18-07-2026 00:24 - WARNING - 2610611542 27820 2026-07-17T18:33:37.303155
18-07-2026 00:24 - WARNING - diff_pkt_count  , diff_gps_count ,  diff_pkt_timstamp
18-07-2026 00:24 - WARNING - 1882541 29 29207936 microseconds
18-07-2026 00:24 - WARNING - No packet loss: /data/dsp/GBD_TRANSIENT_BUFFER/J1921+2153/17_07_2026/PDR_GULP_data001.pcap_18_07_2026_00_04_1784313249.PCAP_PDR
18-07-2026 00:24 - WARNING - first_pkt_count, first_gps_count, first_pkt_Tstamp
18-07-2026 00:24 - WARNING - 2610611543 27820 2026-07-17T18:33:37.303155
18-07-2026 00:24 - WARNING - last_pkt_count, last_gps_count, last_pkt_Tstamp
18-07-2026 00:24 - WARNING - 2612494084 27849 2026-07-17T18:34:06.511020
18-07-2026 00:24 - WARNING - diff_pkt_count  , diff_gps_count ,  diff_pkt_timstamp
18-07-2026 00:24 - WARNING - 1882541 29 29207865 microseconds
18-07-2026 00:24 - WARNING - No packet loss: /data/dsp/GBD_TRANSIENT_BUFFER/J1921+2153/17_07_2026/PDR_GULP_data002.pcap_18_07_2026_00_04_1784313278.PCAP_PDR
18-07-2026 00:24 - WARNING - first_pkt_count, first_gps_count, first_pkt_Tstamp
18-07-2026 00:24 - WARNING - 2612494085 27849 2026-07-17T18:34:06.511020
18-07-2026 00:24 - WARNING - last_pkt_count, last_gps_count, last_pkt_Tstamp
18-07-2026 00:24 - WARNING - 2614376626 27878 2026-07-17T18:34:35.718964
18-07-2026 00:24 - WARNING - diff_pkt_count  , diff_gps_count ,  diff_pkt_timstamp
18-07-2026 00:24 - WARNING - 1882541 29 29207944 microseconds
18-07-2026 00:24 - WARNING - No packet loss: /data/dsp/GBD_TRANSIENT_BUFFER/J1921+2153/17_07_2026/PDR_GULP_data000.pcap_18_07_2026_00_05_1784313307.PCAP_PDR
18-07-2026 00:24 - WARNING - first_pkt_count, first_gps_count, first_pkt_Tstamp
18-07-2026 00:24 - WARNING - 2614376627 27878 2026-07-17T18:34:35.718964
18-07-2026 00:24 - WARNING - last_pkt_count, last_gps_count, last_pkt_Tstamp
18-07-2026 00:24 - WARNING - 2616259168 27907 2026-07-17T18:35:04.926798
18-07-2026 00:24 - WARNING - diff_pkt_count  , diff_gps_count ,  diff_pkt_timstamp
18-07-2026 00:24 - WARNING - 1882541 29 29207834 microseconds
18-07-2026 00:24 - WARNING - No packet loss: /data/dsp/GBD_TRANSIENT_BUFFER/J1921+2153/17_07_2026/PDR_GULP_data001.pcap_18_07_2026_00_05_1784313337.PCAP_PDR
18-07-2026 00:24 - WARNING - first_pkt_count, first_gps_count, first_pkt_Tstamp
18-07-2026 00:24 - WARNING - 2616259169 27907 2026-07-17T18:35:04.926850
18-07-2026 00:24 - WARNING - last_pkt_count, last_gps_count, last_pkt_Tstamp
18-07-2026 00:24 - WARNING - 2618141710 27937 2026-07-17T18:35:34.134701
18-07-2026 00:24 - WARNING - diff_pkt_count  , diff_gps_count ,  diff_pkt_timstamp
18-07-2026 00:24 - WARNING - 1882541 30 29207851 microseconds
18-07-2026 00:24 - WARNING - Packet loss: /data/dsp/GBD_TRANSIENT_BUFFER/J1921+2153/17_07_2026/PDR_GULP_data002.pcap_18_07_2026_00_06_1784313366.PCAP_PDR
18-07-2026 00:24 - WARNING - Packet loss found .... Being fixed ... Please wait ...
18-07-2026 00:24 - WARNING - PCAP filtering ... tcpdump -r /data/dsp/GBD_TRANSIENT_BUFFER/J1921+2153/17_07_2026/PDR_GULP_data002.pcap_18_07_2026_00_06_1784313366.PCAP_PDR.pcap -w PDR_GULP_data002.pcap_18_07_2026_00_06_1784313366_filtered.PCAP_PDR.pcap  host 172.10.10.1 and port 55000 
18-07-2026 00:24 - WARNING - Patched /data/dsp/GBD_TRANSIENT_BUFFER/J1921+2153/17_07_2026/PDR_GULP_data002.pcap_18_07_2026_00_06_1784313366.PCAP_PDR as PDR_GULP_data002.pcap_18_07_2026_00_06_1784313366_filtered.PCAP_PDR
18-07-2026 00:24 - WARNING - Gulped file moved to /data/dsp/GBD_TRANSIENT_BUFFER/J1921+2153/17_07_2026/GULPED
18-07-2026 00:24 - WARNING - first_pkt_count, first_gps_count, first_pkt_Tstamp
18-07-2026 00:24 - WARNING - 2618141711 27937 2026-07-17T18:35:34.134754
18-07-2026 00:24 - WARNING - last_pkt_count, last_gps_count, last_pkt_Tstamp
18-07-2026 00:24 - WARNING - 2620024253 27966 2026-07-17T18:36:03.342642
18-07-2026 00:24 - WARNING - diff_pkt_count  , diff_gps_count ,  diff_pkt_timstamp
18-07-2026 00:24 - WARNING - 1882542 29 29207888 microseconds
18-07-2026 00:24 - WARNING - No packet loss: /data/dsp/GBD_TRANSIENT_BUFFER/J1921+2153/17_07_2026/PDR_GULP_data000.pcap_18_07_2026_00_06_1784313395.PCAP_PDR
18-07-2026 00:24 - WARNING - first_pkt_count, first_gps_count, first_pkt_Tstamp
18-07-2026 00:24 - WARNING - 2620024254 27966 2026-07-17T18:36:03.342722
18-07-2026 00:24 - WARNING - last_pkt_count, last_gps_count, last_pkt_Tstamp
18-07-2026 00:24 - WARNING - 2621906795 27995 2026-07-17T18:36:32.550494
18-07-2026 00:24 - WARNING - diff_pkt_count  , diff_gps_count ,  diff_pkt_timstamp
18-07-2026 00:24 - WARNING - 1882541 29 29207772 microseconds
18-07-2026 00:24 - WARNING - No packet loss: /data/dsp/GBD_TRANSIENT_BUFFER/J1921+2153/17_07_2026/PDR_GULP_data001.pcap_18_07_2026_00_07_1784313424.PCAP_PDR
18-07-2026 00:24 - WARNING - first_pkt_count, first_gps_count, first_pkt_Tstamp
18-07-2026 00:24 - WARNING - 2621906796 27995 2026-07-17T18:36:32.550562
18-07-2026 00:24 - WARNING - last_pkt_count, last_gps_count, last_pkt_Tstamp
18-07-2026 00:24 - WARNING - 2623789337 28024 2026-07-17T18:37:01.758437
18-07-2026 00:24 - WARNING - diff_pkt_count  , diff_gps_count ,  diff_pkt_timstamp
18-07-2026 00:24 - WARNING - 1882541 29 29207875 microseconds
18-07-2026 00:24 - WARNING - No packet loss: /data/dsp/GBD_TRANSIENT_BUFFER/J1921+2153/17_07_2026/PDR_GULP_data002.pcap_18_07_2026_00_07_1784313453.PCAP_PDR
18-07-2026 00:24 - WARNING - first_pkt_count, first_gps_count, first_pkt_Tstamp
18-07-2026 00:24 - WARNING - 2623789338 28024 2026-07-17T18:37:01.758437
18-07-2026 00:24 - WARNING - last_pkt_count, last_gps_count, last_pkt_Tstamp
18-07-2026 00:24 - WARNING - 2625671879 28053 2026-07-17T18:37:30.966334
18-07-2026 00:24 - WARNING - diff_pkt_count  , diff_gps_count ,  diff_pkt_timstamp
18-07-2026 00:24 - WARNING - 1882541 29 29207897 microseconds
18-07-2026 00:24 - WARNING - No packet loss: /data/dsp/GBD_TRANSIENT_BUFFER/J1921+2153/17_07_2026/PDR_GULP_data000.pcap_18_07_2026_00_08_1784313483.PCAP_PDR
18-07-2026 00:24 - WARNING - first_pkt_count, first_gps_count, first_pkt_Tstamp
18-07-2026 00:24 - WARNING - 2625671880 28053 2026-07-17T18:37:30.966335
18-07-2026 00:24 - WARNING - last_pkt_count, last_gps_count, last_pkt_Tstamp
18-07-2026 00:24 - WARNING - 2627554421 28083 2026-07-17T18:38:00.174210
18-07-2026 00:24 - WARNING - diff_pkt_count  , diff_gps_count ,  diff_pkt_timstamp
18-07-2026 00:24 - WARNING - 1882541 30 29207875 microseconds
18-07-2026 00:24 - WARNING - No packet loss: /data/dsp/GBD_TRANSIENT_BUFFER/J1921+2153/17_07_2026/PDR_GULP_data001.pcap_18_07_2026_00_08_1784313512.PCAP_PDR
18-07-2026 00:24 - WARNING - first_pkt_count, first_gps_count, first_pkt_Tstamp
18-07-2026 00:24 - WARNING - 2627554422 28083 2026-07-17T18:38:00.174210
18-07-2026 00:24 - WARNING - last_pkt_count, last_gps_count, last_pkt_Tstamp
18-07-2026 00:24 - WARNING - 2629436963 28112 2026-07-17T18:38:29.382134
18-07-2026 00:24 - WARNING - diff_pkt_count  , diff_gps_count ,  diff_pkt_timstamp
18-07-2026 00:24 - WARNING - 1882541 29 29207924 microseconds
18-07-2026 00:24 - WARNING - No packet loss: /data/dsp/GBD_TRANSIENT_BUFFER/J1921+2153/17_07_2026/PDR_GULP_data002.pcap_18_07_2026_00_09_1784313541.PCAP_PDR
18-07-2026 00:24 - WARNING - first_pkt_count, first_gps_count, first_pkt_Tstamp
18-07-2026 00:24 - WARNING - 2629436964 28112 2026-07-17T18:38:29.382135
18-07-2026 00:24 - WARNING - last_pkt_count, last_gps_count, last_pkt_Tstamp
18-07-2026 00:24 - WARNING - 2631319506 28141 2026-07-17T18:38:58.590007
18-07-2026 00:24 - WARNING - diff_pkt_count  , diff_gps_count ,  diff_pkt_timstamp
18-07-2026 00:24 - WARNING - 1882542 29 29207872 microseconds
18-07-2026 00:24 - WARNING - No packet loss: /data/dsp/GBD_TRANSIENT_BUFFER/J1921+2153/17_07_2026/PDR_GULP_data000.pcap_18_07_2026_00_09_1784313570.PCAP_PDR
18-07-2026 00:24 - WARNING - first_pkt_count, first_gps_count, first_pkt_Tstamp
18-07-2026 00:24 - WARNING - 2631319507 28141 2026-07-17T18:38:58.590007
18-07-2026 00:24 - WARNING - last_pkt_count, last_gps_count, last_pkt_Tstamp
18-07-2026 00:24 - WARNING - 2633202048 28170 2026-07-17T18:39:27.797919
18-07-2026 00:24 - WARNING - diff_pkt_count  , diff_gps_count ,  diff_pkt_timstamp
18-07-2026 00:24 - WARNING - 1882541 29 29207912 microseconds
18-07-2026 00:24 - WARNING - No packet loss: /data/dsp/GBD_TRANSIENT_BUFFER/J1921+2153/17_07_2026/PDR_GULP_data001.pcap_18_07_2026_00_10_1784313600.PCAP_PDR
18-07-2026 00:24 - WARNING - first_pkt_count, first_gps_count, first_pkt_Tstamp
18-07-2026 00:24 - WARNING - 2633202049 28170 2026-07-17T18:39:27.797919
18-07-2026 00:24 - WARNING - last_pkt_count, last_gps_count, last_pkt_Tstamp
18-07-2026 00:24 - WARNING - 2635084590 28200 2026-07-17T18:39:57.005829
18-07-2026 00:24 - WARNING - diff_pkt_count  , diff_gps_count ,  diff_pkt_timstamp
18-07-2026 00:24 - WARNING - 1882541 30 29207910 microseconds
18-07-2026 00:24 - WARNING - No packet loss: /data/dsp/GBD_TRANSIENT_BUFFER/J1921+2153/17_07_2026/PDR_GULP_data002.pcap_18_07_2026_00_10_1784313629.PCAP_PDR
18-07-2026 00:24 - WARNING - first_pkt_count, first_gps_count, first_pkt_Tstamp
18-07-2026 00:24 - WARNING - 2635084591 28200 2026-07-17T18:39:57.005829
18-07-2026 00:24 - WARNING - last_pkt_count, last_gps_count, last_pkt_Tstamp
18-07-2026 00:24 - WARNING - 2636967132 28229 2026-07-17T18:40:26.213703
18-07-2026 00:24 - WARNING - diff_pkt_count  , diff_gps_count ,  diff_pkt_timstamp
18-07-2026 00:24 - WARNING - 1882541 29 29207874 microseconds
18-07-2026 00:24 - WARNING - No packet loss: /data/dsp/GBD_TRANSIENT_BUFFER/J1921+2153/17_07_2026/PDR_GULP_data000.pcap_18_07_2026_00_10_1784313658.PCAP_PDR
18-07-2026 00:24 - WARNING - first_pkt_count, first_gps_count, first_pkt_Tstamp
18-07-2026 00:24 - WARNING - 2636967133 28229 2026-07-17T18:40:26.213703
18-07-2026 00:24 - WARNING - last_pkt_count, last_gps_count, last_pkt_Tstamp
18-07-2026 00:24 - WARNING - 2638849674 28258 2026-07-17T18:40:55.421595
18-07-2026 00:24 - WARNING - diff_pkt_count  , diff_gps_count ,  diff_pkt_timstamp
18-07-2026 00:24 - WARNING - 1882541 29 29207892 microseconds
18-07-2026 00:24 - WARNING - No packet loss: /data/dsp/GBD_TRANSIENT_BUFFER/J1921+2153/17_07_2026/PDR_GULP_data001.pcap_18_07_2026_00_11_1784313687.PCAP_PDR
18-07-2026 00:24 - WARNING - first_pkt_count, first_gps_count, first_pkt_Tstamp
18-07-2026 00:24 - WARNING - 2638849675 28258 2026-07-17T18:40:55.421595
18-07-2026 00:24 - WARNING - last_pkt_count, last_gps_count, last_pkt_Tstamp
18-07-2026 00:24 - WARNING - 2640732216 28287 2026-07-17T18:41:24.629458
18-07-2026 00:24 - WARNING - diff_pkt_count  , diff_gps_count ,  diff_pkt_timstamp
18-07-2026 00:24 - WARNING - 1882541 29 29207863 microseconds
18-07-2026 00:24 - WARNING - No packet loss: /data/dsp/GBD_TRANSIENT_BUFFER/J1921+2153/17_07_2026/PDR_GULP_data002.pcap_18_07_2026_00_11_1784313716.PCAP_PDR
18-07-2026 00:24 - WARNING - first_pkt_count, first_gps_count, first_pkt_Tstamp
18-07-2026 00:24 - WARNING - 2640732217 28287 2026-07-17T18:41:24.629511
18-07-2026 00:24 - WARNING - last_pkt_count, last_gps_count, last_pkt_Tstamp
18-07-2026 00:24 - WARNING - 2642614759 28316 2026-07-17T18:41:53.837425
18-07-2026 00:24 - WARNING - diff_pkt_count  , diff_gps_count ,  diff_pkt_timstamp
18-07-2026 00:24 - WARNING - 1882542 29 29207914 microseconds
18-07-2026 00:24 - WARNING - No packet loss: /data/dsp/GBD_TRANSIENT_BUFFER/J1921+2153/17_07_2026/PDR_GULP_data000.pcap_18_07_2026_00_12_1784313746.PCAP_PDR
18-07-2026 00:24 - WARNING - first_pkt_count, first_gps_count, first_pkt_Tstamp
18-07-2026 00:24 - WARNING - 2642614760 28316 2026-07-17T18:41:53.837425
18-07-2026 00:24 - WARNING - last_pkt_count, last_gps_count, last_pkt_Tstamp
18-07-2026 00:24 - WARNING - 2644497301 28346 2026-07-17T18:42:23.045326
18-07-2026 00:24 - WARNING - diff_pkt_count  , diff_gps_count ,  diff_pkt_timstamp
18-07-2026 00:24 - WARNING - 1882541 30 29207901 microseconds
18-07-2026 00:24 - WARNING - No packet loss: /data/dsp/GBD_TRANSIENT_BUFFER/J1921+2153/17_07_2026/PDR_GULP_data001.pcap_18_07_2026_00_12_1784313775.PCAP_PDR
18-07-2026 00:24 - WARNING - first_pkt_count, first_gps_count, first_pkt_Tstamp
18-07-2026 00:24 - WARNING - 2644497302 28346 2026-07-17T18:42:23.045326
18-07-2026 00:24 - WARNING - last_pkt_count, last_gps_count, last_pkt_Tstamp
18-07-2026 00:24 - WARNING - 2646379843 28375 2026-07-17T18:42:52.253183
18-07-2026 00:24 - WARNING - diff_pkt_count  , diff_gps_count ,  diff_pkt_timstamp
18-07-2026 00:24 - WARNING - 1882541 29 29207857 microseconds
18-07-2026 00:24 - WARNING - No packet loss: /data/dsp/GBD_TRANSIENT_BUFFER/J1921+2153/17_07_2026/PDR_GULP_data002.pcap_18_07_2026_00_13_1784313804.PCAP_PDR
18-07-2026 00:24 - WARNING - first_pkt_count, first_gps_count, first_pkt_Tstamp
18-07-2026 00:24 - WARNING - 2646379844 28375 2026-07-17T18:42:52.253277
18-07-2026 00:24 - WARNING - last_pkt_count, last_gps_count, last_pkt_Tstamp
18-07-2026 00:24 - WARNING - 2648262385 28404 2026-07-17T18:43:21.461094
18-07-2026 00:24 - WARNING - diff_pkt_count  , diff_gps_count ,  diff_pkt_timstamp
18-07-2026 00:24 - WARNING - 1882541 29 29207817 microseconds
18-07-2026 00:24 - WARNING - No packet loss: /data/dsp/GBD_TRANSIENT_BUFFER/J1921+2153/17_07_2026/PDR_GULP_data000.pcap_18_07_2026_00_13_1784313833.PCAP_PDR
18-07-2026 00:24 - WARNING - first_pkt_count, first_gps_count, first_pkt_Tstamp
18-07-2026 00:24 - WARNING - 2648262386 28404 2026-07-17T18:43:21.461094
18-07-2026 00:24 - WARNING - last_pkt_count, last_gps_count, last_pkt_Tstamp
18-07-2026 00:24 - WARNING - 2650144927 28433 2026-07-17T18:43:50.669009
18-07-2026 00:24 - WARNING - diff_pkt_count  , diff_gps_count ,  diff_pkt_timstamp
18-07-2026 00:24 - WARNING - 1882541 29 29207915 microseconds
18-07-2026 00:24 - WARNING - No packet loss: /data/dsp/GBD_TRANSIENT_BUFFER/J1921+2153/17_07_2026/PDR_GULP_data001.pcap_18_07_2026_00_14_1784313862.PCAP_PDR
18-07-2026 00:24 - WARNING - first_pkt_count, first_gps_count, first_pkt_Tstamp
18-07-2026 00:24 - WARNING - 2650144928 28433 2026-07-17T18:43:50.669009
18-07-2026 00:24 - WARNING - last_pkt_count, last_gps_count, last_pkt_Tstamp
18-07-2026 00:24 - WARNING - 2652027469 28462 2026-07-17T18:44:19.876896
18-07-2026 00:24 - WARNING - diff_pkt_count  , diff_gps_count ,  diff_pkt_timstamp
18-07-2026 00:24 - WARNING - 1882541 29 29207887 microseconds
18-07-2026 00:24 - WARNING - No packet loss: /data/dsp/GBD_TRANSIENT_BUFFER/J1921+2153/17_07_2026/PDR_GULP_data002.pcap_18_07_2026_00_14_1784313892.PCAP_PDR
18-07-2026 00:24 - WARNING - first_pkt_count, first_gps_count, first_pkt_Tstamp
18-07-2026 00:24 - WARNING - 2652027470 28462 2026-07-17T18:44:19.876897
18-07-2026 00:24 - WARNING - last_pkt_count, last_gps_count, last_pkt_Tstamp
18-07-2026 00:24 - WARNING - 2653910012 28492 2026-07-17T18:44:49.084766
18-07-2026 00:24 - WARNING - diff_pkt_count  , diff_gps_count ,  diff_pkt_timstamp
18-07-2026 00:24 - WARNING - 1882542 30 29207869 microseconds
18-07-2026 00:24 - WARNING - No packet loss: /data/dsp/GBD_TRANSIENT_BUFFER/J1921+2153/17_07_2026/PDR_GULP_data000.pcap_18_07_2026_00_15_1784313921.PCAP_PDR
18-07-2026 00:24 - WARNING - first_pkt_count, first_gps_count, first_pkt_Tstamp
18-07-2026 00:24 - WARNING - 2653910013 28492 2026-07-17T18:44:49.084767
18-07-2026 00:24 - WARNING - last_pkt_count, last_gps_count, last_pkt_Tstamp
18-07-2026 00:24 - WARNING - 2655792554 28521 2026-07-17T18:45:18.292641
18-07-2026 00:24 - WARNING - diff_pkt_count  , diff_gps_count ,  diff_pkt_timstamp
18-07-2026 00:24 - WARNING - 1882541 29 29207874 microseconds
18-07-2026 00:24 - WARNING - No packet loss: /data/dsp/GBD_TRANSIENT_BUFFER/J1921+2153/17_07_2026/PDR_GULP_data001.pcap_18_07_2026_00_15_1784313950.PCAP_PDR
18-07-2026 00:24 - WARNING - first_pkt_count, first_gps_count, first_pkt_Tstamp
18-07-2026 00:24 - WARNING - 2655792555 28521 2026-07-17T18:45:18.292694
18-07-2026 00:24 - WARNING - last_pkt_count, last_gps_count, last_pkt_Tstamp
18-07-2026 00:24 - WARNING - 2657675096 28550 2026-07-17T18:45:47.500620
18-07-2026 00:24 - WARNING - diff_pkt_count  , diff_gps_count ,  diff_pkt_timstamp
18-07-2026 00:24 - WARNING - 1882541 29 29207926 microseconds
18-07-2026 00:24 - WARNING - No packet loss: /data/dsp/GBD_TRANSIENT_BUFFER/J1921+2153/17_07_2026/PDR_GULP_data002.pcap_18_07_2026_00_16_1784313979.PCAP_PDR
18-07-2026 00:24 - WARNING - first_pkt_count, first_gps_count, first_pkt_Tstamp
18-07-2026 00:24 - WARNING - 2657675097 28550 2026-07-17T18:45:47.500620
18-07-2026 00:24 - WARNING - last_pkt_count, last_gps_count, last_pkt_Tstamp
18-07-2026 00:24 - WARNING - 2659557638 28579 2026-07-17T18:46:16.708465
18-07-2026 00:24 - WARNING - diff_pkt_count  , diff_gps_count ,  diff_pkt_timstamp
18-07-2026 00:24 - WARNING - 1882541 29 29207845 microseconds
18-07-2026 00:24 - WARNING - No packet loss: /data/dsp/GBD_TRANSIENT_BUFFER/J1921+2153/17_07_2026/PDR_GULP_data000.pcap_18_07_2026_00_16_1784314008.PCAP_PDR
18-07-2026 00:24 - WARNING - first_pkt_count, first_gps_count, first_pkt_Tstamp
18-07-2026 00:24 - WARNING - 2659557639 28579 2026-07-17T18:46:16.708465
18-07-2026 00:24 - WARNING - last_pkt_count, last_gps_count, last_pkt_Tstamp
18-07-2026 00:24 - WARNING - 2661440180 28608 2026-07-17T18:46:45.916370
18-07-2026 00:24 - WARNING - diff_pkt_count  , diff_gps_count ,  diff_pkt_timstamp
18-07-2026 00:24 - WARNING - 1882541 29 29207905 microseconds
18-07-2026 00:24 - WARNING - No packet loss: /data/dsp/GBD_TRANSIENT_BUFFER/J1921+2153/17_07_2026/PDR_GULP_data001.pcap_18_07_2026_00_17_1784314038.PCAP_PDR
18-07-2026 00:24 - WARNING - first_pkt_count, first_gps_count, first_pkt_Tstamp
18-07-2026 00:24 - WARNING - 2661440181 28608 2026-07-17T18:46:45.916370
18-07-2026 00:24 - WARNING - last_pkt_count, last_gps_count, last_pkt_Tstamp
18-07-2026 00:24 - WARNING - 2663322722 28638 2026-07-17T18:47:15.124273
18-07-2026 00:24 - WARNING - diff_pkt_count  , diff_gps_count ,  diff_pkt_timstamp
18-07-2026 00:24 - WARNING - 1882541 30 29207903 microseconds
18-07-2026 00:24 - WARNING - No packet loss: /data/dsp/GBD_TRANSIENT_BUFFER/J1921+2153/17_07_2026/PDR_GULP_data002.pcap_18_07_2026_00_17_1784314067.PCAP_PDR
18-07-2026 00:24 - WARNING - first_pkt_count, first_gps_count, first_pkt_Tstamp
18-07-2026 00:24 - WARNING - 2663322723 28638 2026-07-17T18:47:15.124273
18-07-2026 00:24 - WARNING - last_pkt_count, last_gps_count, last_pkt_Tstamp
18-07-2026 00:24 - WARNING - 2665205265 28667 2026-07-17T18:47:44.332175
18-07-2026 00:24 - WARNING - diff_pkt_count  , diff_gps_count ,  diff_pkt_timstamp
18-07-2026 00:24 - WARNING - 1882542 29 29207902 microseconds
18-07-2026 00:24 - WARNING - No packet loss: /data/dsp/GBD_TRANSIENT_BUFFER/J1921+2153/17_07_2026/PDR_GULP_data000.pcap_18_07_2026_00_18_1784314096.PCAP_PDR
18-07-2026 00:24 - WARNING - first_pkt_count, first_gps_count, first_pkt_Tstamp
18-07-2026 00:24 - WARNING - 2665205266 28667 2026-07-17T18:47:44.332176
18-07-2026 00:24 - WARNING - last_pkt_count, last_gps_count, last_pkt_Tstamp
18-07-2026 00:24 - WARNING - 2667087807 28696 2026-07-17T18:48:13.540070
18-07-2026 00:24 - WARNING - diff_pkt_count  , diff_gps_count ,  diff_pkt_timstamp
18-07-2026 00:24 - WARNING - 1882541 29 29207894 microseconds
18-07-2026 00:24 - WARNING - No packet loss: /data/dsp/GBD_TRANSIENT_BUFFER/J1921+2153/17_07_2026/PDR_GULP_data001.pcap_18_07_2026_00_18_1784314125.PCAP_PDR
18-07-2026 00:24 - WARNING - first_pkt_count, first_gps_count, first_pkt_Tstamp
18-07-2026 00:24 - WARNING - 2667087808 28696 2026-07-17T18:48:13.540070
18-07-2026 00:24 - WARNING - last_pkt_count, last_gps_count, last_pkt_Tstamp
18-07-2026 00:24 - WARNING - 2668970349 28725 2026-07-17T18:48:42.747996
18-07-2026 00:24 - WARNING - diff_pkt_count  , diff_gps_count ,  diff_pkt_timstamp
18-07-2026 00:24 - WARNING - 1882541 29 29207926 microseconds
18-07-2026 00:24 - WARNING - No packet loss: /data/dsp/GBD_TRANSIENT_BUFFER/J1921+2153/17_07_2026/PDR_GULP_data002.pcap_18_07_2026_00_19_1784314154.PCAP_PDR
18-07-2026 00:24 - WARNING - first_pkt_count, first_gps_count, first_pkt_Tstamp
18-07-2026 00:24 - WARNING - 2668970350 28725 2026-07-17T18:48:42.747997
18-07-2026 00:24 - WARNING - last_pkt_count, last_gps_count, last_pkt_Tstamp
18-07-2026 00:24 - WARNING - 2670852891 28754 2026-07-17T18:49:11.955836
18-07-2026 00:24 - WARNING - diff_pkt_count  , diff_gps_count ,  diff_pkt_timstamp
18-07-2026 00:24 - WARNING - 1882541 29 29207839 microseconds
18-07-2026 00:24 - WARNING - No packet loss: /data/dsp/GBD_TRANSIENT_BUFFER/J1921+2153/17_07_2026/PDR_GULP_data000.pcap_18_07_2026_00_19_1784314184.PCAP_PDR
18-07-2026 00:24 - WARNING - first_pkt_count, first_gps_count, first_pkt_Tstamp
18-07-2026 00:24 - WARNING - 2670852892 28754 2026-07-17T18:49:11.955837
18-07-2026 00:24 - WARNING - last_pkt_count, last_gps_count, last_pkt_Tstamp
18-07-2026 00:24 - WARNING - 2672735433 28784 2026-07-17T18:49:41.163714
18-07-2026 00:24 - WARNING - diff_pkt_count  , diff_gps_count ,  diff_pkt_timstamp
18-07-2026 00:24 - WARNING - 1882541 30 29207877 microseconds
18-07-2026 00:24 - WARNING - No packet loss: /data/dsp/GBD_TRANSIENT_BUFFER/J1921+2153/17_07_2026/PDR_GULP_data001.pcap_18_07_2026_00_20_1784314213.PCAP_PDR
18-07-2026 00:24 - WARNING - first_pkt_count, first_gps_count, first_pkt_Tstamp
18-07-2026 00:24 - WARNING - 2672735434 28784 2026-07-17T18:49:41.163768
18-07-2026 00:24 - WARNING - last_pkt_count, last_gps_count, last_pkt_Tstamp
18-07-2026 00:24 - WARNING - 2674617975 28813 2026-07-17T18:50:10.371611
18-07-2026 00:24 - WARNING - diff_pkt_count  , diff_gps_count ,  diff_pkt_timstamp
18-07-2026 00:24 - WARNING - 1882541 29 29207843 microseconds
18-07-2026 00:24 - WARNING - No packet loss: /data/dsp/GBD_TRANSIENT_BUFFER/J1921+2153/17_07_2026/PDR_GULP_data002.pcap_18_07_2026_00_20_1784314242.PCAP_PDR
18-07-2026 00:24 - WARNING - first_pkt_count, first_gps_count, first_pkt_Tstamp
18-07-2026 00:24 - WARNING - 2674617976 28813 2026-07-17T18:50:10.371612
18-07-2026 00:24 - WARNING - last_pkt_count, last_gps_count, last_pkt_Tstamp
18-07-2026 00:24 - WARNING - 2676500518 28842 2026-07-17T18:50:39.579518
18-07-2026 00:24 - WARNING - diff_pkt_count  , diff_gps_count ,  diff_pkt_timstamp
18-07-2026 00:24 - WARNING - 1882542 29 29207906 microseconds
18-07-2026 00:24 - WARNING - No packet loss: /data/dsp/GBD_TRANSIENT_BUFFER/J1921+2153/17_07_2026/PDR_GULP_data000.pcap_18_07_2026_00_21_1784314271.PCAP_PDR
18-07-2026 00:24 - WARNING - first_pkt_count, first_gps_count, first_pkt_Tstamp
18-07-2026 00:24 - WARNING - 2676500519 28842 2026-07-17T18:50:39.579518
18-07-2026 00:24 - WARNING - last_pkt_count, last_gps_count, last_pkt_Tstamp
18-07-2026 00:24 - WARNING - 2678383060 28871 2026-07-17T18:51:08.787466
18-07-2026 00:24 - WARNING - diff_pkt_count  , diff_gps_count ,  diff_pkt_timstamp
18-07-2026 00:24 - WARNING - 1882541 29 29207948 microseconds
18-07-2026 00:24 - WARNING - No packet loss: /data/dsp/GBD_TRANSIENT_BUFFER/J1921+2153/17_07_2026/PDR_GULP_data001.pcap_18_07_2026_00_21_1784314300.PCAP_PDR
18-07-2026 00:24 - WARNING - first_pkt_count, first_gps_count, first_pkt_Tstamp
18-07-2026 00:24 - WARNING - 2678383061 28871 2026-07-17T18:51:08.787466
18-07-2026 00:24 - WARNING - last_pkt_count, last_gps_count, last_pkt_Tstamp
18-07-2026 00:24 - WARNING - 2680265602 28901 2026-07-17T18:51:37.995313
18-07-2026 00:24 - WARNING - diff_pkt_count  , diff_gps_count ,  diff_pkt_timstamp
18-07-2026 00:24 - WARNING - 1882541 30 29207847 microseconds
18-07-2026 00:24 - WARNING - No packet loss: /data/dsp/GBD_TRANSIENT_BUFFER/J1921+2153/17_07_2026/PDR_GULP_data002.pcap_18_07_2026_00_22_1784314330.PCAP_PDR
18-07-2026 00:24 - WARNING - first_pkt_count, first_gps_count, first_pkt_Tstamp
18-07-2026 00:24 - WARNING - 2680265603 28901 2026-07-17T18:51:37.995314
18-07-2026 00:24 - WARNING - last_pkt_count, last_gps_count, last_pkt_Tstamp
18-07-2026 00:24 - WARNING - 2682148144 28930 2026-07-17T18:52:07.203216
18-07-2026 00:24 - WARNING - diff_pkt_count  , diff_gps_count ,  diff_pkt_timstamp
18-07-2026 00:24 - WARNING - 1882541 29 29207902 microseconds
18-07-2026 00:24 - WARNING - No packet loss: /data/dsp/GBD_TRANSIENT_BUFFER/J1921+2153/17_07_2026/PDR_GULP_data000.pcap_18_07_2026_00_22_1784314359.PCAP_PDR
18-07-2026 00:24 - WARNING - first_pkt_count, first_gps_count, first_pkt_Tstamp
18-07-2026 00:24 - WARNING - 2682148145 28930 2026-07-17T18:52:07.203217
18-07-2026 00:24 - WARNING - last_pkt_count, last_gps_count, last_pkt_Tstamp
18-07-2026 00:24 - WARNING - 2684030686 28959 2026-07-17T18:52:36.411084
18-07-2026 00:24 - WARNING - diff_pkt_count  , diff_gps_count ,  diff_pkt_timstamp
18-07-2026 00:24 - WARNING - 1882541 29 29207867 microseconds
18-07-2026 00:24 - WARNING - No packet loss: /data/dsp/GBD_TRANSIENT_BUFFER/J1921+2153/17_07_2026/PDR_GULP_data001.pcap_18_07_2026_00_23_1784314388.PCAP_PDR
18-07-2026 00:24 - WARNING - first_pkt_count, first_gps_count, first_pkt_Tstamp
18-07-2026 00:24 - WARNING - 2684030687 28959 2026-07-17T18:52:36.411085
18-07-2026 00:24 - WARNING - last_pkt_count, last_gps_count, last_pkt_Tstamp
18-07-2026 00:24 - WARNING - 2685913228 28988 2026-07-17T18:53:05.619036
18-07-2026 00:24 - WARNING - diff_pkt_count  , diff_gps_count ,  diff_pkt_timstamp
18-07-2026 00:24 - WARNING - 1882541 29 29207951 microseconds
18-07-2026 00:24 - WARNING - No packet loss: /data/dsp/GBD_TRANSIENT_BUFFER/J1921+2153/17_07_2026/PDR_GULP_data002.pcap_18_07_2026_00_23_1784314417.PCAP_PDR
18-07-2026 00:24 - WARNING - first_pkt_count, first_gps_count, first_pkt_Tstamp
18-07-2026 00:24 - WARNING - 2685913229 28988 2026-07-17T18:53:05.619036
18-07-2026 00:24 - WARNING - last_pkt_count, last_gps_count, last_pkt_Tstamp
18-07-2026 00:24 - WARNING - 2687795771 29017 2026-07-17T18:53:34.827152
18-07-2026 00:24 - WARNING - diff_pkt_count  , diff_gps_count ,  diff_pkt_timstamp
18-07-2026 00:24 - WARNING - 1882542 29 29208116 microseconds
18-07-2026 00:24 SLIP check Finished...
18-07-2026 00:24 Pulsar data reduction pipeline started ...
18-07-2026 00:24 - WARNING - Data Directory: /data/dsp/GBD_TRANSIENT_BUFFER/J1921+2153/17_07_2026
18-07-2026 00:24 - WARNING - Pulsar: J1921+2153
18-07-2026 00:24 - WARNING - CH selelction: 0
18-07-2026 00:24 - WARNING - Phase file: /home/dsp/PDR_acquire_setup/dada_scripts/phase/rf_path_phase.dat
18-07-2026 00:24 - WARNING - Obs. logfile: /home/dsp/PDR_acquire_setup/master_obs_log/J1921+2153_17_07_2026_observation.log
18-07-2026 00:24 - WARNING - Observation start time: 2026_07_17_23_35_23
18-07-2026 00:24 - WARNING - parfile: /home/dsp/parfiles/J1921+2153.par
18-07-2026 00:24 - WARNING - DM: 12.44399
18-07-2026 00:24 - WARNING - Period: 1.3373021601894548
18-07-2026 00:24 - WARNING - RA_DEC: 19:21:44.815+21:53:02.25
18-07-2026 00:24 - WARNING - out_dada_file: J1921+2153_2026_07_17_23_35_23_type_0.dada
18-07-2026 00:24 - WARNING - Number of files to process: 100
18-07-2026 00:24 - WARNING - Files per batch:  17
18-07-2026 00:49 - WARNING - Time taken for PDR2DADA convertion: 0:25:27.550489
18-07-2026 00:49 - WARNING - Center_freq: 175
18-07-2026 00:49 - WARNING - int_time: 3.0
18-07-2026 00:49 - WARNING - nbins: 256
18-07-2026 00:49 - WARNING - fil_chan: 256
18-07-2026 00:49 - WARNING - cpu: 2,3,4,5,6,7,8,9,10,11,12,13,14,15,16
18-07-2026 00:49 - WARNING - thread: 32
18-07-2026 00:49 - WARNING - nbit: 8
18-07-2026 00:49 - WARNING - time_avg: 0.000256
18-07-2026 00:49 - WARNING - MJD_START: 61238.75374125293
18-07-2026 00:49 - WARNING - output: J1921+2153_61238.75_175MHz_type_0_GBD_DART
18-07-2026 00:49 - WARNING - singularity_container: singularity exec /home/dsp/singularity_imag/pschive_py3.sif  
18-07-2026 00:49 - WARNING - ------ DIGIFITS ------
18-07-2026 00:49 - WARNING - ---- Search Mode FITS -------
18-07-2026 00:49 - WARNING - digifits_ful_stokes_cmd: singularity exec /home/dsp/singularity_imag/pschive_py3.sif  digifits  -F 256 -x 256 -b 8 -p 4 -t 0.000256 J1921+2153_2026_07_17_23_35_23_type_0.dada -o J1921+2153_2026_07_17_23_35_23_type_0.dada_stokes.fits
18-07-2026 01:22 - WARNING - ------ Total intensity FITS -------
18-07-2026 01:22 - WARNING - digifits_total_intensity_cmd: singularity exec /home/dsp/singularity_imag/pschive_py3.sif  digifits  -F 256 -x 256 -b 8 -p 1 -t 0.000256 J1921+2153_2026_07_17_23_35_23_type_0.dada -o J1921+2153_2026_07_17_23_35_23_type_0.dada_intensity.fits
18-07-2026 01:50 - WARNING - Nchan: 256
18-07-2026 01:50 - WARNING - Nbin: 256
18-07-2026 01:50 - WARNING - Tavg: 0.000256
18-07-2026 01:50 - WARNING - Time taken for DIGIFITS run: 1:00:51.097455
18-07-2026 01:50 - WARNING - ------ DSPSR ------
18-07-2026 01:50 - WARNING - ------- Coherent Dedispersion Folded archive -------
18-07-2026 01:50 - WARNING - dspsr_cmd: singularity exec /home/dsp/singularity_imag/pschive_py3.sif  dspsr J1921+2153_2026_07_17_23_35_23_type_0.dada -cpu 2,3,4,5,6,7,8,9,10,11,12,13,14,15,16 -t 32 -E /home/dsp/parfiles/J1921+2153.par -L 3.0 -b 256 -F 256:D -N J1921+2153 -a PSRFITS -A -e .fits -O J1921+2153_61238.75_175MHz_type_0_GBD_DART
18-07-2026 02:01 - WARNING - ------- Incoherent Dedispersion Folded archive -------
18-07-2026 02:01 - WARNING - Incoherent_DD_dspsr_cmd: singularity exec /home/dsp/singularity_imag/pschive_py3.sif  dspsr J1921+2153_2026_07_17_23_35_23_type_0.dada_stokes.fits -cpu 2,3,4,5,6,7,8,9,10,11,12,13,14,15,16 -t 32 -E /home/dsp/parfiles/J1921+2153.par -L 3.0 -b 256 -N J1921+2153 -A -e .fits -O J1921+2153_61238.75_175MHz_type_0_GBD_DART_stokes_Incoherent_DD
18-07-2026 02:02 - WARNING - Time taken for DSPSR run: 0:12:24.031725
18-07-2026 02:02 - WARNING - ------ PSREDIT ------
18-07-2026 02:02 - WARNING - psredit_cmd: singularity exec /home/dsp/singularity_imag/pschive_py3.sif  psredit -c name=J1921+2153,be:name=GSB,coord=19:21:44.815+21:53:02.25 -m *_GBD_DART*fits
18-07-2026 02:03 - WARNING - Time taken for PSREDIT run: 0:00:10.959832
18-07-2026 02:03 - WARNING - ------ Iterative RFI Cleaner ------
18-07-2026 02:03 - WARNING - Iterative_cleaner_cmd: singularity exec /home/dsp/singularity_imag/pschive_py3.sif   python3 /home/dsp/PDR_acquire_setup/iterative_cleaner.py -s 3 -c 3 -m 10 *_GBD_DART*fits
18-07-2026 02:09 - WARNING - Time taken for Iterative_cleaner run: 0:06:49.172194
18-07-2026 02:09 - WARNING - ------ PDMP ------
18-07-2026 02:09 - WARNING - pdmp_cmd1: singularity exec /home/dsp/singularity_imag/pschive_py3.sif  pdmp -dr 2 -ds 0.05 -g J1921+2153_61238.75_175MHz_type_0_GBD_DART.fits_cleaned.ar.ps/cps J1921+2153_61238.75_175MHz_type_0_GBD_DART.fits_cleaned.ar
18-07-2026 02:35 - WARNING - pdmp_cmd2: singularity exec /home/dsp/singularity_imag/pschive_py3.sif  pdmp -dr 2 -ds 0.05 -g J1921+2153_61238.75_175MHz_type_0_GBD_DART_stokes_Incoherent_DD.fits_cleaned.ar.ps/cps J1921+2153_61238.75_175MHz_type_0_GBD_DART_stokes_Incoherent_DD.fits_cleaned.ar
18-07-2026 02:57 - WARNING - Time taken for PDMP run: 0:47:49.270411
18-07-2026 02:57 - WARNING - ------ PS2PDF ------
18-07-2026 02:57 - WARNING - ps2pdf_cmd1: singularity exec /home/dsp/singularity_imag/pschive_py3.sif  ps2pdf J1921+2153_61238.75_175MHz_type_0_GBD_DART.fits_cleaned.ar.ps J1921+2153_61238.75_175MHz_type_0_GBD_DART.fits_cleaned.ar.ps.pdf
18-07-2026 02:57 - WARNING - ps2pdf_cmd2: singularity exec /home/dsp/singularity_imag/pschive_py3.sif  ps2pdf J1921+2153_61238.75_175MHz_type_0_GBD_DART_stokes_Incoherent_DD.fits_cleaned.ar.ps J1921+2153_61238.75_175MHz_type_0_GBD_DART_stokes_Incoherent_DD.fits_cleaned.ar.ps.pdf
18-07-2026 02:57 - WARNING - Time taken for PDMP run: 0:00:01.243906
18-07-2026 02:57 - WARNING - Overall time taken for data reduction: 2:33:34.308638
18-07-2026 02:57 - WARNING - J1921+2153_2026_07_17_23_35_23_type_0.dada... file removed
18-07-2026 02:57 - WARNING - All done!
18-07-2026 02:58 --- PRESTO ---
18-07-2026 02:58 singularity_container: singularity exec /home/dsp/singularity_imag/pschive_py3.sif  
18-07-2026 02:58 Filterbank to Process for PULSAR: J1921+2153 with DM:12.44399 : J1921+2153_2026_07_17_23_35_23_type_0.dada_intensity.fits
18-07-2026 02:58 --- RFIFIND ---
18-07-2026 02:58 RFIFIND: singularity exec /home/dsp/singularity_imag/pschive_py3.sif   rfifind -time 2.0 -o J1921+2153 J1921+2153_2026_07_17_23_35_23_type_0.dada_intensity.fits
18-07-2026 02:59 --- PREPDATA ---
18-07-2026 02:59 PREPDATA: singularity exec /home/dsp/singularity_imag/pschive_py3.sif   prepdata -nobary -o J1921+2153_2026_07_17_23_35_23_type_0.dada_intensity.fits -dm 12.44399 -mask J1921+2153_rfifind.mask J1921+2153_2026_07_17_23_35_23_type_0.dada_intensity.fits
18-07-2026 02:59 --- REALFFT ---
18-07-2026 02:59 REALFFT: singularity exec /home/dsp/singularity_imag/pschive_py3.sif   realfft  J1921+2153_2026_07_17_23_35_23_type_0.dada_intensity.fits.dat
18-07-2026 02:59 --- ACCELSEARCH ---
18-07-2026 02:59 ACCELSEARCH: singularity exec /home/dsp/singularity_imag/pschive_py3.sif   accelsearch -numharm 8 -zmax 8  J1921+2153_2026_07_17_23_35_23_type_0.dada_intensity.fits.fft
18-07-2026 02:59 Observation Over.
