18-07-2026 23:30 Waiting for J1921+2153 observation...
18-07-2026 23:35 Observation started...
18-07-2026 23:35 Pulsar: J1921+2153 , parfile: /home/dsp/parfiles/J1921+2153.par , DM: 12.44399
18-07-2026 23:35 Trigger sent to obs. PC [VELA].
19-07-2026 00:20 Acquired 100.
19-07-2026 00:20 ACQ over.
19-07-2026 00:20 Removing Trigger file from remote machine 
19-07-2026 00:20 Observation stoped.
-rw------- 1 dsp dsp 2.0G Jul 18 23:31 /data/TRANSIENT_BUFFER/PDR_GULP_data000.pcap_18_07_2026_23_31_1784397689.PCAP_PDR
-rw------- 1 dsp dsp 2.0G Jul 18 23:31 /data/TRANSIENT_BUFFER/PDR_GULP_data001.pcap_18_07_2026_23_31_1784397718.PCAP_PDR
-rw------- 1 dsp dsp 2.0G Jul 18 23:32 /data/TRANSIENT_BUFFER/PDR_GULP_data002.pcap_18_07_2026_23_32_1784397747.PCAP_PDR
-rw------- 1 dsp dsp 2.0G Jul 18 23:32 /data/TRANSIENT_BUFFER/PDR_GULP_data000.pcap_18_07_2026_23_32_1784397777.PCAP_PDR
-rw------- 1 dsp dsp 2.0G Jul 18 23:33 /data/TRANSIENT_BUFFER/PDR_GULP_data001.pcap_18_07_2026_23_33_1784397806.PCAP_PDR
-rw------- 1 dsp dsp 2.0G Jul 18 23:33 /data/TRANSIENT_BUFFER/PDR_GULP_data002.pcap_18_07_2026_23_33_1784397835.PCAP_PDR
-rw------- 1 dsp dsp 2.0G Jul 18 23:34 /data/TRANSIENT_BUFFER/PDR_GULP_data000.pcap_18_07_2026_23_34_1784397864.PCAP_PDR
-rw------- 1 dsp dsp 2.0G Jul 18 23:34 /data/TRANSIENT_BUFFER/PDR_GULP_data001.pcap_18_07_2026_23_34_1784397893.PCAP_PDR
-rw------- 1 dsp dsp 2.0G Jul 18 23:35 /data/TRANSIENT_BUFFER/PDR_GULP_data002.pcap_18_07_2026_23_35_1784397923.PCAP_PDR
-rw------- 1 dsp dsp 2.0G Jul 18 23:35 /data/TRANSIENT_BUFFER/PDR_GULP_data000.pcap_18_07_2026_23_35_1784397952.PCAP_PDR
-rw------- 1 dsp dsp 2.0G Jul 18 23:36 /data/TRANSIENT_BUFFER/PDR_GULP_data001.pcap_18_07_2026_23_36_1784397981.PCAP_PDR
-rw------- 1 dsp dsp 2.0G Jul 18 23:36 /data/TRANSIENT_BUFFER/PDR_GULP_data002.pcap_18_07_2026_23_36_1784398010.PCAP_PDR
-rw------- 1 dsp dsp 2.0G Jul 18 23:37 /data/TRANSIENT_BUFFER/PDR_GULP_data000.pcap_18_07_2026_23_37_1784398039.PCAP_PDR
-rw------- 1 dsp dsp 2.0G Jul 18 23:37 /data/TRANSIENT_BUFFER/PDR_GULP_data001.pcap_18_07_2026_23_37_1784398069.PCAP_PDR
-rw------- 1 dsp dsp 2.0G Jul 18 23:38 /data/TRANSIENT_BUFFER/PDR_GULP_data002.pcap_18_07_2026_23_38_1784398098.PCAP_PDR
-rw------- 1 dsp dsp 2.0G Jul 18 23:38 /data/TRANSIENT_BUFFER/PDR_GULP_data000.pcap_18_07_2026_23_38_1784398127.PCAP_PDR
-rw------- 1 dsp dsp 2.0G Jul 18 23:39 /data/TRANSIENT_BUFFER/PDR_GULP_data001.pcap_18_07_2026_23_39_1784398156.PCAP_PDR
-rw------- 1 dsp dsp 2.0G Jul 18 23:39 /data/TRANSIENT_BUFFER/PDR_GULP_data002.pcap_18_07_2026_23_39_1784398185.PCAP_PDR
-rw------- 1 dsp dsp 2.0G Jul 18 23:40 /data/TRANSIENT_BUFFER/PDR_GULP_data000.pcap_18_07_2026_23_40_1784398215.PCAP_PDR
-rw------- 1 dsp dsp 2.0G Jul 18 23:40 /data/TRANSIENT_BUFFER/PDR_GULP_data001.pcap_18_07_2026_23_40_1784398244.PCAP_PDR
-rw------- 1 dsp dsp 2.0G Jul 18 23:41 /data/TRANSIENT_BUFFER/PDR_GULP_data002.pcap_18_07_2026_23_41_1784398273.PCAP_PDR
-rw------- 1 dsp dsp 2.0G Jul 18 23:41 /data/TRANSIENT_BUFFER/PDR_GULP_data000.pcap_18_07_2026_23_41_1784398302.PCAP_PDR
-rw------- 1 dsp dsp 2.0G Jul 18 23:42 /data/TRANSIENT_BUFFER/PDR_GULP_data001.pcap_18_07_2026_23_42_1784398331.PCAP_PDR
-rw------- 1 dsp dsp 2.0G Jul 18 23:42 /data/TRANSIENT_BUFFER/PDR_GULP_data002.pcap_18_07_2026_23_42_1784398361.PCAP_PDR
-rw------- 1 dsp dsp 2.0G Jul 18 23:43 /data/TRANSIENT_BUFFER/PDR_GULP_data000.pcap_18_07_2026_23_43_1784398390.PCAP_PDR
-rw------- 1 dsp dsp 2.0G Jul 18 23:43 /data/TRANSIENT_BUFFER/PDR_GULP_data001.pcap_18_07_2026_23_43_1784398419.PCAP_PDR
-rw------- 1 dsp dsp 2.0G Jul 18 23:44 /data/TRANSIENT_BUFFER/PDR_GULP_data002.pcap_18_07_2026_23_44_1784398449.PCAP_PDR
-rw------- 1 dsp dsp 2.0G Jul 18 23:44 /data/TRANSIENT_BUFFER/PDR_GULP_data000.pcap_18_07_2026_23_44_1784398478.PCAP_PDR
-rw------- 1 dsp dsp 2.0G Jul 18 23:45 /data/TRANSIENT_BUFFER/PDR_GULP_data001.pcap_18_07_2026_23_45_1784398507.PCAP_PDR
-rw------- 1 dsp dsp 2.0G Jul 18 23:45 /data/TRANSIENT_BUFFER/PDR_GULP_data002.pcap_18_07_2026_23_45_1784398536.PCAP_PDR
-rw------- 1 dsp dsp 2.0G Jul 18 23:46 /data/TRANSIENT_BUFFER/PDR_GULP_data000.pcap_18_07_2026_23_46_1784398565.PCAP_PDR
-rw------- 1 dsp dsp 2.0G Jul 18 23:46 /data/TRANSIENT_BUFFER/PDR_GULP_data001.pcap_18_07_2026_23_46_1784398595.PCAP_PDR
-rw------- 1 dsp dsp 2.0G Jul 18 23:47 /data/TRANSIENT_BUFFER/PDR_GULP_data002.pcap_18_07_2026_23_47_1784398624.PCAP_PDR
-rw------- 1 dsp dsp 2.0G Jul 18 23:47 /data/TRANSIENT_BUFFER/PDR_GULP_data000.pcap_18_07_2026_23_47_1784398653.PCAP_PDR
-rw------- 1 dsp dsp 2.0G Jul 18 23:47 /data/TRANSIENT_BUFFER/PDR_GULP_data001.pcap_18_07_2026_23_48_1784398682.PCAP_PDR
-rw------- 1 dsp dsp 2.0G Jul 18 23:48 /data/TRANSIENT_BUFFER/PDR_GULP_data002.pcap_18_07_2026_23_48_1784398711.PCAP_PDR
-rw------- 1 dsp dsp 2.0G Jul 18 23:48 /data/TRANSIENT_BUFFER/PDR_GULP_data000.pcap_18_07_2026_23_49_1784398741.PCAP_PDR
-rw------- 1 dsp dsp 2.0G Jul 18 23:49 /data/TRANSIENT_BUFFER/PDR_GULP_data001.pcap_18_07_2026_23_49_1784398770.PCAP_PDR
-rw------- 1 dsp dsp 2.0G Jul 18 23:49 /data/TRANSIENT_BUFFER/PDR_GULP_data002.pcap_18_07_2026_23_49_1784398799.PCAP_PDR
-rw------- 1 dsp dsp 2.0G Jul 18 23:50 /data/TRANSIENT_BUFFER/PDR_GULP_data000.pcap_18_07_2026_23_50_1784398828.PCAP_PDR
-rw------- 1 dsp dsp 2.0G Jul 18 23:50 /data/TRANSIENT_BUFFER/PDR_GULP_data001.pcap_18_07_2026_23_50_1784398858.PCAP_PDR
-rw------- 1 dsp dsp 2.0G Jul 18 23:51 /data/TRANSIENT_BUFFER/PDR_GULP_data002.pcap_18_07_2026_23_51_1784398887.PCAP_PDR
-rw------- 1 dsp dsp 2.0G Jul 18 23:51 /data/TRANSIENT_BUFFER/PDR_GULP_data000.pcap_18_07_2026_23_51_1784398916.PCAP_PDR
-rw------- 1 dsp dsp 2.0G Jul 18 23:52 /data/TRANSIENT_BUFFER/PDR_GULP_data001.pcap_18_07_2026_23_52_1784398945.PCAP_PDR
-rw------- 1 dsp dsp 2.0G Jul 18 23:52 /data/TRANSIENT_BUFFER/PDR_GULP_data002.pcap_18_07_2026_23_52_1784398974.PCAP_PDR
-rw------- 1 dsp dsp 2.0G Jul 18 23:53 /data/TRANSIENT_BUFFER/PDR_GULP_data000.pcap_18_07_2026_23_53_1784399004.PCAP_PDR
-rw------- 1 dsp dsp 2.0G Jul 18 23:53 /data/TRANSIENT_BUFFER/PDR_GULP_data001.pcap_18_07_2026_23_53_1784399033.PCAP_PDR
-rw------- 1 dsp dsp 2.0G Jul 18 23:54 /data/TRANSIENT_BUFFER/PDR_GULP_data002.pcap_18_07_2026_23_54_1784399062.PCAP_PDR
-rw------- 1 dsp dsp 2.0G Jul 18 23:54 /data/TRANSIENT_BUFFER/PDR_GULP_data000.pcap_18_07_2026_23_54_1784399091.PCAP_PDR
-rw------- 1 dsp dsp 2.0G Jul 18 23:55 /data/TRANSIENT_BUFFER/PDR_GULP_data001.pcap_18_07_2026_23_55_1784399120.PCAP_PDR
-rw------- 1 dsp dsp 2.0G Jul 18 23:55 /data/TRANSIENT_BUFFER/PDR_GULP_data002.pcap_18_07_2026_23_55_1784399150.PCAP_PDR
-rw------- 1 dsp dsp 2.0G Jul 18 23:56 /data/TRANSIENT_BUFFER/PDR_GULP_data000.pcap_18_07_2026_23_56_1784399179.PCAP_PDR
-rw------- 1 dsp dsp 2.0G Jul 18 23:56 /data/TRANSIENT_BUFFER/PDR_GULP_data001.pcap_18_07_2026_23_56_1784399208.PCAP_PDR
-rw------- 1 dsp dsp 2.0G Jul 18 23:57 /data/TRANSIENT_BUFFER/PDR_GULP_data002.pcap_18_07_2026_23_57_1784399237.PCAP_PDR
-rw------- 1 dsp dsp 2.0G Jul 18 23:57 /data/TRANSIENT_BUFFER/PDR_GULP_data000.pcap_18_07_2026_23_57_1784399266.PCAP_PDR
-rw------- 1 dsp dsp 2.0G Jul 18 23:58 /data/TRANSIENT_BUFFER/PDR_GULP_data001.pcap_18_07_2026_23_58_1784399296.PCAP_PDR
-rw------- 1 dsp dsp 2.0G Jul 18 23:58 /data/TRANSIENT_BUFFER/PDR_GULP_data002.pcap_18_07_2026_23_58_1784399325.PCAP_PDR
-rw------- 1 dsp dsp 2.0G Jul 18 23:59 /data/TRANSIENT_BUFFER/PDR_GULP_data000.pcap_18_07_2026_23_59_1784399354.PCAP_PDR
-rw------- 1 dsp dsp 2.0G Jul 18 23:59 /data/TRANSIENT_BUFFER/PDR_GULP_data001.pcap_18_07_2026_23_59_1784399383.PCAP_PDR
-rw------- 1 dsp dsp 2.0G Jul 19 00:00 /data/TRANSIENT_BUFFER/PDR_GULP_data002.pcap_19_07_2026_00_00_1784399412.PCAP_PDR
-rw------- 1 dsp dsp 2.0G Jul 19 00:00 /data/TRANSIENT_BUFFER/PDR_GULP_data000.pcap_19_07_2026_00_00_1784399442.PCAP_PDR
-rw------- 1 dsp dsp 2.0G Jul 19 00:01 /data/TRANSIENT_BUFFER/PDR_GULP_data001.pcap_19_07_2026_00_01_1784399471.PCAP_PDR
-rw------- 1 dsp dsp 2.0G Jul 19 00:01 /data/TRANSIENT_BUFFER/PDR_GULP_data002.pcap_19_07_2026_00_01_1784399500.PCAP_PDR
-rw------- 1 dsp dsp 2.0G Jul 19 00:02 /data/TRANSIENT_BUFFER/PDR_GULP_data000.pcap_19_07_2026_00_02_1784399529.PCAP_PDR
-rw------- 1 dsp dsp 2.0G Jul 19 00:02 /data/TRANSIENT_BUFFER/PDR_GULP_data001.pcap_19_07_2026_00_02_1784399558.PCAP_PDR
-rw------- 1 dsp dsp 2.0G Jul 19 00:03 /data/TRANSIENT_BUFFER/PDR_GULP_data002.pcap_19_07_2026_00_03_1784399588.PCAP_PDR
-rw------- 1 dsp dsp 2.0G Jul 19 00:03 /data/TRANSIENT_BUFFER/PDR_GULP_data000.pcap_19_07_2026_00_03_1784399617.PCAP_PDR
-rw------- 1 dsp dsp 2.0G Jul 19 00:04 /data/TRANSIENT_BUFFER/PDR_GULP_data001.pcap_19_07_2026_00_04_1784399646.PCAP_PDR
-rw------- 1 dsp dsp 2.0G Jul 19 00:04 /data/TRANSIENT_BUFFER/PDR_GULP_data002.pcap_19_07_2026_00_04_1784399675.PCAP_PDR
-rw------- 1 dsp dsp 2.0G Jul 19 00:05 /data/TRANSIENT_BUFFER/PDR_GULP_data000.pcap_19_07_2026_00_05_1784399705.PCAP_PDR
-rw------- 1 dsp dsp 2.0G Jul 19 00:05 /data/TRANSIENT_BUFFER/PDR_GULP_data001.pcap_19_07_2026_00_05_1784399734.PCAP_PDR
-rw------- 1 dsp dsp 2.0G Jul 19 00:06 /data/TRANSIENT_BUFFER/PDR_GULP_data002.pcap_19_07_2026_00_06_1784399763.PCAP_PDR
-rw------- 1 dsp dsp 2.0G Jul 19 00:06 /data/TRANSIENT_BUFFER/PDR_GULP_data000.pcap_19_07_2026_00_06_1784399792.PCAP_PDR
-rw------- 1 dsp dsp 2.0G Jul 19 00:06 /data/TRANSIENT_BUFFER/PDR_GULP_data001.pcap_19_07_2026_00_07_1784399821.PCAP_PDR
-rw------- 1 dsp dsp 2.0G Jul 19 00:07 /data/TRANSIENT_BUFFER/PDR_GULP_data002.pcap_19_07_2026_00_07_1784399851.PCAP_PDR
-rw------- 1 dsp dsp 2.0G Jul 19 00:07 /data/TRANSIENT_BUFFER/PDR_GULP_data000.pcap_19_07_2026_00_08_1784399880.PCAP_PDR
-rw------- 1 dsp dsp 2.0G Jul 19 00:08 /data/TRANSIENT_BUFFER/PDR_GULP_data001.pcap_19_07_2026_00_08_1784399909.PCAP_PDR
-rw------- 1 dsp dsp 2.0G Jul 19 00:08 /data/TRANSIENT_BUFFER/PDR_GULP_data002.pcap_19_07_2026_00_08_1784399938.PCAP_PDR
-rw------- 1 dsp dsp 2.0G Jul 19 00:09 /data/TRANSIENT_BUFFER/PDR_GULP_data000.pcap_19_07_2026_00_09_1784399967.PCAP_PDR
-rw------- 1 dsp dsp 2.0G Jul 19 00:09 /data/TRANSIENT_BUFFER/PDR_GULP_data001.pcap_19_07_2026_00_09_1784399997.PCAP_PDR
-rw------- 1 dsp dsp 2.0G Jul 19 00:10 /data/TRANSIENT_BUFFER/PDR_GULP_data002.pcap_19_07_2026_00_10_1784400026.PCAP_PDR
-rw------- 1 dsp dsp 2.0G Jul 19 00:10 /data/TRANSIENT_BUFFER/PDR_GULP_data000.pcap_19_07_2026_00_10_1784400055.PCAP_PDR
-rw------- 1 dsp dsp 2.0G Jul 19 00:11 /data/TRANSIENT_BUFFER/PDR_GULP_data001.pcap_19_07_2026_00_11_1784400084.PCAP_PDR
-rw------- 1 dsp dsp 2.0G Jul 19 00:11 /data/TRANSIENT_BUFFER/PDR_GULP_data002.pcap_19_07_2026_00_11_1784400113.PCAP_PDR
-rw------- 1 dsp dsp 2.0G Jul 19 00:12 /data/TRANSIENT_BUFFER/PDR_GULP_data000.pcap_19_07_2026_00_12_1784400143.PCAP_PDR
-rw------- 1 dsp dsp 2.0G Jul 19 00:12 /data/TRANSIENT_BUFFER/PDR_GULP_data001.pcap_19_07_2026_00_12_1784400172.PCAP_PDR
-rw------- 1 dsp dsp 2.0G Jul 19 00:13 /data/TRANSIENT_BUFFER/PDR_GULP_data002.pcap_19_07_2026_00_13_1784400201.PCAP_PDR
-rw------- 1 dsp dsp 2.0G Jul 19 00:13 /data/TRANSIENT_BUFFER/PDR_GULP_data000.pcap_19_07_2026_00_13_1784400230.PCAP_PDR
-rw------- 1 dsp dsp 2.0G Jul 19 00:14 /data/TRANSIENT_BUFFER/PDR_GULP_data001.pcap_19_07_2026_00_14_1784400259.PCAP_PDR
-rw------- 1 dsp dsp 2.0G Jul 19 00:14 /data/TRANSIENT_BUFFER/PDR_GULP_data002.pcap_19_07_2026_00_14_1784400289.PCAP_PDR
-rw------- 1 dsp dsp 2.0G Jul 19 00:15 /data/TRANSIENT_BUFFER/PDR_GULP_data000.pcap_19_07_2026_00_15_1784400318.PCAP_PDR
-rw------- 1 dsp dsp 2.0G Jul 19 00:15 /data/TRANSIENT_BUFFER/PDR_GULP_data001.pcap_19_07_2026_00_15_1784400347.PCAP_PDR
-rw------- 1 dsp dsp 2.0G Jul 19 00:16 /data/TRANSIENT_BUFFER/PDR_GULP_data002.pcap_19_07_2026_00_16_1784400376.PCAP_PDR
-rw------- 1 dsp dsp 2.0G Jul 19 00:16 /data/TRANSIENT_BUFFER/PDR_GULP_data000.pcap_19_07_2026_00_16_1784400406.PCAP_PDR
-rw------- 1 dsp dsp 2.0G Jul 19 00:17 /data/TRANSIENT_BUFFER/PDR_GULP_data001.pcap_19_07_2026_00_17_1784400435.PCAP_PDR
-rw------- 1 dsp dsp 2.0G Jul 19 00:17 /data/TRANSIENT_BUFFER/PDR_GULP_data002.pcap_19_07_2026_00_17_1784400464.PCAP_PDR
-rw------- 1 dsp dsp 2.0G Jul 19 00:18 /data/TRANSIENT_BUFFER/PDR_GULP_data000.pcap_19_07_2026_00_18_1784400493.PCAP_PDR
-rw------- 1 dsp dsp 2.0G Jul 19 00:18 /data/TRANSIENT_BUFFER/PDR_GULP_data001.pcap_19_07_2026_00_18_1784400522.PCAP_PDR
-rw------- 1 dsp dsp 2.0G Jul 19 00:19 /data/TRANSIENT_BUFFER/PDR_GULP_data002.pcap_19_07_2026_00_19_1784400552.PCAP_PDR
-rw------- 1 dsp dsp 2.0G Jul 19 00:19 /data/TRANSIENT_BUFFER/PDR_GULP_data000.pcap_19_07_2026_00_19_1784400581.PCAP_PDR
19-07-2026 00:20 RAW PCAP data moved from Transient Buffer.
19-07-2026 00:20 SLIP check Started ...
19-07-2026 00:20 - WARNING - Data Directory: /data/dsp/GBD_TRANSIENT_BUFFER/J1921+2153/18_07_2026
19-07-2026 00:20 - WARNING - Number of Files: 100
19-07-2026 00:20 - WARNING - No packet loss: /data/dsp/GBD_TRANSIENT_BUFFER/J1921+2153/18_07_2026/PDR_GULP_data000.pcap_18_07_2026_23_31_1784397689.PCAP_PDR
19-07-2026 00:20 - WARNING - first_pkt_count, first_gps_count, first_pkt_Tstamp
19-07-2026 00:20 - WARNING - 3758073655 46724 2026-07-18T18:00:57.212629
19-07-2026 00:20 - WARNING - last_pkt_count, last_gps_count, last_pkt_Tstamp
19-07-2026 00:20 - WARNING - 3759956197 46753 2026-07-18T18:01:26.418183
19-07-2026 00:20 - WARNING - diff_pkt_count  , diff_gps_count ,  diff_pkt_timstamp
19-07-2026 00:20 - WARNING - 1882542 29 29205554 microseconds
19-07-2026 00:20 - WARNING - No packet loss: /data/dsp/GBD_TRANSIENT_BUFFER/J1921+2153/18_07_2026/PDR_GULP_data001.pcap_18_07_2026_23_31_1784397718.PCAP_PDR
19-07-2026 00:20 - WARNING - first_pkt_count, first_gps_count, first_pkt_Tstamp
19-07-2026 00:20 - WARNING - 3759956198 46753 2026-07-18T18:01:26.418183
19-07-2026 00:20 - WARNING - last_pkt_count, last_gps_count, last_pkt_Tstamp
19-07-2026 00:20 - WARNING - 3761838739 46782 2026-07-18T18:01:55.623715
19-07-2026 00:20 - WARNING - diff_pkt_count  , diff_gps_count ,  diff_pkt_timstamp
19-07-2026 00:20 - WARNING - 1882541 29 29205532 microseconds
19-07-2026 00:20 - WARNING - No packet loss: /data/dsp/GBD_TRANSIENT_BUFFER/J1921+2153/18_07_2026/PDR_GULP_data002.pcap_18_07_2026_23_32_1784397747.PCAP_PDR
19-07-2026 00:20 - WARNING - first_pkt_count, first_gps_count, first_pkt_Tstamp
19-07-2026 00:20 - WARNING - 3761838740 46782 2026-07-18T18:01:55.623715
19-07-2026 00:20 - WARNING - last_pkt_count, last_gps_count, last_pkt_Tstamp
19-07-2026 00:20 - WARNING - 3763721281 46812 2026-07-18T18:02:24.829204
19-07-2026 00:20 - WARNING - diff_pkt_count  , diff_gps_count ,  diff_pkt_timstamp
19-07-2026 00:20 - WARNING - 1882541 30 29205489 microseconds
19-07-2026 00:20 - WARNING - No packet loss: /data/dsp/GBD_TRANSIENT_BUFFER/J1921+2153/18_07_2026/PDR_GULP_data000.pcap_18_07_2026_23_32_1784397777.PCAP_PDR
19-07-2026 00:20 - WARNING - first_pkt_count, first_gps_count, first_pkt_Tstamp
19-07-2026 00:20 - WARNING - 3763721282 46812 2026-07-18T18:02:24.829204
19-07-2026 00:20 - WARNING - last_pkt_count, last_gps_count, last_pkt_Tstamp
19-07-2026 00:20 - WARNING - 3765603823 46841 2026-07-18T18:02:54.034812
19-07-2026 00:20 - WARNING - diff_pkt_count  , diff_gps_count ,  diff_pkt_timstamp
19-07-2026 00:20 - WARNING - 1882541 29 29205608 microseconds
19-07-2026 00:20 - WARNING - No packet loss: /data/dsp/GBD_TRANSIENT_BUFFER/J1921+2153/18_07_2026/PDR_GULP_data001.pcap_18_07_2026_23_33_1784397806.PCAP_PDR
19-07-2026 00:20 - WARNING - first_pkt_count, first_gps_count, first_pkt_Tstamp
19-07-2026 00:20 - WARNING - 3765603824 46841 2026-07-18T18:02:54.034813
19-07-2026 00:20 - WARNING - last_pkt_count, last_gps_count, last_pkt_Tstamp
19-07-2026 00:20 - WARNING - 3767486365 46870 2026-07-18T18:03:23.240365
19-07-2026 00:20 - WARNING - diff_pkt_count  , diff_gps_count ,  diff_pkt_timstamp
19-07-2026 00:20 - WARNING - 1882541 29 29205552 microseconds
19-07-2026 00:20 - WARNING - No packet loss: /data/dsp/GBD_TRANSIENT_BUFFER/J1921+2153/18_07_2026/PDR_GULP_data002.pcap_18_07_2026_23_33_1784397835.PCAP_PDR
19-07-2026 00:20 - WARNING - first_pkt_count, first_gps_count, first_pkt_Tstamp
19-07-2026 00:20 - WARNING - 3767486366 46870 2026-07-18T18:03:23.240365
19-07-2026 00:20 - WARNING - last_pkt_count, last_gps_count, last_pkt_Tstamp
19-07-2026 00:20 - WARNING - 3769368907 46899 2026-07-18T18:03:52.445915
19-07-2026 00:20 - WARNING - diff_pkt_count  , diff_gps_count ,  diff_pkt_timstamp
19-07-2026 00:20 - WARNING - 1882541 29 29205550 microseconds
19-07-2026 00:20 - WARNING - No packet loss: /data/dsp/GBD_TRANSIENT_BUFFER/J1921+2153/18_07_2026/PDR_GULP_data000.pcap_18_07_2026_23_34_1784397864.PCAP_PDR
19-07-2026 00:20 - WARNING - first_pkt_count, first_gps_count, first_pkt_Tstamp
19-07-2026 00:20 - WARNING - 3769368908 46899 2026-07-18T18:03:52.445915
19-07-2026 00:20 - WARNING - last_pkt_count, last_gps_count, last_pkt_Tstamp
19-07-2026 00:20 - WARNING - 3771251450 46928 2026-07-18T18:04:21.651412
19-07-2026 00:20 - WARNING - diff_pkt_count  , diff_gps_count ,  diff_pkt_timstamp
19-07-2026 00:20 - WARNING - 1882542 29 29205497 microseconds
19-07-2026 00:20 - WARNING - No packet loss: /data/dsp/GBD_TRANSIENT_BUFFER/J1921+2153/18_07_2026/PDR_GULP_data001.pcap_18_07_2026_23_34_1784397893.PCAP_PDR
19-07-2026 00:20 - WARNING - first_pkt_count, first_gps_count, first_pkt_Tstamp
19-07-2026 00:20 - WARNING - 3771251451 46928 2026-07-18T18:04:21.651500
19-07-2026 00:20 - WARNING - last_pkt_count, last_gps_count, last_pkt_Tstamp
19-07-2026 00:20 - WARNING - 3773133992 46958 2026-07-18T18:04:50.857033
19-07-2026 00:20 - WARNING - diff_pkt_count  , diff_gps_count ,  diff_pkt_timstamp
19-07-2026 00:20 - WARNING - 1882541 30 29205533 microseconds
19-07-2026 00:20 - WARNING - No packet loss: /data/dsp/GBD_TRANSIENT_BUFFER/J1921+2153/18_07_2026/PDR_GULP_data002.pcap_18_07_2026_23_35_1784397923.PCAP_PDR
19-07-2026 00:20 - WARNING - first_pkt_count, first_gps_count, first_pkt_Tstamp
19-07-2026 00:20 - WARNING - 3773133993 46958 2026-07-18T18:04:50.857033
19-07-2026 00:20 - WARNING - last_pkt_count, last_gps_count, last_pkt_Tstamp
19-07-2026 00:20 - WARNING - 3775016534 46987 2026-07-18T18:05:20.062578
19-07-2026 00:20 - WARNING - diff_pkt_count  , diff_gps_count ,  diff_pkt_timstamp
19-07-2026 00:20 - WARNING - 1882541 29 29205545 microseconds
19-07-2026 00:20 - WARNING - No packet loss: /data/dsp/GBD_TRANSIENT_BUFFER/J1921+2153/18_07_2026/PDR_GULP_data000.pcap_18_07_2026_23_35_1784397952.PCAP_PDR
19-07-2026 00:20 - WARNING - first_pkt_count, first_gps_count, first_pkt_Tstamp
19-07-2026 00:20 - WARNING - 3775016535 46987 2026-07-18T18:05:20.062578
19-07-2026 00:20 - WARNING - last_pkt_count, last_gps_count, last_pkt_Tstamp
19-07-2026 00:20 - WARNING - 3776899076 47016 2026-07-18T18:05:49.268101
19-07-2026 00:20 - WARNING - diff_pkt_count  , diff_gps_count ,  diff_pkt_timstamp
19-07-2026 00:20 - WARNING - 1882541 29 29205523 microseconds
19-07-2026 00:20 - WARNING - No packet loss: /data/dsp/GBD_TRANSIENT_BUFFER/J1921+2153/18_07_2026/PDR_GULP_data001.pcap_18_07_2026_23_36_1784397981.PCAP_PDR
19-07-2026 00:20 - WARNING - first_pkt_count, first_gps_count, first_pkt_Tstamp
19-07-2026 00:20 - WARNING - 3776899077 47016 2026-07-18T18:05:49.268101
19-07-2026 00:20 - WARNING - last_pkt_count, last_gps_count, last_pkt_Tstamp
19-07-2026 00:20 - WARNING - 3778781618 47045 2026-07-18T18:06:18.473659
19-07-2026 00:20 - WARNING - diff_pkt_count  , diff_gps_count ,  diff_pkt_timstamp
19-07-2026 00:20 - WARNING - 1882541 29 29205558 microseconds
19-07-2026 00:20 - WARNING - No packet loss: /data/dsp/GBD_TRANSIENT_BUFFER/J1921+2153/18_07_2026/PDR_GULP_data002.pcap_18_07_2026_23_36_1784398010.PCAP_PDR
19-07-2026 00:20 - WARNING - first_pkt_count, first_gps_count, first_pkt_Tstamp
19-07-2026 00:20 - WARNING - 3778781619 47045 2026-07-18T18:06:18.473659
19-07-2026 00:20 - WARNING - last_pkt_count, last_gps_count, last_pkt_Tstamp
19-07-2026 00:20 - WARNING - 3780664160 47074 2026-07-18T18:06:47.679249
19-07-2026 00:20 - WARNING - diff_pkt_count  , diff_gps_count ,  diff_pkt_timstamp
19-07-2026 00:20 - WARNING - 1882541 29 29205590 microseconds
19-07-2026 00:20 - WARNING - No packet loss: /data/dsp/GBD_TRANSIENT_BUFFER/J1921+2153/18_07_2026/PDR_GULP_data000.pcap_18_07_2026_23_37_1784398039.PCAP_PDR
19-07-2026 00:20 - WARNING - first_pkt_count, first_gps_count, first_pkt_Tstamp
19-07-2026 00:20 - WARNING - 3780664161 47074 2026-07-18T18:06:47.679249
19-07-2026 00:20 - WARNING - last_pkt_count, last_gps_count, last_pkt_Tstamp
19-07-2026 00:20 - WARNING - 3782546703 47104 2026-07-18T18:07:16.884815
19-07-2026 00:20 - WARNING - diff_pkt_count  , diff_gps_count ,  diff_pkt_timstamp
19-07-2026 00:20 - WARNING - 1882542 30 29205566 microseconds
19-07-2026 00:20 - WARNING - No packet loss: /data/dsp/GBD_TRANSIENT_BUFFER/J1921+2153/18_07_2026/PDR_GULP_data001.pcap_18_07_2026_23_37_1784398069.PCAP_PDR
19-07-2026 00:20 - WARNING - first_pkt_count, first_gps_count, first_pkt_Tstamp
19-07-2026 00:20 - WARNING - 3782546704 47104 2026-07-18T18:07:16.884816
19-07-2026 00:20 - WARNING - last_pkt_count, last_gps_count, last_pkt_Tstamp
19-07-2026 00:20 - WARNING - 3784429245 47133 2026-07-18T18:07:46.090347
19-07-2026 00:20 - WARNING - diff_pkt_count  , diff_gps_count ,  diff_pkt_timstamp
19-07-2026 00:20 - WARNING - 1882541 29 29205531 microseconds
19-07-2026 00:20 - WARNING - No packet loss: /data/dsp/GBD_TRANSIENT_BUFFER/J1921+2153/18_07_2026/PDR_GULP_data002.pcap_18_07_2026_23_38_1784398098.PCAP_PDR
19-07-2026 00:20 - WARNING - first_pkt_count, first_gps_count, first_pkt_Tstamp
19-07-2026 00:20 - WARNING - 3784429246 47133 2026-07-18T18:07:46.090347
19-07-2026 00:20 - WARNING - last_pkt_count, last_gps_count, last_pkt_Tstamp
19-07-2026 00:20 - WARNING - 3786311787 47162 2026-07-18T18:08:15.295915
19-07-2026 00:20 - WARNING - diff_pkt_count  , diff_gps_count ,  diff_pkt_timstamp
19-07-2026 00:20 - WARNING - 1882541 29 29205568 microseconds
19-07-2026 00:20 - WARNING - No packet loss: /data/dsp/GBD_TRANSIENT_BUFFER/J1921+2153/18_07_2026/PDR_GULP_data000.pcap_18_07_2026_23_38_1784398127.PCAP_PDR
19-07-2026 00:20 - WARNING - first_pkt_count, first_gps_count, first_pkt_Tstamp
19-07-2026 00:20 - WARNING - 3786311788 47162 2026-07-18T18:08:15.295915
19-07-2026 00:20 - WARNING - last_pkt_count, last_gps_count, last_pkt_Tstamp
19-07-2026 00:20 - WARNING - 3788194329 47191 2026-07-18T18:08:44.501443
19-07-2026 00:20 - WARNING - diff_pkt_count  , diff_gps_count ,  diff_pkt_timstamp
19-07-2026 00:20 - WARNING - 1882541 29 29205528 microseconds
19-07-2026 00:20 - WARNING - No packet loss: /data/dsp/GBD_TRANSIENT_BUFFER/J1921+2153/18_07_2026/PDR_GULP_data001.pcap_18_07_2026_23_39_1784398156.PCAP_PDR
19-07-2026 00:20 - WARNING - first_pkt_count, first_gps_count, first_pkt_Tstamp
19-07-2026 00:20 - WARNING - 3788194330 47191 2026-07-18T18:08:44.501496
19-07-2026 00:20 - WARNING - last_pkt_count, last_gps_count, last_pkt_Tstamp
19-07-2026 00:20 - WARNING - 3790076871 47220 2026-07-18T18:09:13.707027
19-07-2026 00:20 - WARNING - diff_pkt_count  , diff_gps_count ,  diff_pkt_timstamp
19-07-2026 00:20 - WARNING - 1882541 29 29205531 microseconds
19-07-2026 00:20 - WARNING - No packet loss: /data/dsp/GBD_TRANSIENT_BUFFER/J1921+2153/18_07_2026/PDR_GULP_data002.pcap_18_07_2026_23_39_1784398185.PCAP_PDR
19-07-2026 00:20 - WARNING - first_pkt_count, first_gps_count, first_pkt_Tstamp
19-07-2026 00:20 - WARNING - 3790076872 47220 2026-07-18T18:09:13.707027
19-07-2026 00:20 - WARNING - last_pkt_count, last_gps_count, last_pkt_Tstamp
19-07-2026 00:20 - WARNING - 3791959413 47250 2026-07-18T18:09:42.912590
19-07-2026 00:20 - WARNING - diff_pkt_count  , diff_gps_count ,  diff_pkt_timstamp
19-07-2026 00:20 - WARNING - 1882541 30 29205563 microseconds
19-07-2026 00:20 - WARNING - No packet loss: /data/dsp/GBD_TRANSIENT_BUFFER/J1921+2153/18_07_2026/PDR_GULP_data000.pcap_18_07_2026_23_40_1784398215.PCAP_PDR
19-07-2026 00:20 - WARNING - first_pkt_count, first_gps_count, first_pkt_Tstamp
19-07-2026 00:20 - WARNING - 3791959414 47250 2026-07-18T18:09:42.912590
19-07-2026 00:20 - WARNING - last_pkt_count, last_gps_count, last_pkt_Tstamp
19-07-2026 00:20 - WARNING - 3793841956 47279 2026-07-18T18:10:12.118165
19-07-2026 00:20 - WARNING - diff_pkt_count  , diff_gps_count ,  diff_pkt_timstamp
19-07-2026 00:20 - WARNING - 1882542 29 29205575 microseconds
19-07-2026 00:20 - WARNING - No packet loss: /data/dsp/GBD_TRANSIENT_BUFFER/J1921+2153/18_07_2026/PDR_GULP_data001.pcap_18_07_2026_23_40_1784398244.PCAP_PDR
19-07-2026 00:20 - WARNING - first_pkt_count, first_gps_count, first_pkt_Tstamp
19-07-2026 00:20 - WARNING - 3793841957 47279 2026-07-18T18:10:12.118165
19-07-2026 00:20 - WARNING - last_pkt_count, last_gps_count, last_pkt_Tstamp
19-07-2026 00:20 - WARNING - 3795724498 47308 2026-07-18T18:10:41.323703
19-07-2026 00:20 - WARNING - diff_pkt_count  , diff_gps_count ,  diff_pkt_timstamp
19-07-2026 00:20 - WARNING - 1882541 29 29205538 microseconds
19-07-2026 00:20 - WARNING - No packet loss: /data/dsp/GBD_TRANSIENT_BUFFER/J1921+2153/18_07_2026/PDR_GULP_data002.pcap_18_07_2026_23_41_1784398273.PCAP_PDR
19-07-2026 00:20 - WARNING - first_pkt_count, first_gps_count, first_pkt_Tstamp
19-07-2026 00:20 - WARNING - 3795724499 47308 2026-07-18T18:10:41.323703
19-07-2026 00:20 - WARNING - last_pkt_count, last_gps_count, last_pkt_Tstamp
19-07-2026 00:20 - WARNING - 3797607040 47337 2026-07-18T18:11:10.529228
19-07-2026 00:20 - WARNING - diff_pkt_count  , diff_gps_count ,  diff_pkt_timstamp
19-07-2026 00:20 - WARNING - 1882541 29 29205525 microseconds
19-07-2026 00:20 - WARNING - No packet loss: /data/dsp/GBD_TRANSIENT_BUFFER/J1921+2153/18_07_2026/PDR_GULP_data000.pcap_18_07_2026_23_41_1784398302.PCAP_PDR
19-07-2026 00:20 - WARNING - first_pkt_count, first_gps_count, first_pkt_Tstamp
19-07-2026 00:20 - WARNING - 3797607041 47337 2026-07-18T18:11:10.529283
19-07-2026 00:20 - WARNING - last_pkt_count, last_gps_count, last_pkt_Tstamp
19-07-2026 00:20 - WARNING - 3799489582 47366 2026-07-18T18:11:39.734816
19-07-2026 00:20 - WARNING - diff_pkt_count  , diff_gps_count ,  diff_pkt_timstamp
19-07-2026 00:20 - WARNING - 1882541 29 29205533 microseconds
19-07-2026 00:20 - WARNING - No packet loss: /data/dsp/GBD_TRANSIENT_BUFFER/J1921+2153/18_07_2026/PDR_GULP_data001.pcap_18_07_2026_23_42_1784398331.PCAP_PDR
19-07-2026 00:20 - WARNING - first_pkt_count, first_gps_count, first_pkt_Tstamp
19-07-2026 00:20 - WARNING - 3799489583 47366 2026-07-18T18:11:39.734817
19-07-2026 00:20 - WARNING - last_pkt_count, last_gps_count, last_pkt_Tstamp
19-07-2026 00:20 - WARNING - 3801372124 47396 2026-07-18T18:12:08.940350
19-07-2026 00:20 - WARNING - diff_pkt_count  , diff_gps_count ,  diff_pkt_timstamp
19-07-2026 00:20 - WARNING - 1882541 30 29205533 microseconds
19-07-2026 00:20 - WARNING - No packet loss: /data/dsp/GBD_TRANSIENT_BUFFER/J1921+2153/18_07_2026/PDR_GULP_data002.pcap_18_07_2026_23_42_1784398361.PCAP_PDR
19-07-2026 00:20 - WARNING - first_pkt_count, first_gps_count, first_pkt_Tstamp
19-07-2026 00:20 - WARNING - 3801372125 47396 2026-07-18T18:12:08.940350
19-07-2026 00:20 - WARNING - last_pkt_count, last_gps_count, last_pkt_Tstamp
19-07-2026 00:20 - WARNING - 3803254667 47425 2026-07-18T18:12:38.145918
19-07-2026 00:20 - WARNING - diff_pkt_count  , diff_gps_count ,  diff_pkt_timstamp
19-07-2026 00:20 - WARNING - 1882542 29 29205568 microseconds
19-07-2026 00:20 - WARNING - No packet loss: /data/dsp/GBD_TRANSIENT_BUFFER/J1921+2153/18_07_2026/PDR_GULP_data000.pcap_18_07_2026_23_43_1784398390.PCAP_PDR
19-07-2026 00:20 - WARNING - first_pkt_count, first_gps_count, first_pkt_Tstamp
19-07-2026 00:20 - WARNING - 3803254668 47425 2026-07-18T18:12:38.145971
19-07-2026 00:20 - WARNING - last_pkt_count, last_gps_count, last_pkt_Tstamp
19-07-2026 00:20 - WARNING - 3805137209 47454 2026-07-18T18:13:07.351480
19-07-2026 00:20 - WARNING - diff_pkt_count  , diff_gps_count ,  diff_pkt_timstamp
19-07-2026 00:20 - WARNING - 1882541 29 29205509 microseconds
19-07-2026 00:20 - WARNING - No packet loss: /data/dsp/GBD_TRANSIENT_BUFFER/J1921+2153/18_07_2026/PDR_GULP_data001.pcap_18_07_2026_23_43_1784398419.PCAP_PDR
19-07-2026 00:20 - WARNING - first_pkt_count, first_gps_count, first_pkt_Tstamp
19-07-2026 00:20 - WARNING - 3805137210 47454 2026-07-18T18:13:07.351481
19-07-2026 00:20 - WARNING - last_pkt_count, last_gps_count, last_pkt_Tstamp
19-07-2026 00:20 - WARNING - 3807019751 47483 2026-07-18T18:13:36.821563
19-07-2026 00:20 - WARNING - diff_pkt_count  , diff_gps_count ,  diff_pkt_timstamp
19-07-2026 00:20 - WARNING - 1882541 29 29470082 microseconds
19-07-2026 00:20 - WARNING - No packet loss: /data/dsp/GBD_TRANSIENT_BUFFER/J1921+2153/18_07_2026/PDR_GULP_data002.pcap_18_07_2026_23_44_1784398449.PCAP_PDR
19-07-2026 00:20 - WARNING - first_pkt_count, first_gps_count, first_pkt_Tstamp
19-07-2026 00:20 - WARNING - 3807019752 47483 2026-07-18T18:13:36.821616
19-07-2026 00:20 - WARNING - last_pkt_count, last_gps_count, last_pkt_Tstamp
19-07-2026 00:20 - WARNING - 3808902293 47513 2026-07-18T18:14:06.045697
19-07-2026 00:20 - WARNING - diff_pkt_count  , diff_gps_count ,  diff_pkt_timstamp
19-07-2026 00:20 - WARNING - 1882541 30 29224081 microseconds
19-07-2026 00:20 - WARNING - No packet loss: /data/dsp/GBD_TRANSIENT_BUFFER/J1921+2153/18_07_2026/PDR_GULP_data000.pcap_18_07_2026_23_44_1784398478.PCAP_PDR
19-07-2026 00:20 - WARNING - first_pkt_count, first_gps_count, first_pkt_Tstamp
19-07-2026 00:20 - WARNING - 3808902294 47513 2026-07-18T18:14:06.045698
19-07-2026 00:20 - WARNING - last_pkt_count, last_gps_count, last_pkt_Tstamp
19-07-2026 00:20 - WARNING - 3810784835 47542 2026-07-18T18:14:35.265162
19-07-2026 00:20 - WARNING - diff_pkt_count  , diff_gps_count ,  diff_pkt_timstamp
19-07-2026 00:20 - WARNING - 1882541 29 29219464 microseconds
19-07-2026 00:20 - WARNING - No packet loss: /data/dsp/GBD_TRANSIENT_BUFFER/J1921+2153/18_07_2026/PDR_GULP_data001.pcap_18_07_2026_23_45_1784398507.PCAP_PDR
19-07-2026 00:20 - WARNING - first_pkt_count, first_gps_count, first_pkt_Tstamp
19-07-2026 00:20 - WARNING - 3810784836 47542 2026-07-18T18:14:35.265162
19-07-2026 00:20 - WARNING - last_pkt_count, last_gps_count, last_pkt_Tstamp
19-07-2026 00:20 - WARNING - 3812667377 47571 2026-07-18T18:15:04.473447
19-07-2026 00:20 - WARNING - diff_pkt_count  , diff_gps_count ,  diff_pkt_timstamp
19-07-2026 00:20 - WARNING - 1882541 29 29208285 microseconds
19-07-2026 00:20 - WARNING - No packet loss: /data/dsp/GBD_TRANSIENT_BUFFER/J1921+2153/18_07_2026/PDR_GULP_data002.pcap_18_07_2026_23_45_1784398536.PCAP_PDR
19-07-2026 00:20 - WARNING - first_pkt_count, first_gps_count, first_pkt_Tstamp
19-07-2026 00:20 - WARNING - 3812667378 47571 2026-07-18T18:15:04.473447
19-07-2026 00:20 - WARNING - last_pkt_count, last_gps_count, last_pkt_Tstamp
19-07-2026 00:20 - WARNING - 3814549920 47600 2026-07-18T18:15:33.680923
19-07-2026 00:20 - WARNING - diff_pkt_count  , diff_gps_count ,  diff_pkt_timstamp
19-07-2026 00:20 - WARNING - 1882542 29 29207476 microseconds
19-07-2026 00:20 - WARNING - No packet loss: /data/dsp/GBD_TRANSIENT_BUFFER/J1921+2153/18_07_2026/PDR_GULP_data000.pcap_18_07_2026_23_46_1784398565.PCAP_PDR
19-07-2026 00:20 - WARNING - first_pkt_count, first_gps_count, first_pkt_Tstamp
19-07-2026 00:20 - WARNING - 3814549921 47600 2026-07-18T18:15:33.680923
19-07-2026 00:20 - WARNING - last_pkt_count, last_gps_count, last_pkt_Tstamp
19-07-2026 00:20 - WARNING - 3816432462 47629 2026-07-18T18:16:02.894629
19-07-2026 00:20 - WARNING - diff_pkt_count  , diff_gps_count ,  diff_pkt_timstamp
19-07-2026 00:20 - WARNING - 1882541 29 29213706 microseconds
19-07-2026 00:20 - WARNING - No packet loss: /data/dsp/GBD_TRANSIENT_BUFFER/J1921+2153/18_07_2026/PDR_GULP_data001.pcap_18_07_2026_23_46_1784398595.PCAP_PDR
19-07-2026 00:20 - WARNING - first_pkt_count, first_gps_count, first_pkt_Tstamp
19-07-2026 00:20 - WARNING - 3816432463 47629 2026-07-18T18:16:02.894629
19-07-2026 00:20 - WARNING - last_pkt_count, last_gps_count, last_pkt_Tstamp
19-07-2026 00:20 - WARNING - 3818315004 47659 2026-07-18T18:16:32.110628
19-07-2026 00:20 - WARNING - diff_pkt_count  , diff_gps_count ,  diff_pkt_timstamp
19-07-2026 00:20 - WARNING - 1882541 30 29215999 microseconds
19-07-2026 00:20 - WARNING - No packet loss: /data/dsp/GBD_TRANSIENT_BUFFER/J1921+2153/18_07_2026/PDR_GULP_data002.pcap_18_07_2026_23_47_1784398624.PCAP_PDR
19-07-2026 00:20 - WARNING - first_pkt_count, first_gps_count, first_pkt_Tstamp
19-07-2026 00:20 - WARNING - 3818315005 47659 2026-07-18T18:16:32.110720
19-07-2026 00:20 - WARNING - last_pkt_count, last_gps_count, last_pkt_Tstamp
19-07-2026 00:20 - WARNING - 3820197546 47688 2026-07-18T18:17:01.324234
19-07-2026 00:20 - WARNING - diff_pkt_count  , diff_gps_count ,  diff_pkt_timstamp
19-07-2026 00:20 - WARNING - 1882541 29 29213514 microseconds
19-07-2026 00:20 - WARNING - No packet loss: /data/dsp/GBD_TRANSIENT_BUFFER/J1921+2153/18_07_2026/PDR_GULP_data000.pcap_18_07_2026_23_47_1784398653.PCAP_PDR
19-07-2026 00:20 - WARNING - first_pkt_count, first_gps_count, first_pkt_Tstamp
19-07-2026 00:20 - WARNING - 3820197547 47688 2026-07-18T18:17:01.324234
19-07-2026 00:20 - WARNING - last_pkt_count, last_gps_count, last_pkt_Tstamp
19-07-2026 00:20 - WARNING - 3822080088 47717 2026-07-18T18:17:30.523013
19-07-2026 00:20 - WARNING - diff_pkt_count  , diff_gps_count ,  diff_pkt_timstamp
19-07-2026 00:20 - WARNING - 1882541 29 29198779 microseconds
19-07-2026 00:20 - WARNING - No packet loss: /data/dsp/GBD_TRANSIENT_BUFFER/J1921+2153/18_07_2026/PDR_GULP_data001.pcap_18_07_2026_23_48_1784398682.PCAP_PDR
19-07-2026 00:20 - WARNING - first_pkt_count, first_gps_count, first_pkt_Tstamp
19-07-2026 00:20 - WARNING - 3822080089 47717 2026-07-18T18:17:30.523014
19-07-2026 00:20 - WARNING - last_pkt_count, last_gps_count, last_pkt_Tstamp
19-07-2026 00:20 - WARNING - 3823962630 47746 2026-07-18T18:17:59.727767
19-07-2026 00:20 - WARNING - diff_pkt_count  , diff_gps_count ,  diff_pkt_timstamp
19-07-2026 00:20 - WARNING - 1882541 29 29204753 microseconds
19-07-2026 00:20 - WARNING - No packet loss: /data/dsp/GBD_TRANSIENT_BUFFER/J1921+2153/18_07_2026/PDR_GULP_data002.pcap_18_07_2026_23_48_1784398711.PCAP_PDR
19-07-2026 00:20 - WARNING - first_pkt_count, first_gps_count, first_pkt_Tstamp
19-07-2026 00:20 - WARNING - 3823962631 47746 2026-07-18T18:17:59.727850
19-07-2026 00:20 - WARNING - last_pkt_count, last_gps_count, last_pkt_Tstamp
19-07-2026 00:20 - WARNING - 3825845173 47775 2026-07-18T18:18:28.936272
19-07-2026 00:20 - WARNING - diff_pkt_count  , diff_gps_count ,  diff_pkt_timstamp
19-07-2026 00:20 - WARNING - 1882542 29 29208422 microseconds
19-07-2026 00:20 - WARNING - No packet loss: /data/dsp/GBD_TRANSIENT_BUFFER/J1921+2153/18_07_2026/PDR_GULP_data000.pcap_18_07_2026_23_49_1784398741.PCAP_PDR
19-07-2026 00:20 - WARNING - first_pkt_count, first_gps_count, first_pkt_Tstamp
19-07-2026 00:20 - WARNING - 3825845174 47775 2026-07-18T18:18:28.936325
19-07-2026 00:20 - WARNING - last_pkt_count, last_gps_count, last_pkt_Tstamp
19-07-2026 00:20 - WARNING - 3827727715 47805 2026-07-18T18:18:58.147204
19-07-2026 00:20 - WARNING - diff_pkt_count  , diff_gps_count ,  diff_pkt_timstamp
19-07-2026 00:20 - WARNING - 1882541 30 29210879 microseconds
19-07-2026 00:20 - WARNING - No packet loss: /data/dsp/GBD_TRANSIENT_BUFFER/J1921+2153/18_07_2026/PDR_GULP_data001.pcap_18_07_2026_23_49_1784398770.PCAP_PDR
19-07-2026 00:20 - WARNING - first_pkt_count, first_gps_count, first_pkt_Tstamp
19-07-2026 00:20 - WARNING - 3827727716 47805 2026-07-18T18:18:58.147204
19-07-2026 00:20 - WARNING - last_pkt_count, last_gps_count, last_pkt_Tstamp
19-07-2026 00:20 - WARNING - 3829610257 47834 2026-07-18T18:19:27.359648
19-07-2026 00:20 - WARNING - diff_pkt_count  , diff_gps_count ,  diff_pkt_timstamp
19-07-2026 00:20 - WARNING - 1882541 29 29212444 microseconds
19-07-2026 00:20 - WARNING - No packet loss: /data/dsp/GBD_TRANSIENT_BUFFER/J1921+2153/18_07_2026/PDR_GULP_data002.pcap_18_07_2026_23_49_1784398799.PCAP_PDR
19-07-2026 00:20 - WARNING - first_pkt_count, first_gps_count, first_pkt_Tstamp
19-07-2026 00:20 - WARNING - 3829610258 47834 2026-07-18T18:19:27.359649
19-07-2026 00:20 - WARNING - last_pkt_count, last_gps_count, last_pkt_Tstamp
19-07-2026 00:20 - WARNING - 3831492799 47863 2026-07-18T18:19:56.572998
19-07-2026 00:20 - WARNING - diff_pkt_count  , diff_gps_count ,  diff_pkt_timstamp
19-07-2026 00:20 - WARNING - 1882541 29 29213349 microseconds
19-07-2026 00:20 - WARNING - No packet loss: /data/dsp/GBD_TRANSIENT_BUFFER/J1921+2153/18_07_2026/PDR_GULP_data000.pcap_18_07_2026_23_50_1784398828.PCAP_PDR
19-07-2026 00:20 - WARNING - first_pkt_count, first_gps_count, first_pkt_Tstamp
19-07-2026 00:20 - WARNING - 3831492800 47863 2026-07-18T18:19:56.572998
19-07-2026 00:20 - WARNING - last_pkt_count, last_gps_count, last_pkt_Tstamp
19-07-2026 00:20 - WARNING - 3833375341 47892 2026-07-18T18:20:25.786955
19-07-2026 00:20 - WARNING - diff_pkt_count  , diff_gps_count ,  diff_pkt_timstamp
19-07-2026 00:20 - WARNING - 1882541 29 29213957 microseconds
19-07-2026 00:20 - WARNING - No packet loss: /data/dsp/GBD_TRANSIENT_BUFFER/J1921+2153/18_07_2026/PDR_GULP_data001.pcap_18_07_2026_23_50_1784398858.PCAP_PDR
19-07-2026 00:20 - WARNING - first_pkt_count, first_gps_count, first_pkt_Tstamp
19-07-2026 00:20 - WARNING - 3833375342 47892 2026-07-18T18:20:25.786955
19-07-2026 00:20 - WARNING - last_pkt_count, last_gps_count, last_pkt_Tstamp
19-07-2026 00:20 - WARNING - 3835257883 47921 2026-07-18T18:20:55.001273
19-07-2026 00:20 - WARNING - diff_pkt_count  , diff_gps_count ,  diff_pkt_timstamp
19-07-2026 00:20 - WARNING - 1882541 29 29214318 microseconds
19-07-2026 00:20 - WARNING - No packet loss: /data/dsp/GBD_TRANSIENT_BUFFER/J1921+2153/18_07_2026/PDR_GULP_data002.pcap_18_07_2026_23_51_1784398887.PCAP_PDR
19-07-2026 00:20 - WARNING - first_pkt_count, first_gps_count, first_pkt_Tstamp
19-07-2026 00:20 - WARNING - 3835257884 47921 2026-07-18T18:20:55.001273
19-07-2026 00:20 - WARNING - last_pkt_count, last_gps_count, last_pkt_Tstamp
19-07-2026 00:20 - WARNING - 3837140426 47951 2026-07-18T18:21:24.205898
19-07-2026 00:20 - WARNING - diff_pkt_count  , diff_gps_count ,  diff_pkt_timstamp
19-07-2026 00:20 - WARNING - 1882542 30 29204625 microseconds
19-07-2026 00:20 - WARNING - No packet loss: /data/dsp/GBD_TRANSIENT_BUFFER/J1921+2153/18_07_2026/PDR_GULP_data000.pcap_18_07_2026_23_51_1784398916.PCAP_PDR
19-07-2026 00:20 - WARNING - first_pkt_count, first_gps_count, first_pkt_Tstamp
19-07-2026 00:20 - WARNING - 3837140427 47951 2026-07-18T18:21:24.205898
19-07-2026 00:20 - WARNING - last_pkt_count, last_gps_count, last_pkt_Tstamp
19-07-2026 00:20 - WARNING - 3839022968 47980 2026-07-18T18:21:53.398790
19-07-2026 00:20 - WARNING - diff_pkt_count  , diff_gps_count ,  diff_pkt_timstamp
19-07-2026 00:20 - WARNING - 1882541 29 29192892 microseconds
19-07-2026 00:20 - WARNING - No packet loss: /data/dsp/GBD_TRANSIENT_BUFFER/J1921+2153/18_07_2026/PDR_GULP_data001.pcap_18_07_2026_23_52_1784398945.PCAP_PDR
19-07-2026 00:20 - WARNING - first_pkt_count, first_gps_count, first_pkt_Tstamp
19-07-2026 00:20 - WARNING - 3839022969 47980 2026-07-18T18:21:53.398791
19-07-2026 00:20 - WARNING - last_pkt_count, last_gps_count, last_pkt_Tstamp
19-07-2026 00:20 - WARNING - 3840905510 48009 2026-07-18T18:22:22.598558
19-07-2026 00:20 - WARNING - diff_pkt_count  , diff_gps_count ,  diff_pkt_timstamp
19-07-2026 00:20 - WARNING - 1882541 29 29199767 microseconds
19-07-2026 00:20 - WARNING - No packet loss: /data/dsp/GBD_TRANSIENT_BUFFER/J1921+2153/18_07_2026/PDR_GULP_data002.pcap_18_07_2026_23_52_1784398974.PCAP_PDR
19-07-2026 00:20 - WARNING - first_pkt_count, first_gps_count, first_pkt_Tstamp
19-07-2026 00:20 - WARNING - 3840905511 48009 2026-07-18T18:22:22.598610
19-07-2026 00:20 - WARNING - last_pkt_count, last_gps_count, last_pkt_Tstamp
19-07-2026 00:20 - WARNING - 3842788052 48038 2026-07-18T18:22:51.802698
19-07-2026 00:20 - WARNING - diff_pkt_count  , diff_gps_count ,  diff_pkt_timstamp
19-07-2026 00:20 - WARNING - 1882541 29 29204088 microseconds
19-07-2026 00:20 - WARNING - No packet loss: /data/dsp/GBD_TRANSIENT_BUFFER/J1921+2153/18_07_2026/PDR_GULP_data000.pcap_18_07_2026_23_53_1784399004.PCAP_PDR
19-07-2026 00:20 - WARNING - first_pkt_count, first_gps_count, first_pkt_Tstamp
19-07-2026 00:20 - WARNING - 3842788053 48038 2026-07-18T18:22:51.802699
19-07-2026 00:20 - WARNING - last_pkt_count, last_gps_count, last_pkt_Tstamp
19-07-2026 00:20 - WARNING - 3844670594 48067 2026-07-18T18:23:21.009605
19-07-2026 00:20 - WARNING - diff_pkt_count  , diff_gps_count ,  diff_pkt_timstamp
19-07-2026 00:20 - WARNING - 1882541 29 29206906 microseconds
19-07-2026 00:20 - WARNING - No packet loss: /data/dsp/GBD_TRANSIENT_BUFFER/J1921+2153/18_07_2026/PDR_GULP_data001.pcap_18_07_2026_23_53_1784399033.PCAP_PDR
19-07-2026 00:20 - WARNING - first_pkt_count, first_gps_count, first_pkt_Tstamp
19-07-2026 00:20 - WARNING - 3844670595 48067 2026-07-18T18:23:21.009605
19-07-2026 00:20 - WARNING - last_pkt_count, last_gps_count, last_pkt_Tstamp
19-07-2026 00:20 - WARNING - 3846553136 48097 2026-07-18T18:23:50.218248
19-07-2026 00:20 - WARNING - diff_pkt_count  , diff_gps_count ,  diff_pkt_timstamp
19-07-2026 00:20 - WARNING - 1882541 30 29208643 microseconds
19-07-2026 00:20 - WARNING - No packet loss: /data/dsp/GBD_TRANSIENT_BUFFER/J1921+2153/18_07_2026/PDR_GULP_data002.pcap_18_07_2026_23_54_1784399062.PCAP_PDR
19-07-2026 00:20 - WARNING - first_pkt_count, first_gps_count, first_pkt_Tstamp
19-07-2026 00:20 - WARNING - 3846553137 48097 2026-07-18T18:23:50.218248
19-07-2026 00:20 - WARNING - last_pkt_count, last_gps_count, last_pkt_Tstamp
19-07-2026 00:20 - WARNING - 3848435679 48126 2026-07-18T18:24:19.427959
19-07-2026 00:20 - WARNING - diff_pkt_count  , diff_gps_count ,  diff_pkt_timstamp
19-07-2026 00:20 - WARNING - 1882542 29 29209711 microseconds
19-07-2026 00:20 - WARNING - No packet loss: /data/dsp/GBD_TRANSIENT_BUFFER/J1921+2153/18_07_2026/PDR_GULP_data000.pcap_18_07_2026_23_54_1784399091.PCAP_PDR
19-07-2026 00:20 - WARNING - first_pkt_count, first_gps_count, first_pkt_Tstamp
19-07-2026 00:20 - WARNING - 3848435680 48126 2026-07-18T18:24:19.427959
19-07-2026 00:20 - WARNING - last_pkt_count, last_gps_count, last_pkt_Tstamp
19-07-2026 00:20 - WARNING - 3850318221 48155 2026-07-18T18:24:48.638355
19-07-2026 00:20 - WARNING - diff_pkt_count  , diff_gps_count ,  diff_pkt_timstamp
19-07-2026 00:20 - WARNING - 1882541 29 29210396 microseconds
19-07-2026 00:20 - WARNING - No packet loss: /data/dsp/GBD_TRANSIENT_BUFFER/J1921+2153/18_07_2026/PDR_GULP_data001.pcap_18_07_2026_23_55_1784399120.PCAP_PDR
19-07-2026 00:20 - WARNING - first_pkt_count, first_gps_count, first_pkt_Tstamp
19-07-2026 00:20 - WARNING - 3850318222 48155 2026-07-18T18:24:48.638407
19-07-2026 00:20 - WARNING - last_pkt_count, last_gps_count, last_pkt_Tstamp
19-07-2026 00:20 - WARNING - 3852200763 48184 2026-07-18T18:25:17.849228
19-07-2026 00:20 - WARNING - diff_pkt_count  , diff_gps_count ,  diff_pkt_timstamp
19-07-2026 00:20 - WARNING - 1882541 29 29210821 microseconds
19-07-2026 00:20 - WARNING - No packet loss: /data/dsp/GBD_TRANSIENT_BUFFER/J1921+2153/18_07_2026/PDR_GULP_data002.pcap_18_07_2026_23_55_1784399150.PCAP_PDR
19-07-2026 00:20 - WARNING - first_pkt_count, first_gps_count, first_pkt_Tstamp
19-07-2026 00:20 - WARNING - 3852200764 48184 2026-07-18T18:25:17.849228
19-07-2026 00:20 - WARNING - last_pkt_count, last_gps_count, last_pkt_Tstamp
19-07-2026 00:20 - WARNING - 3854083305 48214 2026-07-18T18:25:47.055597
19-07-2026 00:20 - WARNING - diff_pkt_count  , diff_gps_count ,  diff_pkt_timstamp
19-07-2026 00:20 - WARNING - 1882541 30 29206369 microseconds
19-07-2026 00:20 - WARNING - No packet loss: /data/dsp/GBD_TRANSIENT_BUFFER/J1921+2153/18_07_2026/PDR_GULP_data000.pcap_18_07_2026_23_56_1784399179.PCAP_PDR
19-07-2026 00:20 - WARNING - first_pkt_count, first_gps_count, first_pkt_Tstamp
19-07-2026 00:20 - WARNING - 3854083306 48214 2026-07-18T18:25:47.055597
19-07-2026 00:20 - WARNING - last_pkt_count, last_gps_count, last_pkt_Tstamp
19-07-2026 00:20 - WARNING - 3855965847 48243 2026-07-18T18:26:16.260018
19-07-2026 00:20 - WARNING - diff_pkt_count  , diff_gps_count ,  diff_pkt_timstamp
19-07-2026 00:20 - WARNING - 1882541 29 29204421 microseconds
19-07-2026 00:20 - WARNING - No packet loss: /data/dsp/GBD_TRANSIENT_BUFFER/J1921+2153/18_07_2026/PDR_GULP_data001.pcap_18_07_2026_23_56_1784399208.PCAP_PDR
19-07-2026 00:20 - WARNING - first_pkt_count, first_gps_count, first_pkt_Tstamp
19-07-2026 00:20 - WARNING - 3855965848 48243 2026-07-18T18:26:16.260018
19-07-2026 00:20 - WARNING - last_pkt_count, last_gps_count, last_pkt_Tstamp
19-07-2026 00:20 - WARNING - 3857848389 48272 2026-07-18T18:26:45.465621
19-07-2026 00:20 - WARNING - diff_pkt_count  , diff_gps_count ,  diff_pkt_timstamp
19-07-2026 00:20 - WARNING - 1882541 29 29205603 microseconds
19-07-2026 00:20 - WARNING - No packet loss: /data/dsp/GBD_TRANSIENT_BUFFER/J1921+2153/18_07_2026/PDR_GULP_data002.pcap_18_07_2026_23_57_1784399237.PCAP_PDR
19-07-2026 00:20 - WARNING - first_pkt_count, first_gps_count, first_pkt_Tstamp
19-07-2026 00:20 - WARNING - 3857848390 48272 2026-07-18T18:26:45.465621
19-07-2026 00:20 - WARNING - last_pkt_count, last_gps_count, last_pkt_Tstamp
19-07-2026 00:20 - WARNING - 3859730932 48301 2026-07-18T18:27:14.672268
19-07-2026 00:20 - WARNING - diff_pkt_count  , diff_gps_count ,  diff_pkt_timstamp
19-07-2026 00:20 - WARNING - 1882542 29 29206647 microseconds
19-07-2026 00:20 - WARNING - No packet loss: /data/dsp/GBD_TRANSIENT_BUFFER/J1921+2153/18_07_2026/PDR_GULP_data000.pcap_18_07_2026_23_57_1784399266.PCAP_PDR
19-07-2026 00:20 - WARNING - first_pkt_count, first_gps_count, first_pkt_Tstamp
19-07-2026 00:20 - WARNING - 3859730933 48301 2026-07-18T18:27:14.672333
19-07-2026 00:20 - WARNING - last_pkt_count, last_gps_count, last_pkt_Tstamp
19-07-2026 00:20 - WARNING - 3861613474 48330 2026-07-18T18:27:43.879750
19-07-2026 00:20 - WARNING - diff_pkt_count  , diff_gps_count ,  diff_pkt_timstamp
19-07-2026 00:20 - WARNING - 1882541 29 29207417 microseconds
19-07-2026 00:20 - WARNING - No packet loss: /data/dsp/GBD_TRANSIENT_BUFFER/J1921+2153/18_07_2026/PDR_GULP_data001.pcap_18_07_2026_23_58_1784399296.PCAP_PDR
19-07-2026 00:20 - WARNING - first_pkt_count, first_gps_count, first_pkt_Tstamp
19-07-2026 00:20 - WARNING - 3861613475 48330 2026-07-18T18:27:43.879838
19-07-2026 00:20 - WARNING - last_pkt_count, last_gps_count, last_pkt_Tstamp
19-07-2026 00:20 - WARNING - 3863496016 48360 2026-07-18T18:28:13.087884
19-07-2026 00:20 - WARNING - diff_pkt_count  , diff_gps_count ,  diff_pkt_timstamp
19-07-2026 00:20 - WARNING - 1882541 30 29208046 microseconds
19-07-2026 00:20 - WARNING - No packet loss: /data/dsp/GBD_TRANSIENT_BUFFER/J1921+2153/18_07_2026/PDR_GULP_data002.pcap_18_07_2026_23_58_1784399325.PCAP_PDR
19-07-2026 00:20 - WARNING - first_pkt_count, first_gps_count, first_pkt_Tstamp
19-07-2026 00:20 - WARNING - 3863496017 48360 2026-07-18T18:28:13.087885
19-07-2026 00:20 - WARNING - last_pkt_count, last_gps_count, last_pkt_Tstamp
19-07-2026 00:20 - WARNING - 3865378558 48389 2026-07-18T18:28:42.296550
19-07-2026 00:20 - WARNING - diff_pkt_count  , diff_gps_count ,  diff_pkt_timstamp
19-07-2026 00:20 - WARNING - 1882541 29 29208665 microseconds
19-07-2026 00:20 - WARNING - No packet loss: /data/dsp/GBD_TRANSIENT_BUFFER/J1921+2153/18_07_2026/PDR_GULP_data000.pcap_18_07_2026_23_59_1784399354.PCAP_PDR
19-07-2026 00:20 - WARNING - first_pkt_count, first_gps_count, first_pkt_Tstamp
19-07-2026 00:20 - WARNING - 3865378559 48389 2026-07-18T18:28:42.296550
19-07-2026 00:20 - WARNING - last_pkt_count, last_gps_count, last_pkt_Tstamp
19-07-2026 00:20 - WARNING - 3867261100 48418 2026-07-18T18:29:11.505526
19-07-2026 00:20 - WARNING - diff_pkt_count  , diff_gps_count ,  diff_pkt_timstamp
19-07-2026 00:20 - WARNING - 1882541 29 29208976 microseconds
19-07-2026 00:20 - WARNING - No packet loss: /data/dsp/GBD_TRANSIENT_BUFFER/J1921+2153/18_07_2026/PDR_GULP_data001.pcap_18_07_2026_23_59_1784399383.PCAP_PDR
19-07-2026 00:20 - WARNING - first_pkt_count, first_gps_count, first_pkt_Tstamp
19-07-2026 00:20 - WARNING - 3867261101 48418 2026-07-18T18:29:11.505527
19-07-2026 00:20 - WARNING - last_pkt_count, last_gps_count, last_pkt_Tstamp
19-07-2026 00:20 - WARNING - 3869143642 48447 2026-07-18T18:29:40.714889
19-07-2026 00:20 - WARNING - diff_pkt_count  , diff_gps_count ,  diff_pkt_timstamp
19-07-2026 00:20 - WARNING - 1882541 29 29209362 microseconds
19-07-2026 00:20 - WARNING - No packet loss: /data/dsp/GBD_TRANSIENT_BUFFER/J1921+2153/18_07_2026/PDR_GULP_data002.pcap_19_07_2026_00_00_1784399412.PCAP_PDR
19-07-2026 00:20 - WARNING - first_pkt_count, first_gps_count, first_pkt_Tstamp
19-07-2026 00:20 - WARNING - 3869143643 48447 2026-07-18T18:29:40.714889
19-07-2026 00:20 - WARNING - last_pkt_count, last_gps_count, last_pkt_Tstamp
19-07-2026 00:20 - WARNING - 3871026185 48476 2026-07-18T18:30:09.924439
19-07-2026 00:20 - WARNING - diff_pkt_count  , diff_gps_count ,  diff_pkt_timstamp
19-07-2026 00:20 - WARNING - 1882542 29 29209550 microseconds
19-07-2026 00:20 - WARNING - No packet loss: /data/dsp/GBD_TRANSIENT_BUFFER/J1921+2153/18_07_2026/PDR_GULP_data000.pcap_19_07_2026_00_00_1784399442.PCAP_PDR
19-07-2026 00:20 - WARNING - first_pkt_count, first_gps_count, first_pkt_Tstamp
19-07-2026 00:20 - WARNING - 3871026186 48476 2026-07-18T18:30:09.924491
19-07-2026 00:20 - WARNING - last_pkt_count, last_gps_count, last_pkt_Tstamp
19-07-2026 00:20 - WARNING - 3872908727 48506 2026-07-18T18:30:39.134296
19-07-2026 00:20 - WARNING - diff_pkt_count  , diff_gps_count ,  diff_pkt_timstamp
19-07-2026 00:20 - WARNING - 1882541 30 29209805 microseconds
19-07-2026 00:20 - WARNING - No packet loss: /data/dsp/GBD_TRANSIENT_BUFFER/J1921+2153/18_07_2026/PDR_GULP_data001.pcap_19_07_2026_00_01_1784399471.PCAP_PDR
19-07-2026 00:20 - WARNING - first_pkt_count, first_gps_count, first_pkt_Tstamp
19-07-2026 00:20 - WARNING - 3872908728 48506 2026-07-18T18:30:39.134297
19-07-2026 00:20 - WARNING - last_pkt_count, last_gps_count, last_pkt_Tstamp
19-07-2026 00:20 - WARNING - 3874791269 48535 2026-07-18T18:31:08.344237
19-07-2026 00:20 - WARNING - diff_pkt_count  , diff_gps_count ,  diff_pkt_timstamp
19-07-2026 00:20 - WARNING - 1882541 29 29209940 microseconds
19-07-2026 00:20 - WARNING - No packet loss: /data/dsp/GBD_TRANSIENT_BUFFER/J1921+2153/18_07_2026/PDR_GULP_data002.pcap_19_07_2026_00_01_1784399500.PCAP_PDR
19-07-2026 00:20 - WARNING - first_pkt_count, first_gps_count, first_pkt_Tstamp
19-07-2026 00:20 - WARNING - 3874791270 48535 2026-07-18T18:31:08.344327
19-07-2026 00:20 - WARNING - last_pkt_count, last_gps_count, last_pkt_Tstamp
19-07-2026 00:20 - WARNING - 3876673811 48564 2026-07-18T18:31:37.554326
19-07-2026 00:20 - WARNING - diff_pkt_count  , diff_gps_count ,  diff_pkt_timstamp
19-07-2026 00:20 - WARNING - 1882541 29 29209999 microseconds
19-07-2026 00:20 - WARNING - No packet loss: /data/dsp/GBD_TRANSIENT_BUFFER/J1921+2153/18_07_2026/PDR_GULP_data000.pcap_19_07_2026_00_02_1784399529.PCAP_PDR
19-07-2026 00:20 - WARNING - first_pkt_count, first_gps_count, first_pkt_Tstamp
19-07-2026 00:20 - WARNING - 3876673812 48564 2026-07-18T18:31:37.554379
19-07-2026 00:20 - WARNING - last_pkt_count, last_gps_count, last_pkt_Tstamp
19-07-2026 00:20 - WARNING - 3878556353 48593 2026-07-18T18:32:06.764571
19-07-2026 00:20 - WARNING - diff_pkt_count  , diff_gps_count ,  diff_pkt_timstamp
19-07-2026 00:20 - WARNING - 1882541 29 29210192 microseconds
19-07-2026 00:20 - WARNING - No packet loss: /data/dsp/GBD_TRANSIENT_BUFFER/J1921+2153/18_07_2026/PDR_GULP_data001.pcap_19_07_2026_00_02_1784399558.PCAP_PDR
19-07-2026 00:20 - WARNING - first_pkt_count, first_gps_count, first_pkt_Tstamp
19-07-2026 00:20 - WARNING - 3878556354 48593 2026-07-18T18:32:06.764571
19-07-2026 00:20 - WARNING - last_pkt_count, last_gps_count, last_pkt_Tstamp
19-07-2026 00:20 - WARNING - 3880438895 48622 2026-07-18T18:32:35.974801
19-07-2026 00:20 - WARNING - diff_pkt_count  , diff_gps_count ,  diff_pkt_timstamp
19-07-2026 00:20 - WARNING - 1882541 29 29210230 microseconds
19-07-2026 00:20 - WARNING - No packet loss: /data/dsp/GBD_TRANSIENT_BUFFER/J1921+2153/18_07_2026/PDR_GULP_data002.pcap_19_07_2026_00_03_1784399588.PCAP_PDR
19-07-2026 00:20 - WARNING - first_pkt_count, first_gps_count, first_pkt_Tstamp
19-07-2026 00:20 - WARNING - 3880438896 48622 2026-07-18T18:32:35.974864
19-07-2026 00:20 - WARNING - last_pkt_count, last_gps_count, last_pkt_Tstamp
19-07-2026 00:20 - WARNING - 3882321438 48652 2026-07-18T18:33:05.185165
19-07-2026 00:20 - WARNING - diff_pkt_count  , diff_gps_count ,  diff_pkt_timstamp
19-07-2026 00:20 - WARNING - 1882542 30 29210301 microseconds
19-07-2026 00:20 - WARNING - No packet loss: /data/dsp/GBD_TRANSIENT_BUFFER/J1921+2153/18_07_2026/PDR_GULP_data000.pcap_19_07_2026_00_03_1784399617.PCAP_PDR
19-07-2026 00:20 - WARNING - first_pkt_count, first_gps_count, first_pkt_Tstamp
19-07-2026 00:20 - WARNING - 3882321439 48652 2026-07-18T18:33:05.185217
19-07-2026 00:20 - WARNING - last_pkt_count, last_gps_count, last_pkt_Tstamp
19-07-2026 00:20 - WARNING - 3884203980 48681 2026-07-18T18:33:34.395654
19-07-2026 00:20 - WARNING - diff_pkt_count  , diff_gps_count ,  diff_pkt_timstamp
19-07-2026 00:20 - WARNING - 1882541 29 29210437 microseconds
19-07-2026 00:20 - WARNING - No packet loss: /data/dsp/GBD_TRANSIENT_BUFFER/J1921+2153/18_07_2026/PDR_GULP_data001.pcap_19_07_2026_00_04_1784399646.PCAP_PDR
19-07-2026 00:20 - WARNING - first_pkt_count, first_gps_count, first_pkt_Tstamp
19-07-2026 00:20 - WARNING - 3884203981 48681 2026-07-18T18:33:34.395654
19-07-2026 00:20 - WARNING - last_pkt_count, last_gps_count, last_pkt_Tstamp
19-07-2026 00:20 - WARNING - 3886086522 48710 2026-07-18T18:34:03.605690
19-07-2026 00:20 - WARNING - diff_pkt_count  , diff_gps_count ,  diff_pkt_timstamp
19-07-2026 00:20 - WARNING - 1882541 29 29210036 microseconds
19-07-2026 00:20 - WARNING - No packet loss: /data/dsp/GBD_TRANSIENT_BUFFER/J1921+2153/18_07_2026/PDR_GULP_data002.pcap_19_07_2026_00_04_1784399675.PCAP_PDR
19-07-2026 00:20 - WARNING - first_pkt_count, first_gps_count, first_pkt_Tstamp
19-07-2026 00:20 - WARNING - 3886086523 48710 2026-07-18T18:34:03.605690
19-07-2026 00:20 - WARNING - last_pkt_count, last_gps_count, last_pkt_Tstamp
19-07-2026 00:20 - WARNING - 3887969064 48739 2026-07-18T18:34:32.810744
19-07-2026 00:20 - WARNING - diff_pkt_count  , diff_gps_count ,  diff_pkt_timstamp
19-07-2026 00:20 - WARNING - 1882541 29 29205054 microseconds
19-07-2026 00:20 - WARNING - No packet loss: /data/dsp/GBD_TRANSIENT_BUFFER/J1921+2153/18_07_2026/PDR_GULP_data000.pcap_19_07_2026_00_05_1784399705.PCAP_PDR
19-07-2026 00:20 - WARNING - first_pkt_count, first_gps_count, first_pkt_Tstamp
19-07-2026 00:20 - WARNING - 3887969065 48739 2026-07-18T18:34:32.810745
19-07-2026 00:20 - WARNING - last_pkt_count, last_gps_count, last_pkt_Tstamp
19-07-2026 00:20 - WARNING - 3889851606 48768 2026-07-18T18:35:02.016205
19-07-2026 00:20 - WARNING - diff_pkt_count  , diff_gps_count ,  diff_pkt_timstamp
19-07-2026 00:20 - WARNING - 1882541 29 29205460 microseconds
19-07-2026 00:20 - WARNING - No packet loss: /data/dsp/GBD_TRANSIENT_BUFFER/J1921+2153/18_07_2026/PDR_GULP_data001.pcap_19_07_2026_00_05_1784399734.PCAP_PDR
19-07-2026 00:20 - WARNING - first_pkt_count, first_gps_count, first_pkt_Tstamp
19-07-2026 00:20 - WARNING - 3889851607 48768 2026-07-18T18:35:02.016205
19-07-2026 00:20 - WARNING - last_pkt_count, last_gps_count, last_pkt_Tstamp
19-07-2026 00:20 - WARNING - 3891734148 48798 2026-07-18T18:35:31.222209
19-07-2026 00:20 - WARNING - diff_pkt_count  , diff_gps_count ,  diff_pkt_timstamp
19-07-2026 00:20 - WARNING - 1882541 30 29206004 microseconds
19-07-2026 00:20 - WARNING - Packet loss: /data/dsp/GBD_TRANSIENT_BUFFER/J1921+2153/18_07_2026/PDR_GULP_data002.pcap_19_07_2026_00_06_1784399763.PCAP_PDR
19-07-2026 00:20 - WARNING - Packet loss found .... Being fixed ... Please wait ...
19-07-2026 00:20 - WARNING - PCAP filtering ... tcpdump -r /data/dsp/GBD_TRANSIENT_BUFFER/J1921+2153/18_07_2026/PDR_GULP_data002.pcap_19_07_2026_00_06_1784399763.PCAP_PDR.pcap -w PDR_GULP_data002.pcap_19_07_2026_00_06_1784399763_filtered.PCAP_PDR.pcap  host 172.10.10.1 and port 55000 
19-07-2026 00:20 - WARNING - Patched /data/dsp/GBD_TRANSIENT_BUFFER/J1921+2153/18_07_2026/PDR_GULP_data002.pcap_19_07_2026_00_06_1784399763.PCAP_PDR as PDR_GULP_data002.pcap_19_07_2026_00_06_1784399763_filtered.PCAP_PDR
19-07-2026 00:20 - WARNING - Gulped file moved to /data/dsp/GBD_TRANSIENT_BUFFER/J1921+2153/18_07_2026/GULPED
19-07-2026 00:20 - WARNING - first_pkt_count, first_gps_count, first_pkt_Tstamp
19-07-2026 00:20 - WARNING - 3891734149 48798 2026-07-18T18:35:31.222209
19-07-2026 00:20 - WARNING - last_pkt_count, last_gps_count, last_pkt_Tstamp
19-07-2026 00:20 - WARNING - 3893616691 48827 2026-07-18T18:36:00.428669
19-07-2026 00:20 - WARNING - diff_pkt_count  , diff_gps_count ,  diff_pkt_timstamp
19-07-2026 00:20 - WARNING - 1882542 29 29206460 microseconds
19-07-2026 00:20 - WARNING - No packet loss: /data/dsp/GBD_TRANSIENT_BUFFER/J1921+2153/18_07_2026/PDR_GULP_data000.pcap_19_07_2026_00_06_1784399792.PCAP_PDR
19-07-2026 00:20 - WARNING - first_pkt_count, first_gps_count, first_pkt_Tstamp
19-07-2026 00:20 - WARNING - 3893616692 48827 2026-07-18T18:36:00.428669
19-07-2026 00:20 - WARNING - last_pkt_count, last_gps_count, last_pkt_Tstamp
19-07-2026 00:20 - WARNING - 3895499233 48856 2026-07-18T18:36:29.635461
19-07-2026 00:20 - WARNING - diff_pkt_count  , diff_gps_count ,  diff_pkt_timstamp
19-07-2026 00:20 - WARNING - 1882541 29 29206792 microseconds
19-07-2026 00:20 - WARNING - No packet loss: /data/dsp/GBD_TRANSIENT_BUFFER/J1921+2153/18_07_2026/PDR_GULP_data001.pcap_19_07_2026_00_07_1784399821.PCAP_PDR
19-07-2026 00:20 - WARNING - first_pkt_count, first_gps_count, first_pkt_Tstamp
19-07-2026 00:20 - WARNING - 3895499234 48856 2026-07-18T18:36:29.635461
19-07-2026 00:20 - WARNING - last_pkt_count, last_gps_count, last_pkt_Tstamp
19-07-2026 00:20 - WARNING - 3897381775 48885 2026-07-18T18:36:58.842579
19-07-2026 00:20 - WARNING - diff_pkt_count  , diff_gps_count ,  diff_pkt_timstamp
19-07-2026 00:20 - WARNING - 1882541 29 29207118 microseconds
19-07-2026 00:20 - WARNING - No packet loss: /data/dsp/GBD_TRANSIENT_BUFFER/J1921+2153/18_07_2026/PDR_GULP_data002.pcap_19_07_2026_00_07_1784399851.PCAP_PDR
19-07-2026 00:20 - WARNING - first_pkt_count, first_gps_count, first_pkt_Tstamp
19-07-2026 00:20 - WARNING - 3897381776 48885 2026-07-18T18:36:58.842632
19-07-2026 00:20 - WARNING - last_pkt_count, last_gps_count, last_pkt_Tstamp
19-07-2026 00:20 - WARNING - 3899264317 48915 2026-07-18T18:37:28.050087
19-07-2026 00:20 - WARNING - diff_pkt_count  , diff_gps_count ,  diff_pkt_timstamp
19-07-2026 00:20 - WARNING - 1882541 30 29207455 microseconds
19-07-2026 00:20 - WARNING - No packet loss: /data/dsp/GBD_TRANSIENT_BUFFER/J1921+2153/18_07_2026/PDR_GULP_data000.pcap_19_07_2026_00_08_1784399880.PCAP_PDR
19-07-2026 00:20 - WARNING - first_pkt_count, first_gps_count, first_pkt_Tstamp
19-07-2026 00:20 - WARNING - 3899264318 48915 2026-07-18T18:37:28.050087
19-07-2026 00:20 - WARNING - last_pkt_count, last_gps_count, last_pkt_Tstamp
19-07-2026 00:20 - WARNING - 3901146859 48944 2026-07-18T18:37:57.257755
19-07-2026 00:20 - WARNING - diff_pkt_count  , diff_gps_count ,  diff_pkt_timstamp
19-07-2026 00:20 - WARNING - 1882541 29 29207668 microseconds
19-07-2026 00:20 - WARNING - No packet loss: /data/dsp/GBD_TRANSIENT_BUFFER/J1921+2153/18_07_2026/PDR_GULP_data001.pcap_19_07_2026_00_08_1784399909.PCAP_PDR
19-07-2026 00:20 - WARNING - first_pkt_count, first_gps_count, first_pkt_Tstamp
19-07-2026 00:20 - WARNING - 3901146860 48944 2026-07-18T18:37:57.257756
19-07-2026 00:20 - WARNING - last_pkt_count, last_gps_count, last_pkt_Tstamp
19-07-2026 00:20 - WARNING - 3903029401 48973 2026-07-18T18:38:26.465723
19-07-2026 00:20 - WARNING - diff_pkt_count  , diff_gps_count ,  diff_pkt_timstamp
19-07-2026 00:20 - WARNING - 1882541 29 29207967 microseconds
19-07-2026 00:20 - WARNING - No packet loss: /data/dsp/GBD_TRANSIENT_BUFFER/J1921+2153/18_07_2026/PDR_GULP_data002.pcap_19_07_2026_00_08_1784399938.PCAP_PDR
19-07-2026 00:20 - WARNING - first_pkt_count, first_gps_count, first_pkt_Tstamp
19-07-2026 00:20 - WARNING - 3903029402 48973 2026-07-18T18:38:26.465724
19-07-2026 00:20 - WARNING - last_pkt_count, last_gps_count, last_pkt_Tstamp
19-07-2026 00:20 - WARNING - 3904911944 49002 2026-07-18T18:38:55.673906
19-07-2026 00:20 - WARNING - diff_pkt_count  , diff_gps_count ,  diff_pkt_timstamp
19-07-2026 00:20 - WARNING - 1882542 29 29208182 microseconds
19-07-2026 00:20 - WARNING - No packet loss: /data/dsp/GBD_TRANSIENT_BUFFER/J1921+2153/18_07_2026/PDR_GULP_data000.pcap_19_07_2026_00_09_1784399967.PCAP_PDR
19-07-2026 00:20 - WARNING - first_pkt_count, first_gps_count, first_pkt_Tstamp
19-07-2026 00:20 - WARNING - 3904911945 49002 2026-07-18T18:38:55.673906
19-07-2026 00:20 - WARNING - last_pkt_count, last_gps_count, last_pkt_Tstamp
19-07-2026 00:20 - WARNING - 3906794486 49031 2026-07-18T18:39:24.882254
19-07-2026 00:20 - WARNING - diff_pkt_count  , diff_gps_count ,  diff_pkt_timstamp
19-07-2026 00:20 - WARNING - 1882541 29 29208348 microseconds
19-07-2026 00:20 - WARNING - No packet loss: /data/dsp/GBD_TRANSIENT_BUFFER/J1921+2153/18_07_2026/PDR_GULP_data001.pcap_19_07_2026_00_09_1784399997.PCAP_PDR
19-07-2026 00:20 - WARNING - first_pkt_count, first_gps_count, first_pkt_Tstamp
19-07-2026 00:20 - WARNING - 3906794487 49031 2026-07-18T18:39:24.882337
19-07-2026 00:20 - WARNING - last_pkt_count, last_gps_count, last_pkt_Tstamp
19-07-2026 00:20 - WARNING - 3908677028 49061 2026-07-18T18:39:54.090776
19-07-2026 00:20 - WARNING - diff_pkt_count  , diff_gps_count ,  diff_pkt_timstamp
19-07-2026 00:20 - WARNING - 1882541 30 29208439 microseconds
19-07-2026 00:20 - WARNING - No packet loss: /data/dsp/GBD_TRANSIENT_BUFFER/J1921+2153/18_07_2026/PDR_GULP_data002.pcap_19_07_2026_00_10_1784400026.PCAP_PDR
19-07-2026 00:20 - WARNING - first_pkt_count, first_gps_count, first_pkt_Tstamp
19-07-2026 00:20 - WARNING - 3908677029 49061 2026-07-18T18:39:54.090777
19-07-2026 00:20 - WARNING - last_pkt_count, last_gps_count, last_pkt_Tstamp
19-07-2026 00:20 - WARNING - 3910559570 49090 2026-07-18T18:40:23.299455
19-07-2026 00:20 - WARNING - diff_pkt_count  , diff_gps_count ,  diff_pkt_timstamp
19-07-2026 00:20 - WARNING - 1882541 29 29208678 microseconds
19-07-2026 00:20 - WARNING - No packet loss: /data/dsp/GBD_TRANSIENT_BUFFER/J1921+2153/18_07_2026/PDR_GULP_data000.pcap_19_07_2026_00_10_1784400055.PCAP_PDR
19-07-2026 00:20 - WARNING - first_pkt_count, first_gps_count, first_pkt_Tstamp
19-07-2026 00:20 - WARNING - 3910559571 49090 2026-07-18T18:40:23.299507
19-07-2026 00:20 - WARNING - last_pkt_count, last_gps_count, last_pkt_Tstamp
19-07-2026 00:20 - WARNING - 3912442112 49119 2026-07-18T18:40:52.508302
19-07-2026 00:20 - WARNING - diff_pkt_count  , diff_gps_count ,  diff_pkt_timstamp
19-07-2026 00:20 - WARNING - 1882541 29 29208795 microseconds
19-07-2026 00:20 - WARNING - No packet loss: /data/dsp/GBD_TRANSIENT_BUFFER/J1921+2153/18_07_2026/PDR_GULP_data001.pcap_19_07_2026_00_11_1784400084.PCAP_PDR
19-07-2026 00:20 - WARNING - first_pkt_count, first_gps_count, first_pkt_Tstamp
19-07-2026 00:20 - WARNING - 3912442113 49119 2026-07-18T18:40:52.508302
19-07-2026 00:20 - WARNING - last_pkt_count, last_gps_count, last_pkt_Tstamp
19-07-2026 00:20 - WARNING - 3914324654 49148 2026-07-18T18:41:21.717226
19-07-2026 00:20 - WARNING - diff_pkt_count  , diff_gps_count ,  diff_pkt_timstamp
19-07-2026 00:20 - WARNING - 1882541 29 29208924 microseconds
19-07-2026 00:20 - WARNING - No packet loss: /data/dsp/GBD_TRANSIENT_BUFFER/J1921+2153/18_07_2026/PDR_GULP_data002.pcap_19_07_2026_00_11_1784400113.PCAP_PDR
19-07-2026 00:20 - WARNING - first_pkt_count, first_gps_count, first_pkt_Tstamp
19-07-2026 00:20 - WARNING - 3914324655 49148 2026-07-18T18:41:21.717226
19-07-2026 00:20 - WARNING - last_pkt_count, last_gps_count, last_pkt_Tstamp
19-07-2026 00:20 - WARNING - 3916207197 49177 2026-07-18T18:41:50.926338
19-07-2026 00:20 - WARNING - diff_pkt_count  , diff_gps_count ,  diff_pkt_timstamp
19-07-2026 00:20 - WARNING - 1882542 29 29209112 microseconds
19-07-2026 00:20 - WARNING - No packet loss: /data/dsp/GBD_TRANSIENT_BUFFER/J1921+2153/18_07_2026/PDR_GULP_data000.pcap_19_07_2026_00_12_1784400143.PCAP_PDR
19-07-2026 00:20 - WARNING - first_pkt_count, first_gps_count, first_pkt_Tstamp
19-07-2026 00:20 - WARNING - 3916207198 49177 2026-07-18T18:41:50.926339
19-07-2026 00:20 - WARNING - last_pkt_count, last_gps_count, last_pkt_Tstamp
19-07-2026 00:20 - WARNING - 3918089739 49207 2026-07-18T18:42:20.135464
19-07-2026 00:20 - WARNING - diff_pkt_count  , diff_gps_count ,  diff_pkt_timstamp
19-07-2026 00:20 - WARNING - 1882541 30 29209125 microseconds
19-07-2026 00:20 - WARNING - No packet loss: /data/dsp/GBD_TRANSIENT_BUFFER/J1921+2153/18_07_2026/PDR_GULP_data001.pcap_19_07_2026_00_12_1784400172.PCAP_PDR
19-07-2026 00:20 - WARNING - first_pkt_count, first_gps_count, first_pkt_Tstamp
19-07-2026 00:20 - WARNING - 3918089740 49207 2026-07-18T18:42:20.135464
19-07-2026 00:20 - WARNING - last_pkt_count, last_gps_count, last_pkt_Tstamp
19-07-2026 00:20 - WARNING - 3919972281 49236 2026-07-18T18:42:49.344694
19-07-2026 00:20 - WARNING - diff_pkt_count  , diff_gps_count ,  diff_pkt_timstamp
19-07-2026 00:20 - WARNING - 1882541 29 29209230 microseconds
19-07-2026 00:20 - WARNING - No packet loss: /data/dsp/GBD_TRANSIENT_BUFFER/J1921+2153/18_07_2026/PDR_GULP_data002.pcap_19_07_2026_00_13_1784400201.PCAP_PDR
19-07-2026 00:20 - WARNING - first_pkt_count, first_gps_count, first_pkt_Tstamp
19-07-2026 00:20 - WARNING - 3919972282 49236 2026-07-18T18:42:49.344694
19-07-2026 00:20 - WARNING - last_pkt_count, last_gps_count, last_pkt_Tstamp
19-07-2026 00:20 - WARNING - 3921854823 49265 2026-07-18T18:43:18.554001
19-07-2026 00:20 - WARNING - diff_pkt_count  , diff_gps_count ,  diff_pkt_timstamp
19-07-2026 00:20 - WARNING - 1882541 29 29209307 microseconds
19-07-2026 00:20 - WARNING - No packet loss: /data/dsp/GBD_TRANSIENT_BUFFER/J1921+2153/18_07_2026/PDR_GULP_data000.pcap_19_07_2026_00_13_1784400230.PCAP_PDR
19-07-2026 00:20 - WARNING - first_pkt_count, first_gps_count, first_pkt_Tstamp
19-07-2026 00:20 - WARNING - 3921854824 49265 2026-07-18T18:43:18.554002
19-07-2026 00:20 - WARNING - last_pkt_count, last_gps_count, last_pkt_Tstamp
19-07-2026 00:20 - WARNING - 3923737365 49294 2026-07-18T18:43:47.763356
19-07-2026 00:20 - WARNING - diff_pkt_count  , diff_gps_count ,  diff_pkt_timstamp
19-07-2026 00:20 - WARNING - 1882541 29 29209354 microseconds
19-07-2026 00:20 - WARNING - No packet loss: /data/dsp/GBD_TRANSIENT_BUFFER/J1921+2153/18_07_2026/PDR_GULP_data001.pcap_19_07_2026_00_14_1784400259.PCAP_PDR
19-07-2026 00:20 - WARNING - first_pkt_count, first_gps_count, first_pkt_Tstamp
19-07-2026 00:20 - WARNING - 3923737366 49294 2026-07-18T18:43:47.763408
19-07-2026 00:20 - WARNING - last_pkt_count, last_gps_count, last_pkt_Tstamp
19-07-2026 00:20 - WARNING - 3925619907 49323 2026-07-18T18:44:16.972798
19-07-2026 00:20 - WARNING - diff_pkt_count  , diff_gps_count ,  diff_pkt_timstamp
19-07-2026 00:20 - WARNING - 1882541 29 29209390 microseconds
19-07-2026 00:20 - WARNING - No packet loss: /data/dsp/GBD_TRANSIENT_BUFFER/J1921+2153/18_07_2026/PDR_GULP_data002.pcap_19_07_2026_00_14_1784400289.PCAP_PDR
19-07-2026 00:20 - WARNING - first_pkt_count, first_gps_count, first_pkt_Tstamp
19-07-2026 00:20 - WARNING - 3925619908 49323 2026-07-18T18:44:16.972798
19-07-2026 00:20 - WARNING - last_pkt_count, last_gps_count, last_pkt_Tstamp
19-07-2026 00:20 - WARNING - 3927502450 49353 2026-07-18T18:44:46.182326
19-07-2026 00:20 - WARNING - diff_pkt_count  , diff_gps_count ,  diff_pkt_timstamp
19-07-2026 00:20 - WARNING - 1882542 30 29209528 microseconds
19-07-2026 00:20 - WARNING - No packet loss: /data/dsp/GBD_TRANSIENT_BUFFER/J1921+2153/18_07_2026/PDR_GULP_data000.pcap_19_07_2026_00_15_1784400318.PCAP_PDR
19-07-2026 00:20 - WARNING - first_pkt_count, first_gps_count, first_pkt_Tstamp
19-07-2026 00:20 - WARNING - 3927502451 49353 2026-07-18T18:44:46.182327
19-07-2026 00:20 - WARNING - last_pkt_count, last_gps_count, last_pkt_Tstamp
19-07-2026 00:20 - WARNING - 3929384992 49382 2026-07-18T18:45:15.391859
19-07-2026 00:20 - WARNING - diff_pkt_count  , diff_gps_count ,  diff_pkt_timstamp
19-07-2026 00:20 - WARNING - 1882541 29 29209532 microseconds
19-07-2026 00:20 - WARNING - No packet loss: /data/dsp/GBD_TRANSIENT_BUFFER/J1921+2153/18_07_2026/PDR_GULP_data001.pcap_19_07_2026_00_15_1784400347.PCAP_PDR
19-07-2026 00:20 - WARNING - first_pkt_count, first_gps_count, first_pkt_Tstamp
19-07-2026 00:20 - WARNING - 3929384993 49382 2026-07-18T18:45:15.391859
19-07-2026 00:20 - WARNING - last_pkt_count, last_gps_count, last_pkt_Tstamp
19-07-2026 00:20 - WARNING - 3931267534 49411 2026-07-18T18:45:44.601500
19-07-2026 00:20 - WARNING - diff_pkt_count  , diff_gps_count ,  diff_pkt_timstamp
19-07-2026 00:20 - WARNING - 1882541 29 29209641 microseconds
19-07-2026 00:20 - WARNING - No packet loss: /data/dsp/GBD_TRANSIENT_BUFFER/J1921+2153/18_07_2026/PDR_GULP_data002.pcap_19_07_2026_00_16_1784400376.PCAP_PDR
19-07-2026 00:20 - WARNING - first_pkt_count, first_gps_count, first_pkt_Tstamp
19-07-2026 00:20 - WARNING - 3931267535 49411 2026-07-18T18:45:44.601500
19-07-2026 00:20 - WARNING - last_pkt_count, last_gps_count, last_pkt_Tstamp
19-07-2026 00:20 - WARNING - 3933150076 49440 2026-07-18T18:46:13.811105
19-07-2026 00:20 - WARNING - diff_pkt_count  , diff_gps_count ,  diff_pkt_timstamp
19-07-2026 00:20 - WARNING - 1882541 29 29209605 microseconds
19-07-2026 00:20 - WARNING - No packet loss: /data/dsp/GBD_TRANSIENT_BUFFER/J1921+2153/18_07_2026/PDR_GULP_data000.pcap_19_07_2026_00_16_1784400406.PCAP_PDR
19-07-2026 00:20 - WARNING - first_pkt_count, first_gps_count, first_pkt_Tstamp
19-07-2026 00:20 - WARNING - 3933150077 49440 2026-07-18T18:46:13.811105
19-07-2026 00:20 - WARNING - last_pkt_count, last_gps_count, last_pkt_Tstamp
19-07-2026 00:20 - WARNING - 3935032618 49469 2026-07-18T18:46:43.020725
19-07-2026 00:20 - WARNING - diff_pkt_count  , diff_gps_count ,  diff_pkt_timstamp
19-07-2026 00:20 - WARNING - 1882541 29 29209620 microseconds
19-07-2026 00:20 - WARNING - No packet loss: /data/dsp/GBD_TRANSIENT_BUFFER/J1921+2153/18_07_2026/PDR_GULP_data001.pcap_19_07_2026_00_17_1784400435.PCAP_PDR
19-07-2026 00:20 - WARNING - first_pkt_count, first_gps_count, first_pkt_Tstamp
19-07-2026 00:20 - WARNING - 3935032619 49469 2026-07-18T18:46:43.020726
19-07-2026 00:20 - WARNING - last_pkt_count, last_gps_count, last_pkt_Tstamp
19-07-2026 00:20 - WARNING - 3936915160 49499 2026-07-18T18:47:12.230425
19-07-2026 00:20 - WARNING - diff_pkt_count  , diff_gps_count ,  diff_pkt_timstamp
19-07-2026 00:20 - WARNING - 1882541 30 29209699 microseconds
19-07-2026 00:20 - WARNING - No packet loss: /data/dsp/GBD_TRANSIENT_BUFFER/J1921+2153/18_07_2026/PDR_GULP_data002.pcap_19_07_2026_00_17_1784400464.PCAP_PDR
19-07-2026 00:20 - WARNING - first_pkt_count, first_gps_count, first_pkt_Tstamp
19-07-2026 00:20 - WARNING - 3936915161 49499 2026-07-18T18:47:12.230425
19-07-2026 00:20 - WARNING - last_pkt_count, last_gps_count, last_pkt_Tstamp
19-07-2026 00:20 - WARNING - 3938797703 49528 2026-07-18T18:47:41.440175
19-07-2026 00:20 - WARNING - diff_pkt_count  , diff_gps_count ,  diff_pkt_timstamp
19-07-2026 00:20 - WARNING - 1882542 29 29209750 microseconds
19-07-2026 00:20 - WARNING - No packet loss: /data/dsp/GBD_TRANSIENT_BUFFER/J1921+2153/18_07_2026/PDR_GULP_data000.pcap_19_07_2026_00_18_1784400493.PCAP_PDR
19-07-2026 00:20 - WARNING - first_pkt_count, first_gps_count, first_pkt_Tstamp
19-07-2026 00:20 - WARNING - 3938797704 49528 2026-07-18T18:47:41.440176
19-07-2026 00:20 - WARNING - last_pkt_count, last_gps_count, last_pkt_Tstamp
19-07-2026 00:20 - WARNING - 3940680245 49557 2026-07-18T18:48:10.649899
19-07-2026 00:20 - WARNING - diff_pkt_count  , diff_gps_count ,  diff_pkt_timstamp
19-07-2026 00:20 - WARNING - 1882541 29 29209723 microseconds
19-07-2026 00:20 - WARNING - No packet loss: /data/dsp/GBD_TRANSIENT_BUFFER/J1921+2153/18_07_2026/PDR_GULP_data001.pcap_19_07_2026_00_18_1784400522.PCAP_PDR
19-07-2026 00:20 - WARNING - first_pkt_count, first_gps_count, first_pkt_Tstamp
19-07-2026 00:20 - WARNING - 3940680246 49557 2026-07-18T18:48:10.649900
19-07-2026 00:20 - WARNING - last_pkt_count, last_gps_count, last_pkt_Tstamp
19-07-2026 00:20 - WARNING - 3942562787 49586 2026-07-18T18:48:39.859660
19-07-2026 00:20 - WARNING - diff_pkt_count  , diff_gps_count ,  diff_pkt_timstamp
19-07-2026 00:20 - WARNING - 1882541 29 29209760 microseconds
19-07-2026 00:20 - WARNING - No packet loss: /data/dsp/GBD_TRANSIENT_BUFFER/J1921+2153/18_07_2026/PDR_GULP_data002.pcap_19_07_2026_00_19_1784400552.PCAP_PDR
19-07-2026 00:20 - WARNING - first_pkt_count, first_gps_count, first_pkt_Tstamp
19-07-2026 00:20 - WARNING - 3942562788 49586 2026-07-18T18:48:39.859660
19-07-2026 00:20 - WARNING - last_pkt_count, last_gps_count, last_pkt_Tstamp
19-07-2026 00:20 - WARNING - 3944445329 49616 2026-07-18T18:49:09.069441
19-07-2026 00:20 - WARNING - diff_pkt_count  , diff_gps_count ,  diff_pkt_timstamp
19-07-2026 00:20 - WARNING - 1882541 30 29209781 microseconds
19-07-2026 00:20 - WARNING - No packet loss: /data/dsp/GBD_TRANSIENT_BUFFER/J1921+2153/18_07_2026/PDR_GULP_data000.pcap_19_07_2026_00_19_1784400581.PCAP_PDR
19-07-2026 00:20 - WARNING - first_pkt_count, first_gps_count, first_pkt_Tstamp
19-07-2026 00:20 - WARNING - 3944445330 49616 2026-07-18T18:49:09.069441
19-07-2026 00:20 - WARNING - last_pkt_count, last_gps_count, last_pkt_Tstamp
19-07-2026 00:20 - WARNING - 3946327871 49645 2026-07-18T18:49:38.279252
19-07-2026 00:20 - WARNING - diff_pkt_count  , diff_gps_count ,  diff_pkt_timstamp
19-07-2026 00:20 - WARNING - 1882541 29 29209811 microseconds
19-07-2026 00:20 SLIP check Finished...
19-07-2026 00:20 Pulsar data reduction pipeline started ...
19-07-2026 00:20 - WARNING - Data Directory: /data/dsp/GBD_TRANSIENT_BUFFER/J1921+2153/18_07_2026
19-07-2026 00:20 - WARNING - Pulsar: J1921+2153
19-07-2026 00:20 - WARNING - CH selelction: 0
19-07-2026 00:20 - WARNING - Phase file: /home/dsp/PDR_acquire_setup/dada_scripts/phase/rf_path_phase.dat
19-07-2026 00:20 - WARNING - Obs. logfile: /home/dsp/PDR_acquire_setup/master_obs_log/J1921+2153_18_07_2026_observation.log
19-07-2026 00:20 - WARNING - Observation start time: 2026_07_18_23_31_26
19-07-2026 00:20 - WARNING - parfile: /home/dsp/parfiles/J1921+2153.par
19-07-2026 00:20 - WARNING - DM: 12.44399
19-07-2026 00:20 - WARNING - Period: 1.3373021601894548
19-07-2026 00:20 - WARNING - RA_DEC: 19:21:44.815+21:53:02.25
19-07-2026 00:20 - WARNING - out_dada_file: J1921+2153_2026_07_18_23_31_26_type_0.dada
19-07-2026 00:20 - WARNING - Number of files to process: 100
19-07-2026 00:20 - WARNING - Files per batch:  17
19-07-2026 00:44 - WARNING - Time taken for PDR2DADA convertion: 0:24:27.478172
19-07-2026 00:44 - WARNING - Center_freq: 175
19-07-2026 00:44 - WARNING - int_time: 3.0
19-07-2026 00:44 - WARNING - nbins: 256
19-07-2026 00:44 - WARNING - fil_chan: 256
19-07-2026 00:44 - WARNING - cpu: 2,3,4,5,6,7,8,9,10,11,12,13,14,15,16
19-07-2026 00:44 - WARNING - thread: 32
19-07-2026 00:44 - WARNING - nbit: 8
19-07-2026 00:44 - WARNING - time_avg: 0.000256
19-07-2026 00:44 - WARNING - MJD_START: 61239.7510002081
19-07-2026 00:44 - WARNING - output: J1921+2153_61239.75_175MHz_type_0_GBD_DART
19-07-2026 00:44 - WARNING - singularity_container: singularity exec /home/dsp/singularity_imag/pschive_py3.sif  
19-07-2026 00:44 - WARNING - ------ DIGIFITS ------
19-07-2026 00:44 - WARNING - ---- Search Mode FITS -------
19-07-2026 00:44 - WARNING - digifits_ful_stokes_cmd: singularity exec /home/dsp/singularity_imag/pschive_py3.sif  digifits  -F 256 -x 256 -b 8 -p 4 -t 0.000256 J1921+2153_2026_07_18_23_31_26_type_0.dada -o J1921+2153_2026_07_18_23_31_26_type_0.dada_stokes.fits
19-07-2026 01:17 - WARNING - ------ Total intensity FITS -------
19-07-2026 01:17 - WARNING - digifits_total_intensity_cmd: singularity exec /home/dsp/singularity_imag/pschive_py3.sif  digifits  -F 256 -x 256 -b 8 -p 1 -t 0.000256 J1921+2153_2026_07_18_23_31_26_type_0.dada -o J1921+2153_2026_07_18_23_31_26_type_0.dada_intensity.fits
19-07-2026 01:45 - WARNING - Nchan: 256
19-07-2026 01:45 - WARNING - Nbin: 256
19-07-2026 01:45 - WARNING - Tavg: 0.000256
19-07-2026 01:45 - WARNING - Time taken for DIGIFITS run: 1:00:21.607280
19-07-2026 01:45 - WARNING - ------ DSPSR ------
19-07-2026 01:45 - WARNING - ------- Coherent Dedispersion Folded archive -------
19-07-2026 01:45 - WARNING - dspsr_cmd: singularity exec /home/dsp/singularity_imag/pschive_py3.sif  dspsr J1921+2153_2026_07_18_23_31_26_type_0.dada -cpu 2,3,4,5,6,7,8,9,10,11,12,13,14,15,16 -t 32 -E /home/dsp/parfiles/J1921+2153.par -L 3.0 -b 256 -F 256:D -N J1921+2153 -a PSRFITS -A -e .fits -O J1921+2153_61239.75_175MHz_type_0_GBD_DART
19-07-2026 01:54 - WARNING - ------- Incoherent Dedispersion Folded archive -------
19-07-2026 01:54 - WARNING - Incoherent_DD_dspsr_cmd: singularity exec /home/dsp/singularity_imag/pschive_py3.sif  dspsr J1921+2153_2026_07_18_23_31_26_type_0.dada_stokes.fits -cpu 2,3,4,5,6,7,8,9,10,11,12,13,14,15,16 -t 32 -E /home/dsp/parfiles/J1921+2153.par -L 3.0 -b 256 -N J1921+2153 -A -e .fits -O J1921+2153_61239.75_175MHz_type_0_GBD_DART_stokes_Incoherent_DD
19-07-2026 01:56 - WARNING - Time taken for DSPSR run: 0:10:57.623934
19-07-2026 01:56 - WARNING - ------ PSREDIT ------
19-07-2026 01:56 - WARNING - psredit_cmd: singularity exec /home/dsp/singularity_imag/pschive_py3.sif  psredit -c name=J1921+2153,be:name=GSB,coord=19:21:44.815+21:53:02.25 -m *_GBD_DART*fits
19-07-2026 01:56 - WARNING - Time taken for PSREDIT run: 0:00:10.607562
19-07-2026 01:56 - WARNING - ------ Iterative RFI Cleaner ------
19-07-2026 01:56 - WARNING - Iterative_cleaner_cmd: singularity exec /home/dsp/singularity_imag/pschive_py3.sif   python3 /home/dsp/PDR_acquire_setup/iterative_cleaner.py -s 3 -c 3 -m 10 *_GBD_DART*fits
19-07-2026 02:03 - WARNING - Time taken for Iterative_cleaner run: 0:06:51.668067
19-07-2026 02:03 - WARNING - ------ PDMP ------
19-07-2026 02:03 - WARNING - pdmp_cmd1: singularity exec /home/dsp/singularity_imag/pschive_py3.sif  pdmp -dr 2 -ds 0.05 -g J1921+2153_61239.75_175MHz_type_0_GBD_DART.fits_cleaned.ar.ps/cps J1921+2153_61239.75_175MHz_type_0_GBD_DART.fits_cleaned.ar
19-07-2026 02:35 - WARNING - pdmp_cmd2: singularity exec /home/dsp/singularity_imag/pschive_py3.sif  pdmp -dr 2 -ds 0.05 -g J1921+2153_61239.75_175MHz_type_0_GBD_DART_stokes_Incoherent_DD.fits_cleaned.ar.ps/cps J1921+2153_61239.75_175MHz_type_0_GBD_DART_stokes_Incoherent_DD.fits_cleaned.ar
19-07-2026 03:03 - WARNING - Time taken for PDMP run: 1:00:14.978434
19-07-2026 03:03 - WARNING - ------ PS2PDF ------
19-07-2026 03:03 - WARNING - ps2pdf_cmd1: singularity exec /home/dsp/singularity_imag/pschive_py3.sif  ps2pdf J1921+2153_61239.75_175MHz_type_0_GBD_DART.fits_cleaned.ar.ps J1921+2153_61239.75_175MHz_type_0_GBD_DART.fits_cleaned.ar.ps.pdf
19-07-2026 03:03 - WARNING - ps2pdf_cmd2: singularity exec /home/dsp/singularity_imag/pschive_py3.sif  ps2pdf J1921+2153_61239.75_175MHz_type_0_GBD_DART_stokes_Incoherent_DD.fits_cleaned.ar.ps J1921+2153_61239.75_175MHz_type_0_GBD_DART_stokes_Incoherent_DD.fits_cleaned.ar.ps.pdf
19-07-2026 03:03 - WARNING - Time taken for PDMP run: 0:00:01.287787
19-07-2026 03:03 - WARNING - Overall time taken for data reduction: 2:43:06.181115
19-07-2026 03:03 - WARNING - J1921+2153_2026_07_18_23_31_26_type_0.dada... file removed
19-07-2026 03:03 - WARNING - All done!
19-07-2026 03:03 --- PRESTO ---
19-07-2026 03:03 singularity_container: singularity exec /home/dsp/singularity_imag/pschive_py3.sif  
19-07-2026 03:03 Filterbank to Process for PULSAR: J1921+2153 with DM:12.44399 : J1921+2153_2026_07_18_23_31_26_type_0.dada_intensity.fits
19-07-2026 03:03 --- RFIFIND ---
19-07-2026 03:03 RFIFIND: singularity exec /home/dsp/singularity_imag/pschive_py3.sif   rfifind -time 2.0 -o J1921+2153 J1921+2153_2026_07_18_23_31_26_type_0.dada_intensity.fits
19-07-2026 03:04 --- PREPDATA ---
19-07-2026 03:04 PREPDATA: singularity exec /home/dsp/singularity_imag/pschive_py3.sif   prepdata -nobary -o J1921+2153_2026_07_18_23_31_26_type_0.dada_intensity.fits -dm 12.44399 -mask J1921+2153_rfifind.mask J1921+2153_2026_07_18_23_31_26_type_0.dada_intensity.fits
19-07-2026 03:04 --- REALFFT ---
19-07-2026 03:04 REALFFT: singularity exec /home/dsp/singularity_imag/pschive_py3.sif   realfft  J1921+2153_2026_07_18_23_31_26_type_0.dada_intensity.fits.dat
19-07-2026 03:04 --- ACCELSEARCH ---
19-07-2026 03:04 ACCELSEARCH: singularity exec /home/dsp/singularity_imag/pschive_py3.sif   accelsearch -numharm 8 -zmax 8  J1921+2153_2026_07_18_23_31_26_type_0.dada_intensity.fits.fft
19-07-2026 03:04 Observation Over.
