29-07-2026 22:47 Waiting for J1921+2153 observation...
29-07-2026 22:52 Observation started...
29-07-2026 22:52 Pulsar: J1921+2153 , parfile: /home/dsp/parfiles/J1921+2153.par , DM: 12.44399
29-07-2026 22:52 Trigger sent to obs. PC [VELA].
29-07-2026 23:36 Acquired 100.
29-07-2026 23:36 ACQ over.
29-07-2026 23:36 Removing Trigger file from remote machine 
29-07-2026 23:36 Observation stoped.
-rw------- 1 dsp dsp 2.0G Jul 29 22:47 /data/TRANSIENT_BUFFER/PDR_GULP_data000.pcap_29_07_2026_22_47_1785345478.PCAP_PDR
-rw------- 1 dsp dsp 2.0G Jul 29 22:48 /data/TRANSIENT_BUFFER/PDR_GULP_data001.pcap_29_07_2026_22_48_1785345507.PCAP_PDR
-rw------- 1 dsp dsp 2.0G Jul 29 22:48 /data/TRANSIENT_BUFFER/PDR_GULP_data002.pcap_29_07_2026_22_48_1785345536.PCAP_PDR
-rw------- 1 dsp dsp 2.0G Jul 29 22:49 /data/TRANSIENT_BUFFER/PDR_GULP_data000.pcap_29_07_2026_22_49_1785345566.PCAP_PDR
-rw------- 1 dsp dsp 2.0G Jul 29 22:49 /data/TRANSIENT_BUFFER/PDR_GULP_data001.pcap_29_07_2026_22_49_1785345595.PCAP_PDR
-rw------- 1 dsp dsp 2.0G Jul 29 22:50 /data/TRANSIENT_BUFFER/PDR_GULP_data002.pcap_29_07_2026_22_50_1785345624.PCAP_PDR
-rw------- 1 dsp dsp 2.0G Jul 29 22:50 /data/TRANSIENT_BUFFER/PDR_GULP_data000.pcap_29_07_2026_22_50_1785345653.PCAP_PDR
-rw------- 1 dsp dsp 2.0G Jul 29 22:51 /data/TRANSIENT_BUFFER/PDR_GULP_data001.pcap_29_07_2026_22_51_1785345682.PCAP_PDR
-rw------- 1 dsp dsp 2.0G Jul 29 22:51 /data/TRANSIENT_BUFFER/PDR_GULP_data002.pcap_29_07_2026_22_51_1785345712.PCAP_PDR
-rw------- 1 dsp dsp 2.0G Jul 29 22:52 /data/TRANSIENT_BUFFER/PDR_GULP_data000.pcap_29_07_2026_22_52_1785345741.PCAP_PDR
-rw------- 1 dsp dsp 2.0G Jul 29 22:52 /data/TRANSIENT_BUFFER/PDR_GULP_data001.pcap_29_07_2026_22_52_1785345770.PCAP_PDR
-rw------- 1 dsp dsp 2.0G Jul 29 22:53 /data/TRANSIENT_BUFFER/PDR_GULP_data002.pcap_29_07_2026_22_53_1785345799.PCAP_PDR
-rw------- 1 dsp dsp 2.0G Jul 29 22:53 /data/TRANSIENT_BUFFER/PDR_GULP_data000.pcap_29_07_2026_22_53_1785345828.PCAP_PDR
-rw------- 1 dsp dsp 2.0G Jul 29 22:54 /data/TRANSIENT_BUFFER/PDR_GULP_data001.pcap_29_07_2026_22_54_1785345858.PCAP_PDR
-rw------- 1 dsp dsp 2.0G Jul 29 22:54 /data/TRANSIENT_BUFFER/PDR_GULP_data002.pcap_29_07_2026_22_54_1785345887.PCAP_PDR
-rw------- 1 dsp dsp 2.0G Jul 29 22:55 /data/TRANSIENT_BUFFER/PDR_GULP_data000.pcap_29_07_2026_22_55_1785345916.PCAP_PDR
-rw------- 1 dsp dsp 2.0G Jul 29 22:55 /data/TRANSIENT_BUFFER/PDR_GULP_data001.pcap_29_07_2026_22_55_1785345945.PCAP_PDR
-rw------- 1 dsp dsp 2.0G Jul 29 22:56 /data/TRANSIENT_BUFFER/PDR_GULP_data002.pcap_29_07_2026_22_56_1785345974.PCAP_PDR
-rw------- 1 dsp dsp 2.0G Jul 29 22:56 /data/TRANSIENT_BUFFER/PDR_GULP_data000.pcap_29_07_2026_22_56_1785346004.PCAP_PDR
-rw------- 1 dsp dsp 2.0G Jul 29 22:57 /data/TRANSIENT_BUFFER/PDR_GULP_data001.pcap_29_07_2026_22_57_1785346033.PCAP_PDR
-rw------- 1 dsp dsp 2.0G Jul 29 22:57 /data/TRANSIENT_BUFFER/PDR_GULP_data002.pcap_29_07_2026_22_57_1785346062.PCAP_PDR
-rw------- 1 dsp dsp 2.0G Jul 29 22:58 /data/TRANSIENT_BUFFER/PDR_GULP_data000.pcap_29_07_2026_22_58_1785346091.PCAP_PDR
-rw------- 1 dsp dsp 2.0G Jul 29 22:58 /data/TRANSIENT_BUFFER/PDR_GULP_data001.pcap_29_07_2026_22_58_1785346121.PCAP_PDR
-rw------- 1 dsp dsp 2.0G Jul 29 22:59 /data/TRANSIENT_BUFFER/PDR_GULP_data002.pcap_29_07_2026_22_59_1785346150.PCAP_PDR
-rw------- 1 dsp dsp 2.0G Jul 29 22:59 /data/TRANSIENT_BUFFER/PDR_GULP_data000.pcap_29_07_2026_22_59_1785346179.PCAP_PDR
-rw------- 1 dsp dsp 2.0G Jul 29 23:00 /data/TRANSIENT_BUFFER/PDR_GULP_data001.pcap_29_07_2026_23_00_1785346208.PCAP_PDR
-rw------- 1 dsp dsp 2.0G Jul 29 23:00 /data/TRANSIENT_BUFFER/PDR_GULP_data002.pcap_29_07_2026_23_00_1785346237.PCAP_PDR
-rw------- 1 dsp dsp 2.0G Jul 29 23:01 /data/TRANSIENT_BUFFER/PDR_GULP_data000.pcap_29_07_2026_23_01_1785346267.PCAP_PDR
-rw------- 1 dsp dsp 2.0G Jul 29 23:01 /data/TRANSIENT_BUFFER/PDR_GULP_data001.pcap_29_07_2026_23_01_1785346296.PCAP_PDR
-rw------- 1 dsp dsp 2.0G Jul 29 23:02 /data/TRANSIENT_BUFFER/PDR_GULP_data002.pcap_29_07_2026_23_02_1785346325.PCAP_PDR
-rw------- 1 dsp dsp 2.0G Jul 29 23:02 /data/TRANSIENT_BUFFER/PDR_GULP_data000.pcap_29_07_2026_23_02_1785346354.PCAP_PDR
-rw------- 1 dsp dsp 2.0G Jul 29 23:03 /data/TRANSIENT_BUFFER/PDR_GULP_data001.pcap_29_07_2026_23_03_1785346383.PCAP_PDR
-rw------- 1 dsp dsp 2.0G Jul 29 23:03 /data/TRANSIENT_BUFFER/PDR_GULP_data002.pcap_29_07_2026_23_03_1785346413.PCAP_PDR
-rw------- 1 dsp dsp 2.0G Jul 29 23:03 /data/TRANSIENT_BUFFER/PDR_GULP_data000.pcap_29_07_2026_23_04_1785346442.PCAP_PDR
-rw------- 1 dsp dsp 2.0G Jul 29 23:04 /data/TRANSIENT_BUFFER/PDR_GULP_data001.pcap_29_07_2026_23_04_1785346471.PCAP_PDR
-rw------- 1 dsp dsp 2.0G Jul 29 23:04 /data/TRANSIENT_BUFFER/PDR_GULP_data002.pcap_29_07_2026_23_05_1785346500.PCAP_PDR
-rw------- 1 dsp dsp 2.0G Jul 29 23:05 /data/TRANSIENT_BUFFER/PDR_GULP_data000.pcap_29_07_2026_23_05_1785346529.PCAP_PDR
-rw------- 1 dsp dsp 2.0G Jul 29 23:05 /data/TRANSIENT_BUFFER/PDR_GULP_data001.pcap_29_07_2026_23_05_1785346559.PCAP_PDR
-rw------- 1 dsp dsp 2.0G Jul 29 23:06 /data/TRANSIENT_BUFFER/PDR_GULP_data002.pcap_29_07_2026_23_06_1785346588.PCAP_PDR
-rw------- 1 dsp dsp 2.0G Jul 29 23:06 /data/TRANSIENT_BUFFER/PDR_GULP_data000.pcap_29_07_2026_23_06_1785346617.PCAP_PDR
-rw------- 1 dsp dsp 2.0G Jul 29 23:07 /data/TRANSIENT_BUFFER/PDR_GULP_data001.pcap_29_07_2026_23_07_1785346646.PCAP_PDR
-rw------- 1 dsp dsp 2.0G Jul 29 23:07 /data/TRANSIENT_BUFFER/PDR_GULP_data002.pcap_29_07_2026_23_07_1785346675.PCAP_PDR
-rw------- 1 dsp dsp 2.0G Jul 29 23:08 /data/TRANSIENT_BUFFER/PDR_GULP_data000.pcap_29_07_2026_23_08_1785346705.PCAP_PDR
-rw------- 1 dsp dsp 2.0G Jul 29 23:08 /data/TRANSIENT_BUFFER/PDR_GULP_data001.pcap_29_07_2026_23_08_1785346734.PCAP_PDR
-rw------- 1 dsp dsp 2.0G Jul 29 23:09 /data/TRANSIENT_BUFFER/PDR_GULP_data002.pcap_29_07_2026_23_09_1785346763.PCAP_PDR
-rw------- 1 dsp dsp 2.0G Jul 29 23:09 /data/TRANSIENT_BUFFER/PDR_GULP_data000.pcap_29_07_2026_23_09_1785346792.PCAP_PDR
-rw------- 1 dsp dsp 2.0G Jul 29 23:10 /data/TRANSIENT_BUFFER/PDR_GULP_data001.pcap_29_07_2026_23_10_1785346822.PCAP_PDR
-rw------- 1 dsp dsp 2.0G Jul 29 23:10 /data/TRANSIENT_BUFFER/PDR_GULP_data002.pcap_29_07_2026_23_10_1785346851.PCAP_PDR
-rw------- 1 dsp dsp 2.0G Jul 29 23:11 /data/TRANSIENT_BUFFER/PDR_GULP_data000.pcap_29_07_2026_23_11_1785346880.PCAP_PDR
-rw------- 1 dsp dsp 2.0G Jul 29 23:11 /data/TRANSIENT_BUFFER/PDR_GULP_data001.pcap_29_07_2026_23_11_1785346909.PCAP_PDR
-rw------- 1 dsp dsp 2.0G Jul 29 23:12 /data/TRANSIENT_BUFFER/PDR_GULP_data002.pcap_29_07_2026_23_12_1785346938.PCAP_PDR
-rw------- 1 dsp dsp 2.0G Jul 29 23:12 /data/TRANSIENT_BUFFER/PDR_GULP_data000.pcap_29_07_2026_23_12_1785346968.PCAP_PDR
-rw------- 1 dsp dsp 2.0G Jul 29 23:13 /data/TRANSIENT_BUFFER/PDR_GULP_data001.pcap_29_07_2026_23_13_1785346997.PCAP_PDR
-rw------- 1 dsp dsp 2.0G Jul 29 23:13 /data/TRANSIENT_BUFFER/PDR_GULP_data002.pcap_29_07_2026_23_13_1785347026.PCAP_PDR
-rw------- 1 dsp dsp 2.0G Jul 29 23:14 /data/TRANSIENT_BUFFER/PDR_GULP_data000.pcap_29_07_2026_23_14_1785347055.PCAP_PDR
-rw------- 1 dsp dsp 2.0G Jul 29 23:14 /data/TRANSIENT_BUFFER/PDR_GULP_data001.pcap_29_07_2026_23_14_1785347084.PCAP_PDR
-rw------- 1 dsp dsp 2.0G Jul 29 23:15 /data/TRANSIENT_BUFFER/PDR_GULP_data002.pcap_29_07_2026_23_15_1785347114.PCAP_PDR
-rw------- 1 dsp dsp 2.0G Jul 29 23:15 /data/TRANSIENT_BUFFER/PDR_GULP_data000.pcap_29_07_2026_23_15_1785347143.PCAP_PDR
-rw------- 1 dsp dsp 2.0G Jul 29 23:16 /data/TRANSIENT_BUFFER/PDR_GULP_data001.pcap_29_07_2026_23_16_1785347172.PCAP_PDR
-rw------- 1 dsp dsp 2.0G Jul 29 23:16 /data/TRANSIENT_BUFFER/PDR_GULP_data002.pcap_29_07_2026_23_16_1785347201.PCAP_PDR
-rw------- 1 dsp dsp 2.0G Jul 29 23:17 /data/TRANSIENT_BUFFER/PDR_GULP_data000.pcap_29_07_2026_23_17_1785347230.PCAP_PDR
-rw------- 1 dsp dsp 2.0G Jul 29 23:17 /data/TRANSIENT_BUFFER/PDR_GULP_data001.pcap_29_07_2026_23_17_1785347260.PCAP_PDR
-rw------- 1 dsp dsp 2.0G Jul 29 23:18 /data/TRANSIENT_BUFFER/PDR_GULP_data002.pcap_29_07_2026_23_18_1785347289.PCAP_PDR
-rw------- 1 dsp dsp 2.0G Jul 29 23:18 /data/TRANSIENT_BUFFER/PDR_GULP_data000.pcap_29_07_2026_23_18_1785347318.PCAP_PDR
-rw------- 1 dsp dsp 2.0G Jul 29 23:19 /data/TRANSIENT_BUFFER/PDR_GULP_data001.pcap_29_07_2026_23_19_1785347347.PCAP_PDR
-rw------- 1 dsp dsp 2.0G Jul 29 23:19 /data/TRANSIENT_BUFFER/PDR_GULP_data002.pcap_29_07_2026_23_19_1785347376.PCAP_PDR
-rw------- 1 dsp dsp 2.0G Jul 29 23:20 /data/TRANSIENT_BUFFER/PDR_GULP_data000.pcap_29_07_2026_23_20_1785347406.PCAP_PDR
-rw------- 1 dsp dsp 2.0G Jul 29 23:20 /data/TRANSIENT_BUFFER/PDR_GULP_data001.pcap_29_07_2026_23_20_1785347435.PCAP_PDR
-rw------- 1 dsp dsp 2.0G Jul 29 23:21 /data/TRANSIENT_BUFFER/PDR_GULP_data002.pcap_29_07_2026_23_21_1785347464.PCAP_PDR
-rw------- 1 dsp dsp 2.0G Jul 29 23:21 /data/TRANSIENT_BUFFER/PDR_GULP_data000.pcap_29_07_2026_23_21_1785347493.PCAP_PDR
-rw------- 1 dsp dsp 2.0G Jul 29 23:22 /data/TRANSIENT_BUFFER/PDR_GULP_data001.pcap_29_07_2026_23_22_1785347523.PCAP_PDR
-rw------- 1 dsp dsp 2.0G Jul 29 23:22 /data/TRANSIENT_BUFFER/PDR_GULP_data002.pcap_29_07_2026_23_22_1785347552.PCAP_PDR
-rw------- 1 dsp dsp 2.0G Jul 29 23:22 /data/TRANSIENT_BUFFER/PDR_GULP_data000.pcap_29_07_2026_23_23_1785347581.PCAP_PDR
-rw------- 1 dsp dsp 2.0G Jul 29 23:23 /data/TRANSIENT_BUFFER/PDR_GULP_data001.pcap_29_07_2026_23_23_1785347610.PCAP_PDR
-rw------- 1 dsp dsp 2.0G Jul 29 23:23 /data/TRANSIENT_BUFFER/PDR_GULP_data002.pcap_29_07_2026_23_23_1785347639.PCAP_PDR
-rw------- 1 dsp dsp 2.0G Jul 29 23:24 /data/TRANSIENT_BUFFER/PDR_GULP_data000.pcap_29_07_2026_23_24_1785347669.PCAP_PDR
-rw------- 1 dsp dsp 2.0G Jul 29 23:24 /data/TRANSIENT_BUFFER/PDR_GULP_data001.pcap_29_07_2026_23_24_1785347698.PCAP_PDR
-rw------- 1 dsp dsp 2.0G Jul 29 23:25 /data/TRANSIENT_BUFFER/PDR_GULP_data002.pcap_29_07_2026_23_25_1785347727.PCAP_PDR
-rw------- 1 dsp dsp 2.0G Jul 29 23:25 /data/TRANSIENT_BUFFER/PDR_GULP_data000.pcap_29_07_2026_23_25_1785347756.PCAP_PDR
-rw------- 1 dsp dsp 2.0G Jul 29 23:26 /data/TRANSIENT_BUFFER/PDR_GULP_data001.pcap_29_07_2026_23_26_1785347785.PCAP_PDR
-rw------- 1 dsp dsp 2.0G Jul 29 23:26 /data/TRANSIENT_BUFFER/PDR_GULP_data002.pcap_29_07_2026_23_26_1785347815.PCAP_PDR
-rw------- 1 dsp dsp 2.0G Jul 29 23:27 /data/TRANSIENT_BUFFER/PDR_GULP_data000.pcap_29_07_2026_23_27_1785347844.PCAP_PDR
-rw------- 1 dsp dsp 2.0G Jul 29 23:27 /data/TRANSIENT_BUFFER/PDR_GULP_data001.pcap_29_07_2026_23_27_1785347873.PCAP_PDR
-rw------- 1 dsp dsp 2.0G Jul 29 23:28 /data/TRANSIENT_BUFFER/PDR_GULP_data002.pcap_29_07_2026_23_28_1785347902.PCAP_PDR
-rw------- 1 dsp dsp 2.0G Jul 29 23:28 /data/TRANSIENT_BUFFER/PDR_GULP_data000.pcap_29_07_2026_23_28_1785347931.PCAP_PDR
-rw------- 1 dsp dsp 2.0G Jul 29 23:29 /data/TRANSIENT_BUFFER/PDR_GULP_data001.pcap_29_07_2026_23_29_1785347961.PCAP_PDR
-rw------- 1 dsp dsp 2.0G Jul 29 23:29 /data/TRANSIENT_BUFFER/PDR_GULP_data002.pcap_29_07_2026_23_29_1785347990.PCAP_PDR
-rw------- 1 dsp dsp 2.0G Jul 29 23:30 /data/TRANSIENT_BUFFER/PDR_GULP_data000.pcap_29_07_2026_23_30_1785348019.PCAP_PDR
-rw------- 1 dsp dsp 2.0G Jul 29 23:30 /data/TRANSIENT_BUFFER/PDR_GULP_data001.pcap_29_07_2026_23_30_1785348048.PCAP_PDR
-rw------- 1 dsp dsp 2.0G Jul 29 23:31 /data/TRANSIENT_BUFFER/PDR_GULP_data002.pcap_29_07_2026_23_31_1785348077.PCAP_PDR
-rw------- 1 dsp dsp 2.0G Jul 29 23:31 /data/TRANSIENT_BUFFER/PDR_GULP_data000.pcap_29_07_2026_23_31_1785348107.PCAP_PDR
-rw------- 1 dsp dsp 2.0G Jul 29 23:32 /data/TRANSIENT_BUFFER/PDR_GULP_data001.pcap_29_07_2026_23_32_1785348136.PCAP_PDR
-rw------- 1 dsp dsp 2.0G Jul 29 23:32 /data/TRANSIENT_BUFFER/PDR_GULP_data002.pcap_29_07_2026_23_32_1785348165.PCAP_PDR
-rw------- 1 dsp dsp 2.0G Jul 29 23:33 /data/TRANSIENT_BUFFER/PDR_GULP_data000.pcap_29_07_2026_23_33_1785348194.PCAP_PDR
-rw------- 1 dsp dsp 2.0G Jul 29 23:33 /data/TRANSIENT_BUFFER/PDR_GULP_data001.pcap_29_07_2026_23_33_1785348223.PCAP_PDR
-rw------- 1 dsp dsp 2.0G Jul 29 23:34 /data/TRANSIENT_BUFFER/PDR_GULP_data002.pcap_29_07_2026_23_34_1785348253.PCAP_PDR
-rw------- 1 dsp dsp 2.0G Jul 29 23:34 /data/TRANSIENT_BUFFER/PDR_GULP_data000.pcap_29_07_2026_23_34_1785348282.PCAP_PDR
-rw------- 1 dsp dsp 2.0G Jul 29 23:35 /data/TRANSIENT_BUFFER/PDR_GULP_data001.pcap_29_07_2026_23_35_1785348311.PCAP_PDR
-rw------- 1 dsp dsp 2.0G Jul 29 23:35 /data/TRANSIENT_BUFFER/PDR_GULP_data002.pcap_29_07_2026_23_35_1785348340.PCAP_PDR
-rw------- 1 dsp dsp 2.0G Jul 29 23:36 /data/TRANSIENT_BUFFER/PDR_GULP_data000.pcap_29_07_2026_23_36_1785348370.PCAP_PDR
29-07-2026 23:36 RAW PCAP data moved from Transient Buffer.
29-07-2026 23:36 SLIP check Started ...
29-07-2026 23:36 - WARNING - Data Directory: /data/dsp/GBD_TRANSIENT_BUFFER/J1921+2153/29_07_2026
29-07-2026 23:36 - WARNING - Number of Files: 100
29-07-2026 23:36 - WARNING - No packet loss: /data/dsp/GBD_TRANSIENT_BUFFER/J1921+2153/29_07_2026/PDR_GULP_data000.pcap_29_07_2026_22_47_1785345478.PCAP_PDR
29-07-2026 23:36 - WARNING - first_pkt_count, first_gps_count, first_pkt_Tstamp
29-07-2026 23:36 - WARNING - 236006988 12470 2026-07-29T17:17:26.237010
29-07-2026 23:36 - WARNING - last_pkt_count, last_gps_count, last_pkt_Tstamp
29-07-2026 23:36 - WARNING - 237889529 12499 2026-07-29T17:17:55.444891
29-07-2026 23:36 - WARNING - diff_pkt_count  , diff_gps_count ,  diff_pkt_timstamp
29-07-2026 23:36 - WARNING - 1882541 29 29207881 microseconds
29-07-2026 23:36 - WARNING - No packet loss: /data/dsp/GBD_TRANSIENT_BUFFER/J1921+2153/29_07_2026/PDR_GULP_data001.pcap_29_07_2026_22_48_1785345507.PCAP_PDR
29-07-2026 23:36 - WARNING - first_pkt_count, first_gps_count, first_pkt_Tstamp
29-07-2026 23:36 - WARNING - 237889530 12499 2026-07-29T17:17:55.444891
29-07-2026 23:36 - WARNING - last_pkt_count, last_gps_count, last_pkt_Tstamp
29-07-2026 23:36 - WARNING - 239772072 12528 2026-07-29T17:18:24.652797
29-07-2026 23:36 - WARNING - diff_pkt_count  , diff_gps_count ,  diff_pkt_timstamp
29-07-2026 23:36 - WARNING - 1882542 29 29207906 microseconds
29-07-2026 23:36 - WARNING - No packet loss: /data/dsp/GBD_TRANSIENT_BUFFER/J1921+2153/29_07_2026/PDR_GULP_data002.pcap_29_07_2026_22_48_1785345536.PCAP_PDR
29-07-2026 23:36 - WARNING - first_pkt_count, first_gps_count, first_pkt_Tstamp
29-07-2026 23:36 - WARNING - 239772073 12528 2026-07-29T17:18:24.652798
29-07-2026 23:36 - WARNING - last_pkt_count, last_gps_count, last_pkt_Tstamp
29-07-2026 23:36 - WARNING - 241654614 12557 2026-07-29T17:18:53.860719
29-07-2026 23:36 - WARNING - diff_pkt_count  , diff_gps_count ,  diff_pkt_timstamp
29-07-2026 23:36 - WARNING - 1882541 29 29207921 microseconds
29-07-2026 23:36 - WARNING - No packet loss: /data/dsp/GBD_TRANSIENT_BUFFER/J1921+2153/29_07_2026/PDR_GULP_data000.pcap_29_07_2026_22_49_1785345566.PCAP_PDR
29-07-2026 23:36 - WARNING - first_pkt_count, first_gps_count, first_pkt_Tstamp
29-07-2026 23:36 - WARNING - 241654615 12557 2026-07-29T17:18:53.860719
29-07-2026 23:36 - WARNING - last_pkt_count, last_gps_count, last_pkt_Tstamp
29-07-2026 23:36 - WARNING - 243537156 12587 2026-07-29T17:19:23.068675
29-07-2026 23:36 - WARNING - diff_pkt_count  , diff_gps_count ,  diff_pkt_timstamp
29-07-2026 23:36 - WARNING - 1882541 30 29207956 microseconds
29-07-2026 23:36 - WARNING - No packet loss: /data/dsp/GBD_TRANSIENT_BUFFER/J1921+2153/29_07_2026/PDR_GULP_data001.pcap_29_07_2026_22_49_1785345595.PCAP_PDR
29-07-2026 23:36 - WARNING - first_pkt_count, first_gps_count, first_pkt_Tstamp
29-07-2026 23:36 - WARNING - 243537157 12587 2026-07-29T17:19:23.068675
29-07-2026 23:36 - WARNING - last_pkt_count, last_gps_count, last_pkt_Tstamp
29-07-2026 23:36 - WARNING - 245419698 12616 2026-07-29T17:19:52.276535
29-07-2026 23:36 - WARNING - diff_pkt_count  , diff_gps_count ,  diff_pkt_timstamp
29-07-2026 23:36 - WARNING - 1882541 29 29207860 microseconds
29-07-2026 23:36 - WARNING - No packet loss: /data/dsp/GBD_TRANSIENT_BUFFER/J1921+2153/29_07_2026/PDR_GULP_data002.pcap_29_07_2026_22_50_1785345624.PCAP_PDR
29-07-2026 23:36 - WARNING - first_pkt_count, first_gps_count, first_pkt_Tstamp
29-07-2026 23:36 - WARNING - 245419699 12616 2026-07-29T17:19:52.276535
29-07-2026 23:36 - WARNING - last_pkt_count, last_gps_count, last_pkt_Tstamp
29-07-2026 23:36 - WARNING - 247302240 12645 2026-07-29T17:20:21.484432
29-07-2026 23:36 - WARNING - diff_pkt_count  , diff_gps_count ,  diff_pkt_timstamp
29-07-2026 23:36 - WARNING - 1882541 29 29207897 microseconds
29-07-2026 23:36 - WARNING - No packet loss: /data/dsp/GBD_TRANSIENT_BUFFER/J1921+2153/29_07_2026/PDR_GULP_data000.pcap_29_07_2026_22_50_1785345653.PCAP_PDR
29-07-2026 23:36 - WARNING - first_pkt_count, first_gps_count, first_pkt_Tstamp
29-07-2026 23:36 - WARNING - 247302241 12645 2026-07-29T17:20:21.484433
29-07-2026 23:36 - WARNING - last_pkt_count, last_gps_count, last_pkt_Tstamp
29-07-2026 23:36 - WARNING - 249184783 12674 2026-07-29T17:20:50.692373
29-07-2026 23:36 - WARNING - diff_pkt_count  , diff_gps_count ,  diff_pkt_timstamp
29-07-2026 23:36 - WARNING - 1882542 29 29207940 microseconds
29-07-2026 23:36 - WARNING - No packet loss: /data/dsp/GBD_TRANSIENT_BUFFER/J1921+2153/29_07_2026/PDR_GULP_data001.pcap_29_07_2026_22_51_1785345682.PCAP_PDR
29-07-2026 23:36 - WARNING - first_pkt_count, first_gps_count, first_pkt_Tstamp
29-07-2026 23:36 - WARNING - 249184784 12674 2026-07-29T17:20:50.692373
29-07-2026 23:36 - WARNING - last_pkt_count, last_gps_count, last_pkt_Tstamp
29-07-2026 23:36 - WARNING - 251067325 12703 2026-07-29T17:21:19.900298
29-07-2026 23:36 - WARNING - diff_pkt_count  , diff_gps_count ,  diff_pkt_timstamp
29-07-2026 23:36 - WARNING - 1882541 29 29207925 microseconds
29-07-2026 23:36 - WARNING - No packet loss: /data/dsp/GBD_TRANSIENT_BUFFER/J1921+2153/29_07_2026/PDR_GULP_data002.pcap_29_07_2026_22_51_1785345712.PCAP_PDR
29-07-2026 23:36 - WARNING - first_pkt_count, first_gps_count, first_pkt_Tstamp
29-07-2026 23:36 - WARNING - 251067326 12703 2026-07-29T17:21:19.900298
29-07-2026 23:36 - WARNING - last_pkt_count, last_gps_count, last_pkt_Tstamp
29-07-2026 23:36 - WARNING - 252949867 12733 2026-07-29T17:21:49.108166
29-07-2026 23:36 - WARNING - diff_pkt_count  , diff_gps_count ,  diff_pkt_timstamp
29-07-2026 23:36 - WARNING - 1882541 30 29207868 microseconds
29-07-2026 23:36 - WARNING - No packet loss: /data/dsp/GBD_TRANSIENT_BUFFER/J1921+2153/29_07_2026/PDR_GULP_data000.pcap_29_07_2026_22_52_1785345741.PCAP_PDR
29-07-2026 23:36 - WARNING - first_pkt_count, first_gps_count, first_pkt_Tstamp
29-07-2026 23:36 - WARNING - 252949868 12733 2026-07-29T17:21:49.108258
29-07-2026 23:36 - WARNING - last_pkt_count, last_gps_count, last_pkt_Tstamp
29-07-2026 23:36 - WARNING - 254832409 12762 2026-07-29T17:22:18.316064
29-07-2026 23:36 - WARNING - diff_pkt_count  , diff_gps_count ,  diff_pkt_timstamp
29-07-2026 23:36 - WARNING - 1882541 29 29207806 microseconds
29-07-2026 23:36 - WARNING - Packet loss: /data/dsp/GBD_TRANSIENT_BUFFER/J1921+2153/29_07_2026/PDR_GULP_data001.pcap_29_07_2026_22_52_1785345770.PCAP_PDR
29-07-2026 23:36 - WARNING - Packet loss found .... Being fixed ... Please wait ...
29-07-2026 23:36 - WARNING - PCAP filtering ... tcpdump -r /data/dsp/GBD_TRANSIENT_BUFFER/J1921+2153/29_07_2026/PDR_GULP_data001.pcap_29_07_2026_22_52_1785345770.PCAP_PDR.pcap -w PDR_GULP_data001.pcap_29_07_2026_22_52_1785345770_filtered.PCAP_PDR.pcap  host 172.10.10.1 and port 55000 
29-07-2026 23:36 - WARNING - Patched /data/dsp/GBD_TRANSIENT_BUFFER/J1921+2153/29_07_2026/PDR_GULP_data001.pcap_29_07_2026_22_52_1785345770.PCAP_PDR as PDR_GULP_data001.pcap_29_07_2026_22_52_1785345770_filtered.PCAP_PDR
29-07-2026 23:36 - WARNING - Gulped file moved to /data/dsp/GBD_TRANSIENT_BUFFER/J1921+2153/29_07_2026/GULPED
29-07-2026 23:36 - WARNING - first_pkt_count, first_gps_count, first_pkt_Tstamp
29-07-2026 23:36 - WARNING - 254832410 12762 2026-07-29T17:22:18.316162
29-07-2026 23:36 - WARNING - last_pkt_count, last_gps_count, last_pkt_Tstamp
29-07-2026 23:36 - WARNING - 256714951 12791 2026-07-29T17:22:47.524010
29-07-2026 23:36 - WARNING - diff_pkt_count  , diff_gps_count ,  diff_pkt_timstamp
29-07-2026 23:36 - WARNING - 1882541 29 29207848 microseconds
29-07-2026 23:36 - WARNING - No packet loss: /data/dsp/GBD_TRANSIENT_BUFFER/J1921+2153/29_07_2026/PDR_GULP_data002.pcap_29_07_2026_22_53_1785345799.PCAP_PDR
29-07-2026 23:36 - WARNING - first_pkt_count, first_gps_count, first_pkt_Tstamp
29-07-2026 23:36 - WARNING - 256714952 12791 2026-07-29T17:22:47.524010
29-07-2026 23:36 - WARNING - last_pkt_count, last_gps_count, last_pkt_Tstamp
29-07-2026 23:36 - WARNING - 258597493 12820 2026-07-29T17:23:16.731909
29-07-2026 23:36 - WARNING - diff_pkt_count  , diff_gps_count ,  diff_pkt_timstamp
29-07-2026 23:36 - WARNING - 1882541 29 29207899 microseconds
29-07-2026 23:36 - WARNING - No packet loss: /data/dsp/GBD_TRANSIENT_BUFFER/J1921+2153/29_07_2026/PDR_GULP_data000.pcap_29_07_2026_22_53_1785345828.PCAP_PDR
29-07-2026 23:36 - WARNING - first_pkt_count, first_gps_count, first_pkt_Tstamp
29-07-2026 23:36 - WARNING - 258597494 12820 2026-07-29T17:23:16.731909
29-07-2026 23:36 - WARNING - last_pkt_count, last_gps_count, last_pkt_Tstamp
29-07-2026 23:36 - WARNING - 260480035 12849 2026-07-29T17:23:45.939798
29-07-2026 23:36 - WARNING - diff_pkt_count  , diff_gps_count ,  diff_pkt_timstamp
29-07-2026 23:36 - WARNING - 1882541 29 29207889 microseconds
29-07-2026 23:36 - WARNING - No packet loss: /data/dsp/GBD_TRANSIENT_BUFFER/J1921+2153/29_07_2026/PDR_GULP_data001.pcap_29_07_2026_22_54_1785345858.PCAP_PDR
29-07-2026 23:36 - WARNING - first_pkt_count, first_gps_count, first_pkt_Tstamp
29-07-2026 23:36 - WARNING - 260480036 12849 2026-07-29T17:23:45.939798
29-07-2026 23:36 - WARNING - last_pkt_count, last_gps_count, last_pkt_Tstamp
29-07-2026 23:36 - WARNING - 262362578 12879 2026-07-29T17:24:15.147703
29-07-2026 23:36 - WARNING - diff_pkt_count  , diff_gps_count ,  diff_pkt_timstamp
29-07-2026 23:36 - WARNING - 1882542 30 29207905 microseconds
29-07-2026 23:36 - WARNING - No packet loss: /data/dsp/GBD_TRANSIENT_BUFFER/J1921+2153/29_07_2026/PDR_GULP_data002.pcap_29_07_2026_22_54_1785345887.PCAP_PDR
29-07-2026 23:36 - WARNING - first_pkt_count, first_gps_count, first_pkt_Tstamp
29-07-2026 23:36 - WARNING - 262362579 12879 2026-07-29T17:24:15.147754
29-07-2026 23:36 - WARNING - last_pkt_count, last_gps_count, last_pkt_Tstamp
29-07-2026 23:36 - WARNING - 264245120 12908 2026-07-29T17:24:44.355636
29-07-2026 23:36 - WARNING - diff_pkt_count  , diff_gps_count ,  diff_pkt_timstamp
29-07-2026 23:36 - WARNING - 1882541 29 29207882 microseconds
29-07-2026 23:36 - WARNING - No packet loss: /data/dsp/GBD_TRANSIENT_BUFFER/J1921+2153/29_07_2026/PDR_GULP_data000.pcap_29_07_2026_22_55_1785345916.PCAP_PDR
29-07-2026 23:36 - WARNING - first_pkt_count, first_gps_count, first_pkt_Tstamp
29-07-2026 23:36 - WARNING - 264245121 12908 2026-07-29T17:24:44.355636
29-07-2026 23:36 - WARNING - last_pkt_count, last_gps_count, last_pkt_Tstamp
29-07-2026 23:36 - WARNING - 266127662 12937 2026-07-29T17:25:13.563545
29-07-2026 23:36 - WARNING - diff_pkt_count  , diff_gps_count ,  diff_pkt_timstamp
29-07-2026 23:36 - WARNING - 1882541 29 29207909 microseconds
29-07-2026 23:36 - WARNING - No packet loss: /data/dsp/GBD_TRANSIENT_BUFFER/J1921+2153/29_07_2026/PDR_GULP_data001.pcap_29_07_2026_22_55_1785345945.PCAP_PDR
29-07-2026 23:36 - WARNING - first_pkt_count, first_gps_count, first_pkt_Tstamp
29-07-2026 23:36 - WARNING - 266127663 12937 2026-07-29T17:25:13.563545
29-07-2026 23:36 - WARNING - last_pkt_count, last_gps_count, last_pkt_Tstamp
29-07-2026 23:36 - WARNING - 268010204 12966 2026-07-29T17:25:42.771401
29-07-2026 23:36 - WARNING - diff_pkt_count  , diff_gps_count ,  diff_pkt_timstamp
29-07-2026 23:36 - WARNING - 1882541 29 29207856 microseconds
29-07-2026 23:36 - WARNING - No packet loss: /data/dsp/GBD_TRANSIENT_BUFFER/J1921+2153/29_07_2026/PDR_GULP_data002.pcap_29_07_2026_22_56_1785345974.PCAP_PDR
29-07-2026 23:36 - WARNING - first_pkt_count, first_gps_count, first_pkt_Tstamp
29-07-2026 23:36 - WARNING - 268010205 12966 2026-07-29T17:25:42.771454
29-07-2026 23:36 - WARNING - last_pkt_count, last_gps_count, last_pkt_Tstamp
29-07-2026 23:36 - WARNING - 269892746 12995 2026-07-29T17:26:11.979475
29-07-2026 23:36 - WARNING - diff_pkt_count  , diff_gps_count ,  diff_pkt_timstamp
29-07-2026 23:36 - WARNING - 1882541 29 29208021 microseconds
29-07-2026 23:36 - WARNING - No packet loss: /data/dsp/GBD_TRANSIENT_BUFFER/J1921+2153/29_07_2026/PDR_GULP_data000.pcap_29_07_2026_22_56_1785346004.PCAP_PDR
29-07-2026 23:36 - WARNING - first_pkt_count, first_gps_count, first_pkt_Tstamp
29-07-2026 23:36 - WARNING - 269892747 12995 2026-07-29T17:26:11.979527
29-07-2026 23:36 - WARNING - last_pkt_count, last_gps_count, last_pkt_Tstamp
29-07-2026 23:36 - WARNING - 271775288 13025 2026-07-29T17:26:41.187529
29-07-2026 23:36 - WARNING - diff_pkt_count  , diff_gps_count ,  diff_pkt_timstamp
29-07-2026 23:36 - WARNING - 1882541 30 29208002 microseconds
29-07-2026 23:36 - WARNING - No packet loss: /data/dsp/GBD_TRANSIENT_BUFFER/J1921+2153/29_07_2026/PDR_GULP_data001.pcap_29_07_2026_22_57_1785346033.PCAP_PDR
29-07-2026 23:36 - WARNING - first_pkt_count, first_gps_count, first_pkt_Tstamp
29-07-2026 23:36 - WARNING - 271775289 13025 2026-07-29T17:26:41.187582
29-07-2026 23:36 - WARNING - last_pkt_count, last_gps_count, last_pkt_Tstamp
29-07-2026 23:36 - WARNING - 273657831 13054 2026-07-29T17:27:10.395585
29-07-2026 23:36 - WARNING - diff_pkt_count  , diff_gps_count ,  diff_pkt_timstamp
29-07-2026 23:36 - WARNING - 1882542 29 29208003 microseconds
29-07-2026 23:36 - WARNING - No packet loss: /data/dsp/GBD_TRANSIENT_BUFFER/J1921+2153/29_07_2026/PDR_GULP_data002.pcap_29_07_2026_22_57_1785346062.PCAP_PDR
29-07-2026 23:36 - WARNING - first_pkt_count, first_gps_count, first_pkt_Tstamp
29-07-2026 23:36 - WARNING - 273657832 13054 2026-07-29T17:27:10.395638
29-07-2026 23:36 - WARNING - last_pkt_count, last_gps_count, last_pkt_Tstamp
29-07-2026 23:36 - WARNING - 275540373 13083 2026-07-29T17:27:39.603630
29-07-2026 23:36 - WARNING - diff_pkt_count  , diff_gps_count ,  diff_pkt_timstamp
29-07-2026 23:36 - WARNING - 1882541 29 29207992 microseconds
29-07-2026 23:36 - WARNING - No packet loss: /data/dsp/GBD_TRANSIENT_BUFFER/J1921+2153/29_07_2026/PDR_GULP_data000.pcap_29_07_2026_22_58_1785346091.PCAP_PDR
29-07-2026 23:36 - WARNING - first_pkt_count, first_gps_count, first_pkt_Tstamp
29-07-2026 23:36 - WARNING - 275540374 13083 2026-07-29T17:27:39.603683
29-07-2026 23:36 - WARNING - last_pkt_count, last_gps_count, last_pkt_Tstamp
29-07-2026 23:36 - WARNING - 277422915 13112 2026-07-29T17:28:08.811683
29-07-2026 23:36 - WARNING - diff_pkt_count  , diff_gps_count ,  diff_pkt_timstamp
29-07-2026 23:36 - WARNING - 1882541 29 29208000 microseconds
29-07-2026 23:36 - WARNING - No packet loss: /data/dsp/GBD_TRANSIENT_BUFFER/J1921+2153/29_07_2026/PDR_GULP_data001.pcap_29_07_2026_22_58_1785346121.PCAP_PDR
29-07-2026 23:36 - WARNING - first_pkt_count, first_gps_count, first_pkt_Tstamp
29-07-2026 23:36 - WARNING - 277422916 13112 2026-07-29T17:28:08.811683
29-07-2026 23:36 - WARNING - last_pkt_count, last_gps_count, last_pkt_Tstamp
29-07-2026 23:36 - WARNING - 279305457 13142 2026-07-29T17:28:38.019727
29-07-2026 23:36 - WARNING - diff_pkt_count  , diff_gps_count ,  diff_pkt_timstamp
29-07-2026 23:36 - WARNING - 1882541 30 29208044 microseconds
29-07-2026 23:36 - WARNING - No packet loss: /data/dsp/GBD_TRANSIENT_BUFFER/J1921+2153/29_07_2026/PDR_GULP_data002.pcap_29_07_2026_22_59_1785346150.PCAP_PDR
29-07-2026 23:36 - WARNING - first_pkt_count, first_gps_count, first_pkt_Tstamp
29-07-2026 23:36 - WARNING - 279305458 13142 2026-07-29T17:28:38.019727
29-07-2026 23:36 - WARNING - last_pkt_count, last_gps_count, last_pkt_Tstamp
29-07-2026 23:36 - WARNING - 281187999 13171 2026-07-29T17:29:07.227715
29-07-2026 23:36 - WARNING - diff_pkt_count  , diff_gps_count ,  diff_pkt_timstamp
29-07-2026 23:36 - WARNING - 1882541 29 29207988 microseconds
29-07-2026 23:36 - WARNING - No packet loss: /data/dsp/GBD_TRANSIENT_BUFFER/J1921+2153/29_07_2026/PDR_GULP_data000.pcap_29_07_2026_22_59_1785346179.PCAP_PDR
29-07-2026 23:36 - WARNING - first_pkt_count, first_gps_count, first_pkt_Tstamp
29-07-2026 23:36 - WARNING - 281188000 13171 2026-07-29T17:29:07.227715
29-07-2026 23:36 - WARNING - last_pkt_count, last_gps_count, last_pkt_Tstamp
29-07-2026 23:36 - WARNING - 283070541 13200 2026-07-29T17:29:36.435758
29-07-2026 23:36 - WARNING - diff_pkt_count  , diff_gps_count ,  diff_pkt_timstamp
29-07-2026 23:36 - WARNING - 1882541 29 29208043 microseconds
29-07-2026 23:36 - WARNING - No packet loss: /data/dsp/GBD_TRANSIENT_BUFFER/J1921+2153/29_07_2026/PDR_GULP_data001.pcap_29_07_2026_23_00_1785346208.PCAP_PDR
29-07-2026 23:36 - WARNING - first_pkt_count, first_gps_count, first_pkt_Tstamp
29-07-2026 23:36 - WARNING - 283070542 13200 2026-07-29T17:29:36.435758
29-07-2026 23:36 - WARNING - last_pkt_count, last_gps_count, last_pkt_Tstamp
29-07-2026 23:36 - WARNING - 284953084 13229 2026-07-29T17:30:05.643741
29-07-2026 23:36 - WARNING - diff_pkt_count  , diff_gps_count ,  diff_pkt_timstamp
29-07-2026 23:36 - WARNING - 1882542 29 29207983 microseconds
29-07-2026 23:36 - WARNING - No packet loss: /data/dsp/GBD_TRANSIENT_BUFFER/J1921+2153/29_07_2026/PDR_GULP_data002.pcap_29_07_2026_23_00_1785346237.PCAP_PDR
29-07-2026 23:36 - WARNING - first_pkt_count, first_gps_count, first_pkt_Tstamp
29-07-2026 23:36 - WARNING - 284953085 13229 2026-07-29T17:30:05.643803
29-07-2026 23:36 - WARNING - last_pkt_count, last_gps_count, last_pkt_Tstamp
29-07-2026 23:36 - WARNING - 286835626 13258 2026-07-29T17:30:34.851774
29-07-2026 23:36 - WARNING - diff_pkt_count  , diff_gps_count ,  diff_pkt_timstamp
29-07-2026 23:36 - WARNING - 1882541 29 29207971 microseconds
29-07-2026 23:36 - WARNING - No packet loss: /data/dsp/GBD_TRANSIENT_BUFFER/J1921+2153/29_07_2026/PDR_GULP_data000.pcap_29_07_2026_23_01_1785346267.PCAP_PDR
29-07-2026 23:36 - WARNING - first_pkt_count, first_gps_count, first_pkt_Tstamp
29-07-2026 23:36 - WARNING - 286835627 13258 2026-07-29T17:30:34.851774
29-07-2026 23:36 - WARNING - last_pkt_count, last_gps_count, last_pkt_Tstamp
29-07-2026 23:36 - WARNING - 288718168 13288 2026-07-29T17:31:04.059755
29-07-2026 23:36 - WARNING - diff_pkt_count  , diff_gps_count ,  diff_pkt_timstamp
29-07-2026 23:36 - WARNING - 1882541 30 29207981 microseconds
29-07-2026 23:36 - WARNING - No packet loss: /data/dsp/GBD_TRANSIENT_BUFFER/J1921+2153/29_07_2026/PDR_GULP_data001.pcap_29_07_2026_23_01_1785346296.PCAP_PDR
29-07-2026 23:36 - WARNING - first_pkt_count, first_gps_count, first_pkt_Tstamp
29-07-2026 23:36 - WARNING - 288718169 13288 2026-07-29T17:31:04.059756
29-07-2026 23:36 - WARNING - last_pkt_count, last_gps_count, last_pkt_Tstamp
29-07-2026 23:36 - WARNING - 290600710 13317 2026-07-29T17:31:33.267845
29-07-2026 23:36 - WARNING - diff_pkt_count  , diff_gps_count ,  diff_pkt_timstamp
29-07-2026 23:36 - WARNING - 1882541 29 29208089 microseconds
29-07-2026 23:36 - WARNING - No packet loss: /data/dsp/GBD_TRANSIENT_BUFFER/J1921+2153/29_07_2026/PDR_GULP_data002.pcap_29_07_2026_23_02_1785346325.PCAP_PDR
29-07-2026 23:36 - WARNING - first_pkt_count, first_gps_count, first_pkt_Tstamp
29-07-2026 23:36 - WARNING - 290600711 13317 2026-07-29T17:31:33.267845
29-07-2026 23:36 - WARNING - last_pkt_count, last_gps_count, last_pkt_Tstamp
29-07-2026 23:36 - WARNING - 292483252 13346 2026-07-29T17:32:02.475735
29-07-2026 23:36 - WARNING - diff_pkt_count  , diff_gps_count ,  diff_pkt_timstamp
29-07-2026 23:36 - WARNING - 1882541 29 29207890 microseconds
29-07-2026 23:36 - WARNING - No packet loss: /data/dsp/GBD_TRANSIENT_BUFFER/J1921+2153/29_07_2026/PDR_GULP_data000.pcap_29_07_2026_23_02_1785346354.PCAP_PDR
29-07-2026 23:36 - WARNING - first_pkt_count, first_gps_count, first_pkt_Tstamp
29-07-2026 23:36 - WARNING - 292483253 13346 2026-07-29T17:32:02.475788
29-07-2026 23:36 - WARNING - last_pkt_count, last_gps_count, last_pkt_Tstamp
29-07-2026 23:36 - WARNING - 294365794 13375 2026-07-29T17:32:31.683725
29-07-2026 23:36 - WARNING - diff_pkt_count  , diff_gps_count ,  diff_pkt_timstamp
29-07-2026 23:36 - WARNING - 1882541 29 29207937 microseconds
29-07-2026 23:36 - WARNING - No packet loss: /data/dsp/GBD_TRANSIENT_BUFFER/J1921+2153/29_07_2026/PDR_GULP_data001.pcap_29_07_2026_23_03_1785346383.PCAP_PDR
29-07-2026 23:36 - WARNING - first_pkt_count, first_gps_count, first_pkt_Tstamp
29-07-2026 23:36 - WARNING - 294365795 13375 2026-07-29T17:32:31.683725
29-07-2026 23:36 - WARNING - last_pkt_count, last_gps_count, last_pkt_Tstamp
29-07-2026 23:36 - WARNING - 296248337 13404 2026-07-29T17:33:00.891709
29-07-2026 23:36 - WARNING - diff_pkt_count  , diff_gps_count ,  diff_pkt_timstamp
29-07-2026 23:36 - WARNING - 1882542 29 29207984 microseconds
29-07-2026 23:36 - WARNING - No packet loss: /data/dsp/GBD_TRANSIENT_BUFFER/J1921+2153/29_07_2026/PDR_GULP_data002.pcap_29_07_2026_23_03_1785346413.PCAP_PDR
29-07-2026 23:36 - WARNING - first_pkt_count, first_gps_count, first_pkt_Tstamp
29-07-2026 23:36 - WARNING - 296248338 13404 2026-07-29T17:33:00.891760
29-07-2026 23:36 - WARNING - last_pkt_count, last_gps_count, last_pkt_Tstamp
29-07-2026 23:36 - WARNING - 298130879 13434 2026-07-29T17:33:30.099696
29-07-2026 23:36 - WARNING - diff_pkt_count  , diff_gps_count ,  diff_pkt_timstamp
29-07-2026 23:36 - WARNING - 1882541 30 29207936 microseconds
29-07-2026 23:36 - WARNING - No packet loss: /data/dsp/GBD_TRANSIENT_BUFFER/J1921+2153/29_07_2026/PDR_GULP_data000.pcap_29_07_2026_23_04_1785346442.PCAP_PDR
29-07-2026 23:36 - WARNING - first_pkt_count, first_gps_count, first_pkt_Tstamp
29-07-2026 23:36 - WARNING - 298130880 13434 2026-07-29T17:33:30.099751
29-07-2026 23:36 - WARNING - last_pkt_count, last_gps_count, last_pkt_Tstamp
29-07-2026 23:36 - WARNING - 300013421 13463 2026-07-29T17:33:59.307723
29-07-2026 23:36 - WARNING - diff_pkt_count  , diff_gps_count ,  diff_pkt_timstamp
29-07-2026 23:36 - WARNING - 1882541 29 29207972 microseconds
29-07-2026 23:36 - WARNING - No packet loss: /data/dsp/GBD_TRANSIENT_BUFFER/J1921+2153/29_07_2026/PDR_GULP_data001.pcap_29_07_2026_23_04_1785346471.PCAP_PDR
29-07-2026 23:36 - WARNING - first_pkt_count, first_gps_count, first_pkt_Tstamp
29-07-2026 23:36 - WARNING - 300013422 13463 2026-07-29T17:33:59.307723
29-07-2026 23:36 - WARNING - last_pkt_count, last_gps_count, last_pkt_Tstamp
29-07-2026 23:36 - WARNING - 301895963 13492 2026-07-29T17:34:28.515648
29-07-2026 23:36 - WARNING - diff_pkt_count  , diff_gps_count ,  diff_pkt_timstamp
29-07-2026 23:36 - WARNING - 1882541 29 29207925 microseconds
29-07-2026 23:36 - WARNING - No packet loss: /data/dsp/GBD_TRANSIENT_BUFFER/J1921+2153/29_07_2026/PDR_GULP_data002.pcap_29_07_2026_23_05_1785346500.PCAP_PDR
29-07-2026 23:36 - WARNING - first_pkt_count, first_gps_count, first_pkt_Tstamp
29-07-2026 23:36 - WARNING - 301895964 13492 2026-07-29T17:34:28.515739
29-07-2026 23:36 - WARNING - last_pkt_count, last_gps_count, last_pkt_Tstamp
29-07-2026 23:36 - WARNING - 303778505 13521 2026-07-29T17:34:57.723689
29-07-2026 23:36 - WARNING - diff_pkt_count  , diff_gps_count ,  diff_pkt_timstamp
29-07-2026 23:36 - WARNING - 1882541 29 29207950 microseconds
29-07-2026 23:36 - WARNING - No packet loss: /data/dsp/GBD_TRANSIENT_BUFFER/J1921+2153/29_07_2026/PDR_GULP_data000.pcap_29_07_2026_23_05_1785346529.PCAP_PDR
29-07-2026 23:36 - WARNING - first_pkt_count, first_gps_count, first_pkt_Tstamp
29-07-2026 23:36 - WARNING - 303778506 13521 2026-07-29T17:34:57.723689
29-07-2026 23:36 - WARNING - last_pkt_count, last_gps_count, last_pkt_Tstamp
29-07-2026 23:36 - WARNING - 305661047 13550 2026-07-29T17:35:26.931572
29-07-2026 23:36 - WARNING - diff_pkt_count  , diff_gps_count ,  diff_pkt_timstamp
29-07-2026 23:36 - WARNING - 1882541 29 29207883 microseconds
29-07-2026 23:36 - WARNING - No packet loss: /data/dsp/GBD_TRANSIENT_BUFFER/J1921+2153/29_07_2026/PDR_GULP_data001.pcap_29_07_2026_23_05_1785346559.PCAP_PDR
29-07-2026 23:36 - WARNING - first_pkt_count, first_gps_count, first_pkt_Tstamp
29-07-2026 23:36 - WARNING - 305661048 13550 2026-07-29T17:35:26.931625
29-07-2026 23:36 - WARNING - last_pkt_count, last_gps_count, last_pkt_Tstamp
29-07-2026 23:36 - WARNING - 307543590 13580 2026-07-29T17:35:56.139588
29-07-2026 23:36 - WARNING - diff_pkt_count  , diff_gps_count ,  diff_pkt_timstamp
29-07-2026 23:36 - WARNING - 1882542 30 29207963 microseconds
29-07-2026 23:36 - WARNING - No packet loss: /data/dsp/GBD_TRANSIENT_BUFFER/J1921+2153/29_07_2026/PDR_GULP_data002.pcap_29_07_2026_23_06_1785346588.PCAP_PDR
29-07-2026 23:36 - WARNING - first_pkt_count, first_gps_count, first_pkt_Tstamp
29-07-2026 23:36 - WARNING - 307543591 13580 2026-07-29T17:35:56.139588
29-07-2026 23:36 - WARNING - last_pkt_count, last_gps_count, last_pkt_Tstamp
29-07-2026 23:36 - WARNING - 309426132 13609 2026-07-29T17:36:25.347597
29-07-2026 23:36 - WARNING - diff_pkt_count  , diff_gps_count ,  diff_pkt_timstamp
29-07-2026 23:36 - WARNING - 1882541 29 29208009 microseconds
29-07-2026 23:36 - WARNING - No packet loss: /data/dsp/GBD_TRANSIENT_BUFFER/J1921+2153/29_07_2026/PDR_GULP_data000.pcap_29_07_2026_23_06_1785346617.PCAP_PDR
29-07-2026 23:36 - WARNING - first_pkt_count, first_gps_count, first_pkt_Tstamp
29-07-2026 23:36 - WARNING - 309426133 13609 2026-07-29T17:36:25.347598
29-07-2026 23:36 - WARNING - last_pkt_count, last_gps_count, last_pkt_Tstamp
29-07-2026 23:36 - WARNING - 311308674 13638 2026-07-29T17:36:54.555504
29-07-2026 23:36 - WARNING - diff_pkt_count  , diff_gps_count ,  diff_pkt_timstamp
29-07-2026 23:36 - WARNING - 1882541 29 29207906 microseconds
29-07-2026 23:36 - WARNING - No packet loss: /data/dsp/GBD_TRANSIENT_BUFFER/J1921+2153/29_07_2026/PDR_GULP_data001.pcap_29_07_2026_23_07_1785346646.PCAP_PDR
29-07-2026 23:36 - WARNING - first_pkt_count, first_gps_count, first_pkt_Tstamp
29-07-2026 23:36 - WARNING - 311308675 13638 2026-07-29T17:36:54.555504
29-07-2026 23:36 - WARNING - last_pkt_count, last_gps_count, last_pkt_Tstamp
29-07-2026 23:36 - WARNING - 313191216 13667 2026-07-29T17:37:23.763484
29-07-2026 23:36 - WARNING - diff_pkt_count  , diff_gps_count ,  diff_pkt_timstamp
29-07-2026 23:36 - WARNING - 1882541 29 29207980 microseconds
29-07-2026 23:36 - WARNING - No packet loss: /data/dsp/GBD_TRANSIENT_BUFFER/J1921+2153/29_07_2026/PDR_GULP_data002.pcap_29_07_2026_23_07_1785346675.PCAP_PDR
29-07-2026 23:36 - WARNING - first_pkt_count, first_gps_count, first_pkt_Tstamp
29-07-2026 23:36 - WARNING - 313191217 13667 2026-07-29T17:37:23.763485
29-07-2026 23:36 - WARNING - last_pkt_count, last_gps_count, last_pkt_Tstamp
29-07-2026 23:36 - WARNING - 315073758 13696 2026-07-29T17:37:52.971487
29-07-2026 23:36 - WARNING - diff_pkt_count  , diff_gps_count ,  diff_pkt_timstamp
29-07-2026 23:36 - WARNING - 1882541 29 29208002 microseconds
29-07-2026 23:36 - WARNING - No packet loss: /data/dsp/GBD_TRANSIENT_BUFFER/J1921+2153/29_07_2026/PDR_GULP_data000.pcap_29_07_2026_23_08_1785346705.PCAP_PDR
29-07-2026 23:36 - WARNING - first_pkt_count, first_gps_count, first_pkt_Tstamp
29-07-2026 23:36 - WARNING - 315073759 13696 2026-07-29T17:37:52.971487
29-07-2026 23:36 - WARNING - last_pkt_count, last_gps_count, last_pkt_Tstamp
29-07-2026 23:36 - WARNING - 316956300 13726 2026-07-29T17:38:22.179366
29-07-2026 23:36 - WARNING - diff_pkt_count  , diff_gps_count ,  diff_pkt_timstamp
29-07-2026 23:36 - WARNING - 1882541 30 29207879 microseconds
29-07-2026 23:36 - WARNING - No packet loss: /data/dsp/GBD_TRANSIENT_BUFFER/J1921+2153/29_07_2026/PDR_GULP_data001.pcap_29_07_2026_23_08_1785346734.PCAP_PDR
29-07-2026 23:36 - WARNING - first_pkt_count, first_gps_count, first_pkt_Tstamp
29-07-2026 23:36 - WARNING - 316956301 13726 2026-07-29T17:38:22.179366
29-07-2026 23:36 - WARNING - last_pkt_count, last_gps_count, last_pkt_Tstamp
29-07-2026 23:36 - WARNING - 318838843 13755 2026-07-29T17:38:51.387353
29-07-2026 23:36 - WARNING - diff_pkt_count  , diff_gps_count ,  diff_pkt_timstamp
29-07-2026 23:36 - WARNING - 1882542 29 29207987 microseconds
29-07-2026 23:36 - WARNING - No packet loss: /data/dsp/GBD_TRANSIENT_BUFFER/J1921+2153/29_07_2026/PDR_GULP_data002.pcap_29_07_2026_23_09_1785346763.PCAP_PDR
29-07-2026 23:36 - WARNING - first_pkt_count, first_gps_count, first_pkt_Tstamp
29-07-2026 23:36 - WARNING - 318838844 13755 2026-07-29T17:38:51.387353
29-07-2026 23:36 - WARNING - last_pkt_count, last_gps_count, last_pkt_Tstamp
29-07-2026 23:36 - WARNING - 320721385 13784 2026-07-29T17:39:20.595274
29-07-2026 23:36 - WARNING - diff_pkt_count  , diff_gps_count ,  diff_pkt_timstamp
29-07-2026 23:36 - WARNING - 1882541 29 29207921 microseconds
29-07-2026 23:36 - WARNING - No packet loss: /data/dsp/GBD_TRANSIENT_BUFFER/J1921+2153/29_07_2026/PDR_GULP_data000.pcap_29_07_2026_23_09_1785346792.PCAP_PDR
29-07-2026 23:36 - WARNING - first_pkt_count, first_gps_count, first_pkt_Tstamp
29-07-2026 23:36 - WARNING - 320721386 13784 2026-07-29T17:39:20.595274
29-07-2026 23:36 - WARNING - last_pkt_count, last_gps_count, last_pkt_Tstamp
29-07-2026 23:36 - WARNING - 322603927 13813 2026-07-29T17:39:49.803251
29-07-2026 23:36 - WARNING - diff_pkt_count  , diff_gps_count ,  diff_pkt_timstamp
29-07-2026 23:36 - WARNING - 1882541 29 29207977 microseconds
29-07-2026 23:36 - WARNING - No packet loss: /data/dsp/GBD_TRANSIENT_BUFFER/J1921+2153/29_07_2026/PDR_GULP_data001.pcap_29_07_2026_23_10_1785346822.PCAP_PDR
29-07-2026 23:36 - WARNING - first_pkt_count, first_gps_count, first_pkt_Tstamp
29-07-2026 23:36 - WARNING - 322603928 13813 2026-07-29T17:39:49.803251
29-07-2026 23:36 - WARNING - last_pkt_count, last_gps_count, last_pkt_Tstamp
29-07-2026 23:36 - WARNING - 324486469 13843 2026-07-29T17:40:19.011165
29-07-2026 23:36 - WARNING - diff_pkt_count  , diff_gps_count ,  diff_pkt_timstamp
29-07-2026 23:36 - WARNING - 1882541 30 29207914 microseconds
29-07-2026 23:36 - WARNING - No packet loss: /data/dsp/GBD_TRANSIENT_BUFFER/J1921+2153/29_07_2026/PDR_GULP_data002.pcap_29_07_2026_23_10_1785346851.PCAP_PDR
29-07-2026 23:36 - WARNING - first_pkt_count, first_gps_count, first_pkt_Tstamp
29-07-2026 23:36 - WARNING - 324486470 13843 2026-07-29T17:40:19.011165
29-07-2026 23:36 - WARNING - last_pkt_count, last_gps_count, last_pkt_Tstamp
29-07-2026 23:36 - WARNING - 326369011 13872 2026-07-29T17:40:48.219154
29-07-2026 23:36 - WARNING - diff_pkt_count  , diff_gps_count ,  diff_pkt_timstamp
29-07-2026 23:36 - WARNING - 1882541 29 29207989 microseconds
29-07-2026 23:36 - WARNING - No packet loss: /data/dsp/GBD_TRANSIENT_BUFFER/J1921+2153/29_07_2026/PDR_GULP_data000.pcap_29_07_2026_23_11_1785346880.PCAP_PDR
29-07-2026 23:36 - WARNING - first_pkt_count, first_gps_count, first_pkt_Tstamp
29-07-2026 23:36 - WARNING - 326369012 13872 2026-07-29T17:40:48.219154
29-07-2026 23:36 - WARNING - last_pkt_count, last_gps_count, last_pkt_Tstamp
29-07-2026 23:36 - WARNING - 328251554 13901 2026-07-29T17:41:17.427059
29-07-2026 23:36 - WARNING - diff_pkt_count  , diff_gps_count ,  diff_pkt_timstamp
29-07-2026 23:36 - WARNING - 1882542 29 29207905 microseconds
29-07-2026 23:36 - WARNING - No packet loss: /data/dsp/GBD_TRANSIENT_BUFFER/J1921+2153/29_07_2026/PDR_GULP_data001.pcap_29_07_2026_23_11_1785346909.PCAP_PDR
29-07-2026 23:36 - WARNING - first_pkt_count, first_gps_count, first_pkt_Tstamp
29-07-2026 23:36 - WARNING - 328251555 13901 2026-07-29T17:41:17.427059
29-07-2026 23:36 - WARNING - last_pkt_count, last_gps_count, last_pkt_Tstamp
29-07-2026 23:36 - WARNING - 330134096 13930 2026-07-29T17:41:46.635018
29-07-2026 23:36 - WARNING - diff_pkt_count  , diff_gps_count ,  diff_pkt_timstamp
29-07-2026 23:36 - WARNING - 1882541 29 29207959 microseconds
29-07-2026 23:36 - WARNING - No packet loss: /data/dsp/GBD_TRANSIENT_BUFFER/J1921+2153/29_07_2026/PDR_GULP_data002.pcap_29_07_2026_23_12_1785346938.PCAP_PDR
29-07-2026 23:36 - WARNING - first_pkt_count, first_gps_count, first_pkt_Tstamp
29-07-2026 23:36 - WARNING - 330134097 13930 2026-07-29T17:41:46.635018
29-07-2026 23:36 - WARNING - last_pkt_count, last_gps_count, last_pkt_Tstamp
29-07-2026 23:36 - WARNING - 332016638 13959 2026-07-29T17:42:15.842964
29-07-2026 23:36 - WARNING - diff_pkt_count  , diff_gps_count ,  diff_pkt_timstamp
29-07-2026 23:36 - WARNING - 1882541 29 29207946 microseconds
29-07-2026 23:36 - WARNING - No packet loss: /data/dsp/GBD_TRANSIENT_BUFFER/J1921+2153/29_07_2026/PDR_GULP_data000.pcap_29_07_2026_23_12_1785346968.PCAP_PDR
29-07-2026 23:36 - WARNING - first_pkt_count, first_gps_count, first_pkt_Tstamp
29-07-2026 23:36 - WARNING - 332016639 13959 2026-07-29T17:42:15.842964
29-07-2026 23:36 - WARNING - last_pkt_count, last_gps_count, last_pkt_Tstamp
29-07-2026 23:36 - WARNING - 333899180 13989 2026-07-29T17:42:45.050888
29-07-2026 23:36 - WARNING - diff_pkt_count  , diff_gps_count ,  diff_pkt_timstamp
29-07-2026 23:36 - WARNING - 1882541 30 29207924 microseconds
29-07-2026 23:36 - WARNING - No packet loss: /data/dsp/GBD_TRANSIENT_BUFFER/J1921+2153/29_07_2026/PDR_GULP_data001.pcap_29_07_2026_23_13_1785346997.PCAP_PDR
29-07-2026 23:36 - WARNING - first_pkt_count, first_gps_count, first_pkt_Tstamp
29-07-2026 23:36 - WARNING - 333899181 13989 2026-07-29T17:42:45.050888
29-07-2026 23:36 - WARNING - last_pkt_count, last_gps_count, last_pkt_Tstamp
29-07-2026 23:36 - WARNING - 335781722 14018 2026-07-29T17:43:14.258841
29-07-2026 23:36 - WARNING - diff_pkt_count  , diff_gps_count ,  diff_pkt_timstamp
29-07-2026 23:36 - WARNING - 1882541 29 29207953 microseconds
29-07-2026 23:36 - WARNING - No packet loss: /data/dsp/GBD_TRANSIENT_BUFFER/J1921+2153/29_07_2026/PDR_GULP_data002.pcap_29_07_2026_23_13_1785347026.PCAP_PDR
29-07-2026 23:36 - WARNING - first_pkt_count, first_gps_count, first_pkt_Tstamp
29-07-2026 23:36 - WARNING - 335781723 14018 2026-07-29T17:43:14.258842
29-07-2026 23:36 - WARNING - last_pkt_count, last_gps_count, last_pkt_Tstamp
29-07-2026 23:36 - WARNING - 337664264 14047 2026-07-29T17:43:43.466746
29-07-2026 23:36 - WARNING - diff_pkt_count  , diff_gps_count ,  diff_pkt_timstamp
29-07-2026 23:36 - WARNING - 1882541 29 29207904 microseconds
29-07-2026 23:36 - WARNING - No packet loss: /data/dsp/GBD_TRANSIENT_BUFFER/J1921+2153/29_07_2026/PDR_GULP_data000.pcap_29_07_2026_23_14_1785347055.PCAP_PDR
29-07-2026 23:36 - WARNING - first_pkt_count, first_gps_count, first_pkt_Tstamp
29-07-2026 23:36 - WARNING - 337664265 14047 2026-07-29T17:43:43.466835
29-07-2026 23:36 - WARNING - last_pkt_count, last_gps_count, last_pkt_Tstamp
29-07-2026 23:36 - WARNING - 339546807 14076 2026-07-29T17:44:12.674728
29-07-2026 23:36 - WARNING - diff_pkt_count  , diff_gps_count ,  diff_pkt_timstamp
29-07-2026 23:36 - WARNING - 1882542 29 29207893 microseconds
29-07-2026 23:36 - WARNING - No packet loss: /data/dsp/GBD_TRANSIENT_BUFFER/J1921+2153/29_07_2026/PDR_GULP_data001.pcap_29_07_2026_23_14_1785347084.PCAP_PDR
29-07-2026 23:36 - WARNING - first_pkt_count, first_gps_count, first_pkt_Tstamp
29-07-2026 23:36 - WARNING - 339546808 14076 2026-07-29T17:44:12.674728
29-07-2026 23:36 - WARNING - last_pkt_count, last_gps_count, last_pkt_Tstamp
29-07-2026 23:36 - WARNING - 341429349 14105 2026-07-29T17:44:41.882614
29-07-2026 23:36 - WARNING - diff_pkt_count  , diff_gps_count ,  diff_pkt_timstamp
29-07-2026 23:36 - WARNING - 1882541 29 29207886 microseconds
29-07-2026 23:36 - WARNING - No packet loss: /data/dsp/GBD_TRANSIENT_BUFFER/J1921+2153/29_07_2026/PDR_GULP_data002.pcap_29_07_2026_23_15_1785347114.PCAP_PDR
29-07-2026 23:36 - WARNING - first_pkt_count, first_gps_count, first_pkt_Tstamp
29-07-2026 23:36 - WARNING - 341429350 14105 2026-07-29T17:44:41.882678
29-07-2026 23:36 - WARNING - last_pkt_count, last_gps_count, last_pkt_Tstamp
29-07-2026 23:36 - WARNING - 343311891 14135 2026-07-29T17:45:11.090588
29-07-2026 23:36 - WARNING - diff_pkt_count  , diff_gps_count ,  diff_pkt_timstamp
29-07-2026 23:36 - WARNING - 1882541 30 29207910 microseconds
29-07-2026 23:36 - WARNING - No packet loss: /data/dsp/GBD_TRANSIENT_BUFFER/J1921+2153/29_07_2026/PDR_GULP_data000.pcap_29_07_2026_23_15_1785347143.PCAP_PDR
29-07-2026 23:36 - WARNING - first_pkt_count, first_gps_count, first_pkt_Tstamp
29-07-2026 23:36 - WARNING - 343311892 14135 2026-07-29T17:45:11.090588
29-07-2026 23:36 - WARNING - last_pkt_count, last_gps_count, last_pkt_Tstamp
29-07-2026 23:36 - WARNING - 345194433 14164 2026-07-29T17:45:40.298513
29-07-2026 23:36 - WARNING - diff_pkt_count  , diff_gps_count ,  diff_pkt_timstamp
29-07-2026 23:36 - WARNING - 1882541 29 29207925 microseconds
29-07-2026 23:36 - WARNING - No packet loss: /data/dsp/GBD_TRANSIENT_BUFFER/J1921+2153/29_07_2026/PDR_GULP_data001.pcap_29_07_2026_23_16_1785347172.PCAP_PDR
29-07-2026 23:36 - WARNING - first_pkt_count, first_gps_count, first_pkt_Tstamp
29-07-2026 23:36 - WARNING - 345194434 14164 2026-07-29T17:45:40.298513
29-07-2026 23:36 - WARNING - last_pkt_count, last_gps_count, last_pkt_Tstamp
29-07-2026 23:36 - WARNING - 347076975 14193 2026-07-29T17:46:09.506462
29-07-2026 23:36 - WARNING - diff_pkt_count  , diff_gps_count ,  diff_pkt_timstamp
29-07-2026 23:36 - WARNING - 1882541 29 29207949 microseconds
29-07-2026 23:36 - WARNING - Packet loss: /data/dsp/GBD_TRANSIENT_BUFFER/J1921+2153/29_07_2026/PDR_GULP_data002.pcap_29_07_2026_23_16_1785347201.PCAP_PDR
29-07-2026 23:36 - WARNING - Packet loss found .... Being fixed ... Please wait ...
29-07-2026 23:36 - WARNING - PCAP filtering ... tcpdump -r /data/dsp/GBD_TRANSIENT_BUFFER/J1921+2153/29_07_2026/PDR_GULP_data002.pcap_29_07_2026_23_16_1785347201.PCAP_PDR.pcap -w PDR_GULP_data002.pcap_29_07_2026_23_16_1785347201_filtered.PCAP_PDR.pcap  host 172.10.10.1 and port 55000 
29-07-2026 23:36 - WARNING - Patched /data/dsp/GBD_TRANSIENT_BUFFER/J1921+2153/29_07_2026/PDR_GULP_data002.pcap_29_07_2026_23_16_1785347201.PCAP_PDR as PDR_GULP_data002.pcap_29_07_2026_23_16_1785347201_filtered.PCAP_PDR
29-07-2026 23:36 - WARNING - Gulped file moved to /data/dsp/GBD_TRANSIENT_BUFFER/J1921+2153/29_07_2026/GULPED
29-07-2026 23:36 - WARNING - first_pkt_count, first_gps_count, first_pkt_Tstamp
29-07-2026 23:36 - WARNING - 347076976 14193 2026-07-29T17:46:09.506463
29-07-2026 23:36 - WARNING - last_pkt_count, last_gps_count, last_pkt_Tstamp
29-07-2026 23:36 - WARNING - 348959518 14222 2026-07-29T17:46:38.714439
29-07-2026 23:36 - WARNING - diff_pkt_count  , diff_gps_count ,  diff_pkt_timstamp
29-07-2026 23:36 - WARNING - 1882542 29 29207976 microseconds
29-07-2026 23:36 - WARNING - No packet loss: /data/dsp/GBD_TRANSIENT_BUFFER/J1921+2153/29_07_2026/PDR_GULP_data000.pcap_29_07_2026_23_17_1785347230.PCAP_PDR
29-07-2026 23:36 - WARNING - first_pkt_count, first_gps_count, first_pkt_Tstamp
29-07-2026 23:36 - WARNING - 348959519 14222 2026-07-29T17:46:38.714439
29-07-2026 23:36 - WARNING - last_pkt_count, last_gps_count, last_pkt_Tstamp
29-07-2026 23:36 - WARNING - 350842061 14251 2026-07-29T17:47:07.922398
29-07-2026 23:36 - WARNING - diff_pkt_count  , diff_gps_count ,  diff_pkt_timstamp
29-07-2026 23:36 - WARNING - 1882542 29 29207959 microseconds
29-07-2026 23:36 - WARNING - No packet loss: /data/dsp/GBD_TRANSIENT_BUFFER/J1921+2153/29_07_2026/PDR_GULP_data001.pcap_29_07_2026_23_17_1785347260.PCAP_PDR
29-07-2026 23:36 - WARNING - first_pkt_count, first_gps_count, first_pkt_Tstamp
29-07-2026 23:36 - WARNING - 350842062 14251 2026-07-29T17:47:07.922398
29-07-2026 23:36 - WARNING - last_pkt_count, last_gps_count, last_pkt_Tstamp
29-07-2026 23:36 - WARNING - 352724603 14281 2026-07-29T17:47:37.130236
29-07-2026 23:36 - WARNING - diff_pkt_count  , diff_gps_count ,  diff_pkt_timstamp
29-07-2026 23:36 - WARNING - 1882541 30 29207838 microseconds
29-07-2026 23:36 - WARNING - No packet loss: /data/dsp/GBD_TRANSIENT_BUFFER/J1921+2153/29_07_2026/PDR_GULP_data002.pcap_29_07_2026_23_18_1785347289.PCAP_PDR
29-07-2026 23:36 - WARNING - first_pkt_count, first_gps_count, first_pkt_Tstamp
29-07-2026 23:36 - WARNING - 352724604 14281 2026-07-29T17:47:37.130288
29-07-2026 23:36 - WARNING - last_pkt_count, last_gps_count, last_pkt_Tstamp
29-07-2026 23:36 - WARNING - 354607145 14310 2026-07-29T17:48:06.338245
29-07-2026 23:36 - WARNING - diff_pkt_count  , diff_gps_count ,  diff_pkt_timstamp
29-07-2026 23:36 - WARNING - 1882541 29 29207957 microseconds
29-07-2026 23:36 - WARNING - No packet loss: /data/dsp/GBD_TRANSIENT_BUFFER/J1921+2153/29_07_2026/PDR_GULP_data000.pcap_29_07_2026_23_18_1785347318.PCAP_PDR
29-07-2026 23:36 - WARNING - first_pkt_count, first_gps_count, first_pkt_Tstamp
29-07-2026 23:36 - WARNING - 354607146 14310 2026-07-29T17:48:06.338245
29-07-2026 23:36 - WARNING - last_pkt_count, last_gps_count, last_pkt_Tstamp
29-07-2026 23:36 - WARNING - 356489687 14339 2026-07-29T17:48:35.546107
29-07-2026 23:36 - WARNING - diff_pkt_count  , diff_gps_count ,  diff_pkt_timstamp
29-07-2026 23:36 - WARNING - 1882541 29 29207862 microseconds
29-07-2026 23:36 - WARNING - No packet loss: /data/dsp/GBD_TRANSIENT_BUFFER/J1921+2153/29_07_2026/PDR_GULP_data001.pcap_29_07_2026_23_19_1785347347.PCAP_PDR
29-07-2026 23:36 - WARNING - first_pkt_count, first_gps_count, first_pkt_Tstamp
29-07-2026 23:36 - WARNING - 356489688 14339 2026-07-29T17:48:35.546107
29-07-2026 23:36 - WARNING - last_pkt_count, last_gps_count, last_pkt_Tstamp
29-07-2026 23:36 - WARNING - 358372229 14368 2026-07-29T17:49:04.754035
29-07-2026 23:36 - WARNING - diff_pkt_count  , diff_gps_count ,  diff_pkt_timstamp
29-07-2026 23:36 - WARNING - 1882541 29 29207928 microseconds
29-07-2026 23:36 - WARNING - No packet loss: /data/dsp/GBD_TRANSIENT_BUFFER/J1921+2153/29_07_2026/PDR_GULP_data002.pcap_29_07_2026_23_19_1785347376.PCAP_PDR
29-07-2026 23:36 - WARNING - first_pkt_count, first_gps_count, first_pkt_Tstamp
29-07-2026 23:36 - WARNING - 358372230 14368 2026-07-29T17:49:04.754127
29-07-2026 23:36 - WARNING - last_pkt_count, last_gps_count, last_pkt_Tstamp
29-07-2026 23:36 - WARNING - 360254771 14397 2026-07-29T17:49:33.961963
29-07-2026 23:36 - WARNING - diff_pkt_count  , diff_gps_count ,  diff_pkt_timstamp
29-07-2026 23:36 - WARNING - 1882541 29 29207836 microseconds
29-07-2026 23:36 - WARNING - No packet loss: /data/dsp/GBD_TRANSIENT_BUFFER/J1921+2153/29_07_2026/PDR_GULP_data000.pcap_29_07_2026_23_20_1785347406.PCAP_PDR
29-07-2026 23:36 - WARNING - first_pkt_count, first_gps_count, first_pkt_Tstamp
29-07-2026 23:36 - WARNING - 360254772 14397 2026-07-29T17:49:33.962057
29-07-2026 23:36 - WARNING - last_pkt_count, last_gps_count, last_pkt_Tstamp
29-07-2026 23:36 - WARNING - 362137314 14427 2026-07-29T17:50:03.169907
29-07-2026 23:36 - WARNING - diff_pkt_count  , diff_gps_count ,  diff_pkt_timstamp
29-07-2026 23:36 - WARNING - 1882542 30 29207850 microseconds
29-07-2026 23:36 - WARNING - No packet loss: /data/dsp/GBD_TRANSIENT_BUFFER/J1921+2153/29_07_2026/PDR_GULP_data001.pcap_29_07_2026_23_20_1785347435.PCAP_PDR
29-07-2026 23:36 - WARNING - first_pkt_count, first_gps_count, first_pkt_Tstamp
29-07-2026 23:36 - WARNING - 362137315 14427 2026-07-29T17:50:03.169994
29-07-2026 23:36 - WARNING - last_pkt_count, last_gps_count, last_pkt_Tstamp
29-07-2026 23:36 - WARNING - 364019856 14456 2026-07-29T17:50:32.377819
29-07-2026 23:36 - WARNING - diff_pkt_count  , diff_gps_count ,  diff_pkt_timstamp
29-07-2026 23:36 - WARNING - 1882541 29 29207825 microseconds
29-07-2026 23:36 - WARNING - No packet loss: /data/dsp/GBD_TRANSIENT_BUFFER/J1921+2153/29_07_2026/PDR_GULP_data002.pcap_29_07_2026_23_21_1785347464.PCAP_PDR
29-07-2026 23:36 - WARNING - first_pkt_count, first_gps_count, first_pkt_Tstamp
29-07-2026 23:36 - WARNING - 364019857 14456 2026-07-29T17:50:32.377873
29-07-2026 23:36 - WARNING - last_pkt_count, last_gps_count, last_pkt_Tstamp
29-07-2026 23:36 - WARNING - 365902398 14485 2026-07-29T17:51:01.585772
29-07-2026 23:36 - WARNING - diff_pkt_count  , diff_gps_count ,  diff_pkt_timstamp
29-07-2026 23:36 - WARNING - 1882541 29 29207899 microseconds
29-07-2026 23:36 - WARNING - No packet loss: /data/dsp/GBD_TRANSIENT_BUFFER/J1921+2153/29_07_2026/PDR_GULP_data000.pcap_29_07_2026_23_21_1785347493.PCAP_PDR
29-07-2026 23:36 - WARNING - first_pkt_count, first_gps_count, first_pkt_Tstamp
29-07-2026 23:36 - WARNING - 365902399 14485 2026-07-29T17:51:01.585773
29-07-2026 23:36 - WARNING - last_pkt_count, last_gps_count, last_pkt_Tstamp
29-07-2026 23:36 - WARNING - 367784940 14514 2026-07-29T17:51:30.793668
29-07-2026 23:36 - WARNING - diff_pkt_count  , diff_gps_count ,  diff_pkt_timstamp
29-07-2026 23:36 - WARNING - 1882541 29 29207895 microseconds
29-07-2026 23:36 - WARNING - No packet loss: /data/dsp/GBD_TRANSIENT_BUFFER/J1921+2153/29_07_2026/PDR_GULP_data001.pcap_29_07_2026_23_22_1785347523.PCAP_PDR
29-07-2026 23:36 - WARNING - first_pkt_count, first_gps_count, first_pkt_Tstamp
29-07-2026 23:36 - WARNING - 367784941 14514 2026-07-29T17:51:30.793721
29-07-2026 23:36 - WARNING - last_pkt_count, last_gps_count, last_pkt_Tstamp
29-07-2026 23:36 - WARNING - 369667482 14543 2026-07-29T17:52:00.001623
29-07-2026 23:36 - WARNING - diff_pkt_count  , diff_gps_count ,  diff_pkt_timstamp
29-07-2026 23:36 - WARNING - 1882541 29 29207902 microseconds
29-07-2026 23:36 - WARNING - No packet loss: /data/dsp/GBD_TRANSIENT_BUFFER/J1921+2153/29_07_2026/PDR_GULP_data002.pcap_29_07_2026_23_22_1785347552.PCAP_PDR
29-07-2026 23:36 - WARNING - first_pkt_count, first_gps_count, first_pkt_Tstamp
29-07-2026 23:36 - WARNING - 369667483 14543 2026-07-29T17:52:00.001623
29-07-2026 23:36 - WARNING - last_pkt_count, last_gps_count, last_pkt_Tstamp
29-07-2026 23:36 - WARNING - 371550024 14573 2026-07-29T17:52:29.209522
29-07-2026 23:36 - WARNING - diff_pkt_count  , diff_gps_count ,  diff_pkt_timstamp
29-07-2026 23:36 - WARNING - 1882541 30 29207899 microseconds
29-07-2026 23:36 - WARNING - No packet loss: /data/dsp/GBD_TRANSIENT_BUFFER/J1921+2153/29_07_2026/PDR_GULP_data000.pcap_29_07_2026_23_23_1785347581.PCAP_PDR
29-07-2026 23:36 - WARNING - first_pkt_count, first_gps_count, first_pkt_Tstamp
29-07-2026 23:36 - WARNING - 371550025 14573 2026-07-29T17:52:29.209522
29-07-2026 23:36 - WARNING - last_pkt_count, last_gps_count, last_pkt_Tstamp
29-07-2026 23:36 - WARNING - 373432567 14602 2026-07-29T17:52:58.417545
29-07-2026 23:36 - WARNING - diff_pkt_count  , diff_gps_count ,  diff_pkt_timstamp
29-07-2026 23:36 - WARNING - 1882542 29 29208023 microseconds
29-07-2026 23:36 - WARNING - No packet loss: /data/dsp/GBD_TRANSIENT_BUFFER/J1921+2153/29_07_2026/PDR_GULP_data001.pcap_29_07_2026_23_23_1785347610.PCAP_PDR
29-07-2026 23:36 - WARNING - first_pkt_count, first_gps_count, first_pkt_Tstamp
29-07-2026 23:36 - WARNING - 373432568 14602 2026-07-29T17:52:58.417545
29-07-2026 23:36 - WARNING - last_pkt_count, last_gps_count, last_pkt_Tstamp
29-07-2026 23:36 - WARNING - 375315109 14631 2026-07-29T17:53:27.625406
29-07-2026 23:36 - WARNING - diff_pkt_count  , diff_gps_count ,  diff_pkt_timstamp
29-07-2026 23:36 - WARNING - 1882541 29 29207861 microseconds
29-07-2026 23:36 - WARNING - No packet loss: /data/dsp/GBD_TRANSIENT_BUFFER/J1921+2153/29_07_2026/PDR_GULP_data002.pcap_29_07_2026_23_23_1785347639.PCAP_PDR
29-07-2026 23:36 - WARNING - first_pkt_count, first_gps_count, first_pkt_Tstamp
29-07-2026 23:36 - WARNING - 375315110 14631 2026-07-29T17:53:27.625406
29-07-2026 23:36 - WARNING - last_pkt_count, last_gps_count, last_pkt_Tstamp
29-07-2026 23:36 - WARNING - 377197651 14660 2026-07-29T17:53:56.833311
29-07-2026 23:36 - WARNING - diff_pkt_count  , diff_gps_count ,  diff_pkt_timstamp
29-07-2026 23:36 - WARNING - 1882541 29 29207905 microseconds
29-07-2026 23:36 - WARNING - No packet loss: /data/dsp/GBD_TRANSIENT_BUFFER/J1921+2153/29_07_2026/PDR_GULP_data000.pcap_29_07_2026_23_24_1785347669.PCAP_PDR
29-07-2026 23:36 - WARNING - first_pkt_count, first_gps_count, first_pkt_Tstamp
29-07-2026 23:36 - WARNING - 377197652 14660 2026-07-29T17:53:56.833364
29-07-2026 23:36 - WARNING - last_pkt_count, last_gps_count, last_pkt_Tstamp
29-07-2026 23:36 - WARNING - 379080193 14690 2026-07-29T17:54:26.041240
29-07-2026 23:36 - WARNING - diff_pkt_count  , diff_gps_count ,  diff_pkt_timstamp
29-07-2026 23:36 - WARNING - 1882541 30 29207876 microseconds
29-07-2026 23:36 - WARNING - No packet loss: /data/dsp/GBD_TRANSIENT_BUFFER/J1921+2153/29_07_2026/PDR_GULP_data001.pcap_29_07_2026_23_24_1785347698.PCAP_PDR
29-07-2026 23:36 - WARNING - first_pkt_count, first_gps_count, first_pkt_Tstamp
29-07-2026 23:36 - WARNING - 379080194 14690 2026-07-29T17:54:26.041292
29-07-2026 23:36 - WARNING - last_pkt_count, last_gps_count, last_pkt_Tstamp
29-07-2026 23:36 - WARNING - 380962735 14719 2026-07-29T17:54:55.249223
29-07-2026 23:36 - WARNING - diff_pkt_count  , diff_gps_count ,  diff_pkt_timstamp
29-07-2026 23:36 - WARNING - 1882541 29 29207931 microseconds
29-07-2026 23:36 - WARNING - No packet loss: /data/dsp/GBD_TRANSIENT_BUFFER/J1921+2153/29_07_2026/PDR_GULP_data002.pcap_29_07_2026_23_25_1785347727.PCAP_PDR
29-07-2026 23:36 - WARNING - first_pkt_count, first_gps_count, first_pkt_Tstamp
29-07-2026 23:36 - WARNING - 380962736 14719 2026-07-29T17:54:55.249223
29-07-2026 23:36 - WARNING - last_pkt_count, last_gps_count, last_pkt_Tstamp
29-07-2026 23:36 - WARNING - 382845277 14748 2026-07-29T17:55:24.457111
29-07-2026 23:36 - WARNING - diff_pkt_count  , diff_gps_count ,  diff_pkt_timstamp
29-07-2026 23:36 - WARNING - 1882541 29 29207888 microseconds
29-07-2026 23:36 - WARNING - No packet loss: /data/dsp/GBD_TRANSIENT_BUFFER/J1921+2153/29_07_2026/PDR_GULP_data000.pcap_29_07_2026_23_25_1785347756.PCAP_PDR
29-07-2026 23:36 - WARNING - first_pkt_count, first_gps_count, first_pkt_Tstamp
29-07-2026 23:36 - WARNING - 382845278 14748 2026-07-29T17:55:24.457111
29-07-2026 23:36 - WARNING - last_pkt_count, last_gps_count, last_pkt_Tstamp
29-07-2026 23:36 - WARNING - 384727820 14777 2026-07-29T17:55:53.665079
29-07-2026 23:36 - WARNING - diff_pkt_count  , diff_gps_count ,  diff_pkt_timstamp
29-07-2026 23:36 - WARNING - 1882542 29 29207968 microseconds
29-07-2026 23:36 - WARNING - No packet loss: /data/dsp/GBD_TRANSIENT_BUFFER/J1921+2153/29_07_2026/PDR_GULP_data001.pcap_29_07_2026_23_26_1785347785.PCAP_PDR
29-07-2026 23:36 - WARNING - first_pkt_count, first_gps_count, first_pkt_Tstamp
29-07-2026 23:36 - WARNING - 384727821 14777 2026-07-29T17:55:53.665079
29-07-2026 23:36 - WARNING - last_pkt_count, last_gps_count, last_pkt_Tstamp
29-07-2026 23:36 - WARNING - 386610362 14806 2026-07-29T17:56:22.872948
29-07-2026 23:36 - WARNING - diff_pkt_count  , diff_gps_count ,  diff_pkt_timstamp
29-07-2026 23:36 - WARNING - 1882541 29 29207869 microseconds
29-07-2026 23:36 - WARNING - No packet loss: /data/dsp/GBD_TRANSIENT_BUFFER/J1921+2153/29_07_2026/PDR_GULP_data002.pcap_29_07_2026_23_26_1785347815.PCAP_PDR
29-07-2026 23:36 - WARNING - first_pkt_count, first_gps_count, first_pkt_Tstamp
29-07-2026 23:36 - WARNING - 386610363 14806 2026-07-29T17:56:22.872948
29-07-2026 23:36 - WARNING - last_pkt_count, last_gps_count, last_pkt_Tstamp
29-07-2026 23:36 - WARNING - 388492904 14836 2026-07-29T17:56:52.080883
29-07-2026 23:36 - WARNING - diff_pkt_count  , diff_gps_count ,  diff_pkt_timstamp
29-07-2026 23:36 - WARNING - 1882541 30 29207935 microseconds
29-07-2026 23:36 - WARNING - No packet loss: /data/dsp/GBD_TRANSIENT_BUFFER/J1921+2153/29_07_2026/PDR_GULP_data000.pcap_29_07_2026_23_27_1785347844.PCAP_PDR
29-07-2026 23:36 - WARNING - first_pkt_count, first_gps_count, first_pkt_Tstamp
29-07-2026 23:36 - WARNING - 388492905 14836 2026-07-29T17:56:52.080883
29-07-2026 23:36 - WARNING - last_pkt_count, last_gps_count, last_pkt_Tstamp
29-07-2026 23:36 - WARNING - 390375446 14865 2026-07-29T17:57:21.288825
29-07-2026 23:36 - WARNING - diff_pkt_count  , diff_gps_count ,  diff_pkt_timstamp
29-07-2026 23:36 - WARNING - 1882541 29 29207942 microseconds
29-07-2026 23:36 - WARNING - No packet loss: /data/dsp/GBD_TRANSIENT_BUFFER/J1921+2153/29_07_2026/PDR_GULP_data001.pcap_29_07_2026_23_27_1785347873.PCAP_PDR
29-07-2026 23:36 - WARNING - first_pkt_count, first_gps_count, first_pkt_Tstamp
29-07-2026 23:36 - WARNING - 390375447 14865 2026-07-29T17:57:21.288825
29-07-2026 23:36 - WARNING - last_pkt_count, last_gps_count, last_pkt_Tstamp
29-07-2026 23:36 - WARNING - 392257988 14894 2026-07-29T17:57:50.496693
29-07-2026 23:36 - WARNING - diff_pkt_count  , diff_gps_count ,  diff_pkt_timstamp
29-07-2026 23:36 - WARNING - 1882541 29 29207868 microseconds
29-07-2026 23:36 - WARNING - No packet loss: /data/dsp/GBD_TRANSIENT_BUFFER/J1921+2153/29_07_2026/PDR_GULP_data002.pcap_29_07_2026_23_28_1785347902.PCAP_PDR
29-07-2026 23:36 - WARNING - first_pkt_count, first_gps_count, first_pkt_Tstamp
29-07-2026 23:36 - WARNING - 392257989 14894 2026-07-29T17:57:50.496757
29-07-2026 23:36 - WARNING - last_pkt_count, last_gps_count, last_pkt_Tstamp
29-07-2026 23:36 - WARNING - 394140530 14923 2026-07-29T17:58:19.704675
29-07-2026 23:36 - WARNING - diff_pkt_count  , diff_gps_count ,  diff_pkt_timstamp
29-07-2026 23:36 - WARNING - 1882541 29 29207918 microseconds
29-07-2026 23:36 - WARNING - No packet loss: /data/dsp/GBD_TRANSIENT_BUFFER/J1921+2153/29_07_2026/PDR_GULP_data000.pcap_29_07_2026_23_28_1785347931.PCAP_PDR
29-07-2026 23:36 - WARNING - first_pkt_count, first_gps_count, first_pkt_Tstamp
29-07-2026 23:36 - WARNING - 394140531 14923 2026-07-29T17:58:19.704675
29-07-2026 23:36 - WARNING - last_pkt_count, last_gps_count, last_pkt_Tstamp
29-07-2026 23:36 - WARNING - 396023073 14952 2026-07-29T17:58:48.912581
29-07-2026 23:36 - WARNING - diff_pkt_count  , diff_gps_count ,  diff_pkt_timstamp
29-07-2026 23:36 - WARNING - 1882542 29 29207906 microseconds
29-07-2026 23:36 - WARNING - No packet loss: /data/dsp/GBD_TRANSIENT_BUFFER/J1921+2153/29_07_2026/PDR_GULP_data001.pcap_29_07_2026_23_29_1785347961.PCAP_PDR
29-07-2026 23:36 - WARNING - first_pkt_count, first_gps_count, first_pkt_Tstamp
29-07-2026 23:36 - WARNING - 396023074 14952 2026-07-29T17:58:48.912581
29-07-2026 23:36 - WARNING - last_pkt_count, last_gps_count, last_pkt_Tstamp
29-07-2026 23:36 - WARNING - 397905615 14982 2026-07-29T17:59:18.120537
29-07-2026 23:36 - WARNING - diff_pkt_count  , diff_gps_count ,  diff_pkt_timstamp
29-07-2026 23:36 - WARNING - 1882541 30 29207956 microseconds
29-07-2026 23:36 - WARNING - No packet loss: /data/dsp/GBD_TRANSIENT_BUFFER/J1921+2153/29_07_2026/PDR_GULP_data002.pcap_29_07_2026_23_29_1785347990.PCAP_PDR
29-07-2026 23:36 - WARNING - first_pkt_count, first_gps_count, first_pkt_Tstamp
29-07-2026 23:36 - WARNING - 397905616 14982 2026-07-29T17:59:18.120537
29-07-2026 23:36 - WARNING - last_pkt_count, last_gps_count, last_pkt_Tstamp
29-07-2026 23:36 - WARNING - 399788157 15011 2026-07-29T17:59:47.328408
29-07-2026 23:36 - WARNING - diff_pkt_count  , diff_gps_count ,  diff_pkt_timstamp
29-07-2026 23:36 - WARNING - 1882541 29 29207871 microseconds
29-07-2026 23:36 - WARNING - No packet loss: /data/dsp/GBD_TRANSIENT_BUFFER/J1921+2153/29_07_2026/PDR_GULP_data000.pcap_29_07_2026_23_30_1785348019.PCAP_PDR
29-07-2026 23:36 - WARNING - first_pkt_count, first_gps_count, first_pkt_Tstamp
29-07-2026 23:36 - WARNING - 399788158 15011 2026-07-29T17:59:47.328409
29-07-2026 23:36 - WARNING - last_pkt_count, last_gps_count, last_pkt_Tstamp
29-07-2026 23:36 - WARNING - 401670699 15040 2026-07-29T18:00:16.536237
29-07-2026 23:36 - WARNING - diff_pkt_count  , diff_gps_count ,  diff_pkt_timstamp
29-07-2026 23:36 - WARNING - 1882541 29 29207828 microseconds
29-07-2026 23:36 - WARNING - No packet loss: /data/dsp/GBD_TRANSIENT_BUFFER/J1921+2153/29_07_2026/PDR_GULP_data001.pcap_29_07_2026_23_30_1785348048.PCAP_PDR
29-07-2026 23:36 - WARNING - first_pkt_count, first_gps_count, first_pkt_Tstamp
29-07-2026 23:36 - WARNING - 401670700 15040 2026-07-29T18:00:16.536237
29-07-2026 23:36 - WARNING - last_pkt_count, last_gps_count, last_pkt_Tstamp
29-07-2026 23:36 - WARNING - 403553241 15069 2026-07-29T18:00:45.744023
29-07-2026 23:36 - WARNING - diff_pkt_count  , diff_gps_count ,  diff_pkt_timstamp
29-07-2026 23:36 - WARNING - 1882541 29 29207786 microseconds
29-07-2026 23:36 - WARNING - No packet loss: /data/dsp/GBD_TRANSIENT_BUFFER/J1921+2153/29_07_2026/PDR_GULP_data002.pcap_29_07_2026_23_31_1785348077.PCAP_PDR
29-07-2026 23:36 - WARNING - first_pkt_count, first_gps_count, first_pkt_Tstamp
29-07-2026 23:36 - WARNING - 403553242 15069 2026-07-29T18:00:45.744074
29-07-2026 23:36 - WARNING - last_pkt_count, last_gps_count, last_pkt_Tstamp
29-07-2026 23:36 - WARNING - 405435783 15098 2026-07-29T18:01:14.951867
29-07-2026 23:36 - WARNING - diff_pkt_count  , diff_gps_count ,  diff_pkt_timstamp
29-07-2026 23:36 - WARNING - 1882541 29 29207793 microseconds
29-07-2026 23:36 - WARNING - No packet loss: /data/dsp/GBD_TRANSIENT_BUFFER/J1921+2153/29_07_2026/PDR_GULP_data000.pcap_29_07_2026_23_31_1785348107.PCAP_PDR
29-07-2026 23:36 - WARNING - first_pkt_count, first_gps_count, first_pkt_Tstamp
29-07-2026 23:36 - WARNING - 405435784 15098 2026-07-29T18:01:14.951867
29-07-2026 23:36 - WARNING - last_pkt_count, last_gps_count, last_pkt_Tstamp
29-07-2026 23:36 - WARNING - 407318326 15128 2026-07-29T18:01:44.159689
29-07-2026 23:36 - WARNING - diff_pkt_count  , diff_gps_count ,  diff_pkt_timstamp
29-07-2026 23:36 - WARNING - 1882542 30 29207822 microseconds
29-07-2026 23:36 - WARNING - No packet loss: /data/dsp/GBD_TRANSIENT_BUFFER/J1921+2153/29_07_2026/PDR_GULP_data001.pcap_29_07_2026_23_32_1785348136.PCAP_PDR
29-07-2026 23:36 - WARNING - first_pkt_count, first_gps_count, first_pkt_Tstamp
29-07-2026 23:36 - WARNING - 407318327 15128 2026-07-29T18:01:44.159689
29-07-2026 23:36 - WARNING - last_pkt_count, last_gps_count, last_pkt_Tstamp
29-07-2026 23:36 - WARNING - 409200868 15157 2026-07-29T18:02:13.367532
29-07-2026 23:36 - WARNING - diff_pkt_count  , diff_gps_count ,  diff_pkt_timstamp
29-07-2026 23:36 - WARNING - 1882541 29 29207843 microseconds
29-07-2026 23:36 - WARNING - No packet loss: /data/dsp/GBD_TRANSIENT_BUFFER/J1921+2153/29_07_2026/PDR_GULP_data002.pcap_29_07_2026_23_32_1785348165.PCAP_PDR
29-07-2026 23:36 - WARNING - first_pkt_count, first_gps_count, first_pkt_Tstamp
29-07-2026 23:36 - WARNING - 409200869 15157 2026-07-29T18:02:13.367533
29-07-2026 23:36 - WARNING - last_pkt_count, last_gps_count, last_pkt_Tstamp
29-07-2026 23:36 - WARNING - 411083410 15186 2026-07-29T18:02:42.575320
29-07-2026 23:36 - WARNING - diff_pkt_count  , diff_gps_count ,  diff_pkt_timstamp
29-07-2026 23:36 - WARNING - 1882541 29 29207787 microseconds
29-07-2026 23:36 - WARNING - No packet loss: /data/dsp/GBD_TRANSIENT_BUFFER/J1921+2153/29_07_2026/PDR_GULP_data000.pcap_29_07_2026_23_33_1785348194.PCAP_PDR
29-07-2026 23:36 - WARNING - first_pkt_count, first_gps_count, first_pkt_Tstamp
29-07-2026 23:36 - WARNING - 411083411 15186 2026-07-29T18:02:42.575373
29-07-2026 23:36 - WARNING - last_pkt_count, last_gps_count, last_pkt_Tstamp
29-07-2026 23:36 - WARNING - 412965952 15215 2026-07-29T18:03:11.783227
29-07-2026 23:36 - WARNING - diff_pkt_count  , diff_gps_count ,  diff_pkt_timstamp
29-07-2026 23:36 - WARNING - 1882541 29 29207854 microseconds
29-07-2026 23:36 - WARNING - No packet loss: /data/dsp/GBD_TRANSIENT_BUFFER/J1921+2153/29_07_2026/PDR_GULP_data001.pcap_29_07_2026_23_33_1785348223.PCAP_PDR
29-07-2026 23:36 - WARNING - first_pkt_count, first_gps_count, first_pkt_Tstamp
29-07-2026 23:36 - WARNING - 412965953 15215 2026-07-29T18:03:11.783227
29-07-2026 23:36 - WARNING - last_pkt_count, last_gps_count, last_pkt_Tstamp
29-07-2026 23:36 - WARNING - 414848494 15244 2026-07-29T18:03:40.991024
29-07-2026 23:36 - WARNING - diff_pkt_count  , diff_gps_count ,  diff_pkt_timstamp
29-07-2026 23:36 - WARNING - 1882541 29 29207797 microseconds
29-07-2026 23:36 - WARNING - No packet loss: /data/dsp/GBD_TRANSIENT_BUFFER/J1921+2153/29_07_2026/PDR_GULP_data002.pcap_29_07_2026_23_34_1785348253.PCAP_PDR
29-07-2026 23:36 - WARNING - first_pkt_count, first_gps_count, first_pkt_Tstamp
29-07-2026 23:36 - WARNING - 414848495 15244 2026-07-29T18:03:40.991026
29-07-2026 23:36 - WARNING - last_pkt_count, last_gps_count, last_pkt_Tstamp
29-07-2026 23:36 - WARNING - 416731036 15274 2026-07-29T18:04:10.198822
29-07-2026 23:36 - WARNING - diff_pkt_count  , diff_gps_count ,  diff_pkt_timstamp
29-07-2026 23:36 - WARNING - 1882541 30 29207796 microseconds
29-07-2026 23:36 - WARNING - No packet loss: /data/dsp/GBD_TRANSIENT_BUFFER/J1921+2153/29_07_2026/PDR_GULP_data000.pcap_29_07_2026_23_34_1785348282.PCAP_PDR
29-07-2026 23:36 - WARNING - first_pkt_count, first_gps_count, first_pkt_Tstamp
29-07-2026 23:36 - WARNING - 416731037 15274 2026-07-29T18:04:10.198911
29-07-2026 23:36 - WARNING - last_pkt_count, last_gps_count, last_pkt_Tstamp
29-07-2026 23:36 - WARNING - 418613579 15303 2026-07-29T18:04:39.406698
29-07-2026 23:36 - WARNING - diff_pkt_count  , diff_gps_count ,  diff_pkt_timstamp
29-07-2026 23:36 - WARNING - 1882542 29 29207787 microseconds
29-07-2026 23:36 - WARNING - No packet loss: /data/dsp/GBD_TRANSIENT_BUFFER/J1921+2153/29_07_2026/PDR_GULP_data001.pcap_29_07_2026_23_35_1785348311.PCAP_PDR
29-07-2026 23:36 - WARNING - first_pkt_count, first_gps_count, first_pkt_Tstamp
29-07-2026 23:36 - WARNING - 418613580 15303 2026-07-29T18:04:39.406699
29-07-2026 23:36 - WARNING - last_pkt_count, last_gps_count, last_pkt_Tstamp
29-07-2026 23:36 - WARNING - 420496121 15332 2026-07-29T18:05:08.614579
29-07-2026 23:36 - WARNING - diff_pkt_count  , diff_gps_count ,  diff_pkt_timstamp
29-07-2026 23:36 - WARNING - 1882541 29 29207880 microseconds
29-07-2026 23:36 - WARNING - No packet loss: /data/dsp/GBD_TRANSIENT_BUFFER/J1921+2153/29_07_2026/PDR_GULP_data002.pcap_29_07_2026_23_35_1785348340.PCAP_PDR
29-07-2026 23:36 - WARNING - first_pkt_count, first_gps_count, first_pkt_Tstamp
29-07-2026 23:36 - WARNING - 420496122 15332 2026-07-29T18:05:08.614579
29-07-2026 23:36 - WARNING - last_pkt_count, last_gps_count, last_pkt_Tstamp
29-07-2026 23:36 - WARNING - 422378663 15361 2026-07-29T18:05:37.822392
29-07-2026 23:36 - WARNING - diff_pkt_count  , diff_gps_count ,  diff_pkt_timstamp
29-07-2026 23:36 - WARNING - 1882541 29 29207813 microseconds
29-07-2026 23:36 - WARNING - No packet loss: /data/dsp/GBD_TRANSIENT_BUFFER/J1921+2153/29_07_2026/PDR_GULP_data000.pcap_29_07_2026_23_36_1785348370.PCAP_PDR
29-07-2026 23:36 - WARNING - first_pkt_count, first_gps_count, first_pkt_Tstamp
29-07-2026 23:36 - WARNING - 422378664 15361 2026-07-29T18:05:37.822393
29-07-2026 23:36 - WARNING - last_pkt_count, last_gps_count, last_pkt_Tstamp
29-07-2026 23:36 - WARNING - 424261205 15391 2026-07-29T18:06:07.030212
29-07-2026 23:36 - WARNING - diff_pkt_count  , diff_gps_count ,  diff_pkt_timstamp
29-07-2026 23:36 - WARNING - 1882541 30 29207819 microseconds
29-07-2026 23:36 SLIP check Finished...
29-07-2026 23:36 Pulsar data reduction pipeline started ...
29-07-2026 23:36 - WARNING - Data Directory: /data/dsp/GBD_TRANSIENT_BUFFER/J1921+2153/29_07_2026
29-07-2026 23:36 - WARNING - Pulsar: J1921+2153
29-07-2026 23:36 - WARNING - CH selelction: 0
29-07-2026 23:36 - WARNING - Phase file: /home/dsp/PDR_acquire_setup/dada_scripts/phase/rf_path_phase.dat
29-07-2026 23:36 - WARNING - Obs. logfile: /home/dsp/PDR_acquire_setup/master_obs_log/J1921+2153_29_07_2026_observation.log
29-07-2026 23:36 - WARNING - Observation start time: 2026_07_29_22_47_55
29-07-2026 23:36 - WARNING - parfile: /home/dsp/parfiles/J1921+2153.par
29-07-2026 23:36 - WARNING - DM: 12.44399
29-07-2026 23:36 - WARNING - Period: 1.3373021601894548
29-07-2026 23:36 - WARNING - RA_DEC: 19:21:44.815+21:53:02.25
29-07-2026 23:36 - WARNING - out_dada_file: J1921+2153_2026_07_29_22_47_55_type_0.dada
29-07-2026 23:36 - WARNING - Number of files to process: 100
29-07-2026 23:36 - WARNING - Files per batch:  17
29-07-2026 23:59 - WARNING - Time taken for PDR2DADA convertion: 0:23:12.737879
29-07-2026 23:59 - WARNING - Center_freq: 175
29-07-2026 23:59 - WARNING - int_time: 3.0
29-07-2026 23:59 - WARNING - nbins: 256
29-07-2026 23:59 - WARNING - fil_chan: 256
29-07-2026 23:59 - WARNING - cpu: 2,3,4,5,6,7,8,9,10,11,12,13,14,15,16
29-07-2026 23:59 - WARNING - thread: 32
29-07-2026 23:59 - WARNING - nbit: 8
29-07-2026 23:59 - WARNING - time_avg: 0.000256
29-07-2026 23:59 - WARNING - MJD_START: 61250.720780575
29-07-2026 23:59 - WARNING - output: J1921+2153_61250.72_175MHz_type_0_GBD_DART
29-07-2026 23:59 - WARNING - singularity_container: singularity exec /home/dsp/singularity_imag/pschive_py3.sif  
29-07-2026 23:59 - WARNING - ------ DIGIFITS ------
29-07-2026 23:59 - WARNING - ---- Search Mode FITS -------
29-07-2026 23:59 - WARNING - digifits_ful_stokes_cmd: singularity exec /home/dsp/singularity_imag/pschive_py3.sif  digifits  -F 256 -x 256 -b 8 -p 4 -t 0.000256 J1921+2153_2026_07_29_22_47_55_type_0.dada -o J1921+2153_2026_07_29_22_47_55_type_0.dada_stokes.fits
30-07-2026 00:34 - WARNING - ------ Total intensity FITS -------
30-07-2026 00:34 - WARNING - digifits_total_intensity_cmd: singularity exec /home/dsp/singularity_imag/pschive_py3.sif  digifits  -F 256 -x 256 -b 8 -p 1 -t 0.000256 J1921+2153_2026_07_29_22_47_55_type_0.dada -o J1921+2153_2026_07_29_22_47_55_type_0.dada_intensity.fits
30-07-2026 01:20 - WARNING - Nchan: 256
30-07-2026 01:20 - WARNING - Nbin: 256
30-07-2026 01:20 - WARNING - Tavg: 0.000256
30-07-2026 01:20 - WARNING - Time taken for DIGIFITS run: 1:20:33.197531
30-07-2026 01:20 - WARNING - ------ DSPSR ------
30-07-2026 01:20 - WARNING - ------- Coherent Dedispersion Folded archive -------
30-07-2026 01:20 - WARNING - dspsr_cmd: singularity exec /home/dsp/singularity_imag/pschive_py3.sif  dspsr J1921+2153_2026_07_29_22_47_55_type_0.dada -cpu 2,3,4,5,6,7,8,9,10,11,12,13,14,15,16 -t 32 -E /home/dsp/parfiles/J1921+2153.par -L 3.0 -b 256 -F 256:D -N J1921+2153 -a PSRFITS -A -e .fits -O J1921+2153_61250.72_175MHz_type_0_GBD_DART
30-07-2026 01:33 - WARNING - ------- Incoherent Dedispersion Folded archive -------
30-07-2026 01:33 - WARNING - Incoherent_DD_dspsr_cmd: singularity exec /home/dsp/singularity_imag/pschive_py3.sif  dspsr J1921+2153_2026_07_29_22_47_55_type_0.dada_stokes.fits -cpu 2,3,4,5,6,7,8,9,10,11,12,13,14,15,16 -t 32 -E /home/dsp/parfiles/J1921+2153.par -L 3.0 -b 256 -N J1921+2153 -A -e .fits -O J1921+2153_61250.72_175MHz_type_0_GBD_DART_stokes_Incoherent_DD
30-07-2026 01:35 - WARNING - Time taken for DSPSR run: 0:14:39.981756
30-07-2026 01:35 - WARNING - ------ PSREDIT ------
30-07-2026 01:35 - WARNING - psredit_cmd: singularity exec /home/dsp/singularity_imag/pschive_py3.sif  psredit -c name=J1921+2153,be:name=GSB,coord=19:21:44.815+21:53:02.25 -m *_GBD_DART*fits
30-07-2026 01:35 - WARNING - Time taken for PSREDIT run: 0:00:11.959448
30-07-2026 01:35 - WARNING - ------ Iterative RFI Cleaner ------
30-07-2026 01:35 - WARNING - Iterative_cleaner_cmd: singularity exec /home/dsp/singularity_imag/pschive_py3.sif   python3 /home/dsp/PDR_acquire_setup/iterative_cleaner.py -s 3 -c 3 -m 10 *_GBD_DART*fits
30-07-2026 01:42 - WARNING - Time taken for Iterative_cleaner run: 0:07:05.640348
30-07-2026 01:42 - WARNING - ------ PDMP ------
30-07-2026 01:42 - WARNING - pdmp_cmd1: singularity exec /home/dsp/singularity_imag/pschive_py3.sif  pdmp -dr 2 -ds 0.05 -g J1921+2153_61250.72_175MHz_type_0_GBD_DART.fits_cleaned.ar.ps/cps J1921+2153_61250.72_175MHz_type_0_GBD_DART.fits_cleaned.ar
30-07-2026 01:55 - WARNING - pdmp_cmd2: singularity exec /home/dsp/singularity_imag/pschive_py3.sif  pdmp -dr 2 -ds 0.05 -g J1921+2153_61250.72_175MHz_type_0_GBD_DART_stokes_Incoherent_DD.fits_cleaned.ar.ps/cps J1921+2153_61250.72_175MHz_type_0_GBD_DART_stokes_Incoherent_DD.fits_cleaned.ar
30-07-2026 02:06 - WARNING - Time taken for PDMP run: 0:24:18.413580
30-07-2026 02:06 - WARNING - ------ PS2PDF ------
30-07-2026 02:06 - WARNING - ps2pdf_cmd1: singularity exec /home/dsp/singularity_imag/pschive_py3.sif  ps2pdf J1921+2153_61250.72_175MHz_type_0_GBD_DART.fits_cleaned.ar.ps J1921+2153_61250.72_175MHz_type_0_GBD_DART.fits_cleaned.ar.ps.pdf
30-07-2026 02:06 - WARNING - ps2pdf_cmd2: singularity exec /home/dsp/singularity_imag/pschive_py3.sif  ps2pdf J1921+2153_61250.72_175MHz_type_0_GBD_DART_stokes_Incoherent_DD.fits_cleaned.ar.ps J1921+2153_61250.72_175MHz_type_0_GBD_DART_stokes_Incoherent_DD.fits_cleaned.ar.ps.pdf
30-07-2026 02:06 - WARNING - Time taken for PDMP run: 0:00:01.376309
30-07-2026 02:06 - WARNING - Overall time taken for data reduction: 2:30:04.190606
30-07-2026 02:06 - WARNING - J1921+2153_2026_07_29_22_47_55_type_0.dada... file removed
30-07-2026 02:06 - WARNING - All done!
30-07-2026 02:07 --- PRESTO ---
30-07-2026 02:07 singularity_container: singularity exec /home/dsp/singularity_imag/pschive_py3.sif  
30-07-2026 02:07 Filterbank to Process for PULSAR: J1921+2153 with DM:12.44399 : J1921+2153_2026_07_29_22_47_55_type_0.dada_intensity.fits
30-07-2026 02:07 --- RFIFIND ---
30-07-2026 02:07 RFIFIND: singularity exec /home/dsp/singularity_imag/pschive_py3.sif   rfifind -time 2.0 -o J1921+2153 J1921+2153_2026_07_29_22_47_55_type_0.dada_intensity.fits
30-07-2026 02:08 --- PREPDATA ---
30-07-2026 02:08 PREPDATA: singularity exec /home/dsp/singularity_imag/pschive_py3.sif   prepdata -nobary -o J1921+2153_2026_07_29_22_47_55_type_0.dada_intensity.fits -dm 12.44399 -mask J1921+2153_rfifind.mask J1921+2153_2026_07_29_22_47_55_type_0.dada_intensity.fits
30-07-2026 02:08 --- REALFFT ---
30-07-2026 02:08 REALFFT: singularity exec /home/dsp/singularity_imag/pschive_py3.sif   realfft  J1921+2153_2026_07_29_22_47_55_type_0.dada_intensity.fits.dat
30-07-2026 02:08 --- ACCELSEARCH ---
30-07-2026 02:08 ACCELSEARCH: singularity exec /home/dsp/singularity_imag/pschive_py3.sif   accelsearch -numharm 8 -zmax 8  J1921+2153_2026_07_29_22_47_55_type_0.dada_intensity.fits.fft
30-07-2026 02:08 Observation Over.
