13-07-2026 23:50 Waiting for J1921+2153 observation...
13-07-2026 23:55 Observation started...
13-07-2026 23:55 Pulsar: J1921+2153 , parfile: /home/dsp/parfiles/J1921+2153.par , DM: 12.44399
13-07-2026 23:55 Trigger sent to obs. PC [VELA].
14-07-2026 00:39 Acquired 100.
14-07-2026 00:39 ACQ over.
14-07-2026 00:39 Removing Trigger file from remote machine 
14-07-2026 00:39 Observation stoped.
-rw------- 1 dsp dsp 2.0G Jul 13 23:51 /data/TRANSIENT_BUFFER/PDR_GULP_data001.pcap_13_07_2026_23_51_1783966872.PCAP_PDR
-rw------- 1 dsp dsp 2.0G Jul 13 23:51 /data/TRANSIENT_BUFFER/PDR_GULP_data002.pcap_13_07_2026_23_51_1783966901.PCAP_PDR
-rw------- 1 dsp dsp 2.0G Jul 13 23:52 /data/TRANSIENT_BUFFER/PDR_GULP_data000.pcap_13_07_2026_23_52_1783966931.PCAP_PDR
-rw------- 1 dsp dsp 2.0G Jul 13 23:52 /data/TRANSIENT_BUFFER/PDR_GULP_data001.pcap_13_07_2026_23_52_1783966960.PCAP_PDR
-rw------- 1 dsp dsp 2.0G Jul 13 23:53 /data/TRANSIENT_BUFFER/PDR_GULP_data002.pcap_13_07_2026_23_53_1783966989.PCAP_PDR
-rw------- 1 dsp dsp 2.0G Jul 13 23:53 /data/TRANSIENT_BUFFER/PDR_GULP_data000.pcap_13_07_2026_23_53_1783967018.PCAP_PDR
-rw------- 1 dsp dsp 2.0G Jul 13 23:54 /data/TRANSIENT_BUFFER/PDR_GULP_data001.pcap_13_07_2026_23_54_1783967047.PCAP_PDR
-rw------- 1 dsp dsp 2.0G Jul 13 23:54 /data/TRANSIENT_BUFFER/PDR_GULP_data002.pcap_13_07_2026_23_54_1783967077.PCAP_PDR
-rw------- 1 dsp dsp 2.0G Jul 13 23:55 /data/TRANSIENT_BUFFER/PDR_GULP_data000.pcap_13_07_2026_23_55_1783967106.PCAP_PDR
-rw------- 1 dsp dsp 2.0G Jul 13 23:55 /data/TRANSIENT_BUFFER/PDR_GULP_data001.pcap_13_07_2026_23_55_1783967135.PCAP_PDR
-rw------- 1 dsp dsp 2.0G Jul 13 23:56 /data/TRANSIENT_BUFFER/PDR_GULP_data002.pcap_13_07_2026_23_56_1783967164.PCAP_PDR
-rw------- 1 dsp dsp 2.0G Jul 13 23:56 /data/TRANSIENT_BUFFER/PDR_GULP_data000.pcap_13_07_2026_23_56_1783967194.PCAP_PDR
-rw------- 1 dsp dsp 2.0G Jul 13 23:57 /data/TRANSIENT_BUFFER/PDR_GULP_data001.pcap_13_07_2026_23_57_1783967223.PCAP_PDR
-rw------- 1 dsp dsp 2.0G Jul 13 23:57 /data/TRANSIENT_BUFFER/PDR_GULP_data002.pcap_13_07_2026_23_57_1783967252.PCAP_PDR
-rw------- 1 dsp dsp 2.0G Jul 13 23:57 /data/TRANSIENT_BUFFER/PDR_GULP_data000.pcap_13_07_2026_23_58_1783967281.PCAP_PDR
-rw------- 1 dsp dsp 2.0G Jul 13 23:58 /data/TRANSIENT_BUFFER/PDR_GULP_data001.pcap_13_07_2026_23_58_1783967310.PCAP_PDR
-rw------- 1 dsp dsp 2.0G Jul 13 23:58 /data/TRANSIENT_BUFFER/PDR_GULP_data002.pcap_13_07_2026_23_59_1783967340.PCAP_PDR
-rw------- 1 dsp dsp 2.0G Jul 13 23:59 /data/TRANSIENT_BUFFER/PDR_GULP_data000.pcap_13_07_2026_23_59_1783967369.PCAP_PDR
-rw------- 1 dsp dsp 2.0G Jul 13 23:59 /data/TRANSIENT_BUFFER/PDR_GULP_data001.pcap_13_07_2026_23_59_1783967398.PCAP_PDR
-rw------- 1 dsp dsp 2.0G Jul 14 00:00 /data/TRANSIENT_BUFFER/PDR_GULP_data002.pcap_14_07_2026_00_00_1783967427.PCAP_PDR
-rw------- 1 dsp dsp 2.0G Jul 14 00:00 /data/TRANSIENT_BUFFER/PDR_GULP_data000.pcap_14_07_2026_00_00_1783967456.PCAP_PDR
-rw------- 1 dsp dsp 2.0G Jul 14 00:01 /data/TRANSIENT_BUFFER/PDR_GULP_data001.pcap_14_07_2026_00_01_1783967486.PCAP_PDR
-rw------- 1 dsp dsp 2.0G Jul 14 00:01 /data/TRANSIENT_BUFFER/PDR_GULP_data002.pcap_14_07_2026_00_01_1783967515.PCAP_PDR
-rw------- 1 dsp dsp 2.0G Jul 14 00:02 /data/TRANSIENT_BUFFER/PDR_GULP_data000.pcap_14_07_2026_00_02_1783967544.PCAP_PDR
-rw------- 1 dsp dsp 2.0G Jul 14 00:02 /data/TRANSIENT_BUFFER/PDR_GULP_data001.pcap_14_07_2026_00_02_1783967573.PCAP_PDR
-rw------- 1 dsp dsp 2.0G Jul 14 00:03 /data/TRANSIENT_BUFFER/PDR_GULP_data002.pcap_14_07_2026_00_03_1783967602.PCAP_PDR
-rw------- 1 dsp dsp 2.0G Jul 14 00:03 /data/TRANSIENT_BUFFER/PDR_GULP_data000.pcap_14_07_2026_00_03_1783967632.PCAP_PDR
-rw------- 1 dsp dsp 2.0G Jul 14 00:04 /data/TRANSIENT_BUFFER/PDR_GULP_data001.pcap_14_07_2026_00_04_1783967661.PCAP_PDR
-rw------- 1 dsp dsp 2.0G Jul 14 00:04 /data/TRANSIENT_BUFFER/PDR_GULP_data002.pcap_14_07_2026_00_04_1783967690.PCAP_PDR
-rw------- 1 dsp dsp 2.0G Jul 14 00:05 /data/TRANSIENT_BUFFER/PDR_GULP_data000.pcap_14_07_2026_00_05_1783967719.PCAP_PDR
-rw------- 1 dsp dsp 2.0G Jul 14 00:05 /data/TRANSIENT_BUFFER/PDR_GULP_data001.pcap_14_07_2026_00_05_1783967748.PCAP_PDR
-rw------- 1 dsp dsp 2.0G Jul 14 00:06 /data/TRANSIENT_BUFFER/PDR_GULP_data002.pcap_14_07_2026_00_06_1783967778.PCAP_PDR
-rw------- 1 dsp dsp 2.0G Jul 14 00:06 /data/TRANSIENT_BUFFER/PDR_GULP_data000.pcap_14_07_2026_00_06_1783967807.PCAP_PDR
-rw------- 1 dsp dsp 2.0G Jul 14 00:07 /data/TRANSIENT_BUFFER/PDR_GULP_data001.pcap_14_07_2026_00_07_1783967836.PCAP_PDR
-rw------- 1 dsp dsp 2.0G Jul 14 00:07 /data/TRANSIENT_BUFFER/PDR_GULP_data002.pcap_14_07_2026_00_07_1783967865.PCAP_PDR
-rw------- 1 dsp dsp 2.0G Jul 14 00:08 /data/TRANSIENT_BUFFER/PDR_GULP_data000.pcap_14_07_2026_00_08_1783967894.PCAP_PDR
-rw------- 1 dsp dsp 2.0G Jul 14 00:08 /data/TRANSIENT_BUFFER/PDR_GULP_data001.pcap_14_07_2026_00_08_1783967924.PCAP_PDR
-rw------- 1 dsp dsp 2.0G Jul 14 00:09 /data/TRANSIENT_BUFFER/PDR_GULP_data002.pcap_14_07_2026_00_09_1783967953.PCAP_PDR
-rw------- 1 dsp dsp 2.0G Jul 14 00:09 /data/TRANSIENT_BUFFER/PDR_GULP_data000.pcap_14_07_2026_00_09_1783967982.PCAP_PDR
-rw------- 1 dsp dsp 2.0G Jul 14 00:10 /data/TRANSIENT_BUFFER/PDR_GULP_data001.pcap_14_07_2026_00_10_1783968011.PCAP_PDR
-rw------- 1 dsp dsp 2.0G Jul 14 00:10 /data/TRANSIENT_BUFFER/PDR_GULP_data002.pcap_14_07_2026_00_10_1783968041.PCAP_PDR
-rw------- 1 dsp dsp 2.0G Jul 14 00:11 /data/TRANSIENT_BUFFER/PDR_GULP_data000.pcap_14_07_2026_00_11_1783968070.PCAP_PDR
-rw------- 1 dsp dsp 2.0G Jul 14 00:11 /data/TRANSIENT_BUFFER/PDR_GULP_data001.pcap_14_07_2026_00_11_1783968099.PCAP_PDR
-rw------- 1 dsp dsp 2.0G Jul 14 00:12 /data/TRANSIENT_BUFFER/PDR_GULP_data002.pcap_14_07_2026_00_12_1783968128.PCAP_PDR
-rw------- 1 dsp dsp 2.0G Jul 14 00:12 /data/TRANSIENT_BUFFER/PDR_GULP_data000.pcap_14_07_2026_00_12_1783968157.PCAP_PDR
-rw------- 1 dsp dsp 2.0G Jul 14 00:13 /data/TRANSIENT_BUFFER/PDR_GULP_data001.pcap_14_07_2026_00_13_1783968187.PCAP_PDR
-rw------- 1 dsp dsp 2.0G Jul 14 00:13 /data/TRANSIENT_BUFFER/PDR_GULP_data002.pcap_14_07_2026_00_13_1783968216.PCAP_PDR
-rw------- 1 dsp dsp 2.0G Jul 14 00:14 /data/TRANSIENT_BUFFER/PDR_GULP_data000.pcap_14_07_2026_00_14_1783968245.PCAP_PDR
-rw------- 1 dsp dsp 2.0G Jul 14 00:14 /data/TRANSIENT_BUFFER/PDR_GULP_data001.pcap_14_07_2026_00_14_1783968274.PCAP_PDR
-rw------- 1 dsp dsp 2.0G Jul 14 00:15 /data/TRANSIENT_BUFFER/PDR_GULP_data002.pcap_14_07_2026_00_15_1783968303.PCAP_PDR
-rw------- 1 dsp dsp 2.0G Jul 14 00:15 /data/TRANSIENT_BUFFER/PDR_GULP_data000.pcap_14_07_2026_00_15_1783968333.PCAP_PDR
-rw------- 1 dsp dsp 2.0G Jul 14 00:15 /data/TRANSIENT_BUFFER/PDR_GULP_data001.pcap_14_07_2026_00_16_1783968362.PCAP_PDR
-rw------- 1 dsp dsp 2.0G Jul 14 00:16 /data/TRANSIENT_BUFFER/PDR_GULP_data002.pcap_14_07_2026_00_16_1783968391.PCAP_PDR
-rw------- 1 dsp dsp 2.0G Jul 14 00:16 /data/TRANSIENT_BUFFER/PDR_GULP_data000.pcap_14_07_2026_00_17_1783968420.PCAP_PDR
-rw------- 1 dsp dsp 2.0G Jul 14 00:17 /data/TRANSIENT_BUFFER/PDR_GULP_data001.pcap_14_07_2026_00_17_1783968449.PCAP_PDR
-rw------- 1 dsp dsp 2.0G Jul 14 00:17 /data/TRANSIENT_BUFFER/PDR_GULP_data002.pcap_14_07_2026_00_17_1783968479.PCAP_PDR
-rw------- 1 dsp dsp 2.0G Jul 14 00:18 /data/TRANSIENT_BUFFER/PDR_GULP_data000.pcap_14_07_2026_00_18_1783968508.PCAP_PDR
-rw------- 1 dsp dsp 2.0G Jul 14 00:18 /data/TRANSIENT_BUFFER/PDR_GULP_data001.pcap_14_07_2026_00_18_1783968537.PCAP_PDR
-rw------- 1 dsp dsp 2.0G Jul 14 00:19 /data/TRANSIENT_BUFFER/PDR_GULP_data002.pcap_14_07_2026_00_19_1783968566.PCAP_PDR
-rw------- 1 dsp dsp 2.0G Jul 14 00:19 /data/TRANSIENT_BUFFER/PDR_GULP_data000.pcap_14_07_2026_00_19_1783968595.PCAP_PDR
-rw------- 1 dsp dsp 2.0G Jul 14 00:20 /data/TRANSIENT_BUFFER/PDR_GULP_data001.pcap_14_07_2026_00_20_1783968625.PCAP_PDR
-rw------- 1 dsp dsp 2.0G Jul 14 00:20 /data/TRANSIENT_BUFFER/PDR_GULP_data002.pcap_14_07_2026_00_20_1783968654.PCAP_PDR
-rw------- 1 dsp dsp 2.0G Jul 14 00:21 /data/TRANSIENT_BUFFER/PDR_GULP_data000.pcap_14_07_2026_00_21_1783968683.PCAP_PDR
-rw------- 1 dsp dsp 2.0G Jul 14 00:21 /data/TRANSIENT_BUFFER/PDR_GULP_data001.pcap_14_07_2026_00_21_1783968712.PCAP_PDR
-rw------- 1 dsp dsp 2.0G Jul 14 00:22 /data/TRANSIENT_BUFFER/PDR_GULP_data002.pcap_14_07_2026_00_22_1783968742.PCAP_PDR
-rw------- 1 dsp dsp 2.0G Jul 14 00:22 /data/TRANSIENT_BUFFER/PDR_GULP_data000.pcap_14_07_2026_00_22_1783968771.PCAP_PDR
-rw------- 1 dsp dsp 2.0G Jul 14 00:23 /data/TRANSIENT_BUFFER/PDR_GULP_data001.pcap_14_07_2026_00_23_1783968800.PCAP_PDR
-rw------- 1 dsp dsp 2.0G Jul 14 00:23 /data/TRANSIENT_BUFFER/PDR_GULP_data002.pcap_14_07_2026_00_23_1783968829.PCAP_PDR
-rw------- 1 dsp dsp 2.0G Jul 14 00:24 /data/TRANSIENT_BUFFER/PDR_GULP_data000.pcap_14_07_2026_00_24_1783968858.PCAP_PDR
-rw------- 1 dsp dsp 2.0G Jul 14 00:24 /data/TRANSIENT_BUFFER/PDR_GULP_data001.pcap_14_07_2026_00_24_1783968888.PCAP_PDR
-rw------- 1 dsp dsp 2.0G Jul 14 00:25 /data/TRANSIENT_BUFFER/PDR_GULP_data002.pcap_14_07_2026_00_25_1783968917.PCAP_PDR
-rw------- 1 dsp dsp 2.0G Jul 14 00:25 /data/TRANSIENT_BUFFER/PDR_GULP_data000.pcap_14_07_2026_00_25_1783968946.PCAP_PDR
-rw------- 1 dsp dsp 2.0G Jul 14 00:26 /data/TRANSIENT_BUFFER/PDR_GULP_data001.pcap_14_07_2026_00_26_1783968975.PCAP_PDR
-rw------- 1 dsp dsp 2.0G Jul 14 00:26 /data/TRANSIENT_BUFFER/PDR_GULP_data002.pcap_14_07_2026_00_26_1783969004.PCAP_PDR
-rw------- 1 dsp dsp 2.0G Jul 14 00:27 /data/TRANSIENT_BUFFER/PDR_GULP_data000.pcap_14_07_2026_00_27_1783969034.PCAP_PDR
-rw------- 1 dsp dsp 2.0G Jul 14 00:27 /data/TRANSIENT_BUFFER/PDR_GULP_data001.pcap_14_07_2026_00_27_1783969063.PCAP_PDR
-rw------- 1 dsp dsp 2.0G Jul 14 00:28 /data/TRANSIENT_BUFFER/PDR_GULP_data002.pcap_14_07_2026_00_28_1783969092.PCAP_PDR
-rw------- 1 dsp dsp 2.0G Jul 14 00:28 /data/TRANSIENT_BUFFER/PDR_GULP_data000.pcap_14_07_2026_00_28_1783969121.PCAP_PDR
-rw------- 1 dsp dsp 2.0G Jul 14 00:29 /data/TRANSIENT_BUFFER/PDR_GULP_data001.pcap_14_07_2026_00_29_1783969150.PCAP_PDR
-rw------- 1 dsp dsp 2.0G Jul 14 00:29 /data/TRANSIENT_BUFFER/PDR_GULP_data002.pcap_14_07_2026_00_29_1783969180.PCAP_PDR
-rw------- 1 dsp dsp 2.0G Jul 14 00:30 /data/TRANSIENT_BUFFER/PDR_GULP_data000.pcap_14_07_2026_00_30_1783969209.PCAP_PDR
-rw------- 1 dsp dsp 2.0G Jul 14 00:30 /data/TRANSIENT_BUFFER/PDR_GULP_data001.pcap_14_07_2026_00_30_1783969238.PCAP_PDR
-rw------- 1 dsp dsp 2.0G Jul 14 00:31 /data/TRANSIENT_BUFFER/PDR_GULP_data002.pcap_14_07_2026_00_31_1783969267.PCAP_PDR
-rw------- 1 dsp dsp 2.0G Jul 14 00:31 /data/TRANSIENT_BUFFER/PDR_GULP_data000.pcap_14_07_2026_00_31_1783969296.PCAP_PDR
-rw------- 1 dsp dsp 2.0G Jul 14 00:32 /data/TRANSIENT_BUFFER/PDR_GULP_data001.pcap_14_07_2026_00_32_1783969326.PCAP_PDR
-rw------- 1 dsp dsp 2.0G Jul 14 00:32 /data/TRANSIENT_BUFFER/PDR_GULP_data002.pcap_14_07_2026_00_32_1783969355.PCAP_PDR
-rw------- 1 dsp dsp 2.0G Jul 14 00:33 /data/TRANSIENT_BUFFER/PDR_GULP_data000.pcap_14_07_2026_00_33_1783969384.PCAP_PDR
-rw------- 1 dsp dsp 2.0G Jul 14 00:33 /data/TRANSIENT_BUFFER/PDR_GULP_data001.pcap_14_07_2026_00_33_1783969413.PCAP_PDR
-rw------- 1 dsp dsp 2.0G Jul 14 00:34 /data/TRANSIENT_BUFFER/PDR_GULP_data002.pcap_14_07_2026_00_34_1783969443.PCAP_PDR
-rw------- 1 dsp dsp 2.0G Jul 14 00:34 /data/TRANSIENT_BUFFER/PDR_GULP_data000.pcap_14_07_2026_00_34_1783969472.PCAP_PDR
-rw------- 1 dsp dsp 2.0G Jul 14 00:34 /data/TRANSIENT_BUFFER/PDR_GULP_data001.pcap_14_07_2026_00_35_1783969501.PCAP_PDR
-rw------- 1 dsp dsp 2.0G Jul 14 00:35 /data/TRANSIENT_BUFFER/PDR_GULP_data002.pcap_14_07_2026_00_35_1783969530.PCAP_PDR
-rw------- 1 dsp dsp 2.0G Jul 14 00:35 /data/TRANSIENT_BUFFER/PDR_GULP_data000.pcap_14_07_2026_00_35_1783969559.PCAP_PDR
-rw------- 1 dsp dsp 2.0G Jul 14 00:36 /data/TRANSIENT_BUFFER/PDR_GULP_data001.pcap_14_07_2026_00_36_1783969589.PCAP_PDR
-rw------- 1 dsp dsp 2.0G Jul 14 00:36 /data/TRANSIENT_BUFFER/PDR_GULP_data002.pcap_14_07_2026_00_36_1783969618.PCAP_PDR
-rw------- 1 dsp dsp 2.0G Jul 14 00:37 /data/TRANSIENT_BUFFER/PDR_GULP_data000.pcap_14_07_2026_00_37_1783969647.PCAP_PDR
-rw------- 1 dsp dsp 2.0G Jul 14 00:37 /data/TRANSIENT_BUFFER/PDR_GULP_data001.pcap_14_07_2026_00_37_1783969676.PCAP_PDR
-rw------- 1 dsp dsp 2.0G Jul 14 00:38 /data/TRANSIENT_BUFFER/PDR_GULP_data002.pcap_14_07_2026_00_38_1783969705.PCAP_PDR
-rw------- 1 dsp dsp 2.0G Jul 14 00:38 /data/TRANSIENT_BUFFER/PDR_GULP_data000.pcap_14_07_2026_00_38_1783969735.PCAP_PDR
-rw------- 1 dsp dsp 2.0G Jul 14 00:39 /data/TRANSIENT_BUFFER/PDR_GULP_data001.pcap_14_07_2026_00_39_1783969764.PCAP_PDR
14-07-2026 00:39 RAW PCAP data moved from Transient Buffer.
14-07-2026 00:39 SLIP check Started ...
14-07-2026 00:39 - WARNING - Data Directory: /data/dsp/GBD_TRANSIENT_BUFFER/J1921+2153/13_07_2026
14-07-2026 00:39 - WARNING - Number of Files: 100
14-07-2026 00:39 - WARNING - No packet loss: /data/dsp/GBD_TRANSIENT_BUFFER/J1921+2153/13_07_2026/PDR_GULP_data001.pcap_13_07_2026_23_51_1783966872.PCAP_PDR
14-07-2026 00:39 - WARNING - first_pkt_count, first_gps_count, first_pkt_Tstamp
14-07-2026 00:39 - WARNING - 1760380442 9123 2026-07-13T18:20:40.501439
14-07-2026 00:39 - WARNING - last_pkt_count, last_gps_count, last_pkt_Tstamp
14-07-2026 00:39 - WARNING - 1762262983 9152 2026-07-13T18:21:09.709371
14-07-2026 00:39 - WARNING - diff_pkt_count  , diff_gps_count ,  diff_pkt_timstamp
14-07-2026 00:39 - WARNING - 1882541 29 29207932 microseconds
14-07-2026 00:39 - WARNING - No packet loss: /data/dsp/GBD_TRANSIENT_BUFFER/J1921+2153/13_07_2026/PDR_GULP_data002.pcap_13_07_2026_23_51_1783966901.PCAP_PDR
14-07-2026 00:39 - WARNING - first_pkt_count, first_gps_count, first_pkt_Tstamp
14-07-2026 00:39 - WARNING - 1762262984 9152 2026-07-13T18:21:09.709371
14-07-2026 00:39 - WARNING - last_pkt_count, last_gps_count, last_pkt_Tstamp
14-07-2026 00:39 - WARNING - 1764145526 9181 2026-07-13T18:21:38.917346
14-07-2026 00:39 - WARNING - diff_pkt_count  , diff_gps_count ,  diff_pkt_timstamp
14-07-2026 00:39 - WARNING - 1882542 29 29207975 microseconds
14-07-2026 00:39 - WARNING - No packet loss: /data/dsp/GBD_TRANSIENT_BUFFER/J1921+2153/13_07_2026/PDR_GULP_data000.pcap_13_07_2026_23_52_1783966931.PCAP_PDR
14-07-2026 00:39 - WARNING - first_pkt_count, first_gps_count, first_pkt_Tstamp
14-07-2026 00:39 - WARNING - 1764145527 9181 2026-07-13T18:21:38.917346
14-07-2026 00:39 - WARNING - last_pkt_count, last_gps_count, last_pkt_Tstamp
14-07-2026 00:39 - WARNING - 1766028068 9211 2026-07-13T18:22:08.125325
14-07-2026 00:39 - WARNING - diff_pkt_count  , diff_gps_count ,  diff_pkt_timstamp
14-07-2026 00:39 - WARNING - 1882541 30 29207979 microseconds
14-07-2026 00:39 - WARNING - No packet loss: /data/dsp/GBD_TRANSIENT_BUFFER/J1921+2153/13_07_2026/PDR_GULP_data001.pcap_13_07_2026_23_52_1783966960.PCAP_PDR
14-07-2026 00:39 - WARNING - first_pkt_count, first_gps_count, first_pkt_Tstamp
14-07-2026 00:39 - WARNING - 1766028069 9211 2026-07-13T18:22:08.125326
14-07-2026 00:39 - WARNING - last_pkt_count, last_gps_count, last_pkt_Tstamp
14-07-2026 00:39 - WARNING - 1767910610 9240 2026-07-13T18:22:37.333297
14-07-2026 00:39 - WARNING - diff_pkt_count  , diff_gps_count ,  diff_pkt_timstamp
14-07-2026 00:39 - WARNING - 1882541 29 29207971 microseconds
14-07-2026 00:39 - WARNING - No packet loss: /data/dsp/GBD_TRANSIENT_BUFFER/J1921+2153/13_07_2026/PDR_GULP_data002.pcap_13_07_2026_23_53_1783966989.PCAP_PDR
14-07-2026 00:39 - WARNING - first_pkt_count, first_gps_count, first_pkt_Tstamp
14-07-2026 00:39 - WARNING - 1767910611 9240 2026-07-13T18:22:37.333297
14-07-2026 00:39 - WARNING - last_pkt_count, last_gps_count, last_pkt_Tstamp
14-07-2026 00:39 - WARNING - 1769793152 9269 2026-07-13T18:23:06.541196
14-07-2026 00:39 - WARNING - diff_pkt_count  , diff_gps_count ,  diff_pkt_timstamp
14-07-2026 00:39 - WARNING - 1882541 29 29207899 microseconds
14-07-2026 00:39 - WARNING - No packet loss: /data/dsp/GBD_TRANSIENT_BUFFER/J1921+2153/13_07_2026/PDR_GULP_data000.pcap_13_07_2026_23_53_1783967018.PCAP_PDR
14-07-2026 00:39 - WARNING - first_pkt_count, first_gps_count, first_pkt_Tstamp
14-07-2026 00:39 - WARNING - 1769793153 9269 2026-07-13T18:23:06.541196
14-07-2026 00:39 - WARNING - last_pkt_count, last_gps_count, last_pkt_Tstamp
14-07-2026 00:39 - WARNING - 1771675694 9298 2026-07-13T18:23:35.749152
14-07-2026 00:39 - WARNING - diff_pkt_count  , diff_gps_count ,  diff_pkt_timstamp
14-07-2026 00:39 - WARNING - 1882541 29 29207956 microseconds
14-07-2026 00:39 - WARNING - No packet loss: /data/dsp/GBD_TRANSIENT_BUFFER/J1921+2153/13_07_2026/PDR_GULP_data001.pcap_13_07_2026_23_54_1783967047.PCAP_PDR
14-07-2026 00:39 - WARNING - first_pkt_count, first_gps_count, first_pkt_Tstamp
14-07-2026 00:39 - WARNING - 1771675695 9298 2026-07-13T18:23:35.749152
14-07-2026 00:39 - WARNING - last_pkt_count, last_gps_count, last_pkt_Tstamp
14-07-2026 00:39 - WARNING - 1773558237 9327 2026-07-13T18:24:04.957157
14-07-2026 00:39 - WARNING - diff_pkt_count  , diff_gps_count ,  diff_pkt_timstamp
14-07-2026 00:39 - WARNING - 1882542 29 29208005 microseconds
14-07-2026 00:39 - WARNING - No packet loss: /data/dsp/GBD_TRANSIENT_BUFFER/J1921+2153/13_07_2026/PDR_GULP_data002.pcap_13_07_2026_23_54_1783967077.PCAP_PDR
14-07-2026 00:39 - WARNING - first_pkt_count, first_gps_count, first_pkt_Tstamp
14-07-2026 00:39 - WARNING - 1773558238 9327 2026-07-13T18:24:04.957157
14-07-2026 00:39 - WARNING - last_pkt_count, last_gps_count, last_pkt_Tstamp
14-07-2026 00:39 - WARNING - 1775440779 9357 2026-07-13T18:24:34.165081
14-07-2026 00:39 - WARNING - diff_pkt_count  , diff_gps_count ,  diff_pkt_timstamp
14-07-2026 00:39 - WARNING - 1882541 30 29207924 microseconds
14-07-2026 00:39 - WARNING - No packet loss: /data/dsp/GBD_TRANSIENT_BUFFER/J1921+2153/13_07_2026/PDR_GULP_data000.pcap_13_07_2026_23_55_1783967106.PCAP_PDR
14-07-2026 00:39 - WARNING - first_pkt_count, first_gps_count, first_pkt_Tstamp
14-07-2026 00:39 - WARNING - 1775440780 9357 2026-07-13T18:24:34.165160
14-07-2026 00:39 - WARNING - last_pkt_count, last_gps_count, last_pkt_Tstamp
14-07-2026 00:39 - WARNING - 1777323321 9386 2026-07-13T18:25:03.373082
14-07-2026 00:39 - WARNING - diff_pkt_count  , diff_gps_count ,  diff_pkt_timstamp
14-07-2026 00:39 - WARNING - 1882541 29 29207922 microseconds
14-07-2026 00:39 - WARNING - No packet loss: /data/dsp/GBD_TRANSIENT_BUFFER/J1921+2153/13_07_2026/PDR_GULP_data001.pcap_13_07_2026_23_55_1783967135.PCAP_PDR
14-07-2026 00:39 - WARNING - first_pkt_count, first_gps_count, first_pkt_Tstamp
14-07-2026 00:39 - WARNING - 1777323322 9386 2026-07-13T18:25:03.373083
14-07-2026 00:39 - WARNING - last_pkt_count, last_gps_count, last_pkt_Tstamp
14-07-2026 00:39 - WARNING - 1779205863 9415 2026-07-13T18:25:32.580968
14-07-2026 00:39 - WARNING - diff_pkt_count  , diff_gps_count ,  diff_pkt_timstamp
14-07-2026 00:39 - WARNING - 1882541 29 29207885 microseconds
14-07-2026 00:39 - WARNING - No packet loss: /data/dsp/GBD_TRANSIENT_BUFFER/J1921+2153/13_07_2026/PDR_GULP_data002.pcap_13_07_2026_23_56_1783967164.PCAP_PDR
14-07-2026 00:39 - WARNING - first_pkt_count, first_gps_count, first_pkt_Tstamp
14-07-2026 00:39 - WARNING - 1779205864 9415 2026-07-13T18:25:32.581021
14-07-2026 00:39 - WARNING - last_pkt_count, last_gps_count, last_pkt_Tstamp
14-07-2026 00:39 - WARNING - 1781088405 9444 2026-07-13T18:26:01.788684
14-07-2026 00:39 - WARNING - diff_pkt_count  , diff_gps_count ,  diff_pkt_timstamp
14-07-2026 00:39 - WARNING - 1882541 29 29207663 microseconds
14-07-2026 00:39 - WARNING - No packet loss: /data/dsp/GBD_TRANSIENT_BUFFER/J1921+2153/13_07_2026/PDR_GULP_data000.pcap_13_07_2026_23_56_1783967194.PCAP_PDR
14-07-2026 00:39 - WARNING - first_pkt_count, first_gps_count, first_pkt_Tstamp
14-07-2026 00:39 - WARNING - 1781088406 9444 2026-07-13T18:26:01.788684
14-07-2026 00:39 - WARNING - last_pkt_count, last_gps_count, last_pkt_Tstamp
14-07-2026 00:39 - WARNING - 1782970947 9473 2026-07-13T18:26:30.996420
14-07-2026 00:39 - WARNING - diff_pkt_count  , diff_gps_count ,  diff_pkt_timstamp
14-07-2026 00:39 - WARNING - 1882541 29 29207736 microseconds
14-07-2026 00:39 - WARNING - No packet loss: /data/dsp/GBD_TRANSIENT_BUFFER/J1921+2153/13_07_2026/PDR_GULP_data001.pcap_13_07_2026_23_57_1783967223.PCAP_PDR
14-07-2026 00:39 - WARNING - first_pkt_count, first_gps_count, first_pkt_Tstamp
14-07-2026 00:39 - WARNING - 1782970948 9473 2026-07-13T18:26:30.996420
14-07-2026 00:39 - WARNING - last_pkt_count, last_gps_count, last_pkt_Tstamp
14-07-2026 00:39 - WARNING - 1784853490 9503 2026-07-13T18:27:00.204157
14-07-2026 00:39 - WARNING - diff_pkt_count  , diff_gps_count ,  diff_pkt_timstamp
14-07-2026 00:39 - WARNING - 1882542 30 29207737 microseconds
14-07-2026 00:39 - WARNING - No packet loss: /data/dsp/GBD_TRANSIENT_BUFFER/J1921+2153/13_07_2026/PDR_GULP_data002.pcap_13_07_2026_23_57_1783967252.PCAP_PDR
14-07-2026 00:39 - WARNING - first_pkt_count, first_gps_count, first_pkt_Tstamp
14-07-2026 00:39 - WARNING - 1784853491 9503 2026-07-13T18:27:00.204158
14-07-2026 00:39 - WARNING - last_pkt_count, last_gps_count, last_pkt_Tstamp
14-07-2026 00:39 - WARNING - 1786736032 9532 2026-07-13T18:27:29.411882
14-07-2026 00:39 - WARNING - diff_pkt_count  , diff_gps_count ,  diff_pkt_timstamp
14-07-2026 00:39 - WARNING - 1882541 29 29207724 microseconds
14-07-2026 00:39 - WARNING - No packet loss: /data/dsp/GBD_TRANSIENT_BUFFER/J1921+2153/13_07_2026/PDR_GULP_data000.pcap_13_07_2026_23_58_1783967281.PCAP_PDR
14-07-2026 00:39 - WARNING - first_pkt_count, first_gps_count, first_pkt_Tstamp
14-07-2026 00:39 - WARNING - 1786736033 9532 2026-07-13T18:27:29.411882
14-07-2026 00:39 - WARNING - last_pkt_count, last_gps_count, last_pkt_Tstamp
14-07-2026 00:39 - WARNING - 1788618574 9561 2026-07-13T18:27:58.619592
14-07-2026 00:39 - WARNING - diff_pkt_count  , diff_gps_count ,  diff_pkt_timstamp
14-07-2026 00:39 - WARNING - 1882541 29 29207710 microseconds
14-07-2026 00:39 - WARNING - No packet loss: /data/dsp/GBD_TRANSIENT_BUFFER/J1921+2153/13_07_2026/PDR_GULP_data001.pcap_13_07_2026_23_58_1783967310.PCAP_PDR
14-07-2026 00:39 - WARNING - first_pkt_count, first_gps_count, first_pkt_Tstamp
14-07-2026 00:39 - WARNING - 1788618575 9561 2026-07-13T18:27:58.619592
14-07-2026 00:39 - WARNING - last_pkt_count, last_gps_count, last_pkt_Tstamp
14-07-2026 00:39 - WARNING - 1790501116 9590 2026-07-13T18:28:27.827337
14-07-2026 00:39 - WARNING - diff_pkt_count  , diff_gps_count ,  diff_pkt_timstamp
14-07-2026 00:39 - WARNING - 1882541 29 29207745 microseconds
14-07-2026 00:39 - WARNING - No packet loss: /data/dsp/GBD_TRANSIENT_BUFFER/J1921+2153/13_07_2026/PDR_GULP_data002.pcap_13_07_2026_23_59_1783967340.PCAP_PDR
14-07-2026 00:39 - WARNING - first_pkt_count, first_gps_count, first_pkt_Tstamp
14-07-2026 00:39 - WARNING - 1790501117 9590 2026-07-13T18:28:27.827390
14-07-2026 00:39 - WARNING - last_pkt_count, last_gps_count, last_pkt_Tstamp
14-07-2026 00:39 - WARNING - 1792383658 9620 2026-07-13T18:28:57.035081
14-07-2026 00:39 - WARNING - diff_pkt_count  , diff_gps_count ,  diff_pkt_timstamp
14-07-2026 00:39 - WARNING - 1882541 30 29207691 microseconds
14-07-2026 00:39 - WARNING - No packet loss: /data/dsp/GBD_TRANSIENT_BUFFER/J1921+2153/13_07_2026/PDR_GULP_data000.pcap_13_07_2026_23_59_1783967369.PCAP_PDR
14-07-2026 00:39 - WARNING - first_pkt_count, first_gps_count, first_pkt_Tstamp
14-07-2026 00:39 - WARNING - 1792383659 9620 2026-07-13T18:28:57.035082
14-07-2026 00:39 - WARNING - last_pkt_count, last_gps_count, last_pkt_Tstamp
14-07-2026 00:39 - WARNING - 1794266200 9649 2026-07-13T18:29:26.242857
14-07-2026 00:39 - WARNING - diff_pkt_count  , diff_gps_count ,  diff_pkt_timstamp
14-07-2026 00:39 - WARNING - 1882541 29 29207775 microseconds
14-07-2026 00:39 - WARNING - No packet loss: /data/dsp/GBD_TRANSIENT_BUFFER/J1921+2153/13_07_2026/PDR_GULP_data001.pcap_13_07_2026_23_59_1783967398.PCAP_PDR
14-07-2026 00:39 - WARNING - first_pkt_count, first_gps_count, first_pkt_Tstamp
14-07-2026 00:39 - WARNING - 1794266201 9649 2026-07-13T18:29:26.242857
14-07-2026 00:39 - WARNING - last_pkt_count, last_gps_count, last_pkt_Tstamp
14-07-2026 00:39 - WARNING - 1796148743 9678 2026-07-13T18:29:55.450617
14-07-2026 00:39 - WARNING - diff_pkt_count  , diff_gps_count ,  diff_pkt_timstamp
14-07-2026 00:39 - WARNING - 1882542 29 29207760 microseconds
14-07-2026 00:39 - WARNING - No packet loss: /data/dsp/GBD_TRANSIENT_BUFFER/J1921+2153/13_07_2026/PDR_GULP_data002.pcap_14_07_2026_00_00_1783967427.PCAP_PDR
14-07-2026 00:39 - WARNING - first_pkt_count, first_gps_count, first_pkt_Tstamp
14-07-2026 00:39 - WARNING - 1796148744 9678 2026-07-13T18:29:55.450672
14-07-2026 00:39 - WARNING - last_pkt_count, last_gps_count, last_pkt_Tstamp
14-07-2026 00:39 - WARNING - 1798031285 9707 2026-07-13T18:30:24.658402
14-07-2026 00:39 - WARNING - diff_pkt_count  , diff_gps_count ,  diff_pkt_timstamp
14-07-2026 00:39 - WARNING - 1882541 29 29207730 microseconds
14-07-2026 00:39 - WARNING - No packet loss: /data/dsp/GBD_TRANSIENT_BUFFER/J1921+2153/13_07_2026/PDR_GULP_data000.pcap_14_07_2026_00_00_1783967456.PCAP_PDR
14-07-2026 00:39 - WARNING - first_pkt_count, first_gps_count, first_pkt_Tstamp
14-07-2026 00:39 - WARNING - 1798031286 9707 2026-07-13T18:30:24.658402
14-07-2026 00:39 - WARNING - last_pkt_count, last_gps_count, last_pkt_Tstamp
14-07-2026 00:39 - WARNING - 1799913827 9736 2026-07-13T18:30:53.866213
14-07-2026 00:39 - WARNING - diff_pkt_count  , diff_gps_count ,  diff_pkt_timstamp
14-07-2026 00:39 - WARNING - 1882541 29 29207811 microseconds
14-07-2026 00:39 - WARNING - No packet loss: /data/dsp/GBD_TRANSIENT_BUFFER/J1921+2153/13_07_2026/PDR_GULP_data001.pcap_14_07_2026_00_01_1783967486.PCAP_PDR
14-07-2026 00:39 - WARNING - first_pkt_count, first_gps_count, first_pkt_Tstamp
14-07-2026 00:39 - WARNING - 1799913828 9736 2026-07-13T18:30:53.866213
14-07-2026 00:39 - WARNING - last_pkt_count, last_gps_count, last_pkt_Tstamp
14-07-2026 00:39 - WARNING - 1801796369 9766 2026-07-13T18:31:23.073964
14-07-2026 00:39 - WARNING - diff_pkt_count  , diff_gps_count ,  diff_pkt_timstamp
14-07-2026 00:39 - WARNING - 1882541 30 29207751 microseconds
14-07-2026 00:39 - WARNING - No packet loss: /data/dsp/GBD_TRANSIENT_BUFFER/J1921+2153/13_07_2026/PDR_GULP_data002.pcap_14_07_2026_00_01_1783967515.PCAP_PDR
14-07-2026 00:39 - WARNING - first_pkt_count, first_gps_count, first_pkt_Tstamp
14-07-2026 00:39 - WARNING - 1801796370 9766 2026-07-13T18:31:23.074018
14-07-2026 00:39 - WARNING - last_pkt_count, last_gps_count, last_pkt_Tstamp
14-07-2026 00:39 - WARNING - 1803678911 9795 2026-07-13T18:31:52.281755
14-07-2026 00:39 - WARNING - diff_pkt_count  , diff_gps_count ,  diff_pkt_timstamp
14-07-2026 00:39 - WARNING - 1882541 29 29207737 microseconds
14-07-2026 00:39 - WARNING - No packet loss: /data/dsp/GBD_TRANSIENT_BUFFER/J1921+2153/13_07_2026/PDR_GULP_data000.pcap_14_07_2026_00_02_1783967544.PCAP_PDR
14-07-2026 00:39 - WARNING - first_pkt_count, first_gps_count, first_pkt_Tstamp
14-07-2026 00:39 - WARNING - 1803678912 9795 2026-07-13T18:31:52.281755
14-07-2026 00:39 - WARNING - last_pkt_count, last_gps_count, last_pkt_Tstamp
14-07-2026 00:39 - WARNING - 1805561453 9824 2026-07-13T18:32:21.489547
14-07-2026 00:39 - WARNING - diff_pkt_count  , diff_gps_count ,  diff_pkt_timstamp
14-07-2026 00:39 - WARNING - 1882541 29 29207792 microseconds
14-07-2026 00:39 - WARNING - No packet loss: /data/dsp/GBD_TRANSIENT_BUFFER/J1921+2153/13_07_2026/PDR_GULP_data001.pcap_14_07_2026_00_02_1783967573.PCAP_PDR
14-07-2026 00:39 - WARNING - first_pkt_count, first_gps_count, first_pkt_Tstamp
14-07-2026 00:39 - WARNING - 1805561454 9824 2026-07-13T18:32:21.489547
14-07-2026 00:39 - WARNING - last_pkt_count, last_gps_count, last_pkt_Tstamp
14-07-2026 00:39 - WARNING - 1807443996 9853 2026-07-13T18:32:50.697411
14-07-2026 00:39 - WARNING - diff_pkt_count  , diff_gps_count ,  diff_pkt_timstamp
14-07-2026 00:39 - WARNING - 1882542 29 29207864 microseconds
14-07-2026 00:39 - WARNING - No packet loss: /data/dsp/GBD_TRANSIENT_BUFFER/J1921+2153/13_07_2026/PDR_GULP_data002.pcap_14_07_2026_00_03_1783967602.PCAP_PDR
14-07-2026 00:39 - WARNING - first_pkt_count, first_gps_count, first_pkt_Tstamp
14-07-2026 00:39 - WARNING - 1807443997 9853 2026-07-13T18:32:50.697412
14-07-2026 00:39 - WARNING - last_pkt_count, last_gps_count, last_pkt_Tstamp
14-07-2026 00:39 - WARNING - 1809326538 9882 2026-07-13T18:33:19.905184
14-07-2026 00:39 - WARNING - diff_pkt_count  , diff_gps_count ,  diff_pkt_timstamp
14-07-2026 00:39 - WARNING - 1882541 29 29207772 microseconds
14-07-2026 00:39 - WARNING - No packet loss: /data/dsp/GBD_TRANSIENT_BUFFER/J1921+2153/13_07_2026/PDR_GULP_data000.pcap_14_07_2026_00_03_1783967632.PCAP_PDR
14-07-2026 00:39 - WARNING - first_pkt_count, first_gps_count, first_pkt_Tstamp
14-07-2026 00:39 - WARNING - 1809326539 9882 2026-07-13T18:33:19.905184
14-07-2026 00:39 - WARNING - last_pkt_count, last_gps_count, last_pkt_Tstamp
14-07-2026 00:39 - WARNING - 1811209080 9912 2026-07-13T18:33:49.113000
14-07-2026 00:39 - WARNING - diff_pkt_count  , diff_gps_count ,  diff_pkt_timstamp
14-07-2026 00:39 - WARNING - 1882541 30 29207816 microseconds
14-07-2026 00:39 - WARNING - No packet loss: /data/dsp/GBD_TRANSIENT_BUFFER/J1921+2153/13_07_2026/PDR_GULP_data001.pcap_14_07_2026_00_04_1783967661.PCAP_PDR
14-07-2026 00:39 - WARNING - first_pkt_count, first_gps_count, first_pkt_Tstamp
14-07-2026 00:39 - WARNING - 1811209081 9912 2026-07-13T18:33:49.113000
14-07-2026 00:39 - WARNING - last_pkt_count, last_gps_count, last_pkt_Tstamp
14-07-2026 00:39 - WARNING - 1813091622 9941 2026-07-13T18:34:18.320788
14-07-2026 00:39 - WARNING - diff_pkt_count  , diff_gps_count ,  diff_pkt_timstamp
14-07-2026 00:39 - WARNING - 1882541 29 29207788 microseconds
14-07-2026 00:39 - WARNING - No packet loss: /data/dsp/GBD_TRANSIENT_BUFFER/J1921+2153/13_07_2026/PDR_GULP_data002.pcap_14_07_2026_00_04_1783967690.PCAP_PDR
14-07-2026 00:39 - WARNING - first_pkt_count, first_gps_count, first_pkt_Tstamp
14-07-2026 00:39 - WARNING - 1813091623 9941 2026-07-13T18:34:18.320842
14-07-2026 00:39 - WARNING - last_pkt_count, last_gps_count, last_pkt_Tstamp
14-07-2026 00:39 - WARNING - 1814974164 9970 2026-07-13T18:34:47.528617
14-07-2026 00:39 - WARNING - diff_pkt_count  , diff_gps_count ,  diff_pkt_timstamp
14-07-2026 00:39 - WARNING - 1882541 29 29207775 microseconds
14-07-2026 00:39 - WARNING - No packet loss: /data/dsp/GBD_TRANSIENT_BUFFER/J1921+2153/13_07_2026/PDR_GULP_data000.pcap_14_07_2026_00_05_1783967719.PCAP_PDR
14-07-2026 00:39 - WARNING - first_pkt_count, first_gps_count, first_pkt_Tstamp
14-07-2026 00:39 - WARNING - 1814974165 9970 2026-07-13T18:34:47.528670
14-07-2026 00:39 - WARNING - last_pkt_count, last_gps_count, last_pkt_Tstamp
14-07-2026 00:39 - WARNING - 1816856706 9999 2026-07-13T18:35:16.736489
14-07-2026 00:39 - WARNING - diff_pkt_count  , diff_gps_count ,  diff_pkt_timstamp
14-07-2026 00:39 - WARNING - 1882541 29 29207819 microseconds
14-07-2026 00:39 - WARNING - Packet loss: /data/dsp/GBD_TRANSIENT_BUFFER/J1921+2153/13_07_2026/PDR_GULP_data001.pcap_14_07_2026_00_05_1783967748.PCAP_PDR
14-07-2026 00:39 - WARNING - Packet loss found .... Being fixed ... Please wait ...
14-07-2026 00:39 - WARNING - PCAP filtering ... tcpdump -r /data/dsp/GBD_TRANSIENT_BUFFER/J1921+2153/13_07_2026/PDR_GULP_data001.pcap_14_07_2026_00_05_1783967748.PCAP_PDR.pcap -w PDR_GULP_data001.pcap_14_07_2026_00_05_1783967748_filtered.PCAP_PDR.pcap  host 172.10.10.1 and port 55000 
14-07-2026 00:39 - WARNING - Patched /data/dsp/GBD_TRANSIENT_BUFFER/J1921+2153/13_07_2026/PDR_GULP_data001.pcap_14_07_2026_00_05_1783967748.PCAP_PDR as PDR_GULP_data001.pcap_14_07_2026_00_05_1783967748_filtered.PCAP_PDR
14-07-2026 00:39 - WARNING - Gulped file moved to /data/dsp/GBD_TRANSIENT_BUFFER/J1921+2153/13_07_2026/GULPED
14-07-2026 00:39 - WARNING - first_pkt_count, first_gps_count, first_pkt_Tstamp
14-07-2026 00:39 - WARNING - 1816856707 9999 2026-07-13T18:35:16.736489
14-07-2026 00:39 - WARNING - last_pkt_count, last_gps_count, last_pkt_Tstamp
14-07-2026 00:39 - WARNING - 1818739248 10028 2026-07-13T18:35:45.944285
14-07-2026 00:39 - WARNING - diff_pkt_count  , diff_gps_count ,  diff_pkt_timstamp
14-07-2026 00:39 - WARNING - 1882541 29 29207796 microseconds
14-07-2026 00:39 - WARNING - No packet loss: /data/dsp/GBD_TRANSIENT_BUFFER/J1921+2153/13_07_2026/PDR_GULP_data002.pcap_14_07_2026_00_06_1783967778.PCAP_PDR
14-07-2026 00:39 - WARNING - first_pkt_count, first_gps_count, first_pkt_Tstamp
14-07-2026 00:39 - WARNING - 1818739249 10028 2026-07-13T18:35:45.944286
14-07-2026 00:39 - WARNING - last_pkt_count, last_gps_count, last_pkt_Tstamp
14-07-2026 00:39 - WARNING - 1820621791 10058 2026-07-13T18:36:15.152159
14-07-2026 00:39 - WARNING - diff_pkt_count  , diff_gps_count ,  diff_pkt_timstamp
14-07-2026 00:39 - WARNING - 1882542 30 29207873 microseconds
14-07-2026 00:39 - WARNING - No packet loss: /data/dsp/GBD_TRANSIENT_BUFFER/J1921+2153/13_07_2026/PDR_GULP_data000.pcap_14_07_2026_00_06_1783967807.PCAP_PDR
14-07-2026 00:39 - WARNING - first_pkt_count, first_gps_count, first_pkt_Tstamp
14-07-2026 00:39 - WARNING - 1820621792 10058 2026-07-13T18:36:15.152159
14-07-2026 00:39 - WARNING - last_pkt_count, last_gps_count, last_pkt_Tstamp
14-07-2026 00:39 - WARNING - 1822504333 10087 2026-07-13T18:36:44.359973
14-07-2026 00:39 - WARNING - diff_pkt_count  , diff_gps_count ,  diff_pkt_timstamp
14-07-2026 00:39 - WARNING - 1882541 29 29207814 microseconds
14-07-2026 00:39 - WARNING - No packet loss: /data/dsp/GBD_TRANSIENT_BUFFER/J1921+2153/13_07_2026/PDR_GULP_data001.pcap_14_07_2026_00_07_1783967836.PCAP_PDR
14-07-2026 00:39 - WARNING - first_pkt_count, first_gps_count, first_pkt_Tstamp
14-07-2026 00:39 - WARNING - 1822504334 10087 2026-07-13T18:36:44.359973
14-07-2026 00:39 - WARNING - last_pkt_count, last_gps_count, last_pkt_Tstamp
14-07-2026 00:39 - WARNING - 1824386875 10116 2026-07-13T18:37:13.567817
14-07-2026 00:39 - WARNING - diff_pkt_count  , diff_gps_count ,  diff_pkt_timstamp
14-07-2026 00:39 - WARNING - 1882541 29 29207844 microseconds
14-07-2026 00:39 - WARNING - No packet loss: /data/dsp/GBD_TRANSIENT_BUFFER/J1921+2153/13_07_2026/PDR_GULP_data002.pcap_14_07_2026_00_07_1783967865.PCAP_PDR
14-07-2026 00:39 - WARNING - first_pkt_count, first_gps_count, first_pkt_Tstamp
14-07-2026 00:39 - WARNING - 1824386876 10116 2026-07-13T18:37:13.567817
14-07-2026 00:39 - WARNING - last_pkt_count, last_gps_count, last_pkt_Tstamp
14-07-2026 00:39 - WARNING - 1826269417 10145 2026-07-13T18:37:42.775655
14-07-2026 00:39 - WARNING - diff_pkt_count  , diff_gps_count ,  diff_pkt_timstamp
14-07-2026 00:39 - WARNING - 1882541 29 29207838 microseconds
14-07-2026 00:39 - WARNING - No packet loss: /data/dsp/GBD_TRANSIENT_BUFFER/J1921+2153/13_07_2026/PDR_GULP_data000.pcap_14_07_2026_00_08_1783967894.PCAP_PDR
14-07-2026 00:39 - WARNING - first_pkt_count, first_gps_count, first_pkt_Tstamp
14-07-2026 00:39 - WARNING - 1826269418 10145 2026-07-13T18:37:42.775655
14-07-2026 00:39 - WARNING - last_pkt_count, last_gps_count, last_pkt_Tstamp
14-07-2026 00:39 - WARNING - 1828151959 10174 2026-07-13T18:38:11.983475
14-07-2026 00:39 - WARNING - diff_pkt_count  , diff_gps_count ,  diff_pkt_timstamp
14-07-2026 00:39 - WARNING - 1882541 29 29207820 microseconds
14-07-2026 00:39 - WARNING - No packet loss: /data/dsp/GBD_TRANSIENT_BUFFER/J1921+2153/13_07_2026/PDR_GULP_data001.pcap_14_07_2026_00_08_1783967924.PCAP_PDR
14-07-2026 00:39 - WARNING - first_pkt_count, first_gps_count, first_pkt_Tstamp
14-07-2026 00:39 - WARNING - 1828151960 10174 2026-07-13T18:38:11.983526
14-07-2026 00:39 - WARNING - last_pkt_count, last_gps_count, last_pkt_Tstamp
14-07-2026 00:39 - WARNING - 1830034501 10204 2026-07-13T18:38:41.191348
14-07-2026 00:39 - WARNING - diff_pkt_count  , diff_gps_count ,  diff_pkt_timstamp
14-07-2026 00:39 - WARNING - 1882541 30 29207822 microseconds
14-07-2026 00:39 - WARNING - No packet loss: /data/dsp/GBD_TRANSIENT_BUFFER/J1921+2153/13_07_2026/PDR_GULP_data002.pcap_14_07_2026_00_09_1783967953.PCAP_PDR
14-07-2026 00:39 - WARNING - first_pkt_count, first_gps_count, first_pkt_Tstamp
14-07-2026 00:39 - WARNING - 1830034502 10204 2026-07-13T18:38:41.191348
14-07-2026 00:39 - WARNING - last_pkt_count, last_gps_count, last_pkt_Tstamp
14-07-2026 00:39 - WARNING - 1831917044 10233 2026-07-13T18:39:10.399213
14-07-2026 00:39 - WARNING - diff_pkt_count  , diff_gps_count ,  diff_pkt_timstamp
14-07-2026 00:39 - WARNING - 1882542 29 29207865 microseconds
14-07-2026 00:39 - WARNING - No packet loss: /data/dsp/GBD_TRANSIENT_BUFFER/J1921+2153/13_07_2026/PDR_GULP_data000.pcap_14_07_2026_00_09_1783967982.PCAP_PDR
14-07-2026 00:39 - WARNING - first_pkt_count, first_gps_count, first_pkt_Tstamp
14-07-2026 00:39 - WARNING - 1831917045 10233 2026-07-13T18:39:10.399213
14-07-2026 00:39 - WARNING - last_pkt_count, last_gps_count, last_pkt_Tstamp
14-07-2026 00:39 - WARNING - 1833799586 10262 2026-07-13T18:39:39.607064
14-07-2026 00:39 - WARNING - diff_pkt_count  , diff_gps_count ,  diff_pkt_timstamp
14-07-2026 00:39 - WARNING - 1882541 29 29207851 microseconds
14-07-2026 00:39 - WARNING - No packet loss: /data/dsp/GBD_TRANSIENT_BUFFER/J1921+2153/13_07_2026/PDR_GULP_data001.pcap_14_07_2026_00_10_1783968011.PCAP_PDR
14-07-2026 00:39 - WARNING - first_pkt_count, first_gps_count, first_pkt_Tstamp
14-07-2026 00:39 - WARNING - 1833799587 10262 2026-07-13T18:39:39.607064
14-07-2026 00:39 - WARNING - last_pkt_count, last_gps_count, last_pkt_Tstamp
14-07-2026 00:39 - WARNING - 1835682128 10291 2026-07-13T18:40:08.814944
14-07-2026 00:39 - WARNING - diff_pkt_count  , diff_gps_count ,  diff_pkt_timstamp
14-07-2026 00:39 - WARNING - 1882541 29 29207880 microseconds
14-07-2026 00:39 - WARNING - No packet loss: /data/dsp/GBD_TRANSIENT_BUFFER/J1921+2153/13_07_2026/PDR_GULP_data002.pcap_14_07_2026_00_10_1783968041.PCAP_PDR
14-07-2026 00:39 - WARNING - first_pkt_count, first_gps_count, first_pkt_Tstamp
14-07-2026 00:39 - WARNING - 1835682129 10291 2026-07-13T18:40:08.814944
14-07-2026 00:39 - WARNING - last_pkt_count, last_gps_count, last_pkt_Tstamp
14-07-2026 00:39 - WARNING - 1837564670 10321 2026-07-13T18:40:38.022787
14-07-2026 00:39 - WARNING - diff_pkt_count  , diff_gps_count ,  diff_pkt_timstamp
14-07-2026 00:39 - WARNING - 1882541 30 29207843 microseconds
14-07-2026 00:39 - WARNING - No packet loss: /data/dsp/GBD_TRANSIENT_BUFFER/J1921+2153/13_07_2026/PDR_GULP_data000.pcap_14_07_2026_00_11_1783968070.PCAP_PDR
14-07-2026 00:39 - WARNING - first_pkt_count, first_gps_count, first_pkt_Tstamp
14-07-2026 00:39 - WARNING - 1837564671 10321 2026-07-13T18:40:38.022787
14-07-2026 00:39 - WARNING - last_pkt_count, last_gps_count, last_pkt_Tstamp
14-07-2026 00:39 - WARNING - 1839447212 10350 2026-07-13T18:41:07.230725
14-07-2026 00:39 - WARNING - diff_pkt_count  , diff_gps_count ,  diff_pkt_timstamp
14-07-2026 00:39 - WARNING - 1882541 29 29207938 microseconds
14-07-2026 00:39 - WARNING - No packet loss: /data/dsp/GBD_TRANSIENT_BUFFER/J1921+2153/13_07_2026/PDR_GULP_data001.pcap_14_07_2026_00_11_1783968099.PCAP_PDR
14-07-2026 00:39 - WARNING - first_pkt_count, first_gps_count, first_pkt_Tstamp
14-07-2026 00:39 - WARNING - 1839447213 10350 2026-07-13T18:41:07.230725
14-07-2026 00:39 - WARNING - last_pkt_count, last_gps_count, last_pkt_Tstamp
14-07-2026 00:39 - WARNING - 1841329754 10379 2026-07-13T18:41:36.438511
14-07-2026 00:39 - WARNING - diff_pkt_count  , diff_gps_count ,  diff_pkt_timstamp
14-07-2026 00:39 - WARNING - 1882541 29 29207786 microseconds
14-07-2026 00:39 - WARNING - No packet loss: /data/dsp/GBD_TRANSIENT_BUFFER/J1921+2153/13_07_2026/PDR_GULP_data002.pcap_14_07_2026_00_12_1783968128.PCAP_PDR
14-07-2026 00:39 - WARNING - first_pkt_count, first_gps_count, first_pkt_Tstamp
14-07-2026 00:39 - WARNING - 1841329755 10379 2026-07-13T18:41:36.438511
14-07-2026 00:39 - WARNING - last_pkt_count, last_gps_count, last_pkt_Tstamp
14-07-2026 00:39 - WARNING - 1843212297 10408 2026-07-13T18:42:05.646385
14-07-2026 00:39 - WARNING - diff_pkt_count  , diff_gps_count ,  diff_pkt_timstamp
14-07-2026 00:39 - WARNING - 1882542 29 29207874 microseconds
14-07-2026 00:39 - WARNING - No packet loss: /data/dsp/GBD_TRANSIENT_BUFFER/J1921+2153/13_07_2026/PDR_GULP_data000.pcap_14_07_2026_00_12_1783968157.PCAP_PDR
14-07-2026 00:39 - WARNING - first_pkt_count, first_gps_count, first_pkt_Tstamp
14-07-2026 00:39 - WARNING - 1843212298 10408 2026-07-13T18:42:05.646385
14-07-2026 00:39 - WARNING - last_pkt_count, last_gps_count, last_pkt_Tstamp
14-07-2026 00:39 - WARNING - 1845094839 10437 2026-07-13T18:42:34.854311
14-07-2026 00:39 - WARNING - diff_pkt_count  , diff_gps_count ,  diff_pkt_timstamp
14-07-2026 00:39 - WARNING - 1882541 29 29207926 microseconds
14-07-2026 00:39 - WARNING - No packet loss: /data/dsp/GBD_TRANSIENT_BUFFER/J1921+2153/13_07_2026/PDR_GULP_data001.pcap_14_07_2026_00_13_1783968187.PCAP_PDR
14-07-2026 00:39 - WARNING - first_pkt_count, first_gps_count, first_pkt_Tstamp
14-07-2026 00:39 - WARNING - 1845094840 10437 2026-07-13T18:42:34.854312
14-07-2026 00:39 - WARNING - last_pkt_count, last_gps_count, last_pkt_Tstamp
14-07-2026 00:39 - WARNING - 1846977381 10467 2026-07-13T18:43:04.062123
14-07-2026 00:39 - WARNING - diff_pkt_count  , diff_gps_count ,  diff_pkt_timstamp
14-07-2026 00:39 - WARNING - 1882541 30 29207811 microseconds
14-07-2026 00:39 - WARNING - No packet loss: /data/dsp/GBD_TRANSIENT_BUFFER/J1921+2153/13_07_2026/PDR_GULP_data002.pcap_14_07_2026_00_13_1783968216.PCAP_PDR
14-07-2026 00:39 - WARNING - first_pkt_count, first_gps_count, first_pkt_Tstamp
14-07-2026 00:39 - WARNING - 1846977382 10467 2026-07-13T18:43:04.062123
14-07-2026 00:39 - WARNING - last_pkt_count, last_gps_count, last_pkt_Tstamp
14-07-2026 00:39 - WARNING - 1848859923 10496 2026-07-13T18:43:33.270001
14-07-2026 00:39 - WARNING - diff_pkt_count  , diff_gps_count ,  diff_pkt_timstamp
14-07-2026 00:39 - WARNING - 1882541 29 29207878 microseconds
14-07-2026 00:39 - WARNING - No packet loss: /data/dsp/GBD_TRANSIENT_BUFFER/J1921+2153/13_07_2026/PDR_GULP_data000.pcap_14_07_2026_00_14_1783968245.PCAP_PDR
14-07-2026 00:39 - WARNING - first_pkt_count, first_gps_count, first_pkt_Tstamp
14-07-2026 00:39 - WARNING - 1848859924 10496 2026-07-13T18:43:33.270082
14-07-2026 00:39 - WARNING - last_pkt_count, last_gps_count, last_pkt_Tstamp
14-07-2026 00:39 - WARNING - 1850742465 10525 2026-07-13T18:44:02.477856
14-07-2026 00:39 - WARNING - diff_pkt_count  , diff_gps_count ,  diff_pkt_timstamp
14-07-2026 00:39 - WARNING - 1882541 29 29207774 microseconds
14-07-2026 00:39 - WARNING - No packet loss: /data/dsp/GBD_TRANSIENT_BUFFER/J1921+2153/13_07_2026/PDR_GULP_data001.pcap_14_07_2026_00_14_1783968274.PCAP_PDR
14-07-2026 00:39 - WARNING - first_pkt_count, first_gps_count, first_pkt_Tstamp
14-07-2026 00:39 - WARNING - 1850742466 10525 2026-07-13T18:44:02.477856
14-07-2026 00:39 - WARNING - last_pkt_count, last_gps_count, last_pkt_Tstamp
14-07-2026 00:39 - WARNING - 1852625008 10554 2026-07-13T18:44:31.685733
14-07-2026 00:39 - WARNING - diff_pkt_count  , diff_gps_count ,  diff_pkt_timstamp
14-07-2026 00:39 - WARNING - 1882542 29 29207877 microseconds
14-07-2026 00:39 - WARNING - No packet loss: /data/dsp/GBD_TRANSIENT_BUFFER/J1921+2153/13_07_2026/PDR_GULP_data002.pcap_14_07_2026_00_15_1783968303.PCAP_PDR
14-07-2026 00:39 - WARNING - first_pkt_count, first_gps_count, first_pkt_Tstamp
14-07-2026 00:39 - WARNING - 1852625009 10554 2026-07-13T18:44:31.685823
14-07-2026 00:39 - WARNING - last_pkt_count, last_gps_count, last_pkt_Tstamp
14-07-2026 00:39 - WARNING - 1854507550 10583 2026-07-13T18:45:00.893628
14-07-2026 00:39 - WARNING - diff_pkt_count  , diff_gps_count ,  diff_pkt_timstamp
14-07-2026 00:39 - WARNING - 1882541 29 29207805 microseconds
14-07-2026 00:39 - WARNING - No packet loss: /data/dsp/GBD_TRANSIENT_BUFFER/J1921+2153/13_07_2026/PDR_GULP_data000.pcap_14_07_2026_00_15_1783968333.PCAP_PDR
14-07-2026 00:39 - WARNING - first_pkt_count, first_gps_count, first_pkt_Tstamp
14-07-2026 00:39 - WARNING - 1854507551 10583 2026-07-13T18:45:00.893628
14-07-2026 00:39 - WARNING - last_pkt_count, last_gps_count, last_pkt_Tstamp
14-07-2026 00:39 - WARNING - 1856390092 10613 2026-07-13T18:45:30.101497
14-07-2026 00:39 - WARNING - diff_pkt_count  , diff_gps_count ,  diff_pkt_timstamp
14-07-2026 00:39 - WARNING - 1882541 30 29207869 microseconds
14-07-2026 00:39 - WARNING - No packet loss: /data/dsp/GBD_TRANSIENT_BUFFER/J1921+2153/13_07_2026/PDR_GULP_data001.pcap_14_07_2026_00_16_1783968362.PCAP_PDR
14-07-2026 00:39 - WARNING - first_pkt_count, first_gps_count, first_pkt_Tstamp
14-07-2026 00:39 - WARNING - 1856390093 10613 2026-07-13T18:45:30.101497
14-07-2026 00:39 - WARNING - last_pkt_count, last_gps_count, last_pkt_Tstamp
14-07-2026 00:39 - WARNING - 1858272634 10642 2026-07-13T18:45:59.309337
14-07-2026 00:39 - WARNING - diff_pkt_count  , diff_gps_count ,  diff_pkt_timstamp
14-07-2026 00:39 - WARNING - 1882541 29 29207840 microseconds
14-07-2026 00:39 - WARNING - No packet loss: /data/dsp/GBD_TRANSIENT_BUFFER/J1921+2153/13_07_2026/PDR_GULP_data002.pcap_14_07_2026_00_16_1783968391.PCAP_PDR
14-07-2026 00:39 - WARNING - first_pkt_count, first_gps_count, first_pkt_Tstamp
14-07-2026 00:39 - WARNING - 1858272635 10642 2026-07-13T18:45:59.309391
14-07-2026 00:39 - WARNING - last_pkt_count, last_gps_count, last_pkt_Tstamp
14-07-2026 00:39 - WARNING - 1860155176 10671 2026-07-13T18:46:28.517238
14-07-2026 00:39 - WARNING - diff_pkt_count  , diff_gps_count ,  diff_pkt_timstamp
14-07-2026 00:39 - WARNING - 1882541 29 29207847 microseconds
14-07-2026 00:39 - WARNING - No packet loss: /data/dsp/GBD_TRANSIENT_BUFFER/J1921+2153/13_07_2026/PDR_GULP_data000.pcap_14_07_2026_00_17_1783968420.PCAP_PDR
14-07-2026 00:39 - WARNING - first_pkt_count, first_gps_count, first_pkt_Tstamp
14-07-2026 00:39 - WARNING - 1860155177 10671 2026-07-13T18:46:28.517238
14-07-2026 00:39 - WARNING - last_pkt_count, last_gps_count, last_pkt_Tstamp
14-07-2026 00:39 - WARNING - 1862037718 10700 2026-07-13T18:46:57.725097
14-07-2026 00:39 - WARNING - diff_pkt_count  , diff_gps_count ,  diff_pkt_timstamp
14-07-2026 00:39 - WARNING - 1882541 29 29207859 microseconds
14-07-2026 00:39 - WARNING - No packet loss: /data/dsp/GBD_TRANSIENT_BUFFER/J1921+2153/13_07_2026/PDR_GULP_data001.pcap_14_07_2026_00_17_1783968449.PCAP_PDR
14-07-2026 00:39 - WARNING - first_pkt_count, first_gps_count, first_pkt_Tstamp
14-07-2026 00:39 - WARNING - 1862037719 10700 2026-07-13T18:46:57.725147
14-07-2026 00:39 - WARNING - last_pkt_count, last_gps_count, last_pkt_Tstamp
14-07-2026 00:39 - WARNING - 1863920261 10729 2026-07-13T18:47:26.933042
14-07-2026 00:39 - WARNING - diff_pkt_count  , diff_gps_count ,  diff_pkt_timstamp
14-07-2026 00:39 - WARNING - 1882542 29 29207895 microseconds
14-07-2026 00:39 - WARNING - No packet loss: /data/dsp/GBD_TRANSIENT_BUFFER/J1921+2153/13_07_2026/PDR_GULP_data002.pcap_14_07_2026_00_17_1783968479.PCAP_PDR
14-07-2026 00:39 - WARNING - first_pkt_count, first_gps_count, first_pkt_Tstamp
14-07-2026 00:39 - WARNING - 1863920262 10729 2026-07-13T18:47:26.933042
14-07-2026 00:39 - WARNING - last_pkt_count, last_gps_count, last_pkt_Tstamp
14-07-2026 00:39 - WARNING - 1865802803 10759 2026-07-13T18:47:56.140877
14-07-2026 00:39 - WARNING - diff_pkt_count  , diff_gps_count ,  diff_pkt_timstamp
14-07-2026 00:39 - WARNING - 1882541 30 29207835 microseconds
14-07-2026 00:39 - WARNING - No packet loss: /data/dsp/GBD_TRANSIENT_BUFFER/J1921+2153/13_07_2026/PDR_GULP_data000.pcap_14_07_2026_00_18_1783968508.PCAP_PDR
14-07-2026 00:39 - WARNING - first_pkt_count, first_gps_count, first_pkt_Tstamp
14-07-2026 00:39 - WARNING - 1865802804 10759 2026-07-13T18:47:56.140878
14-07-2026 00:39 - WARNING - last_pkt_count, last_gps_count, last_pkt_Tstamp
14-07-2026 00:39 - WARNING - 1867685345 10788 2026-07-13T18:48:25.348801
14-07-2026 00:39 - WARNING - diff_pkt_count  , diff_gps_count ,  diff_pkt_timstamp
14-07-2026 00:39 - WARNING - 1882541 29 29207923 microseconds
14-07-2026 00:39 - WARNING - No packet loss: /data/dsp/GBD_TRANSIENT_BUFFER/J1921+2153/13_07_2026/PDR_GULP_data001.pcap_14_07_2026_00_18_1783968537.PCAP_PDR
14-07-2026 00:39 - WARNING - first_pkt_count, first_gps_count, first_pkt_Tstamp
14-07-2026 00:39 - WARNING - 1867685346 10788 2026-07-13T18:48:25.348801
14-07-2026 00:39 - WARNING - last_pkt_count, last_gps_count, last_pkt_Tstamp
14-07-2026 00:39 - WARNING - 1869567887 10817 2026-07-13T18:48:54.556662
14-07-2026 00:39 - WARNING - diff_pkt_count  , diff_gps_count ,  diff_pkt_timstamp
14-07-2026 00:39 - WARNING - 1882541 29 29207861 microseconds
14-07-2026 00:39 - WARNING - No packet loss: /data/dsp/GBD_TRANSIENT_BUFFER/J1921+2153/13_07_2026/PDR_GULP_data002.pcap_14_07_2026_00_19_1783968566.PCAP_PDR
14-07-2026 00:39 - WARNING - first_pkt_count, first_gps_count, first_pkt_Tstamp
14-07-2026 00:39 - WARNING - 1869567888 10817 2026-07-13T18:48:54.556662
14-07-2026 00:39 - WARNING - last_pkt_count, last_gps_count, last_pkt_Tstamp
14-07-2026 00:39 - WARNING - 1871450429 10846 2026-07-13T18:49:23.764541
14-07-2026 00:39 - WARNING - diff_pkt_count  , diff_gps_count ,  diff_pkt_timstamp
14-07-2026 00:39 - WARNING - 1882541 29 29207879 microseconds
14-07-2026 00:39 - WARNING - No packet loss: /data/dsp/GBD_TRANSIENT_BUFFER/J1921+2153/13_07_2026/PDR_GULP_data000.pcap_14_07_2026_00_19_1783968595.PCAP_PDR
14-07-2026 00:39 - WARNING - first_pkt_count, first_gps_count, first_pkt_Tstamp
14-07-2026 00:39 - WARNING - 1871450430 10846 2026-07-13T18:49:23.764541
14-07-2026 00:39 - WARNING - last_pkt_count, last_gps_count, last_pkt_Tstamp
14-07-2026 00:39 - WARNING - 1873332971 10875 2026-07-13T18:49:52.972420
14-07-2026 00:39 - WARNING - diff_pkt_count  , diff_gps_count ,  diff_pkt_timstamp
14-07-2026 00:39 - WARNING - 1882541 29 29207879 microseconds
14-07-2026 00:39 - WARNING - No packet loss: /data/dsp/GBD_TRANSIENT_BUFFER/J1921+2153/13_07_2026/PDR_GULP_data001.pcap_14_07_2026_00_20_1783968625.PCAP_PDR
14-07-2026 00:39 - WARNING - first_pkt_count, first_gps_count, first_pkt_Tstamp
14-07-2026 00:39 - WARNING - 1873332972 10875 2026-07-13T18:49:52.972420
14-07-2026 00:39 - WARNING - last_pkt_count, last_gps_count, last_pkt_Tstamp
14-07-2026 00:39 - WARNING - 1875215514 10905 2026-07-13T18:50:22.180297
14-07-2026 00:39 - WARNING - diff_pkt_count  , diff_gps_count ,  diff_pkt_timstamp
14-07-2026 00:39 - WARNING - 1882542 30 29207877 microseconds
14-07-2026 00:39 - WARNING - No packet loss: /data/dsp/GBD_TRANSIENT_BUFFER/J1921+2153/13_07_2026/PDR_GULP_data002.pcap_14_07_2026_00_20_1783968654.PCAP_PDR
14-07-2026 00:39 - WARNING - first_pkt_count, first_gps_count, first_pkt_Tstamp
14-07-2026 00:39 - WARNING - 1875215515 10905 2026-07-13T18:50:22.180350
14-07-2026 00:39 - WARNING - last_pkt_count, last_gps_count, last_pkt_Tstamp
14-07-2026 00:39 - WARNING - 1877098056 10934 2026-07-13T18:50:51.388245
14-07-2026 00:39 - WARNING - diff_pkt_count  , diff_gps_count ,  diff_pkt_timstamp
14-07-2026 00:39 - WARNING - 1882541 29 29207895 microseconds
14-07-2026 00:39 - WARNING - No packet loss: /data/dsp/GBD_TRANSIENT_BUFFER/J1921+2153/13_07_2026/PDR_GULP_data000.pcap_14_07_2026_00_21_1783968683.PCAP_PDR
14-07-2026 00:39 - WARNING - first_pkt_count, first_gps_count, first_pkt_Tstamp
14-07-2026 00:39 - WARNING - 1877098057 10934 2026-07-13T18:50:51.388245
14-07-2026 00:39 - WARNING - last_pkt_count, last_gps_count, last_pkt_Tstamp
14-07-2026 00:39 - WARNING - 1878980598 10963 2026-07-13T18:51:20.596070
14-07-2026 00:39 - WARNING - diff_pkt_count  , diff_gps_count ,  diff_pkt_timstamp
14-07-2026 00:39 - WARNING - 1882541 29 29207825 microseconds
14-07-2026 00:39 - WARNING - No packet loss: /data/dsp/GBD_TRANSIENT_BUFFER/J1921+2153/13_07_2026/PDR_GULP_data001.pcap_14_07_2026_00_21_1783968712.PCAP_PDR
14-07-2026 00:39 - WARNING - first_pkt_count, first_gps_count, first_pkt_Tstamp
14-07-2026 00:39 - WARNING - 1878980599 10963 2026-07-13T18:51:20.596070
14-07-2026 00:39 - WARNING - last_pkt_count, last_gps_count, last_pkt_Tstamp
14-07-2026 00:39 - WARNING - 1880863140 10992 2026-07-13T18:51:49.803989
14-07-2026 00:39 - WARNING - diff_pkt_count  , diff_gps_count ,  diff_pkt_timstamp
14-07-2026 00:39 - WARNING - 1882541 29 29207919 microseconds
14-07-2026 00:39 - WARNING - No packet loss: /data/dsp/GBD_TRANSIENT_BUFFER/J1921+2153/13_07_2026/PDR_GULP_data002.pcap_14_07_2026_00_22_1783968742.PCAP_PDR
14-07-2026 00:39 - WARNING - first_pkt_count, first_gps_count, first_pkt_Tstamp
14-07-2026 00:39 - WARNING - 1880863141 10992 2026-07-13T18:51:49.803989
14-07-2026 00:39 - WARNING - last_pkt_count, last_gps_count, last_pkt_Tstamp
14-07-2026 00:39 - WARNING - 1882745682 11022 2026-07-13T18:52:19.011919
14-07-2026 00:39 - WARNING - diff_pkt_count  , diff_gps_count ,  diff_pkt_timstamp
14-07-2026 00:39 - WARNING - 1882541 30 29207930 microseconds
14-07-2026 00:39 - WARNING - No packet loss: /data/dsp/GBD_TRANSIENT_BUFFER/J1921+2153/13_07_2026/PDR_GULP_data000.pcap_14_07_2026_00_22_1783968771.PCAP_PDR
14-07-2026 00:39 - WARNING - first_pkt_count, first_gps_count, first_pkt_Tstamp
14-07-2026 00:39 - WARNING - 1882745683 11022 2026-07-13T18:52:19.011919
14-07-2026 00:39 - WARNING - last_pkt_count, last_gps_count, last_pkt_Tstamp
14-07-2026 00:39 - WARNING - 1884628224 11051 2026-07-13T18:52:48.219790
14-07-2026 00:39 - WARNING - diff_pkt_count  , diff_gps_count ,  diff_pkt_timstamp
14-07-2026 00:39 - WARNING - 1882541 29 29207871 microseconds
14-07-2026 00:39 - WARNING - No packet loss: /data/dsp/GBD_TRANSIENT_BUFFER/J1921+2153/13_07_2026/PDR_GULP_data001.pcap_14_07_2026_00_23_1783968800.PCAP_PDR
14-07-2026 00:39 - WARNING - first_pkt_count, first_gps_count, first_pkt_Tstamp
14-07-2026 00:39 - WARNING - 1884628225 11051 2026-07-13T18:52:48.219790
14-07-2026 00:39 - WARNING - last_pkt_count, last_gps_count, last_pkt_Tstamp
14-07-2026 00:39 - WARNING - 1886510767 11080 2026-07-13T18:53:17.427632
14-07-2026 00:39 - WARNING - diff_pkt_count  , diff_gps_count ,  diff_pkt_timstamp
14-07-2026 00:39 - WARNING - 1882542 29 29207842 microseconds
14-07-2026 00:39 - WARNING - No packet loss: /data/dsp/GBD_TRANSIENT_BUFFER/J1921+2153/13_07_2026/PDR_GULP_data002.pcap_14_07_2026_00_23_1783968829.PCAP_PDR
14-07-2026 00:39 - WARNING - first_pkt_count, first_gps_count, first_pkt_Tstamp
14-07-2026 00:39 - WARNING - 1886510768 11080 2026-07-13T18:53:17.427632
14-07-2026 00:39 - WARNING - last_pkt_count, last_gps_count, last_pkt_Tstamp
14-07-2026 00:39 - WARNING - 1888393309 11109 2026-07-13T18:53:46.635530
14-07-2026 00:39 - WARNING - diff_pkt_count  , diff_gps_count ,  diff_pkt_timstamp
14-07-2026 00:39 - WARNING - 1882541 29 29207898 microseconds
14-07-2026 00:39 - WARNING - No packet loss: /data/dsp/GBD_TRANSIENT_BUFFER/J1921+2153/13_07_2026/PDR_GULP_data000.pcap_14_07_2026_00_24_1783968858.PCAP_PDR
14-07-2026 00:39 - WARNING - first_pkt_count, first_gps_count, first_pkt_Tstamp
14-07-2026 00:39 - WARNING - 1888393310 11109 2026-07-13T18:53:46.635530
14-07-2026 00:39 - WARNING - last_pkt_count, last_gps_count, last_pkt_Tstamp
14-07-2026 00:39 - WARNING - 1890275851 11138 2026-07-13T18:54:15.843419
14-07-2026 00:39 - WARNING - diff_pkt_count  , diff_gps_count ,  diff_pkt_timstamp
14-07-2026 00:39 - WARNING - 1882541 29 29207889 microseconds
14-07-2026 00:39 - WARNING - No packet loss: /data/dsp/GBD_TRANSIENT_BUFFER/J1921+2153/13_07_2026/PDR_GULP_data001.pcap_14_07_2026_00_24_1783968888.PCAP_PDR
14-07-2026 00:39 - WARNING - first_pkt_count, first_gps_count, first_pkt_Tstamp
14-07-2026 00:39 - WARNING - 1890275852 11138 2026-07-13T18:54:15.843498
14-07-2026 00:39 - WARNING - last_pkt_count, last_gps_count, last_pkt_Tstamp
14-07-2026 00:39 - WARNING - 1892158393 11168 2026-07-13T18:54:45.051302
14-07-2026 00:39 - WARNING - diff_pkt_count  , diff_gps_count ,  diff_pkt_timstamp
14-07-2026 00:39 - WARNING - 1882541 30 29207804 microseconds
14-07-2026 00:39 - WARNING - No packet loss: /data/dsp/GBD_TRANSIENT_BUFFER/J1921+2153/13_07_2026/PDR_GULP_data002.pcap_14_07_2026_00_25_1783968917.PCAP_PDR
14-07-2026 00:39 - WARNING - first_pkt_count, first_gps_count, first_pkt_Tstamp
14-07-2026 00:39 - WARNING - 1892158394 11168 2026-07-13T18:54:45.051354
14-07-2026 00:39 - WARNING - last_pkt_count, last_gps_count, last_pkt_Tstamp
14-07-2026 00:39 - WARNING - 1894040935 11197 2026-07-13T18:55:14.259191
14-07-2026 00:39 - WARNING - diff_pkt_count  , diff_gps_count ,  diff_pkt_timstamp
14-07-2026 00:39 - WARNING - 1882541 29 29207837 microseconds
14-07-2026 00:39 - WARNING - No packet loss: /data/dsp/GBD_TRANSIENT_BUFFER/J1921+2153/13_07_2026/PDR_GULP_data000.pcap_14_07_2026_00_25_1783968946.PCAP_PDR
14-07-2026 00:39 - WARNING - first_pkt_count, first_gps_count, first_pkt_Tstamp
14-07-2026 00:39 - WARNING - 1894040936 11197 2026-07-13T18:55:14.259191
14-07-2026 00:39 - WARNING - last_pkt_count, last_gps_count, last_pkt_Tstamp
14-07-2026 00:39 - WARNING - 1895923477 11226 2026-07-13T18:55:43.467059
14-07-2026 00:39 - WARNING - diff_pkt_count  , diff_gps_count ,  diff_pkt_timstamp
14-07-2026 00:39 - WARNING - 1882541 29 29207868 microseconds
14-07-2026 00:39 - WARNING - No packet loss: /data/dsp/GBD_TRANSIENT_BUFFER/J1921+2153/13_07_2026/PDR_GULP_data001.pcap_14_07_2026_00_26_1783968975.PCAP_PDR
14-07-2026 00:39 - WARNING - first_pkt_count, first_gps_count, first_pkt_Tstamp
14-07-2026 00:39 - WARNING - 1895923478 11226 2026-07-13T18:55:43.467113
14-07-2026 00:39 - WARNING - last_pkt_count, last_gps_count, last_pkt_Tstamp
14-07-2026 00:39 - WARNING - 1897806020 11255 2026-07-13T18:56:12.674980
14-07-2026 00:39 - WARNING - diff_pkt_count  , diff_gps_count ,  diff_pkt_timstamp
14-07-2026 00:39 - WARNING - 1882542 29 29207867 microseconds
14-07-2026 00:39 - WARNING - No packet loss: /data/dsp/GBD_TRANSIENT_BUFFER/J1921+2153/13_07_2026/PDR_GULP_data002.pcap_14_07_2026_00_26_1783969004.PCAP_PDR
14-07-2026 00:39 - WARNING - first_pkt_count, first_gps_count, first_pkt_Tstamp
14-07-2026 00:39 - WARNING - 1897806021 11255 2026-07-13T18:56:12.674980
14-07-2026 00:39 - WARNING - last_pkt_count, last_gps_count, last_pkt_Tstamp
14-07-2026 00:39 - WARNING - 1899688562 11284 2026-07-13T18:56:41.882941
14-07-2026 00:39 - WARNING - diff_pkt_count  , diff_gps_count ,  diff_pkt_timstamp
14-07-2026 00:39 - WARNING - 1882541 29 29207961 microseconds
14-07-2026 00:39 - WARNING - No packet loss: /data/dsp/GBD_TRANSIENT_BUFFER/J1921+2153/13_07_2026/PDR_GULP_data000.pcap_14_07_2026_00_27_1783969034.PCAP_PDR
14-07-2026 00:39 - WARNING - first_pkt_count, first_gps_count, first_pkt_Tstamp
14-07-2026 00:39 - WARNING - 1899688563 11284 2026-07-13T18:56:41.882942
14-07-2026 00:39 - WARNING - last_pkt_count, last_gps_count, last_pkt_Tstamp
14-07-2026 00:39 - WARNING - 1901571104 11314 2026-07-13T18:57:11.090758
14-07-2026 00:39 - WARNING - diff_pkt_count  , diff_gps_count ,  diff_pkt_timstamp
14-07-2026 00:39 - WARNING - 1882541 30 29207816 microseconds
14-07-2026 00:39 - WARNING - No packet loss: /data/dsp/GBD_TRANSIENT_BUFFER/J1921+2153/13_07_2026/PDR_GULP_data001.pcap_14_07_2026_00_27_1783969063.PCAP_PDR
14-07-2026 00:39 - WARNING - first_pkt_count, first_gps_count, first_pkt_Tstamp
14-07-2026 00:39 - WARNING - 1901571105 11314 2026-07-13T18:57:11.090811
14-07-2026 00:39 - WARNING - last_pkt_count, last_gps_count, last_pkt_Tstamp
14-07-2026 00:39 - WARNING - 1903453646 11343 2026-07-13T18:57:40.298662
14-07-2026 00:39 - WARNING - diff_pkt_count  , diff_gps_count ,  diff_pkt_timstamp
14-07-2026 00:39 - WARNING - 1882541 29 29207851 microseconds
14-07-2026 00:39 - WARNING - No packet loss: /data/dsp/GBD_TRANSIENT_BUFFER/J1921+2153/13_07_2026/PDR_GULP_data002.pcap_14_07_2026_00_28_1783969092.PCAP_PDR
14-07-2026 00:39 - WARNING - first_pkt_count, first_gps_count, first_pkt_Tstamp
14-07-2026 00:39 - WARNING - 1903453647 11343 2026-07-13T18:57:40.298662
14-07-2026 00:39 - WARNING - last_pkt_count, last_gps_count, last_pkt_Tstamp
14-07-2026 00:39 - WARNING - 1905336188 11372 2026-07-13T18:58:09.506527
14-07-2026 00:39 - WARNING - diff_pkt_count  , diff_gps_count ,  diff_pkt_timstamp
14-07-2026 00:39 - WARNING - 1882541 29 29207865 microseconds
14-07-2026 00:39 - WARNING - No packet loss: /data/dsp/GBD_TRANSIENT_BUFFER/J1921+2153/13_07_2026/PDR_GULP_data000.pcap_14_07_2026_00_28_1783969121.PCAP_PDR
14-07-2026 00:39 - WARNING - first_pkt_count, first_gps_count, first_pkt_Tstamp
14-07-2026 00:39 - WARNING - 1905336189 11372 2026-07-13T18:58:09.506528
14-07-2026 00:39 - WARNING - last_pkt_count, last_gps_count, last_pkt_Tstamp
14-07-2026 00:39 - WARNING - 1907218730 11401 2026-07-13T18:58:38.714409
14-07-2026 00:39 - WARNING - diff_pkt_count  , diff_gps_count ,  diff_pkt_timstamp
14-07-2026 00:39 - WARNING - 1882541 29 29207881 microseconds
14-07-2026 00:39 - WARNING - No packet loss: /data/dsp/GBD_TRANSIENT_BUFFER/J1921+2153/13_07_2026/PDR_GULP_data001.pcap_14_07_2026_00_29_1783969150.PCAP_PDR
14-07-2026 00:39 - WARNING - first_pkt_count, first_gps_count, first_pkt_Tstamp
14-07-2026 00:39 - WARNING - 1907218731 11401 2026-07-13T18:58:38.714474
14-07-2026 00:39 - WARNING - last_pkt_count, last_gps_count, last_pkt_Tstamp
14-07-2026 00:39 - WARNING - 1909101273 11430 2026-07-13T18:59:07.922314
14-07-2026 00:39 - WARNING - diff_pkt_count  , diff_gps_count ,  diff_pkt_timstamp
14-07-2026 00:39 - WARNING - 1882542 29 29207840 microseconds
14-07-2026 00:39 - WARNING - No packet loss: /data/dsp/GBD_TRANSIENT_BUFFER/J1921+2153/13_07_2026/PDR_GULP_data002.pcap_14_07_2026_00_29_1783969180.PCAP_PDR
14-07-2026 00:39 - WARNING - first_pkt_count, first_gps_count, first_pkt_Tstamp
14-07-2026 00:39 - WARNING - 1909101274 11430 2026-07-13T18:59:07.922380
14-07-2026 00:39 - WARNING - last_pkt_count, last_gps_count, last_pkt_Tstamp
14-07-2026 00:39 - WARNING - 1910983815 11460 2026-07-13T18:59:37.130256
14-07-2026 00:39 - WARNING - diff_pkt_count  , diff_gps_count ,  diff_pkt_timstamp
14-07-2026 00:39 - WARNING - 1882541 30 29207876 microseconds
14-07-2026 00:39 - WARNING - No packet loss: /data/dsp/GBD_TRANSIENT_BUFFER/J1921+2153/13_07_2026/PDR_GULP_data000.pcap_14_07_2026_00_30_1783969209.PCAP_PDR
14-07-2026 00:39 - WARNING - first_pkt_count, first_gps_count, first_pkt_Tstamp
14-07-2026 00:39 - WARNING - 1910983816 11460 2026-07-13T18:59:37.130257
14-07-2026 00:39 - WARNING - last_pkt_count, last_gps_count, last_pkt_Tstamp
14-07-2026 00:39 - WARNING - 1912866357 11489 2026-07-13T19:00:06.338224
14-07-2026 00:39 - WARNING - diff_pkt_count  , diff_gps_count ,  diff_pkt_timstamp
14-07-2026 00:39 - WARNING - 1882541 29 29207967 microseconds
14-07-2026 00:39 - WARNING - No packet loss: /data/dsp/GBD_TRANSIENT_BUFFER/J1921+2153/13_07_2026/PDR_GULP_data001.pcap_14_07_2026_00_30_1783969238.PCAP_PDR
14-07-2026 00:39 - WARNING - first_pkt_count, first_gps_count, first_pkt_Tstamp
14-07-2026 00:39 - WARNING - 1912866358 11489 2026-07-13T19:00:06.338278
14-07-2026 00:39 - WARNING - last_pkt_count, last_gps_count, last_pkt_Tstamp
14-07-2026 00:39 - WARNING - 1914748899 11518 2026-07-13T19:00:35.546314
14-07-2026 00:39 - WARNING - diff_pkt_count  , diff_gps_count ,  diff_pkt_timstamp
14-07-2026 00:39 - WARNING - 1882541 29 29208036 microseconds
14-07-2026 00:39 - WARNING - No packet loss: /data/dsp/GBD_TRANSIENT_BUFFER/J1921+2153/13_07_2026/PDR_GULP_data002.pcap_14_07_2026_00_31_1783969267.PCAP_PDR
14-07-2026 00:39 - WARNING - first_pkt_count, first_gps_count, first_pkt_Tstamp
14-07-2026 00:39 - WARNING - 1914748900 11518 2026-07-13T19:00:35.546314
14-07-2026 00:39 - WARNING - last_pkt_count, last_gps_count, last_pkt_Tstamp
14-07-2026 00:39 - WARNING - 1916631441 11547 2026-07-13T19:01:04.754307
14-07-2026 00:39 - WARNING - diff_pkt_count  , diff_gps_count ,  diff_pkt_timstamp
14-07-2026 00:39 - WARNING - 1882541 29 29207993 microseconds
14-07-2026 00:39 - WARNING - No packet loss: /data/dsp/GBD_TRANSIENT_BUFFER/J1921+2153/13_07_2026/PDR_GULP_data000.pcap_14_07_2026_00_31_1783969296.PCAP_PDR
14-07-2026 00:39 - WARNING - first_pkt_count, first_gps_count, first_pkt_Tstamp
14-07-2026 00:39 - WARNING - 1916631442 11547 2026-07-13T19:01:04.754307
14-07-2026 00:39 - WARNING - last_pkt_count, last_gps_count, last_pkt_Tstamp
14-07-2026 00:39 - WARNING - 1918513983 11576 2026-07-13T19:01:33.962293
14-07-2026 00:39 - WARNING - diff_pkt_count  , diff_gps_count ,  diff_pkt_timstamp
14-07-2026 00:39 - WARNING - 1882541 29 29207986 microseconds
14-07-2026 00:39 - WARNING - No packet loss: /data/dsp/GBD_TRANSIENT_BUFFER/J1921+2153/13_07_2026/PDR_GULP_data001.pcap_14_07_2026_00_32_1783969326.PCAP_PDR
14-07-2026 00:39 - WARNING - first_pkt_count, first_gps_count, first_pkt_Tstamp
14-07-2026 00:39 - WARNING - 1918513984 11576 2026-07-13T19:01:33.962293
14-07-2026 00:39 - WARNING - last_pkt_count, last_gps_count, last_pkt_Tstamp
14-07-2026 00:39 - WARNING - 1920396526 11606 2026-07-13T19:02:03.170286
14-07-2026 00:39 - WARNING - diff_pkt_count  , diff_gps_count ,  diff_pkt_timstamp
14-07-2026 00:39 - WARNING - 1882542 30 29207993 microseconds
14-07-2026 00:39 - WARNING - No packet loss: /data/dsp/GBD_TRANSIENT_BUFFER/J1921+2153/13_07_2026/PDR_GULP_data002.pcap_14_07_2026_00_32_1783969355.PCAP_PDR
14-07-2026 00:39 - WARNING - first_pkt_count, first_gps_count, first_pkt_Tstamp
14-07-2026 00:39 - WARNING - 1920396527 11606 2026-07-13T19:02:03.170287
14-07-2026 00:39 - WARNING - last_pkt_count, last_gps_count, last_pkt_Tstamp
14-07-2026 00:39 - WARNING - 1922279068 11635 2026-07-13T19:02:32.378324
14-07-2026 00:39 - WARNING - diff_pkt_count  , diff_gps_count ,  diff_pkt_timstamp
14-07-2026 00:39 - WARNING - 1882541 29 29208037 microseconds
14-07-2026 00:39 - WARNING - No packet loss: /data/dsp/GBD_TRANSIENT_BUFFER/J1921+2153/13_07_2026/PDR_GULP_data000.pcap_14_07_2026_00_33_1783969384.PCAP_PDR
14-07-2026 00:39 - WARNING - first_pkt_count, first_gps_count, first_pkt_Tstamp
14-07-2026 00:39 - WARNING - 1922279069 11635 2026-07-13T19:02:32.378324
14-07-2026 00:39 - WARNING - last_pkt_count, last_gps_count, last_pkt_Tstamp
14-07-2026 00:39 - WARNING - 1924161610 11664 2026-07-13T19:03:01.586289
14-07-2026 00:39 - WARNING - diff_pkt_count  , diff_gps_count ,  diff_pkt_timstamp
14-07-2026 00:39 - WARNING - 1882541 29 29207965 microseconds
14-07-2026 00:39 - WARNING - No packet loss: /data/dsp/GBD_TRANSIENT_BUFFER/J1921+2153/13_07_2026/PDR_GULP_data001.pcap_14_07_2026_00_33_1783969413.PCAP_PDR
14-07-2026 00:39 - WARNING - first_pkt_count, first_gps_count, first_pkt_Tstamp
14-07-2026 00:39 - WARNING - 1924161611 11664 2026-07-13T19:03:01.586290
14-07-2026 00:39 - WARNING - last_pkt_count, last_gps_count, last_pkt_Tstamp
14-07-2026 00:39 - WARNING - 1926044152 11693 2026-07-13T19:03:30.794283
14-07-2026 00:39 - WARNING - diff_pkt_count  , diff_gps_count ,  diff_pkt_timstamp
14-07-2026 00:39 - WARNING - 1882541 29 29207993 microseconds
14-07-2026 00:39 - WARNING - No packet loss: /data/dsp/GBD_TRANSIENT_BUFFER/J1921+2153/13_07_2026/PDR_GULP_data002.pcap_14_07_2026_00_34_1783969443.PCAP_PDR
14-07-2026 00:39 - WARNING - first_pkt_count, first_gps_count, first_pkt_Tstamp
14-07-2026 00:39 - WARNING - 1926044153 11693 2026-07-13T19:03:30.794283
14-07-2026 00:39 - WARNING - last_pkt_count, last_gps_count, last_pkt_Tstamp
14-07-2026 00:39 - WARNING - 1927926694 11723 2026-07-13T19:04:00.002233
14-07-2026 00:39 - WARNING - diff_pkt_count  , diff_gps_count ,  diff_pkt_timstamp
14-07-2026 00:39 - WARNING - 1882541 30 29207950 microseconds
14-07-2026 00:39 - WARNING - No packet loss: /data/dsp/GBD_TRANSIENT_BUFFER/J1921+2153/13_07_2026/PDR_GULP_data000.pcap_14_07_2026_00_34_1783969472.PCAP_PDR
14-07-2026 00:39 - WARNING - first_pkt_count, first_gps_count, first_pkt_Tstamp
14-07-2026 00:39 - WARNING - 1927926695 11723 2026-07-13T19:04:00.002286
14-07-2026 00:39 - WARNING - last_pkt_count, last_gps_count, last_pkt_Tstamp
14-07-2026 00:39 - WARNING - 1929809236 11752 2026-07-13T19:04:29.210209
14-07-2026 00:39 - WARNING - diff_pkt_count  , diff_gps_count ,  diff_pkt_timstamp
14-07-2026 00:39 - WARNING - 1882541 29 29207923 microseconds
14-07-2026 00:39 - WARNING - No packet loss: /data/dsp/GBD_TRANSIENT_BUFFER/J1921+2153/13_07_2026/PDR_GULP_data001.pcap_14_07_2026_00_35_1783969501.PCAP_PDR
14-07-2026 00:39 - WARNING - first_pkt_count, first_gps_count, first_pkt_Tstamp
14-07-2026 00:39 - WARNING - 1929809237 11752 2026-07-13T19:04:29.210263
14-07-2026 00:39 - WARNING - last_pkt_count, last_gps_count, last_pkt_Tstamp
14-07-2026 00:39 - WARNING - 1931691779 11781 2026-07-13T19:04:58.418219
14-07-2026 00:39 - WARNING - diff_pkt_count  , diff_gps_count ,  diff_pkt_timstamp
14-07-2026 00:39 - WARNING - 1882542 29 29207956 microseconds
14-07-2026 00:39 - WARNING - No packet loss: /data/dsp/GBD_TRANSIENT_BUFFER/J1921+2153/13_07_2026/PDR_GULP_data002.pcap_14_07_2026_00_35_1783969530.PCAP_PDR
14-07-2026 00:39 - WARNING - first_pkt_count, first_gps_count, first_pkt_Tstamp
14-07-2026 00:39 - WARNING - 1931691780 11781 2026-07-13T19:04:58.418219
14-07-2026 00:39 - WARNING - last_pkt_count, last_gps_count, last_pkt_Tstamp
14-07-2026 00:39 - WARNING - 1933574321 11810 2026-07-13T19:05:27.626205
14-07-2026 00:39 - WARNING - diff_pkt_count  , diff_gps_count ,  diff_pkt_timstamp
14-07-2026 00:39 - WARNING - 1882541 29 29207986 microseconds
14-07-2026 00:39 - WARNING - No packet loss: /data/dsp/GBD_TRANSIENT_BUFFER/J1921+2153/13_07_2026/PDR_GULP_data000.pcap_14_07_2026_00_35_1783969559.PCAP_PDR
14-07-2026 00:39 - WARNING - first_pkt_count, first_gps_count, first_pkt_Tstamp
14-07-2026 00:39 - WARNING - 1933574322 11810 2026-07-13T19:05:27.626205
14-07-2026 00:39 - WARNING - last_pkt_count, last_gps_count, last_pkt_Tstamp
14-07-2026 00:39 - WARNING - 1935456863 11839 2026-07-13T19:05:56.834134
14-07-2026 00:39 - WARNING - diff_pkt_count  , diff_gps_count ,  diff_pkt_timstamp
14-07-2026 00:39 - WARNING - 1882541 29 29207929 microseconds
14-07-2026 00:39 - WARNING - No packet loss: /data/dsp/GBD_TRANSIENT_BUFFER/J1921+2153/13_07_2026/PDR_GULP_data001.pcap_14_07_2026_00_36_1783969589.PCAP_PDR
14-07-2026 00:39 - WARNING - first_pkt_count, first_gps_count, first_pkt_Tstamp
14-07-2026 00:39 - WARNING - 1935456864 11839 2026-07-13T19:05:56.834221
14-07-2026 00:39 - WARNING - last_pkt_count, last_gps_count, last_pkt_Tstamp
14-07-2026 00:39 - WARNING - 1937339405 11869 2026-07-13T19:06:26.042109
14-07-2026 00:39 - WARNING - diff_pkt_count  , diff_gps_count ,  diff_pkt_timstamp
14-07-2026 00:39 - WARNING - 1882541 30 29207888 microseconds
14-07-2026 00:39 - WARNING - No packet loss: /data/dsp/GBD_TRANSIENT_BUFFER/J1921+2153/13_07_2026/PDR_GULP_data002.pcap_14_07_2026_00_36_1783969618.PCAP_PDR
14-07-2026 00:39 - WARNING - first_pkt_count, first_gps_count, first_pkt_Tstamp
14-07-2026 00:39 - WARNING - 1937339406 11869 2026-07-13T19:06:26.042110
14-07-2026 00:39 - WARNING - last_pkt_count, last_gps_count, last_pkt_Tstamp
14-07-2026 00:39 - WARNING - 1939221947 11898 2026-07-13T19:06:55.250060
14-07-2026 00:39 - WARNING - diff_pkt_count  , diff_gps_count ,  diff_pkt_timstamp
14-07-2026 00:39 - WARNING - 1882541 29 29207950 microseconds
14-07-2026 00:39 - WARNING - No packet loss: /data/dsp/GBD_TRANSIENT_BUFFER/J1921+2153/13_07_2026/PDR_GULP_data000.pcap_14_07_2026_00_37_1783969647.PCAP_PDR
14-07-2026 00:39 - WARNING - first_pkt_count, first_gps_count, first_pkt_Tstamp
14-07-2026 00:39 - WARNING - 1939221948 11898 2026-07-13T19:06:55.250060
14-07-2026 00:39 - WARNING - last_pkt_count, last_gps_count, last_pkt_Tstamp
14-07-2026 00:39 - WARNING - 1941104489 11927 2026-07-13T19:07:24.458000
14-07-2026 00:39 - WARNING - diff_pkt_count  , diff_gps_count ,  diff_pkt_timstamp
14-07-2026 00:39 - WARNING - 1882541 29 29207940 microseconds
14-07-2026 00:39 - WARNING - No packet loss: /data/dsp/GBD_TRANSIENT_BUFFER/J1921+2153/13_07_2026/PDR_GULP_data001.pcap_14_07_2026_00_37_1783969676.PCAP_PDR
14-07-2026 00:39 - WARNING - first_pkt_count, first_gps_count, first_pkt_Tstamp
14-07-2026 00:39 - WARNING - 1941104490 11927 2026-07-13T19:07:24.458052
14-07-2026 00:39 - WARNING - last_pkt_count, last_gps_count, last_pkt_Tstamp
14-07-2026 00:39 - WARNING - 1942987032 11956 2026-07-13T19:07:53.665980
14-07-2026 00:39 - WARNING - diff_pkt_count  , diff_gps_count ,  diff_pkt_timstamp
14-07-2026 00:39 - WARNING - 1882542 29 29207928 microseconds
14-07-2026 00:39 - WARNING - No packet loss: /data/dsp/GBD_TRANSIENT_BUFFER/J1921+2153/13_07_2026/PDR_GULP_data002.pcap_14_07_2026_00_38_1783969705.PCAP_PDR
14-07-2026 00:39 - WARNING - first_pkt_count, first_gps_count, first_pkt_Tstamp
14-07-2026 00:39 - WARNING - 1942987033 11956 2026-07-13T19:07:53.666034
14-07-2026 00:39 - WARNING - last_pkt_count, last_gps_count, last_pkt_Tstamp
14-07-2026 00:39 - WARNING - 1944869574 11985 2026-07-13T19:08:22.873937
14-07-2026 00:39 - WARNING - diff_pkt_count  , diff_gps_count ,  diff_pkt_timstamp
14-07-2026 00:39 - WARNING - 1882541 29 29207903 microseconds
14-07-2026 00:39 - WARNING - No packet loss: /data/dsp/GBD_TRANSIENT_BUFFER/J1921+2153/13_07_2026/PDR_GULP_data000.pcap_14_07_2026_00_38_1783969735.PCAP_PDR
14-07-2026 00:39 - WARNING - first_pkt_count, first_gps_count, first_pkt_Tstamp
14-07-2026 00:39 - WARNING - 1944869575 11985 2026-07-13T19:08:22.873990
14-07-2026 00:39 - WARNING - last_pkt_count, last_gps_count, last_pkt_Tstamp
14-07-2026 00:39 - WARNING - 1946752116 12015 2026-07-13T19:08:52.081908
14-07-2026 00:39 - WARNING - diff_pkt_count  , diff_gps_count ,  diff_pkt_timstamp
14-07-2026 00:39 - WARNING - 1882541 30 29207918 microseconds
14-07-2026 00:39 - WARNING - No packet loss: /data/dsp/GBD_TRANSIENT_BUFFER/J1921+2153/13_07_2026/PDR_GULP_data001.pcap_14_07_2026_00_39_1783969764.PCAP_PDR
14-07-2026 00:39 - WARNING - first_pkt_count, first_gps_count, first_pkt_Tstamp
14-07-2026 00:39 - WARNING - 1946752117 12015 2026-07-13T19:08:52.081908
14-07-2026 00:39 - WARNING - last_pkt_count, last_gps_count, last_pkt_Tstamp
14-07-2026 00:39 - WARNING - 1948634658 12044 2026-07-13T19:09:21.289818
14-07-2026 00:39 - WARNING - diff_pkt_count  , diff_gps_count ,  diff_pkt_timstamp
14-07-2026 00:39 - WARNING - 1882541 29 29207910 microseconds
14-07-2026 00:39 SLIP check Finished...
14-07-2026 00:39 Pulsar data reduction pipeline started ...
14-07-2026 00:39 - WARNING - Data Directory: /data/dsp/GBD_TRANSIENT_BUFFER/J1921+2153/13_07_2026
14-07-2026 00:39 - WARNING - Pulsar: J1921+2153
14-07-2026 00:39 - WARNING - CH selelction: 0
14-07-2026 00:39 - WARNING - Phase file: /home/dsp/PDR_acquire_setup/dada_scripts/phase/rf_path_phase.dat
14-07-2026 00:39 - WARNING - Obs. logfile: /home/dsp/PDR_acquire_setup/master_obs_log/J1921+2153_13_07_2026_observation.log
14-07-2026 00:39 - WARNING - Observation start time: 2026_07_13_23_51_09
14-07-2026 00:39 - WARNING - parfile: /home/dsp/parfiles/J1921+2153.par
14-07-2026 00:39 - WARNING - DM: 12.44399
14-07-2026 00:39 - WARNING - Period: 1.3373021601894548
14-07-2026 00:39 - WARNING - RA_DEC: 19:21:44.815+21:53:02.25
14-07-2026 00:39 - WARNING - out_dada_file: J1921+2153_2026_07_13_23_51_09_type_0.dada
14-07-2026 00:39 - WARNING - Number of files to process: 100
14-07-2026 00:39 - WARNING - Files per batch:  17
14-07-2026 01:04 - WARNING - Time taken for PDR2DADA convertion: 0:24:36.286558
14-07-2026 01:04 - WARNING - Center_freq: 175
14-07-2026 01:04 - WARNING - int_time: 3.0
14-07-2026 01:04 - WARNING - nbins: 256
14-07-2026 01:04 - WARNING - fil_chan: 256
14-07-2026 01:04 - WARNING - cpu: 2,3,4,5,6,7,8,9,10,11,12,13,14,15,16
14-07-2026 01:04 - WARNING - thread: 32
14-07-2026 01:04 - WARNING - nbit: 8
14-07-2026 01:04 - WARNING - time_avg: 0.000256
14-07-2026 01:04 - WARNING - MJD_START: 61234.76469572062
14-07-2026 01:04 - WARNING - output: J1921+2153_61234.76_175MHz_type_0_GBD_DART
14-07-2026 01:04 - WARNING - singularity_container: singularity exec /home/dsp/singularity_imag/pschive_py3.sif  
14-07-2026 01:04 - WARNING - ------ DIGIFITS ------
14-07-2026 01:04 - WARNING - ---- Search Mode FITS -------
14-07-2026 01:04 - WARNING - digifits_ful_stokes_cmd: singularity exec /home/dsp/singularity_imag/pschive_py3.sif  digifits  -F 256 -x 256 -b 8 -p 4 -t 0.000256 J1921+2153_2026_07_13_23_51_09_type_0.dada -o J1921+2153_2026_07_13_23_51_09_type_0.dada_stokes.fits
14-07-2026 01:37 - WARNING - ------ Total intensity FITS -------
14-07-2026 01:37 - WARNING - digifits_total_intensity_cmd: singularity exec /home/dsp/singularity_imag/pschive_py3.sif  digifits  -F 256 -x 256 -b 8 -p 1 -t 0.000256 J1921+2153_2026_07_13_23_51_09_type_0.dada -o J1921+2153_2026_07_13_23_51_09_type_0.dada_intensity.fits
14-07-2026 02:04 - WARNING - Nchan: 256
14-07-2026 02:04 - WARNING - Nbin: 256
14-07-2026 02:04 - WARNING - Tavg: 0.000256
14-07-2026 02:04 - WARNING - Time taken for DIGIFITS run: 0:59:26.818310
14-07-2026 02:04 - WARNING - ------ DSPSR ------
14-07-2026 02:04 - WARNING - ------- Coherent Dedispersion Folded archive -------
14-07-2026 02:04 - WARNING - dspsr_cmd: singularity exec /home/dsp/singularity_imag/pschive_py3.sif  dspsr J1921+2153_2026_07_13_23_51_09_type_0.dada -cpu 2,3,4,5,6,7,8,9,10,11,12,13,14,15,16 -t 32 -E /home/dsp/parfiles/J1921+2153.par -L 3.0 -b 256 -F 256:D -N J1921+2153 -a PSRFITS -A -e .fits -O J1921+2153_61234.76_175MHz_type_0_GBD_DART
14-07-2026 02:13 - WARNING - ------- Incoherent Dedispersion Folded archive -------
14-07-2026 02:13 - WARNING - Incoherent_DD_dspsr_cmd: singularity exec /home/dsp/singularity_imag/pschive_py3.sif  dspsr J1921+2153_2026_07_13_23_51_09_type_0.dada_stokes.fits -cpu 2,3,4,5,6,7,8,9,10,11,12,13,14,15,16 -t 32 -E /home/dsp/parfiles/J1921+2153.par -L 3.0 -b 256 -N J1921+2153 -A -e .fits -O J1921+2153_61234.76_175MHz_type_0_GBD_DART_stokes_Incoherent_DD
14-07-2026 02:14 - WARNING - Time taken for DSPSR run: 0:10:44.723924
14-07-2026 02:14 - WARNING - ------ PSREDIT ------
14-07-2026 02:14 - WARNING - psredit_cmd: singularity exec /home/dsp/singularity_imag/pschive_py3.sif  psredit -c name=J1921+2153,be:name=GSB,coord=19:21:44.815+21:53:02.25 -m *_GBD_DART*fits
14-07-2026 02:15 - WARNING - Time taken for PSREDIT run: 0:00:19.223530
14-07-2026 02:15 - WARNING - ------ Iterative RFI Cleaner ------
14-07-2026 02:15 - WARNING - Iterative_cleaner_cmd: singularity exec /home/dsp/singularity_imag/pschive_py3.sif   python3 /home/dsp/PDR_acquire_setup/iterative_cleaner.py -s 3 -c 3 -m 10 *_GBD_DART*fits
14-07-2026 02:27 - WARNING - Time taken for Iterative_cleaner run: 0:12:14.140080
14-07-2026 02:27 - WARNING - ------ PDMP ------
14-07-2026 02:27 - WARNING - pdmp_cmd1: singularity exec /home/dsp/singularity_imag/pschive_py3.sif  pdmp -dr 2 -ds 0.05 -g J1921+2153_61233.77_175MHz_type_0_GBD_DART.fits_cleaned.ar.ps/cps J1921+2153_61233.77_175MHz_type_0_GBD_DART.fits_cleaned.ar
14-07-2026 02:44 - WARNING - pdmp_cmd2: singularity exec /home/dsp/singularity_imag/pschive_py3.sif  pdmp -dr 2 -ds 0.05 -g J1921+2153_61233.77_175MHz_type_0_GBD_DART_stokes_Incoherent_DD.fits_cleaned.ar.ps/cps J1921+2153_61233.77_175MHz_type_0_GBD_DART_stokes_Incoherent_DD.fits_cleaned.ar
14-07-2026 02:52 - WARNING - Time taken for PDMP run: 0:24:57.367253
14-07-2026 02:52 - WARNING - ------ PS2PDF ------
14-07-2026 02:52 - WARNING - ps2pdf_cmd1: singularity exec /home/dsp/singularity_imag/pschive_py3.sif  ps2pdf J1921+2153_61233.77_175MHz_type_0_GBD_DART.fits_cleaned.ar.ps J1921+2153_61233.77_175MHz_type_0_GBD_DART.fits_cleaned.ar.ps.pdf
14-07-2026 02:52 - WARNING - ps2pdf_cmd2: singularity exec /home/dsp/singularity_imag/pschive_py3.sif  ps2pdf J1921+2153_61233.77_175MHz_type_0_GBD_DART_stokes_Incoherent_DD.fits_cleaned.ar.ps J1921+2153_61233.77_175MHz_type_0_GBD_DART_stokes_Incoherent_DD.fits_cleaned.ar.ps.pdf
14-07-2026 02:52 - WARNING - Time taken for PDMP run: 0:00:01.227618
14-07-2026 02:52 - WARNING - Overall time taken for data reduction: 2:12:20.790231
14-07-2026 02:52 - WARNING - J1921+2153_2026_07_13_23_51_09_type_0.dada... file removed
14-07-2026 02:52 - WARNING - All done!
14-07-2026 02:52 --- PRESTO ---
14-07-2026 02:52 singularity_container: singularity exec /home/dsp/singularity_imag/pschive_py3.sif  
14-07-2026 02:52 Filterbank to Process for PULSAR: J1921+2153 with DM:12.44399 : J1921+2153_2026_07_12_23_59_58_type_0.dada_intensity.fits
J1921+2153_2026_07_13_23_51_09_type_0.dada_intensity.fits
14-07-2026 02:52 --- RFIFIND ---
14-07-2026 02:52 RFIFIND: singularity exec /home/dsp/singularity_imag/pschive_py3.sif   rfifind -time 2.0 -o J1921+2153 J1921+2153_2026_07_12_23_59_58_type_0.dada_intensity.fits
J1921+2153_2026_07_13_23_51_09_type_0.dada_intensity.fits
14-07-2026 02:58 --- PREPDATA ---
14-07-2026 02:58 PREPDATA: singularity exec /home/dsp/singularity_imag/pschive_py3.sif   prepdata -nobary -o J1921+2153_2026_07_12_23_59_58_type_0.dada_intensity.fits
J1921+2153_2026_07_13_23_51_09_type_0.dada_intensity.fits -dm 12.44399 -mask J1921+2153_rfifind.mask J1921+2153_2026_07_12_23_59_58_type_0.dada_intensity.fits
J1921+2153_2026_07_13_23_51_09_type_0.dada_intensity.fits
14-07-2026 02:58 --- REALFFT ---
14-07-2026 02:58 REALFFT: singularity exec /home/dsp/singularity_imag/pschive_py3.sif   realfft  J1921+2153_2026_07_12_23_59_58_type_0.dada_intensity.fits
J1921+2153_2026_07_13_23_51_09_type_0.dada_intensity.fits.dat
14-07-2026 02:58 --- ACCELSEARCH ---
14-07-2026 02:58 ACCELSEARCH: singularity exec /home/dsp/singularity_imag/pschive_py3.sif   accelsearch -numharm 8 -zmax 8  J1921+2153_2026_07_12_23_59_58_type_0.dada_intensity.fits
J1921+2153_2026_07_13_23_51_09_type_0.dada_intensity.fits.fft
14-07-2026 02:58 Observation Over.
