27-07-2026 22:55 Waiting for J1921+2153 observation...
27-07-2026 23:00 Observation started...
27-07-2026 23:00 Pulsar: J1921+2153 , parfile: /home/dsp/parfiles/J1921+2153.par , DM: 12.44399
27-07-2026 23:00 Trigger sent to obs. PC [VELA].
27-07-2026 23:44 Acquired 100.
27-07-2026 23:44 ACQ over.
27-07-2026 23:44 Removing Trigger file from remote machine 
27-07-2026 23:44 Observation stoped.
-rw------- 1 dsp dsp 2.0G Jul 27 22:55 /data/TRANSIENT_BUFFER/PDR_GULP_data001.pcap_27_07_2026_22_55_1785173151.PCAP_PDR
-rw------- 1 dsp dsp 2.0G Jul 27 22:56 /data/TRANSIENT_BUFFER/PDR_GULP_data002.pcap_27_07_2026_22_56_1785173180.PCAP_PDR
-rw------- 1 dsp dsp 2.0G Jul 27 22:56 /data/TRANSIENT_BUFFER/PDR_GULP_data000.pcap_27_07_2026_22_56_1785173210.PCAP_PDR
-rw------- 1 dsp dsp 2.0G Jul 27 22:57 /data/TRANSIENT_BUFFER/PDR_GULP_data001.pcap_27_07_2026_22_57_1785173239.PCAP_PDR
-rw------- 1 dsp dsp 2.0G Jul 27 22:57 /data/TRANSIENT_BUFFER/PDR_GULP_data002.pcap_27_07_2026_22_57_1785173268.PCAP_PDR
-rw------- 1 dsp dsp 2.0G Jul 27 22:58 /data/TRANSIENT_BUFFER/PDR_GULP_data000.pcap_27_07_2026_22_58_1785173297.PCAP_PDR
-rw------- 1 dsp dsp 2.0G Jul 27 22:58 /data/TRANSIENT_BUFFER/PDR_GULP_data001.pcap_27_07_2026_22_58_1785173326.PCAP_PDR
-rw------- 1 dsp dsp 2.0G Jul 27 22:59 /data/TRANSIENT_BUFFER/PDR_GULP_data002.pcap_27_07_2026_22_59_1785173356.PCAP_PDR
-rw------- 1 dsp dsp 2.0G Jul 27 22:59 /data/TRANSIENT_BUFFER/PDR_GULP_data000.pcap_27_07_2026_22_59_1785173385.PCAP_PDR
-rw------- 1 dsp dsp 2.0G Jul 27 23:00 /data/TRANSIENT_BUFFER/PDR_GULP_data001.pcap_27_07_2026_23_00_1785173414.PCAP_PDR
-rw------- 1 dsp dsp 2.0G Jul 27 23:00 /data/TRANSIENT_BUFFER/PDR_GULP_data002.pcap_27_07_2026_23_00_1785173443.PCAP_PDR
-rw------- 1 dsp dsp 2.0G Jul 27 23:01 /data/TRANSIENT_BUFFER/PDR_GULP_data000.pcap_27_07_2026_23_01_1785173472.PCAP_PDR
-rw------- 1 dsp dsp 2.0G Jul 27 23:01 /data/TRANSIENT_BUFFER/PDR_GULP_data001.pcap_27_07_2026_23_01_1785173502.PCAP_PDR
-rw------- 1 dsp dsp 2.0G Jul 27 23:02 /data/TRANSIENT_BUFFER/PDR_GULP_data002.pcap_27_07_2026_23_02_1785173531.PCAP_PDR
-rw------- 1 dsp dsp 2.0G Jul 27 23:02 /data/TRANSIENT_BUFFER/PDR_GULP_data000.pcap_27_07_2026_23_02_1785173560.PCAP_PDR
-rw------- 1 dsp dsp 2.0G Jul 27 23:03 /data/TRANSIENT_BUFFER/PDR_GULP_data001.pcap_27_07_2026_23_03_1785173589.PCAP_PDR
-rw------- 1 dsp dsp 2.0G Jul 27 23:03 /data/TRANSIENT_BUFFER/PDR_GULP_data002.pcap_27_07_2026_23_03_1785173619.PCAP_PDR
-rw------- 1 dsp dsp 2.0G Jul 27 23:04 /data/TRANSIENT_BUFFER/PDR_GULP_data000.pcap_27_07_2026_23_04_1785173648.PCAP_PDR
-rw------- 1 dsp dsp 2.0G Jul 27 23:04 /data/TRANSIENT_BUFFER/PDR_GULP_data001.pcap_27_07_2026_23_04_1785173677.PCAP_PDR
-rw------- 1 dsp dsp 2.0G Jul 27 23:05 /data/TRANSIENT_BUFFER/PDR_GULP_data002.pcap_27_07_2026_23_05_1785173706.PCAP_PDR
-rw------- 1 dsp dsp 2.0G Jul 27 23:05 /data/TRANSIENT_BUFFER/PDR_GULP_data000.pcap_27_07_2026_23_05_1785173735.PCAP_PDR
-rw------- 1 dsp dsp 2.0G Jul 27 23:06 /data/TRANSIENT_BUFFER/PDR_GULP_data001.pcap_27_07_2026_23_06_1785173765.PCAP_PDR
-rw------- 1 dsp dsp 2.0G Jul 27 23:06 /data/TRANSIENT_BUFFER/PDR_GULP_data002.pcap_27_07_2026_23_06_1785173794.PCAP_PDR
-rw------- 1 dsp dsp 2.0G Jul 27 23:07 /data/TRANSIENT_BUFFER/PDR_GULP_data000.pcap_27_07_2026_23_07_1785173823.PCAP_PDR
-rw------- 1 dsp dsp 2.0G Jul 27 23:07 /data/TRANSIENT_BUFFER/PDR_GULP_data001.pcap_27_07_2026_23_07_1785173852.PCAP_PDR
-rw------- 1 dsp dsp 2.0G Jul 27 23:07 /data/TRANSIENT_BUFFER/PDR_GULP_data002.pcap_27_07_2026_23_08_1785173881.PCAP_PDR
-rw------- 1 dsp dsp 2.0G Jul 27 23:08 /data/TRANSIENT_BUFFER/PDR_GULP_data000.pcap_27_07_2026_23_08_1785173911.PCAP_PDR
-rw------- 1 dsp dsp 2.0G Jul 27 23:08 /data/TRANSIENT_BUFFER/PDR_GULP_data001.pcap_27_07_2026_23_09_1785173940.PCAP_PDR
-rw------- 1 dsp dsp 2.0G Jul 27 23:09 /data/TRANSIENT_BUFFER/PDR_GULP_data002.pcap_27_07_2026_23_09_1785173969.PCAP_PDR
-rw------- 1 dsp dsp 2.0G Jul 27 23:09 /data/TRANSIENT_BUFFER/PDR_GULP_data000.pcap_27_07_2026_23_09_1785173998.PCAP_PDR
-rw------- 1 dsp dsp 2.0G Jul 27 23:10 /data/TRANSIENT_BUFFER/PDR_GULP_data001.pcap_27_07_2026_23_10_1785174027.PCAP_PDR
-rw------- 1 dsp dsp 2.0G Jul 27 23:10 /data/TRANSIENT_BUFFER/PDR_GULP_data002.pcap_27_07_2026_23_10_1785174057.PCAP_PDR
-rw------- 1 dsp dsp 2.0G Jul 27 23:11 /data/TRANSIENT_BUFFER/PDR_GULP_data000.pcap_27_07_2026_23_11_1785174086.PCAP_PDR
-rw------- 1 dsp dsp 2.0G Jul 27 23:11 /data/TRANSIENT_BUFFER/PDR_GULP_data001.pcap_27_07_2026_23_11_1785174115.PCAP_PDR
-rw------- 1 dsp dsp 2.0G Jul 27 23:12 /data/TRANSIENT_BUFFER/PDR_GULP_data002.pcap_27_07_2026_23_12_1785174144.PCAP_PDR
-rw------- 1 dsp dsp 2.0G Jul 27 23:12 /data/TRANSIENT_BUFFER/PDR_GULP_data000.pcap_27_07_2026_23_12_1785174173.PCAP_PDR
-rw------- 1 dsp dsp 2.0G Jul 27 23:13 /data/TRANSIENT_BUFFER/PDR_GULP_data001.pcap_27_07_2026_23_13_1785174203.PCAP_PDR
-rw------- 1 dsp dsp 2.0G Jul 27 23:13 /data/TRANSIENT_BUFFER/PDR_GULP_data002.pcap_27_07_2026_23_13_1785174232.PCAP_PDR
-rw------- 1 dsp dsp 2.0G Jul 27 23:14 /data/TRANSIENT_BUFFER/PDR_GULP_data000.pcap_27_07_2026_23_14_1785174261.PCAP_PDR
-rw------- 1 dsp dsp 2.0G Jul 27 23:14 /data/TRANSIENT_BUFFER/PDR_GULP_data001.pcap_27_07_2026_23_14_1785174290.PCAP_PDR
-rw------- 1 dsp dsp 2.0G Jul 27 23:15 /data/TRANSIENT_BUFFER/PDR_GULP_data002.pcap_27_07_2026_23_15_1785174319.PCAP_PDR
-rw------- 1 dsp dsp 2.0G Jul 27 23:15 /data/TRANSIENT_BUFFER/PDR_GULP_data000.pcap_27_07_2026_23_15_1785174349.PCAP_PDR
-rw------- 1 dsp dsp 2.0G Jul 27 23:16 /data/TRANSIENT_BUFFER/PDR_GULP_data001.pcap_27_07_2026_23_16_1785174378.PCAP_PDR
-rw------- 1 dsp dsp 2.0G Jul 27 23:16 /data/TRANSIENT_BUFFER/PDR_GULP_data002.pcap_27_07_2026_23_16_1785174407.PCAP_PDR
-rw------- 1 dsp dsp 2.0G Jul 27 23:17 /data/TRANSIENT_BUFFER/PDR_GULP_data000.pcap_27_07_2026_23_17_1785174436.PCAP_PDR
-rw------- 1 dsp dsp 2.0G Jul 27 23:17 /data/TRANSIENT_BUFFER/PDR_GULP_data001.pcap_27_07_2026_23_17_1785174466.PCAP_PDR
-rw------- 1 dsp dsp 2.0G Jul 27 23:18 /data/TRANSIENT_BUFFER/PDR_GULP_data002.pcap_27_07_2026_23_18_1785174495.PCAP_PDR
-rw------- 1 dsp dsp 2.0G Jul 27 23:18 /data/TRANSIENT_BUFFER/PDR_GULP_data000.pcap_27_07_2026_23_18_1785174524.PCAP_PDR
-rw------- 1 dsp dsp 2.0G Jul 27 23:19 /data/TRANSIENT_BUFFER/PDR_GULP_data001.pcap_27_07_2026_23_19_1785174553.PCAP_PDR
-rw------- 1 dsp dsp 2.0G Jul 27 23:19 /data/TRANSIENT_BUFFER/PDR_GULP_data002.pcap_27_07_2026_23_19_1785174582.PCAP_PDR
-rw------- 1 dsp dsp 2.0G Jul 27 23:20 /data/TRANSIENT_BUFFER/PDR_GULP_data000.pcap_27_07_2026_23_20_1785174612.PCAP_PDR
-rw------- 1 dsp dsp 2.0G Jul 27 23:20 /data/TRANSIENT_BUFFER/PDR_GULP_data001.pcap_27_07_2026_23_20_1785174641.PCAP_PDR
-rw------- 1 dsp dsp 2.0G Jul 27 23:21 /data/TRANSIENT_BUFFER/PDR_GULP_data002.pcap_27_07_2026_23_21_1785174670.PCAP_PDR
-rw------- 1 dsp dsp 2.0G Jul 27 23:21 /data/TRANSIENT_BUFFER/PDR_GULP_data000.pcap_27_07_2026_23_21_1785174699.PCAP_PDR
-rw------- 1 dsp dsp 2.0G Jul 27 23:22 /data/TRANSIENT_BUFFER/PDR_GULP_data001.pcap_27_07_2026_23_22_1785174728.PCAP_PDR
-rw------- 1 dsp dsp 2.0G Jul 27 23:22 /data/TRANSIENT_BUFFER/PDR_GULP_data002.pcap_27_07_2026_23_22_1785174758.PCAP_PDR
-rw------- 1 dsp dsp 2.0G Jul 27 23:23 /data/TRANSIENT_BUFFER/PDR_GULP_data000.pcap_27_07_2026_23_23_1785174787.PCAP_PDR
-rw------- 1 dsp dsp 2.0G Jul 27 23:23 /data/TRANSIENT_BUFFER/PDR_GULP_data001.pcap_27_07_2026_23_23_1785174816.PCAP_PDR
-rw------- 1 dsp dsp 2.0G Jul 27 23:24 /data/TRANSIENT_BUFFER/PDR_GULP_data002.pcap_27_07_2026_23_24_1785174845.PCAP_PDR
-rw------- 1 dsp dsp 2.0G Jul 27 23:24 /data/TRANSIENT_BUFFER/PDR_GULP_data000.pcap_27_07_2026_23_24_1785174874.PCAP_PDR
-rw------- 1 dsp dsp 2.0G Jul 27 23:25 /data/TRANSIENT_BUFFER/PDR_GULP_data001.pcap_27_07_2026_23_25_1785174904.PCAP_PDR
-rw------- 1 dsp dsp 2.0G Jul 27 23:25 /data/TRANSIENT_BUFFER/PDR_GULP_data002.pcap_27_07_2026_23_25_1785174933.PCAP_PDR
-rw------- 1 dsp dsp 2.0G Jul 27 23:25 /data/TRANSIENT_BUFFER/PDR_GULP_data000.pcap_27_07_2026_23_26_1785174962.PCAP_PDR
-rw------- 1 dsp dsp 2.0G Jul 27 23:26 /data/TRANSIENT_BUFFER/PDR_GULP_data001.pcap_27_07_2026_23_26_1785174991.PCAP_PDR
-rw------- 1 dsp dsp 2.0G Jul 27 23:26 /data/TRANSIENT_BUFFER/PDR_GULP_data002.pcap_27_07_2026_23_27_1785175020.PCAP_PDR
-rw------- 1 dsp dsp 2.0G Jul 27 23:27 /data/TRANSIENT_BUFFER/PDR_GULP_data000.pcap_27_07_2026_23_27_1785175050.PCAP_PDR
-rw------- 1 dsp dsp 2.0G Jul 27 23:27 /data/TRANSIENT_BUFFER/PDR_GULP_data001.pcap_27_07_2026_23_27_1785175079.PCAP_PDR
-rw------- 1 dsp dsp 2.0G Jul 27 23:28 /data/TRANSIENT_BUFFER/PDR_GULP_data002.pcap_27_07_2026_23_28_1785175108.PCAP_PDR
-rw------- 1 dsp dsp 2.0G Jul 27 23:28 /data/TRANSIENT_BUFFER/PDR_GULP_data000.pcap_27_07_2026_23_28_1785175137.PCAP_PDR
-rw------- 1 dsp dsp 2.0G Jul 27 23:29 /data/TRANSIENT_BUFFER/PDR_GULP_data001.pcap_27_07_2026_23_29_1785175167.PCAP_PDR
-rw------- 1 dsp dsp 2.0G Jul 27 23:29 /data/TRANSIENT_BUFFER/PDR_GULP_data002.pcap_27_07_2026_23_29_1785175196.PCAP_PDR
-rw------- 1 dsp dsp 2.0G Jul 27 23:30 /data/TRANSIENT_BUFFER/PDR_GULP_data000.pcap_27_07_2026_23_30_1785175225.PCAP_PDR
-rw------- 1 dsp dsp 2.0G Jul 27 23:30 /data/TRANSIENT_BUFFER/PDR_GULP_data001.pcap_27_07_2026_23_30_1785175254.PCAP_PDR
-rw------- 1 dsp dsp 2.0G Jul 27 23:31 /data/TRANSIENT_BUFFER/PDR_GULP_data002.pcap_27_07_2026_23_31_1785175283.PCAP_PDR
-rw------- 1 dsp dsp 2.0G Jul 27 23:31 /data/TRANSIENT_BUFFER/PDR_GULP_data000.pcap_27_07_2026_23_31_1785175313.PCAP_PDR
-rw------- 1 dsp dsp 2.0G Jul 27 23:32 /data/TRANSIENT_BUFFER/PDR_GULP_data001.pcap_27_07_2026_23_32_1785175342.PCAP_PDR
-rw------- 1 dsp dsp 2.0G Jul 27 23:32 /data/TRANSIENT_BUFFER/PDR_GULP_data002.pcap_27_07_2026_23_32_1785175371.PCAP_PDR
-rw------- 1 dsp dsp 2.0G Jul 27 23:33 /data/TRANSIENT_BUFFER/PDR_GULP_data000.pcap_27_07_2026_23_33_1785175400.PCAP_PDR
-rw------- 1 dsp dsp 2.0G Jul 27 23:33 /data/TRANSIENT_BUFFER/PDR_GULP_data001.pcap_27_07_2026_23_33_1785175429.PCAP_PDR
-rw------- 1 dsp dsp 2.0G Jul 27 23:34 /data/TRANSIENT_BUFFER/PDR_GULP_data002.pcap_27_07_2026_23_34_1785175459.PCAP_PDR
-rw------- 1 dsp dsp 2.0G Jul 27 23:34 /data/TRANSIENT_BUFFER/PDR_GULP_data000.pcap_27_07_2026_23_34_1785175488.PCAP_PDR
-rw------- 1 dsp dsp 2.0G Jul 27 23:35 /data/TRANSIENT_BUFFER/PDR_GULP_data001.pcap_27_07_2026_23_35_1785175517.PCAP_PDR
-rw------- 1 dsp dsp 2.0G Jul 27 23:35 /data/TRANSIENT_BUFFER/PDR_GULP_data002.pcap_27_07_2026_23_35_1785175546.PCAP_PDR
-rw------- 1 dsp dsp 2.0G Jul 27 23:36 /data/TRANSIENT_BUFFER/PDR_GULP_data000.pcap_27_07_2026_23_36_1785175575.PCAP_PDR
-rw------- 1 dsp dsp 2.0G Jul 27 23:36 /data/TRANSIENT_BUFFER/PDR_GULP_data001.pcap_27_07_2026_23_36_1785175605.PCAP_PDR
-rw------- 1 dsp dsp 2.0G Jul 27 23:37 /data/TRANSIENT_BUFFER/PDR_GULP_data002.pcap_27_07_2026_23_37_1785175634.PCAP_PDR
-rw------- 1 dsp dsp 2.0G Jul 27 23:37 /data/TRANSIENT_BUFFER/PDR_GULP_data000.pcap_27_07_2026_23_37_1785175663.PCAP_PDR
-rw------- 1 dsp dsp 2.0G Jul 27 23:38 /data/TRANSIENT_BUFFER/PDR_GULP_data001.pcap_27_07_2026_23_38_1785175692.PCAP_PDR
-rw------- 1 dsp dsp 2.0G Jul 27 23:38 /data/TRANSIENT_BUFFER/PDR_GULP_data002.pcap_27_07_2026_23_38_1785175721.PCAP_PDR
-rw------- 1 dsp dsp 2.0G Jul 27 23:39 /data/TRANSIENT_BUFFER/PDR_GULP_data000.pcap_27_07_2026_23_39_1785175751.PCAP_PDR
-rw------- 1 dsp dsp 2.0G Jul 27 23:39 /data/TRANSIENT_BUFFER/PDR_GULP_data001.pcap_27_07_2026_23_39_1785175780.PCAP_PDR
-rw------- 1 dsp dsp 2.0G Jul 27 23:40 /data/TRANSIENT_BUFFER/PDR_GULP_data002.pcap_27_07_2026_23_40_1785175809.PCAP_PDR
-rw------- 1 dsp dsp 2.0G Jul 27 23:40 /data/TRANSIENT_BUFFER/PDR_GULP_data000.pcap_27_07_2026_23_40_1785175838.PCAP_PDR
-rw------- 1 dsp dsp 2.0G Jul 27 23:41 /data/TRANSIENT_BUFFER/PDR_GULP_data001.pcap_27_07_2026_23_41_1785175868.PCAP_PDR
-rw------- 1 dsp dsp 2.0G Jul 27 23:41 /data/TRANSIENT_BUFFER/PDR_GULP_data002.pcap_27_07_2026_23_41_1785175897.PCAP_PDR
-rw------- 1 dsp dsp 2.0G Jul 27 23:42 /data/TRANSIENT_BUFFER/PDR_GULP_data000.pcap_27_07_2026_23_42_1785175926.PCAP_PDR
-rw------- 1 dsp dsp 2.0G Jul 27 23:42 /data/TRANSIENT_BUFFER/PDR_GULP_data001.pcap_27_07_2026_23_42_1785175955.PCAP_PDR
-rw------- 1 dsp dsp 2.0G Jul 27 23:43 /data/TRANSIENT_BUFFER/PDR_GULP_data002.pcap_27_07_2026_23_43_1785175984.PCAP_PDR
-rw------- 1 dsp dsp 2.0G Jul 27 23:43 /data/TRANSIENT_BUFFER/PDR_GULP_data000.pcap_27_07_2026_23_43_1785176014.PCAP_PDR
-rw------- 1 dsp dsp 2.0G Jul 27 23:44 /data/TRANSIENT_BUFFER/PDR_GULP_data001.pcap_27_07_2026_23_44_1785176043.PCAP_PDR
27-07-2026 23:44 RAW PCAP data moved from Transient Buffer.
27-07-2026 23:44 SLIP check Started ...
27-07-2026 23:44 - WARNING - Data Directory: /data/dsp/GBD_TRANSIENT_BUFFER/J1921+2153/27_07_2026
27-07-2026 23:44 - WARNING - Number of Files: 100
27-07-2026 23:44 - WARNING - No packet loss: /data/dsp/GBD_TRANSIENT_BUFFER/J1921+2153/27_07_2026/PDR_GULP_data001.pcap_27_07_2026_22_55_1785173151.PCAP_PDR
27-07-2026 23:44 - WARNING - first_pkt_count, first_gps_count, first_pkt_Tstamp
27-07-2026 23:44 - WARNING - 2013910081 36751 2026-07-27T17:25:19.474809
27-07-2026 23:44 - WARNING - last_pkt_count, last_gps_count, last_pkt_Tstamp
27-07-2026 23:44 - WARNING - 2015792622 36780 2026-07-27T17:25:48.682779
27-07-2026 23:44 - WARNING - diff_pkt_count  , diff_gps_count ,  diff_pkt_timstamp
27-07-2026 23:44 - WARNING - 1882541 29 29207970 microseconds
27-07-2026 23:44 - WARNING - No packet loss: /data/dsp/GBD_TRANSIENT_BUFFER/J1921+2153/27_07_2026/PDR_GULP_data002.pcap_27_07_2026_22_56_1785173180.PCAP_PDR
27-07-2026 23:44 - WARNING - first_pkt_count, first_gps_count, first_pkt_Tstamp
27-07-2026 23:44 - WARNING - 2015792623 36780 2026-07-27T17:25:48.682779
27-07-2026 23:44 - WARNING - last_pkt_count, last_gps_count, last_pkt_Tstamp
27-07-2026 23:44 - WARNING - 2017675164 36809 2026-07-27T17:26:17.890839
27-07-2026 23:44 - WARNING - diff_pkt_count  , diff_gps_count ,  diff_pkt_timstamp
27-07-2026 23:44 - WARNING - 1882541 29 29208060 microseconds
27-07-2026 23:44 - WARNING - No packet loss: /data/dsp/GBD_TRANSIENT_BUFFER/J1921+2153/27_07_2026/PDR_GULP_data000.pcap_27_07_2026_22_56_1785173210.PCAP_PDR
27-07-2026 23:44 - WARNING - first_pkt_count, first_gps_count, first_pkt_Tstamp
27-07-2026 23:44 - WARNING - 2017675165 36809 2026-07-27T17:26:17.890839
27-07-2026 23:44 - WARNING - last_pkt_count, last_gps_count, last_pkt_Tstamp
27-07-2026 23:44 - WARNING - 2019557706 36839 2026-07-27T17:26:47.098864
27-07-2026 23:44 - WARNING - diff_pkt_count  , diff_gps_count ,  diff_pkt_timstamp
27-07-2026 23:44 - WARNING - 1882541 30 29208025 microseconds
27-07-2026 23:44 - WARNING - No packet loss: /data/dsp/GBD_TRANSIENT_BUFFER/J1921+2153/27_07_2026/PDR_GULP_data001.pcap_27_07_2026_22_57_1785173239.PCAP_PDR
27-07-2026 23:44 - WARNING - first_pkt_count, first_gps_count, first_pkt_Tstamp
27-07-2026 23:44 - WARNING - 2019557707 36839 2026-07-27T17:26:47.098865
27-07-2026 23:44 - WARNING - last_pkt_count, last_gps_count, last_pkt_Tstamp
27-07-2026 23:44 - WARNING - 2021440249 36868 2026-07-27T17:27:16.306868
27-07-2026 23:44 - WARNING - diff_pkt_count  , diff_gps_count ,  diff_pkt_timstamp
27-07-2026 23:44 - WARNING - 1882542 29 29208003 microseconds
27-07-2026 23:44 - WARNING - No packet loss: /data/dsp/GBD_TRANSIENT_BUFFER/J1921+2153/27_07_2026/PDR_GULP_data002.pcap_27_07_2026_22_57_1785173268.PCAP_PDR
27-07-2026 23:44 - WARNING - first_pkt_count, first_gps_count, first_pkt_Tstamp
27-07-2026 23:44 - WARNING - 2021440250 36868 2026-07-27T17:27:16.306950
27-07-2026 23:44 - WARNING - last_pkt_count, last_gps_count, last_pkt_Tstamp
27-07-2026 23:44 - WARNING - 2023322791 36897 2026-07-27T17:27:45.514867
27-07-2026 23:44 - WARNING - diff_pkt_count  , diff_gps_count ,  diff_pkt_timstamp
27-07-2026 23:44 - WARNING - 1882541 29 29207917 microseconds
27-07-2026 23:44 - WARNING - No packet loss: /data/dsp/GBD_TRANSIENT_BUFFER/J1921+2153/27_07_2026/PDR_GULP_data000.pcap_27_07_2026_22_58_1785173297.PCAP_PDR
27-07-2026 23:44 - WARNING - first_pkt_count, first_gps_count, first_pkt_Tstamp
27-07-2026 23:44 - WARNING - 2023322792 36897 2026-07-27T17:27:45.514954
27-07-2026 23:44 - WARNING - last_pkt_count, last_gps_count, last_pkt_Tstamp
27-07-2026 23:44 - WARNING - 2025205333 36926 2026-07-27T17:28:14.722894
27-07-2026 23:44 - WARNING - diff_pkt_count  , diff_gps_count ,  diff_pkt_timstamp
27-07-2026 23:44 - WARNING - 1882541 29 29207940 microseconds
27-07-2026 23:44 - WARNING - No packet loss: /data/dsp/GBD_TRANSIENT_BUFFER/J1921+2153/27_07_2026/PDR_GULP_data001.pcap_27_07_2026_22_58_1785173326.PCAP_PDR
27-07-2026 23:44 - WARNING - first_pkt_count, first_gps_count, first_pkt_Tstamp
27-07-2026 23:44 - WARNING - 2025205334 36926 2026-07-27T17:28:14.722895
27-07-2026 23:44 - WARNING - last_pkt_count, last_gps_count, last_pkt_Tstamp
27-07-2026 23:44 - WARNING - 2027087875 36955 2026-07-27T17:28:43.930907
27-07-2026 23:44 - WARNING - diff_pkt_count  , diff_gps_count ,  diff_pkt_timstamp
27-07-2026 23:44 - WARNING - 1882541 29 29208012 microseconds
27-07-2026 23:44 - WARNING - No packet loss: /data/dsp/GBD_TRANSIENT_BUFFER/J1921+2153/27_07_2026/PDR_GULP_data002.pcap_27_07_2026_22_59_1785173356.PCAP_PDR
27-07-2026 23:44 - WARNING - first_pkt_count, first_gps_count, first_pkt_Tstamp
27-07-2026 23:44 - WARNING - 2027087876 36955 2026-07-27T17:28:43.930907
27-07-2026 23:44 - WARNING - last_pkt_count, last_gps_count, last_pkt_Tstamp
27-07-2026 23:44 - WARNING - 2028970417 36985 2026-07-27T17:29:13.138933
27-07-2026 23:44 - WARNING - diff_pkt_count  , diff_gps_count ,  diff_pkt_timstamp
27-07-2026 23:44 - WARNING - 1882541 30 29208026 microseconds
27-07-2026 23:44 - WARNING - No packet loss: /data/dsp/GBD_TRANSIENT_BUFFER/J1921+2153/27_07_2026/PDR_GULP_data000.pcap_27_07_2026_22_59_1785173385.PCAP_PDR
27-07-2026 23:44 - WARNING - first_pkt_count, first_gps_count, first_pkt_Tstamp
27-07-2026 23:44 - WARNING - 2028970418 36985 2026-07-27T17:29:13.139013
27-07-2026 23:44 - WARNING - last_pkt_count, last_gps_count, last_pkt_Tstamp
27-07-2026 23:44 - WARNING - 2030852960 37014 2026-07-27T17:29:42.346976
27-07-2026 23:44 - WARNING - diff_pkt_count  , diff_gps_count ,  diff_pkt_timstamp
27-07-2026 23:44 - WARNING - 1882542 29 29207963 microseconds
27-07-2026 23:44 - WARNING - No packet loss: /data/dsp/GBD_TRANSIENT_BUFFER/J1921+2153/27_07_2026/PDR_GULP_data001.pcap_27_07_2026_23_00_1785173414.PCAP_PDR
27-07-2026 23:44 - WARNING - first_pkt_count, first_gps_count, first_pkt_Tstamp
27-07-2026 23:44 - WARNING - 2030852961 37014 2026-07-27T17:29:42.346976
27-07-2026 23:44 - WARNING - last_pkt_count, last_gps_count, last_pkt_Tstamp
27-07-2026 23:44 - WARNING - 2032735502 37043 2026-07-27T17:30:11.554972
27-07-2026 23:44 - WARNING - diff_pkt_count  , diff_gps_count ,  diff_pkt_timstamp
27-07-2026 23:44 - WARNING - 1882541 29 29207996 microseconds
27-07-2026 23:44 - WARNING - No packet loss: /data/dsp/GBD_TRANSIENT_BUFFER/J1921+2153/27_07_2026/PDR_GULP_data002.pcap_27_07_2026_23_00_1785173443.PCAP_PDR
27-07-2026 23:44 - WARNING - first_pkt_count, first_gps_count, first_pkt_Tstamp
27-07-2026 23:44 - WARNING - 2032735503 37043 2026-07-27T17:30:11.554972
27-07-2026 23:44 - WARNING - last_pkt_count, last_gps_count, last_pkt_Tstamp
27-07-2026 23:44 - WARNING - 2034618044 37072 2026-07-27T17:30:40.762977
27-07-2026 23:44 - WARNING - diff_pkt_count  , diff_gps_count ,  diff_pkt_timstamp
27-07-2026 23:44 - WARNING - 1882541 29 29208005 microseconds
27-07-2026 23:44 - WARNING - No packet loss: /data/dsp/GBD_TRANSIENT_BUFFER/J1921+2153/27_07_2026/PDR_GULP_data000.pcap_27_07_2026_23_01_1785173472.PCAP_PDR
27-07-2026 23:44 - WARNING - first_pkt_count, first_gps_count, first_pkt_Tstamp
27-07-2026 23:44 - WARNING - 2034618045 37072 2026-07-27T17:30:40.762977
27-07-2026 23:44 - WARNING - last_pkt_count, last_gps_count, last_pkt_Tstamp
27-07-2026 23:44 - WARNING - 2036500586 37101 2026-07-27T17:31:09.970946
27-07-2026 23:44 - WARNING - diff_pkt_count  , diff_gps_count ,  diff_pkt_timstamp
27-07-2026 23:44 - WARNING - 1882541 29 29207969 microseconds
27-07-2026 23:44 - WARNING - No packet loss: /data/dsp/GBD_TRANSIENT_BUFFER/J1921+2153/27_07_2026/PDR_GULP_data001.pcap_27_07_2026_23_01_1785173502.PCAP_PDR
27-07-2026 23:44 - WARNING - first_pkt_count, first_gps_count, first_pkt_Tstamp
27-07-2026 23:44 - WARNING - 2036500587 37101 2026-07-27T17:31:09.970999
27-07-2026 23:44 - WARNING - last_pkt_count, last_gps_count, last_pkt_Tstamp
27-07-2026 23:44 - WARNING - 2038383128 37131 2026-07-27T17:31:39.178954
27-07-2026 23:44 - WARNING - diff_pkt_count  , diff_gps_count ,  diff_pkt_timstamp
27-07-2026 23:44 - WARNING - 1882541 30 29207955 microseconds
27-07-2026 23:44 - WARNING - No packet loss: /data/dsp/GBD_TRANSIENT_BUFFER/J1921+2153/27_07_2026/PDR_GULP_data002.pcap_27_07_2026_23_02_1785173531.PCAP_PDR
27-07-2026 23:44 - WARNING - first_pkt_count, first_gps_count, first_pkt_Tstamp
27-07-2026 23:44 - WARNING - 2038383129 37131 2026-07-27T17:31:39.178955
27-07-2026 23:44 - WARNING - last_pkt_count, last_gps_count, last_pkt_Tstamp
27-07-2026 23:44 - WARNING - 2040265670 37160 2026-07-27T17:32:08.386936
27-07-2026 23:44 - WARNING - diff_pkt_count  , diff_gps_count ,  diff_pkt_timstamp
27-07-2026 23:44 - WARNING - 1882541 29 29207981 microseconds
27-07-2026 23:44 - WARNING - No packet loss: /data/dsp/GBD_TRANSIENT_BUFFER/J1921+2153/27_07_2026/PDR_GULP_data000.pcap_27_07_2026_23_02_1785173560.PCAP_PDR
27-07-2026 23:44 - WARNING - first_pkt_count, first_gps_count, first_pkt_Tstamp
27-07-2026 23:44 - WARNING - 2040265671 37160 2026-07-27T17:32:08.386936
27-07-2026 23:44 - WARNING - last_pkt_count, last_gps_count, last_pkt_Tstamp
27-07-2026 23:44 - WARNING - 2042148213 37189 2026-07-27T17:32:37.594916
27-07-2026 23:44 - WARNING - diff_pkt_count  , diff_gps_count ,  diff_pkt_timstamp
27-07-2026 23:44 - WARNING - 1882542 29 29207980 microseconds
27-07-2026 23:44 - WARNING - No packet loss: /data/dsp/GBD_TRANSIENT_BUFFER/J1921+2153/27_07_2026/PDR_GULP_data001.pcap_27_07_2026_23_03_1785173589.PCAP_PDR
27-07-2026 23:44 - WARNING - first_pkt_count, first_gps_count, first_pkt_Tstamp
27-07-2026 23:44 - WARNING - 2042148214 37189 2026-07-27T17:32:37.594970
27-07-2026 23:44 - WARNING - last_pkt_count, last_gps_count, last_pkt_Tstamp
27-07-2026 23:44 - WARNING - 2044030755 37218 2026-07-27T17:33:06.802906
27-07-2026 23:44 - WARNING - diff_pkt_count  , diff_gps_count ,  diff_pkt_timstamp
27-07-2026 23:44 - WARNING - 1882541 29 29207936 microseconds
27-07-2026 23:44 - WARNING - No packet loss: /data/dsp/GBD_TRANSIENT_BUFFER/J1921+2153/27_07_2026/PDR_GULP_data002.pcap_27_07_2026_23_03_1785173619.PCAP_PDR
27-07-2026 23:44 - WARNING - first_pkt_count, first_gps_count, first_pkt_Tstamp
27-07-2026 23:44 - WARNING - 2044030756 37218 2026-07-27T17:33:06.802958
27-07-2026 23:44 - WARNING - last_pkt_count, last_gps_count, last_pkt_Tstamp
27-07-2026 23:44 - WARNING - 2045913297 37247 2026-07-27T17:33:36.010893
27-07-2026 23:44 - WARNING - diff_pkt_count  , diff_gps_count ,  diff_pkt_timstamp
27-07-2026 23:44 - WARNING - 1882541 29 29207935 microseconds
27-07-2026 23:44 - WARNING - No packet loss: /data/dsp/GBD_TRANSIENT_BUFFER/J1921+2153/27_07_2026/PDR_GULP_data000.pcap_27_07_2026_23_04_1785173648.PCAP_PDR
27-07-2026 23:44 - WARNING - first_pkt_count, first_gps_count, first_pkt_Tstamp
27-07-2026 23:44 - WARNING - 2045913298 37247 2026-07-27T17:33:36.010946
27-07-2026 23:44 - WARNING - last_pkt_count, last_gps_count, last_pkt_Tstamp
27-07-2026 23:44 - WARNING - 2047795839 37277 2026-07-27T17:34:05.218895
27-07-2026 23:44 - WARNING - diff_pkt_count  , diff_gps_count ,  diff_pkt_timstamp
27-07-2026 23:44 - WARNING - 1882541 30 29207949 microseconds
27-07-2026 23:44 - WARNING - No packet loss: /data/dsp/GBD_TRANSIENT_BUFFER/J1921+2153/27_07_2026/PDR_GULP_data001.pcap_27_07_2026_23_04_1785173677.PCAP_PDR
27-07-2026 23:44 - WARNING - first_pkt_count, first_gps_count, first_pkt_Tstamp
27-07-2026 23:44 - WARNING - 2047795840 37277 2026-07-27T17:34:05.218895
27-07-2026 23:44 - WARNING - last_pkt_count, last_gps_count, last_pkt_Tstamp
27-07-2026 23:44 - WARNING - 2049678381 37306 2026-07-27T17:34:34.426858
27-07-2026 23:44 - WARNING - diff_pkt_count  , diff_gps_count ,  diff_pkt_timstamp
27-07-2026 23:44 - WARNING - 1882541 29 29207963 microseconds
27-07-2026 23:44 - WARNING - No packet loss: /data/dsp/GBD_TRANSIENT_BUFFER/J1921+2153/27_07_2026/PDR_GULP_data002.pcap_27_07_2026_23_05_1785173706.PCAP_PDR
27-07-2026 23:44 - WARNING - first_pkt_count, first_gps_count, first_pkt_Tstamp
27-07-2026 23:44 - WARNING - 2049678382 37306 2026-07-27T17:34:34.426858
27-07-2026 23:44 - WARNING - last_pkt_count, last_gps_count, last_pkt_Tstamp
27-07-2026 23:44 - WARNING - 2051560923 37335 2026-07-27T17:35:03.634830
27-07-2026 23:44 - WARNING - diff_pkt_count  , diff_gps_count ,  diff_pkt_timstamp
27-07-2026 23:44 - WARNING - 1882541 29 29207972 microseconds
27-07-2026 23:44 - WARNING - No packet loss: /data/dsp/GBD_TRANSIENT_BUFFER/J1921+2153/27_07_2026/PDR_GULP_data000.pcap_27_07_2026_23_05_1785173735.PCAP_PDR
27-07-2026 23:44 - WARNING - first_pkt_count, first_gps_count, first_pkt_Tstamp
27-07-2026 23:44 - WARNING - 2051560924 37335 2026-07-27T17:35:03.634830
27-07-2026 23:44 - WARNING - last_pkt_count, last_gps_count, last_pkt_Tstamp
27-07-2026 23:44 - WARNING - 2053443466 37364 2026-07-27T17:35:32.842835
27-07-2026 23:44 - WARNING - diff_pkt_count  , diff_gps_count ,  diff_pkt_timstamp
27-07-2026 23:44 - WARNING - 1882542 29 29208005 microseconds
27-07-2026 23:44 - WARNING - No packet loss: /data/dsp/GBD_TRANSIENT_BUFFER/J1921+2153/27_07_2026/PDR_GULP_data001.pcap_27_07_2026_23_06_1785173765.PCAP_PDR
27-07-2026 23:44 - WARNING - first_pkt_count, first_gps_count, first_pkt_Tstamp
27-07-2026 23:44 - WARNING - 2053443467 37364 2026-07-27T17:35:32.842835
27-07-2026 23:44 - WARNING - last_pkt_count, last_gps_count, last_pkt_Tstamp
27-07-2026 23:44 - WARNING - 2055326008 37394 2026-07-27T17:36:02.050803
27-07-2026 23:44 - WARNING - diff_pkt_count  , diff_gps_count ,  diff_pkt_timstamp
27-07-2026 23:44 - WARNING - 1882541 30 29207968 microseconds
27-07-2026 23:44 - WARNING - No packet loss: /data/dsp/GBD_TRANSIENT_BUFFER/J1921+2153/27_07_2026/PDR_GULP_data002.pcap_27_07_2026_23_06_1785173794.PCAP_PDR
27-07-2026 23:44 - WARNING - first_pkt_count, first_gps_count, first_pkt_Tstamp
27-07-2026 23:44 - WARNING - 2055326009 37394 2026-07-27T17:36:02.050804
27-07-2026 23:44 - WARNING - last_pkt_count, last_gps_count, last_pkt_Tstamp
27-07-2026 23:44 - WARNING - 2057208550 37423 2026-07-27T17:36:31.258436
27-07-2026 23:44 - WARNING - diff_pkt_count  , diff_gps_count ,  diff_pkt_timstamp
27-07-2026 23:44 - WARNING - 1882541 29 29207632 microseconds
27-07-2026 23:44 - WARNING - No packet loss: /data/dsp/GBD_TRANSIENT_BUFFER/J1921+2153/27_07_2026/PDR_GULP_data000.pcap_27_07_2026_23_07_1785173823.PCAP_PDR
27-07-2026 23:44 - WARNING - first_pkt_count, first_gps_count, first_pkt_Tstamp
27-07-2026 23:44 - WARNING - 2057208551 37423 2026-07-27T17:36:31.258486
27-07-2026 23:44 - WARNING - last_pkt_count, last_gps_count, last_pkt_Tstamp
27-07-2026 23:44 - WARNING - 2059091092 37452 2026-07-27T17:37:00.465986
27-07-2026 23:44 - WARNING - diff_pkt_count  , diff_gps_count ,  diff_pkt_timstamp
27-07-2026 23:44 - WARNING - 1882541 29 29207500 microseconds
27-07-2026 23:44 - WARNING - No packet loss: /data/dsp/GBD_TRANSIENT_BUFFER/J1921+2153/27_07_2026/PDR_GULP_data001.pcap_27_07_2026_23_07_1785173852.PCAP_PDR
27-07-2026 23:44 - WARNING - first_pkt_count, first_gps_count, first_pkt_Tstamp
27-07-2026 23:44 - WARNING - 2059091093 37452 2026-07-27T17:37:00.465986
27-07-2026 23:44 - WARNING - last_pkt_count, last_gps_count, last_pkt_Tstamp
27-07-2026 23:44 - WARNING - 2060973634 37481 2026-07-27T17:37:29.673504
27-07-2026 23:44 - WARNING - diff_pkt_count  , diff_gps_count ,  diff_pkt_timstamp
27-07-2026 23:44 - WARNING - 1882541 29 29207518 microseconds
27-07-2026 23:44 - WARNING - No packet loss: /data/dsp/GBD_TRANSIENT_BUFFER/J1921+2153/27_07_2026/PDR_GULP_data002.pcap_27_07_2026_23_08_1785173881.PCAP_PDR
27-07-2026 23:44 - WARNING - first_pkt_count, first_gps_count, first_pkt_Tstamp
27-07-2026 23:44 - WARNING - 2060973635 37481 2026-07-27T17:37:29.673504
27-07-2026 23:44 - WARNING - last_pkt_count, last_gps_count, last_pkt_Tstamp
27-07-2026 23:44 - WARNING - 2062856176 37510 2026-07-27T17:37:58.881066
27-07-2026 23:44 - WARNING - diff_pkt_count  , diff_gps_count ,  diff_pkt_timstamp
27-07-2026 23:44 - WARNING - 1882541 29 29207562 microseconds
27-07-2026 23:44 - WARNING - No packet loss: /data/dsp/GBD_TRANSIENT_BUFFER/J1921+2153/27_07_2026/PDR_GULP_data000.pcap_27_07_2026_23_08_1785173911.PCAP_PDR
27-07-2026 23:44 - WARNING - first_pkt_count, first_gps_count, first_pkt_Tstamp
27-07-2026 23:44 - WARNING - 2062856177 37510 2026-07-27T17:37:58.881066
27-07-2026 23:44 - WARNING - last_pkt_count, last_gps_count, last_pkt_Tstamp
27-07-2026 23:44 - WARNING - 2064738719 37540 2026-07-27T17:38:28.088702
27-07-2026 23:44 - WARNING - diff_pkt_count  , diff_gps_count ,  diff_pkt_timstamp
27-07-2026 23:44 - WARNING - 1882542 30 29207636 microseconds
27-07-2026 23:44 - WARNING - No packet loss: /data/dsp/GBD_TRANSIENT_BUFFER/J1921+2153/27_07_2026/PDR_GULP_data001.pcap_27_07_2026_23_09_1785173940.PCAP_PDR
27-07-2026 23:44 - WARNING - first_pkt_count, first_gps_count, first_pkt_Tstamp
27-07-2026 23:44 - WARNING - 2064738720 37540 2026-07-27T17:38:28.088702
27-07-2026 23:44 - WARNING - last_pkt_count, last_gps_count, last_pkt_Tstamp
27-07-2026 23:44 - WARNING - 2066621261 37569 2026-07-27T17:38:57.296236
27-07-2026 23:44 - WARNING - diff_pkt_count  , diff_gps_count ,  diff_pkt_timstamp
27-07-2026 23:44 - WARNING - 1882541 29 29207534 microseconds
27-07-2026 23:44 - WARNING - No packet loss: /data/dsp/GBD_TRANSIENT_BUFFER/J1921+2153/27_07_2026/PDR_GULP_data002.pcap_27_07_2026_23_09_1785173969.PCAP_PDR
27-07-2026 23:44 - WARNING - first_pkt_count, first_gps_count, first_pkt_Tstamp
27-07-2026 23:44 - WARNING - 2066621262 37569 2026-07-27T17:38:57.296323
27-07-2026 23:44 - WARNING - last_pkt_count, last_gps_count, last_pkt_Tstamp
27-07-2026 23:44 - WARNING - 2068503803 37598 2026-07-27T17:39:26.503887
27-07-2026 23:44 - WARNING - diff_pkt_count  , diff_gps_count ,  diff_pkt_timstamp
27-07-2026 23:44 - WARNING - 1882541 29 29207564 microseconds
27-07-2026 23:44 - WARNING - No packet loss: /data/dsp/GBD_TRANSIENT_BUFFER/J1921+2153/27_07_2026/PDR_GULP_data000.pcap_27_07_2026_23_09_1785173998.PCAP_PDR
27-07-2026 23:44 - WARNING - first_pkt_count, first_gps_count, first_pkt_Tstamp
27-07-2026 23:44 - WARNING - 2068503804 37598 2026-07-27T17:39:26.503887
27-07-2026 23:44 - WARNING - last_pkt_count, last_gps_count, last_pkt_Tstamp
27-07-2026 23:44 - WARNING - 2070386345 37627 2026-07-27T17:39:55.711446
27-07-2026 23:44 - WARNING - diff_pkt_count  , diff_gps_count ,  diff_pkt_timstamp
27-07-2026 23:44 - WARNING - 1882541 29 29207559 microseconds
27-07-2026 23:44 - WARNING - No packet loss: /data/dsp/GBD_TRANSIENT_BUFFER/J1921+2153/27_07_2026/PDR_GULP_data001.pcap_27_07_2026_23_10_1785174027.PCAP_PDR
27-07-2026 23:44 - WARNING - first_pkt_count, first_gps_count, first_pkt_Tstamp
27-07-2026 23:44 - WARNING - 2070386346 37627 2026-07-27T17:39:55.711512
27-07-2026 23:44 - WARNING - last_pkt_count, last_gps_count, last_pkt_Tstamp
27-07-2026 23:44 - WARNING - 2072268887 37656 2026-07-27T17:40:24.919113
27-07-2026 23:44 - WARNING - diff_pkt_count  , diff_gps_count ,  diff_pkt_timstamp
27-07-2026 23:44 - WARNING - 1882541 29 29207601 microseconds
27-07-2026 23:44 - WARNING - No packet loss: /data/dsp/GBD_TRANSIENT_BUFFER/J1921+2153/27_07_2026/PDR_GULP_data002.pcap_27_07_2026_23_10_1785174057.PCAP_PDR
27-07-2026 23:44 - WARNING - first_pkt_count, first_gps_count, first_pkt_Tstamp
27-07-2026 23:44 - WARNING - 2072268888 37656 2026-07-27T17:40:24.919113
27-07-2026 23:44 - WARNING - last_pkt_count, last_gps_count, last_pkt_Tstamp
27-07-2026 23:44 - WARNING - 2074151429 37686 2026-07-27T17:40:54.126782
27-07-2026 23:44 - WARNING - diff_pkt_count  , diff_gps_count ,  diff_pkt_timstamp
27-07-2026 23:44 - WARNING - 1882541 30 29207669 microseconds
27-07-2026 23:44 - WARNING - No packet loss: /data/dsp/GBD_TRANSIENT_BUFFER/J1921+2153/27_07_2026/PDR_GULP_data000.pcap_27_07_2026_23_11_1785174086.PCAP_PDR
27-07-2026 23:44 - WARNING - first_pkt_count, first_gps_count, first_pkt_Tstamp
27-07-2026 23:44 - WARNING - 2074151430 37686 2026-07-27T17:40:54.126783
27-07-2026 23:44 - WARNING - last_pkt_count, last_gps_count, last_pkt_Tstamp
27-07-2026 23:44 - WARNING - 2076033972 37715 2026-07-27T17:41:23.334461
27-07-2026 23:44 - WARNING - diff_pkt_count  , diff_gps_count ,  diff_pkt_timstamp
27-07-2026 23:44 - WARNING - 1882542 29 29207678 microseconds
27-07-2026 23:44 - WARNING - No packet loss: /data/dsp/GBD_TRANSIENT_BUFFER/J1921+2153/27_07_2026/PDR_GULP_data001.pcap_27_07_2026_23_11_1785174115.PCAP_PDR
27-07-2026 23:44 - WARNING - first_pkt_count, first_gps_count, first_pkt_Tstamp
27-07-2026 23:44 - WARNING - 2076033973 37715 2026-07-27T17:41:23.334461
27-07-2026 23:44 - WARNING - last_pkt_count, last_gps_count, last_pkt_Tstamp
27-07-2026 23:44 - WARNING - 2077916514 37744 2026-07-27T17:41:52.542119
27-07-2026 23:44 - WARNING - diff_pkt_count  , diff_gps_count ,  diff_pkt_timstamp
27-07-2026 23:44 - WARNING - 1882541 29 29207658 microseconds
27-07-2026 23:44 - WARNING - No packet loss: /data/dsp/GBD_TRANSIENT_BUFFER/J1921+2153/27_07_2026/PDR_GULP_data002.pcap_27_07_2026_23_12_1785174144.PCAP_PDR
27-07-2026 23:44 - WARNING - first_pkt_count, first_gps_count, first_pkt_Tstamp
27-07-2026 23:44 - WARNING - 2077916515 37744 2026-07-27T17:41:52.542198
27-07-2026 23:44 - WARNING - last_pkt_count, last_gps_count, last_pkt_Tstamp
27-07-2026 23:44 - WARNING - 2079799056 37773 2026-07-27T17:42:21.749776
27-07-2026 23:44 - WARNING - diff_pkt_count  , diff_gps_count ,  diff_pkt_timstamp
27-07-2026 23:44 - WARNING - 1882541 29 29207578 microseconds
27-07-2026 23:44 - WARNING - No packet loss: /data/dsp/GBD_TRANSIENT_BUFFER/J1921+2153/27_07_2026/PDR_GULP_data000.pcap_27_07_2026_23_12_1785174173.PCAP_PDR
27-07-2026 23:44 - WARNING - first_pkt_count, first_gps_count, first_pkt_Tstamp
27-07-2026 23:44 - WARNING - 2079799057 37773 2026-07-27T17:42:21.749828
27-07-2026 23:44 - WARNING - last_pkt_count, last_gps_count, last_pkt_Tstamp
27-07-2026 23:44 - WARNING - 2081681598 37802 2026-07-27T17:42:50.957487
27-07-2026 23:44 - WARNING - diff_pkt_count  , diff_gps_count ,  diff_pkt_timstamp
27-07-2026 23:44 - WARNING - 1882541 29 29207659 microseconds
27-07-2026 23:44 - WARNING - No packet loss: /data/dsp/GBD_TRANSIENT_BUFFER/J1921+2153/27_07_2026/PDR_GULP_data001.pcap_27_07_2026_23_13_1785174203.PCAP_PDR
27-07-2026 23:44 - WARNING - first_pkt_count, first_gps_count, first_pkt_Tstamp
27-07-2026 23:44 - WARNING - 2081681599 37802 2026-07-27T17:42:50.957487
27-07-2026 23:44 - WARNING - last_pkt_count, last_gps_count, last_pkt_Tstamp
27-07-2026 23:44 - WARNING - 2083564140 37832 2026-07-27T17:43:20.165228
27-07-2026 23:44 - WARNING - diff_pkt_count  , diff_gps_count ,  diff_pkt_timstamp
27-07-2026 23:44 - WARNING - 1882541 30 29207741 microseconds
27-07-2026 23:44 - WARNING - No packet loss: /data/dsp/GBD_TRANSIENT_BUFFER/J1921+2153/27_07_2026/PDR_GULP_data002.pcap_27_07_2026_23_13_1785174232.PCAP_PDR
27-07-2026 23:44 - WARNING - first_pkt_count, first_gps_count, first_pkt_Tstamp
27-07-2026 23:44 - WARNING - 2083564141 37832 2026-07-27T17:43:20.165228
27-07-2026 23:44 - WARNING - last_pkt_count, last_gps_count, last_pkt_Tstamp
27-07-2026 23:44 - WARNING - 2085446682 37861 2026-07-27T17:43:49.372940
27-07-2026 23:44 - WARNING - diff_pkt_count  , diff_gps_count ,  diff_pkt_timstamp
27-07-2026 23:44 - WARNING - 1882541 29 29207712 microseconds
27-07-2026 23:44 - WARNING - No packet loss: /data/dsp/GBD_TRANSIENT_BUFFER/J1921+2153/27_07_2026/PDR_GULP_data000.pcap_27_07_2026_23_14_1785174261.PCAP_PDR
27-07-2026 23:44 - WARNING - first_pkt_count, first_gps_count, first_pkt_Tstamp
27-07-2026 23:44 - WARNING - 2085446683 37861 2026-07-27T17:43:49.372940
27-07-2026 23:44 - WARNING - last_pkt_count, last_gps_count, last_pkt_Tstamp
27-07-2026 23:44 - WARNING - 2087329225 37890 2026-07-27T17:44:18.580668
27-07-2026 23:44 - WARNING - diff_pkt_count  , diff_gps_count ,  diff_pkt_timstamp
27-07-2026 23:44 - WARNING - 1882542 29 29207728 microseconds
27-07-2026 23:44 - WARNING - No packet loss: /data/dsp/GBD_TRANSIENT_BUFFER/J1921+2153/27_07_2026/PDR_GULP_data001.pcap_27_07_2026_23_14_1785174290.PCAP_PDR
27-07-2026 23:44 - WARNING - first_pkt_count, first_gps_count, first_pkt_Tstamp
27-07-2026 23:44 - WARNING - 2087329226 37890 2026-07-27T17:44:18.580746
27-07-2026 23:44 - WARNING - last_pkt_count, last_gps_count, last_pkt_Tstamp
27-07-2026 23:44 - WARNING - 2089211767 37919 2026-07-27T17:44:47.788406
27-07-2026 23:44 - WARNING - diff_pkt_count  , diff_gps_count ,  diff_pkt_timstamp
27-07-2026 23:44 - WARNING - 1882541 29 29207660 microseconds
27-07-2026 23:44 - WARNING - No packet loss: /data/dsp/GBD_TRANSIENT_BUFFER/J1921+2153/27_07_2026/PDR_GULP_data002.pcap_27_07_2026_23_15_1785174319.PCAP_PDR
27-07-2026 23:44 - WARNING - first_pkt_count, first_gps_count, first_pkt_Tstamp
27-07-2026 23:44 - WARNING - 2089211768 37919 2026-07-27T17:44:47.788407
27-07-2026 23:44 - WARNING - last_pkt_count, last_gps_count, last_pkt_Tstamp
27-07-2026 23:44 - WARNING - 2091094309 37948 2026-07-27T17:45:16.996134
27-07-2026 23:44 - WARNING - diff_pkt_count  , diff_gps_count ,  diff_pkt_timstamp
27-07-2026 23:44 - WARNING - 1882541 29 29207727 microseconds
27-07-2026 23:44 - WARNING - No packet loss: /data/dsp/GBD_TRANSIENT_BUFFER/J1921+2153/27_07_2026/PDR_GULP_data000.pcap_27_07_2026_23_15_1785174349.PCAP_PDR
27-07-2026 23:44 - WARNING - first_pkt_count, first_gps_count, first_pkt_Tstamp
27-07-2026 23:44 - WARNING - 2091094310 37948 2026-07-27T17:45:16.996135
27-07-2026 23:44 - WARNING - last_pkt_count, last_gps_count, last_pkt_Tstamp
27-07-2026 23:44 - WARNING - 2092976851 37978 2026-07-27T17:45:46.203899
27-07-2026 23:44 - WARNING - diff_pkt_count  , diff_gps_count ,  diff_pkt_timstamp
27-07-2026 23:44 - WARNING - 1882541 30 29207764 microseconds
27-07-2026 23:44 - WARNING - No packet loss: /data/dsp/GBD_TRANSIENT_BUFFER/J1921+2153/27_07_2026/PDR_GULP_data001.pcap_27_07_2026_23_16_1785174378.PCAP_PDR
27-07-2026 23:44 - WARNING - first_pkt_count, first_gps_count, first_pkt_Tstamp
27-07-2026 23:44 - WARNING - 2092976852 37978 2026-07-27T17:45:46.203899
27-07-2026 23:44 - WARNING - last_pkt_count, last_gps_count, last_pkt_Tstamp
27-07-2026 23:44 - WARNING - 2094859393 38007 2026-07-27T17:46:15.411662
27-07-2026 23:44 - WARNING - diff_pkt_count  , diff_gps_count ,  diff_pkt_timstamp
27-07-2026 23:44 - WARNING - 1882541 29 29207763 microseconds
27-07-2026 23:44 - WARNING - No packet loss: /data/dsp/GBD_TRANSIENT_BUFFER/J1921+2153/27_07_2026/PDR_GULP_data002.pcap_27_07_2026_23_16_1785174407.PCAP_PDR
27-07-2026 23:44 - WARNING - first_pkt_count, first_gps_count, first_pkt_Tstamp
27-07-2026 23:44 - WARNING - 2094859394 38007 2026-07-27T17:46:15.411663
27-07-2026 23:44 - WARNING - last_pkt_count, last_gps_count, last_pkt_Tstamp
27-07-2026 23:44 - WARNING - 2096741935 38036 2026-07-27T17:46:44.619426
27-07-2026 23:44 - WARNING - diff_pkt_count  , diff_gps_count ,  diff_pkt_timstamp
27-07-2026 23:44 - WARNING - 1882541 29 29207763 microseconds
27-07-2026 23:44 - WARNING - No packet loss: /data/dsp/GBD_TRANSIENT_BUFFER/J1921+2153/27_07_2026/PDR_GULP_data000.pcap_27_07_2026_23_17_1785174436.PCAP_PDR
27-07-2026 23:44 - WARNING - first_pkt_count, first_gps_count, first_pkt_Tstamp
27-07-2026 23:44 - WARNING - 2096741936 38036 2026-07-27T17:46:44.619426
27-07-2026 23:44 - WARNING - last_pkt_count, last_gps_count, last_pkt_Tstamp
27-07-2026 23:44 - WARNING - 2098624478 38065 2026-07-27T17:47:13.827218
27-07-2026 23:44 - WARNING - diff_pkt_count  , diff_gps_count ,  diff_pkt_timstamp
27-07-2026 23:44 - WARNING - 1882542 29 29207792 microseconds
27-07-2026 23:44 - WARNING - No packet loss: /data/dsp/GBD_TRANSIENT_BUFFER/J1921+2153/27_07_2026/PDR_GULP_data001.pcap_27_07_2026_23_17_1785174466.PCAP_PDR
27-07-2026 23:44 - WARNING - first_pkt_count, first_gps_count, first_pkt_Tstamp
27-07-2026 23:44 - WARNING - 2098624479 38065 2026-07-27T17:47:13.827218
27-07-2026 23:44 - WARNING - last_pkt_count, last_gps_count, last_pkt_Tstamp
27-07-2026 23:44 - WARNING - 2100507020 38095 2026-07-27T17:47:43.035038
27-07-2026 23:44 - WARNING - diff_pkt_count  , diff_gps_count ,  diff_pkt_timstamp
27-07-2026 23:44 - WARNING - 1882541 30 29207820 microseconds
27-07-2026 23:44 - WARNING - No packet loss: /data/dsp/GBD_TRANSIENT_BUFFER/J1921+2153/27_07_2026/PDR_GULP_data002.pcap_27_07_2026_23_18_1785174495.PCAP_PDR
27-07-2026 23:44 - WARNING - first_pkt_count, first_gps_count, first_pkt_Tstamp
27-07-2026 23:44 - WARNING - 2100507021 38095 2026-07-27T17:47:43.035038
27-07-2026 23:44 - WARNING - last_pkt_count, last_gps_count, last_pkt_Tstamp
27-07-2026 23:44 - WARNING - 2102389562 38124 2026-07-27T17:48:12.242800
27-07-2026 23:44 - WARNING - diff_pkt_count  , diff_gps_count ,  diff_pkt_timstamp
27-07-2026 23:44 - WARNING - 1882541 29 29207762 microseconds
27-07-2026 23:44 - WARNING - No packet loss: /data/dsp/GBD_TRANSIENT_BUFFER/J1921+2153/27_07_2026/PDR_GULP_data000.pcap_27_07_2026_23_18_1785174524.PCAP_PDR
27-07-2026 23:44 - WARNING - first_pkt_count, first_gps_count, first_pkt_Tstamp
27-07-2026 23:44 - WARNING - 2102389563 38124 2026-07-27T17:48:12.242800
27-07-2026 23:44 - WARNING - last_pkt_count, last_gps_count, last_pkt_Tstamp
27-07-2026 23:44 - WARNING - 2104272104 38153 2026-07-27T17:48:41.450566
27-07-2026 23:44 - WARNING - diff_pkt_count  , diff_gps_count ,  diff_pkt_timstamp
27-07-2026 23:44 - WARNING - 1882541 29 29207766 microseconds
27-07-2026 23:44 - WARNING - No packet loss: /data/dsp/GBD_TRANSIENT_BUFFER/J1921+2153/27_07_2026/PDR_GULP_data001.pcap_27_07_2026_23_19_1785174553.PCAP_PDR
27-07-2026 23:44 - WARNING - first_pkt_count, first_gps_count, first_pkt_Tstamp
27-07-2026 23:44 - WARNING - 2104272105 38153 2026-07-27T17:48:41.450566
27-07-2026 23:44 - WARNING - last_pkt_count, last_gps_count, last_pkt_Tstamp
27-07-2026 23:44 - WARNING - 2106154646 38182 2026-07-27T17:49:10.658367
27-07-2026 23:44 - WARNING - diff_pkt_count  , diff_gps_count ,  diff_pkt_timstamp
27-07-2026 23:44 - WARNING - 1882541 29 29207801 microseconds
27-07-2026 23:44 - WARNING - No packet loss: /data/dsp/GBD_TRANSIENT_BUFFER/J1921+2153/27_07_2026/PDR_GULP_data002.pcap_27_07_2026_23_19_1785174582.PCAP_PDR
27-07-2026 23:44 - WARNING - first_pkt_count, first_gps_count, first_pkt_Tstamp
27-07-2026 23:44 - WARNING - 2106154647 38182 2026-07-27T17:49:10.658367
27-07-2026 23:44 - WARNING - last_pkt_count, last_gps_count, last_pkt_Tstamp
27-07-2026 23:44 - WARNING - 2108037188 38211 2026-07-27T17:49:39.866130
27-07-2026 23:44 - WARNING - diff_pkt_count  , diff_gps_count ,  diff_pkt_timstamp
27-07-2026 23:44 - WARNING - 1882541 29 29207763 microseconds
27-07-2026 23:44 - WARNING - No packet loss: /data/dsp/GBD_TRANSIENT_BUFFER/J1921+2153/27_07_2026/PDR_GULP_data000.pcap_27_07_2026_23_20_1785174612.PCAP_PDR
27-07-2026 23:44 - WARNING - first_pkt_count, first_gps_count, first_pkt_Tstamp
27-07-2026 23:44 - WARNING - 2108037189 38211 2026-07-27T17:49:39.866184
27-07-2026 23:44 - WARNING - last_pkt_count, last_gps_count, last_pkt_Tstamp
27-07-2026 23:44 - WARNING - 2109919731 38241 2026-07-27T17:50:09.073976
27-07-2026 23:44 - WARNING - diff_pkt_count  , diff_gps_count ,  diff_pkt_timstamp
27-07-2026 23:44 - WARNING - 1882542 30 29207792 microseconds
27-07-2026 23:44 - WARNING - No packet loss: /data/dsp/GBD_TRANSIENT_BUFFER/J1921+2153/27_07_2026/PDR_GULP_data001.pcap_27_07_2026_23_20_1785174641.PCAP_PDR
27-07-2026 23:44 - WARNING - first_pkt_count, first_gps_count, first_pkt_Tstamp
27-07-2026 23:44 - WARNING - 2109919732 38241 2026-07-27T17:50:09.073976
27-07-2026 23:44 - WARNING - last_pkt_count, last_gps_count, last_pkt_Tstamp
27-07-2026 23:44 - WARNING - 2111802273 38270 2026-07-27T17:50:38.281797
27-07-2026 23:44 - WARNING - diff_pkt_count  , diff_gps_count ,  diff_pkt_timstamp
27-07-2026 23:44 - WARNING - 1882541 29 29207821 microseconds
27-07-2026 23:44 - WARNING - No packet loss: /data/dsp/GBD_TRANSIENT_BUFFER/J1921+2153/27_07_2026/PDR_GULP_data002.pcap_27_07_2026_23_21_1785174670.PCAP_PDR
27-07-2026 23:44 - WARNING - first_pkt_count, first_gps_count, first_pkt_Tstamp
27-07-2026 23:44 - WARNING - 2111802274 38270 2026-07-27T17:50:38.281878
27-07-2026 23:44 - WARNING - last_pkt_count, last_gps_count, last_pkt_Tstamp
27-07-2026 23:44 - WARNING - 2113684815 38299 2026-07-27T17:51:07.489586
27-07-2026 23:44 - WARNING - diff_pkt_count  , diff_gps_count ,  diff_pkt_timstamp
27-07-2026 23:44 - WARNING - 1882541 29 29207708 microseconds
27-07-2026 23:44 - WARNING - No packet loss: /data/dsp/GBD_TRANSIENT_BUFFER/J1921+2153/27_07_2026/PDR_GULP_data000.pcap_27_07_2026_23_21_1785174699.PCAP_PDR
27-07-2026 23:44 - WARNING - first_pkt_count, first_gps_count, first_pkt_Tstamp
27-07-2026 23:44 - WARNING - 2113684816 38299 2026-07-27T17:51:07.489676
27-07-2026 23:44 - WARNING - last_pkt_count, last_gps_count, last_pkt_Tstamp
27-07-2026 23:44 - WARNING - 2115567357 38328 2026-07-27T17:51:36.697397
27-07-2026 23:44 - WARNING - diff_pkt_count  , diff_gps_count ,  diff_pkt_timstamp
27-07-2026 23:44 - WARNING - 1882541 29 29207721 microseconds
27-07-2026 23:44 - WARNING - No packet loss: /data/dsp/GBD_TRANSIENT_BUFFER/J1921+2153/27_07_2026/PDR_GULP_data001.pcap_27_07_2026_23_22_1785174728.PCAP_PDR
27-07-2026 23:44 - WARNING - first_pkt_count, first_gps_count, first_pkt_Tstamp
27-07-2026 23:44 - WARNING - 2115567358 38328 2026-07-27T17:51:36.697397
27-07-2026 23:44 - WARNING - last_pkt_count, last_gps_count, last_pkt_Tstamp
27-07-2026 23:44 - WARNING - 2117449899 38357 2026-07-27T17:52:05.905220
27-07-2026 23:44 - WARNING - diff_pkt_count  , diff_gps_count ,  diff_pkt_timstamp
27-07-2026 23:44 - WARNING - 1882541 29 29207823 microseconds
27-07-2026 23:44 - WARNING - No packet loss: /data/dsp/GBD_TRANSIENT_BUFFER/J1921+2153/27_07_2026/PDR_GULP_data002.pcap_27_07_2026_23_22_1785174758.PCAP_PDR
27-07-2026 23:44 - WARNING - first_pkt_count, first_gps_count, first_pkt_Tstamp
27-07-2026 23:44 - WARNING - 2117449900 38357 2026-07-27T17:52:05.905221
27-07-2026 23:44 - WARNING - last_pkt_count, last_gps_count, last_pkt_Tstamp
27-07-2026 23:44 - WARNING - 2119332441 38387 2026-07-27T17:52:35.113102
27-07-2026 23:44 - WARNING - diff_pkt_count  , diff_gps_count ,  diff_pkt_timstamp
27-07-2026 23:44 - WARNING - 1882541 30 29207881 microseconds
27-07-2026 23:44 - WARNING - No packet loss: /data/dsp/GBD_TRANSIENT_BUFFER/J1921+2153/27_07_2026/PDR_GULP_data000.pcap_27_07_2026_23_23_1785174787.PCAP_PDR
27-07-2026 23:44 - WARNING - first_pkt_count, first_gps_count, first_pkt_Tstamp
27-07-2026 23:44 - WARNING - 2119332442 38387 2026-07-27T17:52:35.113102
27-07-2026 23:44 - WARNING - last_pkt_count, last_gps_count, last_pkt_Tstamp
27-07-2026 23:44 - WARNING - 2121214984 38416 2026-07-27T17:53:04.320888
27-07-2026 23:44 - WARNING - diff_pkt_count  , diff_gps_count ,  diff_pkt_timstamp
27-07-2026 23:44 - WARNING - 1882542 29 29207786 microseconds
27-07-2026 23:44 - WARNING - No packet loss: /data/dsp/GBD_TRANSIENT_BUFFER/J1921+2153/27_07_2026/PDR_GULP_data001.pcap_27_07_2026_23_23_1785174816.PCAP_PDR
27-07-2026 23:44 - WARNING - first_pkt_count, first_gps_count, first_pkt_Tstamp
27-07-2026 23:44 - WARNING - 2121214985 38416 2026-07-27T17:53:04.320979
27-07-2026 23:44 - WARNING - last_pkt_count, last_gps_count, last_pkt_Tstamp
27-07-2026 23:44 - WARNING - 2123097526 38445 2026-07-27T17:53:33.528709
27-07-2026 23:44 - WARNING - diff_pkt_count  , diff_gps_count ,  diff_pkt_timstamp
27-07-2026 23:44 - WARNING - 1882541 29 29207730 microseconds
27-07-2026 23:44 - WARNING - No packet loss: /data/dsp/GBD_TRANSIENT_BUFFER/J1921+2153/27_07_2026/PDR_GULP_data002.pcap_27_07_2026_23_24_1785174845.PCAP_PDR
27-07-2026 23:44 - WARNING - first_pkt_count, first_gps_count, first_pkt_Tstamp
27-07-2026 23:44 - WARNING - 2123097527 38445 2026-07-27T17:53:33.528760
27-07-2026 23:44 - WARNING - last_pkt_count, last_gps_count, last_pkt_Tstamp
27-07-2026 23:44 - WARNING - 2124980068 38474 2026-07-27T17:54:02.736551
27-07-2026 23:44 - WARNING - diff_pkt_count  , diff_gps_count ,  diff_pkt_timstamp
27-07-2026 23:44 - WARNING - 1882541 29 29207791 microseconds
27-07-2026 23:44 - WARNING - No packet loss: /data/dsp/GBD_TRANSIENT_BUFFER/J1921+2153/27_07_2026/PDR_GULP_data000.pcap_27_07_2026_23_24_1785174874.PCAP_PDR
27-07-2026 23:44 - WARNING - first_pkt_count, first_gps_count, first_pkt_Tstamp
27-07-2026 23:44 - WARNING - 2124980069 38474 2026-07-27T17:54:02.736605
27-07-2026 23:44 - WARNING - last_pkt_count, last_gps_count, last_pkt_Tstamp
27-07-2026 23:44 - WARNING - 2126862610 38503 2026-07-27T17:54:31.944367
27-07-2026 23:44 - WARNING - diff_pkt_count  , diff_gps_count ,  diff_pkt_timstamp
27-07-2026 23:44 - WARNING - 1882541 29 29207762 microseconds
27-07-2026 23:44 - WARNING - No packet loss: /data/dsp/GBD_TRANSIENT_BUFFER/J1921+2153/27_07_2026/PDR_GULP_data001.pcap_27_07_2026_23_25_1785174904.PCAP_PDR
27-07-2026 23:44 - WARNING - first_pkt_count, first_gps_count, first_pkt_Tstamp
27-07-2026 23:44 - WARNING - 2126862611 38503 2026-07-27T17:54:31.944420
27-07-2026 23:44 - WARNING - last_pkt_count, last_gps_count, last_pkt_Tstamp
27-07-2026 23:44 - WARNING - 2128745152 38533 2026-07-27T17:55:01.152280
27-07-2026 23:44 - WARNING - diff_pkt_count  , diff_gps_count ,  diff_pkt_timstamp
27-07-2026 23:44 - WARNING - 1882541 30 29207860 microseconds
27-07-2026 23:44 - WARNING - No packet loss: /data/dsp/GBD_TRANSIENT_BUFFER/J1921+2153/27_07_2026/PDR_GULP_data002.pcap_27_07_2026_23_25_1785174933.PCAP_PDR
27-07-2026 23:44 - WARNING - first_pkt_count, first_gps_count, first_pkt_Tstamp
27-07-2026 23:44 - WARNING - 2128745153 38533 2026-07-27T17:55:01.152280
27-07-2026 23:44 - WARNING - last_pkt_count, last_gps_count, last_pkt_Tstamp
27-07-2026 23:44 - WARNING - 2130627694 38562 2026-07-27T17:55:30.360074
27-07-2026 23:44 - WARNING - diff_pkt_count  , diff_gps_count ,  diff_pkt_timstamp
27-07-2026 23:44 - WARNING - 1882541 29 29207794 microseconds
27-07-2026 23:44 - WARNING - No packet loss: /data/dsp/GBD_TRANSIENT_BUFFER/J1921+2153/27_07_2026/PDR_GULP_data000.pcap_27_07_2026_23_26_1785174962.PCAP_PDR
27-07-2026 23:44 - WARNING - first_pkt_count, first_gps_count, first_pkt_Tstamp
27-07-2026 23:44 - WARNING - 2130627695 38562 2026-07-27T17:55:30.360074
27-07-2026 23:44 - WARNING - last_pkt_count, last_gps_count, last_pkt_Tstamp
27-07-2026 23:44 - WARNING - 2132510237 38591 2026-07-27T17:55:59.567923
27-07-2026 23:44 - WARNING - diff_pkt_count  , diff_gps_count ,  diff_pkt_timstamp
27-07-2026 23:44 - WARNING - 1882542 29 29207849 microseconds
27-07-2026 23:44 - WARNING - No packet loss: /data/dsp/GBD_TRANSIENT_BUFFER/J1921+2153/27_07_2026/PDR_GULP_data001.pcap_27_07_2026_23_26_1785174991.PCAP_PDR
27-07-2026 23:44 - WARNING - first_pkt_count, first_gps_count, first_pkt_Tstamp
27-07-2026 23:44 - WARNING - 2132510238 38591 2026-07-27T17:55:59.568007
27-07-2026 23:44 - WARNING - last_pkt_count, last_gps_count, last_pkt_Tstamp
27-07-2026 23:44 - WARNING - 2134392779 38620 2026-07-27T17:56:28.775761
27-07-2026 23:44 - WARNING - diff_pkt_count  , diff_gps_count ,  diff_pkt_timstamp
27-07-2026 23:44 - WARNING - 1882541 29 29207754 microseconds
27-07-2026 23:44 - WARNING - No packet loss: /data/dsp/GBD_TRANSIENT_BUFFER/J1921+2153/27_07_2026/PDR_GULP_data002.pcap_27_07_2026_23_27_1785175020.PCAP_PDR
27-07-2026 23:44 - WARNING - first_pkt_count, first_gps_count, first_pkt_Tstamp
27-07-2026 23:44 - WARNING - 2134392780 38620 2026-07-27T17:56:28.775761
27-07-2026 23:44 - WARNING - last_pkt_count, last_gps_count, last_pkt_Tstamp
27-07-2026 23:44 - WARNING - 2136275321 38649 2026-07-27T17:56:57.983687
27-07-2026 23:44 - WARNING - diff_pkt_count  , diff_gps_count ,  diff_pkt_timstamp
27-07-2026 23:44 - WARNING - 1882541 29 29207926 microseconds
27-07-2026 23:44 - WARNING - No packet loss: /data/dsp/GBD_TRANSIENT_BUFFER/J1921+2153/27_07_2026/PDR_GULP_data000.pcap_27_07_2026_23_27_1785175050.PCAP_PDR
27-07-2026 23:44 - WARNING - first_pkt_count, first_gps_count, first_pkt_Tstamp
27-07-2026 23:44 - WARNING - 2136275322 38649 2026-07-27T17:56:57.983688
27-07-2026 23:44 - WARNING - last_pkt_count, last_gps_count, last_pkt_Tstamp
27-07-2026 23:44 - WARNING - 2138157863 38679 2026-07-27T17:57:27.191476
27-07-2026 23:44 - WARNING - diff_pkt_count  , diff_gps_count ,  diff_pkt_timstamp
27-07-2026 23:44 - WARNING - 1882541 30 29207788 microseconds
27-07-2026 23:44 - WARNING - No packet loss: /data/dsp/GBD_TRANSIENT_BUFFER/J1921+2153/27_07_2026/PDR_GULP_data001.pcap_27_07_2026_23_27_1785175079.PCAP_PDR
27-07-2026 23:44 - WARNING - first_pkt_count, first_gps_count, first_pkt_Tstamp
27-07-2026 23:44 - WARNING - 2138157864 38679 2026-07-27T17:57:27.191476
27-07-2026 23:44 - WARNING - last_pkt_count, last_gps_count, last_pkt_Tstamp
27-07-2026 23:44 - WARNING - 2140040405 38708 2026-07-27T17:57:56.399329
27-07-2026 23:44 - WARNING - diff_pkt_count  , diff_gps_count ,  diff_pkt_timstamp
27-07-2026 23:44 - WARNING - 1882541 29 29207853 microseconds
27-07-2026 23:44 - WARNING - No packet loss: /data/dsp/GBD_TRANSIENT_BUFFER/J1921+2153/27_07_2026/PDR_GULP_data002.pcap_27_07_2026_23_28_1785175108.PCAP_PDR
27-07-2026 23:44 - WARNING - first_pkt_count, first_gps_count, first_pkt_Tstamp
27-07-2026 23:44 - WARNING - 2140040406 38708 2026-07-27T17:57:56.399329
27-07-2026 23:44 - WARNING - last_pkt_count, last_gps_count, last_pkt_Tstamp
27-07-2026 23:44 - WARNING - 2141922947 38737 2026-07-27T17:58:25.607177
27-07-2026 23:44 - WARNING - diff_pkt_count  , diff_gps_count ,  diff_pkt_timstamp
27-07-2026 23:44 - WARNING - 1882541 29 29207848 microseconds
27-07-2026 23:44 - WARNING - No packet loss: /data/dsp/GBD_TRANSIENT_BUFFER/J1921+2153/27_07_2026/PDR_GULP_data000.pcap_27_07_2026_23_28_1785175137.PCAP_PDR
27-07-2026 23:44 - WARNING - first_pkt_count, first_gps_count, first_pkt_Tstamp
27-07-2026 23:44 - WARNING - 2141922948 38737 2026-07-27T17:58:25.607177
27-07-2026 23:44 - WARNING - last_pkt_count, last_gps_count, last_pkt_Tstamp
27-07-2026 23:44 - WARNING - 2143805490 38766 2026-07-27T17:58:54.815061
27-07-2026 23:44 - WARNING - diff_pkt_count  , diff_gps_count ,  diff_pkt_timstamp
27-07-2026 23:44 - WARNING - 1882542 29 29207884 microseconds
27-07-2026 23:44 - WARNING - No packet loss: /data/dsp/GBD_TRANSIENT_BUFFER/J1921+2153/27_07_2026/PDR_GULP_data001.pcap_27_07_2026_23_29_1785175167.PCAP_PDR
27-07-2026 23:44 - WARNING - first_pkt_count, first_gps_count, first_pkt_Tstamp
27-07-2026 23:44 - WARNING - 2143805491 38766 2026-07-27T17:58:54.815062
27-07-2026 23:44 - WARNING - last_pkt_count, last_gps_count, last_pkt_Tstamp
27-07-2026 23:44 - WARNING - 2145688032 38796 2026-07-27T17:59:24.022868
27-07-2026 23:44 - WARNING - diff_pkt_count  , diff_gps_count ,  diff_pkt_timstamp
27-07-2026 23:44 - WARNING - 1882541 30 29207806 microseconds
27-07-2026 23:44 - WARNING - No packet loss: /data/dsp/GBD_TRANSIENT_BUFFER/J1921+2153/27_07_2026/PDR_GULP_data002.pcap_27_07_2026_23_29_1785175196.PCAP_PDR
27-07-2026 23:44 - WARNING - first_pkt_count, first_gps_count, first_pkt_Tstamp
27-07-2026 23:44 - WARNING - 2145688033 38796 2026-07-27T17:59:24.022933
27-07-2026 23:44 - WARNING - last_pkt_count, last_gps_count, last_pkt_Tstamp
27-07-2026 23:44 - WARNING - 2147570574 38825 2026-07-27T17:59:53.230760
27-07-2026 23:44 - WARNING - diff_pkt_count  , diff_gps_count ,  diff_pkt_timstamp
27-07-2026 23:44 - WARNING - 1882541 29 29207827 microseconds
27-07-2026 23:44 - WARNING - No packet loss: /data/dsp/GBD_TRANSIENT_BUFFER/J1921+2153/27_07_2026/PDR_GULP_data000.pcap_27_07_2026_23_30_1785175225.PCAP_PDR
27-07-2026 23:44 - WARNING - first_pkt_count, first_gps_count, first_pkt_Tstamp
27-07-2026 23:44 - WARNING - 2147570575 38825 2026-07-27T17:59:53.230761
27-07-2026 23:44 - WARNING - last_pkt_count, last_gps_count, last_pkt_Tstamp
27-07-2026 23:44 - WARNING - 2149453116 38854 2026-07-27T18:00:22.438631
27-07-2026 23:44 - WARNING - diff_pkt_count  , diff_gps_count ,  diff_pkt_timstamp
27-07-2026 23:44 - WARNING - 1882541 29 29207870 microseconds
27-07-2026 23:44 - WARNING - No packet loss: /data/dsp/GBD_TRANSIENT_BUFFER/J1921+2153/27_07_2026/PDR_GULP_data001.pcap_27_07_2026_23_30_1785175254.PCAP_PDR
27-07-2026 23:44 - WARNING - first_pkt_count, first_gps_count, first_pkt_Tstamp
27-07-2026 23:44 - WARNING - 2149453117 38854 2026-07-27T18:00:22.438632
27-07-2026 23:44 - WARNING - last_pkt_count, last_gps_count, last_pkt_Tstamp
27-07-2026 23:44 - WARNING - 2151335658 38883 2026-07-27T18:00:51.646490
27-07-2026 23:44 - WARNING - diff_pkt_count  , diff_gps_count ,  diff_pkt_timstamp
27-07-2026 23:44 - WARNING - 1882541 29 29207858 microseconds
27-07-2026 23:44 - WARNING - No packet loss: /data/dsp/GBD_TRANSIENT_BUFFER/J1921+2153/27_07_2026/PDR_GULP_data002.pcap_27_07_2026_23_31_1785175283.PCAP_PDR
27-07-2026 23:44 - WARNING - first_pkt_count, first_gps_count, first_pkt_Tstamp
27-07-2026 23:44 - WARNING - 2151335659 38883 2026-07-27T18:00:51.646490
27-07-2026 23:44 - WARNING - last_pkt_count, last_gps_count, last_pkt_Tstamp
27-07-2026 23:44 - WARNING - 2153218200 38912 2026-07-27T18:01:20.854318
27-07-2026 23:44 - WARNING - diff_pkt_count  , diff_gps_count ,  diff_pkt_timstamp
27-07-2026 23:44 - WARNING - 1882541 29 29207828 microseconds
27-07-2026 23:44 - WARNING - No packet loss: /data/dsp/GBD_TRANSIENT_BUFFER/J1921+2153/27_07_2026/PDR_GULP_data000.pcap_27_07_2026_23_31_1785175313.PCAP_PDR
27-07-2026 23:44 - WARNING - first_pkt_count, first_gps_count, first_pkt_Tstamp
27-07-2026 23:44 - WARNING - 2153218201 38912 2026-07-27T18:01:20.854318
27-07-2026 23:44 - WARNING - last_pkt_count, last_gps_count, last_pkt_Tstamp
27-07-2026 23:44 - WARNING - 2155100743 38942 2026-07-27T18:01:50.062216
27-07-2026 23:44 - WARNING - diff_pkt_count  , diff_gps_count ,  diff_pkt_timstamp
27-07-2026 23:44 - WARNING - 1882542 30 29207898 microseconds
27-07-2026 23:44 - WARNING - No packet loss: /data/dsp/GBD_TRANSIENT_BUFFER/J1921+2153/27_07_2026/PDR_GULP_data001.pcap_27_07_2026_23_32_1785175342.PCAP_PDR
27-07-2026 23:44 - WARNING - first_pkt_count, first_gps_count, first_pkt_Tstamp
27-07-2026 23:44 - WARNING - 2155100744 38942 2026-07-27T18:01:50.062216
27-07-2026 23:44 - WARNING - last_pkt_count, last_gps_count, last_pkt_Tstamp
27-07-2026 23:44 - WARNING - 2156983285 38971 2026-07-27T18:02:19.270062
27-07-2026 23:44 - WARNING - diff_pkt_count  , diff_gps_count ,  diff_pkt_timstamp
27-07-2026 23:44 - WARNING - 1882541 29 29207846 microseconds
27-07-2026 23:44 - WARNING - No packet loss: /data/dsp/GBD_TRANSIENT_BUFFER/J1921+2153/27_07_2026/PDR_GULP_data002.pcap_27_07_2026_23_32_1785175371.PCAP_PDR
27-07-2026 23:44 - WARNING - first_pkt_count, first_gps_count, first_pkt_Tstamp
27-07-2026 23:44 - WARNING - 2156983286 38971 2026-07-27T18:02:19.270063
27-07-2026 23:44 - WARNING - last_pkt_count, last_gps_count, last_pkt_Tstamp
27-07-2026 23:44 - WARNING - 2158865827 39000 2026-07-27T18:02:48.477972
27-07-2026 23:44 - WARNING - diff_pkt_count  , diff_gps_count ,  diff_pkt_timstamp
27-07-2026 23:44 - WARNING - 1882541 29 29207909 microseconds
27-07-2026 23:44 - WARNING - No packet loss: /data/dsp/GBD_TRANSIENT_BUFFER/J1921+2153/27_07_2026/PDR_GULP_data000.pcap_27_07_2026_23_33_1785175400.PCAP_PDR
27-07-2026 23:44 - WARNING - first_pkt_count, first_gps_count, first_pkt_Tstamp
27-07-2026 23:44 - WARNING - 2158865828 39000 2026-07-27T18:02:48.477973
27-07-2026 23:44 - WARNING - last_pkt_count, last_gps_count, last_pkt_Tstamp
27-07-2026 23:44 - WARNING - 2160748369 39029 2026-07-27T18:03:17.685799
27-07-2026 23:44 - WARNING - diff_pkt_count  , diff_gps_count ,  diff_pkt_timstamp
27-07-2026 23:44 - WARNING - 1882541 29 29207826 microseconds
27-07-2026 23:44 - WARNING - No packet loss: /data/dsp/GBD_TRANSIENT_BUFFER/J1921+2153/27_07_2026/PDR_GULP_data001.pcap_27_07_2026_23_33_1785175429.PCAP_PDR
27-07-2026 23:44 - WARNING - first_pkt_count, first_gps_count, first_pkt_Tstamp
27-07-2026 23:44 - WARNING - 2160748370 39029 2026-07-27T18:03:17.685799
27-07-2026 23:44 - WARNING - last_pkt_count, last_gps_count, last_pkt_Tstamp
27-07-2026 23:44 - WARNING - 2162630911 39058 2026-07-27T18:03:46.893660
27-07-2026 23:44 - WARNING - diff_pkt_count  , diff_gps_count ,  diff_pkt_timstamp
27-07-2026 23:44 - WARNING - 1882541 29 29207861 microseconds
27-07-2026 23:44 - WARNING - No packet loss: /data/dsp/GBD_TRANSIENT_BUFFER/J1921+2153/27_07_2026/PDR_GULP_data002.pcap_27_07_2026_23_34_1785175459.PCAP_PDR
27-07-2026 23:44 - WARNING - first_pkt_count, first_gps_count, first_pkt_Tstamp
27-07-2026 23:44 - WARNING - 2162630912 39058 2026-07-27T18:03:46.893714
27-07-2026 23:44 - WARNING - last_pkt_count, last_gps_count, last_pkt_Tstamp
27-07-2026 23:44 - WARNING - 2164513453 39088 2026-07-27T18:04:16.101549
27-07-2026 23:44 - WARNING - diff_pkt_count  , diff_gps_count ,  diff_pkt_timstamp
27-07-2026 23:44 - WARNING - 1882541 30 29207835 microseconds
27-07-2026 23:44 - WARNING - No packet loss: /data/dsp/GBD_TRANSIENT_BUFFER/J1921+2153/27_07_2026/PDR_GULP_data000.pcap_27_07_2026_23_34_1785175488.PCAP_PDR
27-07-2026 23:44 - WARNING - first_pkt_count, first_gps_count, first_pkt_Tstamp
27-07-2026 23:44 - WARNING - 2164513454 39088 2026-07-27T18:04:16.101549
27-07-2026 23:44 - WARNING - last_pkt_count, last_gps_count, last_pkt_Tstamp
27-07-2026 23:44 - WARNING - 2166395996 39117 2026-07-27T18:04:45.309403
27-07-2026 23:44 - WARNING - diff_pkt_count  , diff_gps_count ,  diff_pkt_timstamp
27-07-2026 23:44 - WARNING - 1882542 29 29207854 microseconds
27-07-2026 23:44 - WARNING - No packet loss: /data/dsp/GBD_TRANSIENT_BUFFER/J1921+2153/27_07_2026/PDR_GULP_data001.pcap_27_07_2026_23_35_1785175517.PCAP_PDR
27-07-2026 23:44 - WARNING - first_pkt_count, first_gps_count, first_pkt_Tstamp
27-07-2026 23:44 - WARNING - 2166395997 39117 2026-07-27T18:04:45.309457
27-07-2026 23:44 - WARNING - last_pkt_count, last_gps_count, last_pkt_Tstamp
27-07-2026 23:44 - WARNING - 2168278538 39146 2026-07-27T18:05:14.517306
27-07-2026 23:44 - WARNING - diff_pkt_count  , diff_gps_count ,  diff_pkt_timstamp
27-07-2026 23:44 - WARNING - 1882541 29 29207849 microseconds
27-07-2026 23:44 - WARNING - No packet loss: /data/dsp/GBD_TRANSIENT_BUFFER/J1921+2153/27_07_2026/PDR_GULP_data002.pcap_27_07_2026_23_35_1785175546.PCAP_PDR
27-07-2026 23:44 - WARNING - first_pkt_count, first_gps_count, first_pkt_Tstamp
27-07-2026 23:44 - WARNING - 2168278539 39146 2026-07-27T18:05:14.517306
27-07-2026 23:44 - WARNING - last_pkt_count, last_gps_count, last_pkt_Tstamp
27-07-2026 23:44 - WARNING - 2170161080 39175 2026-07-27T18:05:43.725173
27-07-2026 23:44 - WARNING - diff_pkt_count  , diff_gps_count ,  diff_pkt_timstamp
27-07-2026 23:44 - WARNING - 1882541 29 29207867 microseconds
27-07-2026 23:44 - WARNING - No packet loss: /data/dsp/GBD_TRANSIENT_BUFFER/J1921+2153/27_07_2026/PDR_GULP_data000.pcap_27_07_2026_23_36_1785175575.PCAP_PDR
27-07-2026 23:44 - WARNING - first_pkt_count, first_gps_count, first_pkt_Tstamp
27-07-2026 23:44 - WARNING - 2170161081 39175 2026-07-27T18:05:43.725173
27-07-2026 23:44 - WARNING - last_pkt_count, last_gps_count, last_pkt_Tstamp
27-07-2026 23:44 - WARNING - 2172043622 39204 2026-07-27T18:06:12.933091
27-07-2026 23:44 - WARNING - diff_pkt_count  , diff_gps_count ,  diff_pkt_timstamp
27-07-2026 23:44 - WARNING - 1882541 29 29207918 microseconds
27-07-2026 23:44 - WARNING - No packet loss: /data/dsp/GBD_TRANSIENT_BUFFER/J1921+2153/27_07_2026/PDR_GULP_data001.pcap_27_07_2026_23_36_1785175605.PCAP_PDR
27-07-2026 23:44 - WARNING - first_pkt_count, first_gps_count, first_pkt_Tstamp
27-07-2026 23:44 - WARNING - 2172043623 39204 2026-07-27T18:06:12.933092
27-07-2026 23:44 - WARNING - last_pkt_count, last_gps_count, last_pkt_Tstamp
27-07-2026 23:44 - WARNING - 2173926164 39234 2026-07-27T18:06:42.140915
27-07-2026 23:44 - WARNING - diff_pkt_count  , diff_gps_count ,  diff_pkt_timstamp
27-07-2026 23:44 - WARNING - 1882541 30 29207823 microseconds
27-07-2026 23:44 - WARNING - No packet loss: /data/dsp/GBD_TRANSIENT_BUFFER/J1921+2153/27_07_2026/PDR_GULP_data002.pcap_27_07_2026_23_37_1785175634.PCAP_PDR
27-07-2026 23:44 - WARNING - first_pkt_count, first_gps_count, first_pkt_Tstamp
27-07-2026 23:44 - WARNING - 2173926165 39234 2026-07-27T18:06:42.140915
27-07-2026 23:44 - WARNING - last_pkt_count, last_gps_count, last_pkt_Tstamp
27-07-2026 23:44 - WARNING - 2175808706 39263 2026-07-27T18:07:11.348745
27-07-2026 23:44 - WARNING - diff_pkt_count  , diff_gps_count ,  diff_pkt_timstamp
27-07-2026 23:44 - WARNING - 1882541 29 29207830 microseconds
27-07-2026 23:44 - WARNING - No packet loss: /data/dsp/GBD_TRANSIENT_BUFFER/J1921+2153/27_07_2026/PDR_GULP_data000.pcap_27_07_2026_23_37_1785175663.PCAP_PDR
27-07-2026 23:44 - WARNING - first_pkt_count, first_gps_count, first_pkt_Tstamp
27-07-2026 23:44 - WARNING - 2175808707 39263 2026-07-27T18:07:11.348798
27-07-2026 23:44 - WARNING - last_pkt_count, last_gps_count, last_pkt_Tstamp
27-07-2026 23:44 - WARNING - 2177691249 39292 2026-07-27T18:07:40.556665
27-07-2026 23:44 - WARNING - diff_pkt_count  , diff_gps_count ,  diff_pkt_timstamp
27-07-2026 23:44 - WARNING - 1882542 29 29207867 microseconds
27-07-2026 23:44 - WARNING - No packet loss: /data/dsp/GBD_TRANSIENT_BUFFER/J1921+2153/27_07_2026/PDR_GULP_data001.pcap_27_07_2026_23_38_1785175692.PCAP_PDR
27-07-2026 23:44 - WARNING - first_pkt_count, first_gps_count, first_pkt_Tstamp
27-07-2026 23:44 - WARNING - 2177691250 39292 2026-07-27T18:07:40.556666
27-07-2026 23:44 - WARNING - last_pkt_count, last_gps_count, last_pkt_Tstamp
27-07-2026 23:44 - WARNING - 2179573791 39321 2026-07-27T18:08:09.764508
27-07-2026 23:44 - WARNING - diff_pkt_count  , diff_gps_count ,  diff_pkt_timstamp
27-07-2026 23:44 - WARNING - 1882541 29 29207842 microseconds
27-07-2026 23:44 - WARNING - No packet loss: /data/dsp/GBD_TRANSIENT_BUFFER/J1921+2153/27_07_2026/PDR_GULP_data002.pcap_27_07_2026_23_38_1785175721.PCAP_PDR
27-07-2026 23:44 - WARNING - first_pkt_count, first_gps_count, first_pkt_Tstamp
27-07-2026 23:44 - WARNING - 2179573792 39321 2026-07-27T18:08:09.764561
27-07-2026 23:44 - WARNING - last_pkt_count, last_gps_count, last_pkt_Tstamp
27-07-2026 23:44 - WARNING - 2181456333 39350 2026-07-27T18:08:38.972425
27-07-2026 23:44 - WARNING - diff_pkt_count  , diff_gps_count ,  diff_pkt_timstamp
27-07-2026 23:44 - WARNING - 1882541 29 29207864 microseconds
27-07-2026 23:44 - WARNING - No packet loss: /data/dsp/GBD_TRANSIENT_BUFFER/J1921+2153/27_07_2026/PDR_GULP_data000.pcap_27_07_2026_23_39_1785175751.PCAP_PDR
27-07-2026 23:44 - WARNING - first_pkt_count, first_gps_count, first_pkt_Tstamp
27-07-2026 23:44 - WARNING - 2181456334 39350 2026-07-27T18:08:38.972425
27-07-2026 23:44 - WARNING - last_pkt_count, last_gps_count, last_pkt_Tstamp
27-07-2026 23:44 - WARNING - 2183338875 39380 2026-07-27T18:09:08.180314
27-07-2026 23:44 - WARNING - diff_pkt_count  , diff_gps_count ,  diff_pkt_timstamp
27-07-2026 23:44 - WARNING - 1882541 30 29207889 microseconds
27-07-2026 23:44 - WARNING - No packet loss: /data/dsp/GBD_TRANSIENT_BUFFER/J1921+2153/27_07_2026/PDR_GULP_data001.pcap_27_07_2026_23_39_1785175780.PCAP_PDR
27-07-2026 23:44 - WARNING - first_pkt_count, first_gps_count, first_pkt_Tstamp
27-07-2026 23:44 - WARNING - 2183338876 39380 2026-07-27T18:09:08.180315
27-07-2026 23:44 - WARNING - last_pkt_count, last_gps_count, last_pkt_Tstamp
27-07-2026 23:44 - WARNING - 2185221417 39409 2026-07-27T18:09:37.388152
27-07-2026 23:44 - WARNING - diff_pkt_count  , diff_gps_count ,  diff_pkt_timstamp
27-07-2026 23:44 - WARNING - 1882541 29 29207837 microseconds
27-07-2026 23:44 - WARNING - No packet loss: /data/dsp/GBD_TRANSIENT_BUFFER/J1921+2153/27_07_2026/PDR_GULP_data002.pcap_27_07_2026_23_40_1785175809.PCAP_PDR
27-07-2026 23:44 - WARNING - first_pkt_count, first_gps_count, first_pkt_Tstamp
27-07-2026 23:44 - WARNING - 2185221418 39409 2026-07-27T18:09:37.388152
27-07-2026 23:44 - WARNING - last_pkt_count, last_gps_count, last_pkt_Tstamp
27-07-2026 23:44 - WARNING - 2187103960 39438 2026-07-27T18:10:06.596051
27-07-2026 23:44 - WARNING - diff_pkt_count  , diff_gps_count ,  diff_pkt_timstamp
27-07-2026 23:44 - WARNING - 1882542 29 29207899 microseconds
27-07-2026 23:44 - WARNING - No packet loss: /data/dsp/GBD_TRANSIENT_BUFFER/J1921+2153/27_07_2026/PDR_GULP_data000.pcap_27_07_2026_23_40_1785175838.PCAP_PDR
27-07-2026 23:44 - WARNING - first_pkt_count, first_gps_count, first_pkt_Tstamp
27-07-2026 23:44 - WARNING - 2187103961 39438 2026-07-27T18:10:06.596052
27-07-2026 23:44 - WARNING - last_pkt_count, last_gps_count, last_pkt_Tstamp
27-07-2026 23:44 - WARNING - 2188986502 39467 2026-07-27T18:10:35.804055
27-07-2026 23:44 - WARNING - diff_pkt_count  , diff_gps_count ,  diff_pkt_timstamp
27-07-2026 23:44 - WARNING - 1882541 29 29208003 microseconds
27-07-2026 23:44 - WARNING - No packet loss: /data/dsp/GBD_TRANSIENT_BUFFER/J1921+2153/27_07_2026/PDR_GULP_data001.pcap_27_07_2026_23_41_1785175868.PCAP_PDR
27-07-2026 23:44 - WARNING - first_pkt_count, first_gps_count, first_pkt_Tstamp
27-07-2026 23:44 - WARNING - 2188986503 39467 2026-07-27T18:10:35.804107
27-07-2026 23:44 - WARNING - last_pkt_count, last_gps_count, last_pkt_Tstamp
27-07-2026 23:44 - WARNING - 2190869044 39497 2026-07-27T18:11:05.012265
27-07-2026 23:44 - WARNING - diff_pkt_count  , diff_gps_count ,  diff_pkt_timstamp
27-07-2026 23:44 - WARNING - 1882541 30 29208158 microseconds
27-07-2026 23:44 - WARNING - No packet loss: /data/dsp/GBD_TRANSIENT_BUFFER/J1921+2153/27_07_2026/PDR_GULP_data002.pcap_27_07_2026_23_41_1785175897.PCAP_PDR
27-07-2026 23:44 - WARNING - first_pkt_count, first_gps_count, first_pkt_Tstamp
27-07-2026 23:44 - WARNING - 2190869045 39497 2026-07-27T18:11:05.012265
27-07-2026 23:44 - WARNING - last_pkt_count, last_gps_count, last_pkt_Tstamp
27-07-2026 23:44 - WARNING - 2192751586 39526 2026-07-27T18:11:34.220367
27-07-2026 23:44 - WARNING - diff_pkt_count  , diff_gps_count ,  diff_pkt_timstamp
27-07-2026 23:44 - WARNING - 1882541 29 29208102 microseconds
27-07-2026 23:44 - WARNING - No packet loss: /data/dsp/GBD_TRANSIENT_BUFFER/J1921+2153/27_07_2026/PDR_GULP_data000.pcap_27_07_2026_23_42_1785175926.PCAP_PDR
27-07-2026 23:44 - WARNING - first_pkt_count, first_gps_count, first_pkt_Tstamp
27-07-2026 23:44 - WARNING - 2192751587 39526 2026-07-27T18:11:34.220420
27-07-2026 23:44 - WARNING - last_pkt_count, last_gps_count, last_pkt_Tstamp
27-07-2026 23:44 - WARNING - 2194634128 39555 2026-07-27T18:12:03.428595
27-07-2026 23:44 - WARNING - diff_pkt_count  , diff_gps_count ,  diff_pkt_timstamp
27-07-2026 23:44 - WARNING - 1882541 29 29208175 microseconds
27-07-2026 23:44 - WARNING - No packet loss: /data/dsp/GBD_TRANSIENT_BUFFER/J1921+2153/27_07_2026/PDR_GULP_data001.pcap_27_07_2026_23_42_1785175955.PCAP_PDR
27-07-2026 23:44 - WARNING - first_pkt_count, first_gps_count, first_pkt_Tstamp
27-07-2026 23:44 - WARNING - 2194634129 39555 2026-07-27T18:12:03.428595
27-07-2026 23:44 - WARNING - last_pkt_count, last_gps_count, last_pkt_Tstamp
27-07-2026 23:44 - WARNING - 2196516670 39584 2026-07-27T18:12:32.636657
27-07-2026 23:44 - WARNING - diff_pkt_count  , diff_gps_count ,  diff_pkt_timstamp
27-07-2026 23:44 - WARNING - 1882541 29 29208062 microseconds
27-07-2026 23:44 - WARNING - No packet loss: /data/dsp/GBD_TRANSIENT_BUFFER/J1921+2153/27_07_2026/PDR_GULP_data002.pcap_27_07_2026_23_43_1785175984.PCAP_PDR
27-07-2026 23:44 - WARNING - first_pkt_count, first_gps_count, first_pkt_Tstamp
27-07-2026 23:44 - WARNING - 2196516671 39584 2026-07-27T18:12:32.636658
27-07-2026 23:44 - WARNING - last_pkt_count, last_gps_count, last_pkt_Tstamp
27-07-2026 23:44 - WARNING - 2198399213 39613 2026-07-27T18:13:01.844772
27-07-2026 23:44 - WARNING - diff_pkt_count  , diff_gps_count ,  diff_pkt_timstamp
27-07-2026 23:44 - WARNING - 1882542 29 29208114 microseconds
27-07-2026 23:44 - WARNING - No packet loss: /data/dsp/GBD_TRANSIENT_BUFFER/J1921+2153/27_07_2026/PDR_GULP_data000.pcap_27_07_2026_23_43_1785176014.PCAP_PDR
27-07-2026 23:44 - WARNING - first_pkt_count, first_gps_count, first_pkt_Tstamp
27-07-2026 23:44 - WARNING - 2198399214 39613 2026-07-27T18:13:01.844824
27-07-2026 23:44 - WARNING - last_pkt_count, last_gps_count, last_pkt_Tstamp
27-07-2026 23:44 - WARNING - 2200281755 39643 2026-07-27T18:13:31.052902
27-07-2026 23:44 - WARNING - diff_pkt_count  , diff_gps_count ,  diff_pkt_timstamp
27-07-2026 23:44 - WARNING - 1882541 30 29208078 microseconds
27-07-2026 23:44 - WARNING - No packet loss: /data/dsp/GBD_TRANSIENT_BUFFER/J1921+2153/27_07_2026/PDR_GULP_data001.pcap_27_07_2026_23_44_1785176043.PCAP_PDR
27-07-2026 23:44 - WARNING - first_pkt_count, first_gps_count, first_pkt_Tstamp
27-07-2026 23:44 - WARNING - 2200281756 39643 2026-07-27T18:13:31.052902
27-07-2026 23:44 - WARNING - last_pkt_count, last_gps_count, last_pkt_Tstamp
27-07-2026 23:44 - WARNING - 2202164297 39672 2026-07-27T18:14:00.260941
27-07-2026 23:44 - WARNING - diff_pkt_count  , diff_gps_count ,  diff_pkt_timstamp
27-07-2026 23:44 - WARNING - 1882541 29 29208039 microseconds
27-07-2026 23:44 SLIP check Finished...
27-07-2026 23:44 Pulsar data reduction pipeline started ...
27-07-2026 23:44 - WARNING - Data Directory: /data/dsp/GBD_TRANSIENT_BUFFER/J1921+2153/27_07_2026
27-07-2026 23:44 - WARNING - Pulsar: J1921+2153
27-07-2026 23:44 - WARNING - CH selelction: 0
27-07-2026 23:44 - WARNING - Phase file: /home/dsp/PDR_acquire_setup/dada_scripts/phase/rf_path_phase.dat
27-07-2026 23:44 - WARNING - Obs. logfile: /home/dsp/PDR_acquire_setup/master_obs_log/J1921+2153_27_07_2026_observation.log
27-07-2026 23:44 - WARNING - Observation start time: 2026_07_27_22_55_48
27-07-2026 23:44 - WARNING - parfile: /home/dsp/parfiles/J1921+2153.par
27-07-2026 23:44 - WARNING - DM: 12.44399
27-07-2026 23:44 - WARNING - Period: 1.3373021601894548
27-07-2026 23:44 - WARNING - RA_DEC: 19:21:44.815+21:53:02.25
27-07-2026 23:44 - WARNING - out_dada_file: J1921+2153_2026_07_27_22_55_48_type_0.dada
27-07-2026 23:44 - WARNING - Number of files to process: 100
27-07-2026 23:44 - WARNING - Files per batch:  17
28-07-2026 00:06 - WARNING - Time taken for PDR2DADA convertion: 0:22:05.688255
28-07-2026 00:06 - WARNING - Center_freq: 175
28-07-2026 00:06 - WARNING - int_time: 3.0
28-07-2026 00:06 - WARNING - nbins: 256
28-07-2026 00:06 - WARNING - fil_chan: 256
28-07-2026 00:06 - WARNING - cpu: 2,3,4,5,6,7,8,9,10,11,12,13,14,15,16
28-07-2026 00:06 - WARNING - thread: 32
28-07-2026 00:06 - WARNING - nbit: 8
28-07-2026 00:06 - WARNING - time_avg: 0.000256
28-07-2026 00:06 - WARNING - MJD_START: 61248.7262579079
28-07-2026 00:06 - WARNING - output: J1921+2153_61248.73_175MHz_type_0_GBD_DART
28-07-2026 00:06 - WARNING - singularity_container: singularity exec /home/dsp/singularity_imag/pschive_py3.sif  
28-07-2026 00:06 - WARNING - ------ DIGIFITS ------
28-07-2026 00:06 - WARNING - ---- Search Mode FITS -------
28-07-2026 00:06 - WARNING - digifits_ful_stokes_cmd: singularity exec /home/dsp/singularity_imag/pschive_py3.sif  digifits  -F 256 -x 256 -b 8 -p 4 -t 0.000256 J1921+2153_2026_07_27_22_55_48_type_0.dada -o J1921+2153_2026_07_27_22_55_48_type_0.dada_stokes.fits
28-07-2026 00:41 - WARNING - ------ Total intensity FITS -------
28-07-2026 00:41 - WARNING - digifits_total_intensity_cmd: singularity exec /home/dsp/singularity_imag/pschive_py3.sif  digifits  -F 256 -x 256 -b 8 -p 1 -t 0.000256 J1921+2153_2026_07_27_22_55_48_type_0.dada -o J1921+2153_2026_07_27_22_55_48_type_0.dada_intensity.fits
28-07-2026 01:28 - WARNING - Nchan: 256
28-07-2026 01:28 - WARNING - Nbin: 256
28-07-2026 01:28 - WARNING - Tavg: 0.000256
28-07-2026 01:28 - WARNING - Time taken for DIGIFITS run: 1:21:36.384182
28-07-2026 01:28 - WARNING - ------ DSPSR ------
28-07-2026 01:28 - WARNING - ------- Coherent Dedispersion Folded archive -------
28-07-2026 01:28 - WARNING - dspsr_cmd: singularity exec /home/dsp/singularity_imag/pschive_py3.sif  dspsr J1921+2153_2026_07_27_22_55_48_type_0.dada -cpu 2,3,4,5,6,7,8,9,10,11,12,13,14,15,16 -t 32 -E /home/dsp/parfiles/J1921+2153.par -L 3.0 -b 256 -F 256:D -N J1921+2153 -a PSRFITS -A -e .fits -O J1921+2153_61248.73_175MHz_type_0_GBD_DART
28-07-2026 01:42 - WARNING - ------- Incoherent Dedispersion Folded archive -------
28-07-2026 01:42 - WARNING - Incoherent_DD_dspsr_cmd: singularity exec /home/dsp/singularity_imag/pschive_py3.sif  dspsr J1921+2153_2026_07_27_22_55_48_type_0.dada_stokes.fits -cpu 2,3,4,5,6,7,8,9,10,11,12,13,14,15,16 -t 32 -E /home/dsp/parfiles/J1921+2153.par -L 3.0 -b 256 -N J1921+2153 -A -e .fits -O J1921+2153_61248.73_175MHz_type_0_GBD_DART_stokes_Incoherent_DD
28-07-2026 01:43 - WARNING - Time taken for DSPSR run: 0:15:39.846406
28-07-2026 01:43 - WARNING - ------ PSREDIT ------
28-07-2026 01:43 - WARNING - psredit_cmd: singularity exec /home/dsp/singularity_imag/pschive_py3.sif  psredit -c name=J1921+2153,be:name=GSB,coord=19:21:44.815+21:53:02.25 -m *_GBD_DART*fits
28-07-2026 01:44 - WARNING - Time taken for PSREDIT run: 0:00:11.963669
28-07-2026 01:44 - WARNING - ------ Iterative RFI Cleaner ------
28-07-2026 01:44 - WARNING - Iterative_cleaner_cmd: singularity exec /home/dsp/singularity_imag/pschive_py3.sif   python3 /home/dsp/PDR_acquire_setup/iterative_cleaner.py -s 3 -c 3 -m 10 *_GBD_DART*fits
28-07-2026 01:51 - WARNING - Time taken for Iterative_cleaner run: 0:07:14.859937
28-07-2026 01:51 - WARNING - ------ PDMP ------
28-07-2026 01:51 - WARNING - pdmp_cmd1: singularity exec /home/dsp/singularity_imag/pschive_py3.sif  pdmp -dr 2 -ds 0.05 -g J1921+2153_61248.73_175MHz_type_0_GBD_DART.fits_cleaned.ar.ps/cps J1921+2153_61248.73_175MHz_type_0_GBD_DART.fits_cleaned.ar
28-07-2026 02:00 - WARNING - pdmp_cmd2: singularity exec /home/dsp/singularity_imag/pschive_py3.sif  pdmp -dr 2 -ds 0.05 -g J1921+2153_61248.73_175MHz_type_0_GBD_DART_stokes_Incoherent_DD.fits_cleaned.ar.ps/cps J1921+2153_61248.73_175MHz_type_0_GBD_DART_stokes_Incoherent_DD.fits_cleaned.ar
28-07-2026 02:08 - WARNING - Time taken for PDMP run: 0:17:37.490120
28-07-2026 02:08 - WARNING - ------ PS2PDF ------
28-07-2026 02:08 - WARNING - ps2pdf_cmd1: singularity exec /home/dsp/singularity_imag/pschive_py3.sif  ps2pdf J1921+2153_61248.73_175MHz_type_0_GBD_DART.fits_cleaned.ar.ps J1921+2153_61248.73_175MHz_type_0_GBD_DART.fits_cleaned.ar.ps.pdf
28-07-2026 02:09 - WARNING - ps2pdf_cmd2: singularity exec /home/dsp/singularity_imag/pschive_py3.sif  ps2pdf J1921+2153_61248.73_175MHz_type_0_GBD_DART_stokes_Incoherent_DD.fits_cleaned.ar.ps J1921+2153_61248.73_175MHz_type_0_GBD_DART_stokes_Incoherent_DD.fits_cleaned.ar.ps.pdf
28-07-2026 02:09 - WARNING - Time taken for PDMP run: 0:00:01.487500
28-07-2026 02:09 - WARNING - Overall time taken for data reduction: 2:24:28.497811
28-07-2026 02:09 - WARNING - J1921+2153_2026_07_27_22_55_48_type_0.dada... file removed
28-07-2026 02:09 - WARNING - All done!
28-07-2026 02:09 --- PRESTO ---
28-07-2026 02:09 singularity_container: singularity exec /home/dsp/singularity_imag/pschive_py3.sif  
28-07-2026 02:09 Filterbank to Process for PULSAR: J1921+2153 with DM:12.44399 : J1921+2153_2026_07_27_22_55_48_type_0.dada_intensity.fits
28-07-2026 02:09 --- RFIFIND ---
28-07-2026 02:09 RFIFIND: singularity exec /home/dsp/singularity_imag/pschive_py3.sif   rfifind -time 2.0 -o J1921+2153 J1921+2153_2026_07_27_22_55_48_type_0.dada_intensity.fits
28-07-2026 02:10 --- PREPDATA ---
28-07-2026 02:10 PREPDATA: singularity exec /home/dsp/singularity_imag/pschive_py3.sif   prepdata -nobary -o J1921+2153_2026_07_27_22_55_48_type_0.dada_intensity.fits -dm 12.44399 -mask J1921+2153_rfifind.mask J1921+2153_2026_07_27_22_55_48_type_0.dada_intensity.fits
28-07-2026 02:10 --- REALFFT ---
28-07-2026 02:10 REALFFT: singularity exec /home/dsp/singularity_imag/pschive_py3.sif   realfft  J1921+2153_2026_07_27_22_55_48_type_0.dada_intensity.fits.dat
28-07-2026 02:10 --- ACCELSEARCH ---
28-07-2026 02:10 ACCELSEARCH: singularity exec /home/dsp/singularity_imag/pschive_py3.sif   accelsearch -numharm 8 -zmax 8  J1921+2153_2026_07_27_22_55_48_type_0.dada_intensity.fits.fft
28-07-2026 02:10 Observation Over.
