28-07-2026 00:19 Waiting for J2041+4551 observation...
28-07-2026 00:24 Observation started...
28-07-2026 00:24 Pulsar: J2041+4551 , parfile: /home/dsp/parfiles/J2041+4551.par , DM: 192.91
28-07-2026 00:24 Trigger sent to obs. PC [VELA].
28-07-2026 00:58 Acquired 80.
28-07-2026 00:58 ACQ over.
28-07-2026 00:58 Removing Trigger file from remote machine 
28-07-2026 00:58 Observation stoped.
-rw------- 1 dsp dsp 2.0G Jul 28 00:20 /data/TRANSIENT_BUFFER/PDR_GULP_data000.pcap_28_07_2026_00_20_1785178204.PCAP_PDR
-rw------- 1 dsp dsp 2.0G Jul 28 00:20 /data/TRANSIENT_BUFFER/PDR_GULP_data001.pcap_28_07_2026_00_20_1785178233.PCAP_PDR
-rw------- 1 dsp dsp 2.0G Jul 28 00:21 /data/TRANSIENT_BUFFER/PDR_GULP_data002.pcap_28_07_2026_00_21_1785178263.PCAP_PDR
-rw------- 1 dsp dsp 2.0G Jul 28 00:21 /data/TRANSIENT_BUFFER/PDR_GULP_data000.pcap_28_07_2026_00_21_1785178292.PCAP_PDR
-rw------- 1 dsp dsp 2.0G Jul 28 00:21 /data/TRANSIENT_BUFFER/PDR_GULP_data001.pcap_28_07_2026_00_22_1785178321.PCAP_PDR
-rw------- 1 dsp dsp 2.0G Jul 28 00:22 /data/TRANSIENT_BUFFER/PDR_GULP_data002.pcap_28_07_2026_00_22_1785178350.PCAP_PDR
-rw------- 1 dsp dsp 2.0G Jul 28 00:22 /data/TRANSIENT_BUFFER/PDR_GULP_data000.pcap_28_07_2026_00_22_1785178379.PCAP_PDR
-rw------- 1 dsp dsp 2.0G Jul 28 00:23 /data/TRANSIENT_BUFFER/PDR_GULP_data001.pcap_28_07_2026_00_23_1785178409.PCAP_PDR
-rw------- 1 dsp dsp 2.0G Jul 28 00:23 /data/TRANSIENT_BUFFER/PDR_GULP_data002.pcap_28_07_2026_00_23_1785178438.PCAP_PDR
-rw------- 1 dsp dsp 2.0G Jul 28 00:24 /data/TRANSIENT_BUFFER/PDR_GULP_data000.pcap_28_07_2026_00_24_1785178467.PCAP_PDR
-rw------- 1 dsp dsp 2.0G Jul 28 00:24 /data/TRANSIENT_BUFFER/PDR_GULP_data001.pcap_28_07_2026_00_24_1785178496.PCAP_PDR
-rw------- 1 dsp dsp 2.0G Jul 28 00:25 /data/TRANSIENT_BUFFER/PDR_GULP_data002.pcap_28_07_2026_00_25_1785178525.PCAP_PDR
-rw------- 1 dsp dsp 2.0G Jul 28 00:25 /data/TRANSIENT_BUFFER/PDR_GULP_data000.pcap_28_07_2026_00_25_1785178555.PCAP_PDR
-rw------- 1 dsp dsp 2.0G Jul 28 00:26 /data/TRANSIENT_BUFFER/PDR_GULP_data001.pcap_28_07_2026_00_26_1785178584.PCAP_PDR
-rw------- 1 dsp dsp 2.0G Jul 28 00:26 /data/TRANSIENT_BUFFER/PDR_GULP_data002.pcap_28_07_2026_00_26_1785178613.PCAP_PDR
-rw------- 1 dsp dsp 2.0G Jul 28 00:27 /data/TRANSIENT_BUFFER/PDR_GULP_data000.pcap_28_07_2026_00_27_1785178642.PCAP_PDR
-rw------- 1 dsp dsp 2.0G Jul 28 00:27 /data/TRANSIENT_BUFFER/PDR_GULP_data001.pcap_28_07_2026_00_27_1785178671.PCAP_PDR
-rw------- 1 dsp dsp 2.0G Jul 28 00:28 /data/TRANSIENT_BUFFER/PDR_GULP_data002.pcap_28_07_2026_00_28_1785178701.PCAP_PDR
-rw------- 1 dsp dsp 2.0G Jul 28 00:28 /data/TRANSIENT_BUFFER/PDR_GULP_data000.pcap_28_07_2026_00_28_1785178730.PCAP_PDR
-rw------- 1 dsp dsp 2.0G Jul 28 00:29 /data/TRANSIENT_BUFFER/PDR_GULP_data001.pcap_28_07_2026_00_29_1785178759.PCAP_PDR
-rw------- 1 dsp dsp 2.0G Jul 28 00:29 /data/TRANSIENT_BUFFER/PDR_GULP_data002.pcap_28_07_2026_00_29_1785178788.PCAP_PDR
-rw------- 1 dsp dsp 2.0G Jul 28 00:30 /data/TRANSIENT_BUFFER/PDR_GULP_data000.pcap_28_07_2026_00_30_1785178818.PCAP_PDR
-rw------- 1 dsp dsp 2.0G Jul 28 00:30 /data/TRANSIENT_BUFFER/PDR_GULP_data001.pcap_28_07_2026_00_30_1785178847.PCAP_PDR
-rw------- 1 dsp dsp 2.0G Jul 28 00:31 /data/TRANSIENT_BUFFER/PDR_GULP_data002.pcap_28_07_2026_00_31_1785178876.PCAP_PDR
-rw------- 1 dsp dsp 2.0G Jul 28 00:31 /data/TRANSIENT_BUFFER/PDR_GULP_data000.pcap_28_07_2026_00_31_1785178905.PCAP_PDR
-rw------- 1 dsp dsp 2.0G Jul 28 00:32 /data/TRANSIENT_BUFFER/PDR_GULP_data001.pcap_28_07_2026_00_32_1785178934.PCAP_PDR
-rw------- 1 dsp dsp 2.0G Jul 28 00:32 /data/TRANSIENT_BUFFER/PDR_GULP_data002.pcap_28_07_2026_00_32_1785178964.PCAP_PDR
-rw------- 1 dsp dsp 2.0G Jul 28 00:33 /data/TRANSIENT_BUFFER/PDR_GULP_data000.pcap_28_07_2026_00_33_1785178993.PCAP_PDR
-rw------- 1 dsp dsp 2.0G Jul 28 00:33 /data/TRANSIENT_BUFFER/PDR_GULP_data001.pcap_28_07_2026_00_33_1785179022.PCAP_PDR
-rw------- 1 dsp dsp 2.0G Jul 28 00:34 /data/TRANSIENT_BUFFER/PDR_GULP_data002.pcap_28_07_2026_00_34_1785179051.PCAP_PDR
-rw------- 1 dsp dsp 2.0G Jul 28 00:34 /data/TRANSIENT_BUFFER/PDR_GULP_data000.pcap_28_07_2026_00_34_1785179080.PCAP_PDR
-rw------- 1 dsp dsp 2.0G Jul 28 00:35 /data/TRANSIENT_BUFFER/PDR_GULP_data001.pcap_28_07_2026_00_35_1785179110.PCAP_PDR
-rw------- 1 dsp dsp 2.0G Jul 28 00:35 /data/TRANSIENT_BUFFER/PDR_GULP_data002.pcap_28_07_2026_00_35_1785179139.PCAP_PDR
-rw------- 1 dsp dsp 2.0G Jul 28 00:36 /data/TRANSIENT_BUFFER/PDR_GULP_data000.pcap_28_07_2026_00_36_1785179168.PCAP_PDR
-rw------- 1 dsp dsp 2.0G Jul 28 00:36 /data/TRANSIENT_BUFFER/PDR_GULP_data001.pcap_28_07_2026_00_36_1785179197.PCAP_PDR
-rw------- 1 dsp dsp 2.0G Jul 28 00:37 /data/TRANSIENT_BUFFER/PDR_GULP_data002.pcap_28_07_2026_00_37_1785179226.PCAP_PDR
-rw------- 1 dsp dsp 2.0G Jul 28 00:37 /data/TRANSIENT_BUFFER/PDR_GULP_data000.pcap_28_07_2026_00_37_1785179256.PCAP_PDR
-rw------- 1 dsp dsp 2.0G Jul 28 00:38 /data/TRANSIENT_BUFFER/PDR_GULP_data001.pcap_28_07_2026_00_38_1785179285.PCAP_PDR
-rw------- 1 dsp dsp 2.0G Jul 28 00:38 /data/TRANSIENT_BUFFER/PDR_GULP_data002.pcap_28_07_2026_00_38_1785179314.PCAP_PDR
-rw------- 1 dsp dsp 2.0G Jul 28 00:39 /data/TRANSIENT_BUFFER/PDR_GULP_data000.pcap_28_07_2026_00_39_1785179343.PCAP_PDR
-rw------- 1 dsp dsp 2.0G Jul 28 00:39 /data/TRANSIENT_BUFFER/PDR_GULP_data001.pcap_28_07_2026_00_39_1785179372.PCAP_PDR
-rw------- 1 dsp dsp 2.0G Jul 28 00:39 /data/TRANSIENT_BUFFER/PDR_GULP_data002.pcap_28_07_2026_00_40_1785179402.PCAP_PDR
-rw------- 1 dsp dsp 2.0G Jul 28 00:40 /data/TRANSIENT_BUFFER/PDR_GULP_data000.pcap_28_07_2026_00_40_1785179431.PCAP_PDR
-rw------- 1 dsp dsp 2.0G Jul 28 00:40 /data/TRANSIENT_BUFFER/PDR_GULP_data001.pcap_28_07_2026_00_41_1785179460.PCAP_PDR
-rw------- 1 dsp dsp 2.0G Jul 28 00:41 /data/TRANSIENT_BUFFER/PDR_GULP_data002.pcap_28_07_2026_00_41_1785179489.PCAP_PDR
-rw------- 1 dsp dsp 2.0G Jul 28 00:41 /data/TRANSIENT_BUFFER/PDR_GULP_data000.pcap_28_07_2026_00_41_1785179519.PCAP_PDR
-rw------- 1 dsp dsp 2.0G Jul 28 00:42 /data/TRANSIENT_BUFFER/PDR_GULP_data001.pcap_28_07_2026_00_42_1785179548.PCAP_PDR
-rw------- 1 dsp dsp 2.0G Jul 28 00:42 /data/TRANSIENT_BUFFER/PDR_GULP_data002.pcap_28_07_2026_00_42_1785179577.PCAP_PDR
-rw------- 1 dsp dsp 2.0G Jul 28 00:43 /data/TRANSIENT_BUFFER/PDR_GULP_data000.pcap_28_07_2026_00_43_1785179606.PCAP_PDR
-rw------- 1 dsp dsp 2.0G Jul 28 00:43 /data/TRANSIENT_BUFFER/PDR_GULP_data001.pcap_28_07_2026_00_43_1785179635.PCAP_PDR
-rw------- 1 dsp dsp 2.0G Jul 28 00:44 /data/TRANSIENT_BUFFER/PDR_GULP_data002.pcap_28_07_2026_00_44_1785179665.PCAP_PDR
-rw------- 1 dsp dsp 2.0G Jul 28 00:44 /data/TRANSIENT_BUFFER/PDR_GULP_data000.pcap_28_07_2026_00_44_1785179694.PCAP_PDR
-rw------- 1 dsp dsp 2.0G Jul 28 00:45 /data/TRANSIENT_BUFFER/PDR_GULP_data001.pcap_28_07_2026_00_45_1785179723.PCAP_PDR
-rw------- 1 dsp dsp 2.0G Jul 28 00:45 /data/TRANSIENT_BUFFER/PDR_GULP_data002.pcap_28_07_2026_00_45_1785179752.PCAP_PDR
-rw------- 1 dsp dsp 2.0G Jul 28 00:46 /data/TRANSIENT_BUFFER/PDR_GULP_data000.pcap_28_07_2026_00_46_1785179781.PCAP_PDR
-rw------- 1 dsp dsp 2.0G Jul 28 00:46 /data/TRANSIENT_BUFFER/PDR_GULP_data001.pcap_28_07_2026_00_46_1785179811.PCAP_PDR
-rw------- 1 dsp dsp 2.0G Jul 28 00:47 /data/TRANSIENT_BUFFER/PDR_GULP_data002.pcap_28_07_2026_00_47_1785179840.PCAP_PDR
-rw------- 1 dsp dsp 2.0G Jul 28 00:47 /data/TRANSIENT_BUFFER/PDR_GULP_data000.pcap_28_07_2026_00_47_1785179869.PCAP_PDR
-rw------- 1 dsp dsp 2.0G Jul 28 00:48 /data/TRANSIENT_BUFFER/PDR_GULP_data001.pcap_28_07_2026_00_48_1785179898.PCAP_PDR
-rw------- 1 dsp dsp 2.0G Jul 28 00:48 /data/TRANSIENT_BUFFER/PDR_GULP_data002.pcap_28_07_2026_00_48_1785179927.PCAP_PDR
-rw------- 1 dsp dsp 2.0G Jul 28 00:49 /data/TRANSIENT_BUFFER/PDR_GULP_data000.pcap_28_07_2026_00_49_1785179957.PCAP_PDR
-rw------- 1 dsp dsp 2.0G Jul 28 00:49 /data/TRANSIENT_BUFFER/PDR_GULP_data001.pcap_28_07_2026_00_49_1785179986.PCAP_PDR
-rw------- 1 dsp dsp 2.0G Jul 28 00:50 /data/TRANSIENT_BUFFER/PDR_GULP_data002.pcap_28_07_2026_00_50_1785180015.PCAP_PDR
-rw------- 1 dsp dsp 2.0G Jul 28 00:50 /data/TRANSIENT_BUFFER/PDR_GULP_data000.pcap_28_07_2026_00_50_1785180044.PCAP_PDR
-rw------- 1 dsp dsp 2.0G Jul 28 00:51 /data/TRANSIENT_BUFFER/PDR_GULP_data001.pcap_28_07_2026_00_51_1785180073.PCAP_PDR
-rw------- 1 dsp dsp 2.0G Jul 28 00:51 /data/TRANSIENT_BUFFER/PDR_GULP_data002.pcap_28_07_2026_00_51_1785180103.PCAP_PDR
-rw------- 1 dsp dsp 2.0G Jul 28 00:52 /data/TRANSIENT_BUFFER/PDR_GULP_data000.pcap_28_07_2026_00_52_1785180132.PCAP_PDR
-rw------- 1 dsp dsp 2.0G Jul 28 00:52 /data/TRANSIENT_BUFFER/PDR_GULP_data001.pcap_28_07_2026_00_52_1785180161.PCAP_PDR
-rw------- 1 dsp dsp 2.0G Jul 28 00:53 /data/TRANSIENT_BUFFER/PDR_GULP_data002.pcap_28_07_2026_00_53_1785180190.PCAP_PDR
-rw------- 1 dsp dsp 2.0G Jul 28 00:53 /data/TRANSIENT_BUFFER/PDR_GULP_data000.pcap_28_07_2026_00_53_1785180219.PCAP_PDR
-rw------- 1 dsp dsp 2.0G Jul 28 00:54 /data/TRANSIENT_BUFFER/PDR_GULP_data001.pcap_28_07_2026_00_54_1785180249.PCAP_PDR
-rw------- 1 dsp dsp 2.0G Jul 28 00:54 /data/TRANSIENT_BUFFER/PDR_GULP_data002.pcap_28_07_2026_00_54_1785180278.PCAP_PDR
-rw------- 1 dsp dsp 2.0G Jul 28 00:55 /data/TRANSIENT_BUFFER/PDR_GULP_data000.pcap_28_07_2026_00_55_1785180307.PCAP_PDR
-rw------- 1 dsp dsp 2.0G Jul 28 00:55 /data/TRANSIENT_BUFFER/PDR_GULP_data001.pcap_28_07_2026_00_55_1785180336.PCAP_PDR
-rw------- 1 dsp dsp 2.0G Jul 28 00:56 /data/TRANSIENT_BUFFER/PDR_GULP_data002.pcap_28_07_2026_00_56_1785180366.PCAP_PDR
-rw------- 1 dsp dsp 2.0G Jul 28 00:56 /data/TRANSIENT_BUFFER/PDR_GULP_data000.pcap_28_07_2026_00_56_1785180395.PCAP_PDR
-rw------- 1 dsp dsp 2.0G Jul 28 00:57 /data/TRANSIENT_BUFFER/PDR_GULP_data001.pcap_28_07_2026_00_57_1785180424.PCAP_PDR
-rw------- 1 dsp dsp 2.0G Jul 28 00:57 /data/TRANSIENT_BUFFER/PDR_GULP_data002.pcap_28_07_2026_00_57_1785180453.PCAP_PDR
-rw------- 1 dsp dsp 2.0G Jul 28 00:57 /data/TRANSIENT_BUFFER/PDR_GULP_data000.pcap_28_07_2026_00_58_1785180482.PCAP_PDR
-rw------- 1 dsp dsp 2.0G Jul 28 00:58 /data/TRANSIENT_BUFFER/PDR_GULP_data001.pcap_28_07_2026_00_58_1785180512.PCAP_PDR
28-07-2026 00:58 RAW PCAP data moved from Transient Buffer.
28-07-2026 00:58 SLIP check Started ...
28-07-2026 00:59 - WARNING - Data Directory: /data/dsp/GBD_TRANSIENT_BUFFER/J2041+4551/28_07_2026
28-07-2026 00:59 - WARNING - Number of Files: 80
28-07-2026 00:59 - WARNING - No packet loss: /data/dsp/GBD_TRANSIENT_BUFFER/J2041+4551/28_07_2026/PDR_GULP_data000.pcap_28_07_2026_00_20_1785178204.PCAP_PDR
28-07-2026 00:59 - WARNING - first_pkt_count, first_gps_count, first_pkt_Tstamp
28-07-2026 00:59 - WARNING - 2339589876 41804 2026-07-27T18:49:32.440433
28-07-2026 00:59 - WARNING - last_pkt_count, last_gps_count, last_pkt_Tstamp
28-07-2026 00:59 - WARNING - 2341472417 41833 2026-07-27T18:50:01.648160
28-07-2026 00:59 - WARNING - diff_pkt_count  , diff_gps_count ,  diff_pkt_timstamp
28-07-2026 00:59 - WARNING - 1882541 29 29207727 microseconds
28-07-2026 00:59 - WARNING - No packet loss: /data/dsp/GBD_TRANSIENT_BUFFER/J2041+4551/28_07_2026/PDR_GULP_data001.pcap_28_07_2026_00_20_1785178233.PCAP_PDR
28-07-2026 00:59 - WARNING - first_pkt_count, first_gps_count, first_pkt_Tstamp
28-07-2026 00:59 - WARNING - 2341472418 41833 2026-07-27T18:50:01.648160
28-07-2026 00:59 - WARNING - last_pkt_count, last_gps_count, last_pkt_Tstamp
28-07-2026 00:59 - WARNING - 2343354959 41862 2026-07-27T18:50:30.855904
28-07-2026 00:59 - WARNING - diff_pkt_count  , diff_gps_count ,  diff_pkt_timstamp
28-07-2026 00:59 - WARNING - 1882541 29 29207744 microseconds
28-07-2026 00:59 - WARNING - No packet loss: /data/dsp/GBD_TRANSIENT_BUFFER/J2041+4551/28_07_2026/PDR_GULP_data002.pcap_28_07_2026_00_21_1785178263.PCAP_PDR
28-07-2026 00:59 - WARNING - first_pkt_count, first_gps_count, first_pkt_Tstamp
28-07-2026 00:59 - WARNING - 2343354960 41862 2026-07-27T18:50:30.855904
28-07-2026 00:59 - WARNING - last_pkt_count, last_gps_count, last_pkt_Tstamp
28-07-2026 00:59 - WARNING - 2345237502 41892 2026-07-27T18:51:00.063724
28-07-2026 00:59 - WARNING - diff_pkt_count  , diff_gps_count ,  diff_pkt_timstamp
28-07-2026 00:59 - WARNING - 1882542 30 29207820 microseconds
28-07-2026 00:59 - WARNING - No packet loss: /data/dsp/GBD_TRANSIENT_BUFFER/J2041+4551/28_07_2026/PDR_GULP_data000.pcap_28_07_2026_00_21_1785178292.PCAP_PDR
28-07-2026 00:59 - WARNING - first_pkt_count, first_gps_count, first_pkt_Tstamp
28-07-2026 00:59 - WARNING - 2345237503 41892 2026-07-27T18:51:00.063724
28-07-2026 00:59 - WARNING - last_pkt_count, last_gps_count, last_pkt_Tstamp
28-07-2026 00:59 - WARNING - 2347120044 41921 2026-07-27T18:51:29.271452
28-07-2026 00:59 - WARNING - diff_pkt_count  , diff_gps_count ,  diff_pkt_timstamp
28-07-2026 00:59 - WARNING - 1882541 29 29207728 microseconds
28-07-2026 00:59 - WARNING - No packet loss: /data/dsp/GBD_TRANSIENT_BUFFER/J2041+4551/28_07_2026/PDR_GULP_data001.pcap_28_07_2026_00_22_1785178321.PCAP_PDR
28-07-2026 00:59 - WARNING - first_pkt_count, first_gps_count, first_pkt_Tstamp
28-07-2026 00:59 - WARNING - 2347120045 41921 2026-07-27T18:51:29.271452
28-07-2026 00:59 - WARNING - last_pkt_count, last_gps_count, last_pkt_Tstamp
28-07-2026 00:59 - WARNING - 2349002586 41950 2026-07-27T18:51:58.479305
28-07-2026 00:59 - WARNING - diff_pkt_count  , diff_gps_count ,  diff_pkt_timstamp
28-07-2026 00:59 - WARNING - 1882541 29 29207853 microseconds
28-07-2026 00:59 - WARNING - No packet loss: /data/dsp/GBD_TRANSIENT_BUFFER/J2041+4551/28_07_2026/PDR_GULP_data002.pcap_28_07_2026_00_22_1785178350.PCAP_PDR
28-07-2026 00:59 - WARNING - first_pkt_count, first_gps_count, first_pkt_Tstamp
28-07-2026 00:59 - WARNING - 2349002587 41950 2026-07-27T18:51:58.479305
28-07-2026 00:59 - WARNING - last_pkt_count, last_gps_count, last_pkt_Tstamp
28-07-2026 00:59 - WARNING - 2350885128 41979 2026-07-27T18:52:27.687020
28-07-2026 00:59 - WARNING - diff_pkt_count  , diff_gps_count ,  diff_pkt_timstamp
28-07-2026 00:59 - WARNING - 1882541 29 29207715 microseconds
28-07-2026 00:59 - WARNING - No packet loss: /data/dsp/GBD_TRANSIENT_BUFFER/J2041+4551/28_07_2026/PDR_GULP_data000.pcap_28_07_2026_00_22_1785178379.PCAP_PDR
28-07-2026 00:59 - WARNING - first_pkt_count, first_gps_count, first_pkt_Tstamp
28-07-2026 00:59 - WARNING - 2350885129 41979 2026-07-27T18:52:27.687021
28-07-2026 00:59 - WARNING - last_pkt_count, last_gps_count, last_pkt_Tstamp
28-07-2026 00:59 - WARNING - 2352767670 42008 2026-07-27T18:52:56.894837
28-07-2026 00:59 - WARNING - diff_pkt_count  , diff_gps_count ,  diff_pkt_timstamp
28-07-2026 00:59 - WARNING - 1882541 29 29207816 microseconds
28-07-2026 00:59 - WARNING - No packet loss: /data/dsp/GBD_TRANSIENT_BUFFER/J2041+4551/28_07_2026/PDR_GULP_data001.pcap_28_07_2026_00_23_1785178409.PCAP_PDR
28-07-2026 00:59 - WARNING - first_pkt_count, first_gps_count, first_pkt_Tstamp
28-07-2026 00:59 - WARNING - 2352767671 42008 2026-07-27T18:52:56.894837
28-07-2026 00:59 - WARNING - last_pkt_count, last_gps_count, last_pkt_Tstamp
28-07-2026 00:59 - WARNING - 2354650212 42038 2026-07-27T18:53:26.102589
28-07-2026 00:59 - WARNING - diff_pkt_count  , diff_gps_count ,  diff_pkt_timstamp
28-07-2026 00:59 - WARNING - 1882541 30 29207752 microseconds
28-07-2026 00:59 - WARNING - No packet loss: /data/dsp/GBD_TRANSIENT_BUFFER/J2041+4551/28_07_2026/PDR_GULP_data002.pcap_28_07_2026_00_23_1785178438.PCAP_PDR
28-07-2026 00:59 - WARNING - first_pkt_count, first_gps_count, first_pkt_Tstamp
28-07-2026 00:59 - WARNING - 2354650213 42038 2026-07-27T18:53:26.102589
28-07-2026 00:59 - WARNING - last_pkt_count, last_gps_count, last_pkt_Tstamp
28-07-2026 00:59 - WARNING - 2356532755 42067 2026-07-27T18:53:55.310445
28-07-2026 00:59 - WARNING - diff_pkt_count  , diff_gps_count ,  diff_pkt_timstamp
28-07-2026 00:59 - WARNING - 1882542 29 29207856 microseconds
28-07-2026 00:59 - WARNING - No packet loss: /data/dsp/GBD_TRANSIENT_BUFFER/J2041+4551/28_07_2026/PDR_GULP_data000.pcap_28_07_2026_00_24_1785178467.PCAP_PDR
28-07-2026 00:59 - WARNING - first_pkt_count, first_gps_count, first_pkt_Tstamp
28-07-2026 00:59 - WARNING - 2356532756 42067 2026-07-27T18:53:55.310445
28-07-2026 00:59 - WARNING - last_pkt_count, last_gps_count, last_pkt_Tstamp
28-07-2026 00:59 - WARNING - 2358415297 42096 2026-07-27T18:54:24.518191
28-07-2026 00:59 - WARNING - diff_pkt_count  , diff_gps_count ,  diff_pkt_timstamp
28-07-2026 00:59 - WARNING - 1882541 29 29207746 microseconds
28-07-2026 00:59 - WARNING - No packet loss: /data/dsp/GBD_TRANSIENT_BUFFER/J2041+4551/28_07_2026/PDR_GULP_data001.pcap_28_07_2026_00_24_1785178496.PCAP_PDR
28-07-2026 00:59 - WARNING - first_pkt_count, first_gps_count, first_pkt_Tstamp
28-07-2026 00:59 - WARNING - 2358415298 42096 2026-07-27T18:54:24.518192
28-07-2026 00:59 - WARNING - last_pkt_count, last_gps_count, last_pkt_Tstamp
28-07-2026 00:59 - WARNING - 2360297839 42125 2026-07-27T18:54:53.725978
28-07-2026 00:59 - WARNING - diff_pkt_count  , diff_gps_count ,  diff_pkt_timstamp
28-07-2026 00:59 - WARNING - 1882541 29 29207786 microseconds
28-07-2026 00:59 - WARNING - No packet loss: /data/dsp/GBD_TRANSIENT_BUFFER/J2041+4551/28_07_2026/PDR_GULP_data002.pcap_28_07_2026_00_25_1785178525.PCAP_PDR
28-07-2026 00:59 - WARNING - first_pkt_count, first_gps_count, first_pkt_Tstamp
28-07-2026 00:59 - WARNING - 2360297840 42125 2026-07-27T18:54:53.726032
28-07-2026 00:59 - WARNING - last_pkt_count, last_gps_count, last_pkt_Tstamp
28-07-2026 00:59 - WARNING - 2362180381 42154 2026-07-27T18:55:22.933806
28-07-2026 00:59 - WARNING - diff_pkt_count  , diff_gps_count ,  diff_pkt_timstamp
28-07-2026 00:59 - WARNING - 1882541 29 29207774 microseconds
28-07-2026 00:59 - WARNING - No packet loss: /data/dsp/GBD_TRANSIENT_BUFFER/J2041+4551/28_07_2026/PDR_GULP_data000.pcap_28_07_2026_00_25_1785178555.PCAP_PDR
28-07-2026 00:59 - WARNING - first_pkt_count, first_gps_count, first_pkt_Tstamp
28-07-2026 00:59 - WARNING - 2362180382 42154 2026-07-27T18:55:22.933806
28-07-2026 00:59 - WARNING - last_pkt_count, last_gps_count, last_pkt_Tstamp
28-07-2026 00:59 - WARNING - 2364062923 42184 2026-07-27T18:55:52.141632
28-07-2026 00:59 - WARNING - diff_pkt_count  , diff_gps_count ,  diff_pkt_timstamp
28-07-2026 00:59 - WARNING - 1882541 30 29207826 microseconds
28-07-2026 00:59 - WARNING - No packet loss: /data/dsp/GBD_TRANSIENT_BUFFER/J2041+4551/28_07_2026/PDR_GULP_data001.pcap_28_07_2026_00_26_1785178584.PCAP_PDR
28-07-2026 00:59 - WARNING - first_pkt_count, first_gps_count, first_pkt_Tstamp
28-07-2026 00:59 - WARNING - 2364062924 42184 2026-07-27T18:55:52.141632
28-07-2026 00:59 - WARNING - last_pkt_count, last_gps_count, last_pkt_Tstamp
28-07-2026 00:59 - WARNING - 2365945465 42213 2026-07-27T18:56:21.349422
28-07-2026 00:59 - WARNING - diff_pkt_count  , diff_gps_count ,  diff_pkt_timstamp
28-07-2026 00:59 - WARNING - 1882541 29 29207790 microseconds
28-07-2026 00:59 - WARNING - No packet loss: /data/dsp/GBD_TRANSIENT_BUFFER/J2041+4551/28_07_2026/PDR_GULP_data002.pcap_28_07_2026_00_26_1785178613.PCAP_PDR
28-07-2026 00:59 - WARNING - first_pkt_count, first_gps_count, first_pkt_Tstamp
28-07-2026 00:59 - WARNING - 2365945466 42213 2026-07-27T18:56:21.349422
28-07-2026 00:59 - WARNING - last_pkt_count, last_gps_count, last_pkt_Tstamp
28-07-2026 00:59 - WARNING - 2367828008 42242 2026-07-27T18:56:50.557256
28-07-2026 00:59 - WARNING - diff_pkt_count  , diff_gps_count ,  diff_pkt_timstamp
28-07-2026 00:59 - WARNING - 1882542 29 29207834 microseconds
28-07-2026 00:59 - WARNING - No packet loss: /data/dsp/GBD_TRANSIENT_BUFFER/J2041+4551/28_07_2026/PDR_GULP_data000.pcap_28_07_2026_00_27_1785178642.PCAP_PDR
28-07-2026 00:59 - WARNING - first_pkt_count, first_gps_count, first_pkt_Tstamp
28-07-2026 00:59 - WARNING - 2367828009 42242 2026-07-27T18:56:50.557256
28-07-2026 00:59 - WARNING - last_pkt_count, last_gps_count, last_pkt_Tstamp
28-07-2026 00:59 - WARNING - 2369710550 42271 2026-07-27T18:57:19.765037
28-07-2026 00:59 - WARNING - diff_pkt_count  , diff_gps_count ,  diff_pkt_timstamp
28-07-2026 00:59 - WARNING - 1882541 29 29207781 microseconds
28-07-2026 00:59 - WARNING - No packet loss: /data/dsp/GBD_TRANSIENT_BUFFER/J2041+4551/28_07_2026/PDR_GULP_data001.pcap_28_07_2026_00_27_1785178671.PCAP_PDR
28-07-2026 00:59 - WARNING - first_pkt_count, first_gps_count, first_pkt_Tstamp
28-07-2026 00:59 - WARNING - 2369710551 42271 2026-07-27T18:57:19.765090
28-07-2026 00:59 - WARNING - last_pkt_count, last_gps_count, last_pkt_Tstamp
28-07-2026 00:59 - WARNING - 2371593092 42300 2026-07-27T18:57:48.972855
28-07-2026 00:59 - WARNING - diff_pkt_count  , diff_gps_count ,  diff_pkt_timstamp
28-07-2026 00:59 - WARNING - 1882541 29 29207765 microseconds
28-07-2026 00:59 - WARNING - No packet loss: /data/dsp/GBD_TRANSIENT_BUFFER/J2041+4551/28_07_2026/PDR_GULP_data002.pcap_28_07_2026_00_28_1785178701.PCAP_PDR
28-07-2026 00:59 - WARNING - first_pkt_count, first_gps_count, first_pkt_Tstamp
28-07-2026 00:59 - WARNING - 2371593093 42300 2026-07-27T18:57:48.972907
28-07-2026 00:59 - WARNING - last_pkt_count, last_gps_count, last_pkt_Tstamp
28-07-2026 00:59 - WARNING - 2373475634 42330 2026-07-27T18:58:18.180683
28-07-2026 00:59 - WARNING - diff_pkt_count  , diff_gps_count ,  diff_pkt_timstamp
28-07-2026 00:59 - WARNING - 1882541 30 29207776 microseconds
28-07-2026 00:59 - WARNING - No packet loss: /data/dsp/GBD_TRANSIENT_BUFFER/J2041+4551/28_07_2026/PDR_GULP_data000.pcap_28_07_2026_00_28_1785178730.PCAP_PDR
28-07-2026 00:59 - WARNING - first_pkt_count, first_gps_count, first_pkt_Tstamp
28-07-2026 00:59 - WARNING - 2373475635 42330 2026-07-27T18:58:18.180736
28-07-2026 00:59 - WARNING - last_pkt_count, last_gps_count, last_pkt_Tstamp
28-07-2026 00:59 - WARNING - 2375358176 42359 2026-07-27T18:58:47.388545
28-07-2026 00:59 - WARNING - diff_pkt_count  , diff_gps_count ,  diff_pkt_timstamp
28-07-2026 00:59 - WARNING - 1882541 29 29207809 microseconds
28-07-2026 00:59 - WARNING - No packet loss: /data/dsp/GBD_TRANSIENT_BUFFER/J2041+4551/28_07_2026/PDR_GULP_data001.pcap_28_07_2026_00_29_1785178759.PCAP_PDR
28-07-2026 00:59 - WARNING - first_pkt_count, first_gps_count, first_pkt_Tstamp
28-07-2026 00:59 - WARNING - 2375358177 42359 2026-07-27T18:58:47.388546
28-07-2026 00:59 - WARNING - last_pkt_count, last_gps_count, last_pkt_Tstamp
28-07-2026 00:59 - WARNING - 2377240718 42388 2026-07-27T18:59:16.596360
28-07-2026 00:59 - WARNING - diff_pkt_count  , diff_gps_count ,  diff_pkt_timstamp
28-07-2026 00:59 - WARNING - 1882541 29 29207814 microseconds
28-07-2026 00:59 - WARNING - No packet loss: /data/dsp/GBD_TRANSIENT_BUFFER/J2041+4551/28_07_2026/PDR_GULP_data002.pcap_28_07_2026_00_29_1785178788.PCAP_PDR
28-07-2026 00:59 - WARNING - first_pkt_count, first_gps_count, first_pkt_Tstamp
28-07-2026 00:59 - WARNING - 2377240719 42388 2026-07-27T18:59:16.596360
28-07-2026 00:59 - WARNING - last_pkt_count, last_gps_count, last_pkt_Tstamp
28-07-2026 00:59 - WARNING - 2379123261 42417 2026-07-27T18:59:45.804162
28-07-2026 00:59 - WARNING - diff_pkt_count  , diff_gps_count ,  diff_pkt_timstamp
28-07-2026 00:59 - WARNING - 1882542 29 29207802 microseconds
28-07-2026 00:59 - WARNING - No packet loss: /data/dsp/GBD_TRANSIENT_BUFFER/J2041+4551/28_07_2026/PDR_GULP_data000.pcap_28_07_2026_00_30_1785178818.PCAP_PDR
28-07-2026 00:59 - WARNING - first_pkt_count, first_gps_count, first_pkt_Tstamp
28-07-2026 00:59 - WARNING - 2379123262 42417 2026-07-27T18:59:45.804215
28-07-2026 00:59 - WARNING - last_pkt_count, last_gps_count, last_pkt_Tstamp
28-07-2026 00:59 - WARNING - 2381005803 42447 2026-07-27T19:00:15.012030
28-07-2026 00:59 - WARNING - diff_pkt_count  , diff_gps_count ,  diff_pkt_timstamp
28-07-2026 00:59 - WARNING - 1882541 30 29207815 microseconds
28-07-2026 00:59 - WARNING - No packet loss: /data/dsp/GBD_TRANSIENT_BUFFER/J2041+4551/28_07_2026/PDR_GULP_data001.pcap_28_07_2026_00_30_1785178847.PCAP_PDR
28-07-2026 00:59 - WARNING - first_pkt_count, first_gps_count, first_pkt_Tstamp
28-07-2026 00:59 - WARNING - 2381005804 42447 2026-07-27T19:00:15.012031
28-07-2026 00:59 - WARNING - last_pkt_count, last_gps_count, last_pkt_Tstamp
28-07-2026 00:59 - WARNING - 2382888345 42476 2026-07-27T19:00:44.219855
28-07-2026 00:59 - WARNING - diff_pkt_count  , diff_gps_count ,  diff_pkt_timstamp
28-07-2026 00:59 - WARNING - 1882541 29 29207824 microseconds
28-07-2026 00:59 - WARNING - No packet loss: /data/dsp/GBD_TRANSIENT_BUFFER/J2041+4551/28_07_2026/PDR_GULP_data002.pcap_28_07_2026_00_31_1785178876.PCAP_PDR
28-07-2026 00:59 - WARNING - first_pkt_count, first_gps_count, first_pkt_Tstamp
28-07-2026 00:59 - WARNING - 2382888346 42476 2026-07-27T19:00:44.219855
28-07-2026 00:59 - WARNING - last_pkt_count, last_gps_count, last_pkt_Tstamp
28-07-2026 00:59 - WARNING - 2384770887 42505 2026-07-27T19:01:13.427687
28-07-2026 00:59 - WARNING - diff_pkt_count  , diff_gps_count ,  diff_pkt_timstamp
28-07-2026 00:59 - WARNING - 1882541 29 29207832 microseconds
28-07-2026 00:59 - WARNING - No packet loss: /data/dsp/GBD_TRANSIENT_BUFFER/J2041+4551/28_07_2026/PDR_GULP_data000.pcap_28_07_2026_00_31_1785178905.PCAP_PDR
28-07-2026 00:59 - WARNING - first_pkt_count, first_gps_count, first_pkt_Tstamp
28-07-2026 00:59 - WARNING - 2384770888 42505 2026-07-27T19:01:13.427687
28-07-2026 00:59 - WARNING - last_pkt_count, last_gps_count, last_pkt_Tstamp
28-07-2026 00:59 - WARNING - 2386653429 42534 2026-07-27T19:01:42.635482
28-07-2026 00:59 - WARNING - diff_pkt_count  , diff_gps_count ,  diff_pkt_timstamp
28-07-2026 00:59 - WARNING - 1882541 29 29207795 microseconds
28-07-2026 00:59 - WARNING - No packet loss: /data/dsp/GBD_TRANSIENT_BUFFER/J2041+4551/28_07_2026/PDR_GULP_data001.pcap_28_07_2026_00_32_1785178934.PCAP_PDR
28-07-2026 00:59 - WARNING - first_pkt_count, first_gps_count, first_pkt_Tstamp
28-07-2026 00:59 - WARNING - 2386653430 42534 2026-07-27T19:01:42.635535
28-07-2026 00:59 - WARNING - last_pkt_count, last_gps_count, last_pkt_Tstamp
28-07-2026 00:59 - WARNING - 2388535971 42563 2026-07-27T19:02:11.843331
28-07-2026 00:59 - WARNING - diff_pkt_count  , diff_gps_count ,  diff_pkt_timstamp
28-07-2026 00:59 - WARNING - 1882541 29 29207796 microseconds
28-07-2026 00:59 - WARNING - No packet loss: /data/dsp/GBD_TRANSIENT_BUFFER/J2041+4551/28_07_2026/PDR_GULP_data002.pcap_28_07_2026_00_32_1785178964.PCAP_PDR
28-07-2026 00:59 - WARNING - first_pkt_count, first_gps_count, first_pkt_Tstamp
28-07-2026 00:59 - WARNING - 2388535972 42563 2026-07-27T19:02:11.843331
28-07-2026 00:59 - WARNING - last_pkt_count, last_gps_count, last_pkt_Tstamp
28-07-2026 00:59 - WARNING - 2390418514 42593 2026-07-27T19:02:41.051216
28-07-2026 00:59 - WARNING - diff_pkt_count  , diff_gps_count ,  diff_pkt_timstamp
28-07-2026 00:59 - WARNING - 1882542 30 29207885 microseconds
28-07-2026 00:59 - WARNING - No packet loss: /data/dsp/GBD_TRANSIENT_BUFFER/J2041+4551/28_07_2026/PDR_GULP_data000.pcap_28_07_2026_00_33_1785178993.PCAP_PDR
28-07-2026 00:59 - WARNING - first_pkt_count, first_gps_count, first_pkt_Tstamp
28-07-2026 00:59 - WARNING - 2390418515 42593 2026-07-27T19:02:41.051216
28-07-2026 00:59 - WARNING - last_pkt_count, last_gps_count, last_pkt_Tstamp
28-07-2026 00:59 - WARNING - 2392301056 42622 2026-07-27T19:03:10.259069
28-07-2026 00:59 - WARNING - diff_pkt_count  , diff_gps_count ,  diff_pkt_timstamp
28-07-2026 00:59 - WARNING - 1882541 29 29207853 microseconds
28-07-2026 00:59 - WARNING - No packet loss: /data/dsp/GBD_TRANSIENT_BUFFER/J2041+4551/28_07_2026/PDR_GULP_data001.pcap_28_07_2026_00_33_1785179022.PCAP_PDR
28-07-2026 00:59 - WARNING - first_pkt_count, first_gps_count, first_pkt_Tstamp
28-07-2026 00:59 - WARNING - 2392301057 42622 2026-07-27T19:03:10.259069
28-07-2026 00:59 - WARNING - last_pkt_count, last_gps_count, last_pkt_Tstamp
28-07-2026 00:59 - WARNING - 2394183598 42651 2026-07-27T19:03:39.466875
28-07-2026 00:59 - WARNING - diff_pkt_count  , diff_gps_count ,  diff_pkt_timstamp
28-07-2026 00:59 - WARNING - 1882541 29 29207806 microseconds
28-07-2026 00:59 - WARNING - No packet loss: /data/dsp/GBD_TRANSIENT_BUFFER/J2041+4551/28_07_2026/PDR_GULP_data002.pcap_28_07_2026_00_34_1785179051.PCAP_PDR
28-07-2026 00:59 - WARNING - first_pkt_count, first_gps_count, first_pkt_Tstamp
28-07-2026 00:59 - WARNING - 2394183599 42651 2026-07-27T19:03:39.466875
28-07-2026 00:59 - WARNING - last_pkt_count, last_gps_count, last_pkt_Tstamp
28-07-2026 00:59 - WARNING - 2396066140 42680 2026-07-27T19:04:08.674742
28-07-2026 00:59 - WARNING - diff_pkt_count  , diff_gps_count ,  diff_pkt_timstamp
28-07-2026 00:59 - WARNING - 1882541 29 29207867 microseconds
28-07-2026 00:59 - WARNING - No packet loss: /data/dsp/GBD_TRANSIENT_BUFFER/J2041+4551/28_07_2026/PDR_GULP_data000.pcap_28_07_2026_00_34_1785179080.PCAP_PDR
28-07-2026 00:59 - WARNING - first_pkt_count, first_gps_count, first_pkt_Tstamp
28-07-2026 00:59 - WARNING - 2396066141 42680 2026-07-27T19:04:08.674743
28-07-2026 00:59 - WARNING - last_pkt_count, last_gps_count, last_pkt_Tstamp
28-07-2026 00:59 - WARNING - 2397948682 42709 2026-07-27T19:04:37.882586
28-07-2026 00:59 - WARNING - diff_pkt_count  , diff_gps_count ,  diff_pkt_timstamp
28-07-2026 00:59 - WARNING - 1882541 29 29207843 microseconds
28-07-2026 00:59 - WARNING - No packet loss: /data/dsp/GBD_TRANSIENT_BUFFER/J2041+4551/28_07_2026/PDR_GULP_data001.pcap_28_07_2026_00_35_1785179110.PCAP_PDR
28-07-2026 00:59 - WARNING - first_pkt_count, first_gps_count, first_pkt_Tstamp
28-07-2026 00:59 - WARNING - 2397948683 42709 2026-07-27T19:04:37.882586
28-07-2026 00:59 - WARNING - last_pkt_count, last_gps_count, last_pkt_Tstamp
28-07-2026 00:59 - WARNING - 2399831224 42739 2026-07-27T19:05:07.090403
28-07-2026 00:59 - WARNING - diff_pkt_count  , diff_gps_count ,  diff_pkt_timstamp
28-07-2026 00:59 - WARNING - 1882541 30 29207817 microseconds
28-07-2026 00:59 - WARNING - No packet loss: /data/dsp/GBD_TRANSIENT_BUFFER/J2041+4551/28_07_2026/PDR_GULP_data002.pcap_28_07_2026_00_35_1785179139.PCAP_PDR
28-07-2026 00:59 - WARNING - first_pkt_count, first_gps_count, first_pkt_Tstamp
28-07-2026 00:59 - WARNING - 2399831225 42739 2026-07-27T19:05:07.090457
28-07-2026 00:59 - WARNING - last_pkt_count, last_gps_count, last_pkt_Tstamp
28-07-2026 00:59 - WARNING - 2401713767 42768 2026-07-27T19:05:36.298265
28-07-2026 00:59 - WARNING - diff_pkt_count  , diff_gps_count ,  diff_pkt_timstamp
28-07-2026 00:59 - WARNING - 1882542 29 29207808 microseconds
28-07-2026 00:59 - WARNING - No packet loss: /data/dsp/GBD_TRANSIENT_BUFFER/J2041+4551/28_07_2026/PDR_GULP_data000.pcap_28_07_2026_00_36_1785179168.PCAP_PDR
28-07-2026 00:59 - WARNING - first_pkt_count, first_gps_count, first_pkt_Tstamp
28-07-2026 00:59 - WARNING - 2401713768 42768 2026-07-27T19:05:36.298357
28-07-2026 00:59 - WARNING - last_pkt_count, last_gps_count, last_pkt_Tstamp
28-07-2026 00:59 - WARNING - 2403596309 42797 2026-07-27T19:06:05.506116
28-07-2026 00:59 - WARNING - diff_pkt_count  , diff_gps_count ,  diff_pkt_timstamp
28-07-2026 00:59 - WARNING - 1882541 29 29207759 microseconds
28-07-2026 00:59 - WARNING - No packet loss: /data/dsp/GBD_TRANSIENT_BUFFER/J2041+4551/28_07_2026/PDR_GULP_data001.pcap_28_07_2026_00_36_1785179197.PCAP_PDR
28-07-2026 00:59 - WARNING - first_pkt_count, first_gps_count, first_pkt_Tstamp
28-07-2026 00:59 - WARNING - 2403596310 42797 2026-07-27T19:06:05.506116
28-07-2026 00:59 - WARNING - last_pkt_count, last_gps_count, last_pkt_Tstamp
28-07-2026 00:59 - WARNING - 2405478851 42826 2026-07-27T19:06:34.714041
28-07-2026 00:59 - WARNING - diff_pkt_count  , diff_gps_count ,  diff_pkt_timstamp
28-07-2026 00:59 - WARNING - 1882541 29 29207925 microseconds
28-07-2026 00:59 - WARNING - No packet loss: /data/dsp/GBD_TRANSIENT_BUFFER/J2041+4551/28_07_2026/PDR_GULP_data002.pcap_28_07_2026_00_37_1785179226.PCAP_PDR
28-07-2026 00:59 - WARNING - first_pkt_count, first_gps_count, first_pkt_Tstamp
28-07-2026 00:59 - WARNING - 2405478852 42826 2026-07-27T19:06:34.714041
28-07-2026 00:59 - WARNING - last_pkt_count, last_gps_count, last_pkt_Tstamp
28-07-2026 00:59 - WARNING - 2407361393 42855 2026-07-27T19:07:03.921805
28-07-2026 00:59 - WARNING - diff_pkt_count  , diff_gps_count ,  diff_pkt_timstamp
28-07-2026 00:59 - WARNING - 1882541 29 29207764 microseconds
28-07-2026 00:59 - WARNING - No packet loss: /data/dsp/GBD_TRANSIENT_BUFFER/J2041+4551/28_07_2026/PDR_GULP_data000.pcap_28_07_2026_00_37_1785179256.PCAP_PDR
28-07-2026 00:59 - WARNING - first_pkt_count, first_gps_count, first_pkt_Tstamp
28-07-2026 00:59 - WARNING - 2407361394 42855 2026-07-27T19:07:03.921806
28-07-2026 00:59 - WARNING - last_pkt_count, last_gps_count, last_pkt_Tstamp
28-07-2026 00:59 - WARNING - 2409243935 42885 2026-07-27T19:07:33.129724
28-07-2026 00:59 - WARNING - diff_pkt_count  , diff_gps_count ,  diff_pkt_timstamp
28-07-2026 00:59 - WARNING - 1882541 30 29207918 microseconds
28-07-2026 00:59 - WARNING - No packet loss: /data/dsp/GBD_TRANSIENT_BUFFER/J2041+4551/28_07_2026/PDR_GULP_data001.pcap_28_07_2026_00_38_1785179285.PCAP_PDR
28-07-2026 00:59 - WARNING - first_pkt_count, first_gps_count, first_pkt_Tstamp
28-07-2026 00:59 - WARNING - 2409243936 42885 2026-07-27T19:07:33.129724
28-07-2026 00:59 - WARNING - last_pkt_count, last_gps_count, last_pkt_Tstamp
28-07-2026 00:59 - WARNING - 2411126477 42914 2026-07-27T19:08:02.337548
28-07-2026 00:59 - WARNING - diff_pkt_count  , diff_gps_count ,  diff_pkt_timstamp
28-07-2026 00:59 - WARNING - 1882541 29 29207824 microseconds
28-07-2026 00:59 - WARNING - No packet loss: /data/dsp/GBD_TRANSIENT_BUFFER/J2041+4551/28_07_2026/PDR_GULP_data002.pcap_28_07_2026_00_38_1785179314.PCAP_PDR
28-07-2026 00:59 - WARNING - first_pkt_count, first_gps_count, first_pkt_Tstamp
28-07-2026 00:59 - WARNING - 2411126478 42914 2026-07-27T19:08:02.337549
28-07-2026 00:59 - WARNING - last_pkt_count, last_gps_count, last_pkt_Tstamp
28-07-2026 00:59 - WARNING - 2413009020 42943 2026-07-27T19:08:31.545381
28-07-2026 00:59 - WARNING - diff_pkt_count  , diff_gps_count ,  diff_pkt_timstamp
28-07-2026 00:59 - WARNING - 1882542 29 29207832 microseconds
28-07-2026 00:59 - WARNING - No packet loss: /data/dsp/GBD_TRANSIENT_BUFFER/J2041+4551/28_07_2026/PDR_GULP_data000.pcap_28_07_2026_00_39_1785179343.PCAP_PDR
28-07-2026 00:59 - WARNING - first_pkt_count, first_gps_count, first_pkt_Tstamp
28-07-2026 00:59 - WARNING - 2413009021 42943 2026-07-27T19:08:31.545433
28-07-2026 00:59 - WARNING - last_pkt_count, last_gps_count, last_pkt_Tstamp
28-07-2026 00:59 - WARNING - 2414891562 42972 2026-07-27T19:09:00.753249
28-07-2026 00:59 - WARNING - diff_pkt_count  , diff_gps_count ,  diff_pkt_timstamp
28-07-2026 00:59 - WARNING - 1882541 29 29207816 microseconds
28-07-2026 00:59 - WARNING - No packet loss: /data/dsp/GBD_TRANSIENT_BUFFER/J2041+4551/28_07_2026/PDR_GULP_data001.pcap_28_07_2026_00_39_1785179372.PCAP_PDR
28-07-2026 00:59 - WARNING - first_pkt_count, first_gps_count, first_pkt_Tstamp
28-07-2026 00:59 - WARNING - 2414891563 42972 2026-07-27T19:09:00.753249
28-07-2026 00:59 - WARNING - last_pkt_count, last_gps_count, last_pkt_Tstamp
28-07-2026 00:59 - WARNING - 2416774104 43001 2026-07-27T19:09:29.961096
28-07-2026 00:59 - WARNING - diff_pkt_count  , diff_gps_count ,  diff_pkt_timstamp
28-07-2026 00:59 - WARNING - 1882541 29 29207847 microseconds
28-07-2026 00:59 - WARNING - No packet loss: /data/dsp/GBD_TRANSIENT_BUFFER/J2041+4551/28_07_2026/PDR_GULP_data002.pcap_28_07_2026_00_40_1785179402.PCAP_PDR
28-07-2026 00:59 - WARNING - first_pkt_count, first_gps_count, first_pkt_Tstamp
28-07-2026 00:59 - WARNING - 2416774105 43001 2026-07-27T19:09:29.961096
28-07-2026 00:59 - WARNING - last_pkt_count, last_gps_count, last_pkt_Tstamp
28-07-2026 00:59 - WARNING - 2418656646 43031 2026-07-27T19:09:59.168949
28-07-2026 00:59 - WARNING - diff_pkt_count  , diff_gps_count ,  diff_pkt_timstamp
28-07-2026 00:59 - WARNING - 1882541 30 29207853 microseconds
28-07-2026 00:59 - WARNING - No packet loss: /data/dsp/GBD_TRANSIENT_BUFFER/J2041+4551/28_07_2026/PDR_GULP_data000.pcap_28_07_2026_00_40_1785179431.PCAP_PDR
28-07-2026 00:59 - WARNING - first_pkt_count, first_gps_count, first_pkt_Tstamp
28-07-2026 00:59 - WARNING - 2418656647 43031 2026-07-27T19:09:59.168949
28-07-2026 00:59 - WARNING - last_pkt_count, last_gps_count, last_pkt_Tstamp
28-07-2026 00:59 - WARNING - 2420539188 43060 2026-07-27T19:10:28.376822
28-07-2026 00:59 - WARNING - diff_pkt_count  , diff_gps_count ,  diff_pkt_timstamp
28-07-2026 00:59 - WARNING - 1882541 29 29207873 microseconds
28-07-2026 00:59 - WARNING - No packet loss: /data/dsp/GBD_TRANSIENT_BUFFER/J2041+4551/28_07_2026/PDR_GULP_data001.pcap_28_07_2026_00_41_1785179460.PCAP_PDR
28-07-2026 00:59 - WARNING - first_pkt_count, first_gps_count, first_pkt_Tstamp
28-07-2026 00:59 - WARNING - 2420539189 43060 2026-07-27T19:10:28.376822
28-07-2026 00:59 - WARNING - last_pkt_count, last_gps_count, last_pkt_Tstamp
28-07-2026 00:59 - WARNING - 2422421731 43089 2026-07-27T19:10:57.584661
28-07-2026 00:59 - WARNING - diff_pkt_count  , diff_gps_count ,  diff_pkt_timstamp
28-07-2026 00:59 - WARNING - 1882542 29 29207839 microseconds
28-07-2026 00:59 - WARNING - No packet loss: /data/dsp/GBD_TRANSIENT_BUFFER/J2041+4551/28_07_2026/PDR_GULP_data002.pcap_28_07_2026_00_41_1785179489.PCAP_PDR
28-07-2026 00:59 - WARNING - first_pkt_count, first_gps_count, first_pkt_Tstamp
28-07-2026 00:59 - WARNING - 2422421732 43089 2026-07-27T19:10:57.584729
28-07-2026 00:59 - WARNING - last_pkt_count, last_gps_count, last_pkt_Tstamp
28-07-2026 00:59 - WARNING - 2424304273 43118 2026-07-27T19:11:26.792563
28-07-2026 00:59 - WARNING - diff_pkt_count  , diff_gps_count ,  diff_pkt_timstamp
28-07-2026 00:59 - WARNING - 1882541 29 29207834 microseconds
28-07-2026 00:59 - WARNING - No packet loss: /data/dsp/GBD_TRANSIENT_BUFFER/J2041+4551/28_07_2026/PDR_GULP_data000.pcap_28_07_2026_00_41_1785179519.PCAP_PDR
28-07-2026 00:59 - WARNING - first_pkt_count, first_gps_count, first_pkt_Tstamp
28-07-2026 00:59 - WARNING - 2424304274 43118 2026-07-27T19:11:26.792563
28-07-2026 00:59 - WARNING - last_pkt_count, last_gps_count, last_pkt_Tstamp
28-07-2026 00:59 - WARNING - 2426186815 43147 2026-07-27T19:11:56.000427
28-07-2026 00:59 - WARNING - diff_pkt_count  , diff_gps_count ,  diff_pkt_timstamp
28-07-2026 00:59 - WARNING - 1882541 29 29207864 microseconds
28-07-2026 00:59 - WARNING - No packet loss: /data/dsp/GBD_TRANSIENT_BUFFER/J2041+4551/28_07_2026/PDR_GULP_data001.pcap_28_07_2026_00_42_1785179548.PCAP_PDR
28-07-2026 00:59 - WARNING - first_pkt_count, first_gps_count, first_pkt_Tstamp
28-07-2026 00:59 - WARNING - 2426186816 43147 2026-07-27T19:11:56.000428
28-07-2026 00:59 - WARNING - last_pkt_count, last_gps_count, last_pkt_Tstamp
28-07-2026 00:59 - WARNING - 2428069357 43177 2026-07-27T19:12:25.208294
28-07-2026 00:59 - WARNING - diff_pkt_count  , diff_gps_count ,  diff_pkt_timstamp
28-07-2026 00:59 - WARNING - 1882541 30 29207866 microseconds
28-07-2026 00:59 - WARNING - No packet loss: /data/dsp/GBD_TRANSIENT_BUFFER/J2041+4551/28_07_2026/PDR_GULP_data002.pcap_28_07_2026_00_42_1785179577.PCAP_PDR
28-07-2026 00:59 - WARNING - first_pkt_count, first_gps_count, first_pkt_Tstamp
28-07-2026 00:59 - WARNING - 2428069358 43177 2026-07-27T19:12:25.208295
28-07-2026 00:59 - WARNING - last_pkt_count, last_gps_count, last_pkt_Tstamp
28-07-2026 00:59 - WARNING - 2429951899 43206 2026-07-27T19:12:54.416132
28-07-2026 00:59 - WARNING - diff_pkt_count  , diff_gps_count ,  diff_pkt_timstamp
28-07-2026 00:59 - WARNING - 1882541 29 29207837 microseconds
28-07-2026 00:59 - WARNING - No packet loss: /data/dsp/GBD_TRANSIENT_BUFFER/J2041+4551/28_07_2026/PDR_GULP_data000.pcap_28_07_2026_00_43_1785179606.PCAP_PDR
28-07-2026 00:59 - WARNING - first_pkt_count, first_gps_count, first_pkt_Tstamp
28-07-2026 00:59 - WARNING - 2429951900 43206 2026-07-27T19:12:54.416132
28-07-2026 00:59 - WARNING - last_pkt_count, last_gps_count, last_pkt_Tstamp
28-07-2026 00:59 - WARNING - 2431834441 43235 2026-07-27T19:13:23.624005
28-07-2026 00:59 - WARNING - diff_pkt_count  , diff_gps_count ,  diff_pkt_timstamp
28-07-2026 00:59 - WARNING - 1882541 29 29207873 microseconds
28-07-2026 00:59 - WARNING - No packet loss: /data/dsp/GBD_TRANSIENT_BUFFER/J2041+4551/28_07_2026/PDR_GULP_data001.pcap_28_07_2026_00_43_1785179635.PCAP_PDR
28-07-2026 00:59 - WARNING - first_pkt_count, first_gps_count, first_pkt_Tstamp
28-07-2026 00:59 - WARNING - 2431834442 43235 2026-07-27T19:13:23.624085
28-07-2026 00:59 - WARNING - last_pkt_count, last_gps_count, last_pkt_Tstamp
28-07-2026 00:59 - WARNING - 2433716984 43264 2026-07-27T19:13:52.831870
28-07-2026 00:59 - WARNING - diff_pkt_count  , diff_gps_count ,  diff_pkt_timstamp
28-07-2026 00:59 - WARNING - 1882542 29 29207785 microseconds
28-07-2026 00:59 - WARNING - No packet loss: /data/dsp/GBD_TRANSIENT_BUFFER/J2041+4551/28_07_2026/PDR_GULP_data002.pcap_28_07_2026_00_44_1785179665.PCAP_PDR
28-07-2026 00:59 - WARNING - first_pkt_count, first_gps_count, first_pkt_Tstamp
28-07-2026 00:59 - WARNING - 2433716985 43264 2026-07-27T19:13:52.831870
28-07-2026 00:59 - WARNING - last_pkt_count, last_gps_count, last_pkt_Tstamp
28-07-2026 00:59 - WARNING - 2435599526 43294 2026-07-27T19:14:22.039731
28-07-2026 00:59 - WARNING - diff_pkt_count  , diff_gps_count ,  diff_pkt_timstamp
28-07-2026 00:59 - WARNING - 1882541 30 29207861 microseconds
28-07-2026 00:59 - WARNING - No packet loss: /data/dsp/GBD_TRANSIENT_BUFFER/J2041+4551/28_07_2026/PDR_GULP_data000.pcap_28_07_2026_00_44_1785179694.PCAP_PDR
28-07-2026 00:59 - WARNING - first_pkt_count, first_gps_count, first_pkt_Tstamp
28-07-2026 00:59 - WARNING - 2435599527 43294 2026-07-27T19:14:22.039731
28-07-2026 00:59 - WARNING - last_pkt_count, last_gps_count, last_pkt_Tstamp
28-07-2026 00:59 - WARNING - 2437482068 43323 2026-07-27T19:14:51.247623
28-07-2026 00:59 - WARNING - diff_pkt_count  , diff_gps_count ,  diff_pkt_timstamp
28-07-2026 00:59 - WARNING - 1882541 29 29207892 microseconds
28-07-2026 00:59 - WARNING - No packet loss: /data/dsp/GBD_TRANSIENT_BUFFER/J2041+4551/28_07_2026/PDR_GULP_data001.pcap_28_07_2026_00_45_1785179723.PCAP_PDR
28-07-2026 00:59 - WARNING - first_pkt_count, first_gps_count, first_pkt_Tstamp
28-07-2026 00:59 - WARNING - 2437482069 43323 2026-07-27T19:14:51.247623
28-07-2026 00:59 - WARNING - last_pkt_count, last_gps_count, last_pkt_Tstamp
28-07-2026 00:59 - WARNING - 2439364610 43352 2026-07-27T19:15:20.455440
28-07-2026 00:59 - WARNING - diff_pkt_count  , diff_gps_count ,  diff_pkt_timstamp
28-07-2026 00:59 - WARNING - 1882541 29 29207817 microseconds
28-07-2026 00:59 - WARNING - No packet loss: /data/dsp/GBD_TRANSIENT_BUFFER/J2041+4551/28_07_2026/PDR_GULP_data002.pcap_28_07_2026_00_45_1785179752.PCAP_PDR
28-07-2026 00:59 - WARNING - first_pkt_count, first_gps_count, first_pkt_Tstamp
28-07-2026 00:59 - WARNING - 2439364611 43352 2026-07-27T19:15:20.455493
28-07-2026 00:59 - WARNING - last_pkt_count, last_gps_count, last_pkt_Tstamp
28-07-2026 00:59 - WARNING - 2441247152 43381 2026-07-27T19:15:49.663362
28-07-2026 00:59 - WARNING - diff_pkt_count  , diff_gps_count ,  diff_pkt_timstamp
28-07-2026 00:59 - WARNING - 1882541 29 29207869 microseconds
28-07-2026 00:59 - WARNING - No packet loss: /data/dsp/GBD_TRANSIENT_BUFFER/J2041+4551/28_07_2026/PDR_GULP_data000.pcap_28_07_2026_00_46_1785179781.PCAP_PDR
28-07-2026 00:59 - WARNING - first_pkt_count, first_gps_count, first_pkt_Tstamp
28-07-2026 00:59 - WARNING - 2441247153 43381 2026-07-27T19:15:49.663362
28-07-2026 00:59 - WARNING - last_pkt_count, last_gps_count, last_pkt_Tstamp
28-07-2026 00:59 - WARNING - 2443129694 43410 2026-07-27T19:16:18.871152
28-07-2026 00:59 - WARNING - diff_pkt_count  , diff_gps_count ,  diff_pkt_timstamp
28-07-2026 00:59 - WARNING - 1882541 29 29207790 microseconds
28-07-2026 00:59 - WARNING - No packet loss: /data/dsp/GBD_TRANSIENT_BUFFER/J2041+4551/28_07_2026/PDR_GULP_data001.pcap_28_07_2026_00_46_1785179811.PCAP_PDR
28-07-2026 00:59 - WARNING - first_pkt_count, first_gps_count, first_pkt_Tstamp
28-07-2026 00:59 - WARNING - 2443129695 43410 2026-07-27T19:16:18.871207
28-07-2026 00:59 - WARNING - last_pkt_count, last_gps_count, last_pkt_Tstamp
28-07-2026 00:59 - WARNING - 2445012237 43440 2026-07-27T19:16:48.079063
28-07-2026 00:59 - WARNING - diff_pkt_count  , diff_gps_count ,  diff_pkt_timstamp
28-07-2026 00:59 - WARNING - 1882542 30 29207856 microseconds
28-07-2026 00:59 - WARNING - No packet loss: /data/dsp/GBD_TRANSIENT_BUFFER/J2041+4551/28_07_2026/PDR_GULP_data002.pcap_28_07_2026_00_47_1785179840.PCAP_PDR
28-07-2026 00:59 - WARNING - first_pkt_count, first_gps_count, first_pkt_Tstamp
28-07-2026 00:59 - WARNING - 2445012238 43440 2026-07-27T19:16:48.079063
28-07-2026 00:59 - WARNING - last_pkt_count, last_gps_count, last_pkt_Tstamp
28-07-2026 00:59 - WARNING - 2446894779 43469 2026-07-27T19:17:17.286982
28-07-2026 00:59 - WARNING - diff_pkt_count  , diff_gps_count ,  diff_pkt_timstamp
28-07-2026 00:59 - WARNING - 1882541 29 29207919 microseconds
28-07-2026 00:59 - WARNING - No packet loss: /data/dsp/GBD_TRANSIENT_BUFFER/J2041+4551/28_07_2026/PDR_GULP_data000.pcap_28_07_2026_00_47_1785179869.PCAP_PDR
28-07-2026 00:59 - WARNING - first_pkt_count, first_gps_count, first_pkt_Tstamp
28-07-2026 00:59 - WARNING - 2446894780 43469 2026-07-27T19:17:17.286982
28-07-2026 00:59 - WARNING - last_pkt_count, last_gps_count, last_pkt_Tstamp
28-07-2026 00:59 - WARNING - 2448777321 43498 2026-07-27T19:17:46.494776
28-07-2026 00:59 - WARNING - diff_pkt_count  , diff_gps_count ,  diff_pkt_timstamp
28-07-2026 00:59 - WARNING - 1882541 29 29207794 microseconds
28-07-2026 00:59 - WARNING - No packet loss: /data/dsp/GBD_TRANSIENT_BUFFER/J2041+4551/28_07_2026/PDR_GULP_data001.pcap_28_07_2026_00_48_1785179898.PCAP_PDR
28-07-2026 00:59 - WARNING - first_pkt_count, first_gps_count, first_pkt_Tstamp
28-07-2026 00:59 - WARNING - 2448777322 43498 2026-07-27T19:17:46.494776
28-07-2026 00:59 - WARNING - last_pkt_count, last_gps_count, last_pkt_Tstamp
28-07-2026 00:59 - WARNING - 2450659863 43527 2026-07-27T19:18:15.702674
28-07-2026 00:59 - WARNING - diff_pkt_count  , diff_gps_count ,  diff_pkt_timstamp
28-07-2026 00:59 - WARNING - 1882541 29 29207898 microseconds
28-07-2026 00:59 - WARNING - No packet loss: /data/dsp/GBD_TRANSIENT_BUFFER/J2041+4551/28_07_2026/PDR_GULP_data002.pcap_28_07_2026_00_48_1785179927.PCAP_PDR
28-07-2026 00:59 - WARNING - first_pkt_count, first_gps_count, first_pkt_Tstamp
28-07-2026 00:59 - WARNING - 2450659864 43527 2026-07-27T19:18:15.702674
28-07-2026 00:59 - WARNING - last_pkt_count, last_gps_count, last_pkt_Tstamp
28-07-2026 00:59 - WARNING - 2452542405 43556 2026-07-27T19:18:44.910593
28-07-2026 00:59 - WARNING - diff_pkt_count  , diff_gps_count ,  diff_pkt_timstamp
28-07-2026 00:59 - WARNING - 1882541 29 29207919 microseconds
28-07-2026 00:59 - WARNING - No packet loss: /data/dsp/GBD_TRANSIENT_BUFFER/J2041+4551/28_07_2026/PDR_GULP_data000.pcap_28_07_2026_00_49_1785179957.PCAP_PDR
28-07-2026 00:59 - WARNING - first_pkt_count, first_gps_count, first_pkt_Tstamp
28-07-2026 00:59 - WARNING - 2452542406 43556 2026-07-27T19:18:44.910593
28-07-2026 00:59 - WARNING - last_pkt_count, last_gps_count, last_pkt_Tstamp
28-07-2026 00:59 - WARNING - 2454424947 43586 2026-07-27T19:19:14.118591
28-07-2026 00:59 - WARNING - diff_pkt_count  , diff_gps_count ,  diff_pkt_timstamp
28-07-2026 00:59 - WARNING - 1882541 30 29207998 microseconds
28-07-2026 00:59 - WARNING - No packet loss: /data/dsp/GBD_TRANSIENT_BUFFER/J2041+4551/28_07_2026/PDR_GULP_data001.pcap_28_07_2026_00_49_1785179986.PCAP_PDR
28-07-2026 00:59 - WARNING - first_pkt_count, first_gps_count, first_pkt_Tstamp
28-07-2026 00:59 - WARNING - 2454424948 43586 2026-07-27T19:19:14.118591
28-07-2026 00:59 - WARNING - last_pkt_count, last_gps_count, last_pkt_Tstamp
28-07-2026 00:59 - WARNING - 2456307490 43615 2026-07-27T19:19:43.326626
28-07-2026 00:59 - WARNING - diff_pkt_count  , diff_gps_count ,  diff_pkt_timstamp
28-07-2026 00:59 - WARNING - 1882542 29 29208035 microseconds
28-07-2026 00:59 - WARNING - No packet loss: /data/dsp/GBD_TRANSIENT_BUFFER/J2041+4551/28_07_2026/PDR_GULP_data002.pcap_28_07_2026_00_50_1785180015.PCAP_PDR
28-07-2026 00:59 - WARNING - first_pkt_count, first_gps_count, first_pkt_Tstamp
28-07-2026 00:59 - WARNING - 2456307491 43615 2026-07-27T19:19:43.326626
28-07-2026 00:59 - WARNING - last_pkt_count, last_gps_count, last_pkt_Tstamp
28-07-2026 00:59 - WARNING - 2458190032 43644 2026-07-27T19:20:12.534666
28-07-2026 00:59 - WARNING - diff_pkt_count  , diff_gps_count ,  diff_pkt_timstamp
28-07-2026 00:59 - WARNING - 1882541 29 29208040 microseconds
28-07-2026 00:59 - WARNING - No packet loss: /data/dsp/GBD_TRANSIENT_BUFFER/J2041+4551/28_07_2026/PDR_GULP_data000.pcap_28_07_2026_00_50_1785180044.PCAP_PDR
28-07-2026 00:59 - WARNING - first_pkt_count, first_gps_count, first_pkt_Tstamp
28-07-2026 00:59 - WARNING - 2458190033 43644 2026-07-27T19:20:12.534666
28-07-2026 00:59 - WARNING - last_pkt_count, last_gps_count, last_pkt_Tstamp
28-07-2026 00:59 - WARNING - 2460072574 43673 2026-07-27T19:20:41.742659
28-07-2026 00:59 - WARNING - diff_pkt_count  , diff_gps_count ,  diff_pkt_timstamp
28-07-2026 00:59 - WARNING - 1882541 29 29207993 microseconds
28-07-2026 00:59 - WARNING - No packet loss: /data/dsp/GBD_TRANSIENT_BUFFER/J2041+4551/28_07_2026/PDR_GULP_data001.pcap_28_07_2026_00_51_1785180073.PCAP_PDR
28-07-2026 00:59 - WARNING - first_pkt_count, first_gps_count, first_pkt_Tstamp
28-07-2026 00:59 - WARNING - 2460072575 43673 2026-07-27T19:20:41.742753
28-07-2026 00:59 - WARNING - last_pkt_count, last_gps_count, last_pkt_Tstamp
28-07-2026 00:59 - WARNING - 2461955116 43702 2026-07-27T19:21:10.950707
28-07-2026 00:59 - WARNING - diff_pkt_count  , diff_gps_count ,  diff_pkt_timstamp
28-07-2026 00:59 - WARNING - 1882541 29 29207954 microseconds
28-07-2026 00:59 - WARNING - No packet loss: /data/dsp/GBD_TRANSIENT_BUFFER/J2041+4551/28_07_2026/PDR_GULP_data002.pcap_28_07_2026_00_51_1785180103.PCAP_PDR
28-07-2026 00:59 - WARNING - first_pkt_count, first_gps_count, first_pkt_Tstamp
28-07-2026 00:59 - WARNING - 2461955117 43702 2026-07-27T19:21:10.950707
28-07-2026 00:59 - WARNING - last_pkt_count, last_gps_count, last_pkt_Tstamp
28-07-2026 00:59 - WARNING - 2463837658 43732 2026-07-27T19:21:40.158710
28-07-2026 00:59 - WARNING - diff_pkt_count  , diff_gps_count ,  diff_pkt_timstamp
28-07-2026 00:59 - WARNING - 1882541 30 29208003 microseconds
28-07-2026 00:59 - WARNING - No packet loss: /data/dsp/GBD_TRANSIENT_BUFFER/J2041+4551/28_07_2026/PDR_GULP_data000.pcap_28_07_2026_00_52_1785180132.PCAP_PDR
28-07-2026 00:59 - WARNING - first_pkt_count, first_gps_count, first_pkt_Tstamp
28-07-2026 00:59 - WARNING - 2463837659 43732 2026-07-27T19:21:40.158710
28-07-2026 00:59 - WARNING - last_pkt_count, last_gps_count, last_pkt_Tstamp
28-07-2026 00:59 - WARNING - 2465720200 43761 2026-07-27T19:22:09.366664
28-07-2026 00:59 - WARNING - diff_pkt_count  , diff_gps_count ,  diff_pkt_timstamp
28-07-2026 00:59 - WARNING - 1882541 29 29207954 microseconds
28-07-2026 00:59 - WARNING - Packet loss: /data/dsp/GBD_TRANSIENT_BUFFER/J2041+4551/28_07_2026/PDR_GULP_data001.pcap_28_07_2026_00_52_1785180161.PCAP_PDR
28-07-2026 00:59 - WARNING - Packet loss found .... Being fixed ... Please wait ...
28-07-2026 00:59 - WARNING - PCAP filtering ... tcpdump -r /data/dsp/GBD_TRANSIENT_BUFFER/J2041+4551/28_07_2026/PDR_GULP_data001.pcap_28_07_2026_00_52_1785180161.PCAP_PDR.pcap -w PDR_GULP_data001.pcap_28_07_2026_00_52_1785180161_filtered.PCAP_PDR.pcap  host 172.10.10.1 and port 55000 
28-07-2026 00:59 - WARNING - Patched /data/dsp/GBD_TRANSIENT_BUFFER/J2041+4551/28_07_2026/PDR_GULP_data001.pcap_28_07_2026_00_52_1785180161.PCAP_PDR as PDR_GULP_data001.pcap_28_07_2026_00_52_1785180161_filtered.PCAP_PDR
28-07-2026 00:59 - WARNING - Gulped file moved to /data/dsp/GBD_TRANSIENT_BUFFER/J2041+4551/28_07_2026/GULPED
28-07-2026 00:59 - WARNING - first_pkt_count, first_gps_count, first_pkt_Tstamp
28-07-2026 00:59 - WARNING - 2465720201 43761 2026-07-27T19:22:09.366664
28-07-2026 00:59 - WARNING - last_pkt_count, last_gps_count, last_pkt_Tstamp
28-07-2026 00:59 - WARNING - 2467602742 43790 2026-07-27T19:22:38.574663
28-07-2026 00:59 - WARNING - diff_pkt_count  , diff_gps_count ,  diff_pkt_timstamp
28-07-2026 00:59 - WARNING - 1882541 29 29207999 microseconds
28-07-2026 00:59 - WARNING - No packet loss: /data/dsp/GBD_TRANSIENT_BUFFER/J2041+4551/28_07_2026/PDR_GULP_data002.pcap_28_07_2026_00_53_1785180190.PCAP_PDR
28-07-2026 00:59 - WARNING - first_pkt_count, first_gps_count, first_pkt_Tstamp
28-07-2026 00:59 - WARNING - 2467602743 43790 2026-07-27T19:22:38.574663
28-07-2026 00:59 - WARNING - last_pkt_count, last_gps_count, last_pkt_Tstamp
28-07-2026 00:59 - WARNING - 2469485285 43819 2026-07-27T19:23:07.782651
28-07-2026 00:59 - WARNING - diff_pkt_count  , diff_gps_count ,  diff_pkt_timstamp
28-07-2026 00:59 - WARNING - 1882542 29 29207988 microseconds
28-07-2026 00:59 - WARNING - No packet loss: /data/dsp/GBD_TRANSIENT_BUFFER/J2041+4551/28_07_2026/PDR_GULP_data000.pcap_28_07_2026_00_53_1785180219.PCAP_PDR
28-07-2026 00:59 - WARNING - first_pkt_count, first_gps_count, first_pkt_Tstamp
28-07-2026 00:59 - WARNING - 2469485286 43819 2026-07-27T19:23:07.782652
28-07-2026 00:59 - WARNING - last_pkt_count, last_gps_count, last_pkt_Tstamp
28-07-2026 00:59 - WARNING - 2471367827 43848 2026-07-27T19:23:36.990617
28-07-2026 00:59 - WARNING - diff_pkt_count  , diff_gps_count ,  diff_pkt_timstamp
28-07-2026 00:59 - WARNING - 1882541 29 29207965 microseconds
28-07-2026 00:59 - WARNING - No packet loss: /data/dsp/GBD_TRANSIENT_BUFFER/J2041+4551/28_07_2026/PDR_GULP_data001.pcap_28_07_2026_00_54_1785180249.PCAP_PDR
28-07-2026 00:59 - WARNING - first_pkt_count, first_gps_count, first_pkt_Tstamp
28-07-2026 00:59 - WARNING - 2471367828 43848 2026-07-27T19:23:36.990669
28-07-2026 00:59 - WARNING - last_pkt_count, last_gps_count, last_pkt_Tstamp
28-07-2026 00:59 - WARNING - 2473250369 43878 2026-07-27T19:24:06.198637
28-07-2026 00:59 - WARNING - diff_pkt_count  , diff_gps_count ,  diff_pkt_timstamp
28-07-2026 00:59 - WARNING - 1882541 30 29207968 microseconds
28-07-2026 00:59 - WARNING - No packet loss: /data/dsp/GBD_TRANSIENT_BUFFER/J2041+4551/28_07_2026/PDR_GULP_data002.pcap_28_07_2026_00_54_1785180278.PCAP_PDR
28-07-2026 00:59 - WARNING - first_pkt_count, first_gps_count, first_pkt_Tstamp
28-07-2026 00:59 - WARNING - 2473250370 43878 2026-07-27T19:24:06.198637
28-07-2026 00:59 - WARNING - last_pkt_count, last_gps_count, last_pkt_Tstamp
28-07-2026 00:59 - WARNING - 2475132911 43907 2026-07-27T19:24:35.406571
28-07-2026 00:59 - WARNING - diff_pkt_count  , diff_gps_count ,  diff_pkt_timstamp
28-07-2026 00:59 - WARNING - 1882541 29 29207934 microseconds
28-07-2026 00:59 - WARNING - No packet loss: /data/dsp/GBD_TRANSIENT_BUFFER/J2041+4551/28_07_2026/PDR_GULP_data000.pcap_28_07_2026_00_55_1785180307.PCAP_PDR
28-07-2026 00:59 - WARNING - first_pkt_count, first_gps_count, first_pkt_Tstamp
28-07-2026 00:59 - WARNING - 2475132912 43907 2026-07-27T19:24:35.406571
28-07-2026 00:59 - WARNING - last_pkt_count, last_gps_count, last_pkt_Tstamp
28-07-2026 00:59 - WARNING - 2477015453 43936 2026-07-27T19:25:04.614534
28-07-2026 00:59 - WARNING - diff_pkt_count  , diff_gps_count ,  diff_pkt_timstamp
28-07-2026 00:59 - WARNING - 1882541 29 29207963 microseconds
28-07-2026 00:59 - WARNING - No packet loss: /data/dsp/GBD_TRANSIENT_BUFFER/J2041+4551/28_07_2026/PDR_GULP_data001.pcap_28_07_2026_00_55_1785180336.PCAP_PDR
28-07-2026 00:59 - WARNING - first_pkt_count, first_gps_count, first_pkt_Tstamp
28-07-2026 00:59 - WARNING - 2477015454 43936 2026-07-27T19:25:04.614534
28-07-2026 00:59 - WARNING - last_pkt_count, last_gps_count, last_pkt_Tstamp
28-07-2026 00:59 - WARNING - 2478897995 43965 2026-07-27T19:25:33.822499
28-07-2026 00:59 - WARNING - diff_pkt_count  , diff_gps_count ,  diff_pkt_timstamp
28-07-2026 00:59 - WARNING - 1882541 29 29207965 microseconds
28-07-2026 00:59 - WARNING - No packet loss: /data/dsp/GBD_TRANSIENT_BUFFER/J2041+4551/28_07_2026/PDR_GULP_data002.pcap_28_07_2026_00_56_1785180366.PCAP_PDR
28-07-2026 00:59 - WARNING - first_pkt_count, first_gps_count, first_pkt_Tstamp
28-07-2026 00:59 - WARNING - 2478897996 43965 2026-07-27T19:25:33.822499
28-07-2026 00:59 - WARNING - last_pkt_count, last_gps_count, last_pkt_Tstamp
28-07-2026 00:59 - WARNING - 2480780538 43995 2026-07-27T19:26:03.030450
28-07-2026 00:59 - WARNING - diff_pkt_count  , diff_gps_count ,  diff_pkt_timstamp
28-07-2026 00:59 - WARNING - 1882542 30 29207951 microseconds
28-07-2026 00:59 - WARNING - No packet loss: /data/dsp/GBD_TRANSIENT_BUFFER/J2041+4551/28_07_2026/PDR_GULP_data000.pcap_28_07_2026_00_56_1785180395.PCAP_PDR
28-07-2026 00:59 - WARNING - first_pkt_count, first_gps_count, first_pkt_Tstamp
28-07-2026 00:59 - WARNING - 2480780539 43995 2026-07-27T19:26:03.030503
28-07-2026 00:59 - WARNING - last_pkt_count, last_gps_count, last_pkt_Tstamp
28-07-2026 00:59 - WARNING - 2482663080 44024 2026-07-27T19:26:32.238401
28-07-2026 00:59 - WARNING - diff_pkt_count  , diff_gps_count ,  diff_pkt_timstamp
28-07-2026 00:59 - WARNING - 1882541 29 29207898 microseconds
28-07-2026 00:59 - WARNING - No packet loss: /data/dsp/GBD_TRANSIENT_BUFFER/J2041+4551/28_07_2026/PDR_GULP_data001.pcap_28_07_2026_00_57_1785180424.PCAP_PDR
28-07-2026 00:59 - WARNING - first_pkt_count, first_gps_count, first_pkt_Tstamp
28-07-2026 00:59 - WARNING - 2482663081 44024 2026-07-27T19:26:32.238490
28-07-2026 00:59 - WARNING - last_pkt_count, last_gps_count, last_pkt_Tstamp
28-07-2026 00:59 - WARNING - 2484545622 44053 2026-07-27T19:27:01.446338
28-07-2026 00:59 - WARNING - diff_pkt_count  , diff_gps_count ,  diff_pkt_timstamp
28-07-2026 00:59 - WARNING - 1882541 29 29207848 microseconds
28-07-2026 00:59 - WARNING - No packet loss: /data/dsp/GBD_TRANSIENT_BUFFER/J2041+4551/28_07_2026/PDR_GULP_data002.pcap_28_07_2026_00_57_1785180453.PCAP_PDR
28-07-2026 00:59 - WARNING - first_pkt_count, first_gps_count, first_pkt_Tstamp
28-07-2026 00:59 - WARNING - 2484545623 44053 2026-07-27T19:27:01.446391
28-07-2026 00:59 - WARNING - last_pkt_count, last_gps_count, last_pkt_Tstamp
28-07-2026 00:59 - WARNING - 2486428164 44082 2026-07-27T19:27:30.654308
28-07-2026 00:59 - WARNING - diff_pkt_count  , diff_gps_count ,  diff_pkt_timstamp
28-07-2026 00:59 - WARNING - 1882541 29 29207917 microseconds
28-07-2026 00:59 - WARNING - No packet loss: /data/dsp/GBD_TRANSIENT_BUFFER/J2041+4551/28_07_2026/PDR_GULP_data000.pcap_28_07_2026_00_58_1785180482.PCAP_PDR
28-07-2026 00:59 - WARNING - first_pkt_count, first_gps_count, first_pkt_Tstamp
28-07-2026 00:59 - WARNING - 2486428165 44082 2026-07-27T19:27:30.654308
28-07-2026 00:59 - WARNING - last_pkt_count, last_gps_count, last_pkt_Tstamp
28-07-2026 00:59 - WARNING - 2488310706 44111 2026-07-27T19:27:59.862279
28-07-2026 00:59 - WARNING - diff_pkt_count  , diff_gps_count ,  diff_pkt_timstamp
28-07-2026 00:59 - WARNING - 1882541 29 29207971 microseconds
28-07-2026 00:59 - WARNING - No packet loss: /data/dsp/GBD_TRANSIENT_BUFFER/J2041+4551/28_07_2026/PDR_GULP_data001.pcap_28_07_2026_00_58_1785180512.PCAP_PDR
28-07-2026 00:59 - WARNING - first_pkt_count, first_gps_count, first_pkt_Tstamp
28-07-2026 00:59 - WARNING - 2488310707 44111 2026-07-27T19:27:59.862279
28-07-2026 00:59 - WARNING - last_pkt_count, last_gps_count, last_pkt_Tstamp
28-07-2026 00:59 - WARNING - 2490193248 44141 2026-07-27T19:28:29.070190
28-07-2026 00:59 - WARNING - diff_pkt_count  , diff_gps_count ,  diff_pkt_timstamp
28-07-2026 00:59 - WARNING - 1882541 30 29207911 microseconds
28-07-2026 00:59 SLIP check Finished...
28-07-2026 00:59 Pulsar data reduction pipeline started ...
28-07-2026 00:59 - WARNING - Data Directory: /data/dsp/GBD_TRANSIENT_BUFFER/J2041+4551/28_07_2026
28-07-2026 00:59 - WARNING - Pulsar: J2041+4551
28-07-2026 00:59 - WARNING - CH selelction: 0
28-07-2026 00:59 - WARNING - Phase file: /home/dsp/PDR_acquire_setup/dada_scripts/phase/rf_path_phase.dat
28-07-2026 00:59 - WARNING - Obs. logfile: /home/dsp/PDR_acquire_setup/master_obs_log/J2041+4551_28_07_2026_observation.log
28-07-2026 00:59 - WARNING - Observation start time: 2026_07_28_00_20_01
28-07-2026 00:59 - WARNING - parfile: /home/dsp/parfiles/J2041+4551.par
28-07-2026 00:59 - WARNING - DM: 192.91
28-07-2026 00:59 - WARNING - Period: 0.25
28-07-2026 00:59 - WARNING - RA_DEC: 20:41:23.82+16:01:51.34
28-07-2026 00:59 - WARNING - out_dada_file: J2041+4551_2026_07_28_00_20_01_type_0.dada
28-07-2026 00:59 - WARNING - Number of files to process: 80
28-07-2026 00:59 - WARNING - Files per batch:  17
28-07-2026 01:23 - WARNING - Time taken for PDR2DADA convertion: 0:24:00.411912
28-07-2026 01:23 - WARNING - Center_freq: 175
28-07-2026 01:23 - WARNING - int_time: 3.0
28-07-2026 01:23 - WARNING - nbins: 256
28-07-2026 01:23 - WARNING - fil_chan: 256
28-07-2026 01:23 - WARNING - cpu: 2,3,4,5,6,7,8,9,10,11,12,13,14,15,16
28-07-2026 01:23 - WARNING - thread: 32
28-07-2026 01:23 - WARNING - nbit: 8
28-07-2026 01:23 - WARNING - time_avg: 0.000256
28-07-2026 01:23 - WARNING - MJD_START: 61248.784741300056
28-07-2026 01:23 - WARNING - output: J2041+4551_61248.78_175MHz_type_0_GBD_DART
28-07-2026 01:23 - WARNING - singularity_container: singularity exec /home/dsp/singularity_imag/pschive_py3.sif  
28-07-2026 01:23 - WARNING - ------ DIGIFITS ------
28-07-2026 01:23 - WARNING - ---- Search Mode FITS -------
28-07-2026 01:23 - WARNING - digifits_ful_stokes_cmd: singularity exec /home/dsp/singularity_imag/pschive_py3.sif  digifits  -F 256 -x 256 -b 8 -p 4 -t 0.000256 J2041+4551_2026_07_28_00_20_01_type_0.dada -o J2041+4551_2026_07_28_00_20_01_type_0.dada_stokes.fits
28-07-2026 01:55 - WARNING - ------ Total intensity FITS -------
28-07-2026 01:55 - WARNING - digifits_total_intensity_cmd: singularity exec /home/dsp/singularity_imag/pschive_py3.sif  digifits  -F 256 -x 256 -b 8 -p 1 -t 0.000256 J2041+4551_2026_07_28_00_20_01_type_0.dada -o J2041+4551_2026_07_28_00_20_01_type_0.dada_intensity.fits
28-07-2026 02:17 - WARNING - Nchan: 256
28-07-2026 02:17 - WARNING - Nbin: 256
28-07-2026 02:17 - WARNING - Tavg: 0.000256
28-07-2026 02:17 - WARNING - Time taken for DIGIFITS run: 0:53:56.073127
28-07-2026 02:17 - WARNING - ------ DSPSR ------
28-07-2026 02:17 - WARNING - ------- Coherent Dedispersion Folded archive -------
28-07-2026 02:17 - WARNING - dspsr_cmd: singularity exec /home/dsp/singularity_imag/pschive_py3.sif  dspsr J2041+4551_2026_07_28_00_20_01_type_0.dada -cpu 2,3,4,5,6,7,8,9,10,11,12,13,14,15,16 -t 32 -E /home/dsp/parfiles/J2041+4551.par -L 3.0 -b 256 -F 256:D -N J2041+4551 -a PSRFITS -A -e .fits -O J2041+4551_61248.78_175MHz_type_0_GBD_DART
28-07-2026 02:29 - WARNING - ------- Incoherent Dedispersion Folded archive -------
28-07-2026 02:29 - WARNING - Incoherent_DD_dspsr_cmd: singularity exec /home/dsp/singularity_imag/pschive_py3.sif  dspsr J2041+4551_2026_07_28_00_20_01_type_0.dada_stokes.fits -cpu 2,3,4,5,6,7,8,9,10,11,12,13,14,15,16 -t 32 -E /home/dsp/parfiles/J2041+4551.par -L 3.0 -b 256 -N J2041+4551 -A -e .fits -O J2041+4551_61248.78_175MHz_type_0_GBD_DART_stokes_Incoherent_DD
28-07-2026 02:30 - WARNING - Time taken for DSPSR run: 0:12:59.287967
28-07-2026 02:30 - WARNING - ------ PSREDIT ------
28-07-2026 02:30 - WARNING - psredit_cmd: singularity exec /home/dsp/singularity_imag/pschive_py3.sif  psredit -c name=J2041+4551,be:name=GSB,coord=20:41:23.82+16:01:51.34 -m *_GBD_DART*fits
28-07-2026 02:30 - WARNING - Time taken for PSREDIT run: 0:00:08.495642
28-07-2026 02:30 - WARNING - ------ Iterative RFI Cleaner ------
28-07-2026 02:30 - WARNING - Iterative_cleaner_cmd: singularity exec /home/dsp/singularity_imag/pschive_py3.sif   python3 /home/dsp/PDR_acquire_setup/iterative_cleaner.py -s 3 -c 3 -m 10 *_GBD_DART*fits
28-07-2026 02:35 - WARNING - Time taken for Iterative_cleaner run: 0:05:30.907934
28-07-2026 02:35 - WARNING - ------ PDMP ------
28-07-2026 02:35 - WARNING - pdmp_cmd1: singularity exec /home/dsp/singularity_imag/pschive_py3.sif  pdmp -dr 2 -ds 0.05 -g J2041+4551_61248.78_175MHz_type_0_GBD_DART.fits_cleaned.ar.ps/cps J2041+4551_61248.78_175MHz_type_0_GBD_DART.fits_cleaned.ar
28-07-2026 02:45 - WARNING - pdmp_cmd2: singularity exec /home/dsp/singularity_imag/pschive_py3.sif  pdmp -dr 2 -ds 0.05 -g J2041+4551_61248.78_175MHz_type_0_GBD_DART_stokes_Incoherent_DD.fits_cleaned.ar.ps/cps J2041+4551_61248.78_175MHz_type_0_GBD_DART_stokes_Incoherent_DD.fits_cleaned.ar
28-07-2026 02:54 - WARNING - Time taken for PDMP run: 0:18:15.795672
28-07-2026 02:54 - WARNING - ------ PS2PDF ------
28-07-2026 02:54 - WARNING - ps2pdf_cmd1: singularity exec /home/dsp/singularity_imag/pschive_py3.sif  ps2pdf J2041+4551_61248.78_175MHz_type_0_GBD_DART.fits_cleaned.ar.ps J2041+4551_61248.78_175MHz_type_0_GBD_DART.fits_cleaned.ar.ps.pdf
28-07-2026 02:54 - WARNING - ps2pdf_cmd2: singularity exec /home/dsp/singularity_imag/pschive_py3.sif  ps2pdf J2041+4551_61248.78_175MHz_type_0_GBD_DART_stokes_Incoherent_DD.fits_cleaned.ar.ps J2041+4551_61248.78_175MHz_type_0_GBD_DART_stokes_Incoherent_DD.fits_cleaned.ar.ps.pdf
28-07-2026 02:54 - WARNING - Time taken for PDMP run: 0:00:01.183657
28-07-2026 02:54 - WARNING - Overall time taken for data reduction: 1:54:53.095879
28-07-2026 02:54 - WARNING - J2041+4551_2026_07_28_00_20_01_type_0.dada... file removed
28-07-2026 02:54 - WARNING - All done!
28-07-2026 02:54 --- PRESTO ---
28-07-2026 02:54 singularity_container: singularity exec /home/dsp/singularity_imag/pschive_py3.sif  
28-07-2026 02:54 Filterbank to Process for PULSAR: J2041+4551 with DM:192.91 : J2041+4551_2026_07_28_00_20_01_type_0.dada_intensity.fits
28-07-2026 02:54 --- RFIFIND ---
28-07-2026 02:54 RFIFIND: singularity exec /home/dsp/singularity_imag/pschive_py3.sif   rfifind -time 2.0 -o J2041+4551 J2041+4551_2026_07_28_00_20_01_type_0.dada_intensity.fits
28-07-2026 02:55 --- PREPDATA ---
28-07-2026 02:55 PREPDATA: singularity exec /home/dsp/singularity_imag/pschive_py3.sif   prepdata -nobary -o J2041+4551_2026_07_28_00_20_01_type_0.dada_intensity.fits -dm 192.91 -mask J2041+4551_rfifind.mask J2041+4551_2026_07_28_00_20_01_type_0.dada_intensity.fits
28-07-2026 02:55 --- REALFFT ---
28-07-2026 02:55 REALFFT: singularity exec /home/dsp/singularity_imag/pschive_py3.sif   realfft  J2041+4551_2026_07_28_00_20_01_type_0.dada_intensity.fits.dat
28-07-2026 02:55 --- ACCELSEARCH ---
28-07-2026 02:55 ACCELSEARCH: singularity exec /home/dsp/singularity_imag/pschive_py3.sif   accelsearch -numharm 8 -zmax 8  J2041+4551_2026_07_28_00_20_01_type_0.dada_intensity.fits.fft
28-07-2026 02:55 Observation Over.
